[0.004s][info][gc,init] CardTable entry size: 512
[0.004s][info][gc     ] Using Parallel
[0.006s][info][gc,init] Version: 21.0.3+9-LTS (release)
[0.006s][info][gc,init] CPUs: 4 total, 4 available
[0.006s][info][gc,init] Memory: 15991M
[0.006s][info][gc,init] Large Page Support: Disabled
[0.006s][info][gc,init] NUMA Support: Disabled
[0.006s][info][gc,init] Compressed Oops: Enabled (Zero based)
[0.006s][info][gc,init] Alignments: Space 512K, Generation 512K, Heap 2M
[0.006s][info][gc,init] Heap Min Capacity: 2054M
[0.006s][info][gc,init] Heap Initial Capacity: 2054M
[0.006s][info][gc,init] Heap Max Capacity: 5G
[0.006s][info][gc,init] Pre-touch: Disabled
[0.006s][info][gc,init] Parallel Workers: 4
[0.014s][info][gc,metaspace] CDS archive(s) mapped at: [0x00007f7ecd000000-0x00007f7ecdcaa000-0x00007f7ecdcaa000), size 13279232, SharedBaseAddress: 0x00007f7ecd000000, ArchiveRelocationMode: 1.
[0.014s][info][gc,metaspace] Compressed class space mapped at: 0x00007f7ece000000-0x00007f7f0e000000, reserved size: 1073741824
[0.014s][info][gc,metaspace] Narrow klass base: 0x00007f7ecd000000, Narrow klass shift: 0, Narrow klass range: 0x100000000
[0.354s][info][safepoint   ] Safepoint "ICBufferFull", Time since last: 332378022 ns, Reaching safepoint: 993707 ns, Cleanup: 117101 ns, At safepoint: 10500 ns, Total: 1121308 ns
[0.479s][info][safepoint   ] Safepoint "RedefineClasses", Time since last: 118992795 ns, Reaching safepoint: 3600 ns, Cleanup: 80301 ns, At safepoint: 5506637 ns, Total: 5590538 ns
[0.608s][info][safepoint   ] Safepoint "JFRCheckpoint", Time since last: 129675567 ns, Reaching safepoint: 82100 ns, Cleanup: 41500 ns, At safepoint: 12300 ns, Total: 135900 ns
[1.392s][info][safepoint   ] Safepoint "ICBufferFull", Time since last: 783347874 ns, Reaching safepoint: 3700 ns, Cleanup: 132901 ns, At safepoint: 1600 ns, Total: 138201 ns
[1.656s][info][safepoint   ] Safepoint "ICBufferFull", Time since last: 263630136 ns, Reaching safepoint: 78000 ns, Cleanup: 135001 ns, At safepoint: 10100 ns, Total: 223101 ns
[2.087s][info][gc,start    ] GC(0) Pause Young (Metadata GC Threshold)
[2.103s][debug][gc,phases   ] GC(0) Scavenge 16.168ms
[2.103s][debug][gc,ref      ] GC(0) ReferenceProcessor::execute queues: 2, RefProcThreadModel::Multi, marks_oops_alive: false
[2.104s][debug][gc,ref      ] GC(0) Skipped KeepAliveFinalRefsPhase of Reference Processing: no references
[2.104s][debug][gc,ref      ] GC(0) ReferenceProcessor::execute queues: 1, RefProcThreadModel::Single, marks_oops_alive: false
[2.104s][debug][gc,phases   ] GC(0) Reference Processing 0.335ms
[2.104s][debug][gc,phases   ] GC(0)   VM Weak                        Min:  0.0, Avg:  0.0, Max:  0.0, Diff:  0.0, Sum:  0.0, Workers: 4
[2.104s][debug][gc,phases   ] GC(0)     Dead                           Min: 0, Avg:  0.0, Max: 0, Diff: 0, Sum: 0, Workers: 4
[2.104s][debug][gc,phases   ] GC(0)     Total                          Min: 0, Avg: 64.0, Max: 256, Diff: 256, Sum: 256, Workers: 4
[2.104s][debug][gc,phases   ] GC(0)   ObjectSynchronizer Weak        Min:  0.0, Avg:  0.0, Max:  0.0, Diff:  0.0, Sum:  0.0, Workers: 4
[2.104s][debug][gc,phases   ] GC(0)     Dead                           Min: 0, Avg:  0.5, Max: 2, Diff: 2, Sum: 2, Workers: 4
[2.104s][debug][gc,phases   ] GC(0)     Total                          Min: 0, Avg:  2.0, Max: 8, Diff: 8, Sum: 8, Workers: 4
[2.104s][debug][gc,phases   ] GC(0)   JVMTI Tag Weak OopStorage      Min:  0.0, Avg:  0.0, Max:  0.0, Diff:  0.0, Sum:  0.0, Workers: 4
[2.104s][debug][gc,phases   ] GC(0)     Dead                           Min: 0, Avg:  0.0, Max: 0, Diff: 0, Sum: 0, Workers: 4
[2.104s][debug][gc,phases   ] GC(0)     Total                          Min: 0, Avg:  0.0, Max: 0, Diff: 0, Sum: 0, Workers: 4
[2.104s][debug][gc,phases   ] GC(0)   StringTable Weak               Min:  0.0, Avg:  0.0, Max:  0.1, Diff:  0.1, Sum:  0.2, Workers: 4
[2.104s][debug][gc,phases   ] GC(0)     Dead                           Min: 0, Avg:  7.5, Max: 18, Diff: 18, Sum: 30, Workers: 4
[2.104s][debug][gc,phases   ] GC(0)     Total                          Min: 0, Avg: 1896.8, Max: 3008, Diff: 3008, Sum: 7587, Workers: 4
[2.104s][debug][gc,phases   ] GC(0)   ResolvedMethodTable Weak       Min:  0.0, Avg:  0.0, Max:  0.0, Diff:  0.0, Sum:  0.1, Workers: 4
[2.104s][debug][gc,phases   ] GC(0)     Dead                           Min: 0, Avg: 87.8, Max: 129, Diff: 129, Sum: 351, Workers: 4
[2.104s][debug][gc,phases   ] GC(0)     Total                          Min: 0, Avg: 467.0, Max: 780, Diff: 780, Sum: 1868, Workers: 4
[2.104s][debug][gc,phases   ] GC(0)   JNI Weak                       Min:  0.0, Avg:  0.0, Max:  0.0, Diff:  0.0, Sum:  0.0, Workers: 4
[2.104s][debug][gc,phases   ] GC(0)     Dead                           Min: 0, Avg:  0.0, Max: 0, Diff: 0, Sum: 0, Workers: 4
[2.104s][debug][gc,phases   ] GC(0)     Total                          Min: 0, Avg: 12.0, Max: 48, Diff: 48, Sum: 48, Workers: 4
[2.104s][debug][gc,phases   ] GC(0)   StringDedup Table Weak         Min:  0.0, Avg:  0.0, Max:  0.0, Diff:  0.0, Sum:  0.0, Workers: 4
[2.104s][debug][gc,phases   ] GC(0)     Dead                           Min: 0, Avg:  0.0, Max: 0, Diff: 0, Sum: 0, Workers: 4
[2.104s][debug][gc,phases   ] GC(0)     Total                          Min: 0, Avg:  0.0, Max: 0, Diff: 0, Sum: 0, Workers: 4
[2.104s][debug][gc,phases   ] GC(0)   StringDedup Requests0 Weak     Min:  0.0, Avg:  0.0, Max:  0.0, Diff:  0.0, Sum:  0.0, Workers: 4
[2.104s][debug][gc,phases   ] GC(0)     Dead                           Min: 0, Avg:  0.0, Max: 0, Diff: 0, Sum: 0, Workers: 4
[2.104s][debug][gc,phases   ] GC(0)     Total                          Min: 0, Avg:  0.0, Max: 0, Diff: 0, Sum: 0, Workers: 4
[2.104s][debug][gc,phases   ] GC(0)   StringDedup Requests1 Weak     Min:  0.0, Avg:  0.0, Max:  0.0, Diff:  0.0, Sum:  0.0, Workers: 4
[2.104s][debug][gc,phases   ] GC(0)     Dead                           Min: 0, Avg:  0.0, Max: 0, Diff: 0, Sum: 0, Workers: 4
[2.104s][debug][gc,phases   ] GC(0)     Total                          Min: 0, Avg:  0.0, Max: 0, Diff: 0, Sum: 0, Workers: 4
[2.104s][debug][gc,phases   ] GC(0)   Weak JFR Old Object Samples    Min:  0.0, Avg:  0.0, Max:  0.0, Diff:  0.0, Sum:  0.0, Workers: 4
[2.104s][debug][gc,phases   ] GC(0)     Dead                           Min: 0, Avg:  0.0, Max: 0, Diff: 0, Sum: 0, Workers: 4
[2.104s][debug][gc,phases   ] GC(0)     Total                          Min: 0, Avg:  0.0, Max: 0, Diff: 0, Sum: 0, Workers: 4
[2.104s][debug][gc,phases   ] GC(0) Weak Processing 0.308ms
[2.104s][debug][gc,age      ] GC(0) Desired survivor size 536870912 bytes, new threshold 7 (max threshold 15)
[2.104s][info ][gc,heap     ] GC(0) PSYoungGen: 359864K(1572864K)->36630K(1572864K) Eden: 359864K(1048576K)->0K(1048576K) From: 0K(524288K)->36630K(524288K)
[2.104s][info ][gc,heap     ] GC(0) ParOldGen: 1054K(6144K)->1134K(6144K)
[2.104s][info ][gc,metaspace] GC(0) Metaspace: 21099K(21504K)->21099K(21504K) NonClass: 18738K(18944K)->18738K(18944K) Class: 2361K(2560K)->2361K(2560K)
[2.104s][info ][gc          ] GC(0) Pause Young (Metadata GC Threshold) 352M->36M(1542M) 17.234ms
[2.104s][info ][gc,cpu      ] GC(0) User=0.05s Sys=0.00s Real=0.02s
[2.104s][debug][gc,phases   ] GC(1) Pre Compact 0.008ms
[2.104s][info ][gc,start    ] GC(1) Pause Full (Metadata GC Threshold)
[2.104s][info ][gc,phases,start] GC(1) Marking Phase
[2.114s][debug][gc,phases      ] GC(1) Par Mark 10.017ms
[2.114s][debug][gc,ref         ] GC(1) ReferenceProcessor::execute queues: 2, RefProcThreadModel::Multi, marks_oops_alive: false
[2.114s][debug][gc,ref         ] GC(1) ReferenceProcessor::execute queues: 4, RefProcThreadModel::Multi, marks_oops_alive: true
[2.114s][debug][gc,ref         ] GC(1) ReferenceProcessor::execute queues: 1, RefProcThreadModel::Single, marks_oops_alive: false
[2.114s][debug][gc,phases      ] GC(1) Reference Processing 0.233ms
[2.115s][debug][gc,phases      ] GC(1)   VM Weak                        Min:  0.0, Avg:  0.0, Max:  0.0, Diff:  0.0, Sum:  0.0, Workers: 4
[2.115s][debug][gc,phases      ] GC(1)     Dead                           Min: 0, Avg:  0.0, Max: 0, Diff: 0, Sum: 0, Workers: 4
[2.115s][debug][gc,phases      ] GC(1)     Total                          Min: 0, Avg: 64.0, Max: 256, Diff: 256, Sum: 256, Workers: 4
[2.115s][debug][gc,phases      ] GC(1)   ObjectSynchronizer Weak        Min:  0.0, Avg:  0.0, Max:  0.0, Diff:  0.0, Sum:  0.0, Workers: 4
[2.115s][debug][gc,phases      ] GC(1)     Dead                           Min: 0, Avg:  0.0, Max: 0, Diff: 0, Sum: 0, Workers: 4
[2.115s][debug][gc,phases      ] GC(1)     Total                          Min: 0, Avg:  2.0, Max: 8, Diff: 8, Sum: 8, Workers: 4
[2.115s][debug][gc,phases      ] GC(1)   JVMTI Tag Weak OopStorage      Min:  0.0, Avg:  0.0, Max:  0.0, Diff:  0.0, Sum:  0.0, Workers: 4
[2.115s][debug][gc,phases      ] GC(1)     Dead                           Min: 0, Avg:  0.0, Max: 0, Diff: 0, Sum: 0, Workers: 4
[2.115s][debug][gc,phases      ] GC(1)     Total                          Min: 0, Avg:  0.0, Max: 0, Diff: 0, Sum: 0, Workers: 4
[2.115s][debug][gc,phases      ] GC(1)   StringTable Weak               Min:  0.0, Avg:  0.0, Max:  0.0, Diff:  0.0, Sum:  0.1, Workers: 4
[2.115s][debug][gc,phases      ] GC(1)     Dead                           Min: 0, Avg:  0.0, Max: 0, Diff: 0, Sum: 0, Workers: 4
[2.115s][debug][gc,phases      ] GC(1)     Total                          Min: 0, Avg: 1896.8, Max: 3008, Diff: 3008, Sum: 7587, Workers: 4
[2.115s][debug][gc,phases      ] GC(1)   ResolvedMethodTable Weak       Min:  0.0, Avg:  0.0, Max:  0.0, Diff:  0.0, Sum:  0.0, Workers: 4
[2.115s][debug][gc,phases      ] GC(1)     Dead                           Min: 0, Avg:  0.0, Max: 0, Diff: 0, Sum: 0, Workers: 4
[2.115s][debug][gc,phases      ] GC(1)     Total                          Min: 0, Avg: 467.0, Max: 704, Diff: 704, Sum: 1868, Workers: 4
[2.115s][debug][gc,phases      ] GC(1)   JNI Weak                       Min:  0.0, Avg:  0.0, Max:  0.0, Diff:  0.0, Sum:  0.0, Workers: 4
[2.115s][debug][gc,phases      ] GC(1)     Dead                           Min: 0, Avg:  0.0, Max: 0, Diff: 0, Sum: 0, Workers: 4
[2.115s][debug][gc,phases      ] GC(1)     Total                          Min: 0, Avg: 12.0, Max: 48, Diff: 48, Sum: 48, Workers: 4
[2.115s][debug][gc,phases      ] GC(1)   StringDedup Table Weak         Min:  0.0, Avg:  0.0, Max:  0.0, Diff:  0.0, Sum:  0.0, Workers: 4
[2.115s][debug][gc,phases      ] GC(1)     Dead                           Min: 0, Avg:  0.0, Max: 0, Diff: 0, Sum: 0, Workers: 4
[2.115s][debug][gc,phases      ] GC(1)     Total                          Min: 0, Avg:  0.0, Max: 0, Diff: 0, Sum: 0, Workers: 4
[2.115s][debug][gc,phases      ] GC(1)   StringDedup Requests0 Weak     Min:  0.0, Avg:  0.0, Max:  0.0, Diff:  0.0, Sum:  0.0, Workers: 4
[2.115s][debug][gc,phases      ] GC(1)     Dead                           Min: 0, Avg:  0.0, Max: 0, Diff: 0, Sum: 0, Workers: 4
[2.115s][debug][gc,phases      ] GC(1)     Total                          Min: 0, Avg:  0.0, Max: 0, Diff: 0, Sum: 0, Workers: 4
[2.115s][debug][gc,phases      ] GC(1)   StringDedup Requests1 Weak     Min:  0.0, Avg:  0.0, Max:  0.0, Diff:  0.0, Sum:  0.0, Workers: 4
[2.115s][debug][gc,phases      ] GC(1)     Dead                           Min: 0, Avg:  0.0, Max: 0, Diff: 0, Sum: 0, Workers: 4
[2.115s][debug][gc,phases      ] GC(1)     Total                          Min: 0, Avg:  0.0, Max: 0, Diff: 0, Sum: 0, Workers: 4
[2.115s][debug][gc,phases      ] GC(1)   Weak JFR Old Object Samples    Min:  0.0, Avg:  0.0, Max:  0.0, Diff:  0.0, Sum:  0.0, Workers: 4
[2.115s][debug][gc,phases      ] GC(1)     Dead                           Min: 0, Avg:  0.0, Max: 0, Diff: 0, Sum: 0, Workers: 4
[2.115s][debug][gc,phases      ] GC(1)     Total                          Min: 0, Avg:  0.0, Max: 0, Diff: 0, Sum: 0, Workers: 4
[2.115s][debug][gc,phases      ] GC(1) Weak Processing 0.284ms
[2.115s][debug][gc,phases      ] GC(1) ClassLoaderData 0.025ms
[2.115s][debug][gc,phases      ] GC(1) Trigger cleanups 0.000ms
[2.122s][debug][gc,phases      ] GC(1) Class Unloading 6.965ms
[2.122s][debug][gc,phases      ] GC(1) Report Object Count 0.002ms
[2.122s][info ][gc,phases      ] GC(1) Marking Phase 17.565ms
[2.122s][info ][gc,phases,start] GC(1) Summary Phase
[2.122s][info ][gc,phases      ] GC(1) Summary Phase 0.011ms
[2.122s][info ][gc,phases,start] GC(1) Adjust Roots
[2.127s][info ][gc,phases      ] GC(1) Adjust Roots 5.237ms
[2.127s][info ][gc,phases,start] GC(1) Compaction Phase
[2.150s][info ][gc,phases      ] GC(1) Compaction Phase 23.315ms
[2.150s][info ][gc,phases,start] GC(1) Post Compact
[2.152s][info ][gc,phases      ] GC(1) Post Compact 1.675ms
[2.152s][info ][gc,heap        ] GC(1) PSYoungGen: 36630K(1572864K)->31401K(1572864K) Eden: 0K(1048576K)->0K(1048576K) From: 36630K(524288K)->31401K(524288K)
[2.152s][info ][gc,heap        ] GC(1) ParOldGen: 1134K(6144K)->6076K(6144K)
[2.152s][info ][gc,metaspace   ] GC(1) Metaspace: 21099K(21504K)->21099K(21504K) NonClass: 18738K(18944K)->18738K(18944K) Class: 2361K(2560K)->2361K(2560K)
[2.152s][info ][gc             ] GC(1) Pause Full (Metadata GC Threshold) 36M->36M(1542M) 47.939ms
[2.152s][info ][gc,cpu         ] GC(1) User=0.12s Sys=0.00s Real=0.05s
[2.152s][info ][safepoint      ] Safepoint "CollectForMetadataAllocation", Time since last: 430992937 ns, Reaching safepoint: 5300 ns, Cleanup: 167201 ns, At safepoint: 65289930 ns, Total: 65462431 ns
[2.516s][info ][safepoint      ] Safepoint "ICBufferFull", Time since last: 363620594 ns, Reaching safepoint: 87701 ns, Cleanup: 120301 ns, At safepoint: 10400 ns, Total: 218402 ns
[2.694s][info ][safepoint      ] Safepoint "ICBufferFull", Time since last: 178271873 ns, Reaching safepoint: 4200 ns, Cleanup: 116601 ns, At safepoint: 1700 ns, Total: 122501 ns
[2.806s][info ][safepoint      ] Safepoint "ICBufferFull", Time since last: 111539434 ns, Reaching safepoint: 3500 ns, Cleanup: 128501 ns, At safepoint: 9700 ns, Total: 141701 ns
[3.385s][info ][safepoint      ] Safepoint "ICBufferFull", Time since last: 578496409 ns, Reaching safepoint: 4400 ns, Cleanup: 156901 ns, At safepoint: 5900 ns, Total: 167201 ns
[3.479s][info ][safepoint      ] Safepoint "ICBufferFull", Time since last: 93826217 ns, Reaching safepoint: 3500 ns, Cleanup: 110601 ns, At safepoint: 1300 ns, Total: 115401 ns
[3.539s][info ][safepoint      ] Safepoint "ICBufferFull", Time since last: 59939195 ns, Reaching safepoint: 2900 ns, Cleanup: 101300 ns, At safepoint: 1200 ns, Total: 105400 ns
[3.766s][info ][safepoint      ] Safepoint "ICBufferFull", Time since last: 226922194 ns, Reaching safepoint: 4700 ns, Cleanup: 186702 ns, At safepoint: 7700 ns, Total: 199102 ns
[4.004s][debug][gc,phases      ] GC(2) Pre Compact 0.021ms
[4.004s][info ][gc,start       ] GC(2) Pause Full (Metadata GC Threshold)
[4.004s][info ][gc,phases,start] GC(2) Marking Phase
[4.062s][debug][gc,phases      ] GC(2) Par Mark 58.270ms
[4.063s][debug][gc,ref         ] GC(2) ReferenceProcessor::execute queues: 4, RefProcThreadModel::Multi, marks_oops_alive: false
[4.063s][debug][gc,ref         ] GC(2) ReferenceProcessor::execute queues: 4, RefProcThreadModel::Multi, marks_oops_alive: true
[4.063s][debug][gc,ref         ] GC(2) ReferenceProcessor::execute queues: 2, RefProcThreadModel::Multi, marks_oops_alive: false
[4.063s][debug][gc,phases      ] GC(2) Reference Processing 0.799ms
[4.063s][debug][gc,phases      ] GC(2)   VM Weak                        Min:  0.0, Avg:  0.0, Max:  0.0, Diff:  0.0, Sum:  0.0, Workers: 4
[4.063s][debug][gc,phases      ] GC(2)     Dead                           Min: 0, Avg:  0.0, Max: 0, Diff: 0, Sum: 0, Workers: 4
[4.063s][debug][gc,phases      ] GC(2)     Total                          Min: 0, Avg: 78.8, Max: 256, Diff: 256, Sum: 315, Workers: 4
[4.063s][debug][gc,phases      ] GC(2)   ObjectSynchronizer Weak        Min:  0.0, Avg:  0.0, Max:  0.0, Diff:  0.0, Sum:  0.0, Workers: 4
[4.063s][debug][gc,phases      ] GC(2)     Dead                           Min: 0, Avg:  0.0, Max: 0, Diff: 0, Sum: 0, Workers: 4
[4.063s][debug][gc,phases      ] GC(2)     Total                          Min: 0, Avg:  2.2, Max: 9, Diff: 9, Sum: 9, Workers: 4
[4.063s][debug][gc,phases      ] GC(2)   JVMTI Tag Weak OopStorage      Min:  0.0, Avg:  0.0, Max:  0.0, Diff:  0.0, Sum:  0.0, Workers: 4
[4.063s][debug][gc,phases      ] GC(2)     Dead                           Min: 0, Avg:  0.0, Max: 0, Diff: 0, Sum: 0, Workers: 4
[4.063s][debug][gc,phases      ] GC(2)     Total                          Min: 0, Avg:  0.0, Max: 0, Diff: 0, Sum: 0, Workers: 4
[4.063s][debug][gc,phases      ] GC(2)   StringTable Weak               Min:  0.1, Avg:  0.1, Max:  0.1, Diff:  0.0, Sum:  0.3, Workers: 4
[4.063s][debug][gc,phases      ] GC(2)     Dead                           Min: 2, Avg:  2.5, Max: 3, Diff: 1, Sum: 10, Workers: 4
[4.063s][debug][gc,phases      ] GC(2)     Total                          Min: 3309, Avg: 3483.2, Max: 3712, Diff: 403, Sum: 13933, Workers: 4
[4.063s][debug][gc,phases      ] GC(2)   ResolvedMethodTable Weak       Min:  0.0, Avg:  0.0, Max:  0.0, Diff:  0.0, Sum:  0.1, Workers: 4
[4.063s][debug][gc,phases      ] GC(2)     Dead                           Min: 154, Avg: 252.2, Max: 329, Diff: 175, Sum: 1009, Workers: 4
[4.063s][debug][gc,phases      ] GC(2)     Total                          Min: 768, Avg: 933.5, Max: 1152, Diff: 384, Sum: 3734, Workers: 4
[4.063s][debug][gc,phases      ] GC(2)   JNI Weak                       Min:  0.0, Avg:  0.0, Max:  0.0, Diff:  0.0, Sum:  0.0, Workers: 4
[4.063s][debug][gc,phases      ] GC(2)     Dead                           Min: 0, Avg:  0.0, Max: 0, Diff: 0, Sum: 0, Workers: 4
[4.063s][debug][gc,phases      ] GC(2)     Total                          Min: 0, Avg: 15.0, Max: 48, Diff: 48, Sum: 60, Workers: 4
[4.063s][debug][gc,phases      ] GC(2)   StringDedup Table Weak         Min:  0.0, Avg:  0.0, Max:  0.0, Diff:  0.0, Sum:  0.0, Workers: 4
[4.063s][debug][gc,phases      ] GC(2)     Dead                           Min: 0, Avg:  0.0, Max: 0, Diff: 0, Sum: 0, Workers: 4
[4.063s][debug][gc,phases      ] GC(2)     Total                          Min: 0, Avg:  0.0, Max: 0, Diff: 0, Sum: 0, Workers: 4
[4.063s][debug][gc,phases      ] GC(2)   StringDedup Requests0 Weak     Min:  0.0, Avg:  0.0, Max:  0.0, Diff:  0.0, Sum:  0.0, Workers: 4
[4.063s][debug][gc,phases      ] GC(2)     Dead                           Min: 0, Avg:  0.0, Max: 0, Diff: 0, Sum: 0, Workers: 4
[4.063s][debug][gc,phases      ] GC(2)     Total                          Min: 0, Avg:  0.0, Max: 0, Diff: 0, Sum: 0, Workers: 4
[4.063s][debug][gc,phases      ] GC(2)   StringDedup Requests1 Weak     Min:  0.0, Avg:  0.0, Max:  0.0, Diff:  0.0, Sum:  0.0, Workers: 4
[4.063s][debug][gc,phases      ] GC(2)     Dead                           Min: 0, Avg:  0.0, Max: 0, Diff: 0, Sum: 0, Workers: 4
[4.063s][debug][gc,phases      ] GC(2)     Total                          Min: 0, Avg:  0.0, Max: 0, Diff: 0, Sum: 0, Workers: 4
[4.063s][debug][gc,phases      ] GC(2)   Weak JFR Old Object Samples    Min:  0.0, Avg:  0.0, Max:  0.0, Diff:  0.0, Sum:  0.0, Workers: 4
[4.063s][debug][gc,phases      ] GC(2)     Dead                           Min: 0, Avg:  0.0, Max: 0, Diff: 0, Sum: 0, Workers: 4
[4.063s][debug][gc,phases      ] GC(2)     Total                          Min: 0, Avg:  0.0, Max: 0, Diff: 0, Sum: 0, Workers: 4
[4.064s][debug][gc,phases      ] GC(2) Weak Processing 0.373ms
[4.064s][debug][gc,phases      ] GC(2) ClassLoaderData 0.043ms
[4.064s][debug][gc,phases      ] GC(2) Trigger cleanups 0.000ms
[4.076s][debug][gc,phases      ] GC(2) Class Unloading 12.538ms
[4.076s][debug][gc,phases      ] GC(2) Report Object Count 0.002ms
[4.076s][info ][gc,phases      ] GC(2) Marking Phase 72.134ms
[4.076s][info ][gc,phases,start] GC(2) Summary Phase
[4.076s][info ][gc,phases      ] GC(2) Summary Phase 0.016ms
[4.076s][info ][gc,phases,start] GC(2) Adjust Roots
[4.083s][info ][gc,phases      ] GC(2) Adjust Roots 7.365ms
[4.084s][info ][gc,phases,start] GC(2) Compaction Phase
[4.170s][info ][gc,phases      ] GC(2) Compaction Phase 86.855ms
[4.170s][info ][gc,phases,start] GC(2) Post Compact
[4.178s][info ][gc,phases      ] GC(2) Post Compact 7.819ms
[4.178s][info ][gc,heap        ] GC(2) PSYoungGen: 597633K(1572864K)->75495K(1572864K) Eden: 566231K(1048576K)->75495K(1048576K) From: 31401K(524288K)->0K(524288K)
[4.178s][info ][gc,heap        ] GC(2) ParOldGen: 6076K(6144K)->6070K(6144K)
[4.178s][info ][gc,metaspace   ] GC(2) Metaspace: 35350K(35840K)->35350K(35840K) NonClass: 30988K(31296K)->30988K(31296K) Class: 4361K(4544K)->4361K(4544K)
[4.178s][info ][gc             ] GC(2) Pause Full (Metadata GC Threshold) 589M->79M(1542M) 174.343ms
[4.178s][info ][gc,cpu         ] GC(2) User=0.50s Sys=0.04s Real=0.17s
[4.179s][info ][safepoint      ] Safepoint "CollectForMetadataAllocation", Time since last: 237918466 ns, Reaching safepoint: 72200 ns, Cleanup: 95401 ns, At safepoint: 174751951 ns, Total: 174919552 ns
[4.432s][info ][safepoint      ] Safepoint "ICBufferFull", Time since last: 253073266 ns, Reaching safepoint: 3800 ns, Cleanup: 125100 ns, At safepoint: 7201 ns, Total: 136101 ns
[4.638s][info ][safepoint      ] Safepoint "ICBufferFull", Time since last: 205742154 ns, Reaching safepoint: 3400 ns, Cleanup: 134701 ns, At safepoint: 8300 ns, Total: 146401 ns
[4.742s][info ][safepoint      ] Safepoint "ICBufferFull", Time since last: 104272186 ns, Reaching safepoint: 4500 ns, Cleanup: 145701 ns, At safepoint: 6500 ns, Total: 156701 ns
[5.020s][info ][safepoint      ] Safepoint "ICBufferFull", Time since last: 277244126 ns, Reaching safepoint: 3800 ns, Cleanup: 131200 ns, At safepoint: 13001 ns, Total: 148001 ns
[5.400s][info ][safepoint      ] Safepoint "ICBufferFull", Time since last: 380465504 ns, Reaching safepoint: 4500 ns, Cleanup: 189702 ns, At safepoint: 7500 ns, Total: 201702 ns
[6.253s][info ][safepoint      ] Safepoint "ICBufferFull", Time since last: 853058016 ns, Reaching safepoint: 4100 ns, Cleanup: 167901 ns, At safepoint: 7000 ns, Total: 179001 ns
[6.325s][debug][gc,phases      ] GC(3) Pre Compact 0.023ms
[6.325s][info ][gc,start       ] GC(3) Pause Full (Metadata GC Threshold)
[6.325s][info ][gc,phases,start] GC(3) Marking Phase
[6.399s][debug][gc,phases      ] GC(3) Par Mark 74.006ms
[6.400s][debug][gc,ref         ] GC(3) ReferenceProcessor::execute queues: 4, RefProcThreadModel::Multi, marks_oops_alive: false
[6.401s][debug][gc,ref         ] GC(3) Skipped KeepAliveFinalRefsPhase of Reference Processing: no references
[6.401s][debug][gc,ref         ] GC(3) ReferenceProcessor::execute queues: 4, RefProcThreadModel::Multi, marks_oops_alive: false
[6.402s][debug][gc,phases      ] GC(3) Reference Processing 2.395ms
[6.402s][debug][gc,phases      ] GC(3)   VM Weak                        Min:  0.0, Avg:  0.0, Max:  0.0, Diff:  0.0, Sum:  0.0, Workers: 4
[6.402s][debug][gc,phases      ] GC(3)     Dead                           Min: 0, Avg:  0.0, Max: 0, Diff: 0, Sum: 0, Workers: 4
[6.402s][debug][gc,phases      ] GC(3)     Total                          Min: 0, Avg: 141.8, Max: 448, Diff: 448, Sum: 567, Workers: 4
[6.402s][debug][gc,phases      ] GC(3)   ObjectSynchronizer Weak        Min:  0.0, Avg:  0.0, Max:  0.0, Diff:  0.0, Sum:  0.0, Workers: 4
[6.402s][debug][gc,phases      ] GC(3)     Dead                           Min: 0, Avg:  0.0, Max: 0, Diff: 0, Sum: 0, Workers: 4
[6.402s][debug][gc,phases      ] GC(3)     Total                          Min: 0, Avg:  2.5, Max: 10, Diff: 10, Sum: 10, Workers: 4
[6.402s][debug][gc,phases      ] GC(3)   JVMTI Tag Weak OopStorage      Min:  0.0, Avg:  0.0, Max:  0.0, Diff:  0.0, Sum:  0.0, Workers: 4
[6.402s][debug][gc,phases      ] GC(3)     Dead                           Min: 0, Avg:  0.0, Max: 0, Diff: 0, Sum: 0, Workers: 4
[6.402s][debug][gc,phases      ] GC(3)     Total                          Min: 0, Avg:  0.0, Max: 0, Diff: 0, Sum: 0, Workers: 4
[6.402s][debug][gc,phases      ] GC(3)   StringTable Weak               Min:  0.1, Avg:  0.1, Max:  0.1, Diff:  0.0, Sum:  0.6, Workers: 4
[6.402s][debug][gc,phases      ] GC(3)     Dead                           Min: 2, Avg:  4.2, Max: 8, Diff: 6, Sum: 17, Workers: 4
[6.402s][debug][gc,phases      ] GC(3)     Total                          Min: 7284, Avg: 8829.0, Max: 9792, Diff: 2508, Sum: 35316, Workers: 4
[6.402s][debug][gc,phases      ] GC(3)   ResolvedMethodTable Weak       Min:  0.0, Avg:  0.0, Max:  0.0, Diff:  0.0, Sum:  0.2, Workers: 4
[6.402s][debug][gc,phases      ] GC(3)     Dead                           Min: 678, Avg: 901.8, Max: 1102, Diff: 424, Sum: 3607, Workers: 4
[6.402s][debug][gc,phases      ] GC(3)     Total                          Min: 2304, Avg: 2682.0, Max: 3200, Diff: 896, Sum: 10728, Workers: 4
[6.402s][debug][gc,phases      ] GC(3)   JNI Weak                       Min:  0.0, Avg:  0.0, Max:  0.0, Diff:  0.0, Sum:  0.0, Workers: 4
[6.402s][debug][gc,phases      ] GC(3)     Dead                           Min: 0, Avg:  0.0, Max: 0, Diff: 0, Sum: 0, Workers: 4
[6.402s][debug][gc,phases      ] GC(3)     Total                          Min: 0, Avg: 12.0, Max: 48, Diff: 48, Sum: 48, Workers: 4
[6.402s][debug][gc,phases      ] GC(3)   StringDedup Table Weak         Min:  0.0, Avg:  0.0, Max:  0.0, Diff:  0.0, Sum:  0.0, Workers: 4
[6.402s][debug][gc,phases      ] GC(3)     Dead                           Min: 0, Avg:  0.0, Max: 0, Diff: 0, Sum: 0, Workers: 4
[6.402s][debug][gc,phases      ] GC(3)     Total                          Min: 0, Avg:  0.0, Max: 0, Diff: 0, Sum: 0, Workers: 4
[6.402s][debug][gc,phases      ] GC(3)   StringDedup Requests0 Weak     Min:  0.0, Avg:  0.0, Max:  0.0, Diff:  0.0, Sum:  0.0, Workers: 4
[6.402s][debug][gc,phases      ] GC(3)     Dead                           Min: 0, Avg:  0.0, Max: 0, Diff: 0, Sum: 0, Workers: 4
[6.402s][debug][gc,phases      ] GC(3)     Total                          Min: 0, Avg:  0.0, Max: 0, Diff: 0, Sum: 0, Workers: 4
[6.402s][debug][gc,phases      ] GC(3)   StringDedup Requests1 Weak     Min:  0.0, Avg:  0.0, Max:  0.0, Diff:  0.0, Sum:  0.0, Workers: 4
[6.402s][debug][gc,phases      ] GC(3)     Dead                           Min: 0, Avg:  0.0, Max: 0, Diff: 0, Sum: 0, Workers: 4
[6.402s][debug][gc,phases      ] GC(3)     Total                          Min: 0, Avg:  0.0, Max: 0, Diff: 0, Sum: 0, Workers: 4
[6.402s][debug][gc,phases      ] GC(3)   Weak JFR Old Object Samples    Min:  0.0, Avg:  0.0, Max:  0.0, Diff:  0.0, Sum:  0.0, Workers: 4
[6.402s][debug][gc,phases      ] GC(3)     Dead                           Min: 0, Avg:  0.0, Max: 0, Diff: 0, Sum: 0, Workers: 4
[6.402s][debug][gc,phases      ] GC(3)     Total                          Min: 0, Avg:  0.0, Max: 0, Diff: 0, Sum: 0, Workers: 4
[6.402s][debug][gc,phases      ] GC(3) Weak Processing 0.477ms
[6.402s][debug][gc,phases      ] GC(3) ClassLoaderData 0.074ms
[6.402s][debug][gc,phases      ] GC(3) Trigger cleanups 0.000ms
[6.417s][debug][gc,phases      ] GC(3) Class Unloading 15.165ms
[6.418s][debug][gc,phases      ] GC(3) Report Object Count 0.001ms
[6.418s][info ][gc,phases      ] GC(3) Marking Phase 92.167ms
[6.418s][info ][gc,phases,start] GC(3) Summary Phase
[6.418s][info ][gc,phases      ] GC(3) Summary Phase 0.017ms
[6.418s][info ][gc,phases,start] GC(3) Adjust Roots
[6.429s][info ][gc,phases      ] GC(3) Adjust Roots 11.261ms
[6.429s][info ][gc,phases,start] GC(3) Compaction Phase
[6.711s][info ][gc,phases      ] GC(3) Compaction Phase 282.091ms
[6.711s][info ][gc,phases,start] GC(3) Post Compact
[6.713s][info ][gc,phases      ] GC(3) Post Compact 2.512ms
[6.714s][info ][gc,heap        ] GC(3) PSYoungGen: 406784K(1572864K)->111289K(1572864K) Eden: 406784K(1048576K)->111289K(1048576K) From: 0K(524288K)->0K(524288K)
[6.714s][info ][gc,heap        ] GC(3) ParOldGen: 6070K(6144K)->6038K(6144K)
[6.714s][info ][gc,metaspace   ] GC(3) Metaspace: 58999K(59776K)->58999K(59776K) NonClass: 49903K(50304K)->49903K(50304K) Class: 9095K(9472K)->9095K(9472K)
[6.714s][info ][gc             ] GC(3) Pause Full (Metadata GC Threshold) 403M->114M(1542M) 388.199ms
[6.714s][info ][gc,cpu         ] GC(3) User=0.92s Sys=0.01s Real=0.39s
[6.714s][info ][safepoint      ] Safepoint "CollectForMetadataAllocation", Time since last: 71522971 ns, Reaching safepoint: 223401 ns, Cleanup: 62100 ns, At safepoint: 388322657 ns, Total: 388608158 ns
[7.997s][info ][safepoint      ] Safepoint "Cleanup", Time since last: 1283040647 ns, Reaching safepoint: 77900 ns, Cleanup: 106501 ns, At safepoint: 11200 ns, Total: 195601 ns
[8.178s][info ][safepoint      ] Safepoint "ICBufferFull", Time since last: 180536888 ns, Reaching safepoint: 83401 ns, Cleanup: 114101 ns, At safepoint: 7100 ns, Total: 204602 ns
[8.308s][info ][safepoint      ] Safepoint "ICBufferFull", Time since last: 130536259 ns, Reaching safepoint: 81401 ns, Cleanup: 125901 ns, At safepoint: 7300 ns, Total: 214602 ns
[8.436s][info ][safepoint      ] Safepoint "ICBufferFull", Time since last: 127985242 ns, Reaching safepoint: 4400 ns, Cleanup: 126001 ns, At safepoint: 8100 ns, Total: 138501 ns
[8.665s][info ][safepoint      ] Safepoint "ICBufferFull", Time since last: 228872107 ns, Reaching safepoint: 4300 ns, Cleanup: 121001 ns, At safepoint: 1700 ns, Total: 127001 ns
[8.986s][info ][safepoint      ] Safepoint "ICBufferFull", Time since last: 319978922 ns, Reaching safepoint: 85101 ns, Cleanup: 168601 ns, At safepoint: 13900 ns, Total: 267602 ns
[9.232s][info ][safepoint      ] Safepoint "ICBufferFull", Time since last: 246366141 ns, Reaching safepoint: 78501 ns, Cleanup: 126000 ns, At safepoint: 13100 ns, Total: 217601 ns
[9.716s][info ][safepoint      ] Safepoint "ICBufferFull", Time since last: 483523221 ns, Reaching safepoint: 78601 ns, Cleanup: 150701 ns, At safepoint: 15600 ns, Total: 244902 ns
[10.340s][info ][safepoint      ] Safepoint "ICBufferFull", Time since last: 624082757 ns, Reaching safepoint: 4700 ns, Cleanup: 130501 ns, At safepoint: 6400 ns, Total: 141601 ns
[11.393s][info ][safepoint      ] Safepoint "Cleanup", Time since last: 1052864214 ns, Reaching safepoint: 54800 ns, Cleanup: 116701 ns, At safepoint: 17300 ns, Total: 188801 ns
[12.394s][info ][safepoint      ] Safepoint "Cleanup", Time since last: 1000159963 ns, Reaching safepoint: 79700 ns, Cleanup: 16300 ns, At safepoint: 15900 ns, Total: 111900 ns
[13.333s][info ][safepoint      ] Safepoint "ICBufferFull", Time since last: 939276057 ns, Reaching safepoint: 5200 ns, Cleanup: 145101 ns, At safepoint: 9100 ns, Total: 159401 ns
[13.542s][info ][safepoint      ] Safepoint "ICBufferFull", Time since last: 209042293 ns, Reaching safepoint: 83900 ns, Cleanup: 157602 ns, At safepoint: 20200 ns, Total: 261702 ns
[13.743s][info ][safepoint      ] Safepoint "ICBufferFull", Time since last: 200733637 ns, Reaching safepoint: 82100 ns, Cleanup: 140401 ns, At safepoint: 21800 ns, Total: 244301 ns
[13.893s][info ][safepoint      ] Safepoint "ICBufferFull", Time since last: 149307995 ns, Reaching safepoint: 38700 ns, Cleanup: 113601 ns, At safepoint: 14000 ns, Total: 166301 ns
[14.893s][info ][safepoint      ] Safepoint "Cleanup", Time since last: 1000123162 ns, Reaching safepoint: 6001 ns, Cleanup: 71800 ns, At safepoint: 5000 ns, Total: 82801 ns
[15.893s][info ][safepoint      ] Safepoint "Cleanup", Time since last: 1000080462 ns, Reaching safepoint: 6600 ns, Cleanup: 23400 ns, At safepoint: 1700 ns, Total: 31700 ns
[16.893s][info ][safepoint      ] Safepoint "Cleanup", Time since last: 1000119411 ns, Reaching safepoint: 6800 ns, Cleanup: 18700 ns, At safepoint: 7200 ns, Total: 32700 ns
[17.893s][info ][safepoint      ] Safepoint "Cleanup", Time since last: 1000111265 ns, Reaching safepoint: 6400 ns, Cleanup: 43901 ns, At safepoint: 6300 ns, Total: 56601 ns
[18.894s][info ][safepoint      ] Safepoint "Cleanup", Time since last: 1000082865 ns, Reaching safepoint: 7200 ns, Cleanup: 85100 ns, At safepoint: 3100 ns, Total: 95400 ns
[19.338s][info ][safepoint      ] Safepoint "ICBufferFull", Time since last: 444438140 ns, Reaching safepoint: 227101 ns, Cleanup: 157801 ns, At safepoint: 15700 ns, Total: 400602 ns
[19.339s][info ][safepoint      ] Safepoint "ICBufferFull", Time since last: 77301 ns, Reaching safepoint: 75300 ns, Cleanup: 4600 ns, At safepoint: 14901 ns, Total: 94801 ns
[19.464s][info ][safepoint      ] Safepoint "ICBufferFull", Time since last: 124951270 ns, Reaching safepoint: 85300 ns, Cleanup: 125501 ns, At safepoint: 12600 ns, Total: 223401 ns
[19.464s][info ][gc,start       ] GC(4) Pause Young (Allocation Failure)
[19.563s][debug][gc,phases      ] GC(4) Scavenge 98.920ms
[19.563s][debug][gc,ref         ] GC(4) ReferenceProcessor::execute queues: 4, RefProcThreadModel::Multi, marks_oops_alive: false
[19.564s][debug][gc,ref         ] GC(4) Skipped KeepAliveFinalRefsPhase of Reference Processing: no references
[19.564s][debug][gc,ref         ] GC(4) ReferenceProcessor::execute queues: 4, RefProcThreadModel::Multi, marks_oops_alive: false
[19.564s][debug][gc,phases      ] GC(4) Reference Processing 0.903ms
[19.565s][debug][gc,phases      ] GC(4)   VM Weak                        Min:  0.0, Avg:  0.0, Max:  0.0, Diff:  0.0, Sum:  0.0, Workers: 4
[19.565s][debug][gc,phases      ] GC(4)     Dead                           Min: 0, Avg:  0.0, Max: 0, Diff: 0, Sum: 0, Workers: 4
[19.565s][debug][gc,phases      ] GC(4)     Total                          Min: 64, Avg: 179.5, Max: 320, Diff: 256, Sum: 718, Workers: 4
[19.565s][debug][gc,phases      ] GC(4)   ObjectSynchronizer Weak        Min:  0.0, Avg:  0.0, Max:  0.0, Diff:  0.0, Sum:  0.0, Workers: 4
[19.565s][debug][gc,phases      ] GC(4)     Dead                           Min: 0, Avg:  1.8, Max: 7, Diff: 7, Sum: 7, Workers: 4
[19.565s][debug][gc,phases      ] GC(4)     Total                          Min: 0, Avg:  7.2, Max: 29, Diff: 29, Sum: 29, Workers: 4
[19.565s][debug][gc,phases      ] GC(4)   JVMTI Tag Weak OopStorage      Min:  0.0, Avg:  0.0, Max:  0.0, Diff:  0.0, Sum:  0.0, Workers: 4
[19.565s][debug][gc,phases      ] GC(4)     Dead                           Min: 0, Avg:  0.0, Max: 0, Diff: 0, Sum: 0, Workers: 4
[19.565s][debug][gc,phases      ] GC(4)     Total                          Min: 0, Avg:  0.0, Max: 0, Diff: 0, Sum: 0, Workers: 4
[19.565s][debug][gc,phases      ] GC(4)   StringTable Weak               Min:  0.3, Avg:  0.3, Max:  0.3, Diff:  0.0, Sum:  1.2, Workers: 4
[19.565s][debug][gc,phases      ] GC(4)     Dead                           Min: 4, Avg:  6.5, Max: 11, Diff: 7, Sum: 26, Workers: 4
[19.565s][debug][gc,phases      ] GC(4)     Total                          Min: 9885, Avg: 11271.2, Max: 12160, Diff: 2275, Sum: 45085, Workers: 4
[19.565s][debug][gc,phases      ] GC(4)   ResolvedMethodTable Weak       Min:  0.1, Avg:  0.1, Max:  0.1, Diff:  0.0, Sum:  0.5, Workers: 4
[19.565s][debug][gc,phases      ] GC(4)     Dead                           Min: 564, Avg: 664.2, Max: 758, Diff: 194, Sum: 2657, Workers: 4
[19.565s][debug][gc,phases      ] GC(4)     Total                          Min: 2944, Avg: 3411.8, Max: 3648, Diff: 704, Sum: 13647, Workers: 4
[19.565s][debug][gc,phases      ] GC(4)   JNI Weak                       Min:  0.0, Avg:  0.0, Max:  0.0, Diff:  0.0, Sum:  0.0, Workers: 4
[19.565s][debug][gc,phases      ] GC(4)     Dead                           Min: 0, Avg:  0.0, Max: 0, Diff: 0, Sum: 0, Workers: 4
[19.565s][debug][gc,phases      ] GC(4)     Total                          Min: 0, Avg: 16.8, Max: 49, Diff: 49, Sum: 67, Workers: 4
[19.565s][debug][gc,phases      ] GC(4)   StringDedup Table Weak         Min:  0.0, Avg:  0.0, Max:  0.0, Diff:  0.0, Sum:  0.0, Workers: 4
[19.565s][debug][gc,phases      ] GC(4)     Dead                           Min: 0, Avg:  0.0, Max: 0, Diff: 0, Sum: 0, Workers: 4
[19.565s][debug][gc,phases      ] GC(4)     Total                          Min: 0, Avg:  0.0, Max: 0, Diff: 0, Sum: 0, Workers: 4
[19.565s][debug][gc,phases      ] GC(4)   StringDedup Requests0 Weak     Min:  0.0, Avg:  0.0, Max:  0.0, Diff:  0.0, Sum:  0.0, Workers: 4
[19.565s][debug][gc,phases      ] GC(4)     Dead                           Min: 0, Avg:  0.0, Max: 0, Diff: 0, Sum: 0, Workers: 4
[19.565s][debug][gc,phases      ] GC(4)     Total                          Min: 0, Avg:  0.0, Max: 0, Diff: 0, Sum: 0, Workers: 4
[19.565s][debug][gc,phases      ] GC(4)   StringDedup Requests1 Weak     Min:  0.0, Avg:  0.0, Max:  0.0, Diff:  0.0, Sum:  0.0, Workers: 4
[19.565s][debug][gc,phases      ] GC(4)     Dead                           Min: 0, Avg:  0.0, Max: 0, Diff: 0, Sum: 0, Workers: 4
[19.565s][debug][gc,phases      ] GC(4)     Total                          Min: 0, Avg:  0.0, Max: 0, Diff: 0, Sum: 0, Workers: 4
[19.565s][debug][gc,phases      ] GC(4)   Weak JFR Old Object Samples    Min:  0.0, Avg:  0.0, Max:  0.0, Diff:  0.0, Sum:  0.0, Workers: 4
[19.565s][debug][gc,phases      ] GC(4)     Dead                           Min: 0, Avg:  0.0, Max: 0, Diff: 0, Sum: 0, Workers: 4
[19.565s][debug][gc,phases      ] GC(4)     Total                          Min: 0, Avg:  0.0, Max: 0, Diff: 0, Sum: 0, Workers: 4
[19.565s][debug][gc,phases      ] GC(4) Weak Processing 0.651ms
[19.565s][debug][gc,age         ] GC(4) Desired survivor size 536870912 bytes, new threshold 7 (max threshold 15)
[19.565s][info ][gc,heap        ] GC(4) PSYoungGen: 1048576K(1572864K)->145998K(1572864K) Eden: 1048576K(1048576K)->0K(1048576K) From: 0K(524288K)->145998K(524288K)
[19.565s][info ][gc,heap        ] GC(4) ParOldGen: 6038K(6144K)->6107K(6144K)
[19.565s][info ][gc,metaspace   ] GC(4) Metaspace: 85446K(86464K)->85446K(86464K) NonClass: 72425K(73024K)->72425K(73024K) Class: 13021K(13440K)->13021K(13440K)
[19.565s][info ][gc             ] GC(4) Pause Young (Allocation Failure) 1029M->148M(1542M) 100.599ms
[19.565s][info ][gc,cpu         ] GC(4) User=0.32s Sys=0.03s Real=0.10s
[19.565s][debug][gc,phases      ] GC(5) Pre Compact 0.012ms
[19.565s][info ][gc,start       ] GC(5) Pause Full (Ergonomics)
[19.565s][info ][gc,phases,start] GC(5) Marking Phase
[19.636s][debug][gc,phases      ] GC(5) Par Mark 70.956ms
[19.636s][debug][gc,ref         ] GC(5) ReferenceProcessor::execute queues: 4, RefProcThreadModel::Multi, marks_oops_alive: false
[19.636s][debug][gc,ref         ] GC(5) Skipped KeepAliveFinalRefsPhase of Reference Processing: no references
[19.636s][debug][gc,ref         ] GC(5) ReferenceProcessor::execute queues: 1, RefProcThreadModel::Single, marks_oops_alive: false
[19.636s][debug][gc,phases      ] GC(5) Reference Processing 0.601ms
[19.637s][debug][gc,phases      ] GC(5)   VM Weak                        Min:  0.0, Avg:  0.0, Max:  0.0, Diff:  0.0, Sum:  0.0, Workers: 4
[19.637s][debug][gc,phases      ] GC(5)     Dead                           Min: 0, Avg:  0.0, Max: 0, Diff: 0, Sum: 0, Workers: 4
[19.637s][debug][gc,phases      ] GC(5)     Total                          Min: 14, Avg: 179.5, Max: 576, Diff: 562, Sum: 718, Workers: 4
[19.637s][debug][gc,phases      ] GC(5)   ObjectSynchronizer Weak        Min:  0.0, Avg:  0.0, Max:  0.0, Diff:  0.0, Sum:  0.0, Workers: 4
[19.637s][debug][gc,phases      ] GC(5)     Dead                           Min: 0, Avg:  0.2, Max: 1, Diff: 1, Sum: 1, Workers: 4
[19.637s][debug][gc,phases      ] GC(5)     Total                          Min: 0, Avg:  7.2, Max: 29, Diff: 29, Sum: 29, Workers: 4
[19.637s][debug][gc,phases      ] GC(5)   JVMTI Tag Weak OopStorage      Min:  0.0, Avg:  0.0, Max:  0.0, Diff:  0.0, Sum:  0.0, Workers: 4
[19.637s][debug][gc,phases      ] GC(5)     Dead                           Min: 0, Avg:  0.0, Max: 0, Diff: 0, Sum: 0, Workers: 4
[19.637s][debug][gc,phases      ] GC(5)     Total                          Min: 0, Avg:  0.0, Max: 0, Diff: 0, Sum: 0, Workers: 4
[19.637s][debug][gc,phases      ] GC(5)   StringTable Weak               Min:  0.2, Avg:  0.2, Max:  0.2, Diff:  0.0, Sum:  0.6, Workers: 4
[19.637s][debug][gc,phases      ] GC(5)     Dead                           Min: 0, Avg:  0.0, Max: 0, Diff: 0, Sum: 0, Workers: 4
[19.637s][debug][gc,phases      ] GC(5)     Total                          Min: 9920, Avg: 11271.2, Max: 12701, Diff: 2781, Sum: 45085, Workers: 4
[19.637s][debug][gc,phases      ] GC(5)   ResolvedMethodTable Weak       Min:  0.0, Avg:  0.0, Max:  0.0, Diff:  0.0, Sum:  0.2, Workers: 4
[19.637s][debug][gc,phases      ] GC(5)     Dead                           Min: 0, Avg:  0.0, Max: 0, Diff: 0, Sum: 0, Workers: 4
[19.637s][debug][gc,phases      ] GC(5)     Total                          Min: 3136, Avg: 3411.8, Max: 3648, Diff: 512, Sum: 13647, Workers: 4
[19.637s][debug][gc,phases      ] GC(5)   JNI Weak                       Min:  0.0, Avg:  0.0, Max:  0.0, Diff:  0.0, Sum:  0.0, Workers: 4
[19.637s][debug][gc,phases      ] GC(5)     Dead                           Min: 0, Avg:  0.0, Max: 0, Diff: 0, Sum: 0, Workers: 4
[19.637s][debug][gc,phases      ] GC(5)     Total                          Min: 0, Avg: 16.8, Max: 49, Diff: 49, Sum: 67, Workers: 4
[19.637s][debug][gc,phases      ] GC(5)   StringDedup Table Weak         Min:  0.0, Avg:  0.0, Max:  0.0, Diff:  0.0, Sum:  0.0, Workers: 4
[19.637s][debug][gc,phases      ] GC(5)     Dead                           Min: 0, Avg:  0.0, Max: 0, Diff: 0, Sum: 0, Workers: 4
[19.637s][debug][gc,phases      ] GC(5)     Total                          Min: 0, Avg:  0.0, Max: 0, Diff: 0, Sum: 0, Workers: 4
[19.637s][debug][gc,phases      ] GC(5)   StringDedup Requests0 Weak     Min:  0.0, Avg:  0.0, Max:  0.0, Diff:  0.0, Sum:  0.0, Workers: 4
[19.637s][debug][gc,phases      ] GC(5)     Dead                           Min: 0, Avg:  0.0, Max: 0, Diff: 0, Sum: 0, Workers: 4
[19.637s][debug][gc,phases      ] GC(5)     Total                          Min: 0, Avg:  0.0, Max: 0, Diff: 0, Sum: 0, Workers: 4
[19.637s][debug][gc,phases      ] GC(5)   StringDedup Requests1 Weak     Min:  0.0, Avg:  0.0, Max:  0.0, Diff:  0.0, Sum:  0.0, Workers: 4
[19.637s][debug][gc,phases      ] GC(5)     Dead                           Min: 0, Avg:  0.0, Max: 0, Diff: 0, Sum: 0, Workers: 4
[19.637s][debug][gc,phases      ] GC(5)     Total                          Min: 0, Avg:  0.0, Max: 0, Diff: 0, Sum: 0, Workers: 4
[19.637s][debug][gc,phases      ] GC(5)   Weak JFR Old Object Samples    Min:  0.0, Avg:  0.0, Max:  0.0, Diff:  0.0, Sum:  0.0, Workers: 4
[19.637s][debug][gc,phases      ] GC(5)     Dead                           Min: 0, Avg:  0.0, Max: 0, Diff: 0, Sum: 0, Workers: 4
[19.637s][debug][gc,phases      ] GC(5)     Total                          Min: 0, Avg:  0.0, Max: 0, Diff: 0, Sum: 0, Workers: 4
[19.637s][debug][gc,phases      ] GC(5) Weak Processing 0.441ms
[19.637s][debug][gc,phases      ] GC(5) ClassLoaderData 0.097ms
[19.637s][debug][gc,phases      ] GC(5) Trigger cleanups 0.000ms
[19.701s][debug][gc,phases      ] GC(5) Class Unloading 63.628ms
[19.701s][debug][gc,phases      ] GC(5) Report Object Count 0.002ms
[19.701s][info ][gc,phases      ] GC(5) Marking Phase 135.727ms
[19.701s][info ][gc,phases,start] GC(5) Summary Phase
[19.701s][info ][gc,phases      ] GC(5) Summary Phase 0.010ms
[19.701s][info ][gc,phases,start] GC(5) Adjust Roots
[19.717s][info ][gc,phases      ] GC(5) Adjust Roots 16.317ms
[19.717s][info ][gc,phases,start] GC(5) Compaction Phase
[20.291s][info ][gc,phases      ] GC(5) Compaction Phase 574.035ms
[20.291s][info ][gc,phases,start] GC(5) Post Compact
[20.295s][info ][gc,phases      ] GC(5) Post Compact 4.008ms
[20.295s][info ][gc,heap        ] GC(5) PSYoungGen: 145998K(1572864K)->145500K(1572864K) Eden: 0K(1048576K)->0K(1048576K) From: 145998K(524288K)->145500K(524288K)
[20.295s][info ][gc,heap        ] GC(5) ParOldGen: 6107K(6144K)->6091K(18432K)
[20.295s][info ][gc,metaspace   ] GC(5) Metaspace: 85446K(86464K)->85446K(86464K) NonClass: 72425K(73024K)->72425K(73024K) Class: 13021K(13440K)->13021K(13440K)
[20.295s][info ][gc             ] GC(5) Pause Full (Ergonomics) 148M->148M(1554M) 730.286ms
[20.295s][info ][gc,cpu         ] GC(5) User=1.47s Sys=0.01s Real=0.73s
[20.295s][info ][safepoint      ] Safepoint "ParallelGCFailedAllocation", Time since last: 249902 ns, Reaching safepoint: 76900 ns, Cleanup: 7800 ns, At safepoint: 831314125 ns, Total: 831398825 ns
[20.503s][info ][safepoint      ] Safepoint "ICBufferFull", Time since last: 207634080 ns, Reaching safepoint: 6100 ns, Cleanup: 181601 ns, At safepoint: 3200 ns, Total: 190901 ns
[20.685s][info ][safepoint      ] Safepoint "ICBufferFull", Time since last: 181494219 ns, Reaching safepoint: 7200 ns, Cleanup: 178801 ns, At safepoint: 14600 ns, Total: 200601 ns
[20.898s][info ][safepoint      ] Safepoint "ICBufferFull", Time since last: 212479410 ns, Reaching safepoint: 6300 ns, Cleanup: 172301 ns, At safepoint: 7600 ns, Total: 186201 ns
[21.016s][info ][safepoint      ] Safepoint "ICBufferFull", Time since last: 117720426 ns, Reaching safepoint: 5400 ns, Cleanup: 216201 ns, At safepoint: 7400 ns, Total: 229001 ns
[21.218s][info ][safepoint      ] Safepoint "ICBufferFull", Time since last: 201847044 ns, Reaching safepoint: 7500 ns, Cleanup: 164201 ns, At safepoint: 6901 ns, Total: 178602 ns
[21.353s][info ][safepoint      ] Safepoint "ICBufferFull", Time since last: 135411734 ns, Reaching safepoint: 81501 ns, Cleanup: 139001 ns, At safepoint: 9500 ns, Total: 230002 ns
[21.444s][info ][safepoint      ] Safepoint "ICBufferFull", Time since last: 90723259 ns, Reaching safepoint: 84000 ns, Cleanup: 119901 ns, At safepoint: 14000 ns, Total: 217901 ns
[21.580s][info ][safepoint      ] Safepoint "ICBufferFull", Time since last: 136109839 ns, Reaching safepoint: 5800 ns, Cleanup: 125101 ns, At safepoint: 6900 ns, Total: 137801 ns
[21.723s][info ][safepoint      ] Safepoint "ICBufferFull", Time since last: 141943375 ns, Reaching safepoint: 6200 ns, Cleanup: 169801 ns, At safepoint: 6800 ns, Total: 182801 ns
[21.872s][info ][safepoint      ] Safepoint "ICBufferFull", Time since last: 149333121 ns, Reaching safepoint: 5000 ns, Cleanup: 136601 ns, At safepoint: 6200 ns, Total: 147801 ns
[22.039s][info ][safepoint      ] Safepoint "ICBufferFull", Time since last: 166821528 ns, Reaching safepoint: 6000 ns, Cleanup: 176201 ns, At safepoint: 10100 ns, Total: 192301 ns
[22.277s][info ][safepoint      ] Safepoint "ICBufferFull", Time since last: 237984767 ns, Reaching safepoint: 5500 ns, Cleanup: 193602 ns, At safepoint: 2800 ns, Total: 201902 ns
[22.516s][info ][safepoint      ] Safepoint "ICBufferFull", Time since last: 238962173 ns, Reaching safepoint: 5500 ns, Cleanup: 162701 ns, At safepoint: 7700 ns, Total: 175901 ns
[22.755s][info ][safepoint      ] Safepoint "ICBufferFull", Time since last: 238732671 ns, Reaching safepoint: 5500 ns, Cleanup: 146501 ns, At safepoint: 7700 ns, Total: 159701 ns
[23.000s][info ][safepoint      ] Safepoint "ICBufferFull", Time since last: 244143105 ns, Reaching safepoint: 225102 ns, Cleanup: 160701 ns, At safepoint: 16800 ns, Total: 402603 ns
[23.288s][info ][safepoint      ] Safepoint "ICBufferFull", Time since last: 287933775 ns, Reaching safepoint: 83200 ns, Cleanup: 158701 ns, At safepoint: 13200 ns, Total: 255101 ns
[23.680s][info ][safepoint      ] Safepoint "ICBufferFull", Time since last: 391940617 ns, Reaching safepoint: 6300 ns, Cleanup: 148501 ns, At safepoint: 11700 ns, Total: 166501 ns
[24.125s][info ][gc,start       ] GC(6) Pause Young (Allocation Failure)
[24.224s][debug][gc,phases      ] GC(6) Scavenge 98.930ms
[24.225s][debug][gc,ref         ] GC(6) ReferenceProcessor::execute queues: 4, RefProcThreadModel::Multi, marks_oops_alive: false
[24.226s][debug][gc,ref         ] GC(6) Skipped KeepAliveFinalRefsPhase of Reference Processing: no references
[24.226s][debug][gc,ref         ] GC(6) ReferenceProcessor::execute queues: 1, RefProcThreadModel::Single, marks_oops_alive: false
[24.226s][debug][gc,phases      ] GC(6) Reference Processing 1.338ms
[24.226s][debug][gc,phases      ] GC(6)   VM Weak                        Min:  0.0, Avg:  0.0, Max:  0.0, Diff:  0.0, Sum:  0.0, Workers: 4
[24.226s][debug][gc,phases      ] GC(6)     Dead                           Min: 0, Avg:  0.0, Max: 0, Diff: 0, Sum: 0, Workers: 4
[24.226s][debug][gc,phases      ] GC(6)     Total                          Min: 0, Avg: 207.5, Max: 574, Diff: 574, Sum: 830, Workers: 4
[24.226s][debug][gc,phases      ] GC(6)   ObjectSynchronizer Weak        Min:  0.0, Avg:  0.0, Max:  0.0, Diff:  0.0, Sum:  0.0, Workers: 4
[24.226s][debug][gc,phases      ] GC(6)     Dead                           Min: 0, Avg:  0.0, Max: 0, Diff: 0, Sum: 0, Workers: 4
[24.226s][debug][gc,phases      ] GC(6)     Total                          Min: 0, Avg:  7.2, Max: 29, Diff: 29, Sum: 29, Workers: 4
[24.226s][debug][gc,phases      ] GC(6)   JVMTI Tag Weak OopStorage      Min:  0.0, Avg:  0.0, Max:  0.0, Diff:  0.0, Sum:  0.0, Workers: 4
[24.226s][debug][gc,phases      ] GC(6)     Dead                           Min: 0, Avg:  0.0, Max: 0, Diff: 0, Sum: 0, Workers: 4
[24.226s][debug][gc,phases      ] GC(6)     Total                          Min: 0, Avg:  0.0, Max: 0, Diff: 0, Sum: 0, Workers: 4
[24.226s][debug][gc,phases      ] GC(6)   StringTable Weak               Min:  0.0, Avg:  0.3, Max:  0.4, Diff:  0.4, Sum:  1.1, Workers: 4
[24.226s][debug][gc,phases      ] GC(6)     Dead                           Min: 0, Avg:  3.0, Max: 6, Diff: 6, Sum: 12, Workers: 4
[24.226s][debug][gc,phases      ] GC(6)     Total                          Min: 0, Avg: 11594.0, Max: 16104, Diff: 16104, Sum: 46376, Workers: 4
[24.226s][debug][gc,phases      ] GC(6)   ResolvedMethodTable Weak       Min:  0.0, Avg:  0.1, Max:  0.1, Diff:  0.1, Sum:  0.4, Workers: 4
[24.226s][debug][gc,phases      ] GC(6)     Dead                           Min: 0, Avg: 83.8, Max: 143, Diff: 143, Sum: 335, Workers: 4
[24.226s][debug][gc,phases      ] GC(6)     Total                          Min: 0, Avg: 3045.0, Max: 4223, Diff: 4223, Sum: 12180, Workers: 4
[24.226s][debug][gc,phases      ] GC(6)   JNI Weak                       Min:  0.0, Avg:  0.0, Max:  0.0, Diff:  0.0, Sum:  0.0, Workers: 4
[24.226s][debug][gc,phases      ] GC(6)     Dead                           Min: 0, Avg:  0.0, Max: 0, Diff: 0, Sum: 0, Workers: 4
[24.226s][debug][gc,phases      ] GC(6)     Total                          Min: 0, Avg: 16.0, Max: 48, Diff: 48, Sum: 64, Workers: 4
[24.226s][debug][gc,phases      ] GC(6)   StringDedup Table Weak         Min:  0.0, Avg:  0.0, Max:  0.0, Diff:  0.0, Sum:  0.0, Workers: 4
[24.226s][debug][gc,phases      ] GC(6)     Dead                           Min: 0, Avg:  0.0, Max: 0, Diff: 0, Sum: 0, Workers: 4
[24.226s][debug][gc,phases      ] GC(6)     Total                          Min: 0, Avg:  0.0, Max: 0, Diff: 0, Sum: 0, Workers: 4
[24.226s][debug][gc,phases      ] GC(6)   StringDedup Requests0 Weak     Min:  0.0, Avg:  0.0, Max:  0.0, Diff:  0.0, Sum:  0.0, Workers: 4
[24.226s][debug][gc,phases      ] GC(6)     Dead                           Min: 0, Avg:  0.0, Max: 0, Diff: 0, Sum: 0, Workers: 4
[24.226s][debug][gc,phases      ] GC(6)     Total                          Min: 0, Avg:  0.0, Max: 0, Diff: 0, Sum: 0, Workers: 4
[24.226s][debug][gc,phases      ] GC(6)   StringDedup Requests1 Weak     Min:  0.0, Avg:  0.0, Max:  0.0, Diff:  0.0, Sum:  0.0, Workers: 4
[24.226s][debug][gc,phases      ] GC(6)     Dead                           Min: 0, Avg:  0.0, Max: 0, Diff: 0, Sum: 0, Workers: 4
[24.226s][debug][gc,phases      ] GC(6)     Total                          Min: 0, Avg:  0.0, Max: 0, Diff: 0, Sum: 0, Workers: 4
[24.226s][debug][gc,phases      ] GC(6)   Weak JFR Old Object Samples    Min:  0.0, Avg:  0.0, Max:  0.0, Diff:  0.0, Sum:  0.0, Workers: 4
[24.226s][debug][gc,phases      ] GC(6)     Dead                           Min: 0, Avg:  0.0, Max: 0, Diff: 0, Sum: 0, Workers: 4
[24.226s][debug][gc,phases      ] GC(6)     Total                          Min: 0, Avg:  0.0, Max: 0, Diff: 0, Sum: 0, Workers: 4
[24.226s][debug][gc,phases      ] GC(6) Weak Processing 0.725ms
[24.226s][debug][gc,age         ] GC(6) Desired survivor size 536870912 bytes, new threshold 7 (max threshold 15)
[24.226s][info ][gc,heap        ] GC(6) PSYoungGen: 1194076K(1572864K)->201046K(1572864K) Eden: 1048576K(1048576K)->0K(1048576K) From: 145500K(524288K)->201046K(524288K)
[24.226s][info ][gc,heap        ] GC(6) ParOldGen: 6091K(18432K)->6115K(18432K)
[24.226s][info ][gc,metaspace   ] GC(6) Metaspace: 89924K(91072K)->89924K(91072K) NonClass: 76405K(77056K)->76405K(77056K) Class: 13518K(14016K)->13518K(14016K)
[24.226s][info ][gc             ] GC(6) Pause Young (Allocation Failure) 1172M->202M(1554M) 101.112ms
[24.226s][info ][gc,cpu         ] GC(6) User=0.28s Sys=0.05s Real=0.10s
[24.226s][info ][safepoint      ] Safepoint "ParallelGCFailedAllocation", Time since last: 444977342 ns, Reaching safepoint: 4701 ns, Cleanup: 134700 ns, At safepoint: 101182973 ns, Total: 101322374 ns
[24.823s][info ][safepoint      ] Safepoint "ICBufferFull", Time since last: 596807465 ns, Reaching safepoint: 6500 ns, Cleanup: 203801 ns, At safepoint: 9101 ns, Total: 219402 ns
[25.444s][info ][safepoint      ] Safepoint "ICBufferFull", Time since last: 620585026 ns, Reaching safepoint: 6400 ns, Cleanup: 180102 ns, At safepoint: 8600 ns, Total: 195102 ns
[26.076s][info ][safepoint      ] Safepoint "ICBufferFull", Time since last: 631198695 ns, Reaching safepoint: 7000 ns, Cleanup: 157702 ns, At safepoint: 2500 ns, Total: 167202 ns
[26.671s][info ][safepoint      ] Safepoint "ICBufferFull", Time since last: 594777459 ns, Reaching safepoint: 8000 ns, Cleanup: 179201 ns, At safepoint: 2500 ns, Total: 189701 ns
[27.166s][info ][safepoint      ] Safepoint "ICBufferFull", Time since last: 495594616 ns, Reaching safepoint: 6000 ns, Cleanup: 133801 ns, At safepoint: 4300 ns, Total: 144101 ns
[27.675s][info ][safepoint      ] Safepoint "ICBufferFull", Time since last: 508614700 ns, Reaching safepoint: 89001 ns, Cleanup: 203701 ns, At safepoint: 13100 ns, Total: 305802 ns
[28.523s][info ][safepoint      ] Safepoint "ICBufferFull", Time since last: 847346899 ns, Reaching safepoint: 7400 ns, Cleanup: 184401 ns, At safepoint: 2800 ns, Total: 194601 ns
[29.523s][info ][safepoint      ] Safepoint "Cleanup", Time since last: 1000121989 ns, Reaching safepoint: 7101 ns, Cleanup: 163701 ns, At safepoint: 15000 ns, Total: 185802 ns
[30.523s][info ][safepoint      ] Safepoint "Cleanup", Time since last: 1000114089 ns, Reaching safepoint: 84701 ns, Cleanup: 77800 ns, At safepoint: 16900 ns, Total: 179401 ns
[31.524s][info ][safepoint      ] Safepoint "Cleanup", Time since last: 1000133290 ns, Reaching safepoint: 6200 ns, Cleanup: 67001 ns, At safepoint: 1900 ns, Total: 75101 ns
[31.573s][info ][gc,start       ] GC(7) Pause Young (Allocation Failure)
[31.663s][debug][gc,phases      ] GC(7) Scavenge 90.215ms
[31.663s][debug][gc,ref         ] GC(7) ReferenceProcessor::execute queues: 4, RefProcThreadModel::Multi, marks_oops_alive: false
[31.664s][debug][gc,ref         ] GC(7) Skipped KeepAliveFinalRefsPhase of Reference Processing: no references
[31.664s][debug][gc,ref         ] GC(7) ReferenceProcessor::execute queues: 1, RefProcThreadModel::Single, marks_oops_alive: false
[31.664s][debug][gc,phases      ] GC(7) Reference Processing 0.849ms
[31.664s][debug][gc,phases      ] GC(7)   VM Weak                        Min:  0.0, Avg:  0.0, Max:  0.0, Diff:  0.0, Sum:  0.0, Workers: 4
[31.664s][debug][gc,phases      ] GC(7)     Dead                           Min: 0, Avg:  0.0, Max: 0, Diff: 0, Sum: 0, Workers: 4
[31.664s][debug][gc,phases      ] GC(7)     Total                          Min: 0, Avg: 208.5, Max: 512, Diff: 512, Sum: 834, Workers: 4
[31.664s][debug][gc,phases      ] GC(7)   ObjectSynchronizer Weak        Min:  0.0, Avg:  0.0, Max:  0.0, Diff:  0.0, Sum:  0.0, Workers: 4
[31.664s][debug][gc,phases      ] GC(7)     Dead                           Min: 0, Avg:  0.0, Max: 0, Diff: 0, Sum: 0, Workers: 4
[31.664s][debug][gc,phases      ] GC(7)     Total                          Min: 0, Avg:  7.2, Max: 29, Diff: 29, Sum: 29, Workers: 4
[31.664s][debug][gc,phases      ] GC(7)   JVMTI Tag Weak OopStorage      Min:  0.0, Avg:  0.0, Max:  0.0, Diff:  0.0, Sum:  0.0, Workers: 4
[31.664s][debug][gc,phases      ] GC(7)     Dead                           Min: 0, Avg:  0.0, Max: 0, Diff: 0, Sum: 0, Workers: 4
[31.664s][debug][gc,phases      ] GC(7)     Total                          Min: 0, Avg:  0.0, Max: 0, Diff: 0, Sum: 0, Workers: 4
[31.664s][debug][gc,phases      ] GC(7)   StringTable Weak               Min:  0.3, Avg:  0.3, Max:  0.3, Diff:  0.0, Sum:  1.3, Workers: 4
[31.664s][debug][gc,phases      ] GC(7)     Dead                           Min: 0, Avg:  0.2, Max: 1, Diff: 1, Sum: 1, Workers: 4
[31.664s][debug][gc,phases      ] GC(7)     Total                          Min: 10815, Avg: 11679.8, Max: 12096, Diff: 1281, Sum: 46719, Workers: 4
[31.664s][debug][gc,phases      ] GC(7)   ResolvedMethodTable Weak       Min:  0.1, Avg:  0.1, Max:  0.1, Diff:  0.0, Sum:  0.4, Workers: 4
[31.664s][debug][gc,phases      ] GC(7)     Dead                           Min: 0, Avg: 10.0, Max: 17, Diff: 17, Sum: 40, Workers: 4
[31.664s][debug][gc,phases      ] GC(7)     Total                          Min: 2518, Avg: 3066.8, Max: 3377, Diff: 859, Sum: 12267, Workers: 4
[31.664s][debug][gc,phases      ] GC(7)   JNI Weak                       Min:  0.0, Avg:  0.0, Max:  0.0, Diff:  0.0, Sum:  0.0, Workers: 4
[31.664s][debug][gc,phases      ] GC(7)     Dead                           Min: 0, Avg:  0.0, Max: 0, Diff: 0, Sum: 0, Workers: 4
[31.664s][debug][gc,phases      ] GC(7)     Total                          Min: 0, Avg: 12.0, Max: 48, Diff: 48, Sum: 48, Workers: 4
[31.664s][debug][gc,phases      ] GC(7)   StringDedup Table Weak         Min:  0.0, Avg:  0.0, Max:  0.0, Diff:  0.0, Sum:  0.0, Workers: 4
[31.664s][debug][gc,phases      ] GC(7)     Dead                           Min: 0, Avg:  0.0, Max: 0, Diff: 0, Sum: 0, Workers: 4
[31.664s][debug][gc,phases      ] GC(7)     Total                          Min: 0, Avg:  0.0, Max: 0, Diff: 0, Sum: 0, Workers: 4
[31.664s][debug][gc,phases      ] GC(7)   StringDedup Requests0 Weak     Min:  0.0, Avg:  0.0, Max:  0.0, Diff:  0.0, Sum:  0.0, Workers: 4
[31.664s][debug][gc,phases      ] GC(7)     Dead                           Min: 0, Avg:  0.0, Max: 0, Diff: 0, Sum: 0, Workers: 4
[31.664s][debug][gc,phases      ] GC(7)     Total                          Min: 0, Avg:  0.0, Max: 0, Diff: 0, Sum: 0, Workers: 4
[31.664s][debug][gc,phases      ] GC(7)   StringDedup Requests1 Weak     Min:  0.0, Avg:  0.0, Max:  0.0, Diff:  0.0, Sum:  0.0, Workers: 4
[31.664s][debug][gc,phases      ] GC(7)     Dead                           Min: 0, Avg:  0.0, Max: 0, Diff: 0, Sum: 0, Workers: 4
[31.664s][debug][gc,phases      ] GC(7)     Total                          Min: 0, Avg:  0.0, Max: 0, Diff: 0, Sum: 0, Workers: 4
[31.664s][debug][gc,phases      ] GC(7)   Weak JFR Old Object Samples    Min:  0.0, Avg:  0.0, Max:  0.0, Diff:  0.0, Sum:  0.0, Workers: 4
[31.664s][debug][gc,phases      ] GC(7)     Dead                           Min: 0, Avg:  0.0, Max: 0, Diff: 0, Sum: 0, Workers: 4
[31.664s][debug][gc,phases      ] GC(7)     Total                          Min: 0, Avg:  0.0, Max: 0, Diff: 0, Sum: 0, Workers: 4
[31.664s][debug][gc,phases      ] GC(7) Weak Processing 0.661ms
[31.664s][debug][gc,age         ] GC(7) Desired survivor size 536870912 bytes, new threshold 7 (max threshold 15)
[31.664s][info ][gc,heap        ] GC(7) PSYoungGen: 1249622K(1572864K)->230398K(1572864K) Eden: 1048576K(1048576K)->0K(1048576K) From: 201046K(524288K)->230398K(524288K)
[31.664s][info ][gc,heap        ] GC(7) ParOldGen: 6115K(18432K)->6123K(18432K)
[31.664s][info ][gc,metaspace   ] GC(7) Metaspace: 90632K(91840K)->90632K(91840K) NonClass: 77071K(77760K)->77071K(77760K) Class: 13561K(14080K)->13561K(14080K)
[31.664s][info ][gc             ] GC(7) Pause Young (Allocation Failure) 1226M->230M(1554M) 91.852ms
[31.664s][info ][gc,cpu         ] GC(7) User=0.31s Sys=0.00s Real=0.09s
[31.664s][info ][safepoint      ] Safepoint "ParallelGCFailedAllocation", Time since last: 48967117 ns, Reaching safepoint: 6500 ns, Cleanup: 8900 ns, At safepoint: 91954597 ns, Total: 91969997 ns
[32.665s][info ][safepoint      ] Safepoint "Cleanup", Time since last: 1000089590 ns, Reaching safepoint: 6100 ns, Cleanup: 54300 ns, At safepoint: 1800 ns, Total: 62200 ns
[33.665s][info ][safepoint      ] Safepoint "Cleanup", Time since last: 1000106490 ns, Reaching safepoint: 6700 ns, Cleanup: 55301 ns, At safepoint: 1800 ns, Total: 63801 ns
[34.665s][info ][safepoint      ] Safepoint "Cleanup", Time since last: 1000080346 ns, Reaching safepoint: 6000 ns, Cleanup: 99401 ns, At safepoint: 1800 ns, Total: 107201 ns
[35.665s][info ][safepoint      ] Safepoint "Cleanup", Time since last: 1000103346 ns, Reaching safepoint: 79101 ns, Cleanup: 44300 ns, At safepoint: 7400 ns, Total: 130801 ns
[36.666s][info ][safepoint      ] Safepoint "Cleanup", Time since last: 1000113523 ns, Reaching safepoint: 77901 ns, Cleanup: 82600 ns, At safepoint: 6500 ns, Total: 167001 ns
[37.666s][info ][safepoint      ] Safepoint "Cleanup", Time since last: 1000134522 ns, Reaching safepoint: 82000 ns, Cleanup: 29200 ns, At safepoint: 10601 ns, Total: 121801 ns
[38.666s][info ][safepoint      ] Safepoint "Cleanup", Time since last: 1000125721 ns, Reaching safepoint: 83800 ns, Cleanup: 34701 ns, At safepoint: 8300 ns, Total: 126801 ns
[39.666s][info ][safepoint      ] Safepoint "Cleanup", Time since last: 1000138121 ns, Reaching safepoint: 81001 ns, Cleanup: 36700 ns, At safepoint: 10700 ns, Total: 128401 ns
[40.667s][info ][safepoint      ] Safepoint "Cleanup", Time since last: 1000118221 ns, Reaching safepoint: 81101 ns, Cleanup: 26400 ns, At safepoint: 9500 ns, Total: 117001 ns
[41.667s][info ][safepoint      ] Safepoint "Cleanup", Time since last: 1000105195 ns, Reaching safepoint: 76901 ns, Cleanup: 30400 ns, At safepoint: 8800 ns, Total: 116101 ns
[42.667s][info ][safepoint      ] Safepoint "Cleanup", Time since last: 1000117591 ns, Reaching safepoint: 55401 ns, Cleanup: 42300 ns, At safepoint: 8600 ns, Total: 106301 ns
[43.667s][info ][safepoint      ] Safepoint "Cleanup", Time since last: 1000100891 ns, Reaching safepoint: 60600 ns, Cleanup: 25700 ns, At safepoint: 9800 ns, Total: 96100 ns
[44.667s][info ][safepoint      ] Safepoint "Cleanup", Time since last: 1000114691 ns, Reaching safepoint: 82501 ns, Cleanup: 25900 ns, At safepoint: 7500 ns, Total: 115901 ns
[45.668s][info ][safepoint      ] Safepoint "Cleanup", Time since last: 1000115891 ns, Reaching safepoint: 81701 ns, Cleanup: 21200 ns, At safepoint: 14700 ns, Total: 117601 ns
[46.668s][info ][safepoint      ] Safepoint "Cleanup", Time since last: 1000129691 ns, Reaching safepoint: 85401 ns, Cleanup: 37400 ns, At safepoint: 9400 ns, Total: 132201 ns
[47.668s][info ][safepoint      ] Safepoint "Cleanup", Time since last: 1000120291 ns, Reaching safepoint: 79600 ns, Cleanup: 12500 ns, At safepoint: 11001 ns, Total: 103101 ns
[48.668s][info ][safepoint      ] Safepoint "Cleanup", Time since last: 1000130391 ns, Reaching safepoint: 82200 ns, Cleanup: 17600 ns, At safepoint: 7100 ns, Total: 106900 ns
[49.669s][info ][safepoint      ] Safepoint "Cleanup", Time since last: 1000121761 ns, Reaching safepoint: 81701 ns, Cleanup: 20900 ns, At safepoint: 9900 ns, Total: 112501 ns
[50.669s][info ][safepoint      ] Safepoint "Cleanup", Time since last: 1000129356 ns, Reaching safepoint: 82200 ns, Cleanup: 22400 ns, At safepoint: 10400 ns, Total: 115000 ns
[51.669s][info ][safepoint      ] Safepoint "Cleanup", Time since last: 1000140656 ns, Reaching safepoint: 84101 ns, Cleanup: 19200 ns, At safepoint: 7000 ns, Total: 110301 ns
[52.669s][info ][safepoint      ] Safepoint "Cleanup", Time since last: 1000137156 ns, Reaching safepoint: 82800 ns, Cleanup: 16200 ns, At safepoint: 7000 ns, Total: 106000 ns
[53.670s][info ][safepoint      ] Safepoint "Cleanup", Time since last: 1000118856 ns, Reaching safepoint: 78800 ns, Cleanup: 21601 ns, At safepoint: 7100 ns, Total: 107501 ns
[54.670s][info ][safepoint      ] Safepoint "Cleanup", Time since last: 1000128955 ns, Reaching safepoint: 81501 ns, Cleanup: 18000 ns, At safepoint: 6400 ns, Total: 105901 ns
[55.670s][info ][safepoint      ] Safepoint "Cleanup", Time since last: 1000130856 ns, Reaching safepoint: 83400 ns, Cleanup: 20800 ns, At safepoint: 14400 ns, Total: 118600 ns
[56.670s][info ][safepoint      ] Safepoint "Cleanup", Time since last: 1000104656 ns, Reaching safepoint: 78400 ns, Cleanup: 20401 ns, At safepoint: 7700 ns, Total: 106501 ns
[57.670s][info ][safepoint      ] Safepoint "Cleanup", Time since last: 1000122325 ns, Reaching safepoint: 83400 ns, Cleanup: 20000 ns, At safepoint: 9501 ns, Total: 112901 ns
[58.671s][info ][safepoint      ] Safepoint "Cleanup", Time since last: 1000111063 ns, Reaching safepoint: 78600 ns, Cleanup: 10300 ns, At safepoint: 6800 ns, Total: 95700 ns
[59.671s][info ][safepoint      ] Safepoint "Cleanup", Time since last: 1000114364 ns, Reaching safepoint: 86900 ns, Cleanup: 35800 ns, At safepoint: 6700 ns, Total: 129400 ns
[61.058s][info ][safepoint      ] Safepoint "Cleanup", Time since last: 1386594607 ns, Reaching safepoint: 8100 ns, Cleanup: 32400 ns, At safepoint: 2700 ns, Total: 43200 ns
[62.058s][info ][safepoint      ] Safepoint "Cleanup", Time since last: 1000103363 ns, Reaching safepoint: 6900 ns, Cleanup: 25600 ns, At safepoint: 1901 ns, Total: 34401 ns
[63.058s][info ][safepoint      ] Safepoint "Cleanup", Time since last: 1000113263 ns, Reaching safepoint: 7300 ns, Cleanup: 27500 ns, At safepoint: 2300 ns, Total: 37100 ns
[64.058s][info ][safepoint      ] Safepoint "Cleanup", Time since last: 1000105529 ns, Reaching safepoint: 6400 ns, Cleanup: 29200 ns, At safepoint: 2400 ns, Total: 38000 ns
[65.058s][info ][safepoint      ] Safepoint "Cleanup", Time since last: 1000122429 ns, Reaching safepoint: 8400 ns, Cleanup: 17500 ns, At safepoint: 3000 ns, Total: 28900 ns
[66.058s][info ][safepoint      ] Safepoint "Cleanup", Time since last: 1000115222 ns, Reaching safepoint: 6300 ns, Cleanup: 15000 ns, At safepoint: 2200 ns, Total: 23500 ns
[67.058s][info ][safepoint      ] Safepoint "Cleanup", Time since last: 1000116422 ns, Reaching safepoint: 7800 ns, Cleanup: 23000 ns, At safepoint: 2200 ns, Total: 33000 ns
[68.059s][info ][safepoint      ] Safepoint "Cleanup", Time since last: 1000105122 ns, Reaching safepoint: 7500 ns, Cleanup: 43400 ns, At safepoint: 2000 ns, Total: 52900 ns
[69.059s][info ][safepoint      ] Safepoint "Cleanup", Time since last: 1000124522 ns, Reaching safepoint: 78900 ns, Cleanup: 24200 ns, At safepoint: 9200 ns, Total: 112300 ns
[70.059s][info ][safepoint      ] Safepoint "Cleanup", Time since last: 1000115522 ns, Reaching safepoint: 6600 ns, Cleanup: 17400 ns, At safepoint: 1800 ns, Total: 25800 ns
[71.059s][info ][safepoint      ] Safepoint "Cleanup", Time since last: 1000103922 ns, Reaching safepoint: 7400 ns, Cleanup: 13700 ns, At safepoint: 2500 ns, Total: 23600 ns
[73.059s][info ][safepoint      ] Safepoint "Cleanup", Time since last: 2000149096 ns, Reaching safepoint: 9900 ns, Cleanup: 24700 ns, At safepoint: 2800 ns, Total: 37400 ns
[74.060s][info ][safepoint      ] Safepoint "Cleanup", Time since last: 1000203005 ns, Reaching safepoint: 7900 ns, Cleanup: 13000 ns, At safepoint: 2600 ns, Total: 23500 ns
[74.618s][info ][gc,start       ] GC(8) Pause Young (Allocation Failure)
[74.703s][debug][gc,phases      ] GC(8) Scavenge 84.835ms
[74.703s][debug][gc,ref         ] GC(8) ReferenceProcessor::execute queues: 4, RefProcThreadModel::Multi, marks_oops_alive: false
[74.704s][debug][gc,ref         ] GC(8) Skipped KeepAliveFinalRefsPhase of Reference Processing: no references
[74.704s][debug][gc,ref         ] GC(8) ReferenceProcessor::execute queues: 1, RefProcThreadModel::Single, marks_oops_alive: false
[74.704s][debug][gc,phases      ] GC(8) Reference Processing 0.805ms
[74.704s][debug][gc,phases      ] GC(8)   VM Weak                        Min:  0.0, Avg:  0.0, Max:  0.0, Diff:  0.0, Sum:  0.0, Workers: 4
[74.704s][debug][gc,phases      ] GC(8)     Dead                           Min: 0, Avg:  0.0, Max: 0, Diff: 0, Sum: 0, Workers: 4
[74.704s][debug][gc,phases      ] GC(8)     Total                          Min: 0, Avg: 208.5, Max: 576, Diff: 576, Sum: 834, Workers: 4
[74.704s][debug][gc,phases      ] GC(8)   ObjectSynchronizer Weak        Min:  0.0, Avg:  0.0, Max:  0.0, Diff:  0.0, Sum:  0.0, Workers: 4
[74.704s][debug][gc,phases      ] GC(8)     Dead                           Min: 0, Avg:  0.0, Max: 0, Diff: 0, Sum: 0, Workers: 4
[74.704s][debug][gc,phases      ] GC(8)     Total                          Min: 0, Avg:  0.8, Max: 3, Diff: 3, Sum: 3, Workers: 4
[74.704s][debug][gc,phases      ] GC(8)   JVMTI Tag Weak OopStorage      Min:  0.0, Avg:  0.0, Max:  0.0, Diff:  0.0, Sum:  0.0, Workers: 4
[74.704s][debug][gc,phases      ] GC(8)     Dead                           Min: 0, Avg:  0.0, Max: 0, Diff: 0, Sum: 0, Workers: 4
[74.704s][debug][gc,phases      ] GC(8)     Total                          Min: 0, Avg:  0.0, Max: 0, Diff: 0, Sum: 0, Workers: 4
[74.704s][debug][gc,phases      ] GC(8)   StringTable Weak               Min:  0.3, Avg:  0.3, Max:  0.3, Diff:  0.0, Sum:  1.3, Workers: 4
[74.704s][debug][gc,phases      ] GC(8)     Dead                           Min: 0, Avg:  0.0, Max: 0, Diff: 0, Sum: 0, Workers: 4
[74.704s][debug][gc,phases      ] GC(8)     Total                          Min: 10368, Avg: 11728.5, Max: 13056, Diff: 2688, Sum: 46914, Workers: 4
[74.704s][debug][gc,phases      ] GC(8)   ResolvedMethodTable Weak       Min:  0.1, Avg:  0.1, Max:  0.1, Diff:  0.0, Sum:  0.4, Workers: 4
[74.704s][debug][gc,phases      ] GC(8)     Dead                           Min: 0, Avg:  0.8, Max: 2, Diff: 2, Sum: 3, Workers: 4
[74.704s][debug][gc,phases      ] GC(8)     Total                          Min: 3008, Avg: 3069.8, Max: 3143, Diff: 135, Sum: 12279, Workers: 4
[74.704s][debug][gc,phases      ] GC(8)   JNI Weak                       Min:  0.0, Avg:  0.0, Max:  0.0, Diff:  0.0, Sum:  0.0, Workers: 4
[74.704s][debug][gc,phases      ] GC(8)     Dead                           Min: 0, Avg:  0.0, Max: 0, Diff: 0, Sum: 0, Workers: 4
[74.704s][debug][gc,phases      ] GC(8)     Total                          Min: 0, Avg: 12.0, Max: 48, Diff: 48, Sum: 48, Workers: 4
[74.704s][debug][gc,phases      ] GC(8)   StringDedup Table Weak         Min:  0.0, Avg:  0.0, Max:  0.0, Diff:  0.0, Sum:  0.0, Workers: 4
[74.704s][debug][gc,phases      ] GC(8)     Dead                           Min: 0, Avg:  0.0, Max: 0, Diff: 0, Sum: 0, Workers: 4
[74.704s][debug][gc,phases      ] GC(8)     Total                          Min: 0, Avg:  0.0, Max: 0, Diff: 0, Sum: 0, Workers: 4
[74.704s][debug][gc,phases      ] GC(8)   StringDedup Requests0 Weak     Min:  0.0, Avg:  0.0, Max:  0.0, Diff:  0.0, Sum:  0.0, Workers: 4
[74.704s][debug][gc,phases      ] GC(8)     Dead                           Min: 0, Avg:  0.0, Max: 0, Diff: 0, Sum: 0, Workers: 4
[74.704s][debug][gc,phases      ] GC(8)     Total                          Min: 0, Avg:  0.0, Max: 0, Diff: 0, Sum: 0, Workers: 4
[74.705s][debug][gc,phases      ] GC(8)   StringDedup Requests1 Weak     Min:  0.0, Avg:  0.0, Max:  0.0, Diff:  0.0, Sum:  0.0, Workers: 4
[74.705s][debug][gc,phases      ] GC(8)     Dead                           Min: 0, Avg:  0.0, Max: 0, Diff: 0, Sum: 0, Workers: 4
[74.705s][debug][gc,phases      ] GC(8)     Total                          Min: 0, Avg:  0.0, Max: 0, Diff: 0, Sum: 0, Workers: 4
[74.705s][debug][gc,phases      ] GC(8)   Weak JFR Old Object Samples    Min:  0.0, Avg:  0.0, Max:  0.0, Diff:  0.0, Sum:  0.0, Workers: 4
[74.705s][debug][gc,phases      ] GC(8)     Dead                           Min: 0, Avg:  0.0, Max: 0, Diff: 0, Sum: 0, Workers: 4
[74.705s][debug][gc,phases      ] GC(8)     Total                          Min: 0, Avg:  0.0, Max: 0, Diff: 0, Sum: 0, Workers: 4
[74.705s][debug][gc,phases      ] GC(8) Weak Processing 0.719ms
[74.705s][debug][gc,age         ] GC(8) Desired survivor size 336592896 bytes, new threshold 8 (max threshold 15)
[74.705s][info ][gc,heap        ] GC(8) PSYoungGen: 1278974K(1572864K)->230480K(1572864K) Eden: 1048576K(1048576K)->0K(1048576K) From: 230398K(524288K)->230480K(524288K)
[74.705s][info ][gc,heap        ] GC(8) ParOldGen: 6123K(18432K)->6395K(18432K)
[74.705s][info ][gc,metaspace   ] GC(8) Metaspace: 91110K(92224K)->91110K(92224K) NonClass: 77540K(78144K)->77540K(78144K) Class: 13569K(14080K)->13569K(14080K)
[74.705s][info ][gc             ] GC(8) Pause Young (Allocation Failure) 1254M->231M(1554M) 86.498ms
[74.705s][info ][gc,cpu         ] GC(8) User=0.26s Sys=0.01s Real=0.09s
[74.705s][info ][safepoint      ] Safepoint "ParallelGCFailedAllocation", Time since last: 558515764 ns, Reaching safepoint: 6400 ns, Cleanup: 9100 ns, At safepoint: 86565137 ns, Total: 86580637 ns
[75.705s][info ][safepoint      ] Safepoint "Cleanup", Time since last: 1000108004 ns, Reaching safepoint: 8400 ns, Cleanup: 19901 ns, At safepoint: 2400 ns, Total: 30701 ns
[76.705s][info ][safepoint      ] Safepoint "Cleanup", Time since last: 1000105203 ns, Reaching safepoint: 6500 ns, Cleanup: 14101 ns, At safepoint: 2500 ns, Total: 23101 ns
[77.705s][info ][safepoint      ] Safepoint "Cleanup", Time since last: 1000125904 ns, Reaching safepoint: 6100 ns, Cleanup: 13700 ns, At safepoint: 1900 ns, Total: 21700 ns
[78.705s][info ][safepoint      ] Safepoint "Cleanup", Time since last: 1000100404 ns, Reaching safepoint: 7000 ns, Cleanup: 14000 ns, At safepoint: 1900 ns, Total: 22900 ns
[79.705s][info ][safepoint      ] Safepoint "Cleanup", Time since last: 1000152704 ns, Reaching safepoint: 7300 ns, Cleanup: 24000 ns, At safepoint: 2400 ns, Total: 33700 ns
[80.705s][info ][safepoint      ] Safepoint "Cleanup", Time since last: 1000114404 ns, Reaching safepoint: 7800 ns, Cleanup: 5900 ns, At safepoint: 2000 ns, Total: 15700 ns
[81.706s][info ][safepoint      ] Safepoint "Cleanup", Time since last: 1000121552 ns, Reaching safepoint: 9300 ns, Cleanup: 12700 ns, At safepoint: 3200 ns, Total: 25200 ns
[82.706s][info ][safepoint      ] Safepoint "Cleanup", Time since last: 1000118623 ns, Reaching safepoint: 8700 ns, Cleanup: 27800 ns, At safepoint: 2700 ns, Total: 39200 ns
[83.706s][info ][safepoint      ] Safepoint "Cleanup", Time since last: 1000138324 ns, Reaching safepoint: 8100 ns, Cleanup: 20800 ns, At safepoint: 2200 ns, Total: 31100 ns
[84.706s][info ][safepoint      ] Safepoint "Cleanup", Time since last: 1000114752 ns, Reaching safepoint: 6900 ns, Cleanup: 18600 ns, At safepoint: 2000 ns, Total: 27500 ns
[85.706s][info ][safepoint      ] Safepoint "Cleanup", Time since last: 1000157677 ns, Reaching safepoint: 7200 ns, Cleanup: 13400 ns, At safepoint: 2100 ns, Total: 22700 ns
[86.706s][info ][safepoint      ] Safepoint "Cleanup", Time since last: 1000101976 ns, Reaching safepoint: 7000 ns, Cleanup: 11800 ns, At safepoint: 2300 ns, Total: 21100 ns
[87.707s][info ][safepoint      ] Safepoint "Cleanup", Time since last: 1000108076 ns, Reaching safepoint: 6400 ns, Cleanup: 10900 ns, At safepoint: 2200 ns, Total: 19500 ns
[88.707s][info ][safepoint      ] Safepoint "Cleanup", Time since last: 1000112776 ns, Reaching safepoint: 6801 ns, Cleanup: 15500 ns, At safepoint: 2400 ns, Total: 24701 ns
[89.707s][info ][safepoint      ] Safepoint "Cleanup", Time since last: 1000103780 ns, Reaching safepoint: 6000 ns, Cleanup: 22201 ns, At safepoint: 7000 ns, Total: 35201 ns
[90.707s][info ][safepoint      ] Safepoint "Cleanup", Time since last: 1000114846 ns, Reaching safepoint: 7500 ns, Cleanup: 18800 ns, At safepoint: 5200 ns, Total: 31500 ns
[91.707s][info ][safepoint      ] Safepoint "Cleanup", Time since last: 1000118347 ns, Reaching safepoint: 7000 ns, Cleanup: 9800 ns, At safepoint: 1900 ns, Total: 18700 ns
[92.707s][info ][safepoint      ] Safepoint "Cleanup", Time since last: 1000106146 ns, Reaching safepoint: 6200 ns, Cleanup: 10400 ns, At safepoint: 1700 ns, Total: 18300 ns
[93.707s][info ][safepoint      ] Safepoint "Cleanup", Time since last: 1000114447 ns, Reaching safepoint: 6400 ns, Cleanup: 10100 ns, At safepoint: 1800 ns, Total: 18300 ns
[94.707s][info ][safepoint      ] Safepoint "Cleanup", Time since last: 1000116146 ns, Reaching safepoint: 6101 ns, Cleanup: 16500 ns, At safepoint: 2200 ns, Total: 24801 ns
[95.708s][info ][safepoint      ] Safepoint "Cleanup", Time since last: 1000110546 ns, Reaching safepoint: 6800 ns, Cleanup: 11300 ns, At safepoint: 2000 ns, Total: 20100 ns
[96.708s][info ][safepoint      ] Safepoint "Cleanup", Time since last: 1000135147 ns, Reaching safepoint: 4200 ns, Cleanup: 91900 ns, At safepoint: 7400 ns, Total: 103500 ns
[97.708s][info ][safepoint      ] Safepoint "Cleanup", Time since last: 1000097443 ns, Reaching safepoint: 6300 ns, Cleanup: 86200 ns, At safepoint: 2200 ns, Total: 94700 ns
[98.708s][info ][safepoint      ] Safepoint "Cleanup", Time since last: 1000101424 ns, Reaching safepoint: 6000 ns, Cleanup: 186401 ns, At safepoint: 5300 ns, Total: 197701 ns
[99.709s][info ][safepoint      ] Safepoint "Cleanup", Time since last: 1000107623 ns, Reaching safepoint: 6300 ns, Cleanup: 66801 ns, At safepoint: 2100 ns, Total: 75201 ns
[100.709s][info ][safepoint      ] Safepoint "Cleanup", Time since last: 1000106723 ns, Reaching safepoint: 6100 ns, Cleanup: 28300 ns, At safepoint: 1800 ns, Total: 36200 ns
[101.709s][info ][safepoint      ] Safepoint "Cleanup", Time since last: 1000106424 ns, Reaching safepoint: 5300 ns, Cleanup: 7600 ns, At safepoint: 1600 ns, Total: 14500 ns
[102.709s][info ][safepoint      ] Safepoint "Cleanup", Time since last: 1000097923 ns, Reaching safepoint: 5900 ns, Cleanup: 10600 ns, At safepoint: 1700 ns, Total: 18200 ns
[103.709s][info ][safepoint      ] Safepoint "Cleanup", Time since last: 1000137824 ns, Reaching safepoint: 7700 ns, Cleanup: 20300 ns, At safepoint: 2100 ns, Total: 30100 ns
[104.709s][info ][safepoint      ] Safepoint "Cleanup", Time since last: 1000106823 ns, Reaching safepoint: 6400 ns, Cleanup: 18600 ns, At safepoint: 1900 ns, Total: 26900 ns
[105.709s][info ][safepoint      ] Safepoint "Cleanup", Time since last: 1000092040 ns, Reaching safepoint: 6500 ns, Cleanup: 10100 ns, At safepoint: 1900 ns, Total: 18500 ns
[106.709s][info ][safepoint      ] Safepoint "Cleanup", Time since last: 1000100163 ns, Reaching safepoint: 7600 ns, Cleanup: 13600 ns, At safepoint: 2400 ns, Total: 23600 ns
[107.710s][info ][safepoint      ] Safepoint "Cleanup", Time since last: 1000092563 ns, Reaching safepoint: 6500 ns, Cleanup: 16200 ns, At safepoint: 2100 ns, Total: 24800 ns
[108.710s][info ][safepoint      ] Safepoint "Cleanup", Time since last: 1000110663 ns, Reaching safepoint: 6500 ns, Cleanup: 10100 ns, At safepoint: 1800 ns, Total: 18400 ns
[109.710s][info ][safepoint      ] Safepoint "Cleanup", Time since last: 1000129663 ns, Reaching safepoint: 7400 ns, Cleanup: 16700 ns, At safepoint: 2200 ns, Total: 26300 ns
[110.710s][info ][safepoint      ] Safepoint "Cleanup", Time since last: 1000101662 ns, Reaching safepoint: 77601 ns, Cleanup: 20300 ns, At safepoint: 5800 ns, Total: 103701 ns
[111.710s][info ][safepoint      ] Safepoint "Cleanup", Time since last: 1000120263 ns, Reaching safepoint: 7000 ns, Cleanup: 10300 ns, At safepoint: 2100 ns, Total: 19400 ns
[112.710s][info ][safepoint      ] Safepoint "Cleanup", Time since last: 1000095062 ns, Reaching safepoint: 5800 ns, Cleanup: 14101 ns, At safepoint: 6700 ns, Total: 26601 ns
[113.710s][info ][safepoint      ] Safepoint "Cleanup", Time since last: 1000099330 ns, Reaching safepoint: 6800 ns, Cleanup: 9000 ns, At safepoint: 7000 ns, Total: 22800 ns
[114.711s][info ][safepoint      ] Safepoint "Cleanup", Time since last: 1000106824 ns, Reaching safepoint: 7000 ns, Cleanup: 10300 ns, At safepoint: 2000 ns, Total: 19300 ns
[115.711s][info ][safepoint      ] Safepoint "Cleanup", Time since last: 1000125124 ns, Reaching safepoint: 8300 ns, Cleanup: 19700 ns, At safepoint: 8700 ns, Total: 36700 ns
[116.711s][info ][safepoint      ] Safepoint "Cleanup", Time since last: 1000110024 ns, Reaching safepoint: 7400 ns, Cleanup: 16000 ns, At safepoint: 2000 ns, Total: 25400 ns
[117.711s][info ][safepoint      ] Safepoint "Cleanup", Time since last: 1000123624 ns, Reaching safepoint: 35501 ns, Cleanup: 13300 ns, At safepoint: 2400 ns, Total: 51201 ns
[119.711s][info ][safepoint      ] Safepoint "Cleanup", Time since last: 2000130847 ns, Reaching safepoint: 5600 ns, Cleanup: 11300 ns, At safepoint: 1900 ns, Total: 18800 ns
[119.820s][info ][gc,start       ] GC(9) Pause Young (Allocation Failure)
[119.917s][debug][gc,phases      ] GC(9) Scavenge 96.862ms
[119.917s][debug][gc,ref         ] GC(9) ReferenceProcessor::execute queues: 4, RefProcThreadModel::Multi, marks_oops_alive: false
[119.917s][debug][gc,ref         ] GC(9) Skipped KeepAliveFinalRefsPhase of Reference Processing: no references
[119.917s][debug][gc,ref         ] GC(9) ReferenceProcessor::execute queues: 1, RefProcThreadModel::Single, marks_oops_alive: false
[119.917s][debug][gc,phases      ] GC(9) Reference Processing 0.659ms
[119.918s][debug][gc,phases      ] GC(9)   VM Weak                        Min:  0.0, Avg:  0.0, Max:  0.0, Diff:  0.0, Sum:  0.0, Workers: 4
[119.918s][debug][gc,phases      ] GC(9)     Dead                           Min: 0, Avg:  0.0, Max: 0, Diff: 0, Sum: 0, Workers: 4
[119.918s][debug][gc,phases      ] GC(9)     Total                          Min: 0, Avg: 208.8, Max: 384, Diff: 384, Sum: 835, Workers: 4
[119.918s][debug][gc,phases      ] GC(9)   ObjectSynchronizer Weak        Min:  0.0, Avg:  0.0, Max:  0.0, Diff:  0.0, Sum:  0.0, Workers: 4
[119.918s][debug][gc,phases      ] GC(9)     Dead                           Min: 0, Avg:  0.0, Max: 0, Diff: 0, Sum: 0, Workers: 4
[119.918s][debug][gc,phases      ] GC(9)     Total                          Min: 0, Avg:  0.8, Max: 3, Diff: 3, Sum: 3, Workers: 4
[119.918s][debug][gc,phases      ] GC(9)   JVMTI Tag Weak OopStorage      Min:  0.0, Avg:  0.0, Max:  0.0, Diff:  0.0, Sum:  0.0, Workers: 4
[119.918s][debug][gc,phases      ] GC(9)     Dead                           Min: 0, Avg:  0.0, Max: 0, Diff: 0, Sum: 0, Workers: 4
[119.918s][debug][gc,phases      ] GC(9)     Total                          Min: 0, Avg:  0.0, Max: 0, Diff: 0, Sum: 0, Workers: 4
[119.918s][debug][gc,phases      ] GC(9)   StringTable Weak               Min:  0.0, Avg:  0.3, Max:  0.4, Diff:  0.4, Sum:  1.3, Workers: 4
[119.918s][debug][gc,phases      ] GC(9)     Dead                           Min: 0, Avg:  0.2, Max: 1, Diff: 1, Sum: 1, Workers: 4
[119.918s][debug][gc,phases      ] GC(9)     Total                          Min: 0, Avg: 11752.0, Max: 16448, Diff: 16448, Sum: 47008, Workers: 4
[119.918s][debug][gc,phases      ] GC(9)   ResolvedMethodTable Weak       Min:  0.0, Avg:  0.1, Max:  0.1, Diff:  0.1, Sum:  0.4, Workers: 4
[119.918s][debug][gc,phases      ] GC(9)     Dead                           Min: 0, Avg:  1.0, Max: 3, Diff: 3, Sum: 4, Workers: 4
[119.918s][debug][gc,phases      ] GC(9)     Total                          Min: 0, Avg: 3076.5, Max: 4174, Diff: 4174, Sum: 12306, Workers: 4
[119.918s][debug][gc,phases      ] GC(9)   JNI Weak                       Min:  0.0, Avg:  0.0, Max:  0.0, Diff:  0.0, Sum:  0.0, Workers: 4
[119.918s][debug][gc,phases      ] GC(9)     Dead                           Min: 0, Avg:  0.0, Max: 0, Diff: 0, Sum: 0, Workers: 4
[119.918s][debug][gc,phases      ] GC(9)     Total                          Min: 0, Avg: 12.0, Max: 48, Diff: 48, Sum: 48, Workers: 4
[119.918s][debug][gc,phases      ] GC(9)   StringDedup Table Weak         Min:  0.0, Avg:  0.0, Max:  0.0, Diff:  0.0, Sum:  0.0, Workers: 4
[119.918s][debug][gc,phases      ] GC(9)     Dead                           Min: 0, Avg:  0.0, Max: 0, Diff: 0, Sum: 0, Workers: 4
[119.918s][debug][gc,phases      ] GC(9)     Total                          Min: 0, Avg:  0.0, Max: 0, Diff: 0, Sum: 0, Workers: 4
[119.918s][debug][gc,phases      ] GC(9)   StringDedup Requests0 Weak     Min:  0.0, Avg:  0.0, Max:  0.0, Diff:  0.0, Sum:  0.0, Workers: 4
[119.918s][debug][gc,phases      ] GC(9)     Dead                           Min: 0, Avg:  0.0, Max: 0, Diff: 0, Sum: 0, Workers: 4
[119.918s][debug][gc,phases      ] GC(9)     Total                          Min: 0, Avg:  0.0, Max: 0, Diff: 0, Sum: 0, Workers: 4
[119.918s][debug][gc,phases      ] GC(9)   StringDedup Requests1 Weak     Min:  0.0, Avg:  0.0, Max:  0.0, Diff:  0.0, Sum:  0.0, Workers: 4
[119.918s][debug][gc,phases      ] GC(9)     Dead                           Min: 0, Avg:  0.0, Max: 0, Diff: 0, Sum: 0, Workers: 4
[119.918s][debug][gc,phases      ] GC(9)     Total                          Min: 0, Avg:  0.0, Max: 0, Diff: 0, Sum: 0, Workers: 4
[119.918s][debug][gc,phases      ] GC(9)   Weak JFR Old Object Samples    Min:  0.0, Avg:  0.0, Max:  0.0, Diff:  0.0, Sum:  0.0, Workers: 4
[119.918s][debug][gc,phases      ] GC(9)     Dead                           Min: 0, Avg:  0.0, Max: 0, Diff: 0, Sum: 0, Workers: 4
[119.918s][debug][gc,phases      ] GC(9)     Total                          Min: 0, Avg:  0.0, Max: 0, Diff: 0, Sum: 0, Workers: 4
[119.918s][debug][gc,phases      ] GC(9) Weak Processing 0.851ms
[119.918s][debug][gc,age         ] GC(9) Desired survivor size 346030080 bytes, new threshold 9 (max threshold 15)
[119.918s][info ][gc,heap        ] GC(9) PSYoungGen: 1279056K(1572864K)->230353K(1750016K) Eden: 1048576K(1048576K)->0K(1421312K) From: 230480K(524288K)->230353K(328704K)
[119.918s][info ][gc,heap        ] GC(9) ParOldGen: 6395K(18432K)->6403K(18432K)
[119.918s][info ][gc,metaspace   ] GC(9) Metaspace: 91322K(92416K)->91322K(92416K) NonClass: 77738K(78336K)->77738K(78336K) Class: 13583K(14080K)->13583K(14080K)
[119.918s][info ][gc             ] GC(9) Pause Young (Allocation Failure) 1255M->231M(1727M) 98.514ms
[119.918s][info ][gc,cpu         ] GC(9) User=0.31s Sys=0.03s Real=0.09s
[119.918s][info ][safepoint      ] Safepoint "ParallelGCFailedAllocation", Time since last: 108463864 ns, Reaching safepoint: 6500 ns, Cleanup: 3800 ns, At safepoint: 98587004 ns, Total: 98597304 ns
[120.918s][info ][safepoint      ] Safepoint "Cleanup", Time since last: 1000090421 ns, Reaching safepoint: 81901 ns, Cleanup: 16400 ns, At safepoint: 10400 ns, Total: 108701 ns
[121.919s][info ][safepoint      ] Safepoint "Cleanup", Time since last: 1000123944 ns, Reaching safepoint: 78801 ns, Cleanup: 22100 ns, At safepoint: 7600 ns, Total: 108501 ns
[123.919s][info ][safepoint      ] Safepoint "Cleanup", Time since last: 2000197489 ns, Reaching safepoint: 83001 ns, Cleanup: 12000 ns, At safepoint: 10000 ns, Total: 105001 ns
[124.919s][info ][safepoint      ] Safepoint "Cleanup", Time since last: 1000129744 ns, Reaching safepoint: 85301 ns, Cleanup: 15600 ns, At safepoint: 8900 ns, Total: 109801 ns
[126.920s][info ][safepoint      ] Safepoint "Cleanup", Time since last: 2000179489 ns, Reaching safepoint: 81700 ns, Cleanup: 20001 ns, At safepoint: 6500 ns, Total: 108201 ns
[127.920s][info ][safepoint      ] Safepoint "Cleanup", Time since last: 1000120944 ns, Reaching safepoint: 92501 ns, Cleanup: 15600 ns, At safepoint: 11700 ns, Total: 119801 ns
[128.920s][info ][safepoint      ] Safepoint "Cleanup", Time since last: 1000114047 ns, Reaching safepoint: 114901 ns, Cleanup: 26000 ns, At safepoint: 10900 ns, Total: 151801 ns
[129.920s][info ][safepoint      ] Safepoint "Cleanup", Time since last: 1000139935 ns, Reaching safepoint: 81301 ns, Cleanup: 11500 ns, At safepoint: 10000 ns, Total: 102801 ns
[130.920s][info ][safepoint      ] Safepoint "Cleanup", Time since last: 1000131336 ns, Reaching safepoint: 8000 ns, Cleanup: 15500 ns, At safepoint: 8900 ns, Total: 32400 ns
[131.921s][info ][safepoint      ] Safepoint "Cleanup", Time since last: 1000122235 ns, Reaching safepoint: 82101 ns, Cleanup: 16800 ns, At safepoint: 9400 ns, Total: 108301 ns
[132.921s][info ][safepoint      ] Safepoint "Cleanup", Time since last: 1000110936 ns, Reaching safepoint: 5600 ns, Cleanup: 11400 ns, At safepoint: 2400 ns, Total: 19400 ns
[133.921s][info ][safepoint      ] Safepoint "Cleanup", Time since last: 1000127635 ns, Reaching safepoint: 7500 ns, Cleanup: 16400 ns, At safepoint: 2900 ns, Total: 26800 ns
[135.921s][info ][safepoint      ] Safepoint "Cleanup", Time since last: 2000195471 ns, Reaching safepoint: 6400 ns, Cleanup: 12400 ns, At safepoint: 1900 ns, Total: 20700 ns
[136.921s][info ][safepoint      ] Safepoint "Cleanup", Time since last: 1000108032 ns, Reaching safepoint: 6800 ns, Cleanup: 11300 ns, At safepoint: 5801 ns, Total: 23901 ns
[137.921s][info ][safepoint      ] Safepoint "Cleanup", Time since last: 1000115463 ns, Reaching safepoint: 6800 ns, Cleanup: 12000 ns, At safepoint: 2700 ns, Total: 21500 ns
[139.922s][info ][safepoint      ] Safepoint "Cleanup", Time since last: 2000181728 ns, Reaching safepoint: 8100 ns, Cleanup: 7600 ns, At safepoint: 5800 ns, Total: 21500 ns
[140.922s][info ][safepoint      ] Safepoint "Cleanup", Time since last: 1000121963 ns, Reaching safepoint: 6000 ns, Cleanup: 9801 ns, At safepoint: 1900 ns, Total: 17701 ns
[141.922s][info ][safepoint      ] Safepoint "Cleanup", Time since last: 1000105663 ns, Reaching safepoint: 6500 ns, Cleanup: 8300 ns, At safepoint: 1900 ns, Total: 16700 ns
[142.922s][info ][safepoint      ] Safepoint "Cleanup", Time since last: 1000114064 ns, Reaching safepoint: 6900 ns, Cleanup: 12400 ns, At safepoint: 2500 ns, Total: 21800 ns
[146.922s][info ][safepoint      ] Safepoint "Cleanup", Time since last: 4000339498 ns, Reaching safepoint: 6900 ns, Cleanup: 10600 ns, At safepoint: 11800 ns, Total: 29300 ns
[147.923s][info ][safepoint      ] Safepoint "Cleanup", Time since last: 1000138984 ns, Reaching safepoint: 86600 ns, Cleanup: 29100 ns, At safepoint: 9700 ns, Total: 125400 ns
[148.923s][info ][safepoint      ] Safepoint "Cleanup", Time since last: 1000513887 ns, Reaching safepoint: 7300 ns, Cleanup: 26000 ns, At safepoint: 2900 ns, Total: 36200 ns
[149.923s][info ][safepoint      ] Safepoint "Cleanup", Time since last: 1000138284 ns, Reaching safepoint: 88000 ns, Cleanup: 7900 ns, At safepoint: 12101 ns, Total: 108001 ns
[150.924s][info ][safepoint      ] Safepoint "Cleanup", Time since last: 1000126383 ns, Reaching safepoint: 7400 ns, Cleanup: 21201 ns, At safepoint: 2700 ns, Total: 31301 ns
[151.924s][info ][safepoint      ] Safepoint "Cleanup", Time since last: 1000085283 ns, Reaching safepoint: 7800 ns, Cleanup: 14300 ns, At safepoint: 2600 ns, Total: 24700 ns
[152.924s][info ][safepoint      ] Safepoint "Cleanup", Time since last: 1000082682 ns, Reaching safepoint: 6401 ns, Cleanup: 11700 ns, At safepoint: 1900 ns, Total: 20001 ns
[153.924s][info ][safepoint      ] Safepoint "Cleanup", Time since last: 1000101903 ns, Reaching safepoint: 6800 ns, Cleanup: 11100 ns, At safepoint: 2200 ns, Total: 20100 ns
[154.924s][info ][safepoint      ] Safepoint "Cleanup", Time since last: 1000101603 ns, Reaching safepoint: 5600 ns, Cleanup: 10100 ns, At safepoint: 1800 ns, Total: 17500 ns
[155.924s][info ][safepoint      ] Safepoint "Cleanup", Time since last: 1000101604 ns, Reaching safepoint: 6300 ns, Cleanup: 8800 ns, At safepoint: 1900 ns, Total: 17000 ns
[156.924s][info ][safepoint      ] Safepoint "Cleanup", Time since last: 1000119103 ns, Reaching safepoint: 8700 ns, Cleanup: 12900 ns, At safepoint: 11500 ns, Total: 33100 ns
[161.925s][info ][safepoint      ] Safepoint "Cleanup", Time since last: 5000405569 ns, Reaching safepoint: 6400 ns, Cleanup: 9301 ns, At safepoint: 1500 ns, Total: 17201 ns
[162.925s][info ][safepoint      ] Safepoint "Cleanup", Time since last: 1000116057 ns, Reaching safepoint: 7700 ns, Cleanup: 20600 ns, At safepoint: 3000 ns, Total: 31300 ns
[163.925s][info ][safepoint      ] Safepoint "Cleanup", Time since last: 1000115557 ns, Reaching safepoint: 7200 ns, Cleanup: 12500 ns, At safepoint: 2800 ns, Total: 22500 ns
[164.925s][info ][safepoint      ] Safepoint "Cleanup", Time since last: 1000139358 ns, Reaching safepoint: 7400 ns, Cleanup: 11900 ns, At safepoint: 2600 ns, Total: 21900 ns
[165.925s][info ][safepoint      ] Safepoint "Cleanup", Time since last: 1000117657 ns, Reaching safepoint: 6900 ns, Cleanup: 16200 ns, At safepoint: 1800 ns, Total: 24900 ns
[166.925s][info ][safepoint      ] Safepoint "Cleanup", Time since last: 1000101008 ns, Reaching safepoint: 6200 ns, Cleanup: 6700 ns, At safepoint: 1700 ns, Total: 14600 ns
[167.926s][info ][safepoint      ] Safepoint "Cleanup", Time since last: 1000064574 ns, Reaching safepoint: 7300 ns, Cleanup: 21500 ns, At safepoint: 2500 ns, Total: 31300 ns
[169.926s][info ][safepoint      ] Safepoint "Cleanup", Time since last: 2000185423 ns, Reaching safepoint: 6600 ns, Cleanup: 17701 ns, At safepoint: 2500 ns, Total: 26801 ns
[172.926s][info ][safepoint      ] Safepoint "Cleanup", Time since last: 3000250845 ns, Reaching safepoint: 6000 ns, Cleanup: 43300 ns, At safepoint: 7400 ns, Total: 56700 ns
[174.926s][info ][safepoint      ] Safepoint "Cleanup", Time since last: 2000190697 ns, Reaching safepoint: 6000 ns, Cleanup: 37000 ns, At safepoint: 1801 ns, Total: 44801 ns
[175.926s][info ][safepoint      ] Safepoint "Cleanup", Time since last: 1000143448 ns, Reaching safepoint: 7500 ns, Cleanup: 17300 ns, At safepoint: 2600 ns, Total: 27400 ns
[176.927s][info ][safepoint      ] Safepoint "Cleanup", Time since last: 1000121949 ns, Reaching safepoint: 6300 ns, Cleanup: 12100 ns, At safepoint: 1900 ns, Total: 20300 ns
[178.927s][info ][safepoint      ] Safepoint "Cleanup", Time since last: 2000195298 ns, Reaching safepoint: 6100 ns, Cleanup: 9800 ns, At safepoint: 2100 ns, Total: 18000 ns
[179.927s][info ][safepoint      ] Safepoint "Cleanup", Time since last: 1000109145 ns, Reaching safepoint: 7100 ns, Cleanup: 9900 ns, At safepoint: 2000 ns, Total: 19000 ns
[180.927s][info ][safepoint      ] Safepoint "Cleanup", Time since last: 1000125846 ns, Reaching safepoint: 7500 ns, Cleanup: 11600 ns, At safepoint: 2400 ns, Total: 21500 ns
[182.268s][info ][gc,start       ] GC(10) Pause Young (Allocation Failure)
[182.359s][debug][gc,phases      ] GC(10) Scavenge 91.331ms
[182.360s][debug][gc,ref         ] GC(10) ReferenceProcessor::execute queues: 4, RefProcThreadModel::Multi, marks_oops_alive: false
[182.361s][debug][gc,ref         ] GC(10) Skipped KeepAliveFinalRefsPhase of Reference Processing: no references
[182.361s][debug][gc,ref         ] GC(10) ReferenceProcessor::execute queues: 1, RefProcThreadModel::Single, marks_oops_alive: false
[182.361s][debug][gc,phases      ] GC(10) Reference Processing 1.159ms
[182.361s][debug][gc,phases      ] GC(10)   VM Weak                        Min:  0.0, Avg:  0.0, Max:  0.0, Diff:  0.0, Sum:  0.0, Workers: 4
[182.361s][debug][gc,phases      ] GC(10)     Dead                           Min: 0, Avg:  0.0, Max: 0, Diff: 0, Sum: 0, Workers: 4
[182.361s][debug][gc,phases      ] GC(10)     Total                          Min: 128, Avg: 209.2, Max: 320, Diff: 192, Sum: 837, Workers: 4
[182.361s][debug][gc,phases      ] GC(10)   ObjectSynchronizer Weak        Min:  0.0, Avg:  0.0, Max:  0.0, Diff:  0.0, Sum:  0.0, Workers: 4
[182.361s][debug][gc,phases      ] GC(10)     Dead                           Min: 0, Avg:  0.0, Max: 0, Diff: 0, Sum: 0, Workers: 4
[182.361s][debug][gc,phases      ] GC(10)     Total                          Min: 0, Avg:  0.8, Max: 3, Diff: 3, Sum: 3, Workers: 4
[182.361s][debug][gc,phases      ] GC(10)   JVMTI Tag Weak OopStorage      Min:  0.0, Avg:  0.0, Max:  0.0, Diff:  0.0, Sum:  0.0, Workers: 4
[182.361s][debug][gc,phases      ] GC(10)     Dead                           Min: 0, Avg:  0.0, Max: 0, Diff: 0, Sum: 0, Workers: 4
[182.361s][debug][gc,phases      ] GC(10)     Total                          Min: 0, Avg:  0.0, Max: 0, Diff: 0, Sum: 0, Workers: 4
[182.361s][debug][gc,phases      ] GC(10)   StringTable Weak               Min:  0.3, Avg:  0.3, Max:  0.3, Diff:  0.0, Sum:  1.3, Workers: 4
[182.361s][debug][gc,phases      ] GC(10)     Dead                           Min: 0, Avg:  0.2, Max: 1, Diff: 1, Sum: 1, Workers: 4
[182.361s][debug][gc,phases      ] GC(10)     Total                          Min: 10688, Avg: 11766.0, Max: 12864, Diff: 2176, Sum: 47064, Workers: 4
[182.361s][debug][gc,phases      ] GC(10)   ResolvedMethodTable Weak       Min:  0.1, Avg:  0.1, Max:  0.1, Diff:  0.0, Sum:  0.4, Workers: 4
[182.361s][debug][gc,phases      ] GC(10)     Dead                           Min: 0, Avg:  2.2, Max: 9, Diff: 9, Sum: 9, Workers: 4
[182.361s][debug][gc,phases      ] GC(10)     Total                          Min: 2993, Avg: 3081.2, Max: 3162, Diff: 169, Sum: 12325, Workers: 4
[182.361s][debug][gc,phases      ] GC(10)   JNI Weak                       Min:  0.0, Avg:  0.0, Max:  0.0, Diff:  0.0, Sum:  0.0, Workers: 4
[182.361s][debug][gc,phases      ] GC(10)     Dead                           Min: 0, Avg:  0.0, Max: 0, Diff: 0, Sum: 0, Workers: 4
[182.361s][debug][gc,phases      ] GC(10)     Total                          Min: 0, Avg: 12.0, Max: 48, Diff: 48, Sum: 48, Workers: 4
[182.361s][debug][gc,phases      ] GC(10)   StringDedup Table Weak         Min:  0.0, Avg:  0.0, Max:  0.0, Diff:  0.0, Sum:  0.0, Workers: 4
[182.361s][debug][gc,phases      ] GC(10)     Dead                           Min: 0, Avg:  0.0, Max: 0, Diff: 0, Sum: 0, Workers: 4
[182.361s][debug][gc,phases      ] GC(10)     Total                          Min: 0, Avg:  0.0, Max: 0, Diff: 0, Sum: 0, Workers: 4
[182.361s][debug][gc,phases      ] GC(10)   StringDedup Requests0 Weak     Min:  0.0, Avg:  0.0, Max:  0.0, Diff:  0.0, Sum:  0.0, Workers: 4
[182.361s][debug][gc,phases      ] GC(10)     Dead                           Min: 0, Avg:  0.0, Max: 0, Diff: 0, Sum: 0, Workers: 4
[182.361s][debug][gc,phases      ] GC(10)     Total                          Min: 0, Avg:  0.0, Max: 0, Diff: 0, Sum: 0, Workers: 4
[182.361s][debug][gc,phases      ] GC(10)   StringDedup Requests1 Weak     Min:  0.0, Avg:  0.0, Max:  0.0, Diff:  0.0, Sum:  0.0, Workers: 4
[182.361s][debug][gc,phases      ] GC(10)     Dead                           Min: 0, Avg:  0.0, Max: 0, Diff: 0, Sum: 0, Workers: 4
[182.361s][debug][gc,phases      ] GC(10)     Total                          Min: 0, Avg:  0.0, Max: 0, Diff: 0, Sum: 0, Workers: 4
[182.361s][debug][gc,phases      ] GC(10)   Weak JFR Old Object Samples    Min:  0.0, Avg:  0.0, Max:  0.0, Diff:  0.0, Sum:  0.0, Workers: 4
[182.361s][debug][gc,phases      ] GC(10)     Dead                           Min: 0, Avg:  0.0, Max: 0, Diff: 0, Sum: 0, Workers: 4
[182.361s][debug][gc,phases      ] GC(10)     Total                          Min: 0, Avg:  0.0, Max: 0, Diff: 0, Sum: 0, Workers: 4
[182.361s][debug][gc,phases      ] GC(10) Weak Processing 0.644ms
[182.361s][debug][gc,age         ] GC(10) Desired survivor size 349700096 bytes, new threshold 10 (max threshold 15)
[182.361s][info ][gc,heap        ] GC(10) PSYoungGen: 1651665K(1750016K)->230225K(1651712K) Eden: 1421312K(1421312K)->0K(1421312K) From: 230353K(328704K)->230225K(230400K)
[182.361s][info ][gc,heap        ] GC(10) ParOldGen: 6403K(18432K)->6411K(18432K)
[182.361s][info ][gc,metaspace   ] GC(10) Metaspace: 91488K(92608K)->91488K(92608K) NonClass: 77896K(78528K)->77896K(78528K) Class: 13592K(14080K)->13592K(14080K)
[182.361s][info ][gc             ] GC(10) Pause Young (Allocation Failure) 1619M->231M(1631M) 93.368ms
[182.361s][info ][gc,cpu         ] GC(10) User=0.31s Sys=0.01s Real=0.09s
[182.361s][info ][safepoint      ] Safepoint "ParallelGCFailedAllocation", Time since last: 1340903001 ns, Reaching safepoint: 6000 ns, Cleanup: 4000 ns, At safepoint: 93446308 ns, Total: 93456308 ns
[183.362s][info ][safepoint      ] Safepoint "Cleanup", Time since last: 1000086551 ns, Reaching safepoint: 5800 ns, Cleanup: 11300 ns, At safepoint: 1900 ns, Total: 19000 ns
[184.362s][info ][safepoint      ] Safepoint "Cleanup", Time since last: 1000105714 ns, Reaching safepoint: 7100 ns, Cleanup: 14201 ns, At safepoint: 9900 ns, Total: 31201 ns
[185.362s][info ][safepoint      ] Safepoint "Cleanup", Time since last: 1000106510 ns, Reaching safepoint: 6200 ns, Cleanup: 12000 ns, At safepoint: 2000 ns, Total: 20200 ns
[186.362s][info ][safepoint      ] Safepoint "Cleanup", Time since last: 1000109805 ns, Reaching safepoint: 6900 ns, Cleanup: 10500 ns, At safepoint: 2000 ns, Total: 19400 ns
[188.362s][info ][safepoint      ] Safepoint "Cleanup", Time since last: 2000171109 ns, Reaching safepoint: 7500 ns, Cleanup: 15300 ns, At safepoint: 2000 ns, Total: 24800 ns
[189.362s][info ][safepoint      ] Safepoint "Cleanup", Time since last: 1000107005 ns, Reaching safepoint: 6100 ns, Cleanup: 12900 ns, At safepoint: 1700 ns, Total: 20700 ns
[190.362s][info ][safepoint      ] Safepoint "Cleanup", Time since last: 1000106205 ns, Reaching safepoint: 7500 ns, Cleanup: 16100 ns, At safepoint: 7100 ns, Total: 30700 ns
[192.363s][info ][safepoint      ] Safepoint "Cleanup", Time since last: 2000178110 ns, Reaching safepoint: 6100 ns, Cleanup: 8600 ns, At safepoint: 2100 ns, Total: 16800 ns
[193.363s][info ][safepoint      ] Safepoint "Cleanup", Time since last: 1000126748 ns, Reaching safepoint: 7200 ns, Cleanup: 11400 ns, At safepoint: 2100 ns, Total: 20700 ns
[194.363s][info ][safepoint      ] Safepoint "Cleanup", Time since last: 1000105736 ns, Reaching safepoint: 6700 ns, Cleanup: 10300 ns, At safepoint: 19000 ns, Total: 36000 ns
[195.363s][info ][safepoint      ] Safepoint "Cleanup", Time since last: 1000102236 ns, Reaching safepoint: 5700 ns, Cleanup: 9900 ns, At safepoint: 2200 ns, Total: 17800 ns
[196.363s][info ][safepoint      ] Safepoint "Cleanup", Time since last: 1000100136 ns, Reaching safepoint: 5700 ns, Cleanup: 8000 ns, At safepoint: 2200 ns, Total: 15900 ns
[197.363s][info ][safepoint      ] Safepoint "Cleanup", Time since last: 1000103436 ns, Reaching safepoint: 6300 ns, Cleanup: 10500 ns, At safepoint: 2000 ns, Total: 18800 ns
[198.363s][info ][safepoint      ] Safepoint "Cleanup", Time since last: 1000110136 ns, Reaching safepoint: 6400 ns, Cleanup: 10000 ns, At safepoint: 2100 ns, Total: 18500 ns
[201.364s][info ][safepoint      ] Safepoint "Cleanup", Time since last: 3000266487 ns, Reaching safepoint: 17700 ns, Cleanup: 54500 ns, At safepoint: 2800 ns, Total: 75000 ns
[202.364s][info ][safepoint      ] Safepoint "Cleanup", Time since last: 1000106788 ns, Reaching safepoint: 7100 ns, Cleanup: 12200 ns, At safepoint: 1700 ns, Total: 21000 ns
[203.364s][info ][safepoint      ] Safepoint "Cleanup", Time since last: 1000106488 ns, Reaching safepoint: 7800 ns, Cleanup: 52300 ns, At safepoint: 7900 ns, Total: 68000 ns
[205.364s][info ][safepoint      ] Safepoint "Cleanup", Time since last: 2000180875 ns, Reaching safepoint: 6700 ns, Cleanup: 31501 ns, At safepoint: 2800 ns, Total: 41001 ns
[206.364s][info ][safepoint      ] Safepoint "Cleanup", Time since last: 1000098987 ns, Reaching safepoint: 6700 ns, Cleanup: 19200 ns, At safepoint: 2600 ns, Total: 28500 ns
[208.365s][info ][safepoint      ] Safepoint "Cleanup", Time since last: 2000189276 ns, Reaching safepoint: 6600 ns, Cleanup: 10900 ns, At safepoint: 2200 ns, Total: 19700 ns
[209.365s][info ][safepoint      ] Safepoint "Cleanup", Time since last: 1000125806 ns, Reaching safepoint: 5800 ns, Cleanup: 11700 ns, At safepoint: 1900 ns, Total: 19400 ns
[210.365s][info ][safepoint      ] Safepoint "Cleanup", Time since last: 1000117635 ns, Reaching safepoint: 8500 ns, Cleanup: 17300 ns, At safepoint: 2800 ns, Total: 28600 ns
[211.365s][info ][safepoint      ] Safepoint "Cleanup", Time since last: 1000111435 ns, Reaching safepoint: 7900 ns, Cleanup: 14600 ns, At safepoint: 2700 ns, Total: 25200 ns
[212.365s][info ][safepoint      ] Safepoint "Cleanup", Time since last: 1000122434 ns, Reaching safepoint: 5600 ns, Cleanup: 16601 ns, At safepoint: 6700 ns, Total: 28901 ns
[216.366s][info ][safepoint      ] Safepoint "Cleanup", Time since last: 4000321037 ns, Reaching safepoint: 78600 ns, Cleanup: 9400 ns, At safepoint: 7800 ns, Total: 95800 ns
[217.366s][info ][safepoint      ] Safepoint "Cleanup", Time since last: 1000114136 ns, Reaching safepoint: 6200 ns, Cleanup: 13700 ns, At safepoint: 7400 ns, Total: 27300 ns
[219.366s][info ][safepoint      ] Safepoint "Cleanup", Time since last: 2000209164 ns, Reaching safepoint: 89500 ns, Cleanup: 14600 ns, At safepoint: 12600 ns, Total: 116700 ns
[220.366s][info ][safepoint      ] Safepoint "Cleanup", Time since last: 1000128382 ns, Reaching safepoint: 79101 ns, Cleanup: 9300 ns, At safepoint: 5900 ns, Total: 94301 ns
[229.367s][info ][safepoint      ] Safepoint "Cleanup", Time since last: 9000676288 ns, Reaching safepoint: 76901 ns, Cleanup: 9000 ns, At safepoint: 7300 ns, Total: 93201 ns
[230.367s][info ][safepoint      ] Safepoint "Cleanup", Time since last: 1000121036 ns, Reaching safepoint: 79700 ns, Cleanup: 9600 ns, At safepoint: 5600 ns, Total: 94900 ns
[231.367s][info ][safepoint      ] Safepoint "Cleanup", Time since last: 1000123636 ns, Reaching safepoint: 79801 ns, Cleanup: 9500 ns, At safepoint: 6000 ns, Total: 95301 ns
[239.368s][info ][safepoint      ] Safepoint "Cleanup", Time since last: 8000662830 ns, Reaching safepoint: 81701 ns, Cleanup: 20000 ns, At safepoint: 11300 ns, Total: 113001 ns
[241.369s][info ][safepoint      ] Safepoint "Cleanup", Time since last: 2000206546 ns, Reaching safepoint: 81701 ns, Cleanup: 7600 ns, At safepoint: 6100 ns, Total: 95401 ns
[244.369s][info ][safepoint      ] Safepoint "Cleanup", Time since last: 3000294530 ns, Reaching safepoint: 83800 ns, Cleanup: 12100 ns, At safepoint: 9900 ns, Total: 105800 ns
[244.871s][info ][gc,start       ] GC(11) Pause Young (Allocation Failure)
[244.956s][debug][gc,phases      ] GC(11) Scavenge 84.922ms
[244.956s][debug][gc,ref         ] GC(11) ReferenceProcessor::execute queues: 4, RefProcThreadModel::Multi, marks_oops_alive: false
[244.957s][debug][gc,ref         ] GC(11) Skipped KeepAliveFinalRefsPhase of Reference Processing: no references
[244.957s][debug][gc,ref         ] GC(11) ReferenceProcessor::execute queues: 1, RefProcThreadModel::Single, marks_oops_alive: false
[244.957s][debug][gc,phases      ] GC(11) Reference Processing 1.036ms
[244.957s][debug][gc,phases      ] GC(11)   VM Weak                        Min:  0.0, Avg:  0.0, Max:  0.0, Diff:  0.0, Sum:  0.0, Workers: 4
[244.957s][debug][gc,phases      ] GC(11)     Dead                           Min: 0, Avg:  0.0, Max: 0, Diff: 0, Sum: 0, Workers: 4
[244.957s][debug][gc,phases      ] GC(11)     Total                          Min: 0, Avg: 209.2, Max: 453, Diff: 453, Sum: 837, Workers: 4
[244.957s][debug][gc,phases      ] GC(11)   ObjectSynchronizer Weak        Min:  0.0, Avg:  0.0, Max:  0.0, Diff:  0.0, Sum:  0.0, Workers: 4
[244.957s][debug][gc,phases      ] GC(11)     Dead                           Min: 0, Avg:  0.0, Max: 0, Diff: 0, Sum: 0, Workers: 4
[244.957s][debug][gc,phases      ] GC(11)     Total                          Min: 0, Avg:  0.8, Max: 3, Diff: 3, Sum: 3, Workers: 4
[244.957s][debug][gc,phases      ] GC(11)   JVMTI Tag Weak OopStorage      Min:  0.0, Avg:  0.0, Max:  0.0, Diff:  0.0, Sum:  0.0, Workers: 4
[244.957s][debug][gc,phases      ] GC(11)     Dead                           Min: 0, Avg:  0.0, Max: 0, Diff: 0, Sum: 0, Workers: 4
[244.957s][debug][gc,phases      ] GC(11)     Total                          Min: 0, Avg:  0.0, Max: 0, Diff: 0, Sum: 0, Workers: 4
[244.957s][debug][gc,phases      ] GC(11)   StringTable Weak               Min:  0.3, Avg:  0.3, Max:  0.3, Diff:  0.0, Sum:  1.2, Workers: 4
[244.957s][debug][gc,phases      ] GC(11)     Dead                           Min: 0, Avg:  0.2, Max: 1, Diff: 1, Sum: 1, Workers: 4
[244.957s][debug][gc,phases      ] GC(11)     Total                          Min: 10496, Avg: 11774.8, Max: 12348, Diff: 1852, Sum: 47099, Workers: 4
[244.957s][debug][gc,phases      ] GC(11)   ResolvedMethodTable Weak       Min:  0.1, Avg:  0.1, Max:  0.1, Diff:  0.0, Sum:  0.4, Workers: 4
[244.957s][debug][gc,phases      ] GC(11)     Dead                           Min: 0, Avg:  0.0, Max: 0, Diff: 0, Sum: 0, Workers: 4
[244.957s][debug][gc,phases      ] GC(11)     Total                          Min: 2584, Avg: 3082.2, Max: 3360, Diff: 776, Sum: 12329, Workers: 4
[244.957s][debug][gc,phases      ] GC(11)   JNI Weak                       Min:  0.0, Avg:  0.0, Max:  0.0, Diff:  0.0, Sum:  0.0, Workers: 4
[244.957s][debug][gc,phases      ] GC(11)     Dead                           Min: 0, Avg:  0.0, Max: 0, Diff: 0, Sum: 0, Workers: 4
[244.957s][debug][gc,phases      ] GC(11)     Total                          Min: 0, Avg: 12.0, Max: 48, Diff: 48, Sum: 48, Workers: 4
[244.957s][debug][gc,phases      ] GC(11)   StringDedup Table Weak         Min:  0.0, Avg:  0.0, Max:  0.0, Diff:  0.0, Sum:  0.0, Workers: 4
[244.957s][debug][gc,phases      ] GC(11)     Dead                           Min: 0, Avg:  0.0, Max: 0, Diff: 0, Sum: 0, Workers: 4
[244.957s][debug][gc,phases      ] GC(11)     Total                          Min: 0, Avg:  0.0, Max: 0, Diff: 0, Sum: 0, Workers: 4
[244.957s][debug][gc,phases      ] GC(11)   StringDedup Requests0 Weak     Min:  0.0, Avg:  0.0, Max:  0.0, Diff:  0.0, Sum:  0.0, Workers: 4
[244.957s][debug][gc,phases      ] GC(11)     Dead                           Min: 0, Avg:  0.0, Max: 0, Diff: 0, Sum: 0, Workers: 4
[244.957s][debug][gc,phases      ] GC(11)     Total                          Min: 0, Avg:  0.0, Max: 0, Diff: 0, Sum: 0, Workers: 4
[244.957s][debug][gc,phases      ] GC(11)   StringDedup Requests1 Weak     Min:  0.0, Avg:  0.0, Max:  0.0, Diff:  0.0, Sum:  0.0, Workers: 4
[244.957s][debug][gc,phases      ] GC(11)     Dead                           Min: 0, Avg:  0.0, Max: 0, Diff: 0, Sum: 0, Workers: 4
[244.957s][debug][gc,phases      ] GC(11)     Total                          Min: 0, Avg:  0.0, Max: 0, Diff: 0, Sum: 0, Workers: 4
[244.957s][debug][gc,phases      ] GC(11)   Weak JFR Old Object Samples    Min:  0.0, Avg:  0.0, Max:  0.0, Diff:  0.0, Sum:  0.0, Workers: 4
[244.957s][debug][gc,phases      ] GC(11)     Dead                           Min: 0, Avg:  0.0, Max: 0, Diff: 0, Sum: 0, Workers: 4
[244.957s][debug][gc,phases      ] GC(11)     Total                          Min: 0, Avg:  0.0, Max: 0, Diff: 0, Sum: 0, Workers: 4
[244.957s][debug][gc,phases      ] GC(11) Weak Processing 0.624ms
[244.957s][debug][gc,age         ] GC(11) Desired survivor size 350748672 bytes, new threshold 11 (max threshold 15)
[244.957s][info ][gc,heap        ] GC(11) PSYoungGen: 1651537K(1651712K)->230305K(1753600K) Eden: 1421312K(1421312K)->0K(1412096K) From: 230225K(230400K)->230305K(341504K)
[244.957s][info ][gc,heap        ] GC(11) ParOldGen: 6411K(18432K)->6427K(18432K)
[244.957s][info ][gc,metaspace   ] GC(11) Metaspace: 91600K(92672K)->91600K(92672K) NonClass: 78006K(78592K)->78006K(78592K) Class: 13594K(14080K)->13594K(14080K)
[244.957s][info ][gc             ] GC(11) Pause Young (Allocation Failure) 1619M->231M(1730M) 86.738ms
[244.957s][info ][gc,cpu         ] GC(11) User=0.29s Sys=0.00s Real=0.08s
[244.958s][info ][safepoint      ] Safepoint "ParallelGCFailedAllocation", Time since last: 501718532 ns, Reaching safepoint: 6900 ns, Cleanup: 10800 ns, At safepoint: 86808007 ns, Total: 86825707 ns
[245.958s][info ][safepoint      ] Safepoint "Cleanup", Time since last: 1000087143 ns, Reaching safepoint: 7500 ns, Cleanup: 10600 ns, At safepoint: 2400 ns, Total: 20500 ns
[246.958s][info ][safepoint      ] Safepoint "Cleanup", Time since last: 1000126344 ns, Reaching safepoint: 5900 ns, Cleanup: 15700 ns, At safepoint: 2000 ns, Total: 23600 ns
[247.958s][info ][safepoint      ] Safepoint "Cleanup", Time since last: 1000113443 ns, Reaching safepoint: 6800 ns, Cleanup: 13000 ns, At safepoint: 2000 ns, Total: 21800 ns
[248.958s][info ][safepoint      ] Safepoint "Cleanup", Time since last: 1000097243 ns, Reaching safepoint: 11800 ns, Cleanup: 17501 ns, At safepoint: 2800 ns, Total: 32101 ns
[249.958s][info ][safepoint      ] Safepoint "Cleanup", Time since last: 1000111439 ns, Reaching safepoint: 5800 ns, Cleanup: 13500 ns, At safepoint: 4700 ns, Total: 24000 ns
[253.958s][info ][safepoint      ] Safepoint "Cleanup", Time since last: 4000295957 ns, Reaching safepoint: 6900 ns, Cleanup: 12700 ns, At safepoint: 2300 ns, Total: 21900 ns
[256.959s][info ][safepoint      ] Safepoint "Cleanup", Time since last: 3000224318 ns, Reaching safepoint: 5900 ns, Cleanup: 10900 ns, At safepoint: 2000 ns, Total: 18800 ns
[257.959s][info ][safepoint      ] Safepoint "Cleanup", Time since last: 1000113675 ns, Reaching safepoint: 5800 ns, Cleanup: 9400 ns, At safepoint: 1900 ns, Total: 17100 ns
[259.959s][info ][safepoint      ] Safepoint "Cleanup", Time since last: 2000177311 ns, Reaching safepoint: 6000 ns, Cleanup: 11901 ns, At safepoint: 1800 ns, Total: 19701 ns
[260.959s][info ][safepoint      ] Safepoint "Cleanup", Time since last: 1000109455 ns, Reaching safepoint: 8600 ns, Cleanup: 12000 ns, At safepoint: 2700 ns, Total: 23300 ns
[262.959s][info ][safepoint      ] Safepoint "Cleanup", Time since last: 2000175611 ns, Reaching safepoint: 6701 ns, Cleanup: 10000 ns, At safepoint: 2000 ns, Total: 18701 ns
[263.959s][info ][safepoint      ] Safepoint "Cleanup", Time since last: 1000078655 ns, Reaching safepoint: 5900 ns, Cleanup: 17500 ns, At safepoint: 2300 ns, Total: 25700 ns
[264.960s][info ][safepoint      ] Safepoint "Cleanup", Time since last: 1000096647 ns, Reaching safepoint: 6400 ns, Cleanup: 14600 ns, At safepoint: 2000 ns, Total: 23000 ns
[265.960s][info ][safepoint      ] Safepoint "Cleanup", Time since last: 1000092375 ns, Reaching safepoint: 14600 ns, Cleanup: 10100 ns, At safepoint: 5200 ns, Total: 29900 ns
[266.960s][info ][safepoint      ] Safepoint "Cleanup", Time since last: 1000106072 ns, Reaching safepoint: 6300 ns, Cleanup: 13601 ns, At safepoint: 2000 ns, Total: 21901 ns
[267.960s][info ][safepoint      ] Safepoint "Cleanup", Time since last: 1000100572 ns, Reaching safepoint: 6300 ns, Cleanup: 14300 ns, At safepoint: 2900 ns, Total: 23500 ns
[268.960s][info ][safepoint      ] Safepoint "Cleanup", Time since last: 1000122272 ns, Reaching safepoint: 6200 ns, Cleanup: 8000 ns, At safepoint: 1800 ns, Total: 16000 ns
[269.636s][info ][safepoint      ] Safepoint "ICBufferFull", Time since last: 675145997 ns, Reaching safepoint: 99200 ns, Cleanup: 128901 ns, At safepoint: 13400 ns, Total: 241501 ns
[270.636s][info ][safepoint      ] Safepoint "Cleanup", Time since last: 1000133973 ns, Reaching safepoint: 6200 ns, Cleanup: 42500 ns, At safepoint: 1800 ns, Total: 50500 ns
[271.636s][info ][safepoint      ] Safepoint "Cleanup", Time since last: 1000061972 ns, Reaching safepoint: 6800 ns, Cleanup: 24200 ns, At safepoint: 2200 ns, Total: 33200 ns
[272.636s][info ][safepoint      ] Safepoint "Cleanup", Time since last: 1000113172 ns, Reaching safepoint: 7500 ns, Cleanup: 20600 ns, At safepoint: 2100 ns, Total: 30200 ns
[273.636s][info ][safepoint      ] Safepoint "Cleanup", Time since last: 1000110483 ns, Reaching safepoint: 7100 ns, Cleanup: 14200 ns, At safepoint: 1900 ns, Total: 23200 ns
[274.636s][info ][safepoint      ] Safepoint "Cleanup", Time since last: 1000105726 ns, Reaching safepoint: 6500 ns, Cleanup: 10800 ns, At safepoint: 2200 ns, Total: 19500 ns
[275.636s][info ][safepoint      ] Safepoint "Cleanup", Time since last: 1000113125 ns, Reaching safepoint: 8000 ns, Cleanup: 37700 ns, At safepoint: 2000 ns, Total: 47700 ns
[276.637s][info ][safepoint      ] Safepoint "Cleanup", Time since last: 1000132526 ns, Reaching safepoint: 6900 ns, Cleanup: 20600 ns, At safepoint: 2100 ns, Total: 29600 ns
[277.637s][info ][safepoint      ] Safepoint "Cleanup", Time since last: 1000099726 ns, Reaching safepoint: 6800 ns, Cleanup: 12500 ns, At safepoint: 1700 ns, Total: 21000 ns
[278.637s][info ][safepoint      ] Safepoint "Cleanup", Time since last: 1000108025 ns, Reaching safepoint: 8000 ns, Cleanup: 20500 ns, At safepoint: 2500 ns, Total: 31000 ns
[279.637s][info ][safepoint      ] Safepoint "Cleanup", Time since last: 1000118626 ns, Reaching safepoint: 9100 ns, Cleanup: 11500 ns, At safepoint: 2300 ns, Total: 22900 ns
[280.637s][info ][safepoint      ] Safepoint "Cleanup", Time since last: 1000111925 ns, Reaching safepoint: 7900 ns, Cleanup: 46601 ns, At safepoint: 2400 ns, Total: 56901 ns
[281.637s][info ][safepoint      ] Safepoint "Cleanup", Time since last: 1000068068 ns, Reaching safepoint: 6600 ns, Cleanup: 12400 ns, At safepoint: 2100 ns, Total: 21100 ns
[285.637s][info ][safepoint      ] Safepoint "Cleanup", Time since last: 4000295660 ns, Reaching safepoint: 6600 ns, Cleanup: 14900 ns, At safepoint: 2300 ns, Total: 23800 ns
[286.638s][info ][safepoint      ] Safepoint "Cleanup", Time since last: 1000103540 ns, Reaching safepoint: 8500 ns, Cleanup: 13500 ns, At safepoint: 2500 ns, Total: 24500 ns
[287.638s][info ][safepoint      ] Safepoint "Cleanup", Time since last: 1000115040 ns, Reaching safepoint: 8300 ns, Cleanup: 10500 ns, At safepoint: 2200 ns, Total: 21000 ns
[289.638s][info ][safepoint      ] Safepoint "Cleanup", Time since last: 2000173644 ns, Reaching safepoint: 7300 ns, Cleanup: 12400 ns, At safepoint: 2200 ns, Total: 21900 ns
[294.638s][info ][safepoint      ] Safepoint "Cleanup", Time since last: 5000277195 ns, Reaching safepoint: 6800 ns, Cleanup: 7401 ns, At safepoint: 2100 ns, Total: 16301 ns
[296.638s][info ][safepoint      ] Safepoint "Cleanup", Time since last: 2000177558 ns, Reaching safepoint: 6900 ns, Cleanup: 9500 ns, At safepoint: 1900 ns, Total: 18300 ns
[297.639s][info ][safepoint      ] Safepoint "Cleanup", Time since last: 1000110764 ns, Reaching safepoint: 8000 ns, Cleanup: 16900 ns, At safepoint: 2300 ns, Total: 27200 ns
[298.639s][info ][safepoint      ] Safepoint "Cleanup", Time since last: 1000116354 ns, Reaching safepoint: 7600 ns, Cleanup: 10300 ns, At safepoint: 2200 ns, Total: 20100 ns
[300.132s][info ][safepoint      ] Safepoint "Cleanup", Time since last: 1493549842 ns, Reaching safepoint: 4300 ns, Cleanup: 11900 ns, At safepoint: 5500 ns, Total: 21700 ns
[301.132s][info ][safepoint      ] Safepoint "Cleanup", Time since last: 1000127254 ns, Reaching safepoint: 6900 ns, Cleanup: 9400 ns, At safepoint: 1800 ns, Total: 18100 ns
[302.667s][info ][gc,start       ] GC(12) Pause Young (Allocation Failure)
[302.749s][debug][gc,phases      ] GC(12) Scavenge 81.753ms
[302.749s][debug][gc,ref         ] GC(12) ReferenceProcessor::execute queues: 4, RefProcThreadModel::Multi, marks_oops_alive: false
[302.750s][debug][gc,ref         ] GC(12) Skipped KeepAliveFinalRefsPhase of Reference Processing: no references
[302.750s][debug][gc,ref         ] GC(12) ReferenceProcessor::execute queues: 1, RefProcThreadModel::Single, marks_oops_alive: false
[302.750s][debug][gc,phases      ] GC(12) Reference Processing 1.071ms
[302.751s][debug][gc,phases      ] GC(12)   VM Weak                        Min:  0.0, Avg:  0.0, Max:  0.0, Diff:  0.0, Sum:  0.0, Workers: 4
[302.751s][debug][gc,phases      ] GC(12)     Dead                           Min: 0, Avg:  0.0, Max: 0, Diff: 0, Sum: 0, Workers: 4
[302.751s][debug][gc,phases      ] GC(12)     Total                          Min: 128, Avg: 209.5, Max: 320, Diff: 192, Sum: 838, Workers: 4
[302.751s][debug][gc,phases      ] GC(12)   ObjectSynchronizer Weak        Min:  0.0, Avg:  0.0, Max:  0.0, Diff:  0.0, Sum:  0.0, Workers: 4
[302.751s][debug][gc,phases      ] GC(12)     Dead                           Min: 0, Avg:  0.0, Max: 0, Diff: 0, Sum: 0, Workers: 4
[302.751s][debug][gc,phases      ] GC(12)     Total                          Min: 0, Avg:  0.8, Max: 3, Diff: 3, Sum: 3, Workers: 4
[302.751s][debug][gc,phases      ] GC(12)   JVMTI Tag Weak OopStorage      Min:  0.0, Avg:  0.0, Max:  0.0, Diff:  0.0, Sum:  0.0, Workers: 4
[302.751s][debug][gc,phases      ] GC(12)     Dead                           Min: 0, Avg:  0.0, Max: 0, Diff: 0, Sum: 0, Workers: 4
[302.751s][debug][gc,phases      ] GC(12)     Total                          Min: 0, Avg:  0.0, Max: 0, Diff: 0, Sum: 0, Workers: 4
[302.751s][debug][gc,phases      ] GC(12)   StringTable Weak               Min:  0.3, Avg:  0.3, Max:  0.3, Diff:  0.0, Sum:  1.3, Workers: 4
[302.751s][debug][gc,phases      ] GC(12)     Dead                           Min: 0, Avg:  0.2, Max: 1, Diff: 1, Sum: 1, Workers: 4
[302.751s][debug][gc,phases      ] GC(12)     Total                          Min: 10496, Avg: 11810.8, Max: 12544, Diff: 2048, Sum: 47243, Workers: 4
[302.751s][debug][gc,phases      ] GC(12)   ResolvedMethodTable Weak       Min:  0.1, Avg:  0.1, Max:  0.1, Diff:  0.0, Sum:  0.4, Workers: 4
[302.751s][debug][gc,phases      ] GC(12)     Dead                           Min: 0, Avg:  2.2, Max: 5, Diff: 5, Sum: 9, Workers: 4
[302.751s][debug][gc,phases      ] GC(12)     Total                          Min: 3038, Avg: 3096.8, Max: 3149, Diff: 111, Sum: 12387, Workers: 4
[302.751s][debug][gc,phases      ] GC(12)   JNI Weak                       Min:  0.0, Avg:  0.0, Max:  0.0, Diff:  0.0, Sum:  0.0, Workers: 4
[302.751s][debug][gc,phases      ] GC(12)     Dead                           Min: 0, Avg:  0.0, Max: 0, Diff: 0, Sum: 0, Workers: 4
[302.751s][debug][gc,phases      ] GC(12)     Total                          Min: 0, Avg: 12.0, Max: 48, Diff: 48, Sum: 48, Workers: 4
[302.751s][debug][gc,phases      ] GC(12)   StringDedup Table Weak         Min:  0.0, Avg:  0.0, Max:  0.0, Diff:  0.0, Sum:  0.0, Workers: 4
[302.751s][debug][gc,phases      ] GC(12)     Dead                           Min: 0, Avg:  0.0, Max: 0, Diff: 0, Sum: 0, Workers: 4
[302.751s][debug][gc,phases      ] GC(12)     Total                          Min: 0, Avg:  0.0, Max: 0, Diff: 0, Sum: 0, Workers: 4
[302.751s][debug][gc,phases      ] GC(12)   StringDedup Requests0 Weak     Min:  0.0, Avg:  0.0, Max:  0.0, Diff:  0.0, Sum:  0.0, Workers: 4
[302.751s][debug][gc,phases      ] GC(12)     Dead                           Min: 0, Avg:  0.0, Max: 0, Diff: 0, Sum: 0, Workers: 4
[302.751s][debug][gc,phases      ] GC(12)     Total                          Min: 0, Avg:  0.0, Max: 0, Diff: 0, Sum: 0, Workers: 4
[302.751s][debug][gc,phases      ] GC(12)   StringDedup Requests1 Weak     Min:  0.0, Avg:  0.0, Max:  0.0, Diff:  0.0, Sum:  0.0, Workers: 4
[302.751s][debug][gc,phases      ] GC(12)     Dead                           Min: 0, Avg:  0.0, Max: 0, Diff: 0, Sum: 0, Workers: 4
[302.751s][debug][gc,phases      ] GC(12)     Total                          Min: 0, Avg:  0.0, Max: 0, Diff: 0, Sum: 0, Workers: 4
[302.751s][debug][gc,phases      ] GC(12)   Weak JFR Old Object Samples    Min:  0.0, Avg:  0.0, Max:  0.0, Diff:  0.0, Sum:  0.0, Workers: 4
[302.751s][debug][gc,phases      ] GC(12)     Dead                           Min: 0, Avg:  0.0, Max: 0, Diff: 0, Sum: 0, Workers: 4
[302.751s][debug][gc,phases      ] GC(12)     Total                          Min: 0, Avg:  0.0, Max: 0, Diff: 0, Sum: 0, Workers: 4
[302.751s][debug][gc,phases      ] GC(12) Weak Processing 0.666ms
[302.751s][debug][gc,age         ] GC(12) Desired survivor size 350748672 bytes, new threshold 12 (max threshold 15)
[302.751s][info ][gc,heap        ] GC(12) PSYoungGen: 1642401K(1753600K)->232688K(1754624K) Eden: 1412096K(1412096K)->0K(1412096K) From: 230305K(341504K)->232688K(342528K)
[302.751s][info ][gc,heap        ] GC(12) ParOldGen: 6427K(18432K)->6435K(18432K)
[302.751s][info ][gc,metaspace   ] GC(12) Metaspace: 91797K(92928K)->91797K(92928K) NonClass: 78180K(78848K)->78180K(78848K) Class: 13616K(14080K)->13616K(14080K)
[302.751s][info ][gc             ] GC(12) Pause Young (Allocation Failure) 1610M->233M(1731M) 83.636ms
[302.751s][info ][gc,cpu         ] GC(12) User=0.28s Sys=0.01s Real=0.09s
[302.751s][info ][safepoint      ] Safepoint "ParallelGCFailedAllocation", Time since last: 1534569874 ns, Reaching safepoint: 83801 ns, Cleanup: 3600 ns, At safepoint: 83712173 ns, Total: 83799574 ns
[307.751s][info ][safepoint      ] Safepoint "Cleanup", Time since last: 5000335759 ns, Reaching safepoint: 6500 ns, Cleanup: 13801 ns, At safepoint: 2100 ns, Total: 22401 ns
[308.751s][info ][safepoint      ] Safepoint "Cleanup", Time since last: 1000109351 ns, Reaching safepoint: 6800 ns, Cleanup: 14400 ns, At safepoint: 1800 ns, Total: 23000 ns
[310.751s][info ][safepoint      ] Safepoint "Cleanup", Time since last: 2000139901 ns, Reaching safepoint: 8500 ns, Cleanup: 13200 ns, At safepoint: 2500 ns, Total: 24200 ns
[312.752s][info ][safepoint      ] Safepoint "Cleanup", Time since last: 2000181902 ns, Reaching safepoint: 9100 ns, Cleanup: 11800 ns, At safepoint: 2200 ns, Total: 23100 ns
[313.631s][info ][gc,start       ] GC(13) Pause Young (CodeCache GC Threshold)
[313.729s][debug][gc,phases      ] GC(13) Scavenge 98.167ms
[313.729s][debug][gc,ref         ] GC(13) ReferenceProcessor::execute queues: 4, RefProcThreadModel::Multi, marks_oops_alive: false
[313.730s][debug][gc,ref         ] GC(13) Skipped KeepAliveFinalRefsPhase of Reference Processing: no references
[313.730s][debug][gc,ref         ] GC(13) ReferenceProcessor::execute queues: 1, RefProcThreadModel::Single, marks_oops_alive: false
[313.730s][debug][gc,phases      ] GC(13) Reference Processing 1.002ms
[313.731s][debug][gc,phases      ] GC(13)   VM Weak                        Min:  0.0, Avg:  0.0, Max:  0.0, Diff:  0.0, Sum:  0.0, Workers: 4
[313.731s][debug][gc,phases      ] GC(13)     Dead                           Min: 0, Avg:  0.0, Max: 0, Diff: 0, Sum: 0, Workers: 4
[313.731s][debug][gc,phases      ] GC(13)     Total                          Min: 0, Avg: 209.5, Max: 454, Diff: 454, Sum: 838, Workers: 4
[313.731s][debug][gc,phases      ] GC(13)   ObjectSynchronizer Weak        Min:  0.0, Avg:  0.0, Max:  0.0, Diff:  0.0, Sum:  0.0, Workers: 4
[313.731s][debug][gc,phases      ] GC(13)     Dead                           Min: 0, Avg:  0.0, Max: 0, Diff: 0, Sum: 0, Workers: 4
[313.731s][debug][gc,phases      ] GC(13)     Total                          Min: 0, Avg:  0.8, Max: 3, Diff: 3, Sum: 3, Workers: 4
[313.731s][debug][gc,phases      ] GC(13)   JVMTI Tag Weak OopStorage      Min:  0.0, Avg:  0.0, Max:  0.0, Diff:  0.0, Sum:  0.0, Workers: 4
[313.731s][debug][gc,phases      ] GC(13)     Dead                           Min: 0, Avg:  0.0, Max: 0, Diff: 0, Sum: 0, Workers: 4
[313.731s][debug][gc,phases      ] GC(13)     Total                          Min: 0, Avg:  0.0, Max: 0, Diff: 0, Sum: 0, Workers: 4
[313.731s][debug][gc,phases      ] GC(13)   StringTable Weak               Min:  0.0, Avg:  0.3, Max:  0.4, Diff:  0.4, Sum:  1.2, Workers: 4
[313.731s][debug][gc,phases      ] GC(13)     Dead                           Min: 0, Avg:  0.5, Max: 2, Diff: 2, Sum: 2, Workers: 4
[313.731s][debug][gc,phases      ] GC(13)     Total                          Min: 0, Avg: 11813.5, Max: 16446, Diff: 16446, Sum: 47254, Workers: 4
[313.731s][debug][gc,phases      ] GC(13)   ResolvedMethodTable Weak       Min:  0.0, Avg:  0.1, Max:  0.1, Diff:  0.1, Sum:  0.4, Workers: 4
[313.731s][debug][gc,phases      ] GC(13)     Dead                           Min: 0, Avg:  0.5, Max: 2, Diff: 2, Sum: 2, Workers: 4
[313.731s][debug][gc,phases      ] GC(13)     Total                          Min: 0, Avg: 3099.8, Max: 4306, Diff: 4306, Sum: 12399, Workers: 4
[313.731s][debug][gc,phases      ] GC(13)   JNI Weak                       Min:  0.0, Avg:  0.0, Max:  0.0, Diff:  0.0, Sum:  0.0, Workers: 4
[313.731s][debug][gc,phases      ] GC(13)     Dead                           Min: 0, Avg:  0.0, Max: 0, Diff: 0, Sum: 0, Workers: 4
[313.731s][debug][gc,phases      ] GC(13)     Total                          Min: 0, Avg: 12.5, Max: 50, Diff: 50, Sum: 50, Workers: 4
[313.731s][debug][gc,phases      ] GC(13)   StringDedup Table Weak         Min:  0.0, Avg:  0.0, Max:  0.0, Diff:  0.0, Sum:  0.0, Workers: 4
[313.731s][debug][gc,phases      ] GC(13)     Dead                           Min: 0, Avg:  0.0, Max: 0, Diff: 0, Sum: 0, Workers: 4
[313.731s][debug][gc,phases      ] GC(13)     Total                          Min: 0, Avg:  0.0, Max: 0, Diff: 0, Sum: 0, Workers: 4
[313.731s][debug][gc,phases      ] GC(13)   StringDedup Requests0 Weak     Min:  0.0, Avg:  0.0, Max:  0.0, Diff:  0.0, Sum:  0.0, Workers: 4
[313.731s][debug][gc,phases      ] GC(13)     Dead                           Min: 0, Avg:  0.0, Max: 0, Diff: 0, Sum: 0, Workers: 4
[313.731s][debug][gc,phases      ] GC(13)     Total                          Min: 0, Avg:  0.0, Max: 0, Diff: 0, Sum: 0, Workers: 4
[313.731s][debug][gc,phases      ] GC(13)   StringDedup Requests1 Weak     Min:  0.0, Avg:  0.0, Max:  0.0, Diff:  0.0, Sum:  0.0, Workers: 4
[313.731s][debug][gc,phases      ] GC(13)     Dead                           Min: 0, Avg:  0.0, Max: 0, Diff: 0, Sum: 0, Workers: 4
[313.731s][debug][gc,phases      ] GC(13)     Total                          Min: 0, Avg:  0.0, Max: 0, Diff: 0, Sum: 0, Workers: 4
[313.731s][debug][gc,phases      ] GC(13)   Weak JFR Old Object Samples    Min:  0.0, Avg:  0.0, Max:  0.0, Diff:  0.0, Sum:  0.0, Workers: 4
[313.731s][debug][gc,phases      ] GC(13)     Dead                           Min: 0, Avg:  0.0, Max: 0, Diff: 0, Sum: 0, Workers: 4
[313.731s][debug][gc,phases      ] GC(13)     Total                          Min: 0, Avg:  0.0, Max: 0, Diff: 0, Sum: 0, Workers: 4
[313.731s][debug][gc,phases      ] GC(13) Weak Processing 0.735ms
[313.731s][debug][gc,age         ] GC(13) Desired survivor size 349700096 bytes, new threshold 13 (max threshold 15)
[313.731s][info ][gc,heap        ] GC(13) PSYoungGen: 491431K(1754624K)->232929K(1755648K) Eden: 258743K(1412096K)->0K(1413120K) From: 232688K(342528K)->232929K(342528K)
[313.731s][info ][gc,heap        ] GC(13) ParOldGen: 6435K(18432K)->6443K(18432K)
[313.731s][info ][gc,metaspace   ] GC(13) Metaspace: 91820K(92992K)->91820K(92992K) NonClass: 78198K(78848K)->78198K(78848K) Class: 13621K(14144K)->13621K(14144K)
[313.731s][info ][gc             ] GC(13) Pause Young (CodeCache GC Threshold) 486M->233M(1732M) 100.026ms
[313.731s][info ][gc,cpu         ] GC(13) User=0.34s Sys=0.00s Real=0.10s
[313.731s][debug][gc,phases      ] GC(14) Pre Compact 0.009ms
[313.731s][info ][gc,start       ] GC(14) Pause Full (CodeCache GC Threshold)
[313.731s][info ][gc,phases,start] GC(14) Marking Phase
[313.817s][debug][gc,phases      ] GC(14) Par Mark 85.551ms
[313.817s][debug][gc,ref         ] GC(14) ReferenceProcessor::execute queues: 4, RefProcThreadModel::Multi, marks_oops_alive: false
[313.817s][debug][gc,ref         ] GC(14) Skipped KeepAliveFinalRefsPhase of Reference Processing: no references
[313.817s][debug][gc,ref         ] GC(14) ReferenceProcessor::execute queues: 1, RefProcThreadModel::Single, marks_oops_alive: false
[313.817s][debug][gc,phases      ] GC(14) Reference Processing 0.619ms
[313.818s][debug][gc,phases      ] GC(14)   VM Weak                        Min:  0.0, Avg:  0.0, Max:  0.0, Diff:  0.0, Sum:  0.0, Workers: 4
[313.818s][debug][gc,phases      ] GC(14)     Dead                           Min: 0, Avg:  0.0, Max: 0, Diff: 0, Sum: 0, Workers: 4
[313.818s][debug][gc,phases      ] GC(14)     Total                          Min: 0, Avg: 209.5, Max: 512, Diff: 512, Sum: 838, Workers: 4
[313.818s][debug][gc,phases      ] GC(14)   ObjectSynchronizer Weak        Min:  0.0, Avg:  0.0, Max:  0.0, Diff:  0.0, Sum:  0.0, Workers: 4
[313.818s][debug][gc,phases      ] GC(14)     Dead                           Min: 0, Avg:  0.0, Max: 0, Diff: 0, Sum: 0, Workers: 4
[313.818s][debug][gc,phases      ] GC(14)     Total                          Min: 0, Avg:  0.8, Max: 3, Diff: 3, Sum: 3, Workers: 4
[313.818s][debug][gc,phases      ] GC(14)   JVMTI Tag Weak OopStorage      Min:  0.0, Avg:  0.0, Max:  0.0, Diff:  0.0, Sum:  0.0, Workers: 4
[313.818s][debug][gc,phases      ] GC(14)     Dead                           Min: 0, Avg:  0.0, Max: 0, Diff: 0, Sum: 0, Workers: 4
[313.818s][debug][gc,phases      ] GC(14)     Total                          Min: 0, Avg:  0.0, Max: 0, Diff: 0, Sum: 0, Workers: 4
[313.818s][debug][gc,phases      ] GC(14)   StringTable Weak               Min:  0.0, Avg:  0.2, Max:  0.2, Diff:  0.2, Sum:  0.7, Workers: 4
[313.818s][debug][gc,phases      ] GC(14)     Dead                           Min: 0, Avg:  0.0, Max: 0, Diff: 0, Sum: 0, Workers: 4
[313.818s][debug][gc,phases      ] GC(14)     Total                          Min: 0, Avg: 11813.5, Max: 16959, Diff: 16959, Sum: 47254, Workers: 4
[313.818s][debug][gc,phases      ] GC(14)   ResolvedMethodTable Weak       Min:  0.0, Avg:  0.0, Max:  0.1, Diff:  0.1, Sum:  0.2, Workers: 4
[313.818s][debug][gc,phases      ] GC(14)     Dead                           Min: 0, Avg:  0.0, Max: 0, Diff: 0, Sum: 0, Workers: 4
[313.818s][debug][gc,phases      ] GC(14)     Total                          Min: 0, Avg: 3099.8, Max: 4564, Diff: 4564, Sum: 12399, Workers: 4
[313.818s][debug][gc,phases      ] GC(14)   JNI Weak                       Min:  0.0, Avg:  0.0, Max:  0.0, Diff:  0.0, Sum:  0.0, Workers: 4
[313.818s][debug][gc,phases      ] GC(14)     Dead                           Min: 0, Avg:  0.0, Max: 0, Diff: 0, Sum: 0, Workers: 4
[313.818s][debug][gc,phases      ] GC(14)     Total                          Min: 0, Avg: 12.5, Max: 50, Diff: 50, Sum: 50, Workers: 4
[313.818s][debug][gc,phases      ] GC(14)   StringDedup Table Weak         Min:  0.0, Avg:  0.0, Max:  0.0, Diff:  0.0, Sum:  0.0, Workers: 4
[313.818s][debug][gc,phases      ] GC(14)     Dead                           Min: 0, Avg:  0.0, Max: 0, Diff: 0, Sum: 0, Workers: 4
[313.818s][debug][gc,phases      ] GC(14)     Total                          Min: 0, Avg:  0.0, Max: 0, Diff: 0, Sum: 0, Workers: 4
[313.818s][debug][gc,phases      ] GC(14)   StringDedup Requests0 Weak     Min:  0.0, Avg:  0.0, Max:  0.0, Diff:  0.0, Sum:  0.0, Workers: 4
[313.818s][debug][gc,phases      ] GC(14)     Dead                           Min: 0, Avg:  0.0, Max: 0, Diff: 0, Sum: 0, Workers: 4
[313.818s][debug][gc,phases      ] GC(14)     Total                          Min: 0, Avg:  0.0, Max: 0, Diff: 0, Sum: 0, Workers: 4
[313.818s][debug][gc,phases      ] GC(14)   StringDedup Requests1 Weak     Min:  0.0, Avg:  0.0, Max:  0.0, Diff:  0.0, Sum:  0.0, Workers: 4
[313.818s][debug][gc,phases      ] GC(14)     Dead                           Min: 0, Avg:  0.0, Max: 0, Diff: 0, Sum: 0, Workers: 4
[313.818s][debug][gc,phases      ] GC(14)     Total                          Min: 0, Avg:  0.0, Max: 0, Diff: 0, Sum: 0, Workers: 4
[313.818s][debug][gc,phases      ] GC(14)   Weak JFR Old Object Samples    Min:  0.0, Avg:  0.0, Max:  0.0, Diff:  0.0, Sum:  0.0, Workers: 4
[313.818s][debug][gc,phases      ] GC(14)     Dead                           Min: 0, Avg:  0.0, Max: 0, Diff: 0, Sum: 0, Workers: 4
[313.818s][debug][gc,phases      ] GC(14)     Total                          Min: 0, Avg:  0.0, Max: 0, Diff: 0, Sum: 0, Workers: 4
[313.818s][debug][gc,phases      ] GC(14) Weak Processing 0.495ms
[313.818s][debug][gc,phases      ] GC(14) ClassLoaderData 0.107ms
[313.818s][debug][gc,phases      ] GC(14) Trigger cleanups 0.000ms
[314.108s][debug][gc,phases      ] GC(14) Class Unloading 290.373ms
[314.108s][debug][gc,phases      ] GC(14) Report Object Count 0.002ms
[314.108s][info ][gc,phases      ] GC(14) Marking Phase 377.146ms
[314.108s][info ][gc,phases,start] GC(14) Summary Phase
[314.108s][info ][gc,phases      ] GC(14) Summary Phase 0.010ms
[314.108s][info ][gc,phases,start] GC(14) Adjust Roots
[314.133s][info ][gc,phases      ] GC(14) Adjust Roots 24.512ms
[314.133s][info ][gc,phases,start] GC(14) Compaction Phase
[314.386s][info ][gc,phases      ] GC(14) Compaction Phase 253.289ms
[314.386s][info ][gc,phases,start] GC(14) Post Compact
[314.394s][info ][gc,phases      ] GC(14) Post Compact 8.243ms
[314.394s][info ][gc,heap        ] GC(14) PSYoungGen: 232929K(1755648K)->220515K(1755648K) Eden: 0K(1413120K)->0K(1413120K) From: 232929K(342528K)->220515K(342528K)
[314.394s][info ][gc,heap        ] GC(14) ParOldGen: 6443K(18432K)->17131K(18432K)
[314.394s][info ][gc,metaspace   ] GC(14) Metaspace: 91820K(92992K)->91820K(92992K) NonClass: 78198K(78848K)->78198K(78848K) Class: 13621K(14144K)->13621K(14144K)
[314.394s][info ][gc             ] GC(14) Pause Full (CodeCache GC Threshold) 233M->232M(1732M) 663.366ms
[314.394s][info ][gc,cpu         ] GC(14) User=1.52s Sys=0.04s Real=0.66s
[314.394s][info ][safepoint      ] Safepoint "ParallelGCSystemGC", Time since last: 879110345 ns, Reaching safepoint: 82500 ns, Cleanup: 25901 ns, At safepoint: 763574383 ns, Total: 763682784 ns
[315.460s][info ][safepoint      ] Safepoint "Cleanup", Time since last: 1065330577 ns, Reaching safepoint: 7200 ns, Cleanup: 145701 ns, At safepoint: 7200 ns, Total: 160101 ns
[316.460s][info ][safepoint      ] Safepoint "Cleanup", Time since last: 1000116211 ns, Reaching safepoint: 6400 ns, Cleanup: 8000 ns, At safepoint: 3800 ns, Total: 18200 ns
[317.460s][info ][safepoint      ] Safepoint "Cleanup", Time since last: 1000109111 ns, Reaching safepoint: 8300 ns, Cleanup: 20400 ns, At safepoint: 2200 ns, Total: 30900 ns
[319.460s][info ][safepoint      ] Safepoint "Cleanup", Time since last: 2000173322 ns, Reaching safepoint: 6900 ns, Cleanup: 58600 ns, At safepoint: 2000 ns, Total: 67500 ns
[320.461s][info ][safepoint      ] Safepoint "Cleanup", Time since last: 1000120911 ns, Reaching safepoint: 9200 ns, Cleanup: 87701 ns, At safepoint: 3800 ns, Total: 100701 ns
[321.461s][info ][safepoint      ] Safepoint "Cleanup", Time since last: 1000120626 ns, Reaching safepoint: 7300 ns, Cleanup: 43500 ns, At safepoint: 3000 ns, Total: 53800 ns
[322.461s][info ][safepoint      ] Safepoint "Cleanup", Time since last: 1000112049 ns, Reaching safepoint: 9400 ns, Cleanup: 20600 ns, At safepoint: 3000 ns, Total: 33000 ns
[323.461s][info ][safepoint      ] Safepoint "Cleanup", Time since last: 1000111749 ns, Reaching safepoint: 7800 ns, Cleanup: 19301 ns, At safepoint: 2900 ns, Total: 30001 ns
[324.461s][info ][safepoint      ] Safepoint "Cleanup", Time since last: 1000070548 ns, Reaching safepoint: 6200 ns, Cleanup: 14801 ns, At safepoint: 2000 ns, Total: 23001 ns
[325.461s][info ][safepoint      ] Safepoint "Cleanup", Time since last: 1000100849 ns, Reaching safepoint: 8100 ns, Cleanup: 30000 ns, At safepoint: 2500 ns, Total: 40600 ns
[326.462s][info ][safepoint      ] Safepoint "Cleanup", Time since last: 1000105549 ns, Reaching safepoint: 6700 ns, Cleanup: 21500 ns, At safepoint: 3100 ns, Total: 31300 ns
[327.462s][info ][safepoint      ] Safepoint "Cleanup", Time since last: 1000103649 ns, Reaching safepoint: 7200 ns, Cleanup: 17100 ns, At safepoint: 2500 ns, Total: 26800 ns
[328.462s][info ][safepoint      ] Safepoint "Cleanup", Time since last: 1000098849 ns, Reaching safepoint: 6600 ns, Cleanup: 15501 ns, At safepoint: 2500 ns, Total: 24601 ns
[329.462s][info ][safepoint      ] Safepoint "Cleanup", Time since last: 1000103341 ns, Reaching safepoint: 6800 ns, Cleanup: 32600 ns, At safepoint: 2900 ns, Total: 42300 ns
[330.462s][info ][safepoint      ] Safepoint "Cleanup", Time since last: 1000126730 ns, Reaching safepoint: 78800 ns, Cleanup: 10400 ns, At safepoint: 6400 ns, Total: 95600 ns
[331.462s][info ][safepoint      ] Safepoint "Cleanup", Time since last: 1000057029 ns, Reaching safepoint: 7701 ns, Cleanup: 100200 ns, At safepoint: 6100 ns, Total: 114001 ns
[332.463s][info ][safepoint      ] Safepoint "Cleanup", Time since last: 1000108130 ns, Reaching safepoint: 6900 ns, Cleanup: 97300 ns, At safepoint: 6700 ns, Total: 110900 ns
[333.165s][info ][safepoint      ] Safepoint "ICBufferFull", Time since last: 702475254 ns, Reaching safepoint: 7300 ns, Cleanup: 212102 ns, At safepoint: 2900 ns, Total: 222302 ns
[333.389s][info ][safepoint      ] Safepoint "ICBufferFull", Time since last: 223786459 ns, Reaching safepoint: 83101 ns, Cleanup: 180601 ns, At safepoint: 11800 ns, Total: 275502 ns
[333.851s][info ][safepoint      ] Safepoint "ICBufferFull", Time since last: 461161296 ns, Reaching safepoint: 7400 ns, Cleanup: 221401 ns, At safepoint: 3600 ns, Total: 232401 ns
[334.592s][info ][safepoint      ] Safepoint "ICBufferFull", Time since last: 741205372 ns, Reaching safepoint: 87700 ns, Cleanup: 158901 ns, At safepoint: 9100 ns, Total: 255701 ns
[334.790s][info ][safepoint      ] Safepoint "ParallelGCFailedAllocation", Time since last: 197821914 ns, Reaching safepoint: 111001 ns, Cleanup: 47800 ns, At safepoint: 18900 ns, Total: 177701 ns
[334.790s][info ][gc,start       ] GC(15) Pause Young (GCLocker Initiated GC)
[334.866s][debug][gc,phases      ] GC(15) Scavenge 75.752ms
[334.867s][debug][gc,ref         ] GC(15) ReferenceProcessor::execute queues: 4, RefProcThreadModel::Multi, marks_oops_alive: false
[334.867s][debug][gc,ref         ] GC(15) Skipped KeepAliveFinalRefsPhase of Reference Processing: no references
[334.867s][debug][gc,ref         ] GC(15) ReferenceProcessor::execute queues: 1, RefProcThreadModel::Single, marks_oops_alive: false
[334.867s][debug][gc,phases      ] GC(15) Reference Processing 0.624ms
[334.870s][debug][gc,phases      ] GC(15)   VM Weak                        Min:  0.0, Avg:  0.0, Max:  0.0, Diff:  0.0, Sum:  0.0, Workers: 4
[334.870s][debug][gc,phases      ] GC(15)     Dead                           Min: 0, Avg:  0.0, Max: 0, Diff: 0, Sum: 0, Workers: 4
[334.870s][debug][gc,phases      ] GC(15)     Total                          Min: 5, Avg: 225.2, Max: 384, Diff: 379, Sum: 901, Workers: 4
[334.870s][debug][gc,phases      ] GC(15)   ObjectSynchronizer Weak        Min:  0.0, Avg:  0.0, Max:  0.0, Diff:  0.0, Sum:  0.0, Workers: 4
[334.870s][debug][gc,phases      ] GC(15)     Dead                           Min: 0, Avg:  0.5, Max: 2, Diff: 2, Sum: 2, Workers: 4
[334.870s][debug][gc,phases      ] GC(15)     Total                          Min: 0, Avg:  2.2, Max: 9, Diff: 9, Sum: 9, Workers: 4
[334.870s][debug][gc,phases      ] GC(15)   JVMTI Tag Weak OopStorage      Min:  0.0, Avg:  0.0, Max:  0.0, Diff:  0.0, Sum:  0.0, Workers: 4
[334.870s][debug][gc,phases      ] GC(15)     Dead                           Min: 0, Avg:  0.0, Max: 0, Diff: 0, Sum: 0, Workers: 4
[334.870s][debug][gc,phases      ] GC(15)     Total                          Min: 0, Avg:  0.0, Max: 0, Diff: 0, Sum: 0, Workers: 4
[334.870s][debug][gc,phases      ] GC(15)   StringTable Weak               Min:  0.3, Avg:  1.0, Max:  2.8, Diff:  2.5, Sum:  3.8, Workers: 4
[334.870s][debug][gc,phases      ] GC(15)     Dead                           Min: 0, Avg:  1.8, Max: 4, Diff: 4, Sum: 7, Workers: 4
[334.870s][debug][gc,phases      ] GC(15)     Total                          Min: 4480, Avg: 11911.8, Max: 14623, Diff: 10143, Sum: 47647, Workers: 4
[334.870s][debug][gc,phases      ] GC(15)   ResolvedMethodTable Weak       Min:  0.0, Avg:  0.1, Max:  0.2, Diff:  0.2, Sum:  0.5, Workers: 4
[334.870s][debug][gc,phases      ] GC(15)     Dead                           Min: 0, Avg: 32.8, Max: 56, Diff: 56, Sum: 131, Workers: 4
[334.870s][debug][gc,phases      ] GC(15)     Total                          Min: 0, Avg: 3242.5, Max: 4554, Diff: 4554, Sum: 12970, Workers: 4
[334.870s][debug][gc,phases      ] GC(15)   JNI Weak                       Min:  0.0, Avg:  0.0, Max:  0.0, Diff:  0.0, Sum:  0.0, Workers: 4
[334.870s][debug][gc,phases      ] GC(15)     Dead                           Min: 0, Avg:  0.0, Max: 0, Diff: 0, Sum: 0, Workers: 4
[334.870s][debug][gc,phases      ] GC(15)     Total                          Min: 0, Avg: 14.5, Max: 57, Diff: 57, Sum: 58, Workers: 4
[334.870s][debug][gc,phases      ] GC(15)   StringDedup Table Weak         Min:  0.0, Avg:  0.0, Max:  0.0, Diff:  0.0, Sum:  0.0, Workers: 4
[334.870s][debug][gc,phases      ] GC(15)     Dead                           Min: 0, Avg:  0.0, Max: 0, Diff: 0, Sum: 0, Workers: 4
[334.870s][debug][gc,phases      ] GC(15)     Total                          Min: 0, Avg:  0.0, Max: 0, Diff: 0, Sum: 0, Workers: 4
[334.870s][debug][gc,phases      ] GC(15)   StringDedup Requests0 Weak     Min:  0.0, Avg:  0.0, Max:  0.0, Diff:  0.0, Sum:  0.0, Workers: 4
[334.870s][debug][gc,phases      ] GC(15)     Dead                           Min: 0, Avg:  0.0, Max: 0, Diff: 0, Sum: 0, Workers: 4
[334.870s][debug][gc,phases      ] GC(15)     Total                          Min: 0, Avg:  0.0, Max: 0, Diff: 0, Sum: 0, Workers: 4
[334.870s][debug][gc,phases      ] GC(15)   StringDedup Requests1 Weak     Min:  0.0, Avg:  0.0, Max:  0.0, Diff:  0.0, Sum:  0.0, Workers: 4
[334.870s][debug][gc,phases      ] GC(15)     Dead                           Min: 0, Avg:  0.0, Max: 0, Diff: 0, Sum: 0, Workers: 4
[334.870s][debug][gc,phases      ] GC(15)     Total                          Min: 0, Avg:  0.0, Max: 0, Diff: 0, Sum: 0, Workers: 4
[334.870s][debug][gc,phases      ] GC(15)   Weak JFR Old Object Samples    Min:  0.0, Avg:  0.0, Max:  0.0, Diff:  0.0, Sum:  0.0, Workers: 4
[334.870s][debug][gc,phases      ] GC(15)     Dead                           Min: 0, Avg:  0.0, Max: 0, Diff: 0, Sum: 0, Workers: 4
[334.870s][debug][gc,phases      ] GC(15)     Total                          Min: 0, Avg:  0.0, Max: 0, Diff: 0, Sum: 0, Workers: 4
[334.870s][debug][gc,phases      ] GC(15) Weak Processing 3.089ms
[334.870s][debug][gc,age         ] GC(15) Desired survivor size 335544320 bytes, new threshold 14 (max threshold 15)
[334.870s][info ][gc,heap        ] GC(15) PSYoungGen: 1633635K(1755648K)->200076K(1754624K) Eden: 1413120K(1413120K)->0K(1413120K) From: 220515K(342528K)->200076K(341504K)
[334.870s][info ][gc,heap        ] GC(15) ParOldGen: 17374K(18432K)->17382K(18432K)
[334.870s][info ][gc,metaspace   ] GC(15) Metaspace: 93363K(94592K)->93363K(94592K) NonClass: 79508K(80192K)->79508K(80192K) Class: 13854K(14400K)->13854K(14400K)
[334.870s][info ][gc             ] GC(15) Pause Young (GCLocker Initiated GC) 1612M->212M(1731M) 79.594ms
[334.870s][info ][gc,cpu         ] GC(15) User=0.27s Sys=0.00s Real=0.08s
[334.870s][info ][safepoint      ] Safepoint "ParallelGCSystemGC", Time since last: 243101 ns, Reaching safepoint: 74101 ns, Cleanup: 1300 ns, At safepoint: 79666448 ns, Total: 79741849 ns
[335.871s][info ][safepoint      ] Safepoint "Cleanup", Time since last: 1000088729 ns, Reaching safepoint: 106201 ns, Cleanup: 569103 ns, At safepoint: 10300 ns, Total: 685604 ns
[336.871s][info ][safepoint      ] Safepoint "Cleanup", Time since last: 1000112330 ns, Reaching safepoint: 85400 ns, Cleanup: 141601 ns, At safepoint: 10300 ns, Total: 237301 ns
[337.872s][info ][safepoint      ] Safepoint "Cleanup", Time since last: 1000135227 ns, Reaching safepoint: 79800 ns, Cleanup: 44601 ns, At safepoint: 12000 ns, Total: 136401 ns
[338.872s][info ][safepoint      ] Safepoint "Cleanup", Time since last: 1000108799 ns, Reaching safepoint: 81100 ns, Cleanup: 35400 ns, At safepoint: 8201 ns, Total: 124701 ns
[339.872s][info ][safepoint      ] Safepoint "Cleanup", Time since last: 1000271599 ns, Reaching safepoint: 83601 ns, Cleanup: 26700 ns, At safepoint: 12600 ns, Total: 122901 ns
[340.872s][info ][safepoint      ] Safepoint "Cleanup", Time since last: 1000140899 ns, Reaching safepoint: 83401 ns, Cleanup: 29500 ns, At safepoint: 10200 ns, Total: 123101 ns
[341.873s][info ][safepoint      ] Safepoint "Cleanup", Time since last: 1000157799 ns, Reaching safepoint: 81101 ns, Cleanup: 44500 ns, At safepoint: 12700 ns, Total: 138301 ns
[342.873s][info ][safepoint      ] Safepoint "Cleanup", Time since last: 1000124399 ns, Reaching safepoint: 7300 ns, Cleanup: 23200 ns, At safepoint: 12301 ns, Total: 42801 ns
[343.873s][info ][safepoint      ] Safepoint "Cleanup", Time since last: 1000103699 ns, Reaching safepoint: 7800 ns, Cleanup: 18400 ns, At safepoint: 2900 ns, Total: 29100 ns
[344.873s][info ][safepoint      ] Safepoint "Cleanup", Time since last: 1000132699 ns, Reaching safepoint: 88600 ns, Cleanup: 161701 ns, At safepoint: 15800 ns, Total: 266101 ns
[345.874s][info ][safepoint      ] Safepoint "Cleanup", Time since last: 1000127607 ns, Reaching safepoint: 82601 ns, Cleanup: 104500 ns, At safepoint: 10700 ns, Total: 197801 ns
[346.874s][info ][safepoint      ] Safepoint "Cleanup", Time since last: 1000123837 ns, Reaching safepoint: 86600 ns, Cleanup: 115001 ns, At safepoint: 13700 ns, Total: 215301 ns
[347.874s][info ][safepoint      ] Safepoint "Cleanup", Time since last: 1000127337 ns, Reaching safepoint: 85600 ns, Cleanup: 105101 ns, At safepoint: 11900 ns, Total: 202601 ns
[348.875s][info ][safepoint      ] Safepoint "Cleanup", Time since last: 1000252137 ns, Reaching safepoint: 757705 ns, Cleanup: 36900 ns, At safepoint: 10800 ns, Total: 805405 ns
[349.378s][info ][gc,start       ] GC(16) Pause Young (Allocation Failure)
[349.455s][debug][gc,phases      ] GC(16) Scavenge 77.131ms
[349.455s][debug][gc,ref         ] GC(16) ReferenceProcessor::execute queues: 1, RefProcThreadModel::Single, marks_oops_alive: false
[349.455s][debug][gc,ref         ] GC(16) Skipped KeepAliveFinalRefsPhase of Reference Processing: no references
[349.455s][debug][gc,ref         ] GC(16) ReferenceProcessor::execute queues: 1, RefProcThreadModel::Single, marks_oops_alive: false
[349.455s][debug][gc,phases      ] GC(16) Reference Processing 0.254ms
[349.456s][debug][gc,phases      ] GC(16)   VM Weak                        Min:  0.0, Avg:  0.0, Max:  0.0, Diff:  0.0, Sum:  0.0, Workers: 4
[349.456s][debug][gc,phases      ] GC(16)     Dead                           Min: 0, Avg:  0.0, Max: 0, Diff: 0, Sum: 0, Workers: 4
[349.456s][debug][gc,phases      ] GC(16)     Total                          Min: 0, Avg: 231.5, Max: 606, Diff: 606, Sum: 926, Workers: 4
[349.456s][debug][gc,phases      ] GC(16)   ObjectSynchronizer Weak        Min:  0.0, Avg:  0.0, Max:  0.0, Diff:  0.0, Sum:  0.0, Workers: 4
[349.456s][debug][gc,phases      ] GC(16)     Dead                           Min: 0, Avg:  0.0, Max: 0, Diff: 0, Sum: 0, Workers: 4
[349.456s][debug][gc,phases      ] GC(16)     Total                          Min: 0, Avg:  2.2, Max: 9, Diff: 9, Sum: 9, Workers: 4
[349.456s][debug][gc,phases      ] GC(16)   JVMTI Tag Weak OopStorage      Min:  0.0, Avg:  0.0, Max:  0.0, Diff:  0.0, Sum:  0.0, Workers: 4
[349.456s][debug][gc,phases      ] GC(16)     Dead                           Min: 0, Avg:  0.0, Max: 0, Diff: 0, Sum: 0, Workers: 4
[349.456s][debug][gc,phases      ] GC(16)     Total                          Min: 0, Avg:  0.0, Max: 0, Diff: 0, Sum: 0, Workers: 4
[349.456s][debug][gc,phases      ] GC(16)   StringTable Weak               Min:  0.3, Avg:  0.3, Max:  0.3, Diff:  0.0, Sum:  1.4, Workers: 4
[349.456s][debug][gc,phases      ] GC(16)     Dead                           Min: 0, Avg:  0.5, Max: 1, Diff: 1, Sum: 2, Workers: 4
[349.456s][debug][gc,phases      ] GC(16)     Total                          Min: 6197, Avg: 11933.0, Max: 20096, Diff: 13899, Sum: 47732, Workers: 4
[349.456s][debug][gc,phases      ] GC(16)   ResolvedMethodTable Weak       Min:  0.0, Avg:  0.1, Max:  0.1, Diff:  0.1, Sum:  0.4, Workers: 4
[349.456s][debug][gc,phases      ] GC(16)     Dead                           Min: 0, Avg:  6.2, Max: 20, Diff: 20, Sum: 25, Workers: 4
[349.456s][debug][gc,phases      ] GC(16)     Total                          Min: 831, Avg: 3270.8, Max: 6081, Diff: 5250, Sum: 13083, Workers: 4
[349.456s][debug][gc,phases      ] GC(16)   JNI Weak                       Min:  0.0, Avg:  0.0, Max:  0.0, Diff:  0.0, Sum:  0.0, Workers: 4
[349.456s][debug][gc,phases      ] GC(16)     Dead                           Min: 0, Avg:  0.0, Max: 0, Diff: 0, Sum: 0, Workers: 4
[349.456s][debug][gc,phases      ] GC(16)     Total                          Min: 0, Avg: 12.0, Max: 48, Diff: 48, Sum: 48, Workers: 4
[349.456s][debug][gc,phases      ] GC(16)   StringDedup Table Weak         Min:  0.0, Avg:  0.0, Max:  0.0, Diff:  0.0, Sum:  0.0, Workers: 4
[349.456s][debug][gc,phases      ] GC(16)     Dead                           Min: 0, Avg:  0.0, Max: 0, Diff: 0, Sum: 0, Workers: 4
[349.456s][debug][gc,phases      ] GC(16)     Total                          Min: 0, Avg:  0.0, Max: 0, Diff: 0, Sum: 0, Workers: 4
[349.456s][debug][gc,phases      ] GC(16)   StringDedup Requests0 Weak     Min:  0.0, Avg:  0.0, Max:  0.0, Diff:  0.0, Sum:  0.0, Workers: 4
[349.456s][debug][gc,phases      ] GC(16)     Dead                           Min: 0, Avg:  0.0, Max: 0, Diff: 0, Sum: 0, Workers: 4
[349.456s][debug][gc,phases      ] GC(16)     Total                          Min: 0, Avg:  0.0, Max: 0, Diff: 0, Sum: 0, Workers: 4
[349.456s][debug][gc,phases      ] GC(16)   StringDedup Requests1 Weak     Min:  0.0, Avg:  0.0, Max:  0.0, Diff:  0.0, Sum:  0.0, Workers: 4
[349.456s][debug][gc,phases      ] GC(16)     Dead                           Min: 0, Avg:  0.0, Max: 0, Diff: 0, Sum: 0, Workers: 4
[349.456s][debug][gc,phases      ] GC(16)     Total                          Min: 0, Avg:  0.0, Max: 0, Diff: 0, Sum: 0, Workers: 4
[349.456s][debug][gc,phases      ] GC(16)   Weak JFR Old Object Samples    Min:  0.0, Avg:  0.0, Max:  0.0, Diff:  0.0, Sum:  0.0, Workers: 4
[349.456s][debug][gc,phases      ] GC(16)     Dead                           Min: 0, Avg:  0.0, Max: 0, Diff: 0, Sum: 0, Workers: 4
[349.456s][debug][gc,phases      ] GC(16)     Total                          Min: 0, Avg:  0.0, Max: 0, Diff: 0, Sum: 0, Workers: 4
[349.456s][debug][gc,phases      ] GC(16) Weak Processing 0.701ms
[349.456s][debug][gc,age         ] GC(16) Desired survivor size 336592896 bytes, new threshold 15 (max threshold 15)
[349.456s][info ][gc,heap        ] GC(16) PSYoungGen: 1613196K(1754624K)->236937K(1767424K) Eden: 1413120K(1413120K)->0K(1439744K) From: 200076K(341504K)->236937K(327680K)
[349.456s][info ][gc,heap        ] GC(16) ParOldGen: 17399K(18432K)->17407K(18432K)
[349.456s][info ][gc,metaspace   ] GC(16) Metaspace: 93704K(94976K)->93704K(94976K) NonClass: 79814K(80576K)->79814K(80576K) Class: 13890K(14400K)->13890K(14400K)
[349.456s][info ][gc             ] GC(16) Pause Young (Allocation Failure) 1592M->248M(1744M) 78.209ms
[349.456s][info ][gc,cpu         ] GC(16) User=0.28s Sys=0.01s Real=0.08s
[349.456s][info ][safepoint      ] Safepoint "ParallelGCFailedAllocation", Time since last: 502404031 ns, Reaching safepoint: 81001 ns, Cleanup: 29200 ns, At safepoint: 78291841 ns, Total: 78402042 ns
[350.456s][info ][safepoint      ] Safepoint "Cleanup", Time since last: 1000089437 ns, Reaching safepoint: 6500 ns, Cleanup: 90600 ns, At safepoint: 9200 ns, Total: 106300 ns
[351.457s][info ][safepoint      ] Safepoint "Cleanup", Time since last: 1000098537 ns, Reaching safepoint: 6500 ns, Cleanup: 24900 ns, At safepoint: 2200 ns, Total: 33600 ns
[352.457s][info ][safepoint      ] Safepoint "Cleanup", Time since last: 1000112437 ns, Reaching safepoint: 6300 ns, Cleanup: 43200 ns, At safepoint: 2800 ns, Total: 52300 ns
[353.457s][info ][safepoint      ] Safepoint "Cleanup", Time since last: 1000123194 ns, Reaching safepoint: 7500 ns, Cleanup: 50800 ns, At safepoint: 8600 ns, Total: 66900 ns
[354.457s][info ][safepoint      ] Safepoint "Cleanup", Time since last: 1000111117 ns, Reaching safepoint: 6901 ns, Cleanup: 13900 ns, At safepoint: 2300 ns, Total: 23101 ns
[355.457s][info ][safepoint      ] Safepoint "Cleanup", Time since last: 1000101117 ns, Reaching safepoint: 8100 ns, Cleanup: 38900 ns, At safepoint: 2300 ns, Total: 49300 ns
[356.457s][info ][safepoint      ] Safepoint "Cleanup", Time since last: 1000133217 ns, Reaching safepoint: 8100 ns, Cleanup: 12201 ns, At safepoint: 2100 ns, Total: 22401 ns
[357.458s][info ][safepoint      ] Safepoint "Cleanup", Time since last: 1000111417 ns, Reaching safepoint: 6500 ns, Cleanup: 21900 ns, At safepoint: 3200 ns, Total: 31600 ns
[358.458s][info ][safepoint      ] Safepoint "Cleanup", Time since last: 1000114717 ns, Reaching safepoint: 8200 ns, Cleanup: 38500 ns, At safepoint: 2600 ns, Total: 49300 ns
[359.458s][info ][safepoint      ] Safepoint "Cleanup", Time since last: 1000105018 ns, Reaching safepoint: 7600 ns, Cleanup: 10500 ns, At safepoint: 1800 ns, Total: 19900 ns
[361.148s][info ][safepoint      ] Safepoint "Cleanup", Time since last: 1690295027 ns, Reaching safepoint: 9901 ns, Cleanup: 25300 ns, At safepoint: 8900 ns, Total: 44101 ns
[362.148s][info ][safepoint      ] Safepoint "Cleanup", Time since last: 1000110785 ns, Reaching safepoint: 7500 ns, Cleanup: 12300 ns, At safepoint: 2100 ns, Total: 21900 ns
[363.148s][info ][safepoint      ] Safepoint "Cleanup", Time since last: 1000070786 ns, Reaching safepoint: 6700 ns, Cleanup: 35900 ns, At safepoint: 2200 ns, Total: 44800 ns
[364.149s][info ][safepoint      ] Safepoint "Cleanup", Time since last: 1000105286 ns, Reaching safepoint: 6200 ns, Cleanup: 32900 ns, At safepoint: 2300 ns, Total: 41400 ns
[365.149s][info ][safepoint      ] Safepoint "Cleanup", Time since last: 1000106286 ns, Reaching safepoint: 6000 ns, Cleanup: 19900 ns, At safepoint: 2200 ns, Total: 28100 ns
[366.149s][info ][safepoint      ] Safepoint "Cleanup", Time since last: 1000102385 ns, Reaching safepoint: 6800 ns, Cleanup: 24601 ns, At safepoint: 2200 ns, Total: 33601 ns
[367.149s][info ][safepoint      ] Safepoint "Cleanup", Time since last: 1000079285 ns, Reaching safepoint: 6100 ns, Cleanup: 17000 ns, At safepoint: 2100 ns, Total: 25200 ns
[368.149s][info ][safepoint      ] Safepoint "Cleanup", Time since last: 1000113386 ns, Reaching safepoint: 7200 ns, Cleanup: 39000 ns, At safepoint: 2200 ns, Total: 48400 ns
[369.149s][info ][safepoint      ] Safepoint "Cleanup", Time since last: 1000103484 ns, Reaching safepoint: 6800 ns, Cleanup: 10200 ns, At safepoint: 2100 ns, Total: 19100 ns
[370.149s][info ][safepoint      ] Safepoint "Cleanup", Time since last: 1000103643 ns, Reaching safepoint: 7400 ns, Cleanup: 32601 ns, At safepoint: 2000 ns, Total: 42001 ns
[371.150s][info ][safepoint      ] Safepoint "Cleanup", Time since last: 1000106243 ns, Reaching safepoint: 7100 ns, Cleanup: 24100 ns, At safepoint: 2400 ns, Total: 33600 ns
[372.150s][info ][safepoint      ] Safepoint "Cleanup", Time since last: 1000120543 ns, Reaching safepoint: 6100 ns, Cleanup: 9300 ns, At safepoint: 2300 ns, Total: 17700 ns
[373.150s][info ][safepoint      ] Safepoint "Cleanup", Time since last: 1000095644 ns, Reaching safepoint: 6300 ns, Cleanup: 8700 ns, At safepoint: 2100 ns, Total: 17100 ns
[374.150s][info ][safepoint      ] Safepoint "Cleanup", Time since last: 1000079843 ns, Reaching safepoint: 6600 ns, Cleanup: 12800 ns, At safepoint: 1900 ns, Total: 21300 ns
[375.150s][info ][safepoint      ] Safepoint "Cleanup", Time since last: 1000113643 ns, Reaching safepoint: 8000 ns, Cleanup: 10000 ns, At safepoint: 2000 ns, Total: 20000 ns
[376.150s][info ][safepoint      ] Safepoint "Cleanup", Time since last: 1000110543 ns, Reaching safepoint: 6600 ns, Cleanup: 13500 ns, At safepoint: 2000 ns, Total: 22100 ns
[377.150s][info ][safepoint      ] Safepoint "Cleanup", Time since last: 1000105642 ns, Reaching safepoint: 77400 ns, Cleanup: 8800 ns, At safepoint: 6100 ns, Total: 92300 ns
[378.150s][info ][safepoint      ] Safepoint "Cleanup", Time since last: 1000108283 ns, Reaching safepoint: 7100 ns, Cleanup: 9000 ns, At safepoint: 2300 ns, Total: 18400 ns
[379.151s][info ][safepoint      ] Safepoint "Cleanup", Time since last: 1000104883 ns, Reaching safepoint: 6100 ns, Cleanup: 12300 ns, At safepoint: 2300 ns, Total: 20700 ns
[382.151s][info ][safepoint      ] Safepoint "Cleanup", Time since last: 3000239849 ns, Reaching safepoint: 7200 ns, Cleanup: 9400 ns, At safepoint: 1900 ns, Total: 18500 ns
[383.151s][info ][safepoint      ] Safepoint "Cleanup", Time since last: 1000121383 ns, Reaching safepoint: 6600 ns, Cleanup: 12100 ns, At safepoint: 2200 ns, Total: 20900 ns
[384.151s][info ][safepoint      ] Safepoint "Cleanup", Time since last: 1000111583 ns, Reaching safepoint: 78400 ns, Cleanup: 10200 ns, At safepoint: 6400 ns, Total: 95000 ns
[387.151s][info ][safepoint      ] Safepoint "Cleanup", Time since last: 3000256459 ns, Reaching safepoint: 9500 ns, Cleanup: 12000 ns, At safepoint: 2200 ns, Total: 23700 ns
[388.152s][info ][safepoint      ] Safepoint "Cleanup", Time since last: 1000127987 ns, Reaching safepoint: 6300 ns, Cleanup: 11701 ns, At safepoint: 2000 ns, Total: 20001 ns
[389.022s][info ][gc,start       ] GC(17) Pause Young (Allocation Failure)
[389.103s][debug][gc,phases      ] GC(17) Scavenge 80.579ms
[389.103s][debug][gc,ref         ] GC(17) ReferenceProcessor::execute queues: 1, RefProcThreadModel::Single, marks_oops_alive: false
[389.103s][debug][gc,ref         ] GC(17) Skipped KeepAliveFinalRefsPhase of Reference Processing: no references
[389.103s][debug][gc,ref         ] GC(17) ReferenceProcessor::execute queues: 1, RefProcThreadModel::Single, marks_oops_alive: false
[389.103s][debug][gc,phases      ] GC(17) Reference Processing 0.161ms
[389.104s][debug][gc,phases      ] GC(17)   VM Weak                        Min:  0.0, Avg:  0.0, Max:  0.0, Diff:  0.0, Sum:  0.0, Workers: 4
[389.104s][debug][gc,phases      ] GC(17)     Dead                           Min: 0, Avg:  0.0, Max: 0, Diff: 0, Sum: 0, Workers: 4
[389.104s][debug][gc,phases      ] GC(17)     Total                          Min: 0, Avg: 231.8, Max: 607, Diff: 607, Sum: 927, Workers: 4
[389.104s][debug][gc,phases      ] GC(17)   ObjectSynchronizer Weak        Min:  0.0, Avg:  0.0, Max:  0.0, Diff:  0.0, Sum:  0.0, Workers: 4
[389.104s][debug][gc,phases      ] GC(17)     Dead                           Min: 0, Avg:  0.0, Max: 0, Diff: 0, Sum: 0, Workers: 4
[389.104s][debug][gc,phases      ] GC(17)     Total                          Min: 0, Avg:  1.0, Max: 4, Diff: 4, Sum: 4, Workers: 4
[389.104s][debug][gc,phases      ] GC(17)   JVMTI Tag Weak OopStorage      Min:  0.0, Avg:  0.0, Max:  0.0, Diff:  0.0, Sum:  0.0, Workers: 4
[389.104s][debug][gc,phases      ] GC(17)     Dead                           Min: 0, Avg:  0.0, Max: 0, Diff: 0, Sum: 0, Workers: 4
[389.104s][debug][gc,phases      ] GC(17)     Total                          Min: 0, Avg:  0.0, Max: 0, Diff: 0, Sum: 0, Workers: 4
[389.104s][debug][gc,phases      ] GC(17)   StringTable Weak               Min:  0.0, Avg:  0.3, Max:  0.4, Diff:  0.4, Sum:  1.3, Workers: 4
[389.104s][debug][gc,phases      ] GC(17)     Dead                           Min: 0, Avg:  0.0, Max: 0, Diff: 0, Sum: 0, Workers: 4
[389.104s][debug][gc,phases      ] GC(17)     Total                          Min: 0, Avg: 11942.8, Max: 17216, Diff: 17216, Sum: 47771, Workers: 4
[389.104s][debug][gc,phases      ] GC(17)   ResolvedMethodTable Weak       Min:  0.0, Avg:  0.1, Max:  0.1, Diff:  0.1, Sum:  0.4, Workers: 4
[389.104s][debug][gc,phases      ] GC(17)     Dead                           Min: 0, Avg:  1.2, Max: 4, Diff: 4, Sum: 5, Workers: 4
[389.104s][debug][gc,phases      ] GC(17)     Total                          Min: 0, Avg: 3274.8, Max: 4590, Diff: 4590, Sum: 13099, Workers: 4
[389.104s][debug][gc,phases      ] GC(17)   JNI Weak                       Min:  0.0, Avg:  0.0, Max:  0.0, Diff:  0.0, Sum:  0.0, Workers: 4
[389.104s][debug][gc,phases      ] GC(17)     Dead                           Min: 0, Avg:  0.0, Max: 0, Diff: 0, Sum: 0, Workers: 4
[389.104s][debug][gc,phases      ] GC(17)     Total                          Min: 0, Avg: 12.0, Max: 48, Diff: 48, Sum: 48, Workers: 4
[389.104s][debug][gc,phases      ] GC(17)   StringDedup Table Weak         Min:  0.0, Avg:  0.0, Max:  0.0, Diff:  0.0, Sum:  0.0, Workers: 4
[389.104s][debug][gc,phases      ] GC(17)     Dead                           Min: 0, Avg:  0.0, Max: 0, Diff: 0, Sum: 0, Workers: 4
[389.104s][debug][gc,phases      ] GC(17)     Total                          Min: 0, Avg:  0.0, Max: 0, Diff: 0, Sum: 0, Workers: 4
[389.104s][debug][gc,phases      ] GC(17)   StringDedup Requests0 Weak     Min:  0.0, Avg:  0.0, Max:  0.0, Diff:  0.0, Sum:  0.0, Workers: 4
[389.104s][debug][gc,phases      ] GC(17)     Dead                           Min: 0, Avg:  0.0, Max: 0, Diff: 0, Sum: 0, Workers: 4
[389.104s][debug][gc,phases      ] GC(17)     Total                          Min: 0, Avg:  0.0, Max: 0, Diff: 0, Sum: 0, Workers: 4
[389.104s][debug][gc,phases      ] GC(17)   StringDedup Requests1 Weak     Min:  0.0, Avg:  0.0, Max:  0.0, Diff:  0.0, Sum:  0.0, Workers: 4
[389.104s][debug][gc,phases      ] GC(17)     Dead                           Min: 0, Avg:  0.0, Max: 0, Diff: 0, Sum: 0, Workers: 4
[389.104s][debug][gc,phases      ] GC(17)     Total                          Min: 0, Avg:  0.0, Max: 0, Diff: 0, Sum: 0, Workers: 4
[389.104s][debug][gc,phases      ] GC(17)   Weak JFR Old Object Samples    Min:  0.0, Avg:  0.0, Max:  0.0, Diff:  0.0, Sum:  0.0, Workers: 4
[389.104s][debug][gc,phases      ] GC(17)     Dead                           Min: 0, Avg:  0.0, Max: 0, Diff: 0, Sum: 0, Workers: 4
[389.104s][debug][gc,phases      ] GC(17)     Total                          Min: 0, Avg:  0.0, Max: 0, Diff: 0, Sum: 0, Workers: 4
[389.104s][debug][gc,phases      ] GC(17) Weak Processing 0.809ms
[389.104s][debug][gc,age         ] GC(17) Desired survivor size 338165760 bytes, new threshold 15 (max threshold 15)
[389.104s][info ][gc,heap        ] GC(17) PSYoungGen: 1676681K(1767424K)->241562K(1681408K) Eden: 1439744K(1439744K)->0K(1439744K) From: 236937K(327680K)->241562K(241664K)
[389.104s][info ][gc,heap        ] GC(17) ParOldGen: 17407K(18432K)->17415K(18432K)
[389.104s][info ][gc,metaspace   ] GC(17) Metaspace: 93859K(95104K)->93859K(95104K) NonClass: 79963K(80704K)->79963K(80704K) Class: 13895K(14400K)->13895K(14400K)
[389.104s][info ][gc             ] GC(17) Pause Young (Allocation Failure) 1654M->252M(1660M) 81.687ms
[389.104s][info ][gc,cpu         ] GC(17) User=0.25s Sys=0.00s Real=0.08s
[389.104s][info ][safepoint      ] Safepoint "ParallelGCFailedAllocation", Time since last: 870695764 ns, Reaching safepoint: 8500 ns, Cleanup: 15400 ns, At safepoint: 81763056 ns, Total: 81786956 ns
[390.104s][info ][safepoint      ] Safepoint "Cleanup", Time since last: 1000084087 ns, Reaching safepoint: 7300 ns, Cleanup: 12800 ns, At safepoint: 2100 ns, Total: 22200 ns
[391.104s][info ][safepoint      ] Safepoint "Cleanup", Time since last: 1000072887 ns, Reaching safepoint: 5200 ns, Cleanup: 12800 ns, At safepoint: 1800 ns, Total: 19800 ns
[393.104s][info ][safepoint      ] Safepoint "Cleanup", Time since last: 2000133774 ns, Reaching safepoint: 6500 ns, Cleanup: 15700 ns, At safepoint: 2600 ns, Total: 24800 ns
[394.105s][info ][safepoint      ] Safepoint "Cleanup", Time since last: 1000103891 ns, Reaching safepoint: 7000 ns, Cleanup: 11600 ns, At safepoint: 2900 ns, Total: 21500 ns
[395.105s][info ][safepoint      ] Safepoint "Cleanup", Time since last: 1000118875 ns, Reaching safepoint: 6600 ns, Cleanup: 11400 ns, At safepoint: 7701 ns, Total: 25701 ns
[396.105s][info ][safepoint      ] Safepoint "Cleanup", Time since last: 1000105275 ns, Reaching safepoint: 4800 ns, Cleanup: 13600 ns, At safepoint: 1900 ns, Total: 20300 ns
[397.105s][info ][safepoint      ] Safepoint "Cleanup", Time since last: 1000138476 ns, Reaching safepoint: 6500 ns, Cleanup: 24100 ns, At safepoint: 2400 ns, Total: 33000 ns
[398.105s][info ][safepoint      ] Safepoint "Cleanup", Time since last: 1000085775 ns, Reaching safepoint: 6700 ns, Cleanup: 38401 ns, At safepoint: 2200 ns, Total: 47301 ns
[399.105s][info ][safepoint      ] Safepoint "Cleanup", Time since last: 1000109193 ns, Reaching safepoint: 6900 ns, Cleanup: 22700 ns, At safepoint: 1900 ns, Total: 31500 ns
[400.105s][info ][safepoint      ] Safepoint "Cleanup", Time since last: 1000111272 ns, Reaching safepoint: 6200 ns, Cleanup: 23600 ns, At safepoint: 1800 ns, Total: 31600 ns
[401.106s][info ][safepoint      ] Safepoint "Cleanup", Time since last: 1000089471 ns, Reaching safepoint: 6300 ns, Cleanup: 12401 ns, At safepoint: 2000 ns, Total: 20701 ns
[402.106s][info ][safepoint      ] Safepoint "Cleanup", Time since last: 1000120060 ns, Reaching safepoint: 7200 ns, Cleanup: 10700 ns, At safepoint: 2800 ns, Total: 20700 ns
[404.106s][info ][safepoint      ] Safepoint "Cleanup", Time since last: 2000105919 ns, Reaching safepoint: 7400 ns, Cleanup: 12200 ns, At safepoint: 2100 ns, Total: 21700 ns
[405.106s][info ][safepoint      ] Safepoint "Cleanup", Time since last: 1000114560 ns, Reaching safepoint: 8500 ns, Cleanup: 17500 ns, At safepoint: 2300 ns, Total: 28300 ns
[406.106s][info ][safepoint      ] Safepoint "Cleanup", Time since last: 1000105460 ns, Reaching safepoint: 6300 ns, Cleanup: 8100 ns, At safepoint: 1800 ns, Total: 16200 ns
[407.106s][info ][safepoint      ] Safepoint "Cleanup", Time since last: 1000112960 ns, Reaching safepoint: 84201 ns, Cleanup: 32100 ns, At safepoint: 11500 ns, Total: 127801 ns
[408.025s][info ][safepoint      ] Safepoint "ICBufferFull", Time since last: 918281505 ns, Reaching safepoint: 6300 ns, Cleanup: 208501 ns, At safepoint: 3500 ns, Total: 218301 ns
[408.374s][info ][safepoint      ] Safepoint "ParallelGCFailedAllocation", Time since last: 349041040 ns, Reaching safepoint: 86401 ns, Cleanup: 59100 ns, At safepoint: 30700 ns, Total: 176201 ns
[408.376s][info ][gc,start       ] GC(18) Pause Young (Allocation Failure)
[408.447s][debug][gc,phases      ] GC(18) Scavenge 71.526ms
[408.447s][debug][gc,ref         ] GC(18) ReferenceProcessor::execute queues: 1, RefProcThreadModel::Single, marks_oops_alive: false
[408.447s][debug][gc,ref         ] GC(18) Skipped KeepAliveFinalRefsPhase of Reference Processing: no references
[408.447s][debug][gc,ref         ] GC(18) ReferenceProcessor::execute queues: 1, RefProcThreadModel::Single, marks_oops_alive: false
[408.447s][debug][gc,phases      ] GC(18) Reference Processing 0.253ms
[408.448s][debug][gc,phases      ] GC(18)   VM Weak                        Min:  0.0, Avg:  0.0, Max:  0.0, Diff:  0.0, Sum:  0.0, Workers: 4
[408.448s][debug][gc,phases      ] GC(18)     Dead                           Min: 0, Avg:  0.0, Max: 0, Diff: 0, Sum: 0, Workers: 4
[408.448s][debug][gc,phases      ] GC(18)     Total                          Min: 0, Avg: 232.8, Max: 448, Diff: 448, Sum: 931, Workers: 4
[408.448s][debug][gc,phases      ] GC(18)   ObjectSynchronizer Weak        Min:  0.0, Avg:  0.0, Max:  0.0, Diff:  0.0, Sum:  0.0, Workers: 4
[408.448s][debug][gc,phases      ] GC(18)     Dead                           Min: 0, Avg:  0.0, Max: 0, Diff: 0, Sum: 0, Workers: 4
[408.448s][debug][gc,phases      ] GC(18)     Total                          Min: 0, Avg:  1.5, Max: 6, Diff: 6, Sum: 6, Workers: 4
[408.448s][debug][gc,phases      ] GC(18)   JVMTI Tag Weak OopStorage      Min:  0.0, Avg:  0.0, Max:  0.0, Diff:  0.0, Sum:  0.0, Workers: 4
[408.448s][debug][gc,phases      ] GC(18)     Dead                           Min: 0, Avg:  0.0, Max: 0, Diff: 0, Sum: 0, Workers: 4
[408.448s][debug][gc,phases      ] GC(18)     Total                          Min: 0, Avg:  0.0, Max: 0, Diff: 0, Sum: 0, Workers: 4
[408.448s][debug][gc,phases      ] GC(18)   StringTable Weak               Min:  0.0, Avg:  0.3, Max:  0.3, Diff:  0.3, Sum:  1.0, Workers: 4
[408.448s][debug][gc,phases      ] GC(18)     Dead                           Min: 0, Avg:  0.2, Max: 1, Diff: 1, Sum: 1, Workers: 4
[408.448s][debug][gc,phases      ] GC(18)     Total                          Min: 0, Avg: 11957.8, Max: 18432, Diff: 18432, Sum: 47831, Workers: 4
[408.448s][debug][gc,phases      ] GC(18)   ResolvedMethodTable Weak       Min:  0.0, Avg:  0.1, Max:  0.1, Diff:  0.1, Sum:  0.3, Workers: 4
[408.448s][debug][gc,phases      ] GC(18)     Dead                           Min: 0, Avg:  0.5, Max: 2, Diff: 2, Sum: 2, Workers: 4
[408.448s][debug][gc,phases      ] GC(18)     Total                          Min: 0, Avg: 3280.5, Max: 5211, Diff: 5211, Sum: 13122, Workers: 4
[408.448s][debug][gc,phases      ] GC(18)   JNI Weak                       Min:  0.0, Avg:  0.0, Max:  0.0, Diff:  0.0, Sum:  0.0, Workers: 4
[408.448s][debug][gc,phases      ] GC(18)     Dead                           Min: 0, Avg:  0.0, Max: 0, Diff: 0, Sum: 0, Workers: 4
[408.448s][debug][gc,phases      ] GC(18)     Total                          Min: 0, Avg: 12.5, Max: 50, Diff: 50, Sum: 50, Workers: 4
[408.448s][debug][gc,phases      ] GC(18)   StringDedup Table Weak         Min:  0.0, Avg:  0.0, Max:  0.0, Diff:  0.0, Sum:  0.0, Workers: 4
[408.448s][debug][gc,phases      ] GC(18)     Dead                           Min: 0, Avg:  0.0, Max: 0, Diff: 0, Sum: 0, Workers: 4
[408.448s][debug][gc,phases      ] GC(18)     Total                          Min: 0, Avg:  0.0, Max: 0, Diff: 0, Sum: 0, Workers: 4
[408.448s][debug][gc,phases      ] GC(18)   StringDedup Requests0 Weak     Min:  0.0, Avg:  0.0, Max:  0.0, Diff:  0.0, Sum:  0.0, Workers: 4
[408.448s][debug][gc,phases      ] GC(18)     Dead                           Min: 0, Avg:  0.0, Max: 0, Diff: 0, Sum: 0, Workers: 4
[408.448s][debug][gc,phases      ] GC(18)     Total                          Min: 0, Avg:  0.0, Max: 0, Diff: 0, Sum: 0, Workers: 4
[408.448s][debug][gc,phases      ] GC(18)   StringDedup Requests1 Weak     Min:  0.0, Avg:  0.0, Max:  0.0, Diff:  0.0, Sum:  0.0, Workers: 4
[408.448s][debug][gc,phases      ] GC(18)     Dead                           Min: 0, Avg:  0.0, Max: 0, Diff: 0, Sum: 0, Workers: 4
[408.448s][debug][gc,phases      ] GC(18)     Total                          Min: 0, Avg:  0.0, Max: 0, Diff: 0, Sum: 0, Workers: 4
[408.448s][debug][gc,phases      ] GC(18)   Weak JFR Old Object Samples    Min:  0.0, Avg:  0.0, Max:  0.0, Diff:  0.0, Sum:  0.0, Workers: 4
[408.448s][debug][gc,phases      ] GC(18)     Dead                           Min: 0, Avg:  0.0, Max: 0, Diff: 0, Sum: 0, Workers: 4
[408.448s][debug][gc,phases      ] GC(18)     Total                          Min: 0, Avg:  0.0, Max: 0, Diff: 0, Sum: 0, Workers: 4
[408.448s][debug][gc,phases      ] GC(18) Weak Processing 0.700ms
[408.448s][debug][gc,age         ] GC(18) Desired survivor size 328204288 bytes, new threshold 15 (max threshold 15)
[408.448s][info ][gc,heap        ] GC(18) PSYoungGen: 1681306K(1681408K)->213519K(1776640K) Eden: 1439744K(1439744K)->0K(1446400K) From: 241562K(241664K)->213519K(330240K)
[408.448s][info ][gc,heap        ] GC(18) ParOldGen: 17673K(18432K)->17681K(18432K)
[408.448s][info ][gc,metaspace   ] GC(18) Metaspace: 93982K(95232K)->93982K(95232K) NonClass: 80078K(80768K)->80078K(80768K) Class: 13904K(14464K)->13904K(14464K)
[408.448s][info ][gc             ] GC(18) Pause Young (Allocation Failure) 1659M->225M(1753M) 72.603ms
[408.448s][info ][gc,cpu         ] GC(18) User=0.25s Sys=0.00s Real=0.08s
[408.448s][info ][safepoint      ] Safepoint "ParallelGCFailedAllocation", Time since last: 1458308 ns, Reaching safepoint: 81501 ns, Cleanup: 2000 ns, At safepoint: 72690604 ns, Total: 72774105 ns
[409.449s][info ][safepoint      ] Safepoint "Cleanup", Time since last: 1000088056 ns, Reaching safepoint: 6100 ns, Cleanup: 166001 ns, At safepoint: 10400 ns, Total: 182501 ns
[411.324s][info ][safepoint      ] Safepoint "Cleanup", Time since last: 1875680602 ns, Reaching safepoint: 8200 ns, Cleanup: 128901 ns, At safepoint: 12000 ns, Total: 149101 ns
[412.325s][info ][safepoint      ] Safepoint "Cleanup", Time since last: 1000115746 ns, Reaching safepoint: 5700 ns, Cleanup: 14900 ns, At safepoint: 3000 ns, Total: 23600 ns
[414.325s][info ][safepoint      ] Safepoint "Cleanup", Time since last: 2000176093 ns, Reaching safepoint: 5900 ns, Cleanup: 14500 ns, At safepoint: 2000 ns, Total: 22400 ns
[415.325s][info ][safepoint      ] Safepoint "Cleanup", Time since last: 1000113146 ns, Reaching safepoint: 6800 ns, Cleanup: 32000 ns, At safepoint: 7901 ns, Total: 46701 ns
[416.325s][info ][safepoint      ] Safepoint "Cleanup", Time since last: 1000117146 ns, Reaching safepoint: 5900 ns, Cleanup: 11000 ns, At safepoint: 1700 ns, Total: 18600 ns
[417.325s][info ][safepoint      ] Safepoint "Cleanup", Time since last: 1000113305 ns, Reaching safepoint: 6700 ns, Cleanup: 8801 ns, At safepoint: 2000 ns, Total: 17501 ns
[418.128s][info ][safepoint      ] Safepoint "ParallelGCFailedAllocation", Time since last: 802429056 ns, Reaching safepoint: 84400 ns, Cleanup: 113401 ns, At safepoint: 29000 ns, Total: 226801 ns
[418.128s][info ][gc,start       ] GC(19) Pause Young (GCLocker Initiated GC)
[418.207s][debug][gc,phases      ] GC(19) Scavenge 79.066ms
[418.207s][debug][gc,ref         ] GC(19) ReferenceProcessor::execute queues: 2, RefProcThreadModel::Multi, marks_oops_alive: false
[418.208s][debug][gc,ref         ] GC(19) Skipped KeepAliveFinalRefsPhase of Reference Processing: no references
[418.208s][debug][gc,ref         ] GC(19) ReferenceProcessor::execute queues: 1, RefProcThreadModel::Single, marks_oops_alive: false
[418.208s][debug][gc,phases      ] GC(19) Reference Processing 0.445ms
[418.208s][debug][gc,phases      ] GC(19)   VM Weak                        Min:  0.0, Avg:  0.0, Max:  0.0, Diff:  0.0, Sum:  0.0, Workers: 4
[418.208s][debug][gc,phases      ] GC(19)     Dead                           Min: 0, Avg:  0.0, Max: 0, Diff: 0, Sum: 0, Workers: 4
[418.208s][debug][gc,phases      ] GC(19)     Total                          Min: 0, Avg: 237.0, Max: 384, Diff: 384, Sum: 948, Workers: 4
[418.208s][debug][gc,phases      ] GC(19)   ObjectSynchronizer Weak        Min:  0.0, Avg:  0.0, Max:  0.0, Diff:  0.0, Sum:  0.0, Workers: 4
[418.208s][debug][gc,phases      ] GC(19)     Dead                           Min: 0, Avg:  0.0, Max: 0, Diff: 0, Sum: 0, Workers: 4
[418.208s][debug][gc,phases      ] GC(19)     Total                          Min: 0, Avg:  1.8, Max: 7, Diff: 7, Sum: 7, Workers: 4
[418.208s][debug][gc,phases      ] GC(19)   JVMTI Tag Weak OopStorage      Min:  0.0, Avg:  0.0, Max:  0.0, Diff:  0.0, Sum:  0.0, Workers: 4
[418.208s][debug][gc,phases      ] GC(19)     Dead                           Min: 0, Avg:  0.0, Max: 0, Diff: 0, Sum: 0, Workers: 4
[418.208s][debug][gc,phases      ] GC(19)     Total                          Min: 0, Avg:  0.0, Max: 0, Diff: 0, Sum: 0, Workers: 4
[418.208s][debug][gc,phases      ] GC(19)   StringTable Weak               Min:  0.1, Avg:  0.3, Max:  0.4, Diff:  0.2, Sum:  1.2, Workers: 4
[418.208s][debug][gc,phases      ] GC(19)     Dead                           Min: 0, Avg:  0.5, Max: 2, Diff: 2, Sum: 2, Workers: 4
[418.208s][debug][gc,phases      ] GC(19)     Total                          Min: 8192, Avg: 11987.2, Max: 14592, Diff: 6400, Sum: 47949, Workers: 4
[418.208s][debug][gc,phases      ] GC(19)   ResolvedMethodTable Weak       Min:  0.1, Avg:  0.1, Max:  0.1, Diff:  0.0, Sum:  0.5, Workers: 4
[418.208s][debug][gc,phases      ] GC(19)     Dead                           Min: 0, Avg: 19.0, Max: 29, Diff: 29, Sum: 76, Workers: 4
[418.208s][debug][gc,phases      ] GC(19)     Total                          Min: 0, Avg: 3317.2, Max: 5034, Diff: 5034, Sum: 13269, Workers: 4
[418.208s][debug][gc,phases      ] GC(19)   JNI Weak                       Min:  0.0, Avg:  0.0, Max:  0.0, Diff:  0.0, Sum:  0.0, Workers: 4
[418.208s][debug][gc,phases      ] GC(19)     Dead                           Min: 0, Avg:  0.0, Max: 0, Diff: 0, Sum: 0, Workers: 4
[418.208s][debug][gc,phases      ] GC(19)     Total                          Min: 0, Avg: 12.0, Max: 48, Diff: 48, Sum: 48, Workers: 4
[418.208s][debug][gc,phases      ] GC(19)   StringDedup Table Weak         Min:  0.0, Avg:  0.0, Max:  0.0, Diff:  0.0, Sum:  0.0, Workers: 4
[418.208s][debug][gc,phases      ] GC(19)     Dead                           Min: 0, Avg:  0.0, Max: 0, Diff: 0, Sum: 0, Workers: 4
[418.208s][debug][gc,phases      ] GC(19)     Total                          Min: 0, Avg:  0.0, Max: 0, Diff: 0, Sum: 0, Workers: 4
[418.208s][debug][gc,phases      ] GC(19)   StringDedup Requests0 Weak     Min:  0.0, Avg:  0.0, Max:  0.0, Diff:  0.0, Sum:  0.0, Workers: 4
[418.208s][debug][gc,phases      ] GC(19)     Dead                           Min: 0, Avg:  0.0, Max: 0, Diff: 0, Sum: 0, Workers: 4
[418.208s][debug][gc,phases      ] GC(19)     Total                          Min: 0, Avg:  0.0, Max: 0, Diff: 0, Sum: 0, Workers: 4
[418.208s][debug][gc,phases      ] GC(19)   StringDedup Requests1 Weak     Min:  0.0, Avg:  0.0, Max:  0.0, Diff:  0.0, Sum:  0.0, Workers: 4
[418.208s][debug][gc,phases      ] GC(19)     Dead                           Min: 0, Avg:  0.0, Max: 0, Diff: 0, Sum: 0, Workers: 4
[418.208s][debug][gc,phases      ] GC(19)     Total                          Min: 0, Avg:  0.0, Max: 0, Diff: 0, Sum: 0, Workers: 4
[418.208s][debug][gc,phases      ] GC(19)   Weak JFR Old Object Samples    Min:  0.0, Avg:  0.0, Max:  0.0, Diff:  0.0, Sum:  0.0, Workers: 4
[418.208s][debug][gc,phases      ] GC(19)     Dead                           Min: 0, Avg:  0.0, Max: 0, Diff: 0, Sum: 0, Workers: 4
[418.208s][debug][gc,phases      ] GC(19)     Total                          Min: 0, Avg:  0.0, Max: 0, Diff: 0, Sum: 0, Workers: 4
[418.208s][debug][gc,phases      ] GC(19) Weak Processing 0.717ms
[418.208s][debug][gc,age         ] GC(19) Desired survivor size 335544320 bytes, new threshold 15 (max threshold 15)
[418.208s][info ][gc,heap        ] GC(19) PSYoungGen: 1659919K(1776640K)->257724K(1766912K) Eden: 1446400K(1446400K)->0K(1446400K) From: 213519K(330240K)->257724K(320512K)
[418.208s][info ][gc,heap        ] GC(19) ParOldGen: 17681K(18432K)->17689K(18432K)
[418.208s][info ][gc,metaspace   ] GC(19) Metaspace: 94323K(95552K)->94323K(95552K) NonClass: 80359K(81024K)->80359K(81024K) Class: 13963K(14528K)->13963K(14528K)
[418.208s][info ][gc             ] GC(19) Pause Young (GCLocker Initiated GC) 1638M->268M(1743M) 80.360ms
[418.208s][info ][gc,cpu         ] GC(19) User=0.28s Sys=0.01s Real=0.08s
[418.208s][info ][safepoint      ] Safepoint "ParallelGCSystemGC", Time since last: 105300 ns, Reaching safepoint: 79001 ns, Cleanup: 1600 ns, At safepoint: 80446127 ns, Total: 80526728 ns
[419.209s][info ][safepoint      ] Safepoint "Cleanup", Time since last: 1000076504 ns, Reaching safepoint: 5500 ns, Cleanup: 33400 ns, At safepoint: 2200 ns, Total: 41100 ns
[421.164s][info ][safepoint      ] Safepoint "Cleanup", Time since last: 1955788774 ns, Reaching safepoint: 6300 ns, Cleanup: 30100 ns, At safepoint: 7500 ns, Total: 43900 ns
[422.164s][info ][safepoint      ] Safepoint "Cleanup", Time since last: 1000103005 ns, Reaching safepoint: 5500 ns, Cleanup: 14200 ns, At safepoint: 1800 ns, Total: 21500 ns
[423.165s][info ][safepoint      ] Safepoint "Cleanup", Time since last: 1000099604 ns, Reaching safepoint: 7000 ns, Cleanup: 9200 ns, At safepoint: 1801 ns, Total: 18001 ns
[424.165s][info ][safepoint      ] Safepoint "Cleanup", Time since last: 1000109704 ns, Reaching safepoint: 6900 ns, Cleanup: 16400 ns, At safepoint: 2500 ns, Total: 25800 ns
[426.165s][info ][safepoint      ] Safepoint "Cleanup", Time since last: 2000181517 ns, Reaching safepoint: 7100 ns, Cleanup: 15900 ns, At safepoint: 3200 ns, Total: 26200 ns
[428.165s][info ][safepoint      ] Safepoint "Cleanup", Time since last: 2000173724 ns, Reaching safepoint: 77000 ns, Cleanup: 9800 ns, At safepoint: 5900 ns, Total: 92700 ns
[429.165s][info ][safepoint      ] Safepoint "Cleanup", Time since last: 1000121212 ns, Reaching safepoint: 79801 ns, Cleanup: 11100 ns, At safepoint: 14300 ns, Total: 105201 ns
[432.166s][info ][safepoint      ] Safepoint "Cleanup", Time since last: 3000241335 ns, Reaching safepoint: 76401 ns, Cleanup: 13300 ns, At safepoint: 6300 ns, Total: 96001 ns
[433.166s][info ][safepoint      ] Safepoint "Cleanup", Time since last: 1000115312 ns, Reaching safepoint: 78600 ns, Cleanup: 11800 ns, At safepoint: 13900 ns, Total: 104300 ns
[435.166s][info ][safepoint      ] Safepoint "Cleanup", Time since last: 2000212245 ns, Reaching safepoint: 56900 ns, Cleanup: 15800 ns, At safepoint: 12900 ns, Total: 85600 ns
[436.167s][info ][safepoint      ] Safepoint "Cleanup", Time since last: 1000127523 ns, Reaching safepoint: 78000 ns, Cleanup: 9000 ns, At safepoint: 6100 ns, Total: 93100 ns
[439.167s][info ][safepoint      ] Safepoint "Cleanup", Time since last: 3000282468 ns, Reaching safepoint: 80500 ns, Cleanup: 9400 ns, At safepoint: 6800 ns, Total: 96700 ns
[440.167s][info ][safepoint      ] Safepoint "Cleanup", Time since last: 1000142723 ns, Reaching safepoint: 81700 ns, Cleanup: 20400 ns, At safepoint: 9300 ns, Total: 111400 ns
[441.167s][info ][safepoint      ] Safepoint "Cleanup", Time since last: 1000125223 ns, Reaching safepoint: 88500 ns, Cleanup: 17800 ns, At safepoint: 6600 ns, Total: 112900 ns
[443.169s][info ][safepoint      ] Safepoint "Cleanup", Time since last: 2001301833 ns, Reaching safepoint: 81700 ns, Cleanup: 11300 ns, At safepoint: 10800 ns, Total: 103800 ns
[444.169s][info ][safepoint      ] Safepoint "Cleanup", Time since last: 1000077413 ns, Reaching safepoint: 6400 ns, Cleanup: 10300 ns, At safepoint: 2300 ns, Total: 19000 ns
[446.169s][info ][safepoint      ] Safepoint "Cleanup", Time since last: 2000186926 ns, Reaching safepoint: 6400 ns, Cleanup: 8700 ns, At safepoint: 2400 ns, Total: 17500 ns
[447.169s][info ][safepoint      ] Safepoint "Cleanup", Time since last: 1000130913 ns, Reaching safepoint: 8500 ns, Cleanup: 38800 ns, At safepoint: 2700 ns, Total: 50000 ns
[448.169s][info ][safepoint      ] Safepoint "Cleanup", Time since last: 1000113613 ns, Reaching safepoint: 6500 ns, Cleanup: 8200 ns, At safepoint: 2001 ns, Total: 16701 ns
[450.170s][info ][safepoint      ] Safepoint "Cleanup", Time since last: 2000177145 ns, Reaching safepoint: 7500 ns, Cleanup: 10600 ns, At safepoint: 2800 ns, Total: 20900 ns
[451.170s][info ][safepoint      ] Safepoint "Cleanup", Time since last: 1000144592 ns, Reaching safepoint: 7900 ns, Cleanup: 8900 ns, At safepoint: 2700 ns, Total: 19500 ns
[452.170s][info ][safepoint      ] Safepoint "Cleanup", Time since last: 1000121591 ns, Reaching safepoint: 6500 ns, Cleanup: 11800 ns, At safepoint: 2500 ns, Total: 20800 ns
[453.170s][info ][safepoint      ] Safepoint "Cleanup", Time since last: 1000109098 ns, Reaching safepoint: 7100 ns, Cleanup: 42901 ns, At safepoint: 6500 ns, Total: 56501 ns
[454.170s][info ][safepoint      ] Safepoint "Cleanup", Time since last: 1000123657 ns, Reaching safepoint: 8200 ns, Cleanup: 33800 ns, At safepoint: 3200 ns, Total: 45200 ns
[457.171s][info ][safepoint      ] Safepoint "Cleanup", Time since last: 3000238370 ns, Reaching safepoint: 7500 ns, Cleanup: 10100 ns, At safepoint: 2100 ns, Total: 19700 ns
[458.171s][info ][safepoint      ] Safepoint "Cleanup", Time since last: 1000120296 ns, Reaching safepoint: 7500 ns, Cleanup: 62501 ns, At safepoint: 10300 ns, Total: 80301 ns
[459.171s][info ][safepoint      ] Safepoint "Cleanup", Time since last: 1000141094 ns, Reaching safepoint: 86401 ns, Cleanup: 27600 ns, At safepoint: 16700 ns, Total: 130701 ns
[460.171s][info ][safepoint      ] Safepoint "Cleanup", Time since last: 1000119095 ns, Reaching safepoint: 6600 ns, Cleanup: 16200 ns, At safepoint: 2200 ns, Total: 25000 ns
[461.171s][info ][safepoint      ] Safepoint "Cleanup", Time since last: 1000117994 ns, Reaching safepoint: 77801 ns, Cleanup: 15800 ns, At safepoint: 8100 ns, Total: 101701 ns
[462.172s][info ][safepoint      ] Safepoint "Cleanup", Time since last: 1000124995 ns, Reaching safepoint: 5900 ns, Cleanup: 35100 ns, At safepoint: 6200 ns, Total: 47200 ns
[464.172s][info ][safepoint      ] Safepoint "Cleanup", Time since last: 2000191689 ns, Reaching safepoint: 7500 ns, Cleanup: 13100 ns, At safepoint: 2800 ns, Total: 23400 ns
[465.172s][info ][safepoint      ] Safepoint "Cleanup", Time since last: 1000111094 ns, Reaching safepoint: 7700 ns, Cleanup: 18500 ns, At safepoint: 3300 ns, Total: 29500 ns
[466.172s][info ][safepoint      ] Safepoint "Cleanup", Time since last: 1000111130 ns, Reaching safepoint: 5400 ns, Cleanup: 16400 ns, At safepoint: 2300 ns, Total: 24100 ns
[467.172s][info ][safepoint      ] Safepoint "Cleanup", Time since last: 1000116328 ns, Reaching safepoint: 6100 ns, Cleanup: 7800 ns, At safepoint: 2700 ns, Total: 16600 ns
[469.172s][info ][safepoint      ] Safepoint "Cleanup", Time since last: 2000178354 ns, Reaching safepoint: 6101 ns, Cleanup: 10700 ns, At safepoint: 2500 ns, Total: 19301 ns
[470.173s][info ][safepoint      ] Safepoint "Cleanup", Time since last: 1000142827 ns, Reaching safepoint: 6600 ns, Cleanup: 40001 ns, At safepoint: 2300 ns, Total: 48901 ns
[471.173s][info ][safepoint      ] Safepoint "Cleanup", Time since last: 1000118527 ns, Reaching safepoint: 6200 ns, Cleanup: 21000 ns, At safepoint: 2100 ns, Total: 29300 ns
[473.173s][info ][safepoint      ] Safepoint "Cleanup", Time since last: 2000173555 ns, Reaching safepoint: 7000 ns, Cleanup: 11900 ns, At safepoint: 2200 ns, Total: 21100 ns
[474.173s][info ][safepoint      ] Safepoint "Cleanup", Time since last: 1000112977 ns, Reaching safepoint: 6700 ns, Cleanup: 45501 ns, At safepoint: 5800 ns, Total: 58001 ns
[475.173s][info ][safepoint      ] Safepoint "Cleanup", Time since last: 1000118978 ns, Reaching safepoint: 7700 ns, Cleanup: 16701 ns, At safepoint: 2700 ns, Total: 27101 ns
[477.173s][info ][safepoint      ] Safepoint "Cleanup", Time since last: 2000155157 ns, Reaching safepoint: 8300 ns, Cleanup: 14200 ns, At safepoint: 3000 ns, Total: 25500 ns
[477.266s][info ][gc,start       ] GC(20) Pause Young (Allocation Failure)
[477.349s][debug][gc,phases      ] GC(20) Scavenge 82.318ms
[477.349s][debug][gc,ref         ] GC(20) ReferenceProcessor::execute queues: 4, RefProcThreadModel::Multi, marks_oops_alive: false
[477.349s][debug][gc,ref         ] GC(20) Skipped KeepAliveFinalRefsPhase of Reference Processing: no references
[477.349s][debug][gc,ref         ] GC(20) ReferenceProcessor::execute queues: 1, RefProcThreadModel::Single, marks_oops_alive: false
[477.349s][debug][gc,phases      ] GC(20) Reference Processing 0.592ms
[477.350s][debug][gc,phases      ] GC(20)   VM Weak                        Min:  0.0, Avg:  0.0, Max:  0.0, Diff:  0.0, Sum:  0.0, Workers: 4
[477.350s][debug][gc,phases      ] GC(20)     Dead                           Min: 0, Avg:  0.0, Max: 0, Diff: 0, Sum: 0, Workers: 4
[477.350s][debug][gc,phases      ] GC(20)     Total                          Min: 0, Avg: 237.0, Max: 448, Diff: 448, Sum: 948, Workers: 4
[477.350s][debug][gc,phases      ] GC(20)   ObjectSynchronizer Weak        Min:  0.0, Avg:  0.0, Max:  0.0, Diff:  0.0, Sum:  0.0, Workers: 4
[477.350s][debug][gc,phases      ] GC(20)     Dead                           Min: 0, Avg:  0.0, Max: 0, Diff: 0, Sum: 0, Workers: 4
[477.350s][debug][gc,phases      ] GC(20)     Total                          Min: 0, Avg:  1.0, Max: 4, Diff: 4, Sum: 4, Workers: 4
[477.350s][debug][gc,phases      ] GC(20)   JVMTI Tag Weak OopStorage      Min:  0.0, Avg:  0.0, Max:  0.0, Diff:  0.0, Sum:  0.0, Workers: 4
[477.350s][debug][gc,phases      ] GC(20)     Dead                           Min: 0, Avg:  0.0, Max: 0, Diff: 0, Sum: 0, Workers: 4
[477.350s][debug][gc,phases      ] GC(20)     Total                          Min: 0, Avg:  0.0, Max: 0, Diff: 0, Sum: 0, Workers: 4
[477.350s][debug][gc,phases      ] GC(20)   StringTable Weak               Min:  0.0, Avg:  0.3, Max:  0.3, Diff:  0.3, Sum:  1.0, Workers: 4
[477.350s][debug][gc,phases      ] GC(20)     Dead                           Min: 0, Avg:  0.2, Max: 1, Diff: 1, Sum: 1, Workers: 4
[477.350s][debug][gc,phases      ] GC(20)     Total                          Min: 0, Avg: 11993.8, Max: 19263, Diff: 19263, Sum: 47975, Workers: 4
[477.350s][debug][gc,phases      ] GC(20)   ResolvedMethodTable Weak       Min:  0.0, Avg:  0.1, Max:  0.1, Diff:  0.1, Sum:  0.3, Workers: 4
[477.350s][debug][gc,phases      ] GC(20)     Dead                           Min: 0, Avg:  0.8, Max: 3, Diff: 3, Sum: 3, Workers: 4
[477.350s][debug][gc,phases      ] GC(20)     Total                          Min: 0, Avg: 3320.0, Max: 5721, Diff: 5721, Sum: 13280, Workers: 4
[477.350s][debug][gc,phases      ] GC(20)   JNI Weak                       Min:  0.0, Avg:  0.0, Max:  0.0, Diff:  0.0, Sum:  0.0, Workers: 4
[477.350s][debug][gc,phases      ] GC(20)     Dead                           Min: 0, Avg:  0.0, Max: 0, Diff: 0, Sum: 0, Workers: 4
[477.350s][debug][gc,phases      ] GC(20)     Total                          Min: 0, Avg: 12.0, Max: 48, Diff: 48, Sum: 48, Workers: 4
[477.350s][debug][gc,phases      ] GC(20)   StringDedup Table Weak         Min:  0.0, Avg:  0.0, Max:  0.0, Diff:  0.0, Sum:  0.0, Workers: 4
[477.350s][debug][gc,phases      ] GC(20)     Dead                           Min: 0, Avg:  0.0, Max: 0, Diff: 0, Sum: 0, Workers: 4
[477.350s][debug][gc,phases      ] GC(20)     Total                          Min: 0, Avg:  0.0, Max: 0, Diff: 0, Sum: 0, Workers: 4
[477.350s][debug][gc,phases      ] GC(20)   StringDedup Requests0 Weak     Min:  0.0, Avg:  0.0, Max:  0.0, Diff:  0.0, Sum:  0.0, Workers: 4
[477.350s][debug][gc,phases      ] GC(20)     Dead                           Min: 0, Avg:  0.0, Max: 0, Diff: 0, Sum: 0, Workers: 4
[477.350s][debug][gc,phases      ] GC(20)     Total                          Min: 0, Avg:  0.0, Max: 0, Diff: 0, Sum: 0, Workers: 4
[477.350s][debug][gc,phases      ] GC(20)   StringDedup Requests1 Weak     Min:  0.0, Avg:  0.0, Max:  0.0, Diff:  0.0, Sum:  0.0, Workers: 4
[477.350s][debug][gc,phases      ] GC(20)     Dead                           Min: 0, Avg:  0.0, Max: 0, Diff: 0, Sum: 0, Workers: 4
[477.350s][debug][gc,phases      ] GC(20)     Total                          Min: 0, Avg:  0.0, Max: 0, Diff: 0, Sum: 0, Workers: 4
[477.350s][debug][gc,phases      ] GC(20)   Weak JFR Old Object Samples    Min:  0.0, Avg:  0.0, Max:  0.0, Diff:  0.0, Sum:  0.0, Workers: 4
[477.350s][debug][gc,phases      ] GC(20)     Dead                           Min: 0, Avg:  0.0, Max: 0, Diff: 0, Sum: 0, Workers: 4
[477.350s][debug][gc,phases      ] GC(20)     Total                          Min: 0, Avg:  0.0, Max: 0, Diff: 0, Sum: 0, Workers: 4
[477.350s][debug][gc,phases      ] GC(20) Weak Processing 0.687ms
[477.350s][debug][gc,age         ] GC(20) Desired survivor size 324009984 bytes, new threshold 15 (max threshold 15)
[477.350s][info ][gc,heap        ] GC(20) PSYoungGen: 1704124K(1766912K)->212598K(1780736K) Eden: 1446400K(1446400K)->0K(1453056K) From: 257724K(320512K)->212598K(327680K)
[477.350s][info ][gc,heap        ] GC(20) ParOldGen: 17691K(18432K)->43893K(44032K)
[477.350s][info ][gc,metaspace   ] GC(20) Metaspace: 94409K(95680K)->94409K(95680K) NonClass: 80442K(81152K)->80442K(81152K) Class: 13967K(14528K)->13967K(14528K)
[477.350s][info ][gc             ] GC(20) Pause Young (Allocation Failure) 1681M->250M(1782M) 83.731ms
[477.350s][info ][gc,cpu         ] GC(20) User=0.30s Sys=0.00s Real=0.09s
[477.350s][debug][gc,phases      ] GC(21) Pre Compact 0.009ms
[477.350s][info ][gc,start       ] GC(21) Pause Full (Ergonomics)
[477.350s][info ][gc,phases,start] GC(21) Marking Phase
[477.442s][debug][gc,phases      ] GC(21) Par Mark 92.481ms
[477.443s][debug][gc,ref         ] GC(21) ReferenceProcessor::execute queues: 4, RefProcThreadModel::Multi, marks_oops_alive: false
[477.443s][debug][gc,ref         ] GC(21) Skipped KeepAliveFinalRefsPhase of Reference Processing: no references
[477.443s][debug][gc,ref         ] GC(21) ReferenceProcessor::execute queues: 1, RefProcThreadModel::Single, marks_oops_alive: false
[477.443s][debug][gc,phases      ] GC(21) Reference Processing 0.745ms
[477.444s][debug][gc,phases      ] GC(21)   VM Weak                        Min:  0.0, Avg:  0.0, Max:  0.0, Diff:  0.0, Sum:  0.0, Workers: 4
[477.444s][debug][gc,phases      ] GC(21)     Dead                           Min: 0, Avg:  0.0, Max: 0, Diff: 0, Sum: 0, Workers: 4
[477.444s][debug][gc,phases      ] GC(21)     Total                          Min: 128, Avg: 237.0, Max: 372, Diff: 244, Sum: 948, Workers: 4
[477.444s][debug][gc,phases      ] GC(21)   ObjectSynchronizer Weak        Min:  0.0, Avg:  0.0, Max:  0.0, Diff:  0.0, Sum:  0.0, Workers: 4
[477.444s][debug][gc,phases      ] GC(21)     Dead                           Min: 0, Avg:  0.0, Max: 0, Diff: 0, Sum: 0, Workers: 4
[477.444s][debug][gc,phases      ] GC(21)     Total                          Min: 0, Avg:  1.0, Max: 4, Diff: 4, Sum: 4, Workers: 4
[477.444s][debug][gc,phases      ] GC(21)   JVMTI Tag Weak OopStorage      Min:  0.0, Avg:  0.0, Max:  0.0, Diff:  0.0, Sum:  0.0, Workers: 4
[477.444s][debug][gc,phases      ] GC(21)     Dead                           Min: 0, Avg:  0.0, Max: 0, Diff: 0, Sum: 0, Workers: 4
[477.444s][debug][gc,phases      ] GC(21)     Total                          Min: 0, Avg:  0.0, Max: 0, Diff: 0, Sum: 0, Workers: 4
[477.444s][debug][gc,phases      ] GC(21)   StringTable Weak               Min:  0.2, Avg:  0.2, Max:  0.2, Diff:  0.0, Sum:  0.8, Workers: 4
[477.444s][debug][gc,phases      ] GC(21)     Dead                           Min: 0, Avg:  0.0, Max: 0, Diff: 0, Sum: 0, Workers: 4
[477.444s][debug][gc,phases      ] GC(21)     Total                          Min: 11520, Avg: 11993.8, Max: 12608, Diff: 1088, Sum: 47975, Workers: 4
[477.444s][debug][gc,phases      ] GC(21)   ResolvedMethodTable Weak       Min:  0.0, Avg:  0.0, Max:  0.0, Diff:  0.0, Sum:  0.2, Workers: 4
[477.444s][debug][gc,phases      ] GC(21)     Dead                           Min: 0, Avg:  0.0, Max: 0, Diff: 0, Sum: 0, Workers: 4
[477.444s][debug][gc,phases      ] GC(21)     Total                          Min: 3118, Avg: 3320.0, Max: 3549, Diff: 431, Sum: 13280, Workers: 4
[477.444s][debug][gc,phases      ] GC(21)   JNI Weak                       Min:  0.0, Avg:  0.0, Max:  0.0, Diff:  0.0, Sum:  0.0, Workers: 4
[477.444s][debug][gc,phases      ] GC(21)     Dead                           Min: 0, Avg:  0.0, Max: 0, Diff: 0, Sum: 0, Workers: 4
[477.444s][debug][gc,phases      ] GC(21)     Total                          Min: 0, Avg: 12.0, Max: 48, Diff: 48, Sum: 48, Workers: 4
[477.444s][debug][gc,phases      ] GC(21)   StringDedup Table Weak         Min:  0.0, Avg:  0.0, Max:  0.0, Diff:  0.0, Sum:  0.0, Workers: 4
[477.444s][debug][gc,phases      ] GC(21)     Dead                           Min: 0, Avg:  0.0, Max: 0, Diff: 0, Sum: 0, Workers: 4
[477.444s][debug][gc,phases      ] GC(21)     Total                          Min: 0, Avg:  0.0, Max: 0, Diff: 0, Sum: 0, Workers: 4
[477.444s][debug][gc,phases      ] GC(21)   StringDedup Requests0 Weak     Min:  0.0, Avg:  0.0, Max:  0.0, Diff:  0.0, Sum:  0.0, Workers: 4
[477.444s][debug][gc,phases      ] GC(21)     Dead                           Min: 0, Avg:  0.0, Max: 0, Diff: 0, Sum: 0, Workers: 4
[477.444s][debug][gc,phases      ] GC(21)     Total                          Min: 0, Avg:  0.0, Max: 0, Diff: 0, Sum: 0, Workers: 4
[477.444s][debug][gc,phases      ] GC(21)   StringDedup Requests1 Weak     Min:  0.0, Avg:  0.0, Max:  0.0, Diff:  0.0, Sum:  0.0, Workers: 4
[477.444s][debug][gc,phases      ] GC(21)     Dead                           Min: 0, Avg:  0.0, Max: 0, Diff: 0, Sum: 0, Workers: 4
[477.444s][debug][gc,phases      ] GC(21)     Total                          Min: 0, Avg:  0.0, Max: 0, Diff: 0, Sum: 0, Workers: 4
[477.444s][debug][gc,phases      ] GC(21)   Weak JFR Old Object Samples    Min:  0.0, Avg:  0.0, Max:  0.0, Diff:  0.0, Sum:  0.0, Workers: 4
[477.444s][debug][gc,phases      ] GC(21)     Dead                           Min: 0, Avg:  0.0, Max: 0, Diff: 0, Sum: 0, Workers: 4
[477.444s][debug][gc,phases      ] GC(21)     Total                          Min: 0, Avg:  0.0, Max: 0, Diff: 0, Sum: 0, Workers: 4
[477.444s][debug][gc,phases      ] GC(21) Weak Processing 0.482ms
[477.444s][debug][gc,phases      ] GC(21) ClassLoaderData 0.120ms
[477.444s][debug][gc,phases      ] GC(21) Trigger cleanups 0.000ms
[477.511s][debug][gc,phases      ] GC(21) Class Unloading 66.950ms
[477.511s][debug][gc,phases      ] GC(21) Report Object Count 0.002ms
[477.511s][info ][gc,phases      ] GC(21) Marking Phase 160.767ms
[477.511s][info ][gc,phases,start] GC(21) Summary Phase
[477.511s][info ][gc,phases      ] GC(21) Summary Phase 0.011ms
[477.511s][info ][gc,phases,start] GC(21) Adjust Roots
[477.536s][info ][gc,phases      ] GC(21) Adjust Roots 25.633ms
[477.536s][info ][gc,phases,start] GC(21) Compaction Phase
[478.030s][info ][gc,phases      ] GC(21) Compaction Phase 493.102ms
[478.030s][info ][gc,phases,start] GC(21) Post Compact
[478.034s][info ][gc,phases      ] GC(21) Post Compact 4.604ms
[478.034s][info ][gc,heap        ] GC(21) PSYoungGen: 212598K(1780736K)->175781K(1780736K) Eden: 0K(1453056K)->0K(1453056K) From: 212598K(327680K)->175781K(327680K)
[478.034s][info ][gc,heap        ] GC(21) ParOldGen: 43893K(44032K)->43749K(76288K)
[478.034s][info ][gc,metaspace   ] GC(21) Metaspace: 94409K(95680K)->94409K(95680K) NonClass: 80442K(81152K)->80442K(81152K) Class: 13967K(14528K)->13967K(14528K)
[478.034s][info ][gc             ] GC(21) Pause Full (Ergonomics) 250M->214M(1813M) 684.364ms
[478.034s][info ][gc,cpu         ] GC(21) User=1.55s Sys=0.03s Real=0.68s
[478.034s][info ][safepoint      ] Safepoint "ParallelGCFailedAllocation", Time since last: 92675498 ns, Reaching safepoint: 81601 ns, Cleanup: 4200 ns, At safepoint: 768246931 ns, Total: 768332732 ns
[479.035s][info ][safepoint      ] Safepoint "Cleanup", Time since last: 1000100379 ns, Reaching safepoint: 6600 ns, Cleanup: 116300 ns, At safepoint: 6001 ns, Total: 128901 ns
[480.035s][info ][safepoint      ] Safepoint "Cleanup", Time since last: 1000112378 ns, Reaching safepoint: 6700 ns, Cleanup: 17600 ns, At safepoint: 1700 ns, Total: 26000 ns
[481.181s][info ][safepoint      ] Safepoint "Cleanup", Time since last: 1146123664 ns, Reaching safepoint: 5800 ns, Cleanup: 13600 ns, At safepoint: 6000 ns, Total: 25400 ns
[482.181s][info ][safepoint      ] Safepoint "Cleanup", Time since last: 1000104104 ns, Reaching safepoint: 6200 ns, Cleanup: 11400 ns, At safepoint: 1900 ns, Total: 19500 ns
[484.181s][info ][safepoint      ] Safepoint "Cleanup", Time since last: 2000193215 ns, Reaching safepoint: 7500 ns, Cleanup: 49000 ns, At safepoint: 7300 ns, Total: 63800 ns
[485.181s][info ][safepoint      ] Safepoint "Cleanup", Time since last: 1000104107 ns, Reaching safepoint: 5901 ns, Cleanup: 6000 ns, At safepoint: 2000 ns, Total: 13901 ns
[486.182s][info ][safepoint      ] Safepoint "Cleanup", Time since last: 1000110407 ns, Reaching safepoint: 7400 ns, Cleanup: 19500 ns, At safepoint: 2300 ns, Total: 29200 ns
[488.182s][info ][safepoint      ] Safepoint "Cleanup", Time since last: 2000158015 ns, Reaching safepoint: 7000 ns, Cleanup: 16900 ns, At safepoint: 1600 ns, Total: 25500 ns
[489.182s][info ][safepoint      ] Safepoint "Cleanup", Time since last: 1000109107 ns, Reaching safepoint: 6401 ns, Cleanup: 10600 ns, At safepoint: 2600 ns, Total: 19601 ns
[490.182s][info ][safepoint      ] Safepoint "Cleanup", Time since last: 1000097108 ns, Reaching safepoint: 7500 ns, Cleanup: 10701 ns, At safepoint: 2500 ns, Total: 20701 ns
[493.182s][info ][safepoint      ] Safepoint "Cleanup", Time since last: 3000245914 ns, Reaching safepoint: 7300 ns, Cleanup: 53100 ns, At safepoint: 2700 ns, Total: 63100 ns
[494.182s][info ][safepoint      ] Safepoint "Cleanup", Time since last: 1000103205 ns, Reaching safepoint: 6500 ns, Cleanup: 10600 ns, At safepoint: 2200 ns, Total: 19300 ns
[496.183s][info ][safepoint      ] Safepoint "Cleanup", Time since last: 2000167109 ns, Reaching safepoint: 5600 ns, Cleanup: 15500 ns, At safepoint: 2300 ns, Total: 23400 ns
[497.183s][info ][safepoint      ] Safepoint "Cleanup", Time since last: 1000112905 ns, Reaching safepoint: 6000 ns, Cleanup: 8700 ns, At safepoint: 2100 ns, Total: 16800 ns
[498.183s][info ][safepoint      ] Safepoint "Cleanup", Time since last: 1000107306 ns, Reaching safepoint: 6100 ns, Cleanup: 8400 ns, At safepoint: 2200 ns, Total: 16700 ns
[501.183s][info ][safepoint      ] Safepoint "Cleanup", Time since last: 3000250416 ns, Reaching safepoint: 6900 ns, Cleanup: 10400 ns, At safepoint: 2200 ns, Total: 19500 ns
[502.183s][info ][safepoint      ] Safepoint "Cleanup", Time since last: 1000100305 ns, Reaching safepoint: 7300 ns, Cleanup: 12200 ns, At safepoint: 2600 ns, Total: 22100 ns
[503.183s][info ][safepoint      ] Safepoint "Cleanup", Time since last: 1000096706 ns, Reaching safepoint: 6500 ns, Cleanup: 11100 ns, At safepoint: 2500 ns, Total: 20100 ns
[504.183s][info ][safepoint      ] Safepoint "Cleanup", Time since last: 1000118905 ns, Reaching safepoint: 6600 ns, Cleanup: 16701 ns, At safepoint: 2700 ns, Total: 26001 ns
[506.184s][info ][safepoint      ] Safepoint "Cleanup", Time since last: 2000146645 ns, Reaching safepoint: 7200 ns, Cleanup: 10000 ns, At safepoint: 2700 ns, Total: 19900 ns
[508.184s][info ][safepoint      ] Safepoint "Cleanup", Time since last: 2000211084 ns, Reaching safepoint: 75801 ns, Cleanup: 11000 ns, At safepoint: 6200 ns, Total: 93001 ns
[509.184s][info ][safepoint      ] Safepoint "Cleanup", Time since last: 1000095642 ns, Reaching safepoint: 6500 ns, Cleanup: 13900 ns, At safepoint: 2300 ns, Total: 22700 ns
[511.184s][info ][safepoint      ] Safepoint "Cleanup", Time since last: 2000174184 ns, Reaching safepoint: 6800 ns, Cleanup: 11700 ns, At safepoint: 2400 ns, Total: 20900 ns
[512.184s][info ][safepoint      ] Safepoint "Cleanup", Time since last: 1000111442 ns, Reaching safepoint: 7200 ns, Cleanup: 12601 ns, At safepoint: 7700 ns, Total: 27501 ns
[513.185s][info ][safepoint      ] Safepoint "Cleanup", Time since last: 1000109142 ns, Reaching safepoint: 7000 ns, Cleanup: 14100 ns, At safepoint: 2700 ns, Total: 23800 ns
[514.185s][info ][safepoint      ] Safepoint "Cleanup", Time since last: 1000114100 ns, Reaching safepoint: 7100 ns, Cleanup: 14000 ns, At safepoint: 6400 ns, Total: 27500 ns
[516.185s][info ][safepoint      ] Safepoint "Cleanup", Time since last: 2000183683 ns, Reaching safepoint: 6300 ns, Cleanup: 10700 ns, At safepoint: 2500 ns, Total: 19500 ns
[518.185s][info ][safepoint      ] Safepoint "Cleanup", Time since last: 2000173982 ns, Reaching safepoint: 6201 ns, Cleanup: 8800 ns, At safepoint: 2400 ns, Total: 17401 ns
[519.185s][info ][safepoint      ] Safepoint "Cleanup", Time since last: 1000108891 ns, Reaching safepoint: 8000 ns, Cleanup: 13400 ns, At safepoint: 2900 ns, Total: 24300 ns
[523.186s][info ][safepoint      ] Safepoint "Cleanup", Time since last: 4000350622 ns, Reaching safepoint: 81700 ns, Cleanup: 45500 ns, At safepoint: 23000 ns, Total: 150200 ns
[524.186s][info ][safepoint      ] Safepoint "Cleanup", Time since last: 1000110573 ns, Reaching safepoint: 7600 ns, Cleanup: 50600 ns, At safepoint: 4500 ns, Total: 62700 ns
[530.186s][info ][safepoint      ] Safepoint "Cleanup", Time since last: 6000441139 ns, Reaching safepoint: 8100 ns, Cleanup: 11900 ns, At safepoint: 2800 ns, Total: 22800 ns
[614.203s][info ][safepoint      ] Safepoint "Cleanup", Time since last: 84016401401 ns, Reaching safepoint: 6900 ns, Cleanup: 26200 ns, At safepoint: 28700 ns, Total: 61800 ns
[643.281s][info ][safepoint      ] Safepoint "Cleanup", Time since last: 29078320935 ns, Reaching safepoint: 4600 ns, Cleanup: 17300 ns, At safepoint: 4400 ns, Total: 26300 ns
[643.296s][info ][safepoint      ] Safepoint "JFRCheckpoint", Time since last: 14352876 ns, Reaching safepoint: 91601 ns, Cleanup: 11000 ns, At safepoint: 31500 ns, Total: 134101 ns
[643.299s][info ][gc,heap,exit   ] Heap
[643.299s][info ][gc,heap,exit   ]  PSYoungGen      total 1780736K, used 1398446K [0x0000000780000000, 0x0000000800000000, 0x0000000800000000)
[643.299s][info ][gc,heap,exit   ]   eden space 1453056K, 84% used [0x0000000780000000,0x00000007caa025f8,0x00000007d8b00000)
[643.299s][info ][gc,heap,exit   ]   from space 327680K, 53% used [0x00000007ec000000,0x00000007f6ba94e8,0x0000000800000000)
[643.300s][info ][gc,heap,exit   ]   to   space 316416K, 0% used [0x00000007d8b00000,0x00000007d8b00000,0x00000007ec000000)
[643.300s][info ][gc,heap,exit   ]  ParOldGen       total 76288K, used 43749K [0x00000006c0000000, 0x00000006c4a80000, 0x0000000780000000)
[643.300s][info ][gc,heap,exit   ]   object space 76288K, 57% used [0x00000006c0000000,0x00000006c2ab95c0,0x00000006c4a80000)
[643.300s][info ][gc,heap,exit   ]  Metaspace       used 94892K, committed 96192K, reserved 1179648K
[643.300s][info ][gc,heap,exit   ]   class space    used 14030K, committed 14592K, reserved 1048576K
