[0.004s][info][gc,init] CardTable entry size: 512
[0.004s][info][gc     ] Using Parallel
[0.005s][info][gc,init] Version: 21.0.3+9-LTS (release)
[0.005s][info][gc,init] CPUs: 4 total, 4 available
[0.006s][info][gc,init] Memory: 15991M
[0.006s][info][gc,init] Large Page Support: Disabled
[0.006s][info][gc,init] NUMA Support: Disabled
[0.006s][info][gc,init] Compressed Oops: Enabled (Zero based)
[0.006s][info][gc,init] Alignments: Space 512K, Generation 512K, Heap 2M
[0.006s][info][gc,init] Heap Min Capacity: 2054M
[0.006s][info][gc,init] Heap Initial Capacity: 2054M
[0.006s][info][gc,init] Heap Max Capacity: 5G
[0.006s][info][gc,init] Pre-touch: Disabled
[0.006s][info][gc,init] Parallel Workers: 4
[0.017s][info][gc,metaspace] CDS archive(s) mapped at: [0x00007f5858000000-0x00007f5858caa000-0x00007f5858caa000), size 13279232, SharedBaseAddress: 0x00007f5858000000, ArchiveRelocationMode: 1.
[0.017s][info][gc,metaspace] Compressed class space mapped at: 0x00007f5859000000-0x00007f5899000000, reserved size: 1073741824
[0.017s][info][gc,metaspace] Narrow klass base: 0x00007f5858000000, Narrow klass shift: 0, Narrow klass range: 0x100000000
[0.306s][info][safepoint   ] Safepoint "ICBufferFull", Time since last: 277522426 ns, Reaching safepoint: 28701 ns, Cleanup: 99603 ns, At safepoint: 14101 ns, Total: 142405 ns
[0.537s][info][safepoint   ] Safepoint "RedefineClasses", Time since last: 224666578 ns, Reaching safepoint: 3900 ns, Cleanup: 128605 ns, At safepoint: 5931718 ns, Total: 6064223 ns
[0.698s][info][safepoint   ] Safepoint "JFRCheckpoint", Time since last: 160293906 ns, Reaching safepoint: 118105 ns, Cleanup: 47601 ns, At safepoint: 13501 ns, Total: 179207 ns
[1.340s][info][safepoint   ] Safepoint "ICBufferFull", Time since last: 642652679 ns, Reaching safepoint: 2700 ns, Cleanup: 127504 ns, At safepoint: 2301 ns, Total: 132505 ns
[1.582s][info][safepoint   ] Safepoint "ICBufferFull", Time since last: 241156785 ns, Reaching safepoint: 80803 ns, Cleanup: 143905 ns, At safepoint: 9801 ns, Total: 234509 ns
[1.971s][info][gc,start    ] GC(0) Pause Young (Metadata GC Threshold)
[1.994s][debug][gc,phases   ] GC(0) Scavenge 22.458ms
[1.994s][debug][gc,ref      ] GC(0) ReferenceProcessor::execute queues: 3, RefProcThreadModel::Multi, marks_oops_alive: false
[1.994s][debug][gc,ref      ] GC(0) Skipped KeepAliveFinalRefsPhase of Reference Processing: no references
[1.994s][debug][gc,ref      ] GC(0) ReferenceProcessor::execute queues: 1, RefProcThreadModel::Single, marks_oops_alive: false
[1.994s][debug][gc,phases   ] GC(0) Reference Processing 0.357ms
[1.994s][debug][gc,phases   ] GC(0)   VM Weak                        Min:  0.0, Avg:  0.0, Max:  0.0, Diff:  0.0, Sum:  0.0, Workers: 4
[1.994s][debug][gc,phases   ] GC(0)     Dead                           Min: 0, Avg:  0.0, Max: 0, Diff: 0, Sum: 0, Workers: 4
[1.994s][debug][gc,phases   ] GC(0)     Total                          Min: 0, Avg: 61.2, Max: 181, Diff: 181, Sum: 245, Workers: 4
[1.994s][debug][gc,phases   ] GC(0)   ObjectSynchronizer Weak        Min:  0.0, Avg:  0.0, Max:  0.0, Diff:  0.0, Sum:  0.0, Workers: 4
[1.994s][debug][gc,phases   ] GC(0)     Dead                           Min: 0, Avg:  0.2, Max: 1, Diff: 1, Sum: 1, Workers: 4
[1.994s][debug][gc,phases   ] GC(0)     Total                          Min: 0, Avg:  2.0, Max: 8, Diff: 8, Sum: 8, Workers: 4
[1.994s][debug][gc,phases   ] GC(0)   JVMTI Tag Weak OopStorage      Min:  0.0, Avg:  0.0, Max:  0.0, Diff:  0.0, Sum:  0.0, Workers: 4
[1.994s][debug][gc,phases   ] GC(0)     Dead                           Min: 0, Avg:  0.0, Max: 0, Diff: 0, Sum: 0, Workers: 4
[1.994s][debug][gc,phases   ] GC(0)     Total                          Min: 0, Avg:  0.0, Max: 0, Diff: 0, Sum: 0, Workers: 4
[1.994s][debug][gc,phases   ] GC(0)   StringTable Weak               Min:  0.1, Avg:  0.1, Max:  0.1, Diff:  0.0, Sum:  0.4, Workers: 4
[1.994s][debug][gc,phases   ] GC(0)     Dead                           Min: 2, Avg:  7.5, Max: 18, Diff: 16, Sum: 30, Workers: 4
[1.994s][debug][gc,phases   ] GC(0)     Total                          Min: 1728, Avg: 1895.2, Max: 2013, Diff: 285, Sum: 7581, Workers: 4
[1.994s][debug][gc,phases   ] GC(0)   ResolvedMethodTable Weak       Min:  0.0, Avg:  0.0, Max:  0.0, Diff:  0.0, Sum:  0.1, Workers: 4
[1.994s][debug][gc,phases   ] GC(0)     Dead                           Min: 52, Avg: 87.8, Max: 116, Diff: 64, Sum: 351, Workers: 4
[1.994s][debug][gc,phases   ] GC(0)     Total                          Min: 439, Avg: 461.8, Max: 512, Diff: 73, Sum: 1847, Workers: 4
[1.994s][debug][gc,phases   ] GC(0)   JNI Weak                       Min:  0.0, Avg:  0.0, Max:  0.0, Diff:  0.0, Sum:  0.0, Workers: 4
[1.994s][debug][gc,phases   ] GC(0)     Dead                           Min: 0, Avg:  0.0, Max: 0, Diff: 0, Sum: 0, Workers: 4
[1.994s][debug][gc,phases   ] GC(0)     Total                          Min: 0, Avg: 12.0, Max: 48, Diff: 48, Sum: 48, Workers: 4
[1.994s][debug][gc,phases   ] GC(0)   StringDedup Table Weak         Min:  0.0, Avg:  0.0, Max:  0.0, Diff:  0.0, Sum:  0.0, Workers: 4
[1.994s][debug][gc,phases   ] GC(0)     Dead                           Min: 0, Avg:  0.0, Max: 0, Diff: 0, Sum: 0, Workers: 4
[1.994s][debug][gc,phases   ] GC(0)     Total                          Min: 0, Avg:  0.0, Max: 0, Diff: 0, Sum: 0, Workers: 4
[1.994s][debug][gc,phases   ] GC(0)   StringDedup Requests0 Weak     Min:  0.0, Avg:  0.0, Max:  0.0, Diff:  0.0, Sum:  0.0, Workers: 4
[1.994s][debug][gc,phases   ] GC(0)     Dead                           Min: 0, Avg:  0.0, Max: 0, Diff: 0, Sum: 0, Workers: 4
[1.994s][debug][gc,phases   ] GC(0)     Total                          Min: 0, Avg:  0.0, Max: 0, Diff: 0, Sum: 0, Workers: 4
[1.995s][debug][gc,phases   ] GC(0)   StringDedup Requests1 Weak     Min:  0.0, Avg:  0.0, Max:  0.0, Diff:  0.0, Sum:  0.0, Workers: 4
[1.995s][debug][gc,phases   ] GC(0)     Dead                           Min: 0, Avg:  0.0, Max: 0, Diff: 0, Sum: 0, Workers: 4
[1.995s][debug][gc,phases   ] GC(0)     Total                          Min: 0, Avg:  0.0, Max: 0, Diff: 0, Sum: 0, Workers: 4
[1.995s][debug][gc,phases   ] GC(0)   Weak JFR Old Object Samples    Min:  0.0, Avg:  0.0, Max:  0.0, Diff:  0.0, Sum:  0.0, Workers: 4
[1.995s][debug][gc,phases   ] GC(0)     Dead                           Min: 0, Avg:  0.0, Max: 0, Diff: 0, Sum: 0, Workers: 4
[1.995s][debug][gc,phases   ] GC(0)     Total                          Min: 0, Avg:  0.0, Max: 0, Diff: 0, Sum: 0, Workers: 4
[1.995s][debug][gc,phases   ] GC(0) Weak Processing 0.378ms
[1.995s][debug][gc,age      ] GC(0) Desired survivor size 536870912 bytes, new threshold 7 (max threshold 15)
[1.995s][info ][gc,heap     ] GC(0) PSYoungGen: 359864K(1572864K)->36598K(1572864K) Eden: 359864K(1048576K)->0K(1048576K) From: 0K(524288K)->36598K(524288K)
[1.995s][info ][gc,heap     ] GC(0) ParOldGen: 1054K(6144K)->1134K(6144K)
[1.995s][info ][gc,metaspace] GC(0) Metaspace: 21063K(21504K)->21063K(21504K) NonClass: 18716K(18944K)->18716K(18944K) Class: 2347K(2560K)->2347K(2560K)
[1.995s][info ][gc          ] GC(0) Pause Young (Metadata GC Threshold) 352M->36M(1542M) 23.688ms
[1.995s][info ][gc,cpu      ] GC(0) User=0.08s Sys=0.01s Real=0.02s
[1.995s][debug][gc,phases   ] GC(1) Pre Compact 0.012ms
[1.995s][info ][gc,start    ] GC(1) Pause Full (Metadata GC Threshold)
[1.995s][info ][gc,phases,start] GC(1) Marking Phase
[2.005s][debug][gc,phases      ] GC(1) Par Mark 9.834ms
[2.005s][debug][gc,ref         ] GC(1) ReferenceProcessor::execute queues: 1, RefProcThreadModel::Single, marks_oops_alive: false
[2.005s][debug][gc,ref         ] GC(1) ReferenceProcessor::execute queues: 4, RefProcThreadModel::Multi, marks_oops_alive: true
[2.005s][debug][gc,ref         ] GC(1) ReferenceProcessor::execute queues: 1, RefProcThreadModel::Single, marks_oops_alive: false
[2.005s][debug][gc,phases      ] GC(1) Reference Processing 0.148ms
[2.005s][debug][gc,phases      ] GC(1)   VM Weak                        Min:  0.0, Avg:  0.0, Max:  0.0, Diff:  0.0, Sum:  0.0, Workers: 4
[2.005s][debug][gc,phases      ] GC(1)     Dead                           Min: 0, Avg:  0.0, Max: 0, Diff: 0, Sum: 0, Workers: 4
[2.005s][debug][gc,phases      ] GC(1)     Total                          Min: 0, Avg: 61.2, Max: 181, Diff: 181, Sum: 245, Workers: 4
[2.005s][debug][gc,phases      ] GC(1)   ObjectSynchronizer Weak        Min:  0.0, Avg:  0.0, Max:  0.0, Diff:  0.0, Sum:  0.0, Workers: 4
[2.005s][debug][gc,phases      ] GC(1)     Dead                           Min: 0, Avg:  0.0, Max: 0, Diff: 0, Sum: 0, Workers: 4
[2.005s][debug][gc,phases      ] GC(1)     Total                          Min: 0, Avg:  2.0, Max: 8, Diff: 8, Sum: 8, Workers: 4
[2.005s][debug][gc,phases      ] GC(1)   JVMTI Tag Weak OopStorage      Min:  0.0, Avg:  0.0, Max:  0.0, Diff:  0.0, Sum:  0.0, Workers: 4
[2.005s][debug][gc,phases      ] GC(1)     Dead                           Min: 0, Avg:  0.0, Max: 0, Diff: 0, Sum: 0, Workers: 4
[2.005s][debug][gc,phases      ] GC(1)     Total                          Min: 0, Avg:  0.0, Max: 0, Diff: 0, Sum: 0, Workers: 4
[2.005s][debug][gc,phases      ] GC(1)   StringTable Weak               Min:  0.0, Avg:  0.0, Max:  0.0, Diff:  0.0, Sum:  0.1, Workers: 4
[2.005s][debug][gc,phases      ] GC(1)     Dead                           Min: 0, Avg:  0.0, Max: 0, Diff: 0, Sum: 0, Workers: 4
[2.005s][debug][gc,phases      ] GC(1)     Total                          Min: 0, Avg: 1895.2, Max: 2944, Diff: 2944, Sum: 7581, Workers: 4
[2.005s][debug][gc,phases      ] GC(1)   ResolvedMethodTable Weak       Min:  0.0, Avg:  0.0, Max:  0.0, Diff:  0.0, Sum:  0.0, Workers: 4
[2.005s][debug][gc,phases      ] GC(1)     Dead                           Min: 0, Avg:  0.0, Max: 0, Diff: 0, Sum: 0, Workers: 4
[2.005s][debug][gc,phases      ] GC(1)     Total                          Min: 0, Avg: 461.8, Max: 640, Diff: 640, Sum: 1847, Workers: 4
[2.005s][debug][gc,phases      ] GC(1)   JNI Weak                       Min:  0.0, Avg:  0.0, Max:  0.0, Diff:  0.0, Sum:  0.0, Workers: 4
[2.005s][debug][gc,phases      ] GC(1)     Dead                           Min: 0, Avg:  0.0, Max: 0, Diff: 0, Sum: 0, Workers: 4
[2.005s][debug][gc,phases      ] GC(1)     Total                          Min: 0, Avg: 12.0, Max: 48, Diff: 48, Sum: 48, Workers: 4
[2.005s][debug][gc,phases      ] GC(1)   StringDedup Table Weak         Min:  0.0, Avg:  0.0, Max:  0.0, Diff:  0.0, Sum:  0.0, Workers: 4
[2.005s][debug][gc,phases      ] GC(1)     Dead                           Min: 0, Avg:  0.0, Max: 0, Diff: 0, Sum: 0, Workers: 4
[2.005s][debug][gc,phases      ] GC(1)     Total                          Min: 0, Avg:  0.0, Max: 0, Diff: 0, Sum: 0, Workers: 4
[2.005s][debug][gc,phases      ] GC(1)   StringDedup Requests0 Weak     Min:  0.0, Avg:  0.0, Max:  0.0, Diff:  0.0, Sum:  0.0, Workers: 4
[2.005s][debug][gc,phases      ] GC(1)     Dead                           Min: 0, Avg:  0.0, Max: 0, Diff: 0, Sum: 0, Workers: 4
[2.005s][debug][gc,phases      ] GC(1)     Total                          Min: 0, Avg:  0.0, Max: 0, Diff: 0, Sum: 0, Workers: 4
[2.005s][debug][gc,phases      ] GC(1)   StringDedup Requests1 Weak     Min:  0.0, Avg:  0.0, Max:  0.0, Diff:  0.0, Sum:  0.0, Workers: 4
[2.005s][debug][gc,phases      ] GC(1)     Dead                           Min: 0, Avg:  0.0, Max: 0, Diff: 0, Sum: 0, Workers: 4
[2.005s][debug][gc,phases      ] GC(1)     Total                          Min: 0, Avg:  0.0, Max: 0, Diff: 0, Sum: 0, Workers: 4
[2.005s][debug][gc,phases      ] GC(1)   Weak JFR Old Object Samples    Min:  0.0, Avg:  0.0, Max:  0.0, Diff:  0.0, Sum:  0.0, Workers: 4
[2.005s][debug][gc,phases      ] GC(1)     Dead                           Min: 0, Avg:  0.0, Max: 0, Diff: 0, Sum: 0, Workers: 4
[2.005s][debug][gc,phases      ] GC(1)     Total                          Min: 0, Avg:  0.0, Max: 0, Diff: 0, Sum: 0, Workers: 4
[2.005s][debug][gc,phases      ] GC(1) Weak Processing 0.300ms
[2.005s][debug][gc,phases      ] GC(1) ClassLoaderData 0.035ms
[2.005s][debug][gc,phases      ] GC(1) Trigger cleanups 0.000ms
[2.011s][debug][gc,phases      ] GC(1) Class Unloading 6.277ms
[2.011s][debug][gc,phases      ] GC(1) Report Object Count 0.001ms
[2.011s][info ][gc,phases      ] GC(1) Marking Phase 16.644ms
[2.011s][info ][gc,phases,start] GC(1) Summary Phase
[2.011s][info ][gc,phases      ] GC(1) Summary Phase 0.007ms
[2.011s][info ][gc,phases,start] GC(1) Adjust Roots
[2.017s][info ][gc,phases      ] GC(1) Adjust Roots 5.972ms
[2.017s][info ][gc,phases,start] GC(1) Compaction Phase
[2.040s][info ][gc,phases      ] GC(1) Compaction Phase 22.435ms
[2.040s][info ][gc,phases,start] GC(1) Post Compact
[2.042s][info ][gc,phases      ] GC(1) Post Compact 1.830ms
[2.042s][info ][gc,heap        ] GC(1) PSYoungGen: 36598K(1572864K)->31383K(1572864K) Eden: 0K(1048576K)->0K(1048576K) From: 36598K(524288K)->31383K(524288K)
[2.042s][info ][gc,heap        ] GC(1) ParOldGen: 1134K(6144K)->6077K(6144K)
[2.042s][info ][gc,metaspace   ] GC(1) Metaspace: 21063K(21504K)->21063K(21504K) NonClass: 18716K(18944K)->18716K(18944K) Class: 2347K(2560K)->2347K(2560K)
[2.042s][info ][gc             ] GC(1) Pause Full (Metadata GC Threshold) 36M->36M(1542M) 47.062ms
[2.042s][info ][gc,cpu         ] GC(1) User=0.11s Sys=0.01s Real=0.05s
[2.042s][info ][safepoint      ] Safepoint "CollectForMetadataAllocation", Time since last: 388944830 ns, Reaching safepoint: 3701 ns, Cleanup: 111804 ns, At safepoint: 70910512 ns, Total: 71026017 ns
[2.407s][info ][safepoint      ] Safepoint "ICBufferFull", Time since last: 365357862 ns, Reaching safepoint: 3700 ns, Cleanup: 108504 ns, At safepoint: 6600 ns, Total: 118804 ns
[2.555s][info ][safepoint      ] Safepoint "ICBufferFull", Time since last: 147916050 ns, Reaching safepoint: 79203 ns, Cleanup: 124705 ns, At safepoint: 5200 ns, Total: 209108 ns
[2.764s][info ][safepoint      ] Safepoint "ICBufferFull", Time since last: 207999764 ns, Reaching safepoint: 5200 ns, Cleanup: 137705 ns, At safepoint: 3100 ns, Total: 146005 ns
[3.484s][info ][safepoint      ] Safepoint "ICBufferFull", Time since last: 720436445 ns, Reaching safepoint: 5000 ns, Cleanup: 144505 ns, At safepoint: 12101 ns, Total: 161606 ns
[3.578s][info ][safepoint      ] Safepoint "ICBufferFull", Time since last: 93527446 ns, Reaching safepoint: 15801 ns, Cleanup: 112704 ns, At safepoint: 5600 ns, Total: 134105 ns
[3.709s][info ][safepoint      ] Safepoint "ICBufferFull", Time since last: 130547210 ns, Reaching safepoint: 5500 ns, Cleanup: 133405 ns, At safepoint: 2300 ns, Total: 141205 ns
[3.778s][info ][safepoint      ] Safepoint "ICBufferFull", Time since last: 69506961 ns, Reaching safepoint: 4600 ns, Cleanup: 164006 ns, At safepoint: 5101 ns, Total: 173707 ns
[4.013s][info ][safepoint      ] Safepoint "ICBufferFull", Time since last: 234426637 ns, Reaching safepoint: 5500 ns, Cleanup: 145906 ns, At safepoint: 2400 ns, Total: 153806 ns
[4.137s][debug][gc,phases      ] GC(2) Pre Compact 0.019ms
[4.137s][info ][gc,start       ] GC(2) Pause Full (Metadata GC Threshold)
[4.137s][info ][gc,phases,start] GC(2) Marking Phase
[4.194s][debug][gc,phases      ] GC(2) Par Mark 56.734ms
[4.194s][debug][gc,ref         ] GC(2) ReferenceProcessor::execute queues: 4, RefProcThreadModel::Multi, marks_oops_alive: false
[4.195s][debug][gc,ref         ] GC(2) ReferenceProcessor::execute queues: 4, RefProcThreadModel::Multi, marks_oops_alive: true
[4.195s][debug][gc,ref         ] GC(2) ReferenceProcessor::execute queues: 2, RefProcThreadModel::Multi, marks_oops_alive: false
[4.195s][debug][gc,phases      ] GC(2) Reference Processing 1.170ms
[4.195s][debug][gc,phases      ] GC(2)   VM Weak                        Min:  0.0, Avg:  0.0, Max:  0.0, Diff:  0.0, Sum:  0.0, Workers: 4
[4.195s][debug][gc,phases      ] GC(2)     Dead                           Min: 0, Avg:  0.0, Max: 0, Diff: 0, Sum: 0, Workers: 4
[4.195s][debug][gc,phases      ] GC(2)     Total                          Min: 59, Avg: 78.8, Max: 128, Diff: 69, Sum: 315, Workers: 4
[4.195s][debug][gc,phases      ] GC(2)   ObjectSynchronizer Weak        Min:  0.0, Avg:  0.0, Max:  0.0, Diff:  0.0, Sum:  0.0, Workers: 4
[4.195s][debug][gc,phases      ] GC(2)     Dead                           Min: 0, Avg:  0.2, Max: 1, Diff: 1, Sum: 1, Workers: 4
[4.195s][debug][gc,phases      ] GC(2)     Total                          Min: 0, Avg:  2.5, Max: 10, Diff: 10, Sum: 10, Workers: 4
[4.195s][debug][gc,phases      ] GC(2)   JVMTI Tag Weak OopStorage      Min:  0.0, Avg:  0.0, Max:  0.0, Diff:  0.0, Sum:  0.0, Workers: 4
[4.195s][debug][gc,phases      ] GC(2)     Dead                           Min: 0, Avg:  0.0, Max: 0, Diff: 0, Sum: 0, Workers: 4
[4.195s][debug][gc,phases      ] GC(2)     Total                          Min: 0, Avg:  0.0, Max: 0, Diff: 0, Sum: 0, Workers: 4
[4.195s][debug][gc,phases      ] GC(2)   StringTable Weak               Min:  0.1, Avg:  0.1, Max:  0.1, Diff:  0.0, Sum:  0.3, Workers: 4
[4.195s][debug][gc,phases      ] GC(2)     Dead                           Min: 2, Avg:  2.5, Max: 3, Diff: 1, Sum: 10, Workers: 4
[4.195s][debug][gc,phases      ] GC(2)     Total                          Min: 2560, Avg: 3485.2, Max: 3904, Diff: 1344, Sum: 13941, Workers: 4
[4.195s][debug][gc,phases      ] GC(2)   ResolvedMethodTable Weak       Min:  0.0, Avg:  0.0, Max:  0.0, Diff:  0.0, Sum:  0.1, Workers: 4
[4.195s][debug][gc,phases      ] GC(2)     Dead                           Min: 198, Avg: 252.2, Max: 389, Diff: 191, Sum: 1009, Workers: 4
[4.195s][debug][gc,phases      ] GC(2)     Total                          Min: 896, Avg: 933.8, Max: 960, Diff: 64, Sum: 3735, Workers: 4
[4.195s][debug][gc,phases      ] GC(2)   JNI Weak                       Min:  0.0, Avg:  0.0, Max:  0.0, Diff:  0.0, Sum:  0.0, Workers: 4
[4.195s][debug][gc,phases      ] GC(2)     Dead                           Min: 0, Avg:  0.0, Max: 0, Diff: 0, Sum: 0, Workers: 4
[4.195s][debug][gc,phases      ] GC(2)     Total                          Min: 0, Avg: 13.0, Max: 52, Diff: 52, Sum: 52, Workers: 4
[4.195s][debug][gc,phases      ] GC(2)   StringDedup Table Weak         Min:  0.0, Avg:  0.0, Max:  0.0, Diff:  0.0, Sum:  0.0, Workers: 4
[4.195s][debug][gc,phases      ] GC(2)     Dead                           Min: 0, Avg:  0.0, Max: 0, Diff: 0, Sum: 0, Workers: 4
[4.195s][debug][gc,phases      ] GC(2)     Total                          Min: 0, Avg:  0.0, Max: 0, Diff: 0, Sum: 0, Workers: 4
[4.195s][debug][gc,phases      ] GC(2)   StringDedup Requests0 Weak     Min:  0.0, Avg:  0.0, Max:  0.0, Diff:  0.0, Sum:  0.0, Workers: 4
[4.195s][debug][gc,phases      ] GC(2)     Dead                           Min: 0, Avg:  0.0, Max: 0, Diff: 0, Sum: 0, Workers: 4
[4.195s][debug][gc,phases      ] GC(2)     Total                          Min: 0, Avg:  0.0, Max: 0, Diff: 0, Sum: 0, Workers: 4
[4.195s][debug][gc,phases      ] GC(2)   StringDedup Requests1 Weak     Min:  0.0, Avg:  0.0, Max:  0.0, Diff:  0.0, Sum:  0.0, Workers: 4
[4.195s][debug][gc,phases      ] GC(2)     Dead                           Min: 0, Avg:  0.0, Max: 0, Diff: 0, Sum: 0, Workers: 4
[4.195s][debug][gc,phases      ] GC(2)     Total                          Min: 0, Avg:  0.0, Max: 0, Diff: 0, Sum: 0, Workers: 4
[4.195s][debug][gc,phases      ] GC(2)   Weak JFR Old Object Samples    Min:  0.0, Avg:  0.0, Max:  0.0, Diff:  0.0, Sum:  0.0, Workers: 4
[4.195s][debug][gc,phases      ] GC(2)     Dead                           Min: 0, Avg:  0.0, Max: 0, Diff: 0, Sum: 0, Workers: 4
[4.195s][debug][gc,phases      ] GC(2)     Total                          Min: 0, Avg:  0.0, Max: 0, Diff: 0, Sum: 0, Workers: 4
[4.195s][debug][gc,phases      ] GC(2) Weak Processing 0.324ms
[4.195s][debug][gc,phases      ] GC(2) ClassLoaderData 0.045ms
[4.195s][debug][gc,phases      ] GC(2) Trigger cleanups 0.000ms
[4.205s][debug][gc,phases      ] GC(2) Class Unloading 9.912ms
[4.205s][debug][gc,phases      ] GC(2) Report Object Count 0.001ms
[4.205s][info ][gc,phases      ] GC(2) Marking Phase 68.255ms
[4.205s][info ][gc,phases,start] GC(2) Summary Phase
[4.205s][info ][gc,phases      ] GC(2) Summary Phase 0.016ms
[4.205s][info ][gc,phases,start] GC(2) Adjust Roots
[4.212s][info ][gc,phases      ] GC(2) Adjust Roots 6.924ms
[4.212s][info ][gc,phases,start] GC(2) Compaction Phase
[4.305s][info ][gc,phases      ] GC(2) Compaction Phase 92.805ms
[4.305s][info ][gc,phases,start] GC(2) Post Compact
[4.315s][info ][gc,phases      ] GC(2) Post Compact 10.423ms
[4.315s][info ][gc,heap        ] GC(2) PSYoungGen: 597615K(1572864K)->75427K(1572864K) Eden: 566231K(1048576K)->75427K(1048576K) From: 31383K(524288K)->0K(524288K)
[4.315s][info ][gc,heap        ] GC(2) ParOldGen: 6077K(6144K)->6137K(6144K)
[4.315s][info ][gc,metaspace   ] GC(2) Metaspace: 35404K(35840K)->35404K(35840K) NonClass: 31042K(31296K)->31042K(31296K) Class: 4361K(4544K)->4361K(4544K)
[4.315s][info ][gc             ] GC(2) Pause Full (Metadata GC Threshold) 589M->79M(1542M) 178.655ms
[4.315s][info ][gc,cpu         ] GC(2) User=0.50s Sys=0.04s Real=0.18s
[4.317s][info ][safepoint      ] Safepoint "CollectForMetadataAllocation", Time since last: 123809162 ns, Reaching safepoint: 85303 ns, Cleanup: 51102 ns, At safepoint: 180398446 ns, Total: 180534851 ns
[4.622s][info ][safepoint      ] Safepoint "ICBufferFull", Time since last: 305024639 ns, Reaching safepoint: 5100 ns, Cleanup: 155806 ns, At safepoint: 12500 ns, Total: 173406 ns
[4.852s][info ][safepoint      ] Safepoint "ICBufferFull", Time since last: 229993975 ns, Reaching safepoint: 4900 ns, Cleanup: 129905 ns, At safepoint: 5900 ns, Total: 140705 ns
[5.128s][info ][safepoint      ] Safepoint "ICBufferFull", Time since last: 274978331 ns, Reaching safepoint: 5301 ns, Cleanup: 140105 ns, At safepoint: 6400 ns, Total: 151806 ns
[5.430s][info ][safepoint      ] Safepoint "ICBufferFull", Time since last: 302402142 ns, Reaching safepoint: 5800 ns, Cleanup: 162306 ns, At safepoint: 7001 ns, Total: 175107 ns
[5.974s][info ][safepoint      ] Safepoint "ICBufferFull", Time since last: 544046813 ns, Reaching safepoint: 61202 ns, Cleanup: 148605 ns, At safepoint: 7400 ns, Total: 217207 ns
[6.375s][debug][gc,phases      ] GC(3) Pre Compact 0.023ms
[6.375s][info ][gc,start       ] GC(3) Pause Full (Metadata GC Threshold)
[6.375s][info ][gc,phases,start] GC(3) Marking Phase
[6.438s][debug][gc,phases      ] GC(3) Par Mark 62.349ms
[6.439s][debug][gc,ref         ] GC(3) ReferenceProcessor::execute queues: 4, RefProcThreadModel::Multi, marks_oops_alive: false
[6.440s][debug][gc,ref         ] GC(3) Skipped KeepAliveFinalRefsPhase of Reference Processing: no references
[6.440s][debug][gc,ref         ] GC(3) ReferenceProcessor::execute queues: 4, RefProcThreadModel::Multi, marks_oops_alive: false
[6.440s][debug][gc,phases      ] GC(3) Reference Processing 2.629ms
[6.441s][debug][gc,phases      ] GC(3)   VM Weak                        Min:  0.0, Avg:  0.0, Max:  0.0, Diff:  0.0, Sum:  0.0, Workers: 4
[6.441s][debug][gc,phases      ] GC(3)     Dead                           Min: 0, Avg:  0.0, Max: 0, Diff: 0, Sum: 0, Workers: 4
[6.441s][debug][gc,phases      ] GC(3)     Total                          Min: 0, Avg: 141.8, Max: 320, Diff: 320, Sum: 567, Workers: 4
[6.441s][debug][gc,phases      ] GC(3)   ObjectSynchronizer Weak        Min:  0.0, Avg:  0.0, Max:  0.0, Diff:  0.0, Sum:  0.0, Workers: 4
[6.441s][debug][gc,phases      ] GC(3)     Dead                           Min: 0, Avg:  0.2, Max: 1, Diff: 1, Sum: 1, Workers: 4
[6.441s][debug][gc,phases      ] GC(3)     Total                          Min: 0, Avg:  2.8, Max: 11, Diff: 11, Sum: 11, Workers: 4
[6.441s][debug][gc,phases      ] GC(3)   JVMTI Tag Weak OopStorage      Min:  0.0, Avg:  0.0, Max:  0.0, Diff:  0.0, Sum:  0.0, Workers: 4
[6.441s][debug][gc,phases      ] GC(3)     Dead                           Min: 0, Avg:  0.0, Max: 0, Diff: 0, Sum: 0, Workers: 4
[6.441s][debug][gc,phases      ] GC(3)     Total                          Min: 0, Avg:  0.0, Max: 0, Diff: 0, Sum: 0, Workers: 4
[6.441s][debug][gc,phases      ] GC(3)   StringTable Weak               Min:  0.2, Avg:  0.2, Max:  0.2, Diff:  0.0, Sum:  0.7, Workers: 4
[6.441s][debug][gc,phases      ] GC(3)     Dead                           Min: 2, Avg:  4.2, Max: 8, Diff: 6, Sum: 17, Workers: 4
[6.441s][debug][gc,phases      ] GC(3)     Total                          Min: 4032, Avg: 8830.8, Max: 11200, Diff: 7168, Sum: 35323, Workers: 4
[6.441s][debug][gc,phases      ] GC(3)   ResolvedMethodTable Weak       Min:  0.0, Avg:  0.0, Max:  0.0, Diff:  0.0, Sum:  0.2, Workers: 4
[6.441s][debug][gc,phases      ] GC(3)     Dead                           Min: 714, Avg: 901.8, Max: 1011, Diff: 297, Sum: 3607, Workers: 4
[6.441s][debug][gc,phases      ] GC(3)     Total                          Min: 2496, Avg: 2681.8, Max: 2880, Diff: 384, Sum: 10727, Workers: 4
[6.441s][debug][gc,phases      ] GC(3)   JNI Weak                       Min:  0.0, Avg:  0.0, Max:  0.0, Diff:  0.0, Sum:  0.0, Workers: 4
[6.441s][debug][gc,phases      ] GC(3)     Dead                           Min: 0, Avg:  0.0, Max: 0, Diff: 0, Sum: 0, Workers: 4
[6.441s][debug][gc,phases      ] GC(3)     Total                          Min: 0, Avg: 12.0, Max: 48, Diff: 48, Sum: 48, Workers: 4
[6.441s][debug][gc,phases      ] GC(3)   StringDedup Table Weak         Min:  0.0, Avg:  0.0, Max:  0.0, Diff:  0.0, Sum:  0.0, Workers: 4
[6.441s][debug][gc,phases      ] GC(3)     Dead                           Min: 0, Avg:  0.0, Max: 0, Diff: 0, Sum: 0, Workers: 4
[6.441s][debug][gc,phases      ] GC(3)     Total                          Min: 0, Avg:  0.0, Max: 0, Diff: 0, Sum: 0, Workers: 4
[6.441s][debug][gc,phases      ] GC(3)   StringDedup Requests0 Weak     Min:  0.0, Avg:  0.0, Max:  0.0, Diff:  0.0, Sum:  0.0, Workers: 4
[6.441s][debug][gc,phases      ] GC(3)     Dead                           Min: 0, Avg:  0.0, Max: 0, Diff: 0, Sum: 0, Workers: 4
[6.441s][debug][gc,phases      ] GC(3)     Total                          Min: 0, Avg:  0.0, Max: 0, Diff: 0, Sum: 0, Workers: 4
[6.441s][debug][gc,phases      ] GC(3)   StringDedup Requests1 Weak     Min:  0.0, Avg:  0.0, Max:  0.0, Diff:  0.0, Sum:  0.0, Workers: 4
[6.441s][debug][gc,phases      ] GC(3)     Dead                           Min: 0, Avg:  0.0, Max: 0, Diff: 0, Sum: 0, Workers: 4
[6.441s][debug][gc,phases      ] GC(3)     Total                          Min: 0, Avg:  0.0, Max: 0, Diff: 0, Sum: 0, Workers: 4
[6.441s][debug][gc,phases      ] GC(3)   Weak JFR Old Object Samples    Min:  0.0, Avg:  0.0, Max:  0.0, Diff:  0.0, Sum:  0.0, Workers: 4
[6.441s][debug][gc,phases      ] GC(3)     Dead                           Min: 0, Avg:  0.0, Max: 0, Diff: 0, Sum: 0, Workers: 4
[6.441s][debug][gc,phases      ] GC(3)     Total                          Min: 0, Avg:  0.0, Max: 0, Diff: 0, Sum: 0, Workers: 4
[6.441s][debug][gc,phases      ] GC(3) Weak Processing 0.473ms
[6.441s][debug][gc,phases      ] GC(3) ClassLoaderData 0.082ms
[6.441s][debug][gc,phases      ] GC(3) Trigger cleanups 0.000ms
[6.455s][debug][gc,phases      ] GC(3) Class Unloading 14.736ms
[6.455s][debug][gc,phases      ] GC(3) Report Object Count 0.001ms
[6.455s][info ][gc,phases      ] GC(3) Marking Phase 80.309ms
[6.455s][info ][gc,phases,start] GC(3) Summary Phase
[6.455s][info ][gc,phases      ] GC(3) Summary Phase 0.014ms
[6.455s][info ][gc,phases,start] GC(3) Adjust Roots
[6.467s][info ][gc,phases      ] GC(3) Adjust Roots 11.354ms
[6.467s][info ][gc,phases,start] GC(3) Compaction Phase
[6.726s][info ][gc,phases      ] GC(3) Compaction Phase 259.174ms
[6.726s][info ][gc,phases,start] GC(3) Post Compact
[6.729s][info ][gc,phases      ] GC(3) Post Compact 2.890ms
[6.729s][info ][gc,heap        ] GC(3) PSYoungGen: 417198K(1572864K)->111222K(1572864K) Eden: 417198K(1048576K)->111222K(1048576K) From: 0K(524288K)->0K(524288K)
[6.729s][info ][gc,heap        ] GC(3) ParOldGen: 6137K(6144K)->6095K(6144K)
[6.729s][info ][gc,metaspace   ] GC(3) Metaspace: 58967K(59776K)->58967K(59776K) NonClass: 49877K(50304K)->49877K(50304K) Class: 9090K(9472K)->9090K(9472K)
[6.729s][info ][gc             ] GC(3) Pause Full (Metadata GC Threshold) 413M->114M(1542M) 353.922ms
[6.729s][info ][gc,cpu         ] GC(3) User=0.88s Sys=0.03s Real=0.36s
[6.729s][info ][safepoint      ] Safepoint "CollectForMetadataAllocation", Time since last: 400487346 ns, Reaching safepoint: 80802 ns, Cleanup: 117605 ns, At safepoint: 354114607 ns, Total: 354313014 ns
[6.960s][info ][safepoint      ] Safepoint "ICBufferFull", Time since last: 230118228 ns, Reaching safepoint: 85503 ns, Cleanup: 142405 ns, At safepoint: 10000 ns, Total: 237908 ns
[7.063s][info ][safepoint      ] Safepoint "ICBufferFull", Time since last: 103335250 ns, Reaching safepoint: 87803 ns, Cleanup: 123704 ns, At safepoint: 7401 ns, Total: 218908 ns
[7.181s][info ][safepoint      ] Safepoint "ICBufferFull", Time since last: 117805160 ns, Reaching safepoint: 5201 ns, Cleanup: 124404 ns, At safepoint: 8500 ns, Total: 138105 ns
[7.306s][info ][safepoint      ] Safepoint "ICBufferFull", Time since last: 124711805 ns, Reaching safepoint: 5200 ns, Cleanup: 125505 ns, At safepoint: 2900 ns, Total: 133605 ns
[7.516s][info ][safepoint      ] Safepoint "ICBufferFull", Time since last: 209498499 ns, Reaching safepoint: 4900 ns, Cleanup: 142705 ns, At safepoint: 8201 ns, Total: 155806 ns
[7.725s][info ][safepoint      ] Safepoint "ICBufferFull", Time since last: 209527800 ns, Reaching safepoint: 5200 ns, Cleanup: 151506 ns, At safepoint: 5800 ns, Total: 162506 ns
[7.957s][info ][safepoint      ] Safepoint "ICBufferFull", Time since last: 232086997 ns, Reaching safepoint: 4900 ns, Cleanup: 139005 ns, At safepoint: 7201 ns, Total: 151106 ns
[8.087s][info ][safepoint      ] Safepoint "ICBufferFull", Time since last: 129482173 ns, Reaching safepoint: 6800 ns, Cleanup: 149605 ns, At safepoint: 9101 ns, Total: 165506 ns
[8.679s][info ][safepoint      ] Safepoint "ICBufferFull", Time since last: 591463890 ns, Reaching safepoint: 5500 ns, Cleanup: 143005 ns, At safepoint: 2801 ns, Total: 151306 ns
[9.216s][info ][safepoint      ] Safepoint "ICBufferFull", Time since last: 536638654 ns, Reaching safepoint: 7000 ns, Cleanup: 163106 ns, At safepoint: 12800 ns, Total: 182906 ns
[10.235s][info ][safepoint      ] Safepoint "Cleanup", Time since last: 1019365704 ns, Reaching safepoint: 80703 ns, Cleanup: 127404 ns, At safepoint: 13101 ns, Total: 221208 ns
[12.078s][info ][safepoint      ] Safepoint "Cleanup", Time since last: 1842473776 ns, Reaching safepoint: 3300 ns, Cleanup: 64302 ns, At safepoint: 9600 ns, Total: 77202 ns
[12.280s][info ][safepoint      ] Safepoint "ICBufferFull", Time since last: 202073938 ns, Reaching safepoint: 7300 ns, Cleanup: 121004 ns, At safepoint: 11301 ns, Total: 139605 ns
[12.457s][info ][safepoint      ] Safepoint "ICBufferFull", Time since last: 176772043 ns, Reaching safepoint: 82803 ns, Cleanup: 122004 ns, At safepoint: 13101 ns, Total: 217908 ns
[12.620s][info ][safepoint      ] Safepoint "ICBufferFull", Time since last: 163249066 ns, Reaching safepoint: 86003 ns, Cleanup: 131404 ns, At safepoint: 13001 ns, Total: 230408 ns
[13.621s][info ][safepoint      ] Safepoint "Cleanup", Time since last: 1000121424 ns, Reaching safepoint: 6800 ns, Cleanup: 132105 ns, At safepoint: 6600 ns, Total: 145505 ns
[14.621s][info ][safepoint      ] Safepoint "Cleanup", Time since last: 1000117382 ns, Reaching safepoint: 10200 ns, Cleanup: 23301 ns, At safepoint: 2400 ns, Total: 35901 ns
[15.621s][info ][safepoint      ] Safepoint "Cleanup", Time since last: 1000129706 ns, Reaching safepoint: 6900 ns, Cleanup: 51602 ns, At safepoint: 7700 ns, Total: 66202 ns
[16.621s][info ][safepoint      ] Safepoint "Cleanup", Time since last: 1000114905 ns, Reaching safepoint: 8501 ns, Cleanup: 66502 ns, At safepoint: 3000 ns, Total: 78003 ns
[16.987s][info ][safepoint      ] Safepoint "ICBufferFull", Time since last: 366065840 ns, Reaching safepoint: 8400 ns, Cleanup: 167106 ns, At safepoint: 9400 ns, Total: 184906 ns
[17.097s][info ][safepoint      ] Safepoint "ICBufferFull", Time since last: 109396607 ns, Reaching safepoint: 85903 ns, Cleanup: 116704 ns, At safepoint: 12101 ns, Total: 214708 ns
[17.225s][info ][safepoint      ] Safepoint "ICBufferFull", Time since last: 128170360 ns, Reaching safepoint: 7700 ns, Cleanup: 140005 ns, At safepoint: 10401 ns, Total: 158106 ns
[17.276s][debug][gc,phases      ] GC(4) Pre Compact 0.027ms
[17.276s][info ][gc,start       ] GC(4) Pause Full (Ergonomics)
[17.276s][info ][gc,phases,start] GC(4) Marking Phase
[17.370s][debug][gc,phases      ] GC(4) Par Mark 93.806ms
[17.371s][debug][gc,ref         ] GC(4) ReferenceProcessor::execute queues: 4, RefProcThreadModel::Multi, marks_oops_alive: false
[17.371s][debug][gc,ref         ] GC(4) ReferenceProcessor::execute queues: 4, RefProcThreadModel::Multi, marks_oops_alive: true
[17.372s][debug][gc,ref         ] GC(4) ReferenceProcessor::execute queues: 4, RefProcThreadModel::Multi, marks_oops_alive: false
[17.372s][debug][gc,phases      ] GC(4) Reference Processing 2.124ms
[17.372s][debug][gc,phases      ] GC(4)   VM Weak                        Min:  0.0, Avg:  0.0, Max:  0.0, Diff:  0.0, Sum:  0.0, Workers: 4
[17.372s][debug][gc,phases      ] GC(4)     Dead                           Min: 0, Avg:  0.0, Max: 0, Diff: 0, Sum: 0, Workers: 4
[17.372s][debug][gc,phases      ] GC(4)     Total                          Min: 64, Avg: 186.5, Max: 320, Diff: 256, Sum: 746, Workers: 4
[17.372s][debug][gc,phases      ] GC(4)   ObjectSynchronizer Weak        Min:  0.0, Avg:  0.0, Max:  0.0, Diff:  0.0, Sum:  0.0, Workers: 4
[17.372s][debug][gc,phases      ] GC(4)     Dead                           Min: 0, Avg:  1.5, Max: 6, Diff: 6, Sum: 6, Workers: 4
[17.372s][debug][gc,phases      ] GC(4)     Total                          Min: 0, Avg:  6.5, Max: 26, Diff: 26, Sum: 26, Workers: 4
[17.372s][debug][gc,phases      ] GC(4)   JVMTI Tag Weak OopStorage      Min:  0.0, Avg:  0.0, Max:  0.0, Diff:  0.0, Sum:  0.0, Workers: 4
[17.372s][debug][gc,phases      ] GC(4)     Dead                           Min: 0, Avg:  0.0, Max: 0, Diff: 0, Sum: 0, Workers: 4
[17.372s][debug][gc,phases      ] GC(4)     Total                          Min: 0, Avg:  0.0, Max: 0, Diff: 0, Sum: 0, Workers: 4
[17.372s][debug][gc,phases      ] GC(4)   StringTable Weak               Min:  0.2, Avg:  0.2, Max:  0.2, Diff:  0.0, Sum:  0.8, Workers: 4
[17.372s][debug][gc,phases      ] GC(4)     Dead                           Min: 3, Avg:  6.5, Max: 10, Diff: 7, Sum: 26, Workers: 4
[17.372s][debug][gc,phases      ] GC(4)     Total                          Min: 10368, Avg: 11290.0, Max: 12200, Diff: 1832, Sum: 45160, Workers: 4
[17.372s][debug][gc,phases      ] GC(4)   ResolvedMethodTable Weak       Min:  0.1, Avg:  0.1, Max:  0.1, Diff:  0.0, Sum:  0.2, Workers: 4
[17.372s][debug][gc,phases      ] GC(4)     Dead                           Min: 576, Avg: 665.2, Max: 798, Diff: 222, Sum: 2661, Workers: 4
[17.372s][debug][gc,phases      ] GC(4)     Total                          Min: 3328, Avg: 3434.5, Max: 3520, Diff: 192, Sum: 13738, Workers: 4
[17.372s][debug][gc,phases      ] GC(4)   JNI Weak                       Min:  0.0, Avg:  0.0, Max:  0.0, Diff:  0.0, Sum:  0.0, Workers: 4
[17.372s][debug][gc,phases      ] GC(4)     Dead                           Min: 0, Avg:  0.0, Max: 0, Diff: 0, Sum: 0, Workers: 4
[17.372s][debug][gc,phases      ] GC(4)     Total                          Min: 0, Avg: 18.0, Max: 48, Diff: 48, Sum: 72, Workers: 4
[17.372s][debug][gc,phases      ] GC(4)   StringDedup Table Weak         Min:  0.0, Avg:  0.0, Max:  0.0, Diff:  0.0, Sum:  0.0, Workers: 4
[17.372s][debug][gc,phases      ] GC(4)     Dead                           Min: 0, Avg:  0.0, Max: 0, Diff: 0, Sum: 0, Workers: 4
[17.372s][debug][gc,phases      ] GC(4)     Total                          Min: 0, Avg:  0.0, Max: 0, Diff: 0, Sum: 0, Workers: 4
[17.372s][debug][gc,phases      ] GC(4)   StringDedup Requests0 Weak     Min:  0.0, Avg:  0.0, Max:  0.0, Diff:  0.0, Sum:  0.0, Workers: 4
[17.372s][debug][gc,phases      ] GC(4)     Dead                           Min: 0, Avg:  0.0, Max: 0, Diff: 0, Sum: 0, Workers: 4
[17.372s][debug][gc,phases      ] GC(4)     Total                          Min: 0, Avg:  0.0, Max: 0, Diff: 0, Sum: 0, Workers: 4
[17.372s][debug][gc,phases      ] GC(4)   StringDedup Requests1 Weak     Min:  0.0, Avg:  0.0, Max:  0.0, Diff:  0.0, Sum:  0.0, Workers: 4
[17.372s][debug][gc,phases      ] GC(4)     Dead                           Min: 0, Avg:  0.0, Max: 0, Diff: 0, Sum: 0, Workers: 4
[17.372s][debug][gc,phases      ] GC(4)     Total                          Min: 0, Avg:  0.0, Max: 0, Diff: 0, Sum: 0, Workers: 4
[17.372s][debug][gc,phases      ] GC(4)   Weak JFR Old Object Samples    Min:  0.0, Avg:  0.0, Max:  0.0, Diff:  0.0, Sum:  0.0, Workers: 4
[17.372s][debug][gc,phases      ] GC(4)     Dead                           Min: 0, Avg:  0.0, Max: 0, Diff: 0, Sum: 0, Workers: 4
[17.372s][debug][gc,phases      ] GC(4)     Total                          Min: 0, Avg:  0.0, Max: 0, Diff: 0, Sum: 0, Workers: 4
[17.372s][debug][gc,phases      ] GC(4) Weak Processing 0.486ms
[17.372s][debug][gc,phases      ] GC(4) ClassLoaderData 0.105ms
[17.372s][debug][gc,phases      ] GC(4) Trigger cleanups 0.000ms
[17.426s][debug][gc,phases      ] GC(4) Class Unloading 53.658ms
[17.426s][debug][gc,phases      ] GC(4) Report Object Count 0.002ms
[17.426s][info ][gc,phases      ] GC(4) Marking Phase 150.192ms
[17.426s][info ][gc,phases,start] GC(4) Summary Phase
[17.426s][info ][gc,phases      ] GC(4) Summary Phase 0.027ms
[17.426s][info ][gc,phases,start] GC(4) Adjust Roots
[17.442s][info ][gc,phases      ] GC(4) Adjust Roots 15.805ms
[17.442s][info ][gc,phases,start] GC(4) Compaction Phase
[17.693s][info ][gc,phases      ] GC(4) Compaction Phase 251.515ms
[17.694s][info ][gc,phases,start] GC(4) Post Compact
[17.704s][info ][gc,phases      ] GC(4) Post Compact 10.106ms
[17.704s][info ][gc,heap        ] GC(4) PSYoungGen: 1048576K(1572864K)->149231K(1572864K) Eden: 1048576K(1048576K)->149231K(1048576K) From: 0K(524288K)->0K(524288K)
[17.704s][info ][gc,heap        ] GC(4) ParOldGen: 6095K(6144K)->6076K(17920K)
[17.704s][info ][gc,metaspace   ] GC(4) Metaspace: 85749K(86784K)->85749K(86784K) NonClass: 72706K(73280K)->72706K(73280K) Class: 13042K(13504K)->13042K(13504K)
[17.704s][info ][gc             ] GC(4) Pause Full (Ergonomics) 1029M->151M(1553M) 427.958ms
[17.704s][info ][gc,cpu         ] GC(4) User=1.10s Sys=0.04s Real=0.43s
[17.707s][info ][safepoint      ] Safepoint "ParallelGCFailedAllocation", Time since last: 50312751 ns, Reaching safepoint: 7500 ns, Cleanup: 54902 ns, At safepoint: 430879395 ns, Total: 430941797 ns
[17.886s][info ][safepoint      ] Safepoint "ICBufferFull", Time since last: 178978028 ns, Reaching safepoint: 80103 ns, Cleanup: 146105 ns, At safepoint: 8301 ns, Total: 234509 ns
[17.992s][info ][safepoint      ] Safepoint "ICBufferFull", Time since last: 105760180 ns, Reaching safepoint: 83703 ns, Cleanup: 277710 ns, At safepoint: 12500 ns, Total: 373913 ns
[18.139s][info ][safepoint      ] Safepoint "ICBufferFull", Time since last: 147065918 ns, Reaching safepoint: 8801 ns, Cleanup: 171106 ns, At safepoint: 10900 ns, Total: 190807 ns
[18.269s][info ][safepoint      ] Safepoint "ICBufferFull", Time since last: 129923521 ns, Reaching safepoint: 85303 ns, Cleanup: 178007 ns, At safepoint: 6900 ns, Total: 270210 ns
[18.457s][info ][safepoint      ] Safepoint "ICBufferFull", Time since last: 187755234 ns, Reaching safepoint: 88303 ns, Cleanup: 150105 ns, At safepoint: 8800 ns, Total: 247208 ns
[18.671s][info ][safepoint      ] Safepoint "ICBufferFull", Time since last: 213588734 ns, Reaching safepoint: 165705 ns, Cleanup: 140105 ns, At safepoint: 29401 ns, Total: 335211 ns
[18.973s][info ][safepoint      ] Safepoint "ICBufferFull", Time since last: 301049577 ns, Reaching safepoint: 89103 ns, Cleanup: 144505 ns, At safepoint: 16501 ns, Total: 250109 ns
[19.298s][info ][safepoint      ] Safepoint "ICBufferFull", Time since last: 324916307 ns, Reaching safepoint: 7601 ns, Cleanup: 151005 ns, At safepoint: 6200 ns, Total: 164806 ns
[19.472s][info ][safepoint      ] Safepoint "ICBufferFull", Time since last: 174364968 ns, Reaching safepoint: 81903 ns, Cleanup: 139905 ns, At safepoint: 9400 ns, Total: 231208 ns
[19.819s][info ][safepoint      ] Safepoint "ICBufferFull", Time since last: 341866498 ns, Reaching safepoint: 4263348 ns, Cleanup: 288210 ns, At safepoint: 15100 ns, Total: 4566658 ns
[20.819s][info ][safepoint      ] Safepoint "Cleanup", Time since last: 1000135606 ns, Reaching safepoint: 7901 ns, Cleanup: 142805 ns, At safepoint: 6600 ns, Total: 157306 ns
[21.635s][info ][safepoint      ] Safepoint "ICBufferFull", Time since last: 816093001 ns, Reaching safepoint: 91903 ns, Cleanup: 162306 ns, At safepoint: 11000 ns, Total: 265209 ns
[22.342s][info ][safepoint      ] Safepoint "ICBufferFull", Time since last: 705976412 ns, Reaching safepoint: 69302 ns, Cleanup: 141705 ns, At safepoint: 9401 ns, Total: 220408 ns
[23.342s][info ][safepoint      ] Safepoint "Cleanup", Time since last: 1000116995 ns, Reaching safepoint: 8401 ns, Cleanup: 139905 ns, At safepoint: 5700 ns, Total: 154006 ns
[24.342s][info ][safepoint      ] Safepoint "Cleanup", Time since last: 1000112995 ns, Reaching safepoint: 6400 ns, Cleanup: 91904 ns, At safepoint: 2700 ns, Total: 101004 ns
[25.342s][info ][safepoint      ] Safepoint "Cleanup", Time since last: 1000118795 ns, Reaching safepoint: 6901 ns, Cleanup: 57602 ns, At safepoint: 5700 ns, Total: 70203 ns
[26.342s][info ][safepoint      ] Safepoint "Cleanup", Time since last: 1000110795 ns, Reaching safepoint: 6901 ns, Cleanup: 45301 ns, At safepoint: 2500 ns, Total: 54702 ns
[27.343s][info ][safepoint      ] Safepoint "Cleanup", Time since last: 1000109095 ns, Reaching safepoint: 6401 ns, Cleanup: 33601 ns, At safepoint: 2400 ns, Total: 42402 ns
[28.343s][info ][safepoint      ] Safepoint "Cleanup", Time since last: 1000123196 ns, Reaching safepoint: 6500 ns, Cleanup: 42202 ns, At safepoint: 2200 ns, Total: 50902 ns
[29.343s][info ][safepoint      ] Safepoint "Cleanup", Time since last: 1000110095 ns, Reaching safepoint: 6600 ns, Cleanup: 35901 ns, At safepoint: 6901 ns, Total: 49402 ns
[30.343s][info ][safepoint      ] Safepoint "Cleanup", Time since last: 1000122947 ns, Reaching safepoint: 9900 ns, Cleanup: 51302 ns, At safepoint: 3300 ns, Total: 64502 ns
[31.343s][info ][safepoint      ] Safepoint "Cleanup", Time since last: 1000116451 ns, Reaching safepoint: 7601 ns, Cleanup: 19400 ns, At safepoint: 4800 ns, Total: 31801 ns
[32.343s][info ][safepoint      ] Safepoint "Cleanup", Time since last: 1000085951 ns, Reaching safepoint: 8600 ns, Cleanup: 18501 ns, At safepoint: 2700 ns, Total: 29801 ns
[33.344s][info ][safepoint      ] Safepoint "Cleanup", Time since last: 1000117051 ns, Reaching safepoint: 8100 ns, Cleanup: 15001 ns, At safepoint: 2500 ns, Total: 25601 ns
[34.344s][info ][safepoint      ] Safepoint "Cleanup", Time since last: 1000109451 ns, Reaching safepoint: 7500 ns, Cleanup: 12701 ns, At safepoint: 2600 ns, Total: 22801 ns
[35.344s][info ][safepoint      ] Safepoint "Cleanup", Time since last: 1000116286 ns, Reaching safepoint: 7200 ns, Cleanup: 21701 ns, At safepoint: 6700 ns, Total: 35601 ns
[35.787s][info ][gc,start       ] GC(5) Pause Young (Allocation Failure)
[35.892s][debug][gc,phases      ] GC(5) Scavenge 105.517ms
[35.893s][debug][gc,ref         ] GC(5) ReferenceProcessor::execute queues: 4, RefProcThreadModel::Multi, marks_oops_alive: false
[35.893s][debug][gc,ref         ] GC(5) Skipped KeepAliveFinalRefsPhase of Reference Processing: no references
[35.893s][debug][gc,ref         ] GC(5) ReferenceProcessor::execute queues: 1, RefProcThreadModel::Single, marks_oops_alive: false
[35.893s][debug][gc,phases      ] GC(5) Reference Processing 0.826ms
[35.894s][debug][gc,phases      ] GC(5)   VM Weak                        Min:  0.0, Avg:  0.0, Max:  0.0, Diff:  0.0, Sum:  0.0, Workers: 4
[35.894s][debug][gc,phases      ] GC(5)     Dead                           Min: 0, Avg:  0.0, Max: 0, Diff: 0, Sum: 0, Workers: 4
[35.894s][debug][gc,phases      ] GC(5)     Total                          Min: 64, Avg: 192.2, Max: 384, Diff: 320, Sum: 769, Workers: 4
[35.894s][debug][gc,phases      ] GC(5)   ObjectSynchronizer Weak        Min:  0.0, Avg:  0.0, Max:  0.0, Diff:  0.0, Sum:  0.0, Workers: 4
[35.894s][debug][gc,phases      ] GC(5)     Dead                           Min: 0, Avg:  0.0, Max: 0, Diff: 0, Sum: 0, Workers: 4
[35.894s][debug][gc,phases      ] GC(5)     Total                          Min: 0, Avg:  6.5, Max: 26, Diff: 26, Sum: 26, Workers: 4
[35.894s][debug][gc,phases      ] GC(5)   JVMTI Tag Weak OopStorage      Min:  0.0, Avg:  0.0, Max:  0.0, Diff:  0.0, Sum:  0.0, Workers: 4
[35.894s][debug][gc,phases      ] GC(5)     Dead                           Min: 0, Avg:  0.0, Max: 0, Diff: 0, Sum: 0, Workers: 4
[35.894s][debug][gc,phases      ] GC(5)     Total                          Min: 0, Avg:  0.0, Max: 0, Diff: 0, Sum: 0, Workers: 4
[35.894s][debug][gc,phases      ] GC(5)   StringTable Weak               Min:  0.6, Avg:  0.6, Max:  0.6, Diff:  0.0, Sum:  2.3, Workers: 4
[35.894s][debug][gc,phases      ] GC(5)     Dead                           Min: 1, Avg:  2.5, Max: 4, Diff: 3, Sum: 10, Workers: 4
[35.894s][debug][gc,phases      ] GC(5)     Total                          Min: 10752, Avg: 11566.5, Max: 12154, Diff: 1402, Sum: 46266, Workers: 4
[35.894s][debug][gc,phases      ] GC(5)   ResolvedMethodTable Weak       Min:  0.2, Avg:  0.2, Max:  0.2, Diff:  0.0, Sum:  0.6, Workers: 4
[35.894s][debug][gc,phases      ] GC(5)     Dead                           Min: 35, Avg: 42.0, Max: 46, Diff: 11, Sum: 168, Workers: 4
[35.894s][debug][gc,phases      ] GC(5)     Total                          Min: 2665, Avg: 2881.8, Max: 3102, Diff: 437, Sum: 11527, Workers: 4
[35.894s][debug][gc,phases      ] GC(5)   JNI Weak                       Min:  0.0, Avg:  0.0, Max:  0.0, Diff:  0.0, Sum:  0.0, Workers: 4
[35.894s][debug][gc,phases      ] GC(5)     Dead                           Min: 0, Avg:  0.0, Max: 0, Diff: 0, Sum: 0, Workers: 4
[35.894s][debug][gc,phases      ] GC(5)     Total                          Min: 0, Avg: 12.0, Max: 48, Diff: 48, Sum: 48, Workers: 4
[35.894s][debug][gc,phases      ] GC(5)   StringDedup Table Weak         Min:  0.0, Avg:  0.0, Max:  0.0, Diff:  0.0, Sum:  0.0, Workers: 4
[35.894s][debug][gc,phases      ] GC(5)     Dead                           Min: 0, Avg:  0.0, Max: 0, Diff: 0, Sum: 0, Workers: 4
[35.894s][debug][gc,phases      ] GC(5)     Total                          Min: 0, Avg:  0.0, Max: 0, Diff: 0, Sum: 0, Workers: 4
[35.894s][debug][gc,phases      ] GC(5)   StringDedup Requests0 Weak     Min:  0.0, Avg:  0.0, Max:  0.0, Diff:  0.0, Sum:  0.0, Workers: 4
[35.894s][debug][gc,phases      ] GC(5)     Dead                           Min: 0, Avg:  0.0, Max: 0, Diff: 0, Sum: 0, Workers: 4
[35.894s][debug][gc,phases      ] GC(5)     Total                          Min: 0, Avg:  0.0, Max: 0, Diff: 0, Sum: 0, Workers: 4
[35.894s][debug][gc,phases      ] GC(5)   StringDedup Requests1 Weak     Min:  0.0, Avg:  0.0, Max:  0.0, Diff:  0.0, Sum:  0.0, Workers: 4
[35.894s][debug][gc,phases      ] GC(5)     Dead                           Min: 0, Avg:  0.0, Max: 0, Diff: 0, Sum: 0, Workers: 4
[35.894s][debug][gc,phases      ] GC(5)     Total                          Min: 0, Avg:  0.0, Max: 0, Diff: 0, Sum: 0, Workers: 4
[35.894s][debug][gc,phases      ] GC(5)   Weak JFR Old Object Samples    Min:  0.0, Avg:  0.0, Max:  0.0, Diff:  0.0, Sum:  0.0, Workers: 4
[35.894s][debug][gc,phases      ] GC(5)     Dead                           Min: 0, Avg:  0.0, Max: 0, Diff: 0, Sum: 0, Workers: 4
[35.894s][debug][gc,phases      ] GC(5)     Total                          Min: 0, Avg:  0.0, Max: 0, Diff: 0, Sum: 0, Workers: 4
[35.894s][debug][gc,phases      ] GC(5) Weak Processing 1.011ms
[35.894s][debug][gc,age         ] GC(5) Desired survivor size 536870912 bytes, new threshold 7 (max threshold 15)
[35.894s][info ][gc,heap        ] GC(5) PSYoungGen: 1048576K(1572864K)->173200K(1572864K) Eden: 1048576K(1048576K)->0K(1048576K) From: 0K(524288K)->173200K(524288K)
[35.894s][info ][gc,heap        ] GC(5) ParOldGen: 6076K(17920K)->6442K(17920K)
[35.894s][info ][gc,metaspace   ] GC(5) Metaspace: 88448K(89472K)->88448K(89472K) NonClass: 75192K(75776K)->75192K(75776K) Class: 13255K(13696K)->13255K(13696K)
[35.894s][info ][gc             ] GC(5) Pause Young (Allocation Failure) 1029M->175M(1553M) 107.535ms
[35.894s][info ][gc,cpu         ] GC(5) User=0.32s Sys=0.07s Real=0.11s
[35.894s][info ][safepoint      ] Safepoint "ParallelGCFailedAllocation", Time since last: 442912841 ns, Reaching safepoint: 7400 ns, Cleanup: 10701 ns, At safepoint: 107629649 ns, Total: 107647750 ns
[36.895s][info ][safepoint      ] Safepoint "Cleanup", Time since last: 1000095368 ns, Reaching safepoint: 7901 ns, Cleanup: 18000 ns, At safepoint: 2400 ns, Total: 28301 ns
[37.895s][info ][safepoint      ] Safepoint "Cleanup", Time since last: 1000126870 ns, Reaching safepoint: 6200 ns, Cleanup: 26101 ns, At safepoint: 2900 ns, Total: 35201 ns
[38.895s][info ][safepoint      ] Safepoint "Cleanup", Time since last: 1000111254 ns, Reaching safepoint: 7701 ns, Cleanup: 21600 ns, At safepoint: 2901 ns, Total: 32202 ns
[39.895s][info ][safepoint      ] Safepoint "Cleanup", Time since last: 1000107617 ns, Reaching safepoint: 6700 ns, Cleanup: 14601 ns, At safepoint: 2200 ns, Total: 23501 ns
[40.895s][info ][safepoint      ] Safepoint "Cleanup", Time since last: 1000073116 ns, Reaching safepoint: 6900 ns, Cleanup: 22901 ns, At safepoint: 2400 ns, Total: 32201 ns
[41.895s][info ][safepoint      ] Safepoint "Cleanup", Time since last: 1000114918 ns, Reaching safepoint: 8000 ns, Cleanup: 103804 ns, At safepoint: 6800 ns, Total: 118604 ns
[42.895s][info ][safepoint      ] Safepoint "Cleanup", Time since last: 1000115217 ns, Reaching safepoint: 7001 ns, Cleanup: 19300 ns, At safepoint: 2300 ns, Total: 28601 ns
[43.896s][info ][safepoint      ] Safepoint "Cleanup", Time since last: 1000106418 ns, Reaching safepoint: 7500 ns, Cleanup: 46902 ns, At safepoint: 2600 ns, Total: 57002 ns
[44.896s][info ][safepoint      ] Safepoint "Cleanup", Time since last: 1000104417 ns, Reaching safepoint: 8100 ns, Cleanup: 35901 ns, At safepoint: 2601 ns, Total: 46602 ns
[45.896s][info ][safepoint      ] Safepoint "Cleanup", Time since last: 1000110717 ns, Reaching safepoint: 7200 ns, Cleanup: 42502 ns, At safepoint: 2200 ns, Total: 51902 ns
[46.896s][info ][safepoint      ] Safepoint "Cleanup", Time since last: 1000117937 ns, Reaching safepoint: 6301 ns, Cleanup: 17300 ns, At safepoint: 2500 ns, Total: 26101 ns
[47.896s][info ][safepoint      ] Safepoint "Cleanup", Time since last: 1000118016 ns, Reaching safepoint: 7400 ns, Cleanup: 20701 ns, At safepoint: 25901 ns, Total: 54002 ns
[48.896s][info ][safepoint      ] Safepoint "Cleanup", Time since last: 1000107615 ns, Reaching safepoint: 8501 ns, Cleanup: 35701 ns, At safepoint: 6300 ns, Total: 50502 ns
[49.897s][info ][safepoint      ] Safepoint "Cleanup", Time since last: 1000098815 ns, Reaching safepoint: 6500 ns, Cleanup: 23501 ns, At safepoint: 3100 ns, Total: 33101 ns
[50.897s][info ][safepoint      ] Safepoint "Cleanup", Time since last: 1000109916 ns, Reaching safepoint: 7000 ns, Cleanup: 18501 ns, At safepoint: 2500 ns, Total: 28001 ns
[51.897s][info ][safepoint      ] Safepoint "Cleanup", Time since last: 1000129416 ns, Reaching safepoint: 7800 ns, Cleanup: 35402 ns, At safepoint: 2400 ns, Total: 45602 ns
[52.897s][info ][safepoint      ] Safepoint "Cleanup", Time since last: 1000131516 ns, Reaching safepoint: 7100 ns, Cleanup: 21701 ns, At safepoint: 6800 ns, Total: 35601 ns
[53.897s][info ][safepoint      ] Safepoint "Cleanup", Time since last: 1000104551 ns, Reaching safepoint: 7100 ns, Cleanup: 14701 ns, At safepoint: 2400 ns, Total: 24201 ns
[54.897s][info ][safepoint      ] Safepoint "Cleanup", Time since last: 1000107513 ns, Reaching safepoint: 6300 ns, Cleanup: 13700 ns, At safepoint: 3200 ns, Total: 23200 ns
[55.897s][info ][safepoint      ] Safepoint "Cleanup", Time since last: 1000104929 ns, Reaching safepoint: 6501 ns, Cleanup: 13900 ns, At safepoint: 3500 ns, Total: 23901 ns
[56.898s][info ][safepoint      ] Safepoint "Cleanup", Time since last: 1000114930 ns, Reaching safepoint: 7000 ns, Cleanup: 18000 ns, At safepoint: 3001 ns, Total: 28001 ns
[57.898s][info ][safepoint      ] Safepoint "Cleanup", Time since last: 1000112029 ns, Reaching safepoint: 9200 ns, Cleanup: 20201 ns, At safepoint: 6500 ns, Total: 35901 ns
[58.898s][info ][safepoint      ] Safepoint "Cleanup", Time since last: 1000126530 ns, Reaching safepoint: 77002 ns, Cleanup: 17701 ns, At safepoint: 11200 ns, Total: 105903 ns
[59.898s][info ][safepoint      ] Safepoint "Cleanup", Time since last: 1000118830 ns, Reaching safepoint: 7500 ns, Cleanup: 24801 ns, At safepoint: 2900 ns, Total: 35201 ns
[61.057s][info ][safepoint      ] Safepoint "Cleanup", Time since last: 1159252665 ns, Reaching safepoint: 6701 ns, Cleanup: 18500 ns, At safepoint: 2700 ns, Total: 27901 ns
[62.057s][info ][safepoint      ] Safepoint "Cleanup", Time since last: 1000123037 ns, Reaching safepoint: 7000 ns, Cleanup: 13500 ns, At safepoint: 2501 ns, Total: 23001 ns
[63.058s][info ][safepoint      ] Safepoint "Cleanup", Time since last: 1000127761 ns, Reaching safepoint: 8400 ns, Cleanup: 10200 ns, At safepoint: 2901 ns, Total: 21501 ns
[64.058s][info ][safepoint      ] Safepoint "Cleanup", Time since last: 1000114460 ns, Reaching safepoint: 6801 ns, Cleanup: 17500 ns, At safepoint: 2800 ns, Total: 27101 ns
[65.058s][info ][safepoint      ] Safepoint "Cleanup", Time since last: 1000091660 ns, Reaching safepoint: 6401 ns, Cleanup: 8300 ns, At safepoint: 2000 ns, Total: 16701 ns
[66.058s][info ][safepoint      ] Safepoint "Cleanup", Time since last: 1000114361 ns, Reaching safepoint: 6700 ns, Cleanup: 10600 ns, At safepoint: 2500 ns, Total: 19800 ns
[67.058s][info ][safepoint      ] Safepoint "Cleanup", Time since last: 1000116761 ns, Reaching safepoint: 7101 ns, Cleanup: 19700 ns, At safepoint: 2300 ns, Total: 29101 ns
[68.058s][info ][safepoint      ] Safepoint "Cleanup", Time since last: 1000120361 ns, Reaching safepoint: 6801 ns, Cleanup: 16900 ns, At safepoint: 2500 ns, Total: 26201 ns
[69.058s][info ][safepoint      ] Safepoint "Cleanup", Time since last: 1000118661 ns, Reaching safepoint: 7200 ns, Cleanup: 12101 ns, At safepoint: 2400 ns, Total: 21701 ns
[70.059s][info ][safepoint      ] Safepoint "Cleanup", Time since last: 1000112353 ns, Reaching safepoint: 7001 ns, Cleanup: 22200 ns, At safepoint: 2500 ns, Total: 31701 ns
[71.059s][info ][safepoint      ] Safepoint "Cleanup", Time since last: 1000128020 ns, Reaching safepoint: 7300 ns, Cleanup: 9001 ns, At safepoint: 2600 ns, Total: 18901 ns
[72.059s][info ][safepoint      ] Safepoint "Cleanup", Time since last: 1000115719 ns, Reaching safepoint: 6300 ns, Cleanup: 16301 ns, At safepoint: 2400 ns, Total: 25001 ns
[73.059s][info ][safepoint      ] Safepoint "Cleanup", Time since last: 1000107119 ns, Reaching safepoint: 7400 ns, Cleanup: 16201 ns, At safepoint: 2500 ns, Total: 26101 ns
[74.059s][info ][safepoint      ] Safepoint "Cleanup", Time since last: 1000118020 ns, Reaching safepoint: 6000 ns, Cleanup: 9600 ns, At safepoint: 3100 ns, Total: 18700 ns
[75.059s][info ][safepoint      ] Safepoint "Cleanup", Time since last: 1000108419 ns, Reaching safepoint: 7601 ns, Cleanup: 20600 ns, At safepoint: 3200 ns, Total: 31401 ns
[76.059s][info ][safepoint      ] Safepoint "Cleanup", Time since last: 1000141521 ns, Reaching safepoint: 6600 ns, Cleanup: 23501 ns, At safepoint: 5800 ns, Total: 35901 ns
[77.060s][info ][safepoint      ] Safepoint "Cleanup", Time since last: 1000117060 ns, Reaching safepoint: 9000 ns, Cleanup: 16001 ns, At safepoint: 6900 ns, Total: 31901 ns
[78.060s][info ][safepoint      ] Safepoint "Cleanup", Time since last: 1000118000 ns, Reaching safepoint: 7600 ns, Cleanup: 11900 ns, At safepoint: 2300 ns, Total: 21800 ns
[79.060s][info ][safepoint      ] Safepoint "Cleanup", Time since last: 1000100286 ns, Reaching safepoint: 7200 ns, Cleanup: 12701 ns, At safepoint: 2200 ns, Total: 22101 ns
[80.060s][info ][safepoint      ] Safepoint "Cleanup", Time since last: 1000110386 ns, Reaching safepoint: 6100 ns, Cleanup: 20501 ns, At safepoint: 2200 ns, Total: 28801 ns
[80.639s][info ][gc,start       ] GC(6) Pause Young (Allocation Failure)
[80.737s][debug][gc,phases      ] GC(6) Scavenge 97.882ms
[80.737s][debug][gc,ref         ] GC(6) ReferenceProcessor::execute queues: 4, RefProcThreadModel::Multi, marks_oops_alive: false
[80.738s][debug][gc,ref         ] GC(6) Skipped KeepAliveFinalRefsPhase of Reference Processing: no references
[80.738s][debug][gc,ref         ] GC(6) ReferenceProcessor::execute queues: 1, RefProcThreadModel::Single, marks_oops_alive: false
[80.738s][debug][gc,phases      ] GC(6) Reference Processing 0.729ms
[80.738s][debug][gc,phases      ] GC(6)   VM Weak                        Min:  0.0, Avg:  0.0, Max:  0.0, Diff:  0.0, Sum:  0.0, Workers: 4
[80.738s][debug][gc,phases      ] GC(6)     Dead                           Min: 0, Avg:  0.0, Max: 0, Diff: 0, Sum: 0, Workers: 4
[80.738s][debug][gc,phases      ] GC(6)     Total                          Min: 128, Avg: 196.5, Max: 320, Diff: 192, Sum: 786, Workers: 4
[80.738s][debug][gc,phases      ] GC(6)   ObjectSynchronizer Weak        Min:  0.0, Avg:  0.0, Max:  0.0, Diff:  0.0, Sum:  0.0, Workers: 4
[80.738s][debug][gc,phases      ] GC(6)     Dead                           Min: 0, Avg:  0.0, Max: 0, Diff: 0, Sum: 0, Workers: 4
[80.738s][debug][gc,phases      ] GC(6)     Total                          Min: 0, Avg:  0.8, Max: 3, Diff: 3, Sum: 3, Workers: 4
[80.738s][debug][gc,phases      ] GC(6)   JVMTI Tag Weak OopStorage      Min:  0.0, Avg:  0.0, Max:  0.0, Diff:  0.0, Sum:  0.0, Workers: 4
[80.738s][debug][gc,phases      ] GC(6)     Dead                           Min: 0, Avg:  0.0, Max: 0, Diff: 0, Sum: 0, Workers: 4
[80.738s][debug][gc,phases      ] GC(6)     Total                          Min: 0, Avg:  0.0, Max: 0, Diff: 0, Sum: 0, Workers: 4
[80.738s][debug][gc,phases      ] GC(6)   StringTable Weak               Min:  0.5, Avg:  0.5, Max:  0.5, Diff:  0.0, Sum:  1.9, Workers: 4
[80.738s][debug][gc,phases      ] GC(6)     Dead                           Min: 0, Avg:  0.2, Max: 1, Diff: 1, Sum: 1, Workers: 4
[80.738s][debug][gc,phases      ] GC(6)     Total                          Min: 11072, Avg: 11604.8, Max: 12160, Diff: 1088, Sum: 46419, Workers: 4
[80.738s][debug][gc,phases      ] GC(6)   ResolvedMethodTable Weak       Min:  0.1, Avg:  0.1, Max:  0.1, Diff:  0.0, Sum:  0.5, Workers: 4
[80.738s][debug][gc,phases      ] GC(6)     Dead                           Min: 0, Avg:  1.8, Max: 4, Diff: 4, Sum: 7, Workers: 4
[80.738s][debug][gc,phases      ] GC(6)     Total                          Min: 2807, Avg: 2906.8, Max: 2979, Diff: 172, Sum: 11627, Workers: 4
[80.738s][debug][gc,phases      ] GC(6)   JNI Weak                       Min:  0.0, Avg:  0.0, Max:  0.0, Diff:  0.0, Sum:  0.0, Workers: 4
[80.738s][debug][gc,phases      ] GC(6)     Dead                           Min: 0, Avg:  0.0, Max: 0, Diff: 0, Sum: 0, Workers: 4
[80.738s][debug][gc,phases      ] GC(6)     Total                          Min: 0, Avg: 12.0, Max: 48, Diff: 48, Sum: 48, Workers: 4
[80.738s][debug][gc,phases      ] GC(6)   StringDedup Table Weak         Min:  0.0, Avg:  0.0, Max:  0.0, Diff:  0.0, Sum:  0.0, Workers: 4
[80.738s][debug][gc,phases      ] GC(6)     Dead                           Min: 0, Avg:  0.0, Max: 0, Diff: 0, Sum: 0, Workers: 4
[80.738s][debug][gc,phases      ] GC(6)     Total                          Min: 0, Avg:  0.0, Max: 0, Diff: 0, Sum: 0, Workers: 4
[80.738s][debug][gc,phases      ] GC(6)   StringDedup Requests0 Weak     Min:  0.0, Avg:  0.0, Max:  0.0, Diff:  0.0, Sum:  0.0, Workers: 4
[80.738s][debug][gc,phases      ] GC(6)     Dead                           Min: 0, Avg:  0.0, Max: 0, Diff: 0, Sum: 0, Workers: 4
[80.738s][debug][gc,phases      ] GC(6)     Total                          Min: 0, Avg:  0.0, Max: 0, Diff: 0, Sum: 0, Workers: 4
[80.738s][debug][gc,phases      ] GC(6)   StringDedup Requests1 Weak     Min:  0.0, Avg:  0.0, Max:  0.0, Diff:  0.0, Sum:  0.0, Workers: 4
[80.738s][debug][gc,phases      ] GC(6)     Dead                           Min: 0, Avg:  0.0, Max: 0, Diff: 0, Sum: 0, Workers: 4
[80.738s][debug][gc,phases      ] GC(6)     Total                          Min: 0, Avg:  0.0, Max: 0, Diff: 0, Sum: 0, Workers: 4
[80.738s][debug][gc,phases      ] GC(6)   Weak JFR Old Object Samples    Min:  0.0, Avg:  0.0, Max:  0.0, Diff:  0.0, Sum:  0.0, Workers: 4
[80.738s][debug][gc,phases      ] GC(6)     Dead                           Min: 0, Avg:  0.0, Max: 0, Diff: 0, Sum: 0, Workers: 4
[80.738s][debug][gc,phases      ] GC(6)     Total                          Min: 0, Avg:  0.0, Max: 0, Diff: 0, Sum: 0, Workers: 4
[80.738s][debug][gc,phases      ] GC(6) Weak Processing 0.886ms
[80.738s][debug][gc,age         ] GC(6) Desired survivor size 536870912 bytes, new threshold 7 (max threshold 15)
[80.739s][info ][gc,heap        ] GC(6) PSYoungGen: 1221776K(1572864K)->179937K(1572864K) Eden: 1048576K(1048576K)->0K(1048576K) From: 173200K(524288K)->179937K(524288K)
[80.739s][info ][gc,heap        ] GC(6) ParOldGen: 6442K(17920K)->6450K(17920K)
[80.739s][info ][gc,metaspace   ] GC(6) Metaspace: 89041K(90048K)->89041K(90048K) NonClass: 75746K(76288K)->75746K(76288K) Class: 13295K(13760K)->13295K(13760K)
[80.739s][info ][gc             ] GC(6) Pause Young (Allocation Failure) 1199M->182M(1553M) 99.654ms
[80.739s][info ][gc,cpu         ] GC(6) User=0.27s Sys=0.08s Real=0.10s
[80.739s][info ][safepoint      ] Safepoint "ParallelGCFailedAllocation", Time since last: 578835043 ns, Reaching safepoint: 6901 ns, Cleanup: 3600 ns, At safepoint: 99727419 ns, Total: 99737920 ns
[81.739s][info ][safepoint      ] Safepoint "Cleanup", Time since last: 1000082885 ns, Reaching safepoint: 6000 ns, Cleanup: 11400 ns, At safepoint: 5700 ns, Total: 23100 ns
[82.739s][info ][safepoint      ] Safepoint "Cleanup", Time since last: 1000116387 ns, Reaching safepoint: 84802 ns, Cleanup: 18101 ns, At safepoint: 5300 ns, Total: 108203 ns
[83.739s][info ][safepoint      ] Safepoint "Cleanup", Time since last: 1000121587 ns, Reaching safepoint: 5300 ns, Cleanup: 6300 ns, At safepoint: 2300 ns, Total: 13900 ns
[84.739s][info ][safepoint      ] Safepoint "Cleanup", Time since last: 1000109686 ns, Reaching safepoint: 6500 ns, Cleanup: 13601 ns, At safepoint: 2600 ns, Total: 22701 ns
[85.739s][info ][safepoint      ] Safepoint "Cleanup", Time since last: 1000088985 ns, Reaching safepoint: 6800 ns, Cleanup: 13301 ns, At safepoint: 2900 ns, Total: 23001 ns
[86.739s][info ][safepoint      ] Safepoint "Cleanup", Time since last: 1000127228 ns, Reaching safepoint: 6301 ns, Cleanup: 12000 ns, At safepoint: 3300 ns, Total: 21601 ns
[88.740s][info ][safepoint      ] Safepoint "Cleanup", Time since last: 2000177880 ns, Reaching safepoint: 5800 ns, Cleanup: 16801 ns, At safepoint: 2500 ns, Total: 25101 ns
[89.740s][info ][safepoint      ] Safepoint "Cleanup", Time since last: 1000117191 ns, Reaching safepoint: 76602 ns, Cleanup: 12500 ns, At safepoint: 5401 ns, Total: 94503 ns
[90.740s][info ][safepoint      ] Safepoint "Cleanup", Time since last: 1000117590 ns, Reaching safepoint: 83103 ns, Cleanup: 10700 ns, At safepoint: 7401 ns, Total: 101204 ns
[91.740s][info ][safepoint      ] Safepoint "Cleanup", Time since last: 1000189993 ns, Reaching safepoint: 6500 ns, Cleanup: 6200 ns, At safepoint: 2100 ns, Total: 14800 ns
[92.740s][info ][safepoint      ] Safepoint "Cleanup", Time since last: 1000089690 ns, Reaching safepoint: 5900 ns, Cleanup: 14901 ns, At safepoint: 2200 ns, Total: 23001 ns
[93.741s][info ][safepoint      ] Safepoint "Cleanup", Time since last: 1000118128 ns, Reaching safepoint: 6400 ns, Cleanup: 21000 ns, At safepoint: 2201 ns, Total: 29601 ns
[94.741s][info ][safepoint      ] Safepoint "Cleanup", Time since last: 1000126668 ns, Reaching safepoint: 91203 ns, Cleanup: 11001 ns, At safepoint: 7100 ns, Total: 109304 ns
[95.741s][info ][safepoint      ] Safepoint "Cleanup", Time since last: 1000123280 ns, Reaching safepoint: 76703 ns, Cleanup: 9800 ns, At safepoint: 6300 ns, Total: 92803 ns
[96.741s][info ][safepoint      ] Safepoint "Cleanup", Time since last: 1000086280 ns, Reaching safepoint: 82802 ns, Cleanup: 16801 ns, At safepoint: 7500 ns, Total: 107103 ns
[97.741s][info ][safepoint      ] Safepoint "Cleanup", Time since last: 1000115280 ns, Reaching safepoint: 78603 ns, Cleanup: 12200 ns, At safepoint: 9200 ns, Total: 100003 ns
[98.742s][info ][safepoint      ] Safepoint "Cleanup", Time since last: 1000123781 ns, Reaching safepoint: 7000 ns, Cleanup: 16701 ns, At safepoint: 2100 ns, Total: 25801 ns
[100.742s][info ][safepoint      ] Safepoint "Cleanup", Time since last: 2000170111 ns, Reaching safepoint: 7401 ns, Cleanup: 7800 ns, At safepoint: 2100 ns, Total: 17301 ns
[101.742s][info ][safepoint      ] Safepoint "Cleanup", Time since last: 1000128557 ns, Reaching safepoint: 94803 ns, Cleanup: 10300 ns, At safepoint: 8701 ns, Total: 113804 ns
[102.742s][info ][safepoint      ] Safepoint "Cleanup", Time since last: 1000147584 ns, Reaching safepoint: 6701 ns, Cleanup: 14800 ns, At safepoint: 2300 ns, Total: 23801 ns
[103.742s][info ][safepoint      ] Safepoint "Cleanup", Time since last: 1000115612 ns, Reaching safepoint: 6100 ns, Cleanup: 7400 ns, At safepoint: 2500 ns, Total: 16000 ns
[104.742s][info ][safepoint      ] Safepoint "Cleanup", Time since last: 1000112212 ns, Reaching safepoint: 6600 ns, Cleanup: 15500 ns, At safepoint: 5701 ns, Total: 27801 ns
[105.743s][info ][safepoint      ] Safepoint "Cleanup", Time since last: 1000089710 ns, Reaching safepoint: 5900 ns, Cleanup: 11001 ns, At safepoint: 2400 ns, Total: 19301 ns
[106.743s][info ][safepoint      ] Safepoint "Cleanup", Time since last: 1000143512 ns, Reaching safepoint: 8601 ns, Cleanup: 17500 ns, At safepoint: 6900 ns, Total: 33001 ns
[107.743s][info ][safepoint      ] Safepoint "Cleanup", Time since last: 1000116712 ns, Reaching safepoint: 79503 ns, Cleanup: 14900 ns, At safepoint: 7400 ns, Total: 101803 ns
[108.743s][info ][safepoint      ] Safepoint "Cleanup", Time since last: 1000115312 ns, Reaching safepoint: 6500 ns, Cleanup: 13101 ns, At safepoint: 2800 ns, Total: 22401 ns
[110.743s][info ][safepoint      ] Safepoint "Cleanup", Time since last: 2000163954 ns, Reaching safepoint: 6701 ns, Cleanup: 12400 ns, At safepoint: 2400 ns, Total: 21501 ns
[111.743s][info ][safepoint      ] Safepoint "Cleanup", Time since last: 1000101952 ns, Reaching safepoint: 6101 ns, Cleanup: 11800 ns, At safepoint: 2500 ns, Total: 20401 ns
[112.744s][info ][safepoint      ] Safepoint "Cleanup", Time since last: 1000117553 ns, Reaching safepoint: 7000 ns, Cleanup: 16001 ns, At safepoint: 2900 ns, Total: 25901 ns
[113.744s][info ][safepoint      ] Safepoint "Cleanup", Time since last: 1000114353 ns, Reaching safepoint: 7500 ns, Cleanup: 13800 ns, At safepoint: 2700 ns, Total: 24000 ns
[114.744s][info ][safepoint      ] Safepoint "Cleanup", Time since last: 1000118853 ns, Reaching safepoint: 7001 ns, Cleanup: 12100 ns, At safepoint: 2600 ns, Total: 21701 ns
[115.744s][info ][safepoint      ] Safepoint "Cleanup", Time since last: 1000114013 ns, Reaching safepoint: 6501 ns, Cleanup: 11900 ns, At safepoint: 2900 ns, Total: 21301 ns
[116.744s][info ][safepoint      ] Safepoint "Cleanup", Time since last: 1000127189 ns, Reaching safepoint: 6300 ns, Cleanup: 14801 ns, At safepoint: 2800 ns, Total: 23901 ns
[117.744s][info ][safepoint      ] Safepoint "Cleanup", Time since last: 1000133889 ns, Reaching safepoint: 6400 ns, Cleanup: 11200 ns, At safepoint: 2500 ns, Total: 20100 ns
[118.086s][info ][gc,start       ] GC(7) Pause Young (Allocation Failure)
[118.164s][debug][gc,phases      ] GC(7) Scavenge 77.758ms
[118.164s][debug][gc,ref         ] GC(7) ReferenceProcessor::execute queues: 4, RefProcThreadModel::Multi, marks_oops_alive: false
[118.164s][debug][gc,ref         ] GC(7) Skipped KeepAliveFinalRefsPhase of Reference Processing: no references
[118.164s][debug][gc,ref         ] GC(7) ReferenceProcessor::execute queues: 1, RefProcThreadModel::Single, marks_oops_alive: false
[118.165s][debug][gc,phases      ] GC(7) Reference Processing 0.881ms
[118.165s][debug][gc,phases      ] GC(7)   VM Weak                        Min:  0.0, Avg:  0.0, Max:  0.0, Diff:  0.0, Sum:  0.0, Workers: 4
[118.165s][debug][gc,phases      ] GC(7)     Dead                           Min: 0, Avg:  0.0, Max: 0, Diff: 0, Sum: 0, Workers: 4
[118.165s][debug][gc,phases      ] GC(7)     Total                          Min: 0, Avg: 196.5, Max: 466, Diff: 466, Sum: 786, Workers: 4
[118.165s][debug][gc,phases      ] GC(7)   ObjectSynchronizer Weak        Min:  0.0, Avg:  0.0, Max:  0.0, Diff:  0.0, Sum:  0.0, Workers: 4
[118.165s][debug][gc,phases      ] GC(7)     Dead                           Min: 0, Avg:  0.0, Max: 0, Diff: 0, Sum: 0, Workers: 4
[118.166s][debug][gc,phases      ] GC(7)     Total                          Min: 0, Avg:  1.0, Max: 4, Diff: 4, Sum: 4, Workers: 4
[118.166s][debug][gc,phases      ] GC(7)   JVMTI Tag Weak OopStorage      Min:  0.0, Avg:  0.0, Max:  0.0, Diff:  0.0, Sum:  0.0, Workers: 4
[118.166s][debug][gc,phases      ] GC(7)     Dead                           Min: 0, Avg:  0.0, Max: 0, Diff: 0, Sum: 0, Workers: 4
[118.166s][debug][gc,phases      ] GC(7)     Total                          Min: 0, Avg:  0.0, Max: 0, Diff: 0, Sum: 0, Workers: 4
[118.166s][debug][gc,phases      ] GC(7)   StringTable Weak               Min:  0.0, Avg:  0.4, Max:  0.7, Diff:  0.7, Sum:  1.7, Workers: 4
[118.166s][debug][gc,phases      ] GC(7)     Dead                           Min: 0, Avg:  0.0, Max: 0, Diff: 0, Sum: 0, Workers: 4
[118.166s][debug][gc,phases      ] GC(7)     Total                          Min: 0, Avg: 11618.5, Max: 19786, Diff: 19786, Sum: 46474, Workers: 4
[118.166s][debug][gc,phases      ] GC(7)   ResolvedMethodTable Weak       Min:  0.0, Avg:  0.1, Max:  0.2, Diff:  0.2, Sum:  0.5, Workers: 4
[118.166s][debug][gc,phases      ] GC(7)     Dead                           Min: 0, Avg:  0.0, Max: 0, Diff: 0, Sum: 0, Workers: 4
[118.166s][debug][gc,phases      ] GC(7)     Total                          Min: 0, Avg: 2906.8, Max: 3931, Diff: 3931, Sum: 11627, Workers: 4
[118.166s][debug][gc,phases      ] GC(7)   JNI Weak                       Min:  0.0, Avg:  0.0, Max:  0.0, Diff:  0.0, Sum:  0.0, Workers: 4
[118.166s][debug][gc,phases      ] GC(7)     Dead                           Min: 0, Avg:  0.0, Max: 0, Diff: 0, Sum: 0, Workers: 4
[118.166s][debug][gc,phases      ] GC(7)     Total                          Min: 0, Avg: 12.0, Max: 48, Diff: 48, Sum: 48, Workers: 4
[118.166s][debug][gc,phases      ] GC(7)   StringDedup Table Weak         Min:  0.0, Avg:  0.0, Max:  0.0, Diff:  0.0, Sum:  0.0, Workers: 4
[118.166s][debug][gc,phases      ] GC(7)     Dead                           Min: 0, Avg:  0.0, Max: 0, Diff: 0, Sum: 0, Workers: 4
[118.166s][debug][gc,phases      ] GC(7)     Total                          Min: 0, Avg:  0.0, Max: 0, Diff: 0, Sum: 0, Workers: 4
[118.166s][debug][gc,phases      ] GC(7)   StringDedup Requests0 Weak     Min:  0.0, Avg:  0.0, Max:  0.0, Diff:  0.0, Sum:  0.0, Workers: 4
[118.166s][debug][gc,phases      ] GC(7)     Dead                           Min: 0, Avg:  0.0, Max: 0, Diff: 0, Sum: 0, Workers: 4
[118.166s][debug][gc,phases      ] GC(7)     Total                          Min: 0, Avg:  0.0, Max: 0, Diff: 0, Sum: 0, Workers: 4
[118.166s][debug][gc,phases      ] GC(7)   StringDedup Requests1 Weak     Min:  0.0, Avg:  0.0, Max:  0.0, Diff:  0.0, Sum:  0.0, Workers: 4
[118.166s][debug][gc,phases      ] GC(7)     Dead                           Min: 0, Avg:  0.0, Max: 0, Diff: 0, Sum: 0, Workers: 4
[118.166s][debug][gc,phases      ] GC(7)     Total                          Min: 0, Avg:  0.0, Max: 0, Diff: 0, Sum: 0, Workers: 4
[118.166s][debug][gc,phases      ] GC(7)   Weak JFR Old Object Samples    Min:  0.0, Avg:  0.0, Max:  0.0, Diff:  0.0, Sum:  0.0, Workers: 4
[118.166s][debug][gc,phases      ] GC(7)     Dead                           Min: 0, Avg:  0.0, Max: 0, Diff: 0, Sum: 0, Workers: 4
[118.166s][debug][gc,phases      ] GC(7)     Total                          Min: 0, Avg:  0.0, Max: 0, Diff: 0, Sum: 0, Workers: 4
[118.166s][debug][gc,phases      ] GC(7) Weak Processing 1.183ms
[118.166s][debug][gc,age         ] GC(7) Desired survivor size 536870912 bytes, new threshold 7 (max threshold 15)
[118.166s][info ][gc,heap        ] GC(7) PSYoungGen: 1228513K(1572864K)->181513K(1572864K) Eden: 1048576K(1048576K)->0K(1048576K) From: 179937K(524288K)->181513K(524288K)
[118.166s][info ][gc,heap        ] GC(7) ParOldGen: 6450K(17920K)->6458K(17920K)
[118.166s][info ][gc,metaspace   ] GC(7) Metaspace: 89234K(90304K)->89234K(90304K) NonClass: 75938K(76544K)->75938K(76544K) Class: 13296K(13760K)->13296K(13760K)
[118.166s][info ][gc             ] GC(7) Pause Young (Allocation Failure) 1206M->183M(1553M) 80.001ms
[118.166s][info ][gc,cpu         ] GC(7) User=0.30s Sys=0.00s Real=0.08s
[118.166s][info ][safepoint      ] Safepoint "ParallelGCFailedAllocation", Time since last: 341473275 ns, Reaching safepoint: 7100 ns, Cleanup: 11200 ns, At safepoint: 80090886 ns, Total: 80109186 ns
[119.166s][info ][safepoint      ] Safepoint "Cleanup", Time since last: 1000114831 ns, Reaching safepoint: 9401 ns, Cleanup: 17900 ns, At safepoint: 3101 ns, Total: 30402 ns
[121.074s][info ][safepoint      ] Safepoint "Cleanup", Time since last: 1907858766 ns, Reaching safepoint: 6801 ns, Cleanup: 23000 ns, At safepoint: 3200 ns, Total: 33001 ns
[122.074s][info ][safepoint      ] Safepoint "Cleanup", Time since last: 1000121233 ns, Reaching safepoint: 6500 ns, Cleanup: 13300 ns, At safepoint: 3100 ns, Total: 22900 ns
[123.074s][info ][safepoint      ] Safepoint "Cleanup", Time since last: 1000119433 ns, Reaching safepoint: 6900 ns, Cleanup: 11400 ns, At safepoint: 2800 ns, Total: 21100 ns
[124.074s][info ][safepoint      ] Safepoint "Cleanup", Time since last: 1000087431 ns, Reaching safepoint: 15801 ns, Cleanup: 11600 ns, At safepoint: 4600 ns, Total: 32001 ns
[125.074s][info ][safepoint      ] Safepoint "Cleanup", Time since last: 1000121432 ns, Reaching safepoint: 6901 ns, Cleanup: 15100 ns, At safepoint: 2900 ns, Total: 24901 ns
[126.075s][info ][safepoint      ] Safepoint "Cleanup", Time since last: 1000121114 ns, Reaching safepoint: 78602 ns, Cleanup: 15101 ns, At safepoint: 6000 ns, Total: 99703 ns
[127.075s][info ][safepoint      ] Safepoint "Cleanup", Time since last: 1000113048 ns, Reaching safepoint: 87402 ns, Cleanup: 11301 ns, At safepoint: 6000 ns, Total: 104703 ns
[128.075s][info ][safepoint      ] Safepoint "Cleanup", Time since last: 1000120348 ns, Reaching safepoint: 7100 ns, Cleanup: 20301 ns, At safepoint: 3200 ns, Total: 30601 ns
[130.075s][info ][safepoint      ] Safepoint "Cleanup", Time since last: 2000197194 ns, Reaching safepoint: 7200 ns, Cleanup: 14101 ns, At safepoint: 2500 ns, Total: 23801 ns
[131.075s][info ][safepoint      ] Safepoint "Cleanup", Time since last: 1000134348 ns, Reaching safepoint: 6400 ns, Cleanup: 10001 ns, At safepoint: 2800 ns, Total: 19201 ns
[132.076s][info ][safepoint      ] Safepoint "Cleanup", Time since last: 1000116748 ns, Reaching safepoint: 6700 ns, Cleanup: 14800 ns, At safepoint: 2100 ns, Total: 23600 ns
[133.076s][info ][safepoint      ] Safepoint "Cleanup", Time since last: 1000114748 ns, Reaching safepoint: 6700 ns, Cleanup: 11201 ns, At safepoint: 2100 ns, Total: 20001 ns
[137.076s][info ][safepoint      ] Safepoint "Cleanup", Time since last: 4000274139 ns, Reaching safepoint: 6300 ns, Cleanup: 17400 ns, At safepoint: 2300 ns, Total: 26000 ns
[138.076s][info ][safepoint      ] Safepoint "Cleanup", Time since last: 1000119965 ns, Reaching safepoint: 7000 ns, Cleanup: 15900 ns, At safepoint: 2600 ns, Total: 25500 ns
[139.076s][info ][safepoint      ] Safepoint "Cleanup", Time since last: 1000118564 ns, Reaching safepoint: 7301 ns, Cleanup: 16700 ns, At safepoint: 2600 ns, Total: 26601 ns
[142.077s][info ][safepoint      ] Safepoint "Cleanup", Time since last: 3000257089 ns, Reaching safepoint: 6700 ns, Cleanup: 9301 ns, At safepoint: 2500 ns, Total: 18501 ns
[143.077s][info ][safepoint      ] Safepoint "Cleanup", Time since last: 1000126904 ns, Reaching safepoint: 7500 ns, Cleanup: 13601 ns, At safepoint: 3100 ns, Total: 24201 ns
[147.077s][info ][safepoint      ] Safepoint "Cleanup", Time since last: 4000291709 ns, Reaching safepoint: 8201 ns, Cleanup: 11000 ns, At safepoint: 2900 ns, Total: 22101 ns
[149.077s][info ][safepoint      ] Safepoint "Cleanup", Time since last: 2000191806 ns, Reaching safepoint: 6501 ns, Cleanup: 10000 ns, At safepoint: 3100 ns, Total: 19601 ns
[151.077s][info ][safepoint      ] Safepoint "Cleanup", Time since last: 2000201942 ns, Reaching safepoint: 7401 ns, Cleanup: 18500 ns, At safepoint: 2700 ns, Total: 28601 ns
[152.078s][info ][safepoint      ] Safepoint "Cleanup", Time since last: 1000117540 ns, Reaching safepoint: 6400 ns, Cleanup: 10401 ns, At safepoint: 2900 ns, Total: 19701 ns
[153.078s][info ][safepoint      ] Safepoint "Cleanup", Time since last: 1000116839 ns, Reaching safepoint: 6401 ns, Cleanup: 11500 ns, At safepoint: 3000 ns, Total: 20901 ns
[156.686s][info ][gc,start       ] GC(8) Pause Young (Allocation Failure)
[156.761s][debug][gc,phases      ] GC(8) Scavenge 75.408ms
[156.761s][debug][gc,ref         ] GC(8) ReferenceProcessor::execute queues: 4, RefProcThreadModel::Multi, marks_oops_alive: false
[156.762s][debug][gc,ref         ] GC(8) Skipped KeepAliveFinalRefsPhase of Reference Processing: no references
[156.762s][debug][gc,ref         ] GC(8) ReferenceProcessor::execute queues: 1, RefProcThreadModel::Single, marks_oops_alive: false
[156.762s][debug][gc,phases      ] GC(8) Reference Processing 0.897ms
[156.763s][debug][gc,phases      ] GC(8)   VM Weak                        Min:  0.0, Avg:  0.0, Max:  0.0, Diff:  0.0, Sum:  0.0, Workers: 4
[156.763s][debug][gc,phases      ] GC(8)     Dead                           Min: 0, Avg:  0.0, Max: 0, Diff: 0, Sum: 0, Workers: 4
[156.763s][debug][gc,phases      ] GC(8)     Total                          Min: 0, Avg: 196.8, Max: 403, Diff: 403, Sum: 787, Workers: 4
[156.763s][debug][gc,phases      ] GC(8)   ObjectSynchronizer Weak        Min:  0.0, Avg:  0.0, Max:  0.0, Diff:  0.0, Sum:  0.0, Workers: 4
[156.763s][debug][gc,phases      ] GC(8)     Dead                           Min: 0, Avg:  0.0, Max: 0, Diff: 0, Sum: 0, Workers: 4
[156.763s][debug][gc,phases      ] GC(8)     Total                          Min: 0, Avg:  0.8, Max: 3, Diff: 3, Sum: 3, Workers: 4
[156.763s][debug][gc,phases      ] GC(8)   JVMTI Tag Weak OopStorage      Min:  0.0, Avg:  0.0, Max:  0.0, Diff:  0.0, Sum:  0.0, Workers: 4
[156.763s][debug][gc,phases      ] GC(8)     Dead                           Min: 0, Avg:  0.0, Max: 0, Diff: 0, Sum: 0, Workers: 4
[156.763s][debug][gc,phases      ] GC(8)     Total                          Min: 0, Avg:  0.0, Max: 0, Diff: 0, Sum: 0, Workers: 4
[156.763s][debug][gc,phases      ] GC(8)   StringTable Weak               Min:  0.0, Avg:  0.4, Max:  0.6, Diff:  0.6, Sum:  1.8, Workers: 4
[156.763s][debug][gc,phases      ] GC(8)     Dead                           Min: 0, Avg:  0.0, Max: 0, Diff: 0, Sum: 0, Workers: 4
[156.763s][debug][gc,phases      ] GC(8)     Total                          Min: 0, Avg: 11621.2, Max: 17344, Diff: 17344, Sum: 46485, Workers: 4
[156.763s][debug][gc,phases      ] GC(8)   ResolvedMethodTable Weak       Min:  0.0, Avg:  0.1, Max:  0.1, Diff:  0.1, Sum:  0.4, Workers: 4
[156.763s][debug][gc,phases      ] GC(8)     Dead                           Min: 0, Avg:  0.0, Max: 0, Diff: 0, Sum: 0, Workers: 4
[156.763s][debug][gc,phases      ] GC(8)     Total                          Min: 0, Avg: 2907.0, Max: 3995, Diff: 3995, Sum: 11628, Workers: 4
[156.763s][debug][gc,phases      ] GC(8)   JNI Weak                       Min:  0.0, Avg:  0.0, Max:  0.0, Diff:  0.0, Sum:  0.0, Workers: 4
[156.763s][debug][gc,phases      ] GC(8)     Dead                           Min: 0, Avg:  0.0, Max: 0, Diff: 0, Sum: 0, Workers: 4
[156.763s][debug][gc,phases      ] GC(8)     Total                          Min: 0, Avg: 12.0, Max: 48, Diff: 48, Sum: 48, Workers: 4
[156.763s][debug][gc,phases      ] GC(8)   StringDedup Table Weak         Min:  0.0, Avg:  0.0, Max:  0.0, Diff:  0.0, Sum:  0.0, Workers: 4
[156.763s][debug][gc,phases      ] GC(8)     Dead                           Min: 0, Avg:  0.0, Max: 0, Diff: 0, Sum: 0, Workers: 4
[156.763s][debug][gc,phases      ] GC(8)     Total                          Min: 0, Avg:  0.0, Max: 0, Diff: 0, Sum: 0, Workers: 4
[156.763s][debug][gc,phases      ] GC(8)   StringDedup Requests0 Weak     Min:  0.0, Avg:  0.0, Max:  0.0, Diff:  0.0, Sum:  0.0, Workers: 4
[156.763s][debug][gc,phases      ] GC(8)     Dead                           Min: 0, Avg:  0.0, Max: 0, Diff: 0, Sum: 0, Workers: 4
[156.763s][debug][gc,phases      ] GC(8)     Total                          Min: 0, Avg:  0.0, Max: 0, Diff: 0, Sum: 0, Workers: 4
[156.763s][debug][gc,phases      ] GC(8)   StringDedup Requests1 Weak     Min:  0.0, Avg:  0.0, Max:  0.0, Diff:  0.0, Sum:  0.0, Workers: 4
[156.763s][debug][gc,phases      ] GC(8)     Dead                           Min: 0, Avg:  0.0, Max: 0, Diff: 0, Sum: 0, Workers: 4
[156.763s][debug][gc,phases      ] GC(8)     Total                          Min: 0, Avg:  0.0, Max: 0, Diff: 0, Sum: 0, Workers: 4
[156.763s][debug][gc,phases      ] GC(8)   Weak JFR Old Object Samples    Min:  0.0, Avg:  0.0, Max:  0.0, Diff:  0.0, Sum:  0.0, Workers: 4
[156.763s][debug][gc,phases      ] GC(8)     Dead                           Min: 0, Avg:  0.0, Max: 0, Diff: 0, Sum: 0, Workers: 4
[156.763s][debug][gc,phases      ] GC(8)     Total                          Min: 0, Avg:  0.0, Max: 0, Diff: 0, Sum: 0, Workers: 4
[156.763s][debug][gc,phases      ] GC(8) Weak Processing 0.978ms
[156.763s][debug][gc,age         ] GC(8) Desired survivor size 264241152 bytes, new threshold 8 (max threshold 15)
[156.763s][info ][gc,heap        ] GC(8) PSYoungGen: 1230089K(1572864K)->173128K(1839104K) Eden: 1048576K(1048576K)->0K(1314816K) From: 181513K(524288K)->173128K(524288K)
[156.763s][info ][gc,heap        ] GC(8) ParOldGen: 6458K(17920K)->6466K(17920K)
[156.763s][info ][gc,metaspace   ] GC(8) Metaspace: 89327K(90368K)->89327K(90368K) NonClass: 76030K(76608K)->76030K(76608K) Class: 13296K(13760K)->13296K(13760K)
[156.763s][info ][gc             ] GC(8) Pause Young (Allocation Failure) 1207M->175M(1813M) 77.443ms
[156.763s][info ][gc,cpu         ] GC(8) User=0.29s Sys=0.00s Real=0.08s
[156.763s][info ][safepoint      ] Safepoint "ParallelGCFailedAllocation", Time since last: 3608074457 ns, Reaching safepoint: 6600 ns, Cleanup: 4800 ns, At safepoint: 77517769 ns, Total: 77529169 ns
[157.763s][info ][safepoint      ] Safepoint "Cleanup", Time since last: 1000087738 ns, Reaching safepoint: 7001 ns, Cleanup: 10000 ns, At safepoint: 2700 ns, Total: 19701 ns
[158.764s][info ][safepoint      ] Safepoint "Cleanup", Time since last: 1000126575 ns, Reaching safepoint: 7200 ns, Cleanup: 10800 ns, At safepoint: 2501 ns, Total: 20501 ns
[161.764s][info ][safepoint      ] Safepoint "Cleanup", Time since last: 3000261510 ns, Reaching safepoint: 6800 ns, Cleanup: 10700 ns, At safepoint: 2300 ns, Total: 19800 ns
[162.764s][info ][safepoint      ] Safepoint "Cleanup", Time since last: 1000116172 ns, Reaching safepoint: 6600 ns, Cleanup: 9400 ns, At safepoint: 2700 ns, Total: 18700 ns
[163.764s][info ][safepoint      ] Safepoint "Cleanup", Time since last: 1000076370 ns, Reaching safepoint: 7600 ns, Cleanup: 60202 ns, At safepoint: 2900 ns, Total: 70702 ns
[164.764s][info ][safepoint      ] Safepoint "Cleanup", Time since last: 1000119272 ns, Reaching safepoint: 6400 ns, Cleanup: 19700 ns, At safepoint: 5501 ns, Total: 31601 ns
[165.764s][info ][safepoint      ] Safepoint "Cleanup", Time since last: 1000115571 ns, Reaching safepoint: 9200 ns, Cleanup: 14801 ns, At safepoint: 6800 ns, Total: 30801 ns
[166.765s][info ][safepoint      ] Safepoint "Cleanup", Time since last: 1000120639 ns, Reaching safepoint: 6800 ns, Cleanup: 33201 ns, At safepoint: 2900 ns, Total: 42901 ns
[167.765s][info ][safepoint      ] Safepoint "Cleanup", Time since last: 1000120328 ns, Reaching safepoint: 8500 ns, Cleanup: 19901 ns, At safepoint: 8400 ns, Total: 36801 ns
[168.765s][info ][safepoint      ] Safepoint "Cleanup", Time since last: 1000142329 ns, Reaching safepoint: 8200 ns, Cleanup: 14201 ns, At safepoint: 3200 ns, Total: 25601 ns
[171.765s][info ][safepoint      ] Safepoint "Cleanup", Time since last: 3000279980 ns, Reaching safepoint: 7200 ns, Cleanup: 14601 ns, At safepoint: 2400 ns, Total: 24201 ns
[172.765s][info ][safepoint      ] Safepoint "Cleanup", Time since last: 1000119628 ns, Reaching safepoint: 6400 ns, Cleanup: 11500 ns, At safepoint: 2801 ns, Total: 20701 ns
[173.766s][info ][safepoint      ] Safepoint "Cleanup", Time since last: 1000141528 ns, Reaching safepoint: 8300 ns, Cleanup: 21601 ns, At safepoint: 3000 ns, Total: 32901 ns
[174.766s][info ][safepoint      ] Safepoint "Cleanup", Time since last: 1000124606 ns, Reaching safepoint: 6801 ns, Cleanup: 78908 ns, At safepoint: 2900 ns, Total: 88609 ns
[175.766s][info ][safepoint      ] Safepoint "Cleanup", Time since last: 1000130871 ns, Reaching safepoint: 7901 ns, Cleanup: 69607 ns, At safepoint: 3400 ns, Total: 80908 ns
[176.766s][info ][safepoint      ] Safepoint "Cleanup", Time since last: 1000155130 ns, Reaching safepoint: 8401 ns, Cleanup: 32401 ns, At safepoint: 2600 ns, Total: 43402 ns
[177.189s][info ][safepoint      ] Safepoint "ICBufferFull", Time since last: 422639944 ns, Reaching safepoint: 6901 ns, Cleanup: 140804 ns, At safepoint: 3000 ns, Total: 150705 ns
[178.189s][info ][safepoint      ] Safepoint "Cleanup", Time since last: 1000124472 ns, Reaching safepoint: 80702 ns, Cleanup: 20501 ns, At safepoint: 7300 ns, Total: 108503 ns
[179.189s][info ][safepoint      ] Safepoint "Cleanup", Time since last: 1000112871 ns, Reaching safepoint: 8700 ns, Cleanup: 69903 ns, At safepoint: 2700 ns, Total: 81303 ns
[181.090s][info ][safepoint      ] Safepoint "Cleanup", Time since last: 1900677410 ns, Reaching safepoint: 6600 ns, Cleanup: 23101 ns, At safepoint: 6700 ns, Total: 36401 ns
[182.090s][info ][safepoint      ] Safepoint "Cleanup", Time since last: 1000114671 ns, Reaching safepoint: 6700 ns, Cleanup: 11800 ns, At safepoint: 2500 ns, Total: 21000 ns
[183.090s][info ][safepoint      ] Safepoint "Cleanup", Time since last: 1000111093 ns, Reaching safepoint: 6600 ns, Cleanup: 34301 ns, At safepoint: 1900 ns, Total: 42801 ns
[184.091s][info ][safepoint      ] Safepoint "Cleanup", Time since last: 1000105774 ns, Reaching safepoint: 6200 ns, Cleanup: 44402 ns, At safepoint: 2600 ns, Total: 53202 ns
[185.091s][info ][safepoint      ] Safepoint "Cleanup", Time since last: 1000113775 ns, Reaching safepoint: 7100 ns, Cleanup: 42501 ns, At safepoint: 2601 ns, Total: 52202 ns
[187.091s][info ][safepoint      ] Safepoint "Cleanup", Time since last: 2000195747 ns, Reaching safepoint: 7700 ns, Cleanup: 28701 ns, At safepoint: 2200 ns, Total: 38601 ns
[188.091s][info ][safepoint      ] Safepoint "Cleanup", Time since last: 1000119975 ns, Reaching safepoint: 6900 ns, Cleanup: 10501 ns, At safepoint: 2900 ns, Total: 20301 ns
[189.091s][info ][safepoint      ] Safepoint "Cleanup", Time since last: 1000116174 ns, Reaching safepoint: 7300 ns, Cleanup: 9001 ns, At safepoint: 2400 ns, Total: 18701 ns
[190.091s][info ][safepoint      ] Safepoint "Cleanup", Time since last: 1000116274 ns, Reaching safepoint: 7400 ns, Cleanup: 34002 ns, At safepoint: 2900 ns, Total: 44302 ns
[191.092s][info ][safepoint      ] Safepoint "Cleanup", Time since last: 1000124050 ns, Reaching safepoint: 7500 ns, Cleanup: 72403 ns, At safepoint: 6301 ns, Total: 86204 ns
[192.092s][info ][safepoint      ] Safepoint "Cleanup", Time since last: 1000117449 ns, Reaching safepoint: 6900 ns, Cleanup: 13301 ns, At safepoint: 2200 ns, Total: 22401 ns
[193.092s][info ][safepoint      ] Safepoint "Cleanup", Time since last: 1000170652 ns, Reaching safepoint: 164606 ns, Cleanup: 48902 ns, At safepoint: 21901 ns, Total: 235409 ns
[194.092s][info ][safepoint      ] Safepoint "Cleanup", Time since last: 1000116449 ns, Reaching safepoint: 7400 ns, Cleanup: 39202 ns, At safepoint: 7400 ns, Total: 54002 ns
[195.092s][info ][safepoint      ] Safepoint "Cleanup", Time since last: 1000077848 ns, Reaching safepoint: 8001 ns, Cleanup: 12000 ns, At safepoint: 2800 ns, Total: 22801 ns
[196.093s][info ][safepoint      ] Safepoint "Cleanup", Time since last: 1000129250 ns, Reaching safepoint: 8100 ns, Cleanup: 31002 ns, At safepoint: 5900 ns, Total: 45002 ns
[197.093s][info ][safepoint      ] Safepoint "Cleanup", Time since last: 1000109449 ns, Reaching safepoint: 7600 ns, Cleanup: 56103 ns, At safepoint: 3200 ns, Total: 66903 ns
[198.093s][info ][safepoint      ] Safepoint "Cleanup", Time since last: 1000125950 ns, Reaching safepoint: 7200 ns, Cleanup: 18101 ns, At safepoint: 2700 ns, Total: 28001 ns
[199.093s][info ][safepoint      ] Safepoint "Cleanup", Time since last: 1000121983 ns, Reaching safepoint: 7500 ns, Cleanup: 12701 ns, At safepoint: 3000 ns, Total: 23201 ns
[199.285s][info ][gc,start       ] GC(9) Pause Young (Allocation Failure)
[199.385s][debug][gc,phases      ] GC(9) Scavenge 100.286ms
[199.386s][debug][gc,ref         ] GC(9) ReferenceProcessor::execute queues: 4, RefProcThreadModel::Multi, marks_oops_alive: false
[199.386s][debug][gc,ref         ] GC(9) Skipped KeepAliveFinalRefsPhase of Reference Processing: no references
[199.386s][debug][gc,ref         ] GC(9) ReferenceProcessor::execute queues: 1, RefProcThreadModel::Single, marks_oops_alive: false
[199.386s][debug][gc,phases      ] GC(9) Reference Processing 0.793ms
[199.387s][debug][gc,phases      ] GC(9)   VM Weak                        Min:  0.0, Avg:  0.0, Max:  0.0, Diff:  0.0, Sum:  0.0, Workers: 4
[199.387s][debug][gc,phases      ] GC(9)     Dead                           Min: 0, Avg:  0.0, Max: 0, Diff: 0, Sum: 0, Workers: 4
[199.387s][debug][gc,phases      ] GC(9)     Total                          Min: 64, Avg: 199.8, Max: 384, Diff: 320, Sum: 799, Workers: 4
[199.387s][debug][gc,phases      ] GC(9)   ObjectSynchronizer Weak        Min:  0.0, Avg:  0.0, Max:  0.0, Diff:  0.0, Sum:  0.0, Workers: 4
[199.387s][debug][gc,phases      ] GC(9)     Dead                           Min: 0, Avg:  0.0, Max: 0, Diff: 0, Sum: 0, Workers: 4
[199.387s][debug][gc,phases      ] GC(9)     Total                          Min: 0, Avg:  1.0, Max: 4, Diff: 4, Sum: 4, Workers: 4
[199.387s][debug][gc,phases      ] GC(9)   JVMTI Tag Weak OopStorage      Min:  0.0, Avg:  0.0, Max:  0.0, Diff:  0.0, Sum:  0.0, Workers: 4
[199.387s][debug][gc,phases      ] GC(9)     Dead                           Min: 0, Avg:  0.0, Max: 0, Diff: 0, Sum: 0, Workers: 4
[199.387s][debug][gc,phases      ] GC(9)     Total                          Min: 0, Avg:  0.0, Max: 0, Diff: 0, Sum: 0, Workers: 4
[199.387s][debug][gc,phases      ] GC(9)   StringTable Weak               Min:  0.5, Avg:  0.5, Max:  0.6, Diff:  0.0, Sum:  2.2, Workers: 4
[199.387s][debug][gc,phases      ] GC(9)     Dead                           Min: 0, Avg:  0.8, Max: 3, Diff: 3, Sum: 3, Workers: 4
[199.387s][debug][gc,phases      ] GC(9)     Total                          Min: 10240, Avg: 11645.0, Max: 12660, Diff: 2420, Sum: 46580, Workers: 4
[199.387s][debug][gc,phases      ] GC(9)   ResolvedMethodTable Weak       Min:  0.1, Avg:  0.1, Max:  0.1, Diff:  0.0, Sum:  0.5, Workers: 4
[199.387s][debug][gc,phases      ] GC(9)     Dead                           Min: 0, Avg:  6.5, Max: 25, Diff: 25, Sum: 26, Workers: 4
[199.387s][debug][gc,phases      ] GC(9)     Total                          Min: 2550, Avg: 2926.8, Max: 3098, Diff: 548, Sum: 11707, Workers: 4
[199.387s][debug][gc,phases      ] GC(9)   JNI Weak                       Min:  0.0, Avg:  0.0, Max:  0.0, Diff:  0.0, Sum:  0.0, Workers: 4
[199.387s][debug][gc,phases      ] GC(9)     Dead                           Min: 0, Avg:  0.0, Max: 0, Diff: 0, Sum: 0, Workers: 4
[199.387s][debug][gc,phases      ] GC(9)     Total                          Min: 0, Avg: 12.0, Max: 48, Diff: 48, Sum: 48, Workers: 4
[199.387s][debug][gc,phases      ] GC(9)   StringDedup Table Weak         Min:  0.0, Avg:  0.0, Max:  0.0, Diff:  0.0, Sum:  0.0, Workers: 4
[199.387s][debug][gc,phases      ] GC(9)     Dead                           Min: 0, Avg:  0.0, Max: 0, Diff: 0, Sum: 0, Workers: 4
[199.387s][debug][gc,phases      ] GC(9)     Total                          Min: 0, Avg:  0.0, Max: 0, Diff: 0, Sum: 0, Workers: 4
[199.387s][debug][gc,phases      ] GC(9)   StringDedup Requests0 Weak     Min:  0.0, Avg:  0.0, Max:  0.0, Diff:  0.0, Sum:  0.0, Workers: 4
[199.387s][debug][gc,phases      ] GC(9)     Dead                           Min: 0, Avg:  0.0, Max: 0, Diff: 0, Sum: 0, Workers: 4
[199.387s][debug][gc,phases      ] GC(9)     Total                          Min: 0, Avg:  0.0, Max: 0, Diff: 0, Sum: 0, Workers: 4
[199.387s][debug][gc,phases      ] GC(9)   StringDedup Requests1 Weak     Min:  0.0, Avg:  0.0, Max:  0.0, Diff:  0.0, Sum:  0.0, Workers: 4
[199.387s][debug][gc,phases      ] GC(9)     Dead                           Min: 0, Avg:  0.0, Max: 0, Diff: 0, Sum: 0, Workers: 4
[199.387s][debug][gc,phases      ] GC(9)     Total                          Min: 0, Avg:  0.0, Max: 0, Diff: 0, Sum: 0, Workers: 4
[199.387s][debug][gc,phases      ] GC(9)   Weak JFR Old Object Samples    Min:  0.0, Avg:  0.0, Max:  0.0, Diff:  0.0, Sum:  0.0, Workers: 4
[199.387s][debug][gc,phases      ] GC(9)     Dead                           Min: 0, Avg:  0.0, Max: 0, Diff: 0, Sum: 0, Workers: 4
[199.387s][debug][gc,phases      ] GC(9)     Total                          Min: 0, Avg:  0.0, Max: 0, Diff: 0, Sum: 0, Workers: 4
[199.387s][debug][gc,phases      ] GC(9) Weak Processing 0.912ms
[199.387s][debug][gc,age         ] GC(9) Desired survivor size 267911168 bytes, new threshold 9 (max threshold 15)
[199.387s][info ][gc,heap        ] GC(9) PSYoungGen: 1487944K(1839104K)->186129K(1572864K) Eden: 1314816K(1314816K)->0K(1314816K) From: 173128K(524288K)->186129K(258048K)
[199.387s][info ][gc,heap        ] GC(9) ParOldGen: 6466K(17920K)->6474K(17920K)
[199.387s][info ][gc,metaspace   ] GC(9) Metaspace: 89751K(90880K)->89751K(90880K) NonClass: 76405K(77056K)->76405K(77056K) Class: 13345K(13824K)->13345K(13824K)
[199.387s][info ][gc             ] GC(9) Pause Young (Allocation Failure) 1459M->188M(1553M) 102.145ms
[199.387s][info ][gc,cpu         ] GC(9) User=0.31s Sys=0.06s Real=0.10s
[199.387s][info ][safepoint      ] Safepoint "ParallelGCFailedAllocation", Time since last: 192025513 ns, Reaching safepoint: 7700 ns, Cleanup: 8601 ns, At safepoint: 102227785 ns, Total: 102244086 ns
[200.387s][info ][safepoint      ] Safepoint "Cleanup", Time since last: 1000089358 ns, Reaching safepoint: 8801 ns, Cleanup: 32901 ns, At safepoint: 2800 ns, Total: 44502 ns
[201.388s][info ][safepoint      ] Safepoint "Cleanup", Time since last: 1000113860 ns, Reaching safepoint: 87504 ns, Cleanup: 35901 ns, At safepoint: 9601 ns, Total: 133006 ns
[202.388s][info ][safepoint      ] Safepoint "Cleanup", Time since last: 1000112159 ns, Reaching safepoint: 7201 ns, Cleanup: 11300 ns, At safepoint: 2900 ns, Total: 21401 ns
[203.388s][info ][safepoint      ] Safepoint "Cleanup", Time since last: 1000115076 ns, Reaching safepoint: 76903 ns, Cleanup: 151605 ns, At safepoint: 9101 ns, Total: 237609 ns
[204.388s][info ][safepoint      ] Safepoint "Cleanup", Time since last: 1000108110 ns, Reaching safepoint: 6900 ns, Cleanup: 84504 ns, At safepoint: 3200 ns, Total: 94604 ns
[205.388s][info ][safepoint      ] Safepoint "Cleanup", Time since last: 1000078109 ns, Reaching safepoint: 7500 ns, Cleanup: 8201 ns, At safepoint: 2400 ns, Total: 18101 ns
[207.389s][info ][safepoint      ] Safepoint "Cleanup", Time since last: 2000176679 ns, Reaching safepoint: 7600 ns, Cleanup: 12700 ns, At safepoint: 2300 ns, Total: 22600 ns
[208.667s][info ][safepoint      ] Safepoint "Cleanup", Time since last: 1278315242 ns, Reaching safepoint: 4000 ns, Cleanup: 146106 ns, At safepoint: 8700 ns, Total: 158806 ns
[208.993s][info ][safepoint      ] Safepoint "ICBufferFull", Time since last: 325941244 ns, Reaching safepoint: 7900 ns, Cleanup: 194207 ns, At safepoint: 3300 ns, Total: 205407 ns
[209.237s][info ][safepoint      ] Safepoint "ICBufferFull", Time since last: 243519424 ns, Reaching safepoint: 6700 ns, Cleanup: 161006 ns, At safepoint: 5600 ns, Total: 173306 ns
[209.813s][info ][safepoint      ] Safepoint "ICBufferFull", Time since last: 576078110 ns, Reaching safepoint: 9200 ns, Cleanup: 165506 ns, At safepoint: 9700 ns, Total: 184406 ns
[210.369s][info ][safepoint      ] Safepoint "ICBufferFull", Time since last: 556006974 ns, Reaching safepoint: 9701 ns, Cleanup: 203907 ns, At safepoint: 3600 ns, Total: 217208 ns
[210.882s][info ][gc,start       ] GC(10) Pause Young (Allocation Failure)
[210.990s][debug][gc,phases      ] GC(10) Scavenge 107.950ms
[210.991s][debug][gc,ref         ] GC(10) ReferenceProcessor::execute queues: 4, RefProcThreadModel::Multi, marks_oops_alive: false
[210.991s][debug][gc,ref         ] GC(10) Skipped KeepAliveFinalRefsPhase of Reference Processing: no references
[210.991s][debug][gc,ref         ] GC(10) ReferenceProcessor::execute queues: 1, RefProcThreadModel::Single, marks_oops_alive: false
[210.991s][debug][gc,phases      ] GC(10) Reference Processing 0.812ms
[210.992s][debug][gc,phases      ] GC(10)   VM Weak                        Min:  0.0, Avg:  0.0, Max:  0.0, Diff:  0.0, Sum:  0.0, Workers: 4
[210.992s][debug][gc,phases      ] GC(10)     Dead                           Min: 0, Avg:  0.0, Max: 0, Diff: 0, Sum: 0, Workers: 4
[210.992s][debug][gc,phases      ] GC(10)     Total                          Min: 128, Avg: 213.0, Max: 320, Diff: 192, Sum: 852, Workers: 4
[210.992s][debug][gc,phases      ] GC(10)   ObjectSynchronizer Weak        Min:  0.0, Avg:  0.0, Max:  0.0, Diff:  0.0, Sum:  0.0, Workers: 4
[210.992s][debug][gc,phases      ] GC(10)     Dead                           Min: 0, Avg:  0.5, Max: 2, Diff: 2, Sum: 2, Workers: 4
[210.992s][debug][gc,phases      ] GC(10)     Total                          Min: 0, Avg:  2.0, Max: 8, Diff: 8, Sum: 8, Workers: 4
[210.992s][debug][gc,phases      ] GC(10)   JVMTI Tag Weak OopStorage      Min:  0.0, Avg:  0.0, Max:  0.0, Diff:  0.0, Sum:  0.0, Workers: 4
[210.992s][debug][gc,phases      ] GC(10)     Dead                           Min: 0, Avg:  0.0, Max: 0, Diff: 0, Sum: 0, Workers: 4
[210.992s][debug][gc,phases      ] GC(10)     Total                          Min: 0, Avg:  0.0, Max: 0, Diff: 0, Sum: 0, Workers: 4
[210.992s][debug][gc,phases      ] GC(10)   StringTable Weak               Min:  0.6, Avg:  0.6, Max:  0.6, Diff:  0.0, Sum:  2.3, Workers: 4
[210.992s][debug][gc,phases      ] GC(10)     Dead                           Min: 0, Avg:  1.5, Max: 4, Diff: 4, Sum: 6, Workers: 4
[210.992s][debug][gc,phases      ] GC(10)     Total                          Min: 9792, Avg: 11767.5, Max: 12864, Diff: 3072, Sum: 47070, Workers: 4
[210.992s][debug][gc,phases      ] GC(10)   ResolvedMethodTable Weak       Min:  0.1, Avg:  0.1, Max:  0.1, Diff:  0.0, Sum:  0.6, Workers: 4
[210.992s][debug][gc,phases      ] GC(10)     Dead                           Min: 19, Avg: 39.0, Max: 76, Diff: 57, Sum: 156, Workers: 4
[210.992s][debug][gc,phases      ] GC(10)     Total                          Min: 2663, Avg: 3077.2, Max: 3253, Diff: 590, Sum: 12309, Workers: 4
[210.992s][debug][gc,phases      ] GC(10)   JNI Weak                       Min:  0.0, Avg:  0.0, Max:  0.0, Diff:  0.0, Sum:  0.0, Workers: 4
[210.992s][debug][gc,phases      ] GC(10)     Dead                           Min: 0, Avg:  0.0, Max: 0, Diff: 0, Sum: 0, Workers: 4
[210.992s][debug][gc,phases      ] GC(10)     Total                          Min: 0, Avg: 21.0, Max: 49, Diff: 49, Sum: 84, Workers: 4
[210.992s][debug][gc,phases      ] GC(10)   StringDedup Table Weak         Min:  0.0, Avg:  0.0, Max:  0.0, Diff:  0.0, Sum:  0.0, Workers: 4
[210.992s][debug][gc,phases      ] GC(10)     Dead                           Min: 0, Avg:  0.0, Max: 0, Diff: 0, Sum: 0, Workers: 4
[210.992s][debug][gc,phases      ] GC(10)     Total                          Min: 0, Avg:  0.0, Max: 0, Diff: 0, Sum: 0, Workers: 4
[210.992s][debug][gc,phases      ] GC(10)   StringDedup Requests0 Weak     Min:  0.0, Avg:  0.0, Max:  0.0, Diff:  0.0, Sum:  0.0, Workers: 4
[210.992s][debug][gc,phases      ] GC(10)     Dead                           Min: 0, Avg:  0.0, Max: 0, Diff: 0, Sum: 0, Workers: 4
[210.992s][debug][gc,phases      ] GC(10)     Total                          Min: 0, Avg:  0.0, Max: 0, Diff: 0, Sum: 0, Workers: 4
[210.992s][debug][gc,phases      ] GC(10)   StringDedup Requests1 Weak     Min:  0.0, Avg:  0.0, Max:  0.0, Diff:  0.0, Sum:  0.0, Workers: 4
[210.992s][debug][gc,phases      ] GC(10)     Dead                           Min: 0, Avg:  0.0, Max: 0, Diff: 0, Sum: 0, Workers: 4
[210.992s][debug][gc,phases      ] GC(10)     Total                          Min: 0, Avg:  0.0, Max: 0, Diff: 0, Sum: 0, Workers: 4
[210.992s][debug][gc,phases      ] GC(10)   Weak JFR Old Object Samples    Min:  0.0, Avg:  0.0, Max:  0.0, Diff:  0.0, Sum:  0.0, Workers: 4
[210.992s][debug][gc,phases      ] GC(10)     Dead                           Min: 0, Avg:  0.0, Max: 0, Diff: 0, Sum: 0, Workers: 4
[210.992s][debug][gc,phases      ] GC(10)     Total                          Min: 0, Avg:  0.0, Max: 0, Diff: 0, Sum: 0, Workers: 4
[210.992s][debug][gc,phases      ] GC(10) Weak Processing 0.994ms
[210.992s][debug][gc,age         ] GC(10) Desired survivor size 279969792 bytes, new threshold 10 (max threshold 15)
[210.992s][info ][gc,heap        ] GC(10) PSYoungGen: 1500945K(1572864K)->208088K(1811968K) Eden: 1314816K(1314816K)->0K(1550336K) From: 186129K(258048K)->208088K(261632K)
[210.992s][info ][gc,heap        ] GC(10) ParOldGen: 6474K(17920K)->6482K(17920K)
[210.992s][info ][gc,metaspace   ] GC(10) Metaspace: 91277K(92416K)->91277K(92416K) NonClass: 77690K(78336K)->77690K(78336K) Class: 13587K(14080K)->13587K(14080K)
[210.992s][info ][gc             ] GC(10) Pause Young (Allocation Failure) 1472M->209M(1787M) 109.917ms
[210.992s][info ][gc,cpu         ] GC(10) User=0.28s Sys=0.11s Real=0.11s
[210.992s][info ][safepoint      ] Safepoint "ParallelGCFailedAllocation", Time since last: 512550982 ns, Reaching safepoint: 80803 ns, Cleanup: 177506 ns, At safepoint: 110005931 ns, Total: 110264240 ns
[211.753s][info ][safepoint      ] Safepoint "ICBufferFull", Time since last: 760877781 ns, Reaching safepoint: 88204 ns, Cleanup: 160906 ns, At safepoint: 10200 ns, Total: 259310 ns
[212.754s][info ][safepoint      ] Safepoint "Cleanup", Time since last: 1000104647 ns, Reaching safepoint: 7801 ns, Cleanup: 146905 ns, At safepoint: 5700 ns, Total: 160406 ns
[213.754s][info ][safepoint      ] Safepoint "Cleanup", Time since last: 1000124648 ns, Reaching safepoint: 7500 ns, Cleanup: 88504 ns, At safepoint: 5900 ns, Total: 101904 ns
[214.561s][info ][gc,start       ] GC(11) Pause Young (CodeCache GC Threshold)
[214.652s][debug][gc,phases      ] GC(11) Scavenge 91.744ms
[214.653s][debug][gc,ref         ] GC(11) ReferenceProcessor::execute queues: 4, RefProcThreadModel::Multi, marks_oops_alive: false
[214.653s][debug][gc,ref         ] GC(11) Skipped KeepAliveFinalRefsPhase of Reference Processing: no references
[214.653s][debug][gc,ref         ] GC(11) ReferenceProcessor::execute queues: 1, RefProcThreadModel::Single, marks_oops_alive: false
[214.653s][debug][gc,phases      ] GC(11) Reference Processing 0.786ms
[214.654s][debug][gc,phases      ] GC(11)   VM Weak                        Min:  0.0, Avg:  0.0, Max:  0.0, Diff:  0.0, Sum:  0.0, Workers: 4
[214.654s][debug][gc,phases      ] GC(11)     Dead                           Min: 0, Avg:  0.0, Max: 0, Diff: 0, Sum: 0, Workers: 4
[214.654s][debug][gc,phases      ] GC(11)     Total                          Min: 0, Avg: 219.8, Max: 384, Diff: 384, Sum: 879, Workers: 4
[214.654s][debug][gc,phases      ] GC(11)   ObjectSynchronizer Weak        Min:  0.0, Avg:  0.0, Max:  0.0, Diff:  0.0, Sum:  0.0, Workers: 4
[214.654s][debug][gc,phases      ] GC(11)     Dead                           Min: 0, Avg:  0.0, Max: 0, Diff: 0, Sum: 0, Workers: 4
[214.654s][debug][gc,phases      ] GC(11)     Total                          Min: 0, Avg:  2.0, Max: 8, Diff: 8, Sum: 8, Workers: 4
[214.654s][debug][gc,phases      ] GC(11)   JVMTI Tag Weak OopStorage      Min:  0.0, Avg:  0.0, Max:  0.0, Diff:  0.0, Sum:  0.0, Workers: 4
[214.654s][debug][gc,phases      ] GC(11)     Dead                           Min: 0, Avg:  0.0, Max: 0, Diff: 0, Sum: 0, Workers: 4
[214.654s][debug][gc,phases      ] GC(11)     Total                          Min: 0, Avg:  0.0, Max: 0, Diff: 0, Sum: 0, Workers: 4
[214.654s][debug][gc,phases      ] GC(11)   StringTable Weak               Min:  0.6, Avg:  0.6, Max:  0.6, Diff:  0.0, Sum:  2.4, Workers: 4
[214.654s][debug][gc,phases      ] GC(11)     Dead                           Min: 0, Avg:  0.2, Max: 1, Diff: 1, Sum: 1, Workers: 4
[214.654s][debug][gc,phases      ] GC(11)     Total                          Min: 10688, Avg: 11809.5, Max: 12486, Diff: 1798, Sum: 47238, Workers: 4
[214.654s][debug][gc,phases      ] GC(11)   ResolvedMethodTable Weak       Min:  0.2, Avg:  0.2, Max:  0.2, Diff:  0.0, Sum:  0.6, Workers: 4
[214.654s][debug][gc,phases      ] GC(11)     Dead                           Min: 7, Avg: 18.2, Max: 44, Diff: 37, Sum: 73, Workers: 4
[214.654s][debug][gc,phases      ] GC(11)     Total                          Min: 2783, Avg: 3142.0, Max: 3387, Diff: 604, Sum: 12568, Workers: 4
[214.654s][debug][gc,phases      ] GC(11)   JNI Weak                       Min:  0.0, Avg:  0.0, Max:  0.0, Diff:  0.0, Sum:  0.0, Workers: 4
[214.654s][debug][gc,phases      ] GC(11)     Dead                           Min: 0, Avg:  0.0, Max: 0, Diff: 0, Sum: 0, Workers: 4
[214.654s][debug][gc,phases      ] GC(11)     Total                          Min: 0, Avg: 13.2, Max: 53, Diff: 53, Sum: 53, Workers: 4
[214.654s][debug][gc,phases      ] GC(11)   StringDedup Table Weak         Min:  0.0, Avg:  0.0, Max:  0.0, Diff:  0.0, Sum:  0.0, Workers: 4
[214.654s][debug][gc,phases      ] GC(11)     Dead                           Min: 0, Avg:  0.0, Max: 0, Diff: 0, Sum: 0, Workers: 4
[214.654s][debug][gc,phases      ] GC(11)     Total                          Min: 0, Avg:  0.0, Max: 0, Diff: 0, Sum: 0, Workers: 4
[214.654s][debug][gc,phases      ] GC(11)   StringDedup Requests0 Weak     Min:  0.0, Avg:  0.0, Max:  0.0, Diff:  0.0, Sum:  0.0, Workers: 4
[214.654s][debug][gc,phases      ] GC(11)     Dead                           Min: 0, Avg:  0.0, Max: 0, Diff: 0, Sum: 0, Workers: 4
[214.654s][debug][gc,phases      ] GC(11)     Total                          Min: 0, Avg:  0.0, Max: 0, Diff: 0, Sum: 0, Workers: 4
[214.654s][debug][gc,phases      ] GC(11)   StringDedup Requests1 Weak     Min:  0.0, Avg:  0.0, Max:  0.0, Diff:  0.0, Sum:  0.0, Workers: 4
[214.654s][debug][gc,phases      ] GC(11)     Dead                           Min: 0, Avg:  0.0, Max: 0, Diff: 0, Sum: 0, Workers: 4
[214.654s][debug][gc,phases      ] GC(11)     Total                          Min: 0, Avg:  0.0, Max: 0, Diff: 0, Sum: 0, Workers: 4
[214.654s][debug][gc,phases      ] GC(11)   Weak JFR Old Object Samples    Min:  0.0, Avg:  0.0, Max:  0.0, Diff:  0.0, Sum:  0.0, Workers: 4
[214.654s][debug][gc,phases      ] GC(11)     Dead                           Min: 0, Avg:  0.0, Max: 0, Diff: 0, Sum: 0, Workers: 4
[214.654s][debug][gc,phases      ] GC(11)     Total                          Min: 0, Avg:  0.0, Max: 0, Diff: 0, Sum: 0, Workers: 4
[214.654s][debug][gc,phases      ] GC(11) Weak Processing 1.022ms
[214.654s][debug][gc,age         ] GC(11) Desired survivor size 292028416 bytes, new threshold 11 (max threshold 15)
[214.654s][info ][gc,heap        ] GC(11) PSYoungGen: 735915K(1811968K)->219137K(1769984K) Eden: 527827K(1550336K)->0K(1550336K) From: 208088K(261632K)->219137K(219648K)
[214.654s][info ][gc,heap        ] GC(11) ParOldGen: 6482K(17920K)->6490K(17920K)
[214.654s][info ][gc,metaspace   ] GC(11) Metaspace: 91876K(93056K)->91876K(93056K) NonClass: 78194K(78848K)->78194K(78848K) Class: 13682K(14208K)->13682K(14208K)
[214.654s][info ][gc             ] GC(11) Pause Young (CodeCache GC Threshold) 724M->220M(1746M) 93.703ms
[214.654s][info ][gc,cpu         ] GC(11) User=0.32s Sys=0.02s Real=0.09s
[214.654s][debug][gc,phases      ] GC(12) Pre Compact 0.011ms
[214.654s][info ][gc,start       ] GC(12) Pause Full (CodeCache GC Threshold)
[214.654s][info ][gc,phases,start] GC(12) Marking Phase
[214.739s][debug][gc,phases      ] GC(12) Par Mark 84.946ms
[214.740s][debug][gc,ref         ] GC(12) ReferenceProcessor::execute queues: 4, RefProcThreadModel::Multi, marks_oops_alive: false
[214.740s][debug][gc,ref         ] GC(12) ReferenceProcessor::execute queues: 4, RefProcThreadModel::Multi, marks_oops_alive: true
[214.740s][debug][gc,ref         ] GC(12) ReferenceProcessor::execute queues: 1, RefProcThreadModel::Single, marks_oops_alive: false
[214.740s][debug][gc,phases      ] GC(12) Reference Processing 0.497ms
[214.740s][debug][gc,phases      ] GC(12)   VM Weak                        Min:  0.0, Avg:  0.0, Max:  0.0, Diff:  0.0, Sum:  0.0, Workers: 4
[214.740s][debug][gc,phases      ] GC(12)     Dead                           Min: 0, Avg:  0.0, Max: 0, Diff: 0, Sum: 0, Workers: 4
[214.740s][debug][gc,phases      ] GC(12)     Total                          Min: 128, Avg: 219.8, Max: 256, Diff: 128, Sum: 879, Workers: 4
[214.740s][debug][gc,phases      ] GC(12)   ObjectSynchronizer Weak        Min:  0.0, Avg:  0.0, Max:  0.0, Diff:  0.0, Sum:  0.0, Workers: 4
[214.740s][debug][gc,phases      ] GC(12)     Dead                           Min: 0, Avg:  0.0, Max: 0, Diff: 0, Sum: 0, Workers: 4
[214.740s][debug][gc,phases      ] GC(12)     Total                          Min: 0, Avg:  2.0, Max: 8, Diff: 8, Sum: 8, Workers: 4
[214.740s][debug][gc,phases      ] GC(12)   JVMTI Tag Weak OopStorage      Min:  0.0, Avg:  0.0, Max:  0.0, Diff:  0.0, Sum:  0.0, Workers: 4
[214.740s][debug][gc,phases      ] GC(12)     Dead                           Min: 0, Avg:  0.0, Max: 0, Diff: 0, Sum: 0, Workers: 4
[214.740s][debug][gc,phases      ] GC(12)     Total                          Min: 0, Avg:  0.0, Max: 0, Diff: 0, Sum: 0, Workers: 4
[214.740s][debug][gc,phases      ] GC(12)   StringTable Weak               Min:  0.2, Avg:  0.2, Max:  0.2, Diff:  0.0, Sum:  0.8, Workers: 4
[214.740s][debug][gc,phases      ] GC(12)     Dead                           Min: 0, Avg:  0.0, Max: 0, Diff: 0, Sum: 0, Workers: 4
[214.740s][debug][gc,phases      ] GC(12)     Total                          Min: 10502, Avg: 11809.5, Max: 12608, Diff: 2106, Sum: 47238, Workers: 4
[214.740s][debug][gc,phases      ] GC(12)   ResolvedMethodTable Weak       Min:  0.0, Avg:  0.0, Max:  0.1, Diff:  0.0, Sum:  0.2, Workers: 4
[214.740s][debug][gc,phases      ] GC(12)     Dead                           Min: 0, Avg:  0.0, Max: 0, Diff: 0, Sum: 0, Workers: 4
[214.740s][debug][gc,phases      ] GC(12)     Total                          Min: 1893, Avg: 3142.0, Max: 3777, Diff: 1884, Sum: 12568, Workers: 4
[214.740s][debug][gc,phases      ] GC(12)   JNI Weak                       Min:  0.0, Avg:  0.0, Max:  0.0, Diff:  0.0, Sum:  0.0, Workers: 4
[214.740s][debug][gc,phases      ] GC(12)     Dead                           Min: 0, Avg:  0.0, Max: 0, Diff: 0, Sum: 0, Workers: 4
[214.740s][debug][gc,phases      ] GC(12)     Total                          Min: 0, Avg: 13.2, Max: 53, Diff: 53, Sum: 53, Workers: 4
[214.740s][debug][gc,phases      ] GC(12)   StringDedup Table Weak         Min:  0.0, Avg:  0.0, Max:  0.0, Diff:  0.0, Sum:  0.0, Workers: 4
[214.740s][debug][gc,phases      ] GC(12)     Dead                           Min: 0, Avg:  0.0, Max: 0, Diff: 0, Sum: 0, Workers: 4
[214.740s][debug][gc,phases      ] GC(12)     Total                          Min: 0, Avg:  0.0, Max: 0, Diff: 0, Sum: 0, Workers: 4
[214.740s][debug][gc,phases      ] GC(12)   StringDedup Requests0 Weak     Min:  0.0, Avg:  0.0, Max:  0.0, Diff:  0.0, Sum:  0.0, Workers: 4
[214.740s][debug][gc,phases      ] GC(12)     Dead                           Min: 0, Avg:  0.0, Max: 0, Diff: 0, Sum: 0, Workers: 4
[214.740s][debug][gc,phases      ] GC(12)     Total                          Min: 0, Avg:  0.0, Max: 0, Diff: 0, Sum: 0, Workers: 4
[214.740s][debug][gc,phases      ] GC(12)   StringDedup Requests1 Weak     Min:  0.0, Avg:  0.0, Max:  0.0, Diff:  0.0, Sum:  0.0, Workers: 4
[214.740s][debug][gc,phases      ] GC(12)     Dead                           Min: 0, Avg:  0.0, Max: 0, Diff: 0, Sum: 0, Workers: 4
[214.740s][debug][gc,phases      ] GC(12)     Total                          Min: 0, Avg:  0.0, Max: 0, Diff: 0, Sum: 0, Workers: 4
[214.740s][debug][gc,phases      ] GC(12)   Weak JFR Old Object Samples    Min:  0.0, Avg:  0.0, Max:  0.0, Diff:  0.0, Sum:  0.0, Workers: 4
[214.740s][debug][gc,phases      ] GC(12)     Dead                           Min: 0, Avg:  0.0, Max: 0, Diff: 0, Sum: 0, Workers: 4
[214.740s][debug][gc,phases      ] GC(12)     Total                          Min: 0, Avg:  0.0, Max: 0, Diff: 0, Sum: 0, Workers: 4
[214.740s][debug][gc,phases      ] GC(12) Weak Processing 0.487ms
[214.740s][debug][gc,phases      ] GC(12) ClassLoaderData 0.122ms
[214.740s][debug][gc,phases      ] GC(12) Trigger cleanups 0.000ms
[215.073s][debug][gc,phases      ] GC(12) Class Unloading 332.270ms
[215.073s][debug][gc,phases      ] GC(12) Report Object Count 0.002ms
[215.073s][info ][gc,phases      ] GC(12) Marking Phase 418.324ms
[215.073s][info ][gc,phases,start] GC(12) Summary Phase
[215.073s][info ][gc,phases      ] GC(12) Summary Phase 0.011ms
[215.073s][info ][gc,phases,start] GC(12) Adjust Roots
[215.098s][info ][gc,phases      ] GC(12) Adjust Roots 25.598ms
[215.098s][info ][gc,phases,start] GC(12) Compaction Phase
[215.341s][info ][gc,phases      ] GC(12) Compaction Phase 242.827ms
[215.341s][info ][gc,phases,start] GC(12) Post Compact
[215.350s][info ][gc,phases      ] GC(12) Post Compact 9.078ms
[215.350s][info ][gc,heap        ] GC(12) PSYoungGen: 219137K(1769984K)->206400K(1769984K) Eden: 0K(1550336K)->0K(1550336K) From: 219137K(219648K)->206400K(219648K)
[215.350s][info ][gc,heap        ] GC(12) ParOldGen: 6490K(17920K)->17699K(17920K)
[215.350s][info ][gc,metaspace   ] GC(12) Metaspace: 91876K(93056K)->91876K(93056K) NonClass: 78194K(78848K)->78194K(78848K) Class: 13682K(14208K)->13682K(14208K)
[215.350s][info ][gc             ] GC(12) Pause Full (CodeCache GC Threshold) 220M->218M(1746M) 696.078ms
[215.350s][info ][gc,cpu         ] GC(12) User=1.57s Sys=0.02s Real=0.70s
[215.350s][info ][safepoint      ] Safepoint "ParallelGCSystemGC", Time since last: 806463860 ns, Reaching safepoint: 8300 ns, Cleanup: 114405 ns, At safepoint: 789940848 ns, Total: 790063553 ns
[216.351s][info ][safepoint      ] Safepoint "Cleanup", Time since last: 1000088003 ns, Reaching safepoint: 7300 ns, Cleanup: 113004 ns, At safepoint: 6501 ns, Total: 126805 ns
[217.351s][info ][safepoint      ] Safepoint "Cleanup", Time since last: 1000105203 ns, Reaching safepoint: 7500 ns, Cleanup: 56602 ns, At safepoint: 31501 ns, Total: 95603 ns
[218.351s][info ][safepoint      ] Safepoint "Cleanup", Time since last: 1000095304 ns, Reaching safepoint: 7300 ns, Cleanup: 39601 ns, At safepoint: 3200 ns, Total: 50101 ns
[219.351s][info ][safepoint      ] Safepoint "Cleanup", Time since last: 1000098204 ns, Reaching safepoint: 8300 ns, Cleanup: 63902 ns, At safepoint: 7200 ns, Total: 79402 ns
[220.351s][info ][safepoint      ] Safepoint "Cleanup", Time since last: 1000082903 ns, Reaching safepoint: 6200 ns, Cleanup: 52002 ns, At safepoint: 5100 ns, Total: 63302 ns
[221.351s][info ][safepoint      ] Safepoint "Cleanup", Time since last: 1000111104 ns, Reaching safepoint: 7700 ns, Cleanup: 25601 ns, At safepoint: 2200 ns, Total: 35501 ns
[222.352s][info ][safepoint      ] Safepoint "Cleanup", Time since last: 1000109708 ns, Reaching safepoint: 7700 ns, Cleanup: 18101 ns, At safepoint: 2200 ns, Total: 28001 ns
[223.352s][info ][safepoint      ] Safepoint "Cleanup", Time since last: 1000115164 ns, Reaching safepoint: 10300 ns, Cleanup: 30701 ns, At safepoint: 2800 ns, Total: 43801 ns
[224.352s][info ][safepoint      ] Safepoint "Cleanup", Time since last: 1000117664 ns, Reaching safepoint: 7900 ns, Cleanup: 24501 ns, At safepoint: 2100 ns, Total: 34501 ns
[225.352s][info ][safepoint      ] Safepoint "Cleanup", Time since last: 1000113763 ns, Reaching safepoint: 7300 ns, Cleanup: 48702 ns, At safepoint: 2800 ns, Total: 58802 ns
[226.352s][info ][safepoint      ] Safepoint "Cleanup", Time since last: 1000115063 ns, Reaching safepoint: 7401 ns, Cleanup: 25301 ns, At safepoint: 2900 ns, Total: 35602 ns
[227.352s][info ][safepoint      ] Safepoint "Cleanup", Time since last: 1000111863 ns, Reaching safepoint: 8800 ns, Cleanup: 34601 ns, At safepoint: 7301 ns, Total: 50702 ns
[228.353s][info ][safepoint      ] Safepoint "Cleanup", Time since last: 1000110063 ns, Reaching safepoint: 7700 ns, Cleanup: 26801 ns, At safepoint: 2600 ns, Total: 37101 ns
[229.353s][info ][safepoint      ] Safepoint "Cleanup", Time since last: 1000112863 ns, Reaching safepoint: 6801 ns, Cleanup: 18000 ns, At safepoint: 2900 ns, Total: 27701 ns
[230.353s][info ][safepoint      ] Safepoint "Cleanup", Time since last: 1000118738 ns, Reaching safepoint: 7500 ns, Cleanup: 7600 ns, At safepoint: 2200 ns, Total: 17300 ns
[231.353s][info ][safepoint      ] Safepoint "Cleanup", Time since last: 1000116257 ns, Reaching safepoint: 8000 ns, Cleanup: 35101 ns, At safepoint: 2700 ns, Total: 45801 ns
[232.353s][info ][safepoint      ] Safepoint "Cleanup", Time since last: 1000115957 ns, Reaching safepoint: 7800 ns, Cleanup: 19401 ns, At safepoint: 2400 ns, Total: 29601 ns
[233.353s][info ][safepoint      ] Safepoint "Cleanup", Time since last: 1000130957 ns, Reaching safepoint: 9700 ns, Cleanup: 29801 ns, At safepoint: 2400 ns, Total: 41901 ns
[234.353s][info ][safepoint      ] Safepoint "Cleanup", Time since last: 1000106756 ns, Reaching safepoint: 7401 ns, Cleanup: 44701 ns, At safepoint: 6100 ns, Total: 58202 ns
[235.354s][info ][safepoint      ] Safepoint "Cleanup", Time since last: 1000119257 ns, Reaching safepoint: 8500 ns, Cleanup: 13101 ns, At safepoint: 2500 ns, Total: 24101 ns
[236.354s][info ][safepoint      ] Safepoint "Cleanup", Time since last: 1000114256 ns, Reaching safepoint: 7901 ns, Cleanup: 5400 ns, At safepoint: 5000 ns, Total: 18301 ns
[237.354s][info ][safepoint      ] Safepoint "Cleanup", Time since last: 1000110346 ns, Reaching safepoint: 8001 ns, Cleanup: 47201 ns, At safepoint: 7701 ns, Total: 62903 ns
[238.354s][info ][safepoint      ] Safepoint "Cleanup", Time since last: 1000117025 ns, Reaching safepoint: 7501 ns, Cleanup: 57102 ns, At safepoint: 2700 ns, Total: 67303 ns
[239.354s][info ][safepoint      ] Safepoint "Cleanup", Time since last: 1000075111 ns, Reaching safepoint: 16200 ns, Cleanup: 16801 ns, At safepoint: 5400 ns, Total: 38401 ns
[241.106s][info ][safepoint      ] Safepoint "Cleanup", Time since last: 1752055340 ns, Reaching safepoint: 9900 ns, Cleanup: 102904 ns, At safepoint: 9700 ns, Total: 122504 ns
[242.107s][info ][safepoint      ] Safepoint "Cleanup", Time since last: 1000075811 ns, Reaching safepoint: 12801 ns, Cleanup: 39301 ns, At safepoint: 2800 ns, Total: 54902 ns
[243.107s][info ][safepoint      ] Safepoint "Cleanup", Time since last: 1000109013 ns, Reaching safepoint: 9800 ns, Cleanup: 43301 ns, At safepoint: 9101 ns, Total: 62202 ns
[244.107s][info ][safepoint      ] Safepoint "Cleanup", Time since last: 1000108712 ns, Reaching safepoint: 9900 ns, Cleanup: 13801 ns, At safepoint: 2500 ns, Total: 26201 ns
[245.107s][info ][safepoint      ] Safepoint "Cleanup", Time since last: 1000102612 ns, Reaching safepoint: 8300 ns, Cleanup: 38702 ns, At safepoint: 7600 ns, Total: 54602 ns
[246.107s][info ][safepoint      ] Safepoint "Cleanup", Time since last: 1000104512 ns, Reaching safepoint: 8900 ns, Cleanup: 13901 ns, At safepoint: 8000 ns, Total: 30801 ns
[247.107s][info ][safepoint      ] Safepoint "Cleanup", Time since last: 1000108176 ns, Reaching safepoint: 8801 ns, Cleanup: 23401 ns, At safepoint: 9900 ns, Total: 42102 ns
[248.107s][info ][safepoint      ] Safepoint "Cleanup", Time since last: 1000073337 ns, Reaching safepoint: 9300 ns, Cleanup: 31101 ns, At safepoint: 3201 ns, Total: 43602 ns
[249.108s][info ][safepoint      ] Safepoint "Cleanup", Time since last: 1000098538 ns, Reaching safepoint: 7900 ns, Cleanup: 36601 ns, At safepoint: 2300 ns, Total: 46801 ns
[250.108s][info ][safepoint      ] Safepoint "Cleanup", Time since last: 1000095838 ns, Reaching safepoint: 8000 ns, Cleanup: 24901 ns, At safepoint: 7600 ns, Total: 40501 ns
[251.108s][info ][safepoint      ] Safepoint "Cleanup", Time since last: 1000102539 ns, Reaching safepoint: 10100 ns, Cleanup: 14000 ns, At safepoint: 2500 ns, Total: 26600 ns
[252.108s][info ][safepoint      ] Safepoint "Cleanup", Time since last: 1000104339 ns, Reaching safepoint: 8400 ns, Cleanup: 25001 ns, At safepoint: 2500 ns, Total: 35901 ns
[253.108s][info ][safepoint      ] Safepoint "Cleanup", Time since last: 1000100138 ns, Reaching safepoint: 8900 ns, Cleanup: 90603 ns, At safepoint: 9401 ns, Total: 108904 ns
[254.108s][info ][safepoint      ] Safepoint "Cleanup", Time since last: 1000100961 ns, Reaching safepoint: 9000 ns, Cleanup: 45002 ns, At safepoint: 2700 ns, Total: 56702 ns
[255.108s][info ][safepoint      ] Safepoint "Cleanup", Time since last: 1000103358 ns, Reaching safepoint: 10100 ns, Cleanup: 44001 ns, At safepoint: 8401 ns, Total: 62502 ns
[256.109s][info ][safepoint      ] Safepoint "Cleanup", Time since last: 1000105913 ns, Reaching safepoint: 10200 ns, Cleanup: 25301 ns, At safepoint: 3000 ns, Total: 38501 ns
[257.109s][info ][safepoint      ] Safepoint "Cleanup", Time since last: 1000137644 ns, Reaching safepoint: 8101 ns, Cleanup: 36801 ns, At safepoint: 2800 ns, Total: 47702 ns
[258.109s][info ][safepoint      ] Safepoint "Cleanup", Time since last: 1000126556 ns, Reaching safepoint: 9001 ns, Cleanup: 30801 ns, At safepoint: 2700 ns, Total: 42502 ns
[259.109s][info ][safepoint      ] Safepoint "Cleanup", Time since last: 1000130457 ns, Reaching safepoint: 8700 ns, Cleanup: 11200 ns, At safepoint: 2400 ns, Total: 22300 ns
[260.109s][info ][safepoint      ] Safepoint "Cleanup", Time since last: 1000114656 ns, Reaching safepoint: 8701 ns, Cleanup: 24601 ns, At safepoint: 2500 ns, Total: 35802 ns
[260.911s][debug][gc,phases      ] GC(13) Pre Compact 0.026ms
[260.911s][info ][gc,start       ] GC(13) Pause Full (Ergonomics)
[260.911s][info ][gc,phases,start] GC(13) Marking Phase
[261.032s][debug][gc,phases      ] GC(13) Par Mark 120.614ms
[261.032s][debug][gc,ref         ] GC(13) ReferenceProcessor::execute queues: 4, RefProcThreadModel::Multi, marks_oops_alive: false
[261.032s][debug][gc,ref         ] GC(13) Skipped KeepAliveFinalRefsPhase of Reference Processing: no references
[261.032s][debug][gc,ref         ] GC(13) ReferenceProcessor::execute queues: 1, RefProcThreadModel::Single, marks_oops_alive: false
[261.032s][debug][gc,phases      ] GC(13) Reference Processing 0.661ms
[261.033s][debug][gc,phases      ] GC(13)   VM Weak                        Min:  0.0, Avg:  0.0, Max:  0.1, Diff:  0.1, Sum:  0.1, Workers: 4
[261.033s][debug][gc,phases      ] GC(13)     Dead                           Min: 0, Avg:  0.0, Max: 0, Diff: 0, Sum: 0, Workers: 4
[261.033s][debug][gc,phases      ] GC(13)     Total                          Min: 0, Avg: 224.0, Max: 320, Diff: 320, Sum: 896, Workers: 4
[261.033s][debug][gc,phases      ] GC(13)   ObjectSynchronizer Weak        Min:  0.0, Avg:  0.0, Max:  0.0, Diff:  0.0, Sum:  0.0, Workers: 4
[261.033s][debug][gc,phases      ] GC(13)     Dead                           Min: 0, Avg:  0.0, Max: 0, Diff: 0, Sum: 0, Workers: 4
[261.033s][debug][gc,phases      ] GC(13)     Total                          Min: 0, Avg:  1.0, Max: 4, Diff: 4, Sum: 4, Workers: 4
[261.033s][debug][gc,phases      ] GC(13)   JVMTI Tag Weak OopStorage      Min:  0.0, Avg:  0.0, Max:  0.0, Diff:  0.0, Sum:  0.0, Workers: 4
[261.033s][debug][gc,phases      ] GC(13)     Dead                           Min: 0, Avg:  0.0, Max: 0, Diff: 0, Sum: 0, Workers: 4
[261.033s][debug][gc,phases      ] GC(13)     Total                          Min: 0, Avg:  0.0, Max: 0, Diff: 0, Sum: 0, Workers: 4
[261.033s][debug][gc,phases      ] GC(13)   StringTable Weak               Min:  0.3, Avg:  0.3, Max:  0.3, Diff:  0.0, Sum:  1.3, Workers: 4
[261.033s][debug][gc,phases      ] GC(13)     Dead                           Min: 0, Avg:  0.2, Max: 1, Diff: 1, Sum: 1, Workers: 4
[261.033s][debug][gc,phases      ] GC(13)     Total                          Min: 8320, Avg: 11844.2, Max: 17105, Diff: 8785, Sum: 47377, Workers: 4
[261.033s][debug][gc,phases      ] GC(13)   ResolvedMethodTable Weak       Min:  0.0, Avg:  0.1, Max:  0.1, Diff:  0.1, Sum:  0.3, Workers: 4
[261.033s][debug][gc,phases      ] GC(13)     Dead                           Min: 0, Avg:  1.5, Max: 4, Diff: 4, Sum: 6, Workers: 4
[261.033s][debug][gc,phases      ] GC(13)     Total                          Min: 623, Avg: 3164.8, Max: 4776, Diff: 4153, Sum: 12659, Workers: 4
[261.033s][debug][gc,phases      ] GC(13)   JNI Weak                       Min:  0.0, Avg:  0.0, Max:  0.0, Diff:  0.0, Sum:  0.0, Workers: 4
[261.033s][debug][gc,phases      ] GC(13)     Dead                           Min: 0, Avg:  0.0, Max: 0, Diff: 0, Sum: 0, Workers: 4
[261.033s][debug][gc,phases      ] GC(13)     Total                          Min: 0, Avg: 12.0, Max: 48, Diff: 48, Sum: 48, Workers: 4
[261.033s][debug][gc,phases      ] GC(13)   StringDedup Table Weak         Min:  0.0, Avg:  0.0, Max:  0.0, Diff:  0.0, Sum:  0.0, Workers: 4
[261.033s][debug][gc,phases      ] GC(13)     Dead                           Min: 0, Avg:  0.0, Max: 0, Diff: 0, Sum: 0, Workers: 4
[261.033s][debug][gc,phases      ] GC(13)     Total                          Min: 0, Avg:  0.0, Max: 0, Diff: 0, Sum: 0, Workers: 4
[261.033s][debug][gc,phases      ] GC(13)   StringDedup Requests0 Weak     Min:  0.0, Avg:  0.0, Max:  0.0, Diff:  0.0, Sum:  0.0, Workers: 4
[261.033s][debug][gc,phases      ] GC(13)     Dead                           Min: 0, Avg:  0.0, Max: 0, Diff: 0, Sum: 0, Workers: 4
[261.033s][debug][gc,phases      ] GC(13)     Total                          Min: 0, Avg:  0.0, Max: 0, Diff: 0, Sum: 0, Workers: 4
[261.033s][debug][gc,phases      ] GC(13)   StringDedup Requests1 Weak     Min:  0.0, Avg:  0.0, Max:  0.0, Diff:  0.0, Sum:  0.0, Workers: 4
[261.033s][debug][gc,phases      ] GC(13)     Dead                           Min: 0, Avg:  0.0, Max: 0, Diff: 0, Sum: 0, Workers: 4
[261.033s][debug][gc,phases      ] GC(13)     Total                          Min: 0, Avg:  0.0, Max: 0, Diff: 0, Sum: 0, Workers: 4
[261.033s][debug][gc,phases      ] GC(13)   Weak JFR Old Object Samples    Min:  0.0, Avg:  0.0, Max:  0.0, Diff:  0.0, Sum:  0.0, Workers: 4
[261.033s][debug][gc,phases      ] GC(13)     Dead                           Min: 0, Avg:  0.0, Max: 0, Diff: 0, Sum: 0, Workers: 4
[261.033s][debug][gc,phases      ] GC(13)     Total                          Min: 0, Avg:  0.0, Max: 0, Diff: 0, Sum: 0, Workers: 4
[261.033s][debug][gc,phases      ] GC(13) Weak Processing 0.747ms
[261.033s][debug][gc,phases      ] GC(13) ClassLoaderData 0.147ms
[261.033s][debug][gc,phases      ] GC(13) Trigger cleanups 0.000ms
[261.100s][debug][gc,phases      ] GC(13) Class Unloading 66.651ms
[261.100s][debug][gc,phases      ] GC(13) Report Object Count 0.002ms
[261.100s][info ][gc,phases      ] GC(13) Marking Phase 188.810ms
[261.100s][info ][gc,phases,start] GC(13) Summary Phase
[261.100s][info ][gc,phases      ] GC(13) Summary Phase 0.047ms
[261.100s][info ][gc,phases,start] GC(13) Adjust Roots
[261.120s][info ][gc,phases      ] GC(13) Adjust Roots 20.042ms
[261.120s][info ][gc,phases,start] GC(13) Compaction Phase
[261.375s][info ][gc,phases      ] GC(13) Compaction Phase 255.550ms
[261.375s][info ][gc,phases,start] GC(13) Post Compact
[261.400s][info ][gc,phases      ] GC(13) Post Compact 24.933ms
[261.401s][info ][gc,heap        ] GC(13) PSYoungGen: 1756540K(1769984K)->227185K(1835520K) Eden: 1550139K(1550336K)->227185K(1550336K) From: 206400K(219648K)->0K(285184K)
[261.401s][info ][gc,heap        ] GC(13) ParOldGen: 17699K(17920K)->17874K(37888K)
[261.401s][info ][gc,metaspace   ] GC(13) Metaspace: 92362K(93568K)->92362K(93568K) NonClass: 78648K(79360K)->78648K(79360K) Class: 13713K(14208K)->13713K(14208K)
[261.401s][info ][gc             ] GC(13) Pause Full (Ergonomics) 1732M->239M(1829M) 489.893ms
[261.401s][info ][gc,cpu         ] GC(13) User=1.15s Sys=0.05s Real=0.49s
[261.416s][info ][safepoint      ] Safepoint "ParallelGCFailedAllocation", Time since last: 801386471 ns, Reaching safepoint: 81903 ns, Cleanup: 19101 ns, At safepoint: 505128661 ns, Total: 505229665 ns
[262.416s][info ][safepoint      ] Safepoint "Cleanup", Time since last: 1000125050 ns, Reaching safepoint: 8901 ns, Cleanup: 149305 ns, At safepoint: 7200 ns, Total: 165406 ns
[263.416s][info ][safepoint      ] Safepoint "Cleanup", Time since last: 1000134803 ns, Reaching safepoint: 12900 ns, Cleanup: 58902 ns, At safepoint: 3301 ns, Total: 75103 ns
[264.417s][info ][safepoint      ] Safepoint "Cleanup", Time since last: 1000126102 ns, Reaching safepoint: 12100 ns, Cleanup: 27601 ns, At safepoint: 2400 ns, Total: 42101 ns
[265.417s][info ][safepoint      ] Safepoint "Cleanup", Time since last: 1000106502 ns, Reaching safepoint: 8500 ns, Cleanup: 11101 ns, At safepoint: 2400 ns, Total: 22001 ns
[266.417s][info ][safepoint      ] Safepoint "Cleanup", Time since last: 1000110702 ns, Reaching safepoint: 8200 ns, Cleanup: 14901 ns, At safepoint: 2800 ns, Total: 25901 ns
[267.417s][info ][safepoint      ] Safepoint "Cleanup", Time since last: 1000114802 ns, Reaching safepoint: 80803 ns, Cleanup: 11200 ns, At safepoint: 5700 ns, Total: 97703 ns
[268.417s][info ][safepoint      ] Safepoint "Cleanup", Time since last: 1000130403 ns, Reaching safepoint: 11100 ns, Cleanup: 24301 ns, At safepoint: 2700 ns, Total: 38101 ns
[269.417s][info ][safepoint      ] Safepoint "Cleanup", Time since last: 1000118202 ns, Reaching safepoint: 8400 ns, Cleanup: 13801 ns, At safepoint: 2500 ns, Total: 24701 ns
[270.417s][info ][safepoint      ] Safepoint "Cleanup", Time since last: 1000112009 ns, Reaching safepoint: 7200 ns, Cleanup: 11800 ns, At safepoint: 2700 ns, Total: 21700 ns
[271.418s][info ][safepoint      ] Safepoint "Cleanup", Time since last: 1000104698 ns, Reaching safepoint: 5600 ns, Cleanup: 50701 ns, At safepoint: 2901 ns, Total: 59202 ns
[272.418s][info ][safepoint      ] Safepoint "Cleanup", Time since last: 1000134898 ns, Reaching safepoint: 8800 ns, Cleanup: 12101 ns, At safepoint: 3700 ns, Total: 24601 ns
[273.418s][info ][safepoint      ] Safepoint "Cleanup", Time since last: 1000111998 ns, Reaching safepoint: 9000 ns, Cleanup: 30801 ns, At safepoint: 3000 ns, Total: 42801 ns
[274.418s][info ][safepoint      ] Safepoint "Cleanup", Time since last: 1000110642 ns, Reaching safepoint: 7000 ns, Cleanup: 37401 ns, At safepoint: 5700 ns, Total: 50101 ns
[275.418s][info ][safepoint      ] Safepoint "Cleanup", Time since last: 1000117007 ns, Reaching safepoint: 7700 ns, Cleanup: 65503 ns, At safepoint: 3100 ns, Total: 76303 ns
[276.418s][info ][safepoint      ] Safepoint "Cleanup", Time since last: 1000106706 ns, Reaching safepoint: 7500 ns, Cleanup: 51902 ns, At safepoint: 3300 ns, Total: 62702 ns
[277.419s][info ][safepoint      ] Safepoint "Cleanup", Time since last: 1000125207 ns, Reaching safepoint: 7700 ns, Cleanup: 17701 ns, At safepoint: 2700 ns, Total: 28101 ns
[278.419s][info ][safepoint      ] Safepoint "Cleanup", Time since last: 1000104122 ns, Reaching safepoint: 7800 ns, Cleanup: 13801 ns, At safepoint: 2700 ns, Total: 24301 ns
[279.419s][info ][safepoint      ] Safepoint "Cleanup", Time since last: 1000109880 ns, Reaching safepoint: 7600 ns, Cleanup: 14401 ns, At safepoint: 3900 ns, Total: 25901 ns
[280.419s][info ][safepoint      ] Safepoint "Cleanup", Time since last: 1000087079 ns, Reaching safepoint: 8100 ns, Cleanup: 11701 ns, At safepoint: 3100 ns, Total: 22901 ns
[281.419s][info ][safepoint      ] Safepoint "Cleanup", Time since last: 1000121280 ns, Reaching safepoint: 7400 ns, Cleanup: 12001 ns, At safepoint: 2300 ns, Total: 21701 ns
[282.419s][info ][safepoint      ] Safepoint "Cleanup", Time since last: 1000110380 ns, Reaching safepoint: 7500 ns, Cleanup: 26901 ns, At safepoint: 2200 ns, Total: 36601 ns
[284.420s][info ][safepoint      ] Safepoint "Cleanup", Time since last: 2000190559 ns, Reaching safepoint: 6601 ns, Cleanup: 12300 ns, At safepoint: 2300 ns, Total: 21201 ns
[285.420s][info ][safepoint      ] Safepoint "Cleanup", Time since last: 1000101580 ns, Reaching safepoint: 7200 ns, Cleanup: 10200 ns, At safepoint: 2901 ns, Total: 20301 ns
[286.420s][info ][safepoint      ] Safepoint "Cleanup", Time since last: 1000105036 ns, Reaching safepoint: 6700 ns, Cleanup: 13701 ns, At safepoint: 2800 ns, Total: 23201 ns
[287.420s][info ][safepoint      ] Safepoint "Cleanup", Time since last: 1000102549 ns, Reaching safepoint: 7101 ns, Cleanup: 11400 ns, At safepoint: 2700 ns, Total: 21201 ns
[288.420s][info ][safepoint      ] Safepoint "Cleanup", Time since last: 1000109549 ns, Reaching safepoint: 7101 ns, Cleanup: 9900 ns, At safepoint: 2800 ns, Total: 19801 ns
[289.420s][info ][safepoint      ] Safepoint "Cleanup", Time since last: 1000106550 ns, Reaching safepoint: 7300 ns, Cleanup: 10500 ns, At safepoint: 2600 ns, Total: 20400 ns
[290.420s][info ][safepoint      ] Safepoint "Cleanup", Time since last: 1000102749 ns, Reaching safepoint: 7101 ns, Cleanup: 17400 ns, At safepoint: 2800 ns, Total: 27301 ns
[292.420s][info ][safepoint      ] Safepoint "Cleanup", Time since last: 2000146697 ns, Reaching safepoint: 7300 ns, Cleanup: 10300 ns, At safepoint: 2901 ns, Total: 20501 ns
[293.421s][info ][safepoint      ] Safepoint "Cleanup", Time since last: 1000112649 ns, Reaching safepoint: 7800 ns, Cleanup: 12801 ns, At safepoint: 3000 ns, Total: 23601 ns
[294.421s][info ][safepoint      ] Safepoint "Cleanup", Time since last: 1000139086 ns, Reaching safepoint: 9701 ns, Cleanup: 13300 ns, At safepoint: 3200 ns, Total: 26201 ns
[296.421s][info ][safepoint      ] Safepoint "Cleanup", Time since last: 2000145601 ns, Reaching safepoint: 7700 ns, Cleanup: 22201 ns, At safepoint: 2500 ns, Total: 32401 ns
[297.421s][info ][safepoint      ] Safepoint "Cleanup", Time since last: 1000107501 ns, Reaching safepoint: 7001 ns, Cleanup: 16500 ns, At safepoint: 2400 ns, Total: 25901 ns
[298.421s][info ][safepoint      ] Safepoint "Cleanup", Time since last: 1000075801 ns, Reaching safepoint: 6600 ns, Cleanup: 19600 ns, At safepoint: 2601 ns, Total: 28801 ns
[299.421s][info ][safepoint      ] Safepoint "Cleanup", Time since last: 1000086100 ns, Reaching safepoint: 6900 ns, Cleanup: 19801 ns, At safepoint: 3200 ns, Total: 29901 ns
[301.125s][info ][safepoint      ] Safepoint "Cleanup", Time since last: 1704009507 ns, Reaching safepoint: 7700 ns, Cleanup: 19601 ns, At safepoint: 3500 ns, Total: 30801 ns
[302.125s][info ][safepoint      ] Safepoint "Cleanup", Time since last: 1000119602 ns, Reaching safepoint: 9400 ns, Cleanup: 12301 ns, At safepoint: 7200 ns, Total: 28901 ns
[303.126s][info ][safepoint      ] Safepoint "Cleanup", Time since last: 1000112150 ns, Reaching safepoint: 10000 ns, Cleanup: 35901 ns, At safepoint: 3300 ns, Total: 49201 ns
[304.126s][info ][safepoint      ] Safepoint "Cleanup", Time since last: 1000121145 ns, Reaching safepoint: 7400 ns, Cleanup: 20701 ns, At safepoint: 3000 ns, Total: 31101 ns
[305.126s][info ][safepoint      ] Safepoint "Cleanup", Time since last: 1000121145 ns, Reaching safepoint: 8800 ns, Cleanup: 34601 ns, At safepoint: 6200 ns, Total: 49601 ns
[307.126s][info ][safepoint      ] Safepoint "Cleanup", Time since last: 2000160387 ns, Reaching safepoint: 8000 ns, Cleanup: 16000 ns, At safepoint: 2701 ns, Total: 26701 ns
[307.633s][info ][gc,start       ] GC(14) Pause Young (Allocation Failure)
[307.731s][debug][gc,phases      ] GC(14) Scavenge 97.780ms
[307.731s][debug][gc,ref         ] GC(14) ReferenceProcessor::execute queues: 4, RefProcThreadModel::Multi, marks_oops_alive: false
[307.732s][debug][gc,ref         ] GC(14) Skipped KeepAliveFinalRefsPhase of Reference Processing: no references
[307.732s][debug][gc,ref         ] GC(14) ReferenceProcessor::execute queues: 1, RefProcThreadModel::Single, marks_oops_alive: false
[307.732s][debug][gc,phases      ] GC(14) Reference Processing 0.909ms
[307.732s][debug][gc,phases      ] GC(14)   VM Weak                        Min:  0.0, Avg:  0.0, Max:  0.0, Diff:  0.0, Sum:  0.0, Workers: 4
[307.732s][debug][gc,phases      ] GC(14)     Dead                           Min: 0, Avg:  0.0, Max: 0, Diff: 0, Sum: 0, Workers: 4
[307.732s][debug][gc,phases      ] GC(14)     Total                          Min: 0, Avg: 224.0, Max: 384, Diff: 384, Sum: 896, Workers: 4
[307.732s][debug][gc,phases      ] GC(14)   ObjectSynchronizer Weak        Min:  0.0, Avg:  0.0, Max:  0.0, Diff:  0.0, Sum:  0.0, Workers: 4
[307.732s][debug][gc,phases      ] GC(14)     Dead                           Min: 0, Avg:  0.0, Max: 0, Diff: 0, Sum: 0, Workers: 4
[307.732s][debug][gc,phases      ] GC(14)     Total                          Min: 0, Avg:  1.0, Max: 4, Diff: 4, Sum: 4, Workers: 4
[307.732s][debug][gc,phases      ] GC(14)   JVMTI Tag Weak OopStorage      Min:  0.0, Avg:  0.0, Max:  0.0, Diff:  0.0, Sum:  0.0, Workers: 4
[307.732s][debug][gc,phases      ] GC(14)     Dead                           Min: 0, Avg:  0.0, Max: 0, Diff: 0, Sum: 0, Workers: 4
[307.732s][debug][gc,phases      ] GC(14)     Total                          Min: 0, Avg:  0.0, Max: 0, Diff: 0, Sum: 0, Workers: 4
[307.732s][debug][gc,phases      ] GC(14)   StringTable Weak               Min:  0.0, Avg:  0.5, Max:  0.6, Diff:  0.6, Sum:  1.8, Workers: 4
[307.732s][debug][gc,phases      ] GC(14)     Dead                           Min: 0, Avg:  0.2, Max: 1, Diff: 1, Sum: 1, Workers: 4
[307.732s][debug][gc,phases      ] GC(14)     Total                          Min: 0, Avg: 11869.0, Max: 19264, Diff: 19264, Sum: 47476, Workers: 4
[307.732s][debug][gc,phases      ] GC(14)   ResolvedMethodTable Weak       Min:  0.0, Avg:  0.1, Max:  0.2, Diff:  0.2, Sum:  0.5, Workers: 4
[307.732s][debug][gc,phases      ] GC(14)     Dead                           Min: 0, Avg:  0.2, Max: 1, Diff: 1, Sum: 1, Workers: 4
[307.732s][debug][gc,phases      ] GC(14)     Total                          Min: 0, Avg: 3167.2, Max: 5361, Diff: 5361, Sum: 12669, Workers: 4
[307.733s][debug][gc,phases      ] GC(14)   JNI Weak                       Min:  0.0, Avg:  0.0, Max:  0.0, Diff:  0.0, Sum:  0.0, Workers: 4
[307.733s][debug][gc,phases      ] GC(14)     Dead                           Min: 0, Avg:  0.0, Max: 0, Diff: 0, Sum: 0, Workers: 4
[307.733s][debug][gc,phases      ] GC(14)     Total                          Min: 0, Avg: 12.2, Max: 49, Diff: 49, Sum: 49, Workers: 4
[307.733s][debug][gc,phases      ] GC(14)   StringDedup Table Weak         Min:  0.0, Avg:  0.0, Max:  0.0, Diff:  0.0, Sum:  0.0, Workers: 4
[307.733s][debug][gc,phases      ] GC(14)     Dead                           Min: 0, Avg:  0.0, Max: 0, Diff: 0, Sum: 0, Workers: 4
[307.733s][debug][gc,phases      ] GC(14)     Total                          Min: 0, Avg:  0.0, Max: 0, Diff: 0, Sum: 0, Workers: 4
[307.733s][debug][gc,phases      ] GC(14)   StringDedup Requests0 Weak     Min:  0.0, Avg:  0.0, Max:  0.0, Diff:  0.0, Sum:  0.0, Workers: 4
[307.733s][debug][gc,phases      ] GC(14)     Dead                           Min: 0, Avg:  0.0, Max: 0, Diff: 0, Sum: 0, Workers: 4
[307.733s][debug][gc,phases      ] GC(14)     Total                          Min: 0, Avg:  0.0, Max: 0, Diff: 0, Sum: 0, Workers: 4
[307.733s][debug][gc,phases      ] GC(14)   StringDedup Requests1 Weak     Min:  0.0, Avg:  0.0, Max:  0.0, Diff:  0.0, Sum:  0.0, Workers: 4
[307.733s][debug][gc,phases      ] GC(14)     Dead                           Min: 0, Avg:  0.0, Max: 0, Diff: 0, Sum: 0, Workers: 4
[307.733s][debug][gc,phases      ] GC(14)     Total                          Min: 0, Avg:  0.0, Max: 0, Diff: 0, Sum: 0, Workers: 4
[307.733s][debug][gc,phases      ] GC(14)   Weak JFR Old Object Samples    Min:  0.0, Avg:  0.0, Max:  0.0, Diff:  0.0, Sum:  0.0, Workers: 4
[307.733s][debug][gc,phases      ] GC(14)     Dead                           Min: 0, Avg:  0.0, Max: 0, Diff: 0, Sum: 0, Workers: 4
[307.733s][debug][gc,phases      ] GC(14)     Total                          Min: 0, Avg:  0.0, Max: 0, Diff: 0, Sum: 0, Workers: 4
[307.733s][debug][gc,phases      ] GC(14) Weak Processing 1.042ms
[307.733s][debug][gc,age         ] GC(14) Desired survivor size 308805632 bytes, new threshold 10 (max threshold 15)
[307.733s][info ][gc,heap        ] GC(14) PSYoungGen: 1550336K(1835520K)->219624K(1769984K) Eden: 1550336K(1550336K)->0K(1550336K) From: 0K(285184K)->219624K(219648K)
[307.733s][info ][gc,heap        ] GC(14) ParOldGen: 17874K(37888K)->39930K(39936K)
[307.733s][info ][gc,metaspace   ] GC(14) Metaspace: 92579K(93760K)->92579K(93760K) NonClass: 78862K(79552K)->78862K(79552K) Class: 13717K(14208K)->13717K(14208K)
[307.733s][info ][gc             ] GC(14) Pause Young (Allocation Failure) 1531M->253M(1767M) 99.887ms
[307.733s][info ][gc,cpu         ] GC(14) User=0.33s Sys=0.04s Real=0.10s
[307.733s][debug][gc,phases      ] GC(15) Pre Compact 0.010ms
[307.733s][info ][gc,start       ] GC(15) Pause Full (Ergonomics)
[307.733s][info ][gc,phases,start] GC(15) Marking Phase
[307.827s][debug][gc,phases      ] GC(15) Par Mark 94.401ms
[307.827s][debug][gc,ref         ] GC(15) ReferenceProcessor::execute queues: 4, RefProcThreadModel::Multi, marks_oops_alive: false
[307.828s][debug][gc,ref         ] GC(15) Skipped KeepAliveFinalRefsPhase of Reference Processing: no references
[307.828s][debug][gc,ref         ] GC(15) ReferenceProcessor::execute queues: 1, RefProcThreadModel::Single, marks_oops_alive: false
[307.828s][debug][gc,phases      ] GC(15) Reference Processing 0.655ms
[307.828s][debug][gc,phases      ] GC(15)   VM Weak                        Min:  0.0, Avg:  0.0, Max:  0.0, Diff:  0.0, Sum:  0.0, Workers: 4
[307.828s][debug][gc,phases      ] GC(15)     Dead                           Min: 0, Avg:  0.0, Max: 0, Diff: 0, Sum: 0, Workers: 4
[307.828s][debug][gc,phases      ] GC(15)     Total                          Min: 0, Avg: 224.0, Max: 896, Diff: 896, Sum: 896, Workers: 4
[307.828s][debug][gc,phases      ] GC(15)   ObjectSynchronizer Weak        Min:  0.0, Avg:  0.0, Max:  0.0, Diff:  0.0, Sum:  0.0, Workers: 4
[307.828s][debug][gc,phases      ] GC(15)     Dead                           Min: 0, Avg:  0.0, Max: 0, Diff: 0, Sum: 0, Workers: 4
[307.828s][debug][gc,phases      ] GC(15)     Total                          Min: 0, Avg:  1.0, Max: 4, Diff: 4, Sum: 4, Workers: 4
[307.828s][debug][gc,phases      ] GC(15)   JVMTI Tag Weak OopStorage      Min:  0.0, Avg:  0.0, Max:  0.0, Diff:  0.0, Sum:  0.0, Workers: 4
[307.828s][debug][gc,phases      ] GC(15)     Dead                           Min: 0, Avg:  0.0, Max: 0, Diff: 0, Sum: 0, Workers: 4
[307.828s][debug][gc,phases      ] GC(15)     Total                          Min: 0, Avg:  0.0, Max: 0, Diff: 0, Sum: 0, Workers: 4
[307.828s][debug][gc,phases      ] GC(15)   StringTable Weak               Min:  0.1, Avg:  0.2, Max:  0.3, Diff:  0.2, Sum:  0.9, Workers: 4
[307.828s][debug][gc,phases      ] GC(15)     Dead                           Min: 0, Avg:  0.0, Max: 0, Diff: 0, Sum: 0, Workers: 4
[307.828s][debug][gc,phases      ] GC(15)     Total                          Min: 6324, Avg: 11869.0, Max: 17984, Diff: 11660, Sum: 47476, Workers: 4
[307.828s][debug][gc,phases      ] GC(15)   ResolvedMethodTable Weak       Min:  0.0, Avg:  0.0, Max:  0.1, Diff:  0.1, Sum:  0.2, Workers: 4
[307.828s][debug][gc,phases      ] GC(15)     Dead                           Min: 0, Avg:  0.0, Max: 0, Diff: 0, Sum: 0, Workers: 4
[307.828s][debug][gc,phases      ] GC(15)     Total                          Min: 0, Avg: 3167.2, Max: 4460, Diff: 4460, Sum: 12669, Workers: 4
[307.828s][debug][gc,phases      ] GC(15)   JNI Weak                       Min:  0.0, Avg:  0.0, Max:  0.0, Diff:  0.0, Sum:  0.0, Workers: 4
[307.828s][debug][gc,phases      ] GC(15)     Dead                           Min: 0, Avg:  0.0, Max: 0, Diff: 0, Sum: 0, Workers: 4
[307.828s][debug][gc,phases      ] GC(15)     Total                          Min: 0, Avg: 12.2, Max: 49, Diff: 49, Sum: 49, Workers: 4
[307.828s][debug][gc,phases      ] GC(15)   StringDedup Table Weak         Min:  0.0, Avg:  0.0, Max:  0.0, Diff:  0.0, Sum:  0.0, Workers: 4
[307.828s][debug][gc,phases      ] GC(15)     Dead                           Min: 0, Avg:  0.0, Max: 0, Diff: 0, Sum: 0, Workers: 4
[307.828s][debug][gc,phases      ] GC(15)     Total                          Min: 0, Avg:  0.0, Max: 0, Diff: 0, Sum: 0, Workers: 4
[307.828s][debug][gc,phases      ] GC(15)   StringDedup Requests0 Weak     Min:  0.0, Avg:  0.0, Max:  0.0, Diff:  0.0, Sum:  0.0, Workers: 4
[307.828s][debug][gc,phases      ] GC(15)     Dead                           Min: 0, Avg:  0.0, Max: 0, Diff: 0, Sum: 0, Workers: 4
[307.828s][debug][gc,phases      ] GC(15)     Total                          Min: 0, Avg:  0.0, Max: 0, Diff: 0, Sum: 0, Workers: 4
[307.828s][debug][gc,phases      ] GC(15)   StringDedup Requests1 Weak     Min:  0.0, Avg:  0.0, Max:  0.0, Diff:  0.0, Sum:  0.0, Workers: 4
[307.828s][debug][gc,phases      ] GC(15)     Dead                           Min: 0, Avg:  0.0, Max: 0, Diff: 0, Sum: 0, Workers: 4
[307.828s][debug][gc,phases      ] GC(15)     Total                          Min: 0, Avg:  0.0, Max: 0, Diff: 0, Sum: 0, Workers: 4
[307.828s][debug][gc,phases      ] GC(15)   Weak JFR Old Object Samples    Min:  0.0, Avg:  0.0, Max:  0.0, Diff:  0.0, Sum:  0.0, Workers: 4
[307.828s][debug][gc,phases      ] GC(15)     Dead                           Min: 0, Avg:  0.0, Max: 0, Diff: 0, Sum: 0, Workers: 4
[307.828s][debug][gc,phases      ] GC(15)     Total                          Min: 0, Avg:  0.0, Max: 0, Diff: 0, Sum: 0, Workers: 4
[307.828s][debug][gc,phases      ] GC(15) Weak Processing 0.596ms
[307.829s][debug][gc,phases      ] GC(15) ClassLoaderData 0.150ms
[307.829s][debug][gc,phases      ] GC(15) Trigger cleanups 0.000ms
[307.867s][debug][gc,phases      ] GC(15) Class Unloading 38.075ms
[307.867s][debug][gc,phases      ] GC(15) Report Object Count 0.002ms
[307.867s][info ][gc,phases      ] GC(15) Marking Phase 133.862ms
[307.867s][info ][gc,phases,start] GC(15) Summary Phase
[307.867s][info ][gc,phases      ] GC(15) Summary Phase 0.011ms
[307.867s][info ][gc,phases,start] GC(15) Adjust Roots
[307.888s][info ][gc,phases      ] GC(15) Adjust Roots 21.761ms
[307.888s][info ][gc,phases,start] GC(15) Compaction Phase
[308.363s][info ][gc,phases      ] GC(15) Compaction Phase 474.604ms
[308.363s][info ][gc,phases,start] GC(15) Post Compact
[308.367s][info ][gc,phases      ] GC(15) Post Compact 3.403ms
[308.367s][info ][gc,heap        ] GC(15) PSYoungGen: 219624K(1769984K)->217595K(1769984K) Eden: 0K(1550336K)->0K(1550336K) From: 219624K(219648K)->217595K(219648K)
[308.367s][info ][gc,heap        ] GC(15) ParOldGen: 39930K(39936K)->39427K(76800K)
[308.367s][info ][gc,metaspace   ] GC(15) Metaspace: 92579K(93760K)->92579K(93760K) NonClass: 78862K(79552K)->78862K(79552K) Class: 13717K(14208K)->13717K(14208K)
[308.367s][info ][gc             ] GC(15) Pause Full (Ergonomics) 253M->250M(1803M) 633.976ms
[308.367s][info ][gc,cpu         ] GC(15) User=1.64s Sys=0.00s Real=0.63s
[308.369s][info ][safepoint      ] Safepoint "ParallelGCFailedAllocation", Time since last: 506425345 ns, Reaching safepoint: 9700 ns, Cleanup: 4800 ns, At safepoint: 736374403 ns, Total: 736388903 ns
[309.369s][info ][safepoint      ] Safepoint "Cleanup", Time since last: 1000104344 ns, Reaching safepoint: 8800 ns, Cleanup: 43502 ns, At safepoint: 2900 ns, Total: 55202 ns
[310.369s][info ][safepoint      ] Safepoint "Cleanup", Time since last: 1000114405 ns, Reaching safepoint: 9401 ns, Cleanup: 13100 ns, At safepoint: 6200 ns, Total: 28701 ns
[311.369s][info ][safepoint      ] Safepoint "Cleanup", Time since last: 1000118071 ns, Reaching safepoint: 6800 ns, Cleanup: 12801 ns, At safepoint: 2600 ns, Total: 22201 ns
[312.370s][info ][safepoint      ] Safepoint "Cleanup", Time since last: 1000118471 ns, Reaching safepoint: 6800 ns, Cleanup: 11500 ns, At safepoint: 2300 ns, Total: 20600 ns
[313.548s][info ][safepoint      ] Safepoint "Cleanup", Time since last: 1178442272 ns, Reaching safepoint: 82302 ns, Cleanup: 94303 ns, At safepoint: 9100 ns, Total: 185705 ns
[314.548s][info ][safepoint      ] Safepoint "Cleanup", Time since last: 1000120871 ns, Reaching safepoint: 7301 ns, Cleanup: 13300 ns, At safepoint: 2400 ns, Total: 23001 ns
[315.548s][info ][safepoint      ] Safepoint "Cleanup", Time since last: 1000120071 ns, Reaching safepoint: 9100 ns, Cleanup: 33501 ns, At safepoint: 2300 ns, Total: 44901 ns
[316.549s][info ][safepoint      ] Safepoint "Cleanup", Time since last: 1000116924 ns, Reaching safepoint: 7600 ns, Cleanup: 13400 ns, At safepoint: 2600 ns, Total: 23600 ns
[317.549s][info ][safepoint      ] Safepoint "Cleanup", Time since last: 1000118831 ns, Reaching safepoint: 6900 ns, Cleanup: 12901 ns, At safepoint: 2500 ns, Total: 22301 ns
[318.549s][info ][safepoint      ] Safepoint "Cleanup", Time since last: 1000112808 ns, Reaching safepoint: 7200 ns, Cleanup: 12500 ns, At safepoint: 2401 ns, Total: 22101 ns
[319.549s][info ][safepoint      ] Safepoint "Cleanup", Time since last: 1000110659 ns, Reaching safepoint: 7600 ns, Cleanup: 10100 ns, At safepoint: 2800 ns, Total: 20500 ns
[322.549s][info ][safepoint      ] Safepoint "Cleanup", Time since last: 3000252176 ns, Reaching safepoint: 7000 ns, Cleanup: 12900 ns, At safepoint: 3300 ns, Total: 23200 ns
[323.549s][info ][safepoint      ] Safepoint "Cleanup", Time since last: 1000093759 ns, Reaching safepoint: 7500 ns, Cleanup: 47402 ns, At safepoint: 6800 ns, Total: 61702 ns
[325.550s][info ][safepoint      ] Safepoint "Cleanup", Time since last: 2000189451 ns, Reaching safepoint: 7501 ns, Cleanup: 25701 ns, At safepoint: 2900 ns, Total: 36102 ns
[327.550s][info ][safepoint      ] Safepoint "Cleanup", Time since last: 2000211929 ns, Reaching safepoint: 7000 ns, Cleanup: 35802 ns, At safepoint: 2200 ns, Total: 45002 ns
[328.550s][info ][safepoint      ] Safepoint "Cleanup", Time since last: 1000114813 ns, Reaching safepoint: 7700 ns, Cleanup: 25401 ns, At safepoint: 2700 ns, Total: 35801 ns
[329.550s][info ][safepoint      ] Safepoint "Cleanup", Time since last: 1000176215 ns, Reaching safepoint: 7100 ns, Cleanup: 33701 ns, At safepoint: 2500 ns, Total: 43301 ns
[331.551s][info ][safepoint      ] Safepoint "Cleanup", Time since last: 2000181425 ns, Reaching safepoint: 7600 ns, Cleanup: 12400 ns, At safepoint: 2601 ns, Total: 22601 ns
[332.551s][info ][safepoint      ] Safepoint "Cleanup", Time since last: 1000111312 ns, Reaching safepoint: 7101 ns, Cleanup: 10100 ns, At safepoint: 2000 ns, Total: 19201 ns
[333.551s][info ][safepoint      ] Safepoint "Cleanup", Time since last: 1000115413 ns, Reaching safepoint: 7100 ns, Cleanup: 13601 ns, At safepoint: 2500 ns, Total: 23201 ns
[335.551s][info ][safepoint      ] Safepoint "Cleanup", Time since last: 2000183185 ns, Reaching safepoint: 7200 ns, Cleanup: 8501 ns, At safepoint: 2700 ns, Total: 18401 ns
[336.551s][info ][safepoint      ] Safepoint "Cleanup", Time since last: 1000114697 ns, Reaching safepoint: 7500 ns, Cleanup: 14601 ns, At safepoint: 2600 ns, Total: 24701 ns
[339.551s][info ][safepoint      ] Safepoint "Cleanup", Time since last: 3000254788 ns, Reaching safepoint: 8300 ns, Cleanup: 12901 ns, At safepoint: 2100 ns, Total: 23301 ns
[340.552s][info ][safepoint      ] Safepoint "Cleanup", Time since last: 1000113397 ns, Reaching safepoint: 120304 ns, Cleanup: 7600 ns, At safepoint: 8100 ns, Total: 136004 ns
[341.552s][info ][safepoint      ] Safepoint "Cleanup", Time since last: 1000102597 ns, Reaching safepoint: 7600 ns, Cleanup: 10401 ns, At safepoint: 2400 ns, Total: 20401 ns
[342.552s][info ][safepoint      ] Safepoint "Cleanup", Time since last: 1000123376 ns, Reaching safepoint: 8900 ns, Cleanup: 16700 ns, At safepoint: 3101 ns, Total: 28701 ns
[343.552s][info ][safepoint      ] Safepoint "Cleanup", Time since last: 1000113700 ns, Reaching safepoint: 8500 ns, Cleanup: 9800 ns, At safepoint: 2601 ns, Total: 20901 ns
[344.552s][info ][safepoint      ] Safepoint "Cleanup", Time since last: 1000113500 ns, Reaching safepoint: 7700 ns, Cleanup: 9701 ns, At safepoint: 2900 ns, Total: 20301 ns
[345.552s][info ][safepoint      ] Safepoint "Cleanup", Time since last: 1000131001 ns, Reaching safepoint: 7100 ns, Cleanup: 10500 ns, At safepoint: 2700 ns, Total: 20300 ns
[346.552s][info ][safepoint      ] Safepoint "Cleanup", Time since last: 1000110301 ns, Reaching safepoint: 6800 ns, Cleanup: 8100 ns, At safepoint: 2700 ns, Total: 17600 ns
[347.553s][info ][safepoint      ] Safepoint "Cleanup", Time since last: 1000117001 ns, Reaching safepoint: 7900 ns, Cleanup: 26501 ns, At safepoint: 3200 ns, Total: 37601 ns
[348.553s][info ][safepoint      ] Safepoint "Cleanup", Time since last: 1000117300 ns, Reaching safepoint: 8101 ns, Cleanup: 15300 ns, At safepoint: 2900 ns, Total: 26301 ns
[349.286s][info ][gc,start       ] GC(16) Pause Young (Allocation Failure)
[349.379s][debug][gc,phases      ] GC(16) Scavenge 92.906ms
[349.379s][debug][gc,ref         ] GC(16) ReferenceProcessor::execute queues: 4, RefProcThreadModel::Multi, marks_oops_alive: false
[349.380s][debug][gc,ref         ] GC(16) Skipped KeepAliveFinalRefsPhase of Reference Processing: no references
[349.380s][debug][gc,ref         ] GC(16) ReferenceProcessor::execute queues: 1, RefProcThreadModel::Single, marks_oops_alive: false
[349.380s][debug][gc,phases      ] GC(16) Reference Processing 0.567ms
[349.381s][debug][gc,phases      ] GC(16)   VM Weak                        Min:  0.0, Avg:  0.0, Max:  0.0, Diff:  0.0, Sum:  0.0, Workers: 4
[349.381s][debug][gc,phases      ] GC(16)     Dead                           Min: 0, Avg:  0.0, Max: 0, Diff: 0, Sum: 0, Workers: 4
[349.381s][debug][gc,phases      ] GC(16)     Total                          Min: 0, Avg: 224.5, Max: 514, Diff: 514, Sum: 898, Workers: 4
[349.381s][debug][gc,phases      ] GC(16)   ObjectSynchronizer Weak        Min:  0.0, Avg:  0.0, Max:  0.0, Diff:  0.0, Sum:  0.0, Workers: 4
[349.381s][debug][gc,phases      ] GC(16)     Dead                           Min: 0, Avg:  0.0, Max: 0, Diff: 0, Sum: 0, Workers: 4
[349.381s][debug][gc,phases      ] GC(16)     Total                          Min: 0, Avg:  1.0, Max: 4, Diff: 4, Sum: 4, Workers: 4
[349.381s][debug][gc,phases      ] GC(16)   JVMTI Tag Weak OopStorage      Min:  0.0, Avg:  0.0, Max:  0.0, Diff:  0.0, Sum:  0.0, Workers: 4
[349.381s][debug][gc,phases      ] GC(16)     Dead                           Min: 0, Avg:  0.0, Max: 0, Diff: 0, Sum: 0, Workers: 4
[349.381s][debug][gc,phases      ] GC(16)     Total                          Min: 0, Avg:  0.0, Max: 0, Diff: 0, Sum: 0, Workers: 4
[349.381s][debug][gc,phases      ] GC(16)   StringTable Weak               Min:  0.0, Avg:  0.5, Max:  0.6, Diff:  0.6, Sum:  1.8, Workers: 4
[349.381s][debug][gc,phases      ] GC(16)     Dead                           Min: 0, Avg:  0.5, Max: 2, Diff: 2, Sum: 2, Workers: 4
[349.381s][debug][gc,phases      ] GC(16)     Total                          Min: 0, Avg: 11892.5, Max: 18816, Diff: 18816, Sum: 47570, Workers: 4
[349.381s][debug][gc,phases      ] GC(16)   ResolvedMethodTable Weak       Min:  0.0, Avg:  0.1, Max:  0.2, Diff:  0.2, Sum:  0.6, Workers: 4
[349.381s][debug][gc,phases      ] GC(16)     Dead                           Min: 0, Avg:  8.5, Max: 23, Diff: 23, Sum: 34, Workers: 4
[349.381s][debug][gc,phases      ] GC(16)     Total                          Min: 0, Avg: 3186.0, Max: 4928, Diff: 4928, Sum: 12744, Workers: 4
[349.381s][debug][gc,phases      ] GC(16)   JNI Weak                       Min:  0.0, Avg:  0.0, Max:  0.0, Diff:  0.0, Sum:  0.0, Workers: 4
[349.381s][debug][gc,phases      ] GC(16)     Dead                           Min: 0, Avg:  0.0, Max: 0, Diff: 0, Sum: 0, Workers: 4
[349.381s][debug][gc,phases      ] GC(16)     Total                          Min: 0, Avg: 12.0, Max: 48, Diff: 48, Sum: 48, Workers: 4
[349.381s][debug][gc,phases      ] GC(16)   StringDedup Table Weak         Min:  0.0, Avg:  0.0, Max:  0.0, Diff:  0.0, Sum:  0.0, Workers: 4
[349.381s][debug][gc,phases      ] GC(16)     Dead                           Min: 0, Avg:  0.0, Max: 0, Diff: 0, Sum: 0, Workers: 4
[349.381s][debug][gc,phases      ] GC(16)     Total                          Min: 0, Avg:  0.0, Max: 0, Diff: 0, Sum: 0, Workers: 4
[349.381s][debug][gc,phases      ] GC(16)   StringDedup Requests0 Weak     Min:  0.0, Avg:  0.0, Max:  0.0, Diff:  0.0, Sum:  0.0, Workers: 4
[349.381s][debug][gc,phases      ] GC(16)     Dead                           Min: 0, Avg:  0.0, Max: 0, Diff: 0, Sum: 0, Workers: 4
[349.381s][debug][gc,phases      ] GC(16)     Total                          Min: 0, Avg:  0.0, Max: 0, Diff: 0, Sum: 0, Workers: 4
[349.381s][debug][gc,phases      ] GC(16)   StringDedup Requests1 Weak     Min:  0.0, Avg:  0.0, Max:  0.0, Diff:  0.0, Sum:  0.0, Workers: 4
[349.381s][debug][gc,phases      ] GC(16)     Dead                           Min: 0, Avg:  0.0, Max: 0, Diff: 0, Sum: 0, Workers: 4
[349.381s][debug][gc,phases      ] GC(16)     Total                          Min: 0, Avg:  0.0, Max: 0, Diff: 0, Sum: 0, Workers: 4
[349.381s][debug][gc,phases      ] GC(16)   Weak JFR Old Object Samples    Min:  0.0, Avg:  0.0, Max:  0.0, Diff:  0.0, Sum:  0.0, Workers: 4
[349.381s][debug][gc,phases      ] GC(16)     Dead                           Min: 0, Avg:  0.0, Max: 0, Diff: 0, Sum: 0, Workers: 4
[349.381s][debug][gc,phases      ] GC(16)     Total                          Min: 0, Avg:  0.0, Max: 0, Diff: 0, Sum: 0, Workers: 4
[349.381s][debug][gc,phases      ] GC(16) Weak Processing 1.079ms
[349.381s][debug][gc,age         ] GC(16) Desired survivor size 316669952 bytes, new threshold 11 (max threshold 15)
[349.381s][info ][gc,heap        ] GC(16) PSYoungGen: 1767931K(1769984K)->231329K(1780224K) Eden: 1550336K(1550336K)->0K(1478656K) From: 217595K(219648K)->231329K(301568K)
[349.381s][info ][gc,heap        ] GC(16) ParOldGen: 39427K(76800K)->39435K(76800K)
[349.381s][info ][gc,metaspace   ] GC(16) Metaspace: 92955K(94144K)->92955K(94144K) NonClass: 79203K(79872K)->79203K(79872K) Class: 13751K(14272K)->13751K(14272K)
[349.381s][info ][gc             ] GC(16) Pause Young (Allocation Failure) 1764M->264M(1813M) 94.714ms
[349.381s][info ][gc,cpu         ] GC(16) User=0.34s Sys=0.00s Real=0.10s
[349.381s][info ][safepoint      ] Safepoint "ParallelGCFailedAllocation", Time since last: 733238753 ns, Reaching safepoint: 84002 ns, Cleanup: 9101 ns, At safepoint: 94818489 ns, Total: 94911592 ns
[350.381s][info ][safepoint      ] Safepoint "Cleanup", Time since last: 1000089661 ns, Reaching safepoint: 8801 ns, Cleanup: 26400 ns, At safepoint: 2500 ns, Total: 37701 ns
[351.381s][info ][safepoint      ] Safepoint "Cleanup", Time since last: 1000112204 ns, Reaching safepoint: 7500 ns, Cleanup: 23400 ns, At safepoint: 2801 ns, Total: 33701 ns
[353.381s][info ][safepoint      ] Safepoint "Cleanup", Time since last: 2000142303 ns, Reaching safepoint: 8200 ns, Cleanup: 17701 ns, At safepoint: 2700 ns, Total: 28601 ns
[355.382s][info ][safepoint      ] Safepoint "Cleanup", Time since last: 2000196205 ns, Reaching safepoint: 7101 ns, Cleanup: 13100 ns, At safepoint: 2300 ns, Total: 22501 ns
[356.382s][info ][safepoint      ] Safepoint "Cleanup", Time since last: 1000125004 ns, Reaching safepoint: 10400 ns, Cleanup: 14200 ns, At safepoint: 2300 ns, Total: 26900 ns
[357.382s][info ][safepoint      ] Safepoint "Cleanup", Time since last: 1000115404 ns, Reaching safepoint: 7600 ns, Cleanup: 13700 ns, At safepoint: 2400 ns, Total: 23700 ns
[358.382s][info ][safepoint      ] Safepoint "Cleanup", Time since last: 1000122756 ns, Reaching safepoint: 9300 ns, Cleanup: 23601 ns, At safepoint: 2900 ns, Total: 35801 ns
[360.142s][info ][safepoint      ] Safepoint "Cleanup", Time since last: 1760418942 ns, Reaching safepoint: 3500 ns, Cleanup: 19701 ns, At safepoint: 4800 ns, Total: 28001 ns
[361.143s][info ][safepoint      ] Safepoint "Cleanup", Time since last: 1000155317 ns, Reaching safepoint: 7100 ns, Cleanup: 16701 ns, At safepoint: 2400 ns, Total: 26201 ns
[362.143s][info ][safepoint      ] Safepoint "Cleanup", Time since last: 1000123015 ns, Reaching safepoint: 7501 ns, Cleanup: 38101 ns, At safepoint: 3600 ns, Total: 49202 ns
[363.143s][info ][safepoint      ] Safepoint "Cleanup", Time since last: 1000124616 ns, Reaching safepoint: 8600 ns, Cleanup: 10800 ns, At safepoint: 3000 ns, Total: 22400 ns
[364.143s][info ][safepoint      ] Safepoint "Cleanup", Time since last: 1000110315 ns, Reaching safepoint: 10201 ns, Cleanup: 15600 ns, At safepoint: 3100 ns, Total: 28901 ns
[365.143s][info ][safepoint      ] Safepoint "Cleanup", Time since last: 1000126216 ns, Reaching safepoint: 6800 ns, Cleanup: 21401 ns, At safepoint: 2700 ns, Total: 30901 ns
[366.143s][info ][safepoint      ] Safepoint "Cleanup", Time since last: 1000119316 ns, Reaching safepoint: 9000 ns, Cleanup: 12800 ns, At safepoint: 2900 ns, Total: 24700 ns
[367.144s][info ][safepoint      ] Safepoint "Cleanup", Time since last: 1000138127 ns, Reaching safepoint: 7400 ns, Cleanup: 17701 ns, At safepoint: 2400 ns, Total: 27501 ns
[368.144s][info ][safepoint      ] Safepoint "Cleanup", Time since last: 1000115481 ns, Reaching safepoint: 7100 ns, Cleanup: 17500 ns, At safepoint: 2400 ns, Total: 27000 ns
[369.144s][info ][safepoint      ] Safepoint "Cleanup", Time since last: 1000113681 ns, Reaching safepoint: 9601 ns, Cleanup: 15200 ns, At safepoint: 2800 ns, Total: 27601 ns
[370.144s][info ][safepoint      ] Safepoint "Cleanup", Time since last: 1000119681 ns, Reaching safepoint: 9501 ns, Cleanup: 14700 ns, At safepoint: 3200 ns, Total: 27401 ns
[371.144s][info ][safepoint      ] Safepoint "Cleanup", Time since last: 1000132582 ns, Reaching safepoint: 9200 ns, Cleanup: 13200 ns, At safepoint: 2501 ns, Total: 24901 ns
[372.144s][info ][safepoint      ] Safepoint "Cleanup", Time since last: 1000071279 ns, Reaching safepoint: 7200 ns, Cleanup: 23801 ns, At safepoint: 2300 ns, Total: 33301 ns
[373.144s][info ][safepoint      ] Safepoint "Cleanup", Time since last: 1000149882 ns, Reaching safepoint: 7000 ns, Cleanup: 14701 ns, At safepoint: 2100 ns, Total: 23801 ns
[374.145s][info ][safepoint      ] Safepoint "Cleanup", Time since last: 1000118481 ns, Reaching safepoint: 8000 ns, Cleanup: 18301 ns, At safepoint: 6600 ns, Total: 32901 ns
[375.145s][info ][safepoint      ] Safepoint "Cleanup", Time since last: 1000111473 ns, Reaching safepoint: 7100 ns, Cleanup: 10601 ns, At safepoint: 2000 ns, Total: 19701 ns
[377.145s][info ][safepoint      ] Safepoint "Cleanup", Time since last: 2000196075 ns, Reaching safepoint: 7800 ns, Cleanup: 10500 ns, At safepoint: 2200 ns, Total: 20500 ns
[378.145s][info ][safepoint      ] Safepoint "Cleanup", Time since last: 1000134689 ns, Reaching safepoint: 7000 ns, Cleanup: 13001 ns, At safepoint: 2000 ns, Total: 22001 ns
[379.145s][info ][safepoint      ] Safepoint "Cleanup", Time since last: 1000111588 ns, Reaching safepoint: 7600 ns, Cleanup: 10900 ns, At safepoint: 2200 ns, Total: 20700 ns
[380.145s][info ][safepoint      ] Safepoint "Cleanup", Time since last: 1000115488 ns, Reaching safepoint: 6501 ns, Cleanup: 13600 ns, At safepoint: 2200 ns, Total: 22301 ns
[381.146s][info ][safepoint      ] Safepoint "Cleanup", Time since last: 1000101188 ns, Reaching safepoint: 8000 ns, Cleanup: 9900 ns, At safepoint: 2700 ns, Total: 20600 ns
[383.146s][info ][safepoint      ] Safepoint "Cleanup", Time since last: 2000197549 ns, Reaching safepoint: 7000 ns, Cleanup: 11301 ns, At safepoint: 3000 ns, Total: 21301 ns
[384.146s][info ][safepoint      ] Safepoint "Cleanup", Time since last: 1000133006 ns, Reaching safepoint: 7100 ns, Cleanup: 17501 ns, At safepoint: 2700 ns, Total: 27301 ns
[386.146s][info ][safepoint      ] Safepoint "Cleanup", Time since last: 2000155909 ns, Reaching safepoint: 7200 ns, Cleanup: 9301 ns, At safepoint: 2500 ns, Total: 19001 ns
[386.985s][info ][gc,start       ] GC(17) Pause Young (Allocation Failure)
[387.074s][debug][gc,phases      ] GC(17) Scavenge 88.137ms
[387.074s][debug][gc,ref         ] GC(17) ReferenceProcessor::execute queues: 4, RefProcThreadModel::Multi, marks_oops_alive: false
[387.074s][debug][gc,ref         ] GC(17) Skipped KeepAliveFinalRefsPhase of Reference Processing: no references
[387.074s][debug][gc,ref         ] GC(17) ReferenceProcessor::execute queues: 1, RefProcThreadModel::Single, marks_oops_alive: false
[387.074s][debug][gc,phases      ] GC(17) Reference Processing 0.800ms
[387.075s][debug][gc,phases      ] GC(17)   VM Weak                        Min:  0.0, Avg:  0.0, Max:  0.0, Diff:  0.0, Sum:  0.0, Workers: 4
[387.075s][debug][gc,phases      ] GC(17)     Dead                           Min: 0, Avg:  0.0, Max: 0, Diff: 0, Sum: 0, Workers: 4
[387.075s][debug][gc,phases      ] GC(17)     Total                          Min: 0, Avg: 224.8, Max: 451, Diff: 451, Sum: 899, Workers: 4
[387.075s][debug][gc,phases      ] GC(17)   ObjectSynchronizer Weak        Min:  0.0, Avg:  0.0, Max:  0.0, Diff:  0.0, Sum:  0.0, Workers: 4
[387.075s][debug][gc,phases      ] GC(17)     Dead                           Min: 0, Avg:  0.0, Max: 0, Diff: 0, Sum: 0, Workers: 4
[387.075s][debug][gc,phases      ] GC(17)     Total                          Min: 0, Avg:  1.0, Max: 4, Diff: 4, Sum: 4, Workers: 4
[387.075s][debug][gc,phases      ] GC(17)   JVMTI Tag Weak OopStorage      Min:  0.0, Avg:  0.0, Max:  0.0, Diff:  0.0, Sum:  0.0, Workers: 4
[387.075s][debug][gc,phases      ] GC(17)     Dead                           Min: 0, Avg:  0.0, Max: 0, Diff: 0, Sum: 0, Workers: 4
[387.075s][debug][gc,phases      ] GC(17)     Total                          Min: 0, Avg:  0.0, Max: 0, Diff: 0, Sum: 0, Workers: 4
[387.075s][debug][gc,phases      ] GC(17)   StringTable Weak               Min:  0.0, Avg:  0.4, Max:  0.6, Diff:  0.6, Sum:  1.7, Workers: 4
[387.075s][debug][gc,phases      ] GC(17)     Dead                           Min: 0, Avg:  0.2, Max: 1, Diff: 1, Sum: 1, Workers: 4
[387.075s][debug][gc,phases      ] GC(17)     Total                          Min: 0, Avg: 11899.2, Max: 18368, Diff: 18368, Sum: 47597, Workers: 4
[387.075s][debug][gc,phases      ] GC(17)   ResolvedMethodTable Weak       Min:  0.0, Avg:  0.1, Max:  0.2, Diff:  0.2, Sum:  0.5, Workers: 4
[387.075s][debug][gc,phases      ] GC(17)     Dead                           Min: 0, Avg:  2.2, Max: 7, Diff: 7, Sum: 9, Workers: 4
[387.075s][debug][gc,phases      ] GC(17)     Total                          Min: 0, Avg: 3193.5, Max: 5205, Diff: 5205, Sum: 12774, Workers: 4
[387.075s][debug][gc,phases      ] GC(17)   JNI Weak                       Min:  0.0, Avg:  0.0, Max:  0.0, Diff:  0.0, Sum:  0.0, Workers: 4
[387.075s][debug][gc,phases      ] GC(17)     Dead                           Min: 0, Avg:  0.0, Max: 0, Diff: 0, Sum: 0, Workers: 4
[387.075s][debug][gc,phases      ] GC(17)     Total                          Min: 0, Avg: 12.0, Max: 48, Diff: 48, Sum: 48, Workers: 4
[387.075s][debug][gc,phases      ] GC(17)   StringDedup Table Weak         Min:  0.0, Avg:  0.0, Max:  0.0, Diff:  0.0, Sum:  0.0, Workers: 4
[387.075s][debug][gc,phases      ] GC(17)     Dead                           Min: 0, Avg:  0.0, Max: 0, Diff: 0, Sum: 0, Workers: 4
[387.075s][debug][gc,phases      ] GC(17)     Total                          Min: 0, Avg:  0.0, Max: 0, Diff: 0, Sum: 0, Workers: 4
[387.075s][debug][gc,phases      ] GC(17)   StringDedup Requests0 Weak     Min:  0.0, Avg:  0.0, Max:  0.0, Diff:  0.0, Sum:  0.0, Workers: 4
[387.076s][debug][gc,phases      ] GC(17)     Dead                           Min: 0, Avg:  0.0, Max: 0, Diff: 0, Sum: 0, Workers: 4
[387.076s][debug][gc,phases      ] GC(17)     Total                          Min: 0, Avg:  0.0, Max: 0, Diff: 0, Sum: 0, Workers: 4
[387.076s][debug][gc,phases      ] GC(17)   StringDedup Requests1 Weak     Min:  0.0, Avg:  0.0, Max:  0.0, Diff:  0.0, Sum:  0.0, Workers: 4
[387.076s][debug][gc,phases      ] GC(17)     Dead                           Min: 0, Avg:  0.0, Max: 0, Diff: 0, Sum: 0, Workers: 4
[387.076s][debug][gc,phases      ] GC(17)     Total                          Min: 0, Avg:  0.0, Max: 0, Diff: 0, Sum: 0, Workers: 4
[387.076s][debug][gc,phases      ] GC(17)   Weak JFR Old Object Samples    Min:  0.0, Avg:  0.0, Max:  0.0, Diff:  0.0, Sum:  0.0, Workers: 4
[387.076s][debug][gc,phases      ] GC(17)     Dead                           Min: 0, Avg:  0.0, Max: 0, Diff: 0, Sum: 0, Workers: 4
[387.076s][debug][gc,phases      ] GC(17)     Total                          Min: 0, Avg:  0.0, Max: 0, Diff: 0, Sum: 0, Workers: 4
[387.076s][debug][gc,phases      ] GC(17) Weak Processing 1.033ms
[387.076s][debug][gc,age         ] GC(17) Desired survivor size 326107136 bytes, new threshold 12 (max threshold 15)
[387.076s][info ][gc,heap        ] GC(17) PSYoungGen: 1709985K(1780224K)->241269K(1720320K) Eden: 1478656K(1478656K)->0K(1478656K) From: 231329K(301568K)->241269K(241664K)
[387.076s][info ][gc,heap        ] GC(17) ParOldGen: 39435K(76800K)->39443K(76800K)
[387.076s][info ][gc,metaspace   ] GC(17) Metaspace: 93049K(94272K)->93049K(94272K) NonClass: 79287K(80000K)->79287K(80000K) Class: 13762K(14272K)->13762K(14272K)
[387.076s][info ][gc             ] GC(17) Pause Young (Allocation Failure) 1708M->274M(1755M) 90.201ms
[387.076s][info ][gc,cpu         ] GC(17) User=0.31s Sys=0.00s Real=0.09s
[387.076s][info ][safepoint      ] Safepoint "ParallelGCFailedAllocation", Time since last: 839297447 ns, Reaching safepoint: 8900 ns, Cleanup: 4600 ns, At safepoint: 90289853 ns, Total: 90303353 ns
[388.076s][info ][safepoint      ] Safepoint "Cleanup", Time since last: 1000094605 ns, Reaching safepoint: 9600 ns, Cleanup: 11300 ns, At safepoint: 3101 ns, Total: 24001 ns
[390.076s][info ][safepoint      ] Safepoint "Cleanup", Time since last: 2000183009 ns, Reaching safepoint: 7101 ns, Cleanup: 21600 ns, At safepoint: 2300 ns, Total: 31001 ns
[391.076s][info ][safepoint      ] Safepoint "Cleanup", Time since last: 1000123114 ns, Reaching safepoint: 8800 ns, Cleanup: 22101 ns, At safepoint: 7500 ns, Total: 38401 ns
[393.076s][info ][safepoint      ] Safepoint "Cleanup", Time since last: 2000214149 ns, Reaching safepoint: 7901 ns, Cleanup: 13400 ns, At safepoint: 3000 ns, Total: 24301 ns
[396.077s][info ][safepoint      ] Safepoint "Cleanup", Time since last: 3000261672 ns, Reaching safepoint: 7700 ns, Cleanup: 12600 ns, At safepoint: 2801 ns, Total: 23101 ns
[398.077s][info ][safepoint      ] Safepoint "Cleanup", Time since last: 2000150613 ns, Reaching safepoint: 8000 ns, Cleanup: 12200 ns, At safepoint: 2500 ns, Total: 22700 ns
[400.077s][info ][safepoint      ] Safepoint "Cleanup", Time since last: 2000190290 ns, Reaching safepoint: 8300 ns, Cleanup: 15301 ns, At safepoint: 2500 ns, Total: 26101 ns
[401.077s][info ][safepoint      ] Safepoint "Cleanup", Time since last: 1000116040 ns, Reaching safepoint: 7400 ns, Cleanup: 12100 ns, At safepoint: 3200 ns, Total: 22700 ns
[402.077s][info ][safepoint      ] Safepoint "Cleanup", Time since last: 1000121240 ns, Reaching safepoint: 7201 ns, Cleanup: 11300 ns, At safepoint: 2500 ns, Total: 21001 ns
[405.078s][info ][safepoint      ] Safepoint "Cleanup", Time since last: 3000248516 ns, Reaching safepoint: 7701 ns, Cleanup: 18800 ns, At safepoint: 2400 ns, Total: 28901 ns
[408.078s][info ][safepoint      ] Safepoint "Cleanup", Time since last: 3000222841 ns, Reaching safepoint: 7800 ns, Cleanup: 11100 ns, At safepoint: 2300 ns, Total: 21200 ns
[410.078s][info ][safepoint      ] Safepoint "Cleanup", Time since last: 2000190195 ns, Reaching safepoint: 7300 ns, Cleanup: 10700 ns, At safepoint: 3001 ns, Total: 21001 ns
[413.078s][info ][safepoint      ] Safepoint "Cleanup", Time since last: 3000263142 ns, Reaching safepoint: 7601 ns, Cleanup: 11400 ns, At safepoint: 2600 ns, Total: 21601 ns
[414.079s][info ][safepoint      ] Safepoint "Cleanup", Time since last: 1000104268 ns, Reaching safepoint: 8301 ns, Cleanup: 24800 ns, At safepoint: 2701 ns, Total: 35802 ns
[415.079s][info ][safepoint      ] Safepoint "Cleanup", Time since last: 1000116640 ns, Reaching safepoint: 8200 ns, Cleanup: 13000 ns, At safepoint: 3401 ns, Total: 24601 ns
[417.079s][info ][safepoint      ] Safepoint "Cleanup", Time since last: 2000206715 ns, Reaching safepoint: 8500 ns, Cleanup: 14501 ns, At safepoint: 2900 ns, Total: 25901 ns
[418.079s][info ][safepoint      ] Safepoint "Cleanup", Time since last: 1000122408 ns, Reaching safepoint: 7900 ns, Cleanup: 11401 ns, At safepoint: 2400 ns, Total: 21701 ns
[419.079s][info ][safepoint      ] Safepoint "Cleanup", Time since last: 1000119008 ns, Reaching safepoint: 7800 ns, Cleanup: 11400 ns, At safepoint: 2400 ns, Total: 21600 ns
[420.079s][info ][safepoint      ] Safepoint "Cleanup", Time since last: 1000121909 ns, Reaching safepoint: 8000 ns, Cleanup: 19201 ns, At safepoint: 2300 ns, Total: 29501 ns
[422.159s][info ][safepoint      ] Safepoint "Cleanup", Time since last: 2079447635 ns, Reaching safepoint: 8100 ns, Cleanup: 8201 ns, At safepoint: 2400 ns, Total: 18701 ns
[423.159s][info ][safepoint      ] Safepoint "Cleanup", Time since last: 1000115239 ns, Reaching safepoint: 7701 ns, Cleanup: 11000 ns, At safepoint: 2600 ns, Total: 21301 ns
[424.159s][info ][safepoint      ] Safepoint "Cleanup", Time since last: 1000116168 ns, Reaching safepoint: 7200 ns, Cleanup: 10100 ns, At safepoint: 2800 ns, Total: 20100 ns
[425.159s][info ][safepoint      ] Safepoint "Cleanup", Time since last: 1000121268 ns, Reaching safepoint: 6501 ns, Cleanup: 10900 ns, At safepoint: 2600 ns, Total: 20001 ns
[427.159s][info ][safepoint      ] Safepoint "Cleanup", Time since last: 2000189134 ns, Reaching safepoint: 7400 ns, Cleanup: 10200 ns, At safepoint: 32101 ns, Total: 49701 ns
[429.160s][info ][safepoint      ] Safepoint "Cleanup", Time since last: 2000175034 ns, Reaching safepoint: 7400 ns, Cleanup: 7400 ns, At safepoint: 2801 ns, Total: 17601 ns
[430.160s][info ][safepoint      ] Safepoint "Cleanup", Time since last: 1000116667 ns, Reaching safepoint: 6900 ns, Cleanup: 10701 ns, At safepoint: 2900 ns, Total: 20501 ns
[431.160s][info ][safepoint      ] Safepoint "Cleanup", Time since last: 1000095402 ns, Reaching safepoint: 80702 ns, Cleanup: 14601 ns, At safepoint: 9900 ns, Total: 105203 ns
[432.160s][info ][safepoint      ] Safepoint "Cleanup", Time since last: 1000135096 ns, Reaching safepoint: 6701 ns, Cleanup: 19400 ns, At safepoint: 1900 ns, Total: 28001 ns
[433.160s][info ][safepoint      ] Safepoint "Cleanup", Time since last: 1000113196 ns, Reaching safepoint: 6600 ns, Cleanup: 13800 ns, At safepoint: 2300 ns, Total: 22700 ns
[435.160s][info ][safepoint      ] Safepoint "Cleanup", Time since last: 2000194691 ns, Reaching safepoint: 7300 ns, Cleanup: 17700 ns, At safepoint: 2200 ns, Total: 27200 ns
[436.161s][info ][safepoint      ] Safepoint "Cleanup", Time since last: 1000088463 ns, Reaching safepoint: 6300 ns, Cleanup: 12900 ns, At safepoint: 2500 ns, Total: 21700 ns
[438.161s][info ][safepoint      ] Safepoint "Cleanup", Time since last: 2000187001 ns, Reaching safepoint: 7500 ns, Cleanup: 12601 ns, At safepoint: 3200 ns, Total: 23301 ns
[442.161s][info ][safepoint      ] Safepoint "Cleanup", Time since last: 4000343566 ns, Reaching safepoint: 9701 ns, Cleanup: 12600 ns, At safepoint: 2500 ns, Total: 24801 ns
[445.161s][info ][safepoint      ] Safepoint "Cleanup", Time since last: 3000262371 ns, Reaching safepoint: 8901 ns, Cleanup: 32701 ns, At safepoint: 3100 ns, Total: 44702 ns
[446.109s][info ][gc,start       ] GC(18) Pause Young (Allocation Failure)
[446.202s][debug][gc,phases      ] GC(18) Scavenge 92.067ms
[446.202s][debug][gc,ref         ] GC(18) ReferenceProcessor::execute queues: 4, RefProcThreadModel::Multi, marks_oops_alive: false
[446.203s][debug][gc,ref         ] GC(18) Skipped KeepAliveFinalRefsPhase of Reference Processing: no references
[446.203s][debug][gc,ref         ] GC(18) ReferenceProcessor::execute queues: 1, RefProcThreadModel::Single, marks_oops_alive: false
[446.203s][debug][gc,phases      ] GC(18) Reference Processing 1.030ms
[446.204s][debug][gc,phases      ] GC(18)   VM Weak                        Min:  0.0, Avg:  0.0, Max:  0.0, Diff:  0.0, Sum:  0.0, Workers: 4
[446.204s][debug][gc,phases      ] GC(18)     Dead                           Min: 0, Avg:  0.0, Max: 0, Diff: 0, Sum: 0, Workers: 4
[446.204s][debug][gc,phases      ] GC(18)     Total                          Min: 0, Avg: 226.0, Max: 512, Diff: 512, Sum: 904, Workers: 4
[446.204s][debug][gc,phases      ] GC(18)   ObjectSynchronizer Weak        Min:  0.0, Avg:  0.0, Max:  0.0, Diff:  0.0, Sum:  0.0, Workers: 4
[446.204s][debug][gc,phases      ] GC(18)     Dead                           Min: 0, Avg:  0.0, Max: 0, Diff: 0, Sum: 0, Workers: 4
[446.204s][debug][gc,phases      ] GC(18)     Total                          Min: 0, Avg:  1.0, Max: 4, Diff: 4, Sum: 4, Workers: 4
[446.204s][debug][gc,phases      ] GC(18)   JVMTI Tag Weak OopStorage      Min:  0.0, Avg:  0.0, Max:  0.0, Diff:  0.0, Sum:  0.0, Workers: 4
[446.204s][debug][gc,phases      ] GC(18)     Dead                           Min: 0, Avg:  0.0, Max: 0, Diff: 0, Sum: 0, Workers: 4
[446.204s][debug][gc,phases      ] GC(18)     Total                          Min: 0, Avg:  0.0, Max: 0, Diff: 0, Sum: 0, Workers: 4
[446.204s][debug][gc,phases      ] GC(18)   StringTable Weak               Min:  0.0, Avg:  0.5, Max:  0.7, Diff:  0.7, Sum:  2.0, Workers: 4
[446.204s][debug][gc,phases      ] GC(18)     Dead                           Min: 0, Avg:  0.0, Max: 0, Diff: 0, Sum: 0, Workers: 4
[446.204s][debug][gc,phases      ] GC(18)     Total                          Min: 0, Avg: 11909.2, Max: 17792, Diff: 17792, Sum: 47637, Workers: 4
[446.204s][debug][gc,phases      ] GC(18)   ResolvedMethodTable Weak       Min:  0.0, Avg:  0.2, Max:  0.2, Diff:  0.2, Sum:  0.6, Workers: 4
[446.204s][debug][gc,phases      ] GC(18)     Dead                           Min: 0, Avg:  0.0, Max: 0, Diff: 0, Sum: 0, Workers: 4
[446.204s][debug][gc,phases      ] GC(18)     Total                          Min: 0, Avg: 3197.5, Max: 4827, Diff: 4827, Sum: 12790, Workers: 4
[446.204s][debug][gc,phases      ] GC(18)   JNI Weak                       Min:  0.0, Avg:  0.0, Max:  0.0, Diff:  0.0, Sum:  0.0, Workers: 4
[446.204s][debug][gc,phases      ] GC(18)     Dead                           Min: 0, Avg:  0.0, Max: 0, Diff: 0, Sum: 0, Workers: 4
[446.204s][debug][gc,phases      ] GC(18)     Total                          Min: 0, Avg: 12.0, Max: 48, Diff: 48, Sum: 48, Workers: 4
[446.204s][debug][gc,phases      ] GC(18)   StringDedup Table Weak         Min:  0.0, Avg:  0.0, Max:  0.0, Diff:  0.0, Sum:  0.0, Workers: 4
[446.204s][debug][gc,phases      ] GC(18)     Dead                           Min: 0, Avg:  0.0, Max: 0, Diff: 0, Sum: 0, Workers: 4
[446.204s][debug][gc,phases      ] GC(18)     Total                          Min: 0, Avg:  0.0, Max: 0, Diff: 0, Sum: 0, Workers: 4
[446.204s][debug][gc,phases      ] GC(18)   StringDedup Requests0 Weak     Min:  0.0, Avg:  0.0, Max:  0.0, Diff:  0.0, Sum:  0.0, Workers: 4
[446.204s][debug][gc,phases      ] GC(18)     Dead                           Min: 0, Avg:  0.0, Max: 0, Diff: 0, Sum: 0, Workers: 4
[446.204s][debug][gc,phases      ] GC(18)     Total                          Min: 0, Avg:  0.0, Max: 0, Diff: 0, Sum: 0, Workers: 4
[446.204s][debug][gc,phases      ] GC(18)   StringDedup Requests1 Weak     Min:  0.0, Avg:  0.0, Max:  0.0, Diff:  0.0, Sum:  0.0, Workers: 4
[446.204s][debug][gc,phases      ] GC(18)     Dead                           Min: 0, Avg:  0.0, Max: 0, Diff: 0, Sum: 0, Workers: 4
[446.204s][debug][gc,phases      ] GC(18)     Total                          Min: 0, Avg:  0.0, Max: 0, Diff: 0, Sum: 0, Workers: 4
[446.204s][debug][gc,phases      ] GC(18)   Weak JFR Old Object Samples    Min:  0.0, Avg:  0.0, Max:  0.0, Diff:  0.0, Sum:  0.0, Workers: 4
[446.204s][debug][gc,phases      ] GC(18)     Dead                           Min: 0, Avg:  0.0, Max: 0, Diff: 0, Sum: 0, Workers: 4
[446.204s][debug][gc,phases      ] GC(18)     Total                          Min: 0, Avg:  0.0, Max: 0, Diff: 0, Sum: 0, Workers: 4
[446.204s][debug][gc,phases      ] GC(18) Weak Processing 1.192ms
[446.204s][debug][gc,age         ] GC(18) Desired survivor size 334495744 bytes, new threshold 13 (max threshold 15)
[446.204s][info ][gc,heap        ] GC(18) PSYoungGen: 1719925K(1720320K)->246064K(1762304K) Eden: 1478656K(1478656K)->0K(1443840K) From: 241269K(241664K)->246064K(318464K)
[446.204s][info ][gc,heap        ] GC(18) ParOldGen: 39443K(76800K)->39451K(76800K)
[446.204s][info ][gc,metaspace   ] GC(18) Metaspace: 93134K(94336K)->93134K(94336K) NonClass: 79365K(80064K)->79365K(80064K) Class: 13768K(14272K)->13768K(14272K)
[446.204s][info ][gc             ] GC(18) Pause Young (Allocation Failure) 1718M->278M(1796M) 94.460ms
[446.204s][info ][gc,cpu         ] GC(18) User=0.33s Sys=0.00s Real=0.09s
[446.204s][info ][safepoint      ] Safepoint "ParallelGCFailedAllocation", Time since last: 947854007 ns, Reaching safepoint: 7800 ns, Cleanup: 22801 ns, At safepoint: 94558943 ns, Total: 94589544 ns
[447.204s][info ][safepoint      ] Safepoint "Cleanup", Time since last: 1000087167 ns, Reaching safepoint: 7800 ns, Cleanup: 8600 ns, At safepoint: 2501 ns, Total: 18901 ns
[448.204s][info ][safepoint      ] Safepoint "Cleanup", Time since last: 1000098109 ns, Reaching safepoint: 7801 ns, Cleanup: 10300 ns, At safepoint: 2900 ns, Total: 21001 ns
[449.204s][info ][safepoint      ] Safepoint "Cleanup", Time since last: 1000110210 ns, Reaching safepoint: 8100 ns, Cleanup: 13901 ns, At safepoint: 2600 ns, Total: 24601 ns
[450.204s][info ][safepoint      ] Safepoint "Cleanup", Time since last: 1000114810 ns, Reaching safepoint: 7100 ns, Cleanup: 13601 ns, At safepoint: 2300 ns, Total: 23001 ns
[453.205s][info ][safepoint      ] Safepoint "Cleanup", Time since last: 3000251628 ns, Reaching safepoint: 7200 ns, Cleanup: 28701 ns, At safepoint: 2700 ns, Total: 38601 ns
[454.205s][info ][safepoint      ] Safepoint "Cleanup", Time since last: 1000118715 ns, Reaching safepoint: 10400 ns, Cleanup: 20301 ns, At safepoint: 2500 ns, Total: 33201 ns
[455.205s][info ][safepoint      ] Safepoint "Cleanup", Time since last: 1000120393 ns, Reaching safepoint: 7000 ns, Cleanup: 8200 ns, At safepoint: 2300 ns, Total: 17500 ns
[456.205s][info ][safepoint      ] Safepoint "Cleanup", Time since last: 1000130714 ns, Reaching safepoint: 7400 ns, Cleanup: 15001 ns, At safepoint: 2300 ns, Total: 24701 ns
[457.205s][info ][safepoint      ] Safepoint "Cleanup", Time since last: 1000112513 ns, Reaching safepoint: 7500 ns, Cleanup: 14301 ns, At safepoint: 2900 ns, Total: 24701 ns
[458.205s][info ][safepoint      ] Safepoint "Cleanup", Time since last: 1000139114 ns, Reaching safepoint: 8101 ns, Cleanup: 13800 ns, At safepoint: 27601 ns, Total: 49502 ns
[459.206s][info ][safepoint      ] Safepoint "Cleanup", Time since last: 1000119813 ns, Reaching safepoint: 7601 ns, Cleanup: 11000 ns, At safepoint: 2600 ns, Total: 21201 ns
[461.206s][info ][safepoint      ] Safepoint "Cleanup", Time since last: 2000170425 ns, Reaching safepoint: 9800 ns, Cleanup: 11601 ns, At safepoint: 2900 ns, Total: 24301 ns
[463.206s][info ][safepoint      ] Safepoint "Cleanup", Time since last: 2000188736 ns, Reaching safepoint: 7801 ns, Cleanup: 13900 ns, At safepoint: 2500 ns, Total: 24201 ns
[465.206s][info ][safepoint      ] Safepoint "Cleanup", Time since last: 2000180814 ns, Reaching safepoint: 7900 ns, Cleanup: 16001 ns, At safepoint: 2200 ns, Total: 26101 ns
[467.206s][info ][safepoint      ] Safepoint "Cleanup", Time since last: 2000168814 ns, Reaching safepoint: 6900 ns, Cleanup: 10100 ns, At safepoint: 3000 ns, Total: 20000 ns
[468.207s][info ][safepoint      ] Safepoint "Cleanup", Time since last: 1000122408 ns, Reaching safepoint: 10201 ns, Cleanup: 16200 ns, At safepoint: 6200 ns, Total: 32601 ns
[469.207s][info ][safepoint      ] Safepoint "Cleanup", Time since last: 1000112608 ns, Reaching safepoint: 6800 ns, Cleanup: 12101 ns, At safepoint: 2800 ns, Total: 21701 ns
[470.207s][info ][safepoint      ] Safepoint "Cleanup", Time since last: 1000113407 ns, Reaching safepoint: 7501 ns, Cleanup: 9800 ns, At safepoint: 2700 ns, Total: 20001 ns
[471.207s][info ][safepoint      ] Safepoint "Cleanup", Time since last: 1000113640 ns, Reaching safepoint: 7301 ns, Cleanup: 12800 ns, At safepoint: 2100 ns, Total: 22201 ns
[474.207s][info ][safepoint      ] Safepoint "Cleanup", Time since last: 3000203513 ns, Reaching safepoint: 9200 ns, Cleanup: 11700 ns, At safepoint: 3100 ns, Total: 24000 ns
[475.207s][info ][safepoint      ] Safepoint "Cleanup", Time since last: 1000117373 ns, Reaching safepoint: 17900 ns, Cleanup: 10200 ns, At safepoint: 2501 ns, Total: 30601 ns
[476.208s][info ][safepoint      ] Safepoint "Cleanup", Time since last: 1000116872 ns, Reaching safepoint: 7100 ns, Cleanup: 13200 ns, At safepoint: 2101 ns, Total: 22401 ns
[477.208s][info ][safepoint      ] Safepoint "Cleanup", Time since last: 1000113272 ns, Reaching safepoint: 7800 ns, Cleanup: 10200 ns, At safepoint: 5800 ns, Total: 23800 ns
[478.208s][info ][safepoint      ] Safepoint "Cleanup", Time since last: 1000119340 ns, Reaching safepoint: 9200 ns, Cleanup: 11501 ns, At safepoint: 2800 ns, Total: 23501 ns
[479.208s][info ][safepoint      ] Safepoint "Cleanup", Time since last: 1000127476 ns, Reaching safepoint: 7900 ns, Cleanup: 12901 ns, At safepoint: 2900 ns, Total: 23701 ns
[481.175s][info ][safepoint      ] Safepoint "Cleanup", Time since last: 1967030075 ns, Reaching safepoint: 8401 ns, Cleanup: 26600 ns, At safepoint: 2200 ns, Total: 37201 ns
[482.175s][info ][safepoint      ] Safepoint "Cleanup", Time since last: 1000118344 ns, Reaching safepoint: 9500 ns, Cleanup: 19500 ns, At safepoint: 2801 ns, Total: 31801 ns
[483.959s][info ][safepoint      ] Safepoint "ICBufferFull", Time since last: 1783280582 ns, Reaching safepoint: 94703 ns, Cleanup: 175605 ns, At safepoint: 8500 ns, Total: 278808 ns
[484.339s][info ][safepoint      ] Safepoint "ParallelGCFailedAllocation", Time since last: 380213374 ns, Reaching safepoint: 82902 ns, Cleanup: 114404 ns, At safepoint: 15600 ns, Total: 212906 ns
[484.339s][info ][gc,start       ] GC(19) Pause Young (GCLocker Initiated GC)
[484.444s][debug][gc,phases      ] GC(19) Scavenge 104.442ms
[484.444s][debug][gc,ref         ] GC(19) ReferenceProcessor::execute queues: 4, RefProcThreadModel::Multi, marks_oops_alive: false
[484.445s][debug][gc,ref         ] GC(19) Skipped KeepAliveFinalRefsPhase of Reference Processing: no references
[484.445s][debug][gc,ref         ] GC(19) ReferenceProcessor::execute queues: 1, RefProcThreadModel::Single, marks_oops_alive: false
[484.445s][debug][gc,phases      ] GC(19) Reference Processing 0.714ms
[484.445s][debug][gc,phases      ] GC(19)   VM Weak                        Min:  0.0, Avg:  0.0, Max:  0.0, Diff:  0.0, Sum:  0.0, Workers: 4
[484.445s][debug][gc,phases      ] GC(19)     Dead                           Min: 0, Avg:  0.0, Max: 0, Diff: 0, Sum: 0, Workers: 4
[484.445s][debug][gc,phases      ] GC(19)     Total                          Min: 128, Avg: 233.2, Max: 320, Diff: 192, Sum: 933, Workers: 4
[484.445s][debug][gc,phases      ] GC(19)   ObjectSynchronizer Weak        Min:  0.0, Avg:  0.0, Max:  0.0, Diff:  0.0, Sum:  0.0, Workers: 4
[484.445s][debug][gc,phases      ] GC(19)     Dead                           Min: 0, Avg:  0.0, Max: 0, Diff: 0, Sum: 0, Workers: 4
[484.445s][debug][gc,phases      ] GC(19)     Total                          Min: 0, Avg:  1.2, Max: 5, Diff: 5, Sum: 5, Workers: 4
[484.445s][debug][gc,phases      ] GC(19)   JVMTI Tag Weak OopStorage      Min:  0.0, Avg:  0.0, Max:  0.0, Diff:  0.0, Sum:  0.0, Workers: 4
[484.445s][debug][gc,phases      ] GC(19)     Dead                           Min: 0, Avg:  0.0, Max: 0, Diff: 0, Sum: 0, Workers: 4
[484.445s][debug][gc,phases      ] GC(19)     Total                          Min: 0, Avg:  0.0, Max: 0, Diff: 0, Sum: 0, Workers: 4
[484.445s][debug][gc,phases      ] GC(19)   StringTable Weak               Min:  0.5, Avg:  0.5, Max:  0.5, Diff:  0.0, Sum:  1.9, Workers: 4
[484.445s][debug][gc,phases      ] GC(19)     Dead                           Min: 0, Avg:  1.2, Max: 5, Diff: 5, Sum: 5, Workers: 4
[484.445s][debug][gc,phases      ] GC(19)     Total                          Min: 10880, Avg: 11934.2, Max: 12928, Diff: 2048, Sum: 47737, Workers: 4
[484.445s][debug][gc,phases      ] GC(19)   ResolvedMethodTable Weak       Min:  0.2, Avg:  0.2, Max:  0.2, Diff:  0.0, Sum:  0.8, Workers: 4
[484.445s][debug][gc,phases      ] GC(19)     Dead                           Min: 1, Avg: 11.2, Max: 21, Diff: 20, Sum: 45, Workers: 4
[484.445s][debug][gc,phases      ] GC(19)     Total                          Min: 1280, Avg: 3248.8, Max: 4634, Diff: 3354, Sum: 12995, Workers: 4
[484.445s][debug][gc,phases      ] GC(19)   JNI Weak                       Min:  0.0, Avg:  0.0, Max:  0.0, Diff:  0.0, Sum:  0.0, Workers: 4
[484.445s][debug][gc,phases      ] GC(19)     Dead                           Min: 0, Avg:  0.0, Max: 0, Diff: 0, Sum: 0, Workers: 4
[484.445s][debug][gc,phases      ] GC(19)     Total                          Min: 0, Avg: 12.5, Max: 50, Diff: 50, Sum: 50, Workers: 4
[484.445s][debug][gc,phases      ] GC(19)   StringDedup Table Weak         Min:  0.0, Avg:  0.0, Max:  0.0, Diff:  0.0, Sum:  0.0, Workers: 4
[484.445s][debug][gc,phases      ] GC(19)     Dead                           Min: 0, Avg:  0.0, Max: 0, Diff: 0, Sum: 0, Workers: 4
[484.445s][debug][gc,phases      ] GC(19)     Total                          Min: 0, Avg:  0.0, Max: 0, Diff: 0, Sum: 0, Workers: 4
[484.445s][debug][gc,phases      ] GC(19)   StringDedup Requests0 Weak     Min:  0.0, Avg:  0.0, Max:  0.0, Diff:  0.0, Sum:  0.0, Workers: 4
[484.445s][debug][gc,phases      ] GC(19)     Dead                           Min: 0, Avg:  0.0, Max: 0, Diff: 0, Sum: 0, Workers: 4
[484.445s][debug][gc,phases      ] GC(19)     Total                          Min: 0, Avg:  0.0, Max: 0, Diff: 0, Sum: 0, Workers: 4
[484.445s][debug][gc,phases      ] GC(19)   StringDedup Requests1 Weak     Min:  0.0, Avg:  0.0, Max:  0.0, Diff:  0.0, Sum:  0.0, Workers: 4
[484.446s][debug][gc,phases      ] GC(19)     Dead                           Min: 0, Avg:  0.0, Max: 0, Diff: 0, Sum: 0, Workers: 4
[484.446s][debug][gc,phases      ] GC(19)     Total                          Min: 0, Avg:  0.0, Max: 0, Diff: 0, Sum: 0, Workers: 4
[484.446s][debug][gc,phases      ] GC(19)   Weak JFR Old Object Samples    Min:  0.0, Avg:  0.0, Max:  0.0, Diff:  0.0, Sum:  0.0, Workers: 4
[484.446s][debug][gc,phases      ] GC(19)     Dead                           Min: 0, Avg:  0.0, Max: 0, Diff: 0, Sum: 0, Workers: 4
[484.446s][debug][gc,phases      ] GC(19)     Total                          Min: 0, Avg:  0.0, Max: 0, Diff: 0, Sum: 0, Workers: 4
[484.446s][debug][gc,phases      ] GC(19) Weak Processing 0.965ms
[484.446s][debug][gc,age         ] GC(19) Desired survivor size 335020032 bytes, new threshold 14 (max threshold 15)
[484.446s][info ][gc,heap        ] GC(19) PSYoungGen: 1689904K(1762304K)->230880K(1674752K) Eden: 1443840K(1443840K)->0K(1443840K) From: 246064K(318464K)->230880K(230912K)
[484.446s][info ][gc,heap        ] GC(19) ParOldGen: 39579K(76800K)->39587K(76800K)
[484.446s][info ][gc,metaspace   ] GC(19) Metaspace: 93487K(94656K)->93487K(94656K) NonClass: 79654K(80320K)->79654K(80320K) Class: 13833K(14336K)->13833K(14336K)
[484.446s][info ][gc             ] GC(19) Pause Young (GCLocker Initiated GC) 1688M->264M(1710M) 106.273ms
[484.446s][info ][gc,cpu         ] GC(19) User=0.39s Sys=0.00s Real=0.11s
[484.446s][info ][safepoint      ] Safepoint "ParallelGCSystemGC", Time since last: 72003 ns, Reaching safepoint: 73902 ns, Cleanup: 800 ns, At safepoint: 106361837 ns, Total: 106436539 ns
[485.446s][info ][safepoint      ] Safepoint "Cleanup", Time since last: 1000085343 ns, Reaching safepoint: 78702 ns, Cleanup: 121604 ns, At safepoint: 10600 ns, Total: 210906 ns
[486.446s][info ][safepoint      ] Safepoint "Cleanup", Time since last: 1000107944 ns, Reaching safepoint: 82203 ns, Cleanup: 72702 ns, At safepoint: 11200 ns, Total: 166105 ns
[487.446s][info ][safepoint      ] Safepoint "Cleanup", Time since last: 1000052866 ns, Reaching safepoint: 8201 ns, Cleanup: 22700 ns, At safepoint: 2700 ns, Total: 33601 ns
[488.446s][info ][safepoint      ] Safepoint "Cleanup", Time since last: 1000112968 ns, Reaching safepoint: 10501 ns, Cleanup: 24900 ns, At safepoint: 4400 ns, Total: 39801 ns
[489.447s][info ][safepoint      ] Safepoint "Cleanup", Time since last: 1000110268 ns, Reaching safepoint: 8700 ns, Cleanup: 28601 ns, At safepoint: 3400 ns, Total: 40701 ns
[490.447s][info ][safepoint      ] Safepoint "Cleanup", Time since last: 1000143469 ns, Reaching safepoint: 8900 ns, Cleanup: 40902 ns, At safepoint: 2500 ns, Total: 52302 ns
[491.447s][info ][safepoint      ] Safepoint "Cleanup", Time since last: 1000100167 ns, Reaching safepoint: 9000 ns, Cleanup: 26301 ns, At safepoint: 2500 ns, Total: 37801 ns
[492.447s][info ][safepoint      ] Safepoint "Cleanup", Time since last: 1000063367 ns, Reaching safepoint: 8200 ns, Cleanup: 14600 ns, At safepoint: 2400 ns, Total: 25200 ns
[493.447s][info ][safepoint      ] Safepoint "Cleanup", Time since last: 1000123468 ns, Reaching safepoint: 10801 ns, Cleanup: 15300 ns, At safepoint: 2700 ns, Total: 28801 ns
[494.447s][info ][safepoint      ] Safepoint "Cleanup", Time since last: 1000115996 ns, Reaching safepoint: 11500 ns, Cleanup: 11801 ns, At safepoint: 2400 ns, Total: 25701 ns
[495.447s][info ][safepoint      ] Safepoint "Cleanup", Time since last: 1000135675 ns, Reaching safepoint: 9400 ns, Cleanup: 9100 ns, At safepoint: 3501 ns, Total: 22001 ns
[496.448s][info ][safepoint      ] Safepoint "Cleanup", Time since last: 1000118674 ns, Reaching safepoint: 9000 ns, Cleanup: 20101 ns, At safepoint: 3100 ns, Total: 32201 ns
[497.448s][info ][safepoint      ] Safepoint "Cleanup", Time since last: 1000117675 ns, Reaching safepoint: 7900 ns, Cleanup: 17800 ns, At safepoint: 2801 ns, Total: 28501 ns
[498.448s][info ][safepoint      ] Safepoint "Cleanup", Time since last: 1000114574 ns, Reaching safepoint: 8800 ns, Cleanup: 15601 ns, At safepoint: 3000 ns, Total: 27401 ns
[499.448s][info ][safepoint      ] Safepoint "Cleanup", Time since last: 1000114074 ns, Reaching safepoint: 8501 ns, Cleanup: 23200 ns, At safepoint: 2300 ns, Total: 34001 ns
[500.448s][info ][safepoint      ] Safepoint "Cleanup", Time since last: 1000109775 ns, Reaching safepoint: 8500 ns, Cleanup: 40301 ns, At safepoint: 7300 ns, Total: 56101 ns
[501.448s][info ][safepoint      ] Safepoint "Cleanup", Time since last: 1000125675 ns, Reaching safepoint: 6500 ns, Cleanup: 27201 ns, At safepoint: 2800 ns, Total: 36501 ns
[502.449s][info ][safepoint      ] Safepoint "Cleanup", Time since last: 1000115287 ns, Reaching safepoint: 8701 ns, Cleanup: 19600 ns, At safepoint: 3000 ns, Total: 31301 ns
[503.449s][info ][safepoint      ] Safepoint "Cleanup", Time since last: 1000119132 ns, Reaching safepoint: 8100 ns, Cleanup: 21501 ns, At safepoint: 2600 ns, Total: 32201 ns
[504.449s][info ][safepoint      ] Safepoint "Cleanup", Time since last: 1000124132 ns, Reaching safepoint: 8400 ns, Cleanup: 50402 ns, At safepoint: 2700 ns, Total: 61502 ns
[505.449s][info ][safepoint      ] Safepoint "Cleanup", Time since last: 1000110531 ns, Reaching safepoint: 7100 ns, Cleanup: 16201 ns, At safepoint: 4000 ns, Total: 27301 ns
[506.449s][info ][safepoint      ] Safepoint "Cleanup", Time since last: 1000109031 ns, Reaching safepoint: 7100 ns, Cleanup: 27901 ns, At safepoint: 2500 ns, Total: 37501 ns
[508.036s][info ][gc,start       ] GC(20) Pause Young (Allocation Failure)
[508.135s][debug][gc,phases      ] GC(20) Scavenge 99.205ms
[508.135s][debug][gc,ref         ] GC(20) ReferenceProcessor::execute queues: 4, RefProcThreadModel::Multi, marks_oops_alive: false
[508.136s][debug][gc,ref         ] GC(20) Skipped KeepAliveFinalRefsPhase of Reference Processing: no references
[508.136s][debug][gc,ref         ] GC(20) ReferenceProcessor::execute queues: 1, RefProcThreadModel::Single, marks_oops_alive: false
[508.136s][debug][gc,phases      ] GC(20) Reference Processing 0.960ms
[508.137s][debug][gc,phases      ] GC(20)   VM Weak                        Min:  0.0, Avg:  0.0, Max:  0.0, Diff:  0.0, Sum:  0.0, Workers: 4
[508.137s][debug][gc,phases      ] GC(20)     Dead                           Min: 0, Avg:  0.0, Max: 0, Diff: 0, Sum: 0, Workers: 4
[508.137s][debug][gc,phases      ] GC(20)     Total                          Min: 129, Avg: 240.2, Max: 384, Diff: 255, Sum: 961, Workers: 4
[508.137s][debug][gc,phases      ] GC(20)   ObjectSynchronizer Weak        Min:  0.0, Avg:  0.0, Max:  0.0, Diff:  0.0, Sum:  0.0, Workers: 4
[508.137s][debug][gc,phases      ] GC(20)     Dead                           Min: 0, Avg:  0.0, Max: 0, Diff: 0, Sum: 0, Workers: 4
[508.137s][debug][gc,phases      ] GC(20)     Total                          Min: 0, Avg:  1.2, Max: 5, Diff: 5, Sum: 5, Workers: 4
[508.137s][debug][gc,phases      ] GC(20)   JVMTI Tag Weak OopStorage      Min:  0.0, Avg:  0.0, Max:  0.0, Diff:  0.0, Sum:  0.0, Workers: 4
[508.137s][debug][gc,phases      ] GC(20)     Dead                           Min: 0, Avg:  0.0, Max: 0, Diff: 0, Sum: 0, Workers: 4
[508.137s][debug][gc,phases      ] GC(20)     Total                          Min: 0, Avg:  0.0, Max: 0, Diff: 0, Sum: 0, Workers: 4
[508.137s][debug][gc,phases      ] GC(20)   StringTable Weak               Min:  0.5, Avg:  0.5, Max:  0.5, Diff:  0.0, Sum:  2.2, Workers: 4
[508.137s][debug][gc,phases      ] GC(20)     Dead                           Min: 0, Avg:  0.5, Max: 1, Diff: 1, Sum: 2, Workers: 4
[508.137s][debug][gc,phases      ] GC(20)     Total                          Min: 10688, Avg: 11949.8, Max: 12992, Diff: 2304, Sum: 47799, Workers: 4
[508.137s][debug][gc,phases      ] GC(20)   ResolvedMethodTable Weak       Min:  0.1, Avg:  0.2, Max:  0.2, Diff:  0.0, Sum:  0.6, Workers: 4
[508.137s][debug][gc,phases      ] GC(20)     Dead                           Min: 0, Avg:  1.5, Max: 3, Diff: 3, Sum: 6, Workers: 4
[508.137s][debug][gc,phases      ] GC(20)     Total                          Min: 2854, Avg: 3273.8, Max: 3449, Diff: 595, Sum: 13095, Workers: 4
[508.137s][debug][gc,phases      ] GC(20)   JNI Weak                       Min:  0.0, Avg:  0.0, Max:  0.0, Diff:  0.0, Sum:  0.0, Workers: 4
[508.137s][debug][gc,phases      ] GC(20)     Dead                           Min: 0, Avg:  0.0, Max: 0, Diff: 0, Sum: 0, Workers: 4
[508.137s][debug][gc,phases      ] GC(20)     Total                          Min: 0, Avg: 12.0, Max: 48, Diff: 48, Sum: 48, Workers: 4
[508.137s][debug][gc,phases      ] GC(20)   StringDedup Table Weak         Min:  0.0, Avg:  0.0, Max:  0.0, Diff:  0.0, Sum:  0.0, Workers: 4
[508.137s][debug][gc,phases      ] GC(20)     Dead                           Min: 0, Avg:  0.0, Max: 0, Diff: 0, Sum: 0, Workers: 4
[508.137s][debug][gc,phases      ] GC(20)     Total                          Min: 0, Avg:  0.0, Max: 0, Diff: 0, Sum: 0, Workers: 4
[508.137s][debug][gc,phases      ] GC(20)   StringDedup Requests0 Weak     Min:  0.0, Avg:  0.0, Max:  0.0, Diff:  0.0, Sum:  0.0, Workers: 4
[508.137s][debug][gc,phases      ] GC(20)     Dead                           Min: 0, Avg:  0.0, Max: 0, Diff: 0, Sum: 0, Workers: 4
[508.137s][debug][gc,phases      ] GC(20)     Total                          Min: 0, Avg:  0.0, Max: 0, Diff: 0, Sum: 0, Workers: 4
[508.137s][debug][gc,phases      ] GC(20)   StringDedup Requests1 Weak     Min:  0.0, Avg:  0.0, Max:  0.0, Diff:  0.0, Sum:  0.0, Workers: 4
[508.137s][debug][gc,phases      ] GC(20)     Dead                           Min: 0, Avg:  0.0, Max: 0, Diff: 0, Sum: 0, Workers: 4
[508.137s][debug][gc,phases      ] GC(20)     Total                          Min: 0, Avg:  0.0, Max: 0, Diff: 0, Sum: 0, Workers: 4
[508.137s][debug][gc,phases      ] GC(20)   Weak JFR Old Object Samples    Min:  0.0, Avg:  0.0, Max:  0.0, Diff:  0.0, Sum:  0.0, Workers: 4
[508.137s][debug][gc,phases      ] GC(20)     Dead                           Min: 0, Avg:  0.0, Max: 0, Diff: 0, Sum: 0, Workers: 4
[508.137s][debug][gc,phases      ] GC(20)     Total                          Min: 0, Avg:  0.0, Max: 0, Diff: 0, Sum: 0, Workers: 4
[508.137s][debug][gc,phases      ] GC(20) Weak Processing 0.968ms
[508.137s][debug][gc,age         ] GC(20) Desired survivor size 346554368 bytes, new threshold 15 (max threshold 15)
[508.137s][info ][gc,heap        ] GC(20) PSYoungGen: 1674720K(1674752K)->263605K(1747456K) Eden: 1443840K(1443840K)->0K(1420288K) From: 230880K(230912K)->263605K(327168K)
[508.137s][info ][gc,heap        ] GC(20) ParOldGen: 39589K(76800K)->39597K(76800K)
[508.137s][info ][gc,metaspace   ] GC(20) Metaspace: 93835K(95040K)->93835K(95040K) NonClass: 79960K(80640K)->79960K(80640K) Class: 13874K(14400K)->13874K(14400K)
[508.137s][info ][gc             ] GC(20) Pause Young (Allocation Failure) 1674M->296M(1781M) 101.343ms
[508.137s][info ][gc,cpu         ] GC(20) User=0.35s Sys=0.01s Real=0.10s
[508.137s][info ][safepoint      ] Safepoint "ParallelGCFailedAllocation", Time since last: 1586436341 ns, Reaching safepoint: 81903 ns, Cleanup: 4000 ns, At safepoint: 101432767 ns, Total: 101518670 ns
[509.137s][info ][safepoint      ] Safepoint "Cleanup", Time since last: 1000101131 ns, Reaching safepoint: 87603 ns, Cleanup: 12601 ns, At safepoint: 7100 ns, Total: 107304 ns
[510.138s][info ][safepoint      ] Safepoint "Cleanup", Time since last: 1000123631 ns, Reaching safepoint: 85503 ns, Cleanup: 15901 ns, At safepoint: 6500 ns, Total: 107904 ns
[511.138s][info ][safepoint      ] Safepoint "Cleanup", Time since last: 1000121637 ns, Reaching safepoint: 84502 ns, Cleanup: 18501 ns, At safepoint: 7500 ns, Total: 110503 ns
[512.138s][info ][safepoint      ] Safepoint "Cleanup", Time since last: 1000135728 ns, Reaching safepoint: 85802 ns, Cleanup: 13901 ns, At safepoint: 7100 ns, Total: 106803 ns
[513.138s][info ][safepoint      ] Safepoint "Cleanup", Time since last: 1000123728 ns, Reaching safepoint: 81302 ns, Cleanup: 10100 ns, At safepoint: 7000 ns, Total: 98402 ns
[515.139s][info ][safepoint      ] Safepoint "Cleanup", Time since last: 2000203155 ns, Reaching safepoint: 82402 ns, Cleanup: 20700 ns, At safepoint: 6801 ns, Total: 109903 ns
[516.139s][info ][safepoint      ] Safepoint "Cleanup", Time since last: 1000130628 ns, Reaching safepoint: 82702 ns, Cleanup: 16200 ns, At safepoint: 7001 ns, Total: 105903 ns
[517.139s][info ][safepoint      ] Safepoint "Cleanup", Time since last: 1000122425 ns, Reaching safepoint: 78903 ns, Cleanup: 13200 ns, At safepoint: 5600 ns, Total: 97703 ns
[518.139s][info ][safepoint      ] Safepoint "Cleanup", Time since last: 1000141719 ns, Reaching safepoint: 80703 ns, Cleanup: 10200 ns, At safepoint: 5800 ns, Total: 96703 ns
[520.140s][info ][safepoint      ] Safepoint "Cleanup", Time since last: 2000186244 ns, Reaching safepoint: 82702 ns, Cleanup: 17801 ns, At safepoint: 10200 ns, Total: 110703 ns
[521.140s][info ][safepoint      ] Safepoint "Cleanup", Time since last: 1000124708 ns, Reaching safepoint: 83002 ns, Cleanup: 10901 ns, At safepoint: 6200 ns, Total: 100103 ns
[522.140s][info ][safepoint      ] Safepoint "Cleanup", Time since last: 1000134608 ns, Reaching safepoint: 93703 ns, Cleanup: 9300 ns, At safepoint: 11100 ns, Total: 114103 ns
[523.140s][info ][safepoint      ] Safepoint "Cleanup", Time since last: 1000124208 ns, Reaching safepoint: 8000 ns, Cleanup: 12500 ns, At safepoint: 2600 ns, Total: 23100 ns
[524.140s][info ][safepoint      ] Safepoint "Cleanup", Time since last: 1000118408 ns, Reaching safepoint: 83102 ns, Cleanup: 13701 ns, At safepoint: 9100 ns, Total: 105903 ns
[525.140s][info ][safepoint      ] Safepoint "Cleanup", Time since last: 1000065106 ns, Reaching safepoint: 8400 ns, Cleanup: 11501 ns, At safepoint: 2800 ns, Total: 22701 ns
[527.141s][info ][safepoint      ] Safepoint "Cleanup", Time since last: 2000198274 ns, Reaching safepoint: 8900 ns, Cleanup: 10201 ns, At safepoint: 2600 ns, Total: 21701 ns
[529.141s][info ][safepoint      ] Safepoint "Cleanup", Time since last: 2000191949 ns, Reaching safepoint: 9300 ns, Cleanup: 14100 ns, At safepoint: 3400 ns, Total: 26800 ns
[530.141s][info ][safepoint      ] Safepoint "Cleanup", Time since last: 1000101575 ns, Reaching safepoint: 7900 ns, Cleanup: 18701 ns, At safepoint: 2200 ns, Total: 28801 ns
[531.141s][info ][safepoint      ] Safepoint "Cleanup", Time since last: 1000118075 ns, Reaching safepoint: 7900 ns, Cleanup: 11200 ns, At safepoint: 2500 ns, Total: 21600 ns
[532.141s][info ][safepoint      ] Safepoint "Cleanup", Time since last: 1000134376 ns, Reaching safepoint: 78202 ns, Cleanup: 39001 ns, At safepoint: 5601 ns, Total: 122804 ns
[533.142s][info ][safepoint      ] Safepoint "Cleanup", Time since last: 1000115375 ns, Reaching safepoint: 8600 ns, Cleanup: 78802 ns, At safepoint: 2700 ns, Total: 90102 ns
[535.142s][info ][safepoint      ] Safepoint "Cleanup", Time since last: 2000185323 ns, Reaching safepoint: 83302 ns, Cleanup: 63102 ns, At safepoint: 7100 ns, Total: 153504 ns
[536.142s][info ][safepoint      ] Safepoint "Cleanup", Time since last: 1000110918 ns, Reaching safepoint: 10501 ns, Cleanup: 27101 ns, At safepoint: 2700 ns, Total: 40302 ns
[537.142s][info ][safepoint      ] Safepoint "Cleanup", Time since last: 1000126618 ns, Reaching safepoint: 8300 ns, Cleanup: 10001 ns, At safepoint: 2700 ns, Total: 21001 ns
[538.142s][info ][safepoint      ] Safepoint "Cleanup", Time since last: 1000120518 ns, Reaching safepoint: 9500 ns, Cleanup: 27901 ns, At safepoint: 3300 ns, Total: 40701 ns
[539.143s][info ][safepoint      ] Safepoint "Cleanup", Time since last: 1000086618 ns, Reaching safepoint: 18000 ns, Cleanup: 8401 ns, At safepoint: 2700 ns, Total: 29101 ns
[540.143s][info ][safepoint      ] Safepoint "Cleanup", Time since last: 1000113818 ns, Reaching safepoint: 8200 ns, Cleanup: 11000 ns, At safepoint: 2601 ns, Total: 21801 ns
[540.856s][info ][gc,start       ] GC(21) Pause Young (Allocation Failure)
[540.939s][debug][gc,phases      ] GC(21) Scavenge 83.230ms
[540.939s][debug][gc,ref         ] GC(21) ReferenceProcessor::execute queues: 4, RefProcThreadModel::Multi, marks_oops_alive: false
[540.940s][debug][gc,ref         ] GC(21) Skipped KeepAliveFinalRefsPhase of Reference Processing: no references
[540.940s][debug][gc,ref         ] GC(21) ReferenceProcessor::execute queues: 1, RefProcThreadModel::Single, marks_oops_alive: false
[540.940s][debug][gc,phases      ] GC(21) Reference Processing 0.811ms
[540.940s][debug][gc,phases      ] GC(21)   VM Weak                        Min:  0.0, Avg:  0.0, Max:  0.0, Diff:  0.0, Sum:  0.0, Workers: 4
[540.940s][debug][gc,phases      ] GC(21)     Dead                           Min: 0, Avg:  0.0, Max: 0, Diff: 0, Sum: 0, Workers: 4
[540.941s][debug][gc,phases      ] GC(21)     Total                          Min: 0, Avg: 240.5, Max: 450, Diff: 450, Sum: 962, Workers: 4
[540.941s][debug][gc,phases      ] GC(21)   ObjectSynchronizer Weak        Min:  0.0, Avg:  0.0, Max:  0.0, Diff:  0.0, Sum:  0.0, Workers: 4
[540.941s][debug][gc,phases      ] GC(21)     Dead                           Min: 0, Avg:  0.0, Max: 0, Diff: 0, Sum: 0, Workers: 4
[540.941s][debug][gc,phases      ] GC(21)     Total                          Min: 0, Avg:  1.0, Max: 4, Diff: 4, Sum: 4, Workers: 4
[540.941s][debug][gc,phases      ] GC(21)   JVMTI Tag Weak OopStorage      Min:  0.0, Avg:  0.0, Max:  0.0, Diff:  0.0, Sum:  0.0, Workers: 4
[540.941s][debug][gc,phases      ] GC(21)     Dead                           Min: 0, Avg:  0.0, Max: 0, Diff: 0, Sum: 0, Workers: 4
[540.941s][debug][gc,phases      ] GC(21)     Total                          Min: 0, Avg:  0.0, Max: 0, Diff: 0, Sum: 0, Workers: 4
[540.941s][debug][gc,phases      ] GC(21)   StringTable Weak               Min:  0.0, Avg:  0.4, Max:  0.6, Diff:  0.6, Sum:  1.7, Workers: 4
[540.941s][debug][gc,phases      ] GC(21)     Dead                           Min: 0, Avg:  0.2, Max: 1, Diff: 1, Sum: 1, Workers: 4
[540.941s][debug][gc,phases      ] GC(21)     Total                          Min: 0, Avg: 11954.5, Max: 20928, Diff: 20928, Sum: 47818, Workers: 4
[540.941s][debug][gc,phases      ] GC(21)   ResolvedMethodTable Weak       Min:  0.0, Avg:  0.1, Max:  0.2, Diff:  0.2, Sum:  0.5, Workers: 4
[540.941s][debug][gc,phases      ] GC(21)     Dead                           Min: 0, Avg:  4.2, Max: 17, Diff: 17, Sum: 17, Workers: 4
[540.941s][debug][gc,phases      ] GC(21)     Total                          Min: 0, Avg: 3277.8, Max: 5660, Diff: 5660, Sum: 13111, Workers: 4
[540.941s][debug][gc,phases      ] GC(21)   JNI Weak                       Min:  0.0, Avg:  0.0, Max:  0.0, Diff:  0.0, Sum:  0.0, Workers: 4
[540.941s][debug][gc,phases      ] GC(21)     Dead                           Min: 0, Avg:  0.0, Max: 0, Diff: 0, Sum: 0, Workers: 4
[540.941s][debug][gc,phases      ] GC(21)     Total                          Min: 0, Avg: 12.0, Max: 48, Diff: 48, Sum: 48, Workers: 4
[540.941s][debug][gc,phases      ] GC(21)   StringDedup Table Weak         Min:  0.0, Avg:  0.0, Max:  0.0, Diff:  0.0, Sum:  0.0, Workers: 4
[540.941s][debug][gc,phases      ] GC(21)     Dead                           Min: 0, Avg:  0.0, Max: 0, Diff: 0, Sum: 0, Workers: 4
[540.941s][debug][gc,phases      ] GC(21)     Total                          Min: 0, Avg:  0.0, Max: 0, Diff: 0, Sum: 0, Workers: 4
[540.941s][debug][gc,phases      ] GC(21)   StringDedup Requests0 Weak     Min:  0.0, Avg:  0.0, Max:  0.0, Diff:  0.0, Sum:  0.0, Workers: 4
[540.941s][debug][gc,phases      ] GC(21)     Dead                           Min: 0, Avg:  0.0, Max: 0, Diff: 0, Sum: 0, Workers: 4
[540.941s][debug][gc,phases      ] GC(21)     Total                          Min: 0, Avg:  0.0, Max: 0, Diff: 0, Sum: 0, Workers: 4
[540.941s][debug][gc,phases      ] GC(21)   StringDedup Requests1 Weak     Min:  0.0, Avg:  0.0, Max:  0.0, Diff:  0.0, Sum:  0.0, Workers: 4
[540.941s][debug][gc,phases      ] GC(21)     Dead                           Min: 0, Avg:  0.0, Max: 0, Diff: 0, Sum: 0, Workers: 4
[540.941s][debug][gc,phases      ] GC(21)     Total                          Min: 0, Avg:  0.0, Max: 0, Diff: 0, Sum: 0, Workers: 4
[540.941s][debug][gc,phases      ] GC(21)   Weak JFR Old Object Samples    Min:  0.0, Avg:  0.0, Max:  0.0, Diff:  0.0, Sum:  0.0, Workers: 4
[540.941s][debug][gc,phases      ] GC(21)     Dead                           Min: 0, Avg:  0.0, Max: 0, Diff: 0, Sum: 0, Workers: 4
[540.941s][debug][gc,phases      ] GC(21)     Total                          Min: 0, Avg:  0.0, Max: 0, Diff: 0, Sum: 0, Workers: 4
[540.941s][debug][gc,phases      ] GC(21) Weak Processing 0.983ms
[540.941s][debug][gc,age         ] GC(21) Desired survivor size 339214336 bytes, new threshold 15 (max threshold 15)
[540.941s][info ][gc,heap        ] GC(21) PSYoungGen: 1683734K(1747456K)->220818K(1758720K) Eden: 1420128K(1420288K)->0K(1420288K) From: 263605K(327168K)->220818K(338432K)
[540.941s][info ][gc,heap        ] GC(21) ParOldGen: 39597K(76800K)->39605K(76800K)
[540.941s][info ][gc,metaspace   ] GC(21) Metaspace: 93962K(95168K)->93962K(95168K) NonClass: 80081K(80768K)->80081K(80768K) Class: 13880K(14400K)->13880K(14400K)
[540.941s][info ][gc             ] GC(21) Pause Young (Allocation Failure) 1682M->254M(1792M) 85.185ms
[540.941s][info ][gc,cpu         ] GC(21) User=0.30s Sys=0.00s Real=0.09s
[540.941s][info ][safepoint      ] Safepoint "ParallelGCFailedAllocation", Time since last: 712689232 ns, Reaching safepoint: 88303 ns, Cleanup: 11300 ns, At safepoint: 85278836 ns, Total: 85378439 ns
[541.941s][info ][safepoint      ] Safepoint "Cleanup", Time since last: 1000120819 ns, Reaching safepoint: 9400 ns, Cleanup: 23001 ns, At safepoint: 3000 ns, Total: 35401 ns
[542.941s][info ][safepoint      ] Safepoint "Cleanup", Time since last: 1000109814 ns, Reaching safepoint: 8200 ns, Cleanup: 9900 ns, At safepoint: 3001 ns, Total: 21101 ns
[543.941s][info ][safepoint      ] Safepoint "Cleanup", Time since last: 1000117010 ns, Reaching safepoint: 7700 ns, Cleanup: 10400 ns, At safepoint: 2800 ns, Total: 20900 ns
[545.941s][info ][safepoint      ] Safepoint "Cleanup", Time since last: 2000138318 ns, Reaching safepoint: 7000 ns, Cleanup: 8900 ns, At safepoint: 2700 ns, Total: 18600 ns
[546.941s][info ][safepoint      ] Safepoint "Cleanup", Time since last: 1000111910 ns, Reaching safepoint: 7700 ns, Cleanup: 11301 ns, At safepoint: 2600 ns, Total: 21601 ns
[547.942s][info ][safepoint      ] Safepoint "Cleanup", Time since last: 1000110210 ns, Reaching safepoint: 155204 ns, Cleanup: 10801 ns, At safepoint: 11600 ns, Total: 177605 ns
[548.942s][info ][safepoint      ] Safepoint "Cleanup", Time since last: 1000107010 ns, Reaching safepoint: 7900 ns, Cleanup: 11300 ns, At safepoint: 2901 ns, Total: 22101 ns
[551.942s][info ][safepoint      ] Safepoint "Cleanup", Time since last: 3000217913 ns, Reaching safepoint: 75302 ns, Cleanup: 13400 ns, At safepoint: 13401 ns, Total: 102103 ns
[552.942s][info ][safepoint      ] Safepoint "Cleanup", Time since last: 1000104001 ns, Reaching safepoint: 7000 ns, Cleanup: 10601 ns, At safepoint: 2600 ns, Total: 20201 ns
[553.943s][info ][safepoint      ] Safepoint "Cleanup", Time since last: 1000128202 ns, Reaching safepoint: 8000 ns, Cleanup: 12800 ns, At safepoint: 3100 ns, Total: 23900 ns
[555.943s][info ][safepoint      ] Safepoint "Cleanup", Time since last: 2000154801 ns, Reaching safepoint: 10301 ns, Cleanup: 10500 ns, At safepoint: 3200 ns, Total: 24001 ns
[557.943s][info ][safepoint      ] Safepoint "Cleanup", Time since last: 2000182902 ns, Reaching safepoint: 5700 ns, Cleanup: 9400 ns, At safepoint: 2300 ns, Total: 17400 ns
[558.943s][info ][safepoint      ] Safepoint "Cleanup", Time since last: 1000116635 ns, Reaching safepoint: 7801 ns, Cleanup: 13400 ns, At safepoint: 2700 ns, Total: 23901 ns
[560.943s][info ][safepoint      ] Safepoint "Cleanup", Time since last: 2000163357 ns, Reaching safepoint: 16200 ns, Cleanup: 12201 ns, At safepoint: 2600 ns, Total: 31001 ns
[563.944s][info ][safepoint      ] Safepoint "Cleanup", Time since last: 3000265936 ns, Reaching safepoint: 7100 ns, Cleanup: 10900 ns, At safepoint: 2900 ns, Total: 20900 ns
[564.944s][info ][safepoint      ] Safepoint "Cleanup", Time since last: 1000120580 ns, Reaching safepoint: 5900 ns, Cleanup: 8000 ns, At safepoint: 2901 ns, Total: 16801 ns
[569.944s][info ][safepoint      ] Safepoint "Cleanup", Time since last: 5000383621 ns, Reaching safepoint: 7301 ns, Cleanup: 37201 ns, At safepoint: 2700 ns, Total: 47202 ns
[571.488s][info ][gc,start       ] GC(22) Pause Young (Allocation Failure)
[571.579s][debug][gc,phases      ] GC(22) Scavenge 90.972ms
[571.579s][debug][gc,ref         ] GC(22) ReferenceProcessor::execute queues: 4, RefProcThreadModel::Multi, marks_oops_alive: false
[571.580s][debug][gc,ref         ] GC(22) Skipped KeepAliveFinalRefsPhase of Reference Processing: no references
[571.580s][debug][gc,ref         ] GC(22) ReferenceProcessor::execute queues: 1, RefProcThreadModel::Single, marks_oops_alive: false
[571.580s][debug][gc,phases      ] GC(22) Reference Processing 0.803ms
[571.580s][debug][gc,phases      ] GC(22)   VM Weak                        Min:  0.0, Avg:  0.0, Max:  0.0, Diff:  0.0, Sum:  0.0, Workers: 4
[571.580s][debug][gc,phases      ] GC(22)     Dead                           Min: 0, Avg:  0.0, Max: 0, Diff: 0, Sum: 0, Workers: 4
[571.580s][debug][gc,phases      ] GC(22)     Total                          Min: 130, Avg: 240.5, Max: 384, Diff: 254, Sum: 962, Workers: 4
[571.580s][debug][gc,phases      ] GC(22)   ObjectSynchronizer Weak        Min:  0.0, Avg:  0.0, Max:  0.0, Diff:  0.0, Sum:  0.0, Workers: 4
[571.580s][debug][gc,phases      ] GC(22)     Dead                           Min: 0, Avg:  0.0, Max: 0, Diff: 0, Sum: 0, Workers: 4
[571.580s][debug][gc,phases      ] GC(22)     Total                          Min: 0, Avg:  1.0, Max: 4, Diff: 4, Sum: 4, Workers: 4
[571.580s][debug][gc,phases      ] GC(22)   JVMTI Tag Weak OopStorage      Min:  0.0, Avg:  0.0, Max:  0.0, Diff:  0.0, Sum:  0.0, Workers: 4
[571.580s][debug][gc,phases      ] GC(22)     Dead                           Min: 0, Avg:  0.0, Max: 0, Diff: 0, Sum: 0, Workers: 4
[571.580s][debug][gc,phases      ] GC(22)     Total                          Min: 0, Avg:  0.0, Max: 0, Diff: 0, Sum: 0, Workers: 4
[571.580s][debug][gc,phases      ] GC(22)   StringTable Weak               Min:  0.5, Avg:  0.5, Max:  0.5, Diff:  0.0, Sum:  2.0, Workers: 4
[571.580s][debug][gc,phases      ] GC(22)     Dead                           Min: 0, Avg:  0.2, Max: 1, Diff: 1, Sum: 1, Workers: 4
[571.580s][debug][gc,phases      ] GC(22)     Total                          Min: 10959, Avg: 11955.5, Max: 12736, Diff: 1777, Sum: 47822, Workers: 4
[571.580s][debug][gc,phases      ] GC(22)   ResolvedMethodTable Weak       Min:  0.1, Avg:  0.1, Max:  0.1, Diff:  0.0, Sum:  0.6, Workers: 4
[571.580s][debug][gc,phases      ] GC(22)     Dead                           Min: 0, Avg:  0.0, Max: 0, Diff: 0, Sum: 0, Workers: 4
[571.580s][debug][gc,phases      ] GC(22)     Total                          Min: 2939, Avg: 3279.0, Max: 3444, Diff: 505, Sum: 13116, Workers: 4
[571.580s][debug][gc,phases      ] GC(22)   JNI Weak                       Min:  0.0, Avg:  0.0, Max:  0.0, Diff:  0.0, Sum:  0.0, Workers: 4
[571.580s][debug][gc,phases      ] GC(22)     Dead                           Min: 0, Avg:  0.0, Max: 0, Diff: 0, Sum: 0, Workers: 4
[571.580s][debug][gc,phases      ] GC(22)     Total                          Min: 0, Avg: 12.0, Max: 48, Diff: 48, Sum: 48, Workers: 4
[571.581s][debug][gc,phases      ] GC(22)   StringDedup Table Weak         Min:  0.0, Avg:  0.0, Max:  0.0, Diff:  0.0, Sum:  0.0, Workers: 4
[571.581s][debug][gc,phases      ] GC(22)     Dead                           Min: 0, Avg:  0.0, Max: 0, Diff: 0, Sum: 0, Workers: 4
[571.581s][debug][gc,phases      ] GC(22)     Total                          Min: 0, Avg:  0.0, Max: 0, Diff: 0, Sum: 0, Workers: 4
[571.581s][debug][gc,phases      ] GC(22)   StringDedup Requests0 Weak     Min:  0.0, Avg:  0.0, Max:  0.0, Diff:  0.0, Sum:  0.0, Workers: 4
[571.581s][debug][gc,phases      ] GC(22)     Dead                           Min: 0, Avg:  0.0, Max: 0, Diff: 0, Sum: 0, Workers: 4
[571.581s][debug][gc,phases      ] GC(22)     Total                          Min: 0, Avg:  0.0, Max: 0, Diff: 0, Sum: 0, Workers: 4
[571.581s][debug][gc,phases      ] GC(22)   StringDedup Requests1 Weak     Min:  0.0, Avg:  0.0, Max:  0.0, Diff:  0.0, Sum:  0.0, Workers: 4
[571.581s][debug][gc,phases      ] GC(22)     Dead                           Min: 0, Avg:  0.0, Max: 0, Diff: 0, Sum: 0, Workers: 4
[571.581s][debug][gc,phases      ] GC(22)     Total                          Min: 0, Avg:  0.0, Max: 0, Diff: 0, Sum: 0, Workers: 4
[571.581s][debug][gc,phases      ] GC(22)   Weak JFR Old Object Samples    Min:  0.0, Avg:  0.0, Max:  0.0, Diff:  0.0, Sum:  0.0, Workers: 4
[571.581s][debug][gc,phases      ] GC(22)     Dead                           Min: 0, Avg:  0.0, Max: 0, Diff: 0, Sum: 0, Workers: 4
[571.581s][debug][gc,phases      ] GC(22)     Total                          Min: 0, Avg:  0.0, Max: 0, Diff: 0, Sum: 0, Workers: 4
[571.581s][debug][gc,phases      ] GC(22) Weak Processing 0.900ms
[571.581s][debug][gc,age         ] GC(22) Desired survivor size 331350016 bytes, new threshold 15 (max threshold 15)
[571.581s][info ][gc,heap        ] GC(22) PSYoungGen: 1641106K(1758720K)->218521K(1773568K) Eden: 1420288K(1420288K)->0K(1442304K) From: 220818K(338432K)->218521K(331264K)
[571.581s][info ][gc,heap        ] GC(22) ParOldGen: 39605K(76800K)->63837K(76800K)
[571.581s][info ][gc,metaspace   ] GC(22) Metaspace: 93999K(95232K)->93999K(95232K) NonClass: 80116K(80832K)->80116K(80832K) Class: 13883K(14400K)->13883K(14400K)
[571.581s][info ][gc             ] GC(22) Pause Young (Allocation Failure) 1641M->275M(1807M) 92.830ms
[571.581s][info ][gc,cpu         ] GC(22) User=0.33s Sys=0.01s Real=0.09s
[571.581s][debug][gc,phases      ] GC(23) Pre Compact 0.010ms
[571.581s][info ][gc,start       ] GC(23) Pause Full (Ergonomics)
[571.581s][info ][gc,phases,start] GC(23) Marking Phase
[571.677s][debug][gc,phases      ] GC(23) Par Mark 96.476ms
[571.677s][debug][gc,ref         ] GC(23) ReferenceProcessor::execute queues: 4, RefProcThreadModel::Multi, marks_oops_alive: false
[571.678s][debug][gc,ref         ] GC(23) Skipped KeepAliveFinalRefsPhase of Reference Processing: no references
[571.678s][debug][gc,ref         ] GC(23) ReferenceProcessor::execute queues: 1, RefProcThreadModel::Single, marks_oops_alive: false
[571.678s][debug][gc,phases      ] GC(23) Reference Processing 0.504ms
[571.678s][debug][gc,phases      ] GC(23)   VM Weak                        Min:  0.0, Avg:  0.0, Max:  0.0, Diff:  0.0, Sum:  0.0, Workers: 4
[571.678s][debug][gc,phases      ] GC(23)     Dead                           Min: 0, Avg:  0.0, Max: 0, Diff: 0, Sum: 0, Workers: 4
[571.678s][debug][gc,phases      ] GC(23)     Total                          Min: 128, Avg: 240.5, Max: 322, Diff: 194, Sum: 962, Workers: 4
[571.678s][debug][gc,phases      ] GC(23)   ObjectSynchronizer Weak        Min:  0.0, Avg:  0.0, Max:  0.0, Diff:  0.0, Sum:  0.0, Workers: 4
[571.678s][debug][gc,phases      ] GC(23)     Dead                           Min: 0, Avg:  0.0, Max: 0, Diff: 0, Sum: 0, Workers: 4
[571.678s][debug][gc,phases      ] GC(23)     Total                          Min: 0, Avg:  1.0, Max: 4, Diff: 4, Sum: 4, Workers: 4
[571.678s][debug][gc,phases      ] GC(23)   JVMTI Tag Weak OopStorage      Min:  0.0, Avg:  0.0, Max:  0.0, Diff:  0.0, Sum:  0.0, Workers: 4
[571.678s][debug][gc,phases      ] GC(23)     Dead                           Min: 0, Avg:  0.0, Max: 0, Diff: 0, Sum: 0, Workers: 4
[571.678s][debug][gc,phases      ] GC(23)     Total                          Min: 0, Avg:  0.0, Max: 0, Diff: 0, Sum: 0, Workers: 4
[571.678s][debug][gc,phases      ] GC(23)   StringTable Weak               Min:  0.2, Avg:  0.2, Max:  0.2, Diff:  0.0, Sum:  0.8, Workers: 4
[571.678s][debug][gc,phases      ] GC(23)     Dead                           Min: 0, Avg:  0.0, Max: 0, Diff: 0, Sum: 0, Workers: 4
[571.678s][debug][gc,phases      ] GC(23)     Total                          Min: 11008, Avg: 11955.5, Max: 12864, Diff: 1856, Sum: 47822, Workers: 4
[571.678s][debug][gc,phases      ] GC(23)   ResolvedMethodTable Weak       Min:  0.0, Avg:  0.0, Max:  0.1, Diff:  0.0, Sum:  0.2, Workers: 4
[571.678s][debug][gc,phases      ] GC(23)     Dead                           Min: 0, Avg:  0.0, Max: 0, Diff: 0, Sum: 0, Workers: 4
[571.678s][debug][gc,phases      ] GC(23)     Total                          Min: 2098, Avg: 3279.0, Max: 3736, Diff: 1638, Sum: 13116, Workers: 4
[571.678s][debug][gc,phases      ] GC(23)   JNI Weak                       Min:  0.0, Avg:  0.0, Max:  0.0, Diff:  0.0, Sum:  0.0, Workers: 4
[571.678s][debug][gc,phases      ] GC(23)     Dead                           Min: 0, Avg:  0.0, Max: 0, Diff: 0, Sum: 0, Workers: 4
[571.678s][debug][gc,phases      ] GC(23)     Total                          Min: 0, Avg: 12.0, Max: 48, Diff: 48, Sum: 48, Workers: 4
[571.678s][debug][gc,phases      ] GC(23)   StringDedup Table Weak         Min:  0.0, Avg:  0.0, Max:  0.0, Diff:  0.0, Sum:  0.0, Workers: 4
[571.678s][debug][gc,phases      ] GC(23)     Dead                           Min: 0, Avg:  0.0, Max: 0, Diff: 0, Sum: 0, Workers: 4
[571.678s][debug][gc,phases      ] GC(23)     Total                          Min: 0, Avg:  0.0, Max: 0, Diff: 0, Sum: 0, Workers: 4
[571.678s][debug][gc,phases      ] GC(23)   StringDedup Requests0 Weak     Min:  0.0, Avg:  0.0, Max:  0.0, Diff:  0.0, Sum:  0.0, Workers: 4
[571.678s][debug][gc,phases      ] GC(23)     Dead                           Min: 0, Avg:  0.0, Max: 0, Diff: 0, Sum: 0, Workers: 4
[571.678s][debug][gc,phases      ] GC(23)     Total                          Min: 0, Avg:  0.0, Max: 0, Diff: 0, Sum: 0, Workers: 4
[571.678s][debug][gc,phases      ] GC(23)   StringDedup Requests1 Weak     Min:  0.0, Avg:  0.0, Max:  0.0, Diff:  0.0, Sum:  0.0, Workers: 4
[571.678s][debug][gc,phases      ] GC(23)     Dead                           Min: 0, Avg:  0.0, Max: 0, Diff: 0, Sum: 0, Workers: 4
[571.678s][debug][gc,phases      ] GC(23)     Total                          Min: 0, Avg:  0.0, Max: 0, Diff: 0, Sum: 0, Workers: 4
[571.678s][debug][gc,phases      ] GC(23)   Weak JFR Old Object Samples    Min:  0.0, Avg:  0.0, Max:  0.0, Diff:  0.0, Sum:  0.0, Workers: 4
[571.678s][debug][gc,phases      ] GC(23)     Dead                           Min: 0, Avg:  0.0, Max: 0, Diff: 0, Sum: 0, Workers: 4
[571.678s][debug][gc,phases      ] GC(23)     Total                          Min: 0, Avg:  0.0, Max: 0, Diff: 0, Sum: 0, Workers: 4
[571.678s][debug][gc,phases      ] GC(23) Weak Processing 0.505ms
[571.678s][debug][gc,phases      ] GC(23) ClassLoaderData 0.156ms
[571.678s][debug][gc,phases      ] GC(23) Trigger cleanups 0.000ms
[571.710s][debug][gc,phases      ] GC(23) Class Unloading 32.012ms
[571.710s][debug][gc,phases      ] GC(23) Report Object Count 0.001ms
[571.710s][info ][gc,phases      ] GC(23) Marking Phase 129.613ms
[571.710s][info ][gc,phases,start] GC(23) Summary Phase
[571.710s][info ][gc,phases      ] GC(23) Summary Phase 0.012ms
[571.710s][info ][gc,phases,start] GC(23) Adjust Roots
[571.735s][info ][gc,phases      ] GC(23) Adjust Roots 24.387ms
[571.735s][info ][gc,phases,start] GC(23) Compaction Phase
[571.992s][info ][gc,phases      ] GC(23) Compaction Phase 257.196ms
[571.992s][info ][gc,phases,start] GC(23) Post Compact
[571.996s][info ][gc,phases      ] GC(23) Post Compact 3.593ms
[571.996s][info ][gc,heap        ] GC(23) PSYoungGen: 218521K(1773568K)->191053K(1773568K) Eden: 0K(1442304K)->0K(1442304K) From: 218521K(331264K)->191053K(331264K)
[571.996s][info ][gc,heap        ] GC(23) ParOldGen: 63837K(76800K)->76541K(134656K)
[571.996s][info ][gc,metaspace   ] GC(23) Metaspace: 93999K(95232K)->93999K(95232K) NonClass: 80116K(80832K)->80116K(80832K) Class: 13883K(14400K)->13883K(14400K)
[571.996s][info ][gc             ] GC(23) Pause Full (Ergonomics) 275M->261M(1863M) 415.140ms
[571.996s][info ][gc,cpu         ] GC(23) User=1.37s Sys=0.00s Real=0.41s
[571.996s][info ][safepoint      ] Safepoint "ParallelGCFailedAllocation", Time since last: 1543569919 ns, Reaching safepoint: 80802 ns, Cleanup: 40001 ns, At safepoint: 508116654 ns, Total: 508237457 ns
[573.996s][info ][safepoint      ] Safepoint "Cleanup", Time since last: 2000157625 ns, Reaching safepoint: 7901 ns, Cleanup: 16600 ns, At safepoint: 2800 ns, Total: 27301 ns
[575.996s][info ][safepoint      ] Safepoint "Cleanup", Time since last: 2000175507 ns, Reaching safepoint: 7200 ns, Cleanup: 11101 ns, At safepoint: 3000 ns, Total: 21301 ns
[576.996s][info ][safepoint      ] Safepoint "Cleanup", Time since last: 1000073202 ns, Reaching safepoint: 7600 ns, Cleanup: 20200 ns, At safepoint: 2700 ns, Total: 30500 ns
[577.997s][info ][safepoint      ] Safepoint "Cleanup", Time since last: 1000113103 ns, Reaching safepoint: 6101 ns, Cleanup: 10500 ns, At safepoint: 2000 ns, Total: 18601 ns
[578.997s][info ][safepoint      ] Safepoint "Cleanup", Time since last: 1000131004 ns, Reaching safepoint: 7700 ns, Cleanup: 15300 ns, At safepoint: 2600 ns, Total: 25600 ns
[579.997s][info ][safepoint      ] Safepoint "Cleanup", Time since last: 1000072802 ns, Reaching safepoint: 7700 ns, Cleanup: 11301 ns, At safepoint: 2300 ns, Total: 21301 ns
[581.997s][info ][safepoint      ] Safepoint "Cleanup", Time since last: 2000160004 ns, Reaching safepoint: 7000 ns, Cleanup: 10500 ns, At safepoint: 2600 ns, Total: 20100 ns
[584.997s][info ][safepoint      ] Safepoint "Cleanup", Time since last: 3000267233 ns, Reaching safepoint: 7700 ns, Cleanup: 12800 ns, At safepoint: 2300 ns, Total: 22800 ns
[585.997s][info ][safepoint      ] Safepoint "Cleanup", Time since last: 1000119905 ns, Reaching safepoint: 8300 ns, Cleanup: 12701 ns, At safepoint: 2500 ns, Total: 23501 ns
[586.998s][info ][safepoint      ] Safepoint "Cleanup", Time since last: 1000118405 ns, Reaching safepoint: 7200 ns, Cleanup: 11600 ns, At safepoint: 2800 ns, Total: 21600 ns
[587.998s][info ][safepoint      ] Safepoint "Cleanup", Time since last: 1000111405 ns, Reaching safepoint: 6700 ns, Cleanup: 13101 ns, At safepoint: 2500 ns, Total: 22301 ns
[595.998s][info ][safepoint      ] Safepoint "Cleanup", Time since last: 8000582944 ns, Reaching safepoint: 6801 ns, Cleanup: 10400 ns, At safepoint: 2600 ns, Total: 19801 ns
[596.998s][info ][safepoint      ] Safepoint "Cleanup", Time since last: 1000115681 ns, Reaching safepoint: 7301 ns, Cleanup: 12300 ns, At safepoint: 2100 ns, Total: 21701 ns
[601.209s][info ][safepoint      ] Safepoint "Cleanup", Time since last: 4210283702 ns, Reaching safepoint: 7200 ns, Cleanup: 10001 ns, At safepoint: 2700 ns, Total: 19901 ns
[602.209s][info ][safepoint      ] Safepoint "Cleanup", Time since last: 1000116796 ns, Reaching safepoint: 7100 ns, Cleanup: 11301 ns, At safepoint: 3000 ns, Total: 21401 ns
[603.209s][info ][safepoint      ] Safepoint "Cleanup", Time since last: 1000121496 ns, Reaching safepoint: 6300 ns, Cleanup: 23001 ns, At safepoint: 3400 ns, Total: 32701 ns
[604.209s][info ][safepoint      ] Safepoint "Cleanup", Time since last: 1000110796 ns, Reaching safepoint: 8301 ns, Cleanup: 13400 ns, At safepoint: 5200 ns, Total: 26901 ns
[605.209s][info ][safepoint      ] Safepoint "Cleanup", Time since last: 1000120497 ns, Reaching safepoint: 7500 ns, Cleanup: 14400 ns, At safepoint: 5900 ns, Total: 27800 ns
[606.209s][info ][safepoint      ] Safepoint "Cleanup", Time since last: 1000118497 ns, Reaching safepoint: 7100 ns, Cleanup: 11200 ns, At safepoint: 2500 ns, Total: 20800 ns
[607.210s][info ][safepoint      ] Safepoint "Cleanup", Time since last: 1000126867 ns, Reaching safepoint: 8901 ns, Cleanup: 13200 ns, At safepoint: 3300 ns, Total: 25401 ns
[608.210s][info ][safepoint      ] Safepoint "Cleanup", Time since last: 1000114861 ns, Reaching safepoint: 7500 ns, Cleanup: 11700 ns, At safepoint: 3000 ns, Total: 22200 ns
[609.210s][info ][safepoint      ] Safepoint "Cleanup", Time since last: 1000115061 ns, Reaching safepoint: 6900 ns, Cleanup: 23201 ns, At safepoint: 2600 ns, Total: 32701 ns
[610.210s][info ][safepoint      ] Safepoint "Cleanup", Time since last: 1000113961 ns, Reaching safepoint: 6900 ns, Cleanup: 21800 ns, At safepoint: 2300 ns, Total: 31000 ns
[611.210s][info ][safepoint      ] Safepoint "Cleanup", Time since last: 1000113561 ns, Reaching safepoint: 7500 ns, Cleanup: 21701 ns, At safepoint: 3200 ns, Total: 32401 ns
[612.936s][info ][gc,start       ] GC(24) Pause Young (Allocation Failure)
[613.033s][debug][gc,phases      ] GC(24) Scavenge 96.514ms
[613.033s][debug][gc,ref         ] GC(24) ReferenceProcessor::execute queues: 1, RefProcThreadModel::Single, marks_oops_alive: false
[613.033s][debug][gc,ref         ] GC(24) Skipped KeepAliveFinalRefsPhase of Reference Processing: no references
[613.033s][debug][gc,ref         ] GC(24) ReferenceProcessor::execute queues: 1, RefProcThreadModel::Single, marks_oops_alive: false
[613.033s][debug][gc,phases      ] GC(24) Reference Processing 0.221ms
[613.034s][debug][gc,phases      ] GC(24)   VM Weak                        Min:  0.0, Avg:  0.0, Max:  0.0, Diff:  0.0, Sum:  0.0, Workers: 4
[613.034s][debug][gc,phases      ] GC(24)     Dead                           Min: 0, Avg:  0.0, Max: 0, Diff: 0, Sum: 0, Workers: 4
[613.034s][debug][gc,phases      ] GC(24)     Total                          Min: 0, Avg: 240.5, Max: 576, Diff: 576, Sum: 962, Workers: 4
[613.034s][debug][gc,phases      ] GC(24)   ObjectSynchronizer Weak        Min:  0.0, Avg:  0.0, Max:  0.0, Diff:  0.0, Sum:  0.0, Workers: 4
[613.034s][debug][gc,phases      ] GC(24)     Dead                           Min: 0, Avg:  0.0, Max: 0, Diff: 0, Sum: 0, Workers: 4
[613.034s][debug][gc,phases      ] GC(24)     Total                          Min: 0, Avg:  1.0, Max: 4, Diff: 4, Sum: 4, Workers: 4
[613.034s][debug][gc,phases      ] GC(24)   JVMTI Tag Weak OopStorage      Min:  0.0, Avg:  0.0, Max:  0.0, Diff:  0.0, Sum:  0.0, Workers: 4
[613.034s][debug][gc,phases      ] GC(24)     Dead                           Min: 0, Avg:  0.0, Max: 0, Diff: 0, Sum: 0, Workers: 4
[613.034s][debug][gc,phases      ] GC(24)     Total                          Min: 0, Avg:  0.0, Max: 0, Diff: 0, Sum: 0, Workers: 4
[613.034s][debug][gc,phases      ] GC(24)   StringTable Weak               Min:  0.4, Avg:  0.4, Max:  0.4, Diff:  0.0, Sum:  1.7, Workers: 4
[613.034s][debug][gc,phases      ] GC(24)     Dead                           Min: 0, Avg:  0.2, Max: 1, Diff: 1, Sum: 1, Workers: 4
[613.034s][debug][gc,phases      ] GC(24)     Total                          Min: 11071, Avg: 11966.8, Max: 13824, Diff: 2753, Sum: 47867, Workers: 4
[613.034s][debug][gc,phases      ] GC(24)   ResolvedMethodTable Weak       Min:  0.1, Avg:  0.1, Max:  0.1, Diff:  0.0, Sum:  0.6, Workers: 4
[613.034s][debug][gc,phases      ] GC(24)     Dead                           Min: 0, Avg:  1.2, Max: 3, Diff: 3, Sum: 5, Workers: 4
[613.034s][debug][gc,phases      ] GC(24)     Total                          Min: 2960, Avg: 3286.5, Max: 3601, Diff: 641, Sum: 13146, Workers: 4
[613.034s][debug][gc,phases      ] GC(24)   JNI Weak                       Min:  0.0, Avg:  0.0, Max:  0.0, Diff:  0.0, Sum:  0.0, Workers: 4
[613.034s][debug][gc,phases      ] GC(24)     Dead                           Min: 0, Avg:  0.0, Max: 0, Diff: 0, Sum: 0, Workers: 4
[613.034s][debug][gc,phases      ] GC(24)     Total                          Min: 0, Avg: 12.0, Max: 48, Diff: 48, Sum: 48, Workers: 4
[613.034s][debug][gc,phases      ] GC(24)   StringDedup Table Weak         Min:  0.0, Avg:  0.0, Max:  0.0, Diff:  0.0, Sum:  0.0, Workers: 4
[613.034s][debug][gc,phases      ] GC(24)     Dead                           Min: 0, Avg:  0.0, Max: 0, Diff: 0, Sum: 0, Workers: 4
[613.034s][debug][gc,phases      ] GC(24)     Total                          Min: 0, Avg:  0.0, Max: 0, Diff: 0, Sum: 0, Workers: 4
[613.034s][debug][gc,phases      ] GC(24)   StringDedup Requests0 Weak     Min:  0.0, Avg:  0.0, Max:  0.0, Diff:  0.0, Sum:  0.0, Workers: 4
[613.034s][debug][gc,phases      ] GC(24)     Dead                           Min: 0, Avg:  0.0, Max: 0, Diff: 0, Sum: 0, Workers: 4
[613.034s][debug][gc,phases      ] GC(24)     Total                          Min: 0, Avg:  0.0, Max: 0, Diff: 0, Sum: 0, Workers: 4
[613.034s][debug][gc,phases      ] GC(24)   StringDedup Requests1 Weak     Min:  0.0, Avg:  0.0, Max:  0.0, Diff:  0.0, Sum:  0.0, Workers: 4
[613.034s][debug][gc,phases      ] GC(24)     Dead                           Min: 0, Avg:  0.0, Max: 0, Diff: 0, Sum: 0, Workers: 4
[613.034s][debug][gc,phases      ] GC(24)     Total                          Min: 0, Avg:  0.0, Max: 0, Diff: 0, Sum: 0, Workers: 4
[613.034s][debug][gc,phases      ] GC(24)   Weak JFR Old Object Samples    Min:  0.0, Avg:  0.0, Max:  0.0, Diff:  0.0, Sum:  0.0, Workers: 4
[613.034s][debug][gc,phases      ] GC(24)     Dead                           Min: 0, Avg:  0.0, Max: 0, Diff: 0, Sum: 0, Workers: 4
[613.034s][debug][gc,phases      ] GC(24)     Total                          Min: 0, Avg:  0.0, Max: 0, Diff: 0, Sum: 0, Workers: 4
[613.034s][debug][gc,phases      ] GC(24) Weak Processing 0.844ms
[613.034s][debug][gc,age         ] GC(24) Desired survivor size 334495744 bytes, new threshold 15 (max threshold 15)
[613.034s][info ][gc,heap        ] GC(24) PSYoungGen: 1633357K(1773568K)->120563K(1765888K) Eden: 1442304K(1442304K)->0K(1442304K) From: 191053K(331264K)->120563K(323584K)
[613.034s][info ][gc,heap        ] GC(24) ParOldGen: 76541K(134656K)->163500K(163840K)
[613.034s][info ][gc,metaspace   ] GC(24) Metaspace: 94224K(95552K)->94224K(95552K) NonClass: 80323K(81088K)->80323K(81088K) Class: 13901K(14464K)->13901K(14464K)
[613.034s][info ][gc             ] GC(24) Pause Young (Allocation Failure) 1669M->277M(1884M) 97.783ms
[613.034s][info ][gc,cpu         ] GC(24) User=0.32s Sys=0.03s Real=0.10s
[613.034s][debug][gc,phases      ] GC(25) Pre Compact 0.010ms
[613.034s][info ][gc,start       ] GC(25) Pause Full (Ergonomics)
[613.034s][info ][gc,phases,start] GC(25) Marking Phase
[613.130s][debug][gc,phases      ] GC(25) Par Mark 95.953ms
[613.130s][debug][gc,ref         ] GC(25) ReferenceProcessor::execute queues: 4, RefProcThreadModel::Multi, marks_oops_alive: false
[613.131s][debug][gc,ref         ] GC(25) Skipped KeepAliveFinalRefsPhase of Reference Processing: no references
[613.131s][debug][gc,ref         ] GC(25) ReferenceProcessor::execute queues: 1, RefProcThreadModel::Single, marks_oops_alive: false
[613.131s][debug][gc,phases      ] GC(25) Reference Processing 0.656ms
[613.131s][debug][gc,phases      ] GC(25)   VM Weak                        Min:  0.0, Avg:  0.0, Max:  0.0, Diff:  0.0, Sum:  0.0, Workers: 4
[613.131s][debug][gc,phases      ] GC(25)     Dead                           Min: 0, Avg:  0.0, Max: 0, Diff: 0, Sum: 0, Workers: 4
[613.131s][debug][gc,phases      ] GC(25)     Total                          Min: 2, Avg: 240.5, Max: 448, Diff: 446, Sum: 962, Workers: 4
[613.131s][debug][gc,phases      ] GC(25)   ObjectSynchronizer Weak        Min:  0.0, Avg:  0.0, Max:  0.0, Diff:  0.0, Sum:  0.0, Workers: 4
[613.131s][debug][gc,phases      ] GC(25)     Dead                           Min: 0, Avg:  0.0, Max: 0, Diff: 0, Sum: 0, Workers: 4
[613.131s][debug][gc,phases      ] GC(25)     Total                          Min: 0, Avg:  1.0, Max: 4, Diff: 4, Sum: 4, Workers: 4
[613.131s][debug][gc,phases      ] GC(25)   JVMTI Tag Weak OopStorage      Min:  0.0, Avg:  0.0, Max:  0.0, Diff:  0.0, Sum:  0.0, Workers: 4
[613.131s][debug][gc,phases      ] GC(25)     Dead                           Min: 0, Avg:  0.0, Max: 0, Diff: 0, Sum: 0, Workers: 4
[613.131s][debug][gc,phases      ] GC(25)     Total                          Min: 0, Avg:  0.0, Max: 0, Diff: 0, Sum: 0, Workers: 4
[613.131s][debug][gc,phases      ] GC(25)   StringTable Weak               Min:  0.2, Avg:  0.2, Max:  0.2, Diff:  0.0, Sum:  0.8, Workers: 4
[613.131s][debug][gc,phases      ] GC(25)     Dead                           Min: 0, Avg:  0.0, Max: 0, Diff: 0, Sum: 0, Workers: 4
[613.131s][debug][gc,phases      ] GC(25)     Total                          Min: 10240, Avg: 11966.8, Max: 12735, Diff: 2495, Sum: 47867, Workers: 4
[613.131s][debug][gc,phases      ] GC(25)   ResolvedMethodTable Weak       Min:  0.0, Avg:  0.1, Max:  0.1, Diff:  0.0, Sum:  0.2, Workers: 4
[613.131s][debug][gc,phases      ] GC(25)     Dead                           Min: 0, Avg:  0.0, Max: 0, Diff: 0, Sum: 0, Workers: 4
[613.131s][debug][gc,phases      ] GC(25)     Total                          Min: 2802, Avg: 3286.5, Max: 3480, Diff: 678, Sum: 13146, Workers: 4
[613.131s][debug][gc,phases      ] GC(25)   JNI Weak                       Min:  0.0, Avg:  0.0, Max:  0.0, Diff:  0.0, Sum:  0.0, Workers: 4
[613.131s][debug][gc,phases      ] GC(25)     Dead                           Min: 0, Avg:  0.0, Max: 0, Diff: 0, Sum: 0, Workers: 4
[613.131s][debug][gc,phases      ] GC(25)     Total                          Min: 0, Avg: 12.0, Max: 48, Diff: 48, Sum: 48, Workers: 4
[613.131s][debug][gc,phases      ] GC(25)   StringDedup Table Weak         Min:  0.0, Avg:  0.0, Max:  0.0, Diff:  0.0, Sum:  0.0, Workers: 4
[613.131s][debug][gc,phases      ] GC(25)     Dead                           Min: 0, Avg:  0.0, Max: 0, Diff: 0, Sum: 0, Workers: 4
[613.131s][debug][gc,phases      ] GC(25)     Total                          Min: 0, Avg:  0.0, Max: 0, Diff: 0, Sum: 0, Workers: 4
[613.131s][debug][gc,phases      ] GC(25)   StringDedup Requests0 Weak     Min:  0.0, Avg:  0.0, Max:  0.0, Diff:  0.0, Sum:  0.0, Workers: 4
[613.131s][debug][gc,phases      ] GC(25)     Dead                           Min: 0, Avg:  0.0, Max: 0, Diff: 0, Sum: 0, Workers: 4
[613.131s][debug][gc,phases      ] GC(25)     Total                          Min: 0, Avg:  0.0, Max: 0, Diff: 0, Sum: 0, Workers: 4
[613.131s][debug][gc,phases      ] GC(25)   StringDedup Requests1 Weak     Min:  0.0, Avg:  0.0, Max:  0.0, Diff:  0.0, Sum:  0.0, Workers: 4
[613.131s][debug][gc,phases      ] GC(25)     Dead                           Min: 0, Avg:  0.0, Max: 0, Diff: 0, Sum: 0, Workers: 4
[613.131s][debug][gc,phases      ] GC(25)     Total                          Min: 0, Avg:  0.0, Max: 0, Diff: 0, Sum: 0, Workers: 4
[613.131s][debug][gc,phases      ] GC(25)   Weak JFR Old Object Samples    Min:  0.0, Avg:  0.0, Max:  0.0, Diff:  0.0, Sum:  0.0, Workers: 4
[613.131s][debug][gc,phases      ] GC(25)     Dead                           Min: 0, Avg:  0.0, Max: 0, Diff: 0, Sum: 0, Workers: 4
[613.131s][debug][gc,phases      ] GC(25)     Total                          Min: 0, Avg:  0.0, Max: 0, Diff: 0, Sum: 0, Workers: 4
[613.131s][debug][gc,phases      ] GC(25) Weak Processing 0.515ms
[613.131s][debug][gc,phases      ] GC(25) ClassLoaderData 0.154ms
[613.131s][debug][gc,phases      ] GC(25) Trigger cleanups 0.000ms
[613.175s][debug][gc,phases      ] GC(25) Class Unloading 44.160ms
[613.175s][debug][gc,phases      ] GC(25) Report Object Count 0.002ms
[613.175s][info ][gc,phases      ] GC(25) Marking Phase 141.409ms
[613.175s][info ][gc,phases,start] GC(25) Summary Phase
[613.175s][info ][gc,phases      ] GC(25) Summary Phase 0.024ms
[613.175s][info ][gc,phases,start] GC(25) Adjust Roots
[613.189s][info ][gc,phases      ] GC(25) Adjust Roots 14.072ms
[613.189s][info ][gc,phases,start] GC(25) Compaction Phase
[613.391s][info ][gc,phases      ] GC(25) Compaction Phase 201.489ms
[613.391s][info ][gc,phases,start] GC(25) Post Compact
[613.393s][info ][gc,phases      ] GC(25) Post Compact 1.804ms
[613.393s][info ][gc,heap        ] GC(25) PSYoungGen: 120563K(1765888K)->117785K(1765888K) Eden: 0K(1442304K)->0K(1442304K) From: 120563K(323584K)->117785K(323584K)
[613.393s][info ][gc,heap        ] GC(25) ParOldGen: 163500K(163840K)->163392K(265216K)
[613.393s][info ][gc,metaspace   ] GC(25) Metaspace: 94224K(95552K)->94224K(95552K) NonClass: 80323K(81088K)->80323K(81088K) Class: 13901K(14464K)->13901K(14464K)
[613.393s][info ][gc             ] GC(25) Pause Full (Ergonomics) 277M->274M(1983M) 359.207ms
[613.393s][info ][gc,cpu         ] GC(25) User=1.16s Sys=0.00s Real=0.36s
[613.393s][info ][safepoint      ] Safepoint "ParallelGCFailedAllocation", Time since last: 1725849786 ns, Reaching safepoint: 9200 ns, Cleanup: 47701 ns, At safepoint: 457127455 ns, Total: 457184356 ns
[614.393s][info ][safepoint      ] Safepoint "Cleanup", Time since last: 1000094281 ns, Reaching safepoint: 8100 ns, Cleanup: 85503 ns, At safepoint: 7000 ns, Total: 100603 ns
[615.394s][info ][safepoint      ] Safepoint "Cleanup", Time since last: 1000114003 ns, Reaching safepoint: 7800 ns, Cleanup: 13801 ns, At safepoint: 2000 ns, Total: 23601 ns
[617.394s][info ][safepoint      ] Safepoint "Cleanup", Time since last: 2000158736 ns, Reaching safepoint: 6601 ns, Cleanup: 28701 ns, At safepoint: 2500 ns, Total: 37802 ns
[618.394s][info ][safepoint      ] Safepoint "Cleanup", Time since last: 1000131369 ns, Reaching safepoint: 10801 ns, Cleanup: 14300 ns, At safepoint: 7800 ns, Total: 32901 ns
[621.394s][info ][safepoint      ] Safepoint "Cleanup", Time since last: 3000270606 ns, Reaching safepoint: 7400 ns, Cleanup: 9301 ns, At safepoint: 27300 ns, Total: 44001 ns
[625.395s][info ][safepoint      ] Safepoint "Cleanup", Time since last: 4000481287 ns, Reaching safepoint: 7400 ns, Cleanup: 11700 ns, At safepoint: 3100 ns, Total: 22200 ns
[631.395s][info ][safepoint      ] Safepoint "Cleanup", Time since last: 6000451901 ns, Reaching safepoint: 7700 ns, Cleanup: 13901 ns, At safepoint: 2100 ns, Total: 23701 ns
[633.395s][info ][safepoint      ] Safepoint "Cleanup", Time since last: 2000168341 ns, Reaching safepoint: 6500 ns, Cleanup: 32201 ns, At safepoint: 2700 ns, Total: 41401 ns
[634.395s][info ][safepoint      ] Safepoint "Cleanup", Time since last: 1000096171 ns, Reaching safepoint: 6301 ns, Cleanup: 6700 ns, At safepoint: 2400 ns, Total: 15401 ns
[635.396s][info ][safepoint      ] Safepoint "Cleanup", Time since last: 1000106871 ns, Reaching safepoint: 7000 ns, Cleanup: 9501 ns, At safepoint: 2400 ns, Total: 18901 ns
[636.396s][info ][safepoint      ] Safepoint "Cleanup", Time since last: 1000131272 ns, Reaching safepoint: 7400 ns, Cleanup: 11300 ns, At safepoint: 2300 ns, Total: 21000 ns
[643.396s][info ][safepoint      ] Safepoint "Cleanup", Time since last: 7000444634 ns, Reaching safepoint: 6100 ns, Cleanup: 9500 ns, At safepoint: 2800 ns, Total: 18400 ns
[644.396s][info ][safepoint      ] Safepoint "Cleanup", Time since last: 1000071069 ns, Reaching safepoint: 6900 ns, Cleanup: 10401 ns, At safepoint: 3000 ns, Total: 20301 ns
[645.396s][info ][safepoint      ] Safepoint "Cleanup", Time since last: 1000115970 ns, Reaching safepoint: 6700 ns, Cleanup: 12301 ns, At safepoint: 2500 ns, Total: 21501 ns
[648.397s][info ][safepoint      ] Safepoint "Cleanup", Time since last: 3000262669 ns, Reaching safepoint: 9200 ns, Cleanup: 16201 ns, At safepoint: 6400 ns, Total: 31801 ns
[649.397s][info ][safepoint      ] Safepoint "Cleanup", Time since last: 1000123494 ns, Reaching safepoint: 7400 ns, Cleanup: 10701 ns, At safepoint: 2200 ns, Total: 20301 ns
[650.397s][info ][safepoint      ] Safepoint "Cleanup", Time since last: 1000106094 ns, Reaching safepoint: 7100 ns, Cleanup: 13600 ns, At safepoint: 6900 ns, Total: 27600 ns
[652.397s][info ][safepoint      ] Safepoint "Cleanup", Time since last: 2000189987 ns, Reaching safepoint: 7801 ns, Cleanup: 10700 ns, At safepoint: 27201 ns, Total: 45702 ns
[653.397s][info ][safepoint      ] Safepoint "Cleanup", Time since last: 1000108294 ns, Reaching safepoint: 8200 ns, Cleanup: 12700 ns, At safepoint: 2500 ns, Total: 23400 ns
[654.398s][info ][safepoint      ] Safepoint "Cleanup", Time since last: 1000110094 ns, Reaching safepoint: 6900 ns, Cleanup: 11301 ns, At safepoint: 2300 ns, Total: 20501 ns
[657.398s][info ][safepoint      ] Safepoint "Cleanup", Time since last: 3000269943 ns, Reaching safepoint: 7500 ns, Cleanup: 11201 ns, At safepoint: 2900 ns, Total: 21601 ns
[664.184s][info ][gc,start       ] GC(26) Pause Young (Allocation Failure)
[664.239s][debug][gc,phases      ] GC(26) Scavenge 55.092ms
[664.239s][debug][gc,ref         ] GC(26) ReferenceProcessor::execute queues: 1, RefProcThreadModel::Single, marks_oops_alive: false
[664.239s][debug][gc,ref         ] GC(26) Skipped KeepAliveFinalRefsPhase of Reference Processing: no references
[664.239s][debug][gc,ref         ] GC(26) ReferenceProcessor::execute queues: 1, RefProcThreadModel::Single, marks_oops_alive: false
[664.239s][debug][gc,phases      ] GC(26) Reference Processing 0.198ms
[664.240s][debug][gc,phases      ] GC(26)   VM Weak                        Min:  0.0, Avg:  0.0, Max:  0.0, Diff:  0.0, Sum:  0.0, Workers: 4
[664.240s][debug][gc,phases      ] GC(26)     Dead                           Min: 0, Avg:  0.0, Max: 0, Diff: 0, Sum: 0, Workers: 4
[664.240s][debug][gc,phases      ] GC(26)     Total                          Min: 0, Avg: 240.5, Max: 768, Diff: 768, Sum: 962, Workers: 4
[664.240s][debug][gc,phases      ] GC(26)   ObjectSynchronizer Weak        Min:  0.0, Avg:  0.0, Max:  0.0, Diff:  0.0, Sum:  0.0, Workers: 4
[664.240s][debug][gc,phases      ] GC(26)     Dead                           Min: 0, Avg:  0.0, Max: 0, Diff: 0, Sum: 0, Workers: 4
[664.240s][debug][gc,phases      ] GC(26)     Total                          Min: 0, Avg:  0.8, Max: 3, Diff: 3, Sum: 3, Workers: 4
[664.240s][debug][gc,phases      ] GC(26)   JVMTI Tag Weak OopStorage      Min:  0.0, Avg:  0.0, Max:  0.0, Diff:  0.0, Sum:  0.0, Workers: 4
[664.240s][debug][gc,phases      ] GC(26)     Dead                           Min: 0, Avg:  0.0, Max: 0, Diff: 0, Sum: 0, Workers: 4
[664.240s][debug][gc,phases      ] GC(26)     Total                          Min: 0, Avg:  0.0, Max: 0, Diff: 0, Sum: 0, Workers: 4
[664.240s][debug][gc,phases      ] GC(26)   StringTable Weak               Min:  0.0, Avg:  0.1, Max:  0.2, Diff:  0.2, Sum:  0.5, Workers: 4
[664.240s][debug][gc,phases      ] GC(26)     Dead                           Min: 0, Avg:  0.5, Max: 1, Diff: 1, Sum: 2, Workers: 4
[664.240s][debug][gc,phases      ] GC(26)     Total                          Min: 0, Avg: 11970.2, Max: 16650, Diff: 16650, Sum: 47881, Workers: 4
[664.240s][debug][gc,phases      ] GC(26)   ResolvedMethodTable Weak       Min:  0.0, Avg:  0.1, Max:  0.1, Diff:  0.1, Sum:  0.2, Workers: 4
[664.240s][debug][gc,phases      ] GC(26)     Dead                           Min: 0, Avg:  0.0, Max: 0, Diff: 0, Sum: 0, Workers: 4
[664.240s][debug][gc,phases      ] GC(26)     Total                          Min: 418, Avg: 3290.0, Max: 4501, Diff: 4083, Sum: 13160, Workers: 4
[664.240s][debug][gc,phases      ] GC(26)   JNI Weak                       Min:  0.0, Avg:  0.0, Max:  0.0, Diff:  0.0, Sum:  0.0, Workers: 4
[664.240s][debug][gc,phases      ] GC(26)     Dead                           Min: 0, Avg:  0.0, Max: 0, Diff: 0, Sum: 0, Workers: 4
[664.240s][debug][gc,phases      ] GC(26)     Total                          Min: 0, Avg: 12.0, Max: 48, Diff: 48, Sum: 48, Workers: 4
[664.240s][debug][gc,phases      ] GC(26)   StringDedup Table Weak         Min:  0.0, Avg:  0.0, Max:  0.0, Diff:  0.0, Sum:  0.0, Workers: 4
[664.240s][debug][gc,phases      ] GC(26)     Dead                           Min: 0, Avg:  0.0, Max: 0, Diff: 0, Sum: 0, Workers: 4
[664.240s][debug][gc,phases      ] GC(26)     Total                          Min: 0, Avg:  0.0, Max: 0, Diff: 0, Sum: 0, Workers: 4
[664.240s][debug][gc,phases      ] GC(26)   StringDedup Requests0 Weak     Min:  0.0, Avg:  0.0, Max:  0.0, Diff:  0.0, Sum:  0.0, Workers: 4
[664.240s][debug][gc,phases      ] GC(26)     Dead                           Min: 0, Avg:  0.0, Max: 0, Diff: 0, Sum: 0, Workers: 4
[664.240s][debug][gc,phases      ] GC(26)     Total                          Min: 0, Avg:  0.0, Max: 0, Diff: 0, Sum: 0, Workers: 4
[664.240s][debug][gc,phases      ] GC(26)   StringDedup Requests1 Weak     Min:  0.0, Avg:  0.0, Max:  0.0, Diff:  0.0, Sum:  0.0, Workers: 4
[664.240s][debug][gc,phases      ] GC(26)     Dead                           Min: 0, Avg:  0.0, Max: 0, Diff: 0, Sum: 0, Workers: 4
[664.240s][debug][gc,phases      ] GC(26)     Total                          Min: 0, Avg:  0.0, Max: 0, Diff: 0, Sum: 0, Workers: 4
[664.240s][debug][gc,phases      ] GC(26)   Weak JFR Old Object Samples    Min:  0.0, Avg:  0.0, Max:  0.0, Diff:  0.0, Sum:  0.0, Workers: 4
[664.240s][debug][gc,phases      ] GC(26)     Dead                           Min: 0, Avg:  0.0, Max: 0, Diff: 0, Sum: 0, Workers: 4
[664.240s][debug][gc,phases      ] GC(26)     Total                          Min: 0, Avg:  0.0, Max: 0, Diff: 0, Sum: 0, Workers: 4
[664.240s][debug][gc,phases      ] GC(26) Weak Processing 0.510ms
[664.240s][debug][gc,age         ] GC(26) Desired survivor size 334495744 bytes, new threshold 15 (max threshold 15)
[664.240s][info ][gc,heap        ] GC(26) PSYoungGen: 1560089K(1765888K)->124050K(1770496K) Eden: 1442304K(1442304K)->0K(1443840K) From: 117785K(323584K)->124050K(326656K)
[664.240s][info ][gc,heap        ] GC(26) ParOldGen: 163392K(265216K)->163456K(265216K)
[664.240s][info ][gc,metaspace   ] GC(26) Metaspace: 94291K(95616K)->94291K(95616K) NonClass: 80383K(81152K)->80383K(81152K) Class: 13907K(14464K)->13907K(14464K)
[664.240s][info ][gc             ] GC(26) Pause Young (Allocation Failure) 1683M->280M(1988M) 55.966ms
[664.240s][info ][gc,cpu         ] GC(26) User=0.21s Sys=0.00s Real=0.06s
[664.240s][info ][safepoint      ] Safepoint "ParallelGCFailedAllocation", Time since last: 6786098186 ns, Reaching safepoint: 80202 ns, Cleanup: 3600 ns, At safepoint: 56056967 ns, Total: 56140769 ns
[665.240s][info ][safepoint      ] Safepoint "Cleanup", Time since last: 1000091039 ns, Reaching safepoint: 7800 ns, Cleanup: 10300 ns, At safepoint: 2900 ns, Total: 21000 ns
[670.241s][info ][safepoint      ] Safepoint "Cleanup", Time since last: 5000344788 ns, Reaching safepoint: 7101 ns, Cleanup: 10100 ns, At safepoint: 2900 ns, Total: 20101 ns
[682.242s][info ][safepoint      ] Safepoint "Cleanup", Time since last: 12000973962 ns, Reaching safepoint: 6500 ns, Cleanup: 12001 ns, At safepoint: 2500 ns, Total: 21001 ns
[687.242s][info ][safepoint      ] Safepoint "Cleanup", Time since last: 5000354512 ns, Reaching safepoint: 7300 ns, Cleanup: 11000 ns, At safepoint: 2901 ns, Total: 21201 ns
[697.243s][info ][safepoint      ] Safepoint "Cleanup", Time since last: 10000753944 ns, Reaching safepoint: 8900 ns, Cleanup: 14501 ns, At safepoint: 3500 ns, Total: 26901 ns
[700.243s][info ][safepoint      ] Safepoint "Cleanup", Time since last: 3000294286 ns, Reaching safepoint: 6600 ns, Cleanup: 11600 ns, At safepoint: 2701 ns, Total: 20901 ns
[702.243s][info ][safepoint      ] Safepoint "Cleanup", Time since last: 2000196324 ns, Reaching safepoint: 8100 ns, Cleanup: 10800 ns, At safepoint: 3700 ns, Total: 22600 ns
[704.243s][info ][safepoint      ] Safepoint "Cleanup", Time since last: 2000144128 ns, Reaching safepoint: 9400 ns, Cleanup: 11800 ns, At safepoint: 3200 ns, Total: 24400 ns
[705.244s][info ][safepoint      ] Safepoint "Cleanup", Time since last: 1000120123 ns, Reaching safepoint: 7400 ns, Cleanup: 11100 ns, At safepoint: 3100 ns, Total: 21600 ns
[709.244s][info ][safepoint      ] Safepoint "Cleanup", Time since last: 4000416488 ns, Reaching safepoint: 80803 ns, Cleanup: 8800 ns, At safepoint: 5900 ns, Total: 95503 ns
[709.598s][info ][safepoint      ] Safepoint "ParallelGCFailedAllocation", Time since last: 354318972 ns, Reaching safepoint: 8600 ns, Cleanup: 72802 ns, At safepoint: 18301 ns, Total: 99703 ns
[709.599s][info ][gc,start       ] GC(27) Pause Young (GCLocker Initiated GC)
[709.625s][debug][gc,phases      ] GC(27) Scavenge 26.163ms
[709.625s][debug][gc,ref         ] GC(27) ReferenceProcessor::execute queues: 1, RefProcThreadModel::Single, marks_oops_alive: false
[709.625s][debug][gc,ref         ] GC(27) Skipped KeepAliveFinalRefsPhase of Reference Processing: no references
[709.625s][debug][gc,ref         ] GC(27) ReferenceProcessor::execute queues: 1, RefProcThreadModel::Single, marks_oops_alive: false
[709.625s][debug][gc,phases      ] GC(27) Reference Processing 0.171ms
[709.625s][debug][gc,phases      ] GC(27)   VM Weak                        Min:  0.0, Avg:  0.0, Max:  0.0, Diff:  0.0, Sum:  0.0, Workers: 4
[709.625s][debug][gc,phases      ] GC(27)     Dead                           Min: 0, Avg:  0.0, Max: 0, Diff: 0, Sum: 0, Workers: 4
[709.625s][debug][gc,phases      ] GC(27)     Total                          Min: 0, Avg: 240.5, Max: 576, Diff: 576, Sum: 962, Workers: 4
[709.625s][debug][gc,phases      ] GC(27)   ObjectSynchronizer Weak        Min:  0.0, Avg:  0.0, Max:  0.0, Diff:  0.0, Sum:  0.0, Workers: 4
[709.625s][debug][gc,phases      ] GC(27)     Dead                           Min: 0, Avg:  0.0, Max: 0, Diff: 0, Sum: 0, Workers: 4
[709.625s][debug][gc,phases      ] GC(27)     Total                          Min: 0, Avg:  1.2, Max: 5, Diff: 5, Sum: 5, Workers: 4
[709.625s][debug][gc,phases      ] GC(27)   JVMTI Tag Weak OopStorage      Min:  0.0, Avg:  0.0, Max:  0.0, Diff:  0.0, Sum:  0.0, Workers: 4
[709.625s][debug][gc,phases      ] GC(27)     Dead                           Min: 0, Avg:  0.0, Max: 0, Diff: 0, Sum: 0, Workers: 4
[709.625s][debug][gc,phases      ] GC(27)     Total                          Min: 0, Avg:  0.0, Max: 0, Diff: 0, Sum: 0, Workers: 4
[709.625s][debug][gc,phases      ] GC(27)   StringTable Weak               Min:  0.1, Avg:  0.1, Max:  0.1, Diff:  0.0, Sum:  0.6, Workers: 4
[709.625s][debug][gc,phases      ] GC(27)     Dead                           Min: 0, Avg:  0.2, Max: 1, Diff: 1, Sum: 1, Workers: 4
[709.625s][debug][gc,phases      ] GC(27)     Total                          Min: 11135, Avg: 11975.2, Max: 12544, Diff: 1409, Sum: 47901, Workers: 4
[709.625s][debug][gc,phases      ] GC(27)   ResolvedMethodTable Weak       Min:  0.1, Avg:  0.1, Max:  0.1, Diff:  0.0, Sum:  0.2, Workers: 4
[709.625s][debug][gc,phases      ] GC(27)     Dead                           Min: 0, Avg:  1.0, Max: 4, Diff: 4, Sum: 4, Workers: 4
[709.625s][debug][gc,phases      ] GC(27)     Total                          Min: 3046, Avg: 3293.0, Max: 3553, Diff: 507, Sum: 13172, Workers: 4
[709.625s][debug][gc,phases      ] GC(27)   JNI Weak                       Min:  0.0, Avg:  0.0, Max:  0.0, Diff:  0.0, Sum:  0.0, Workers: 4
[709.625s][debug][gc,phases      ] GC(27)     Dead                           Min: 0, Avg:  0.0, Max: 0, Diff: 0, Sum: 0, Workers: 4
[709.625s][debug][gc,phases      ] GC(27)     Total                          Min: 0, Avg: 12.0, Max: 48, Diff: 48, Sum: 48, Workers: 4
[709.625s][debug][gc,phases      ] GC(27)   StringDedup Table Weak         Min:  0.0, Avg:  0.0, Max:  0.0, Diff:  0.0, Sum:  0.0, Workers: 4
[709.625s][debug][gc,phases      ] GC(27)     Dead                           Min: 0, Avg:  0.0, Max: 0, Diff: 0, Sum: 0, Workers: 4
[709.625s][debug][gc,phases      ] GC(27)     Total                          Min: 0, Avg:  0.0, Max: 0, Diff: 0, Sum: 0, Workers: 4
[709.625s][debug][gc,phases      ] GC(27)   StringDedup Requests0 Weak     Min:  0.0, Avg:  0.0, Max:  0.0, Diff:  0.0, Sum:  0.0, Workers: 4
[709.625s][debug][gc,phases      ] GC(27)     Dead                           Min: 0, Avg:  0.0, Max: 0, Diff: 0, Sum: 0, Workers: 4
[709.625s][debug][gc,phases      ] GC(27)     Total                          Min: 0, Avg:  0.0, Max: 0, Diff: 0, Sum: 0, Workers: 4
[709.625s][debug][gc,phases      ] GC(27)   StringDedup Requests1 Weak     Min:  0.0, Avg:  0.0, Max:  0.0, Diff:  0.0, Sum:  0.0, Workers: 4
[709.625s][debug][gc,phases      ] GC(27)     Dead                           Min: 0, Avg:  0.0, Max: 0, Diff: 0, Sum: 0, Workers: 4
[709.625s][debug][gc,phases      ] GC(27)     Total                          Min: 0, Avg:  0.0, Max: 0, Diff: 0, Sum: 0, Workers: 4
[709.625s][debug][gc,phases      ] GC(27)   Weak JFR Old Object Samples    Min:  0.0, Avg:  0.0, Max:  0.0, Diff:  0.0, Sum:  0.0, Workers: 4
[709.626s][debug][gc,phases      ] GC(27)     Dead                           Min: 0, Avg:  0.0, Max: 0, Diff: 0, Sum: 0, Workers: 4
[709.626s][debug][gc,phases      ] GC(27)     Total                          Min: 0, Avg:  0.0, Max: 0, Diff: 0, Sum: 0, Workers: 4
[709.626s][debug][gc,phases      ] GC(27) Weak Processing 0.442ms
[709.626s][debug][gc,age         ] GC(27) Desired survivor size 338165760 bytes, new threshold 15 (max threshold 15)
[709.626s][info ][gc,heap        ] GC(27) PSYoungGen: 1567890K(1770496K)->90613K(1534464K) Eden: 1443840K(1443840K)->0K(1443840K) From: 124050K(326656K)->90613K(90624K)
[709.626s][info ][gc,heap        ] GC(27) ParOldGen: 163456K(265216K)->163496K(265216K)
[709.626s][info ][gc,metaspace   ] GC(27) Metaspace: 94381K(95680K)->94381K(95680K) NonClass: 80465K(81216K)->80465K(81216K) Class: 13916K(14464K)->13916K(14464K)
[709.626s][info ][gc             ] GC(27) Pause Young (GCLocker Initiated GC) 1690M->248M(1757M) 26.911ms
[709.626s][info ][gc,cpu         ] GC(27) User=0.10s Sys=0.00s Real=0.03s
[709.626s][info ][safepoint      ] Safepoint "ParallelGCSystemGC", Time since last: 101203 ns, Reaching safepoint: 75202 ns, Cleanup: 1000 ns, At safepoint: 27002013 ns, Total: 27078215 ns
[710.626s][info ][safepoint      ] Safepoint "Cleanup", Time since last: 1000093167 ns, Reaching safepoint: 7801 ns, Cleanup: 38909 ns, At safepoint: 3201 ns, Total: 49911 ns
[712.626s][info ][safepoint      ] Safepoint "Cleanup", Time since last: 2000196972 ns, Reaching safepoint: 8200 ns, Cleanup: 13101 ns, At safepoint: 2800 ns, Total: 24101 ns
[713.626s][info ][safepoint      ] Safepoint "Cleanup", Time since last: 1000133776 ns, Reaching safepoint: 8000 ns, Cleanup: 10801 ns, At safepoint: 3000 ns, Total: 21801 ns
[715.626s][info ][safepoint      ] Safepoint "Cleanup", Time since last: 2000174549 ns, Reaching safepoint: 9100 ns, Cleanup: 10601 ns, At safepoint: 6500 ns, Total: 26201 ns
[717.627s][info ][safepoint      ] Safepoint "Cleanup", Time since last: 2000173949 ns, Reaching safepoint: 8300 ns, Cleanup: 11801 ns, At safepoint: 3000 ns, Total: 23101 ns
[719.627s][info ][safepoint      ] Safepoint "Cleanup", Time since last: 2000144979 ns, Reaching safepoint: 8701 ns, Cleanup: 18401 ns, At safepoint: 2900 ns, Total: 30002 ns
[721.242s][info ][safepoint      ] Safepoint "Cleanup", Time since last: 1615286865 ns, Reaching safepoint: 7201 ns, Cleanup: 9800 ns, At safepoint: 2800 ns, Total: 19801 ns
[723.242s][info ][safepoint      ] Safepoint "Cleanup", Time since last: 2000193647 ns, Reaching safepoint: 8601 ns, Cleanup: 16301 ns, At safepoint: 2900 ns, Total: 27802 ns
[724.242s][info ][safepoint      ] Safepoint "Cleanup", Time since last: 1000121725 ns, Reaching safepoint: 8400 ns, Cleanup: 12301 ns, At safepoint: 30601 ns, Total: 51302 ns
[725.243s][info ][safepoint      ] Safepoint "Cleanup", Time since last: 1000080723 ns, Reaching safepoint: 8500 ns, Cleanup: 13301 ns, At safepoint: 2400 ns, Total: 24201 ns
[726.243s][info ][safepoint      ] Safepoint "Cleanup", Time since last: 1000126925 ns, Reaching safepoint: 84404 ns, Cleanup: 17701 ns, At safepoint: 6601 ns, Total: 108706 ns
[727.243s][info ][safepoint      ] Safepoint "Cleanup", Time since last: 1000103437 ns, Reaching safepoint: 7901 ns, Cleanup: 13400 ns, At safepoint: 2901 ns, Total: 24202 ns
[728.202s][info ][gc,start       ] GC(28) Pause Young (Allocation Failure)
[728.236s][debug][gc,phases      ] GC(28) Scavenge 34.111ms
[728.236s][debug][gc,ref         ] GC(28) ReferenceProcessor::execute queues: 1, RefProcThreadModel::Single, marks_oops_alive: false
[728.236s][debug][gc,ref         ] GC(28) Skipped KeepAliveFinalRefsPhase of Reference Processing: no references
[728.236s][debug][gc,ref         ] GC(28) ReferenceProcessor::execute queues: 1, RefProcThreadModel::Single, marks_oops_alive: false
[728.236s][debug][gc,phases      ] GC(28) Reference Processing 0.163ms
[728.237s][debug][gc,phases      ] GC(28)   VM Weak                        Min:  0.0, Avg:  0.0, Max:  0.0, Diff:  0.0, Sum:  0.0, Workers: 4
[728.237s][debug][gc,phases      ] GC(28)     Dead                           Min: 0, Avg:  0.0, Max: 0, Diff: 0, Sum: 0, Workers: 4
[728.237s][debug][gc,phases      ] GC(28)     Total                          Min: 0, Avg: 240.5, Max: 578, Diff: 578, Sum: 962, Workers: 4
[728.237s][debug][gc,phases      ] GC(28)   ObjectSynchronizer Weak        Min:  0.0, Avg:  0.0, Max:  0.0, Diff:  0.0, Sum:  0.0, Workers: 4
[728.237s][debug][gc,phases      ] GC(28)     Dead                           Min: 0, Avg:  0.0, Max: 0, Diff: 0, Sum: 0, Workers: 4
[728.237s][debug][gc,phases      ] GC(28)     Total                          Min: 0, Avg:  1.2, Max: 5, Diff: 5, Sum: 5, Workers: 4
[728.237s][debug][gc,phases      ] GC(28)   JVMTI Tag Weak OopStorage      Min:  0.0, Avg:  0.0, Max:  0.0, Diff:  0.0, Sum:  0.0, Workers: 4
[728.237s][debug][gc,phases      ] GC(28)     Dead                           Min: 0, Avg:  0.0, Max: 0, Diff: 0, Sum: 0, Workers: 4
[728.237s][debug][gc,phases      ] GC(28)     Total                          Min: 0, Avg:  0.0, Max: 0, Diff: 0, Sum: 0, Workers: 4
[728.237s][debug][gc,phases      ] GC(28)   StringTable Weak               Min:  0.0, Avg:  0.1, Max:  0.2, Diff:  0.2, Sum:  0.6, Workers: 4
[728.237s][debug][gc,phases      ] GC(28)     Dead                           Min: 0, Avg:  0.2, Max: 1, Diff: 1, Sum: 1, Workers: 4
[728.237s][debug][gc,phases      ] GC(28)     Total                          Min: 0, Avg: 11977.5, Max: 17127, Diff: 17127, Sum: 47910, Workers: 4
[728.237s][debug][gc,phases      ] GC(28)   ResolvedMethodTable Weak       Min:  0.0, Avg:  0.1, Max:  0.1, Diff:  0.1, Sum:  0.2, Workers: 4
[728.237s][debug][gc,phases      ] GC(28)     Dead                           Min: 0, Avg:  0.5, Max: 2, Diff: 2, Sum: 2, Workers: 4
[728.237s][debug][gc,phases      ] GC(28)     Total                          Min: 0, Avg: 3296.5, Max: 4753, Diff: 4753, Sum: 13186, Workers: 4
[728.237s][debug][gc,phases      ] GC(28)   JNI Weak                       Min:  0.0, Avg:  0.0, Max:  0.0, Diff:  0.0, Sum:  0.0, Workers: 4
[728.237s][debug][gc,phases      ] GC(28)     Dead                           Min: 0, Avg:  0.0, Max: 0, Diff: 0, Sum: 0, Workers: 4
[728.237s][debug][gc,phases      ] GC(28)     Total                          Min: 0, Avg: 12.2, Max: 49, Diff: 49, Sum: 49, Workers: 4
[728.237s][debug][gc,phases      ] GC(28)   StringDedup Table Weak         Min:  0.0, Avg:  0.0, Max:  0.0, Diff:  0.0, Sum:  0.0, Workers: 4
[728.237s][debug][gc,phases      ] GC(28)     Dead                           Min: 0, Avg:  0.0, Max: 0, Diff: 0, Sum: 0, Workers: 4
[728.237s][debug][gc,phases      ] GC(28)     Total                          Min: 0, Avg:  0.0, Max: 0, Diff: 0, Sum: 0, Workers: 4
[728.237s][debug][gc,phases      ] GC(28)   StringDedup Requests0 Weak     Min:  0.0, Avg:  0.0, Max:  0.0, Diff:  0.0, Sum:  0.0, Workers: 4
[728.237s][debug][gc,phases      ] GC(28)     Dead                           Min: 0, Avg:  0.0, Max: 0, Diff: 0, Sum: 0, Workers: 4
[728.237s][debug][gc,phases      ] GC(28)     Total                          Min: 0, Avg:  0.0, Max: 0, Diff: 0, Sum: 0, Workers: 4
[728.237s][debug][gc,phases      ] GC(28)   StringDedup Requests1 Weak     Min:  0.0, Avg:  0.0, Max:  0.0, Diff:  0.0, Sum:  0.0, Workers: 4
[728.237s][debug][gc,phases      ] GC(28)     Dead                           Min: 0, Avg:  0.0, Max: 0, Diff: 0, Sum: 0, Workers: 4
[728.237s][debug][gc,phases      ] GC(28)     Total                          Min: 0, Avg:  0.0, Max: 0, Diff: 0, Sum: 0, Workers: 4
[728.237s][debug][gc,phases      ] GC(28)   Weak JFR Old Object Samples    Min:  0.0, Avg:  0.0, Max:  0.0, Diff:  0.0, Sum:  0.0, Workers: 4
[728.237s][debug][gc,phases      ] GC(28)     Dead                           Min: 0, Avg:  0.0, Max: 0, Diff: 0, Sum: 0, Workers: 4
[728.237s][debug][gc,phases      ] GC(28)     Total                          Min: 0, Avg:  0.0, Max: 0, Diff: 0, Sum: 0, Workers: 4
[728.237s][debug][gc,phases      ] GC(28) Weak Processing 0.521ms
[728.237s][debug][gc,age         ] GC(28) Desired survivor size 336592896 bytes, new threshold 15 (max threshold 15)
[728.237s][info ][gc,heap        ] GC(28) PSYoungGen: 1534453K(1534464K)->102722K(1768448K) Eden: 1443840K(1443840K)->0K(1438208K) From: 90613K(90624K)->102722K(330240K)
[728.237s][info ][gc,heap        ] GC(28) ParOldGen: 164012K(265216K)->164068K(265216K)
[728.237s][info ][gc,metaspace   ] GC(28) Metaspace: 94419K(95680K)->94419K(95680K) NonClass: 80499K(81216K)->80499K(81216K) Class: 13920K(14464K)->13920K(14464K)
[728.237s][info ][gc             ] GC(28) Pause Young (Allocation Failure) 1658M->260M(1986M) 34.961ms
[728.237s][info ][gc,cpu         ] GC(28) User=0.12s Sys=0.00s Real=0.03s
[728.237s][info ][safepoint      ] Safepoint "ParallelGCFailedAllocation", Time since last: 958852616 ns, Reaching safepoint: 91004 ns, Cleanup: 21302 ns, At safepoint: 35050462 ns, Total: 35162768 ns
[729.237s][info ][safepoint      ] Safepoint "Cleanup", Time since last: 1000117691 ns, Reaching safepoint: 82805 ns, Cleanup: 26001 ns, At safepoint: 6400 ns, Total: 115206 ns
[730.237s][info ][safepoint      ] Safepoint "Cleanup", Time since last: 1000115491 ns, Reaching safepoint: 9201 ns, Cleanup: 13901 ns, At safepoint: 2700 ns, Total: 25802 ns
[731.237s][info ][safepoint      ] Safepoint "Cleanup", Time since last: 1000121791 ns, Reaching safepoint: 8901 ns, Cleanup: 18501 ns, At safepoint: 2300 ns, Total: 29702 ns
[733.238s][info ][safepoint      ] Safepoint "Cleanup", Time since last: 2000201981 ns, Reaching safepoint: 8400 ns, Cleanup: 13101 ns, At safepoint: 3000 ns, Total: 24501 ns
[735.238s][info ][safepoint      ] Safepoint "Cleanup", Time since last: 2000199506 ns, Reaching safepoint: 7000 ns, Cleanup: 11001 ns, At safepoint: 2300 ns, Total: 20301 ns
[736.238s][info ][safepoint      ] Safepoint "Cleanup", Time since last: 1000141021 ns, Reaching safepoint: 8601 ns, Cleanup: 13100 ns, At safepoint: 2800 ns, Total: 24501 ns
[739.238s][info ][safepoint      ] Safepoint "Cleanup", Time since last: 3000260355 ns, Reaching safepoint: 8000 ns, Cleanup: 9801 ns, At safepoint: 2300 ns, Total: 20101 ns
[742.239s][info ][safepoint      ] Safepoint "Cleanup", Time since last: 3000198052 ns, Reaching safepoint: 6800 ns, Cleanup: 9500 ns, At safepoint: 2601 ns, Total: 18901 ns
[743.239s][info ][safepoint      ] Safepoint "Cleanup", Time since last: 1000054956 ns, Reaching safepoint: 15401 ns, Cleanup: 12601 ns, At safepoint: 2300 ns, Total: 30302 ns
[746.239s][info ][safepoint      ] Safepoint "Cleanup", Time since last: 3000261191 ns, Reaching safepoint: 7601 ns, Cleanup: 9700 ns, At safepoint: 3001 ns, Total: 20302 ns
[748.239s][info ][safepoint      ] Safepoint "Cleanup", Time since last: 2000189128 ns, Reaching safepoint: 7300 ns, Cleanup: 12401 ns, At safepoint: 2400 ns, Total: 22101 ns
[749.239s][info ][safepoint      ] Safepoint "Cleanup", Time since last: 1000095464 ns, Reaching safepoint: 7601 ns, Cleanup: 13900 ns, At safepoint: 6201 ns, Total: 27702 ns
[750.239s][info ][safepoint      ] Safepoint "Cleanup", Time since last: 1000117965 ns, Reaching safepoint: 7701 ns, Cleanup: 11000 ns, At safepoint: 2700 ns, Total: 21401 ns
[752.240s][info ][safepoint      ] Safepoint "Cleanup", Time since last: 2000169027 ns, Reaching safepoint: 7301 ns, Cleanup: 11500 ns, At safepoint: 2400 ns, Total: 21201 ns
[753.240s][info ][safepoint      ] Safepoint "Cleanup", Time since last: 1000112795 ns, Reaching safepoint: 7201 ns, Cleanup: 14000 ns, At safepoint: 2201 ns, Total: 23402 ns
[757.558s][info ][gc,start       ] GC(29) Pause Young (Allocation Failure)
[757.590s][debug][gc,phases      ] GC(29) Scavenge 31.715ms
[757.590s][debug][gc,ref         ] GC(29) ReferenceProcessor::execute queues: 1, RefProcThreadModel::Single, marks_oops_alive: false
[757.590s][debug][gc,ref         ] GC(29) Skipped KeepAliveFinalRefsPhase of Reference Processing: no references
[757.590s][debug][gc,ref         ] GC(29) ReferenceProcessor::execute queues: 1, RefProcThreadModel::Single, marks_oops_alive: false
[757.590s][debug][gc,phases      ] GC(29) Reference Processing 0.176ms
[757.591s][debug][gc,phases      ] GC(29)   VM Weak                        Min:  0.0, Avg:  0.0, Max:  0.0, Diff:  0.0, Sum:  0.0, Workers: 4
[757.591s][debug][gc,phases      ] GC(29)     Dead                           Min: 0, Avg:  0.0, Max: 0, Diff: 0, Sum: 0, Workers: 4
[757.591s][debug][gc,phases      ] GC(29)     Total                          Min: 0, Avg: 240.5, Max: 768, Diff: 768, Sum: 962, Workers: 4
[757.591s][debug][gc,phases      ] GC(29)   ObjectSynchronizer Weak        Min:  0.0, Avg:  0.0, Max:  0.0, Diff:  0.0, Sum:  0.0, Workers: 4
[757.591s][debug][gc,phases      ] GC(29)     Dead                           Min: 0, Avg:  0.0, Max: 0, Diff: 0, Sum: 0, Workers: 4
[757.591s][debug][gc,phases      ] GC(29)     Total                          Min: 0, Avg:  1.2, Max: 5, Diff: 5, Sum: 5, Workers: 4
[757.591s][debug][gc,phases      ] GC(29)   JVMTI Tag Weak OopStorage      Min:  0.0, Avg:  0.0, Max:  0.0, Diff:  0.0, Sum:  0.0, Workers: 4
[757.591s][debug][gc,phases      ] GC(29)     Dead                           Min: 0, Avg:  0.0, Max: 0, Diff: 0, Sum: 0, Workers: 4
[757.591s][debug][gc,phases      ] GC(29)     Total                          Min: 0, Avg:  0.0, Max: 0, Diff: 0, Sum: 0, Workers: 4
[757.591s][debug][gc,phases      ] GC(29)   StringTable Weak               Min:  0.1, Avg:  0.1, Max:  0.1, Diff:  0.0, Sum:  0.6, Workers: 4
[757.591s][debug][gc,phases      ] GC(29)     Dead                           Min: 0, Avg:  0.0, Max: 0, Diff: 0, Sum: 0, Workers: 4
[757.591s][debug][gc,phases      ] GC(29)     Total                          Min: 10560, Avg: 11977.5, Max: 12903, Diff: 2343, Sum: 47910, Workers: 4
[757.591s][debug][gc,phases      ] GC(29)   ResolvedMethodTable Weak       Min:  0.1, Avg:  0.1, Max:  0.1, Diff:  0.0, Sum:  0.2, Workers: 4
[757.591s][debug][gc,phases      ] GC(29)     Dead                           Min: 0, Avg:  0.0, Max: 0, Diff: 0, Sum: 0, Workers: 4
[757.591s][debug][gc,phases      ] GC(29)     Total                          Min: 3201, Avg: 3296.5, Max: 3410, Diff: 209, Sum: 13186, Workers: 4
[757.591s][debug][gc,phases      ] GC(29)   JNI Weak                       Min:  0.0, Avg:  0.0, Max:  0.0, Diff:  0.0, Sum:  0.0, Workers: 4
[757.591s][debug][gc,phases      ] GC(29)     Dead                           Min: 0, Avg:  0.0, Max: 0, Diff: 0, Sum: 0, Workers: 4
[757.591s][debug][gc,phases      ] GC(29)     Total                          Min: 0, Avg: 12.0, Max: 48, Diff: 48, Sum: 48, Workers: 4
[757.591s][debug][gc,phases      ] GC(29)   StringDedup Table Weak         Min:  0.0, Avg:  0.0, Max:  0.0, Diff:  0.0, Sum:  0.0, Workers: 4
[757.591s][debug][gc,phases      ] GC(29)     Dead                           Min: 0, Avg:  0.0, Max: 0, Diff: 0, Sum: 0, Workers: 4
[757.591s][debug][gc,phases      ] GC(29)     Total                          Min: 0, Avg:  0.0, Max: 0, Diff: 0, Sum: 0, Workers: 4
[757.591s][debug][gc,phases      ] GC(29)   StringDedup Requests0 Weak     Min:  0.0, Avg:  0.0, Max:  0.0, Diff:  0.0, Sum:  0.0, Workers: 4
[757.591s][debug][gc,phases      ] GC(29)     Dead                           Min: 0, Avg:  0.0, Max: 0, Diff: 0, Sum: 0, Workers: 4
[757.591s][debug][gc,phases      ] GC(29)     Total                          Min: 0, Avg:  0.0, Max: 0, Diff: 0, Sum: 0, Workers: 4
[757.591s][debug][gc,phases      ] GC(29)   StringDedup Requests1 Weak     Min:  0.0, Avg:  0.0, Max:  0.0, Diff:  0.0, Sum:  0.0, Workers: 4
[757.591s][debug][gc,phases      ] GC(29)     Dead                           Min: 0, Avg:  0.0, Max: 0, Diff: 0, Sum: 0, Workers: 4
[757.591s][debug][gc,phases      ] GC(29)     Total                          Min: 0, Avg:  0.0, Max: 0, Diff: 0, Sum: 0, Workers: 4
[757.591s][debug][gc,phases      ] GC(29)   Weak JFR Old Object Samples    Min:  0.0, Avg:  0.0, Max:  0.0, Diff:  0.0, Sum:  0.0, Workers: 4
[757.591s][debug][gc,phases      ] GC(29)     Dead                           Min: 0, Avg:  0.0, Max: 0, Diff: 0, Sum: 0, Workers: 4
[757.591s][debug][gc,phases      ] GC(29)     Total                          Min: 0, Avg:  0.0, Max: 0, Diff: 0, Sum: 0, Workers: 4
[757.591s][debug][gc,phases      ] GC(29) Weak Processing 0.464ms
[757.591s][debug][gc,age         ] GC(29) Desired survivor size 333447168 bytes, new threshold 15 (max threshold 15)
[757.591s][info ][gc,heap        ] GC(29) PSYoungGen: 1540930K(1768448K)->100130K(1766912K) Eden: 1438208K(1438208K)->0K(1438208K) From: 102722K(330240K)->100130K(328704K)
[757.591s][info ][gc,heap        ] GC(29) ParOldGen: 164068K(265216K)->164180K(265216K)
[757.591s][info ][gc,metaspace   ] GC(29) Metaspace: 94437K(95744K)->94437K(95744K) NonClass: 80517K(81280K)->80517K(81280K) Class: 13920K(14464K)->13920K(14464K)
[757.591s][info ][gc             ] GC(29) Pause Young (Allocation Failure) 1665M->258M(1984M) 32.523ms
[757.591s][info ][gc,cpu         ] GC(29) User=0.11s Sys=0.00s Real=0.04s
[757.591s][info ][safepoint      ] Safepoint "ParallelGCFailedAllocation", Time since last: 4318461835 ns, Reaching safepoint: 57403 ns, Cleanup: 4500 ns, At safepoint: 32618447 ns, Total: 32680350 ns
[764.591s][info ][safepoint      ] Safepoint "Cleanup", Time since last: 7000501245 ns, Reaching safepoint: 67503 ns, Cleanup: 11601 ns, At safepoint: 6300 ns, Total: 85404 ns
[765.592s][info ][safepoint      ] Safepoint "Cleanup", Time since last: 1000112278 ns, Reaching safepoint: 80404 ns, Cleanup: 11801 ns, At safepoint: 9700 ns, Total: 101905 ns
[772.592s][info ][safepoint      ] Safepoint "Cleanup", Time since last: 7000510883 ns, Reaching safepoint: 8701 ns, Cleanup: 11300 ns, At safepoint: 2400 ns, Total: 22401 ns
[773.592s][info ][safepoint      ] Safepoint "Cleanup", Time since last: 1000103447 ns, Reaching safepoint: 7400 ns, Cleanup: 11701 ns, At safepoint: 2200 ns, Total: 21301 ns
[774.592s][info ][safepoint      ] Safepoint "Cleanup", Time since last: 1000128448 ns, Reaching safepoint: 7300 ns, Cleanup: 10100 ns, At safepoint: 2701 ns, Total: 20101 ns
[778.593s][info ][safepoint      ] Safepoint "Cleanup", Time since last: 4000321860 ns, Reaching safepoint: 9701 ns, Cleanup: 18001 ns, At safepoint: 3000 ns, Total: 30702 ns
[779.593s][info ][safepoint      ] Safepoint "Cleanup", Time since last: 1000112762 ns, Reaching safepoint: 8001 ns, Cleanup: 10400 ns, At safepoint: 2600 ns, Total: 21001 ns
[791.535s][info ][gc,start       ] GC(30) Pause Young (Allocation Failure)
[791.574s][debug][gc,phases      ] GC(30) Scavenge 39.250ms
[791.574s][debug][gc,ref         ] GC(30) ReferenceProcessor::execute queues: 1, RefProcThreadModel::Single, marks_oops_alive: false
[791.574s][debug][gc,ref         ] GC(30) Skipped KeepAliveFinalRefsPhase of Reference Processing: no references
[791.574s][debug][gc,ref         ] GC(30) ReferenceProcessor::execute queues: 1, RefProcThreadModel::Single, marks_oops_alive: false
[791.574s][debug][gc,phases      ] GC(30) Reference Processing 0.149ms
[791.574s][debug][gc,phases      ] GC(30)   VM Weak                        Min:  0.0, Avg:  0.0, Max:  0.0, Diff:  0.0, Sum:  0.0, Workers: 4
[791.574s][debug][gc,phases      ] GC(30)     Dead                           Min: 0, Avg:  0.0, Max: 0, Diff: 0, Sum: 0, Workers: 4
[791.574s][debug][gc,phases      ] GC(30)     Total                          Min: 2, Avg: 240.5, Max: 576, Diff: 574, Sum: 962, Workers: 4
[791.574s][debug][gc,phases      ] GC(30)   ObjectSynchronizer Weak        Min:  0.0, Avg:  0.0, Max:  0.0, Diff:  0.0, Sum:  0.0, Workers: 4
[791.574s][debug][gc,phases      ] GC(30)     Dead                           Min: 0, Avg:  0.0, Max: 0, Diff: 0, Sum: 0, Workers: 4
[791.574s][debug][gc,phases      ] GC(30)     Total                          Min: 0, Avg:  1.0, Max: 4, Diff: 4, Sum: 4, Workers: 4
[791.574s][debug][gc,phases      ] GC(30)   JVMTI Tag Weak OopStorage      Min:  0.0, Avg:  0.0, Max:  0.0, Diff:  0.0, Sum:  0.0, Workers: 4
[791.574s][debug][gc,phases      ] GC(30)     Dead                           Min: 0, Avg:  0.0, Max: 0, Diff: 0, Sum: 0, Workers: 4
[791.574s][debug][gc,phases      ] GC(30)     Total                          Min: 0, Avg:  0.0, Max: 0, Diff: 0, Sum: 0, Workers: 4
[791.574s][debug][gc,phases      ] GC(30)   StringTable Weak               Min:  0.2, Avg:  0.2, Max:  0.2, Diff:  0.0, Sum:  0.6, Workers: 4
[791.574s][debug][gc,phases      ] GC(30)     Dead                           Min: 0, Avg:  0.0, Max: 0, Diff: 0, Sum: 0, Workers: 4
[791.574s][debug][gc,phases      ] GC(30)     Total                          Min: 5440, Avg: 11979.0, Max: 14509, Diff: 9069, Sum: 47916, Workers: 4
[791.574s][debug][gc,phases      ] GC(30)   ResolvedMethodTable Weak       Min:  0.0, Avg:  0.1, Max:  0.1, Diff:  0.0, Sum:  0.2, Workers: 4
[791.574s][debug][gc,phases      ] GC(30)     Dead                           Min: 0, Avg:  0.0, Max: 0, Diff: 0, Sum: 0, Workers: 4
[791.574s][debug][gc,phases      ] GC(30)     Total                          Min: 3153, Avg: 3296.5, Max: 3433, Diff: 280, Sum: 13186, Workers: 4
[791.574s][debug][gc,phases      ] GC(30)   JNI Weak                       Min:  0.0, Avg:  0.0, Max:  0.0, Diff:  0.0, Sum:  0.0, Workers: 4
[791.574s][debug][gc,phases      ] GC(30)     Dead                           Min: 0, Avg:  0.0, Max: 0, Diff: 0, Sum: 0, Workers: 4
[791.574s][debug][gc,phases      ] GC(30)     Total                          Min: 0, Avg: 12.0, Max: 48, Diff: 48, Sum: 48, Workers: 4
[791.574s][debug][gc,phases      ] GC(30)   StringDedup Table Weak         Min:  0.0, Avg:  0.0, Max:  0.0, Diff:  0.0, Sum:  0.0, Workers: 4
[791.574s][debug][gc,phases      ] GC(30)     Dead                           Min: 0, Avg:  0.0, Max: 0, Diff: 0, Sum: 0, Workers: 4
[791.574s][debug][gc,phases      ] GC(30)     Total                          Min: 0, Avg:  0.0, Max: 0, Diff: 0, Sum: 0, Workers: 4
[791.574s][debug][gc,phases      ] GC(30)   StringDedup Requests0 Weak     Min:  0.0, Avg:  0.0, Max:  0.0, Diff:  0.0, Sum:  0.0, Workers: 4
[791.574s][debug][gc,phases      ] GC(30)     Dead                           Min: 0, Avg:  0.0, Max: 0, Diff: 0, Sum: 0, Workers: 4
[791.574s][debug][gc,phases      ] GC(30)     Total                          Min: 0, Avg:  0.0, Max: 0, Diff: 0, Sum: 0, Workers: 4
[791.574s][debug][gc,phases      ] GC(30)   StringDedup Requests1 Weak     Min:  0.0, Avg:  0.0, Max:  0.0, Diff:  0.0, Sum:  0.0, Workers: 4
[791.574s][debug][gc,phases      ] GC(30)     Dead                           Min: 0, Avg:  0.0, Max: 0, Diff: 0, Sum: 0, Workers: 4
[791.574s][debug][gc,phases      ] GC(30)     Total                          Min: 0, Avg:  0.0, Max: 0, Diff: 0, Sum: 0, Workers: 4
[791.574s][debug][gc,phases      ] GC(30)   Weak JFR Old Object Samples    Min:  0.0, Avg:  0.0, Max:  0.0, Diff:  0.0, Sum:  0.0, Workers: 4
[791.574s][debug][gc,phases      ] GC(30)     Dead                           Min: 0, Avg:  0.0, Max: 0, Diff: 0, Sum: 0, Workers: 4
[791.574s][debug][gc,phases      ] GC(30)     Total                          Min: 0, Avg:  0.0, Max: 0, Diff: 0, Sum: 0, Workers: 4
[791.574s][debug][gc,phases      ] GC(30) Weak Processing 0.487ms
[791.574s][debug][gc,age         ] GC(30) Desired survivor size 332922880 bytes, new threshold 15 (max threshold 15)
[791.575s][info ][gc,heap        ] GC(30) PSYoungGen: 1538338K(1766912K)->73794K(1772032K) Eden: 1438208K(1438208K)->0K(1446400K) From: 100130K(328704K)->73794K(325632K)
[791.575s][info ][gc,heap        ] GC(30) ParOldGen: 164180K(265216K)->211912K(265216K)
[791.575s][info ][gc,metaspace   ] GC(30) Metaspace: 94461K(95744K)->94461K(95744K) NonClass: 80541K(81280K)->80541K(81280K) Class: 13920K(14464K)->13920K(14464K)
[791.575s][info ][gc             ] GC(30) Pause Young (Allocation Failure) 1662M->279M(1989M) 40.032ms
[791.575s][info ][gc,cpu         ] GC(30) User=0.12s Sys=0.01s Real=0.04s
[791.575s][info ][safepoint      ] Safepoint "ParallelGCFailedAllocation", Time since last: 11941514284 ns, Reaching safepoint: 7500 ns, Cleanup: 10001 ns, At safepoint: 40123875 ns, Total: 40141376 ns
[792.575s][info ][safepoint      ] Safepoint "Cleanup", Time since last: 1000095036 ns, Reaching safepoint: 7400 ns, Cleanup: 16301 ns, At safepoint: 5100 ns, Total: 28801 ns
[793.575s][info ][safepoint      ] Safepoint "Cleanup", Time since last: 1000118638 ns, Reaching safepoint: 7600 ns, Cleanup: 11701 ns, At safepoint: 2300 ns, Total: 21601 ns
[794.575s][info ][safepoint      ] Safepoint "Cleanup", Time since last: 1000118837 ns, Reaching safepoint: 7400 ns, Cleanup: 17701 ns, At safepoint: 7201 ns, Total: 32302 ns
[795.575s][info ][safepoint      ] Safepoint "Cleanup", Time since last: 1000117737 ns, Reaching safepoint: 7500 ns, Cleanup: 27601 ns, At safepoint: 2801 ns, Total: 37902 ns
[796.575s][info ][safepoint      ] Safepoint "Cleanup", Time since last: 1000115337 ns, Reaching safepoint: 8400 ns, Cleanup: 12401 ns, At safepoint: 2700 ns, Total: 23501 ns
[797.575s][info ][safepoint      ] Safepoint "Cleanup", Time since last: 1000136338 ns, Reaching safepoint: 7900 ns, Cleanup: 14701 ns, At safepoint: 2800 ns, Total: 25401 ns
[798.576s][info ][safepoint      ] Safepoint "Cleanup", Time since last: 1000088313 ns, Reaching safepoint: 15700 ns, Cleanup: 13601 ns, At safepoint: 2800 ns, Total: 32101 ns
[802.576s][info ][safepoint      ] Safepoint "Cleanup", Time since last: 4000275817 ns, Reaching safepoint: 10300 ns, Cleanup: 13101 ns, At safepoint: 3300 ns, Total: 26701 ns
[805.576s][info ][safepoint      ] Safepoint "Cleanup", Time since last: 3000194541 ns, Reaching safepoint: 7700 ns, Cleanup: 18201 ns, At safepoint: 2700 ns, Total: 28601 ns
[806.576s][info ][safepoint      ] Safepoint "Cleanup", Time since last: 1000121316 ns, Reaching safepoint: 7901 ns, Cleanup: 16100 ns, At safepoint: 3001 ns, Total: 27002 ns
[807.576s][info ][safepoint      ] Safepoint "Cleanup", Time since last: 1000115634 ns, Reaching safepoint: 8999 ns, Cleanup: 12800 ns, At safepoint: 3000 ns, Total: 24799 ns
[808.577s][info ][safepoint      ] Safepoint "Cleanup", Time since last: 1000144831 ns, Reaching safepoint: 8600 ns, Cleanup: 11101 ns, At safepoint: 3100 ns, Total: 22801 ns
[810.577s][info ][safepoint      ] Safepoint "Cleanup", Time since last: 2000179006 ns, Reaching safepoint: 9501 ns, Cleanup: 12700 ns, At safepoint: 2700 ns, Total: 24901 ns
[815.577s][info ][safepoint      ] Safepoint "Cleanup", Time since last: 5000374434 ns, Reaching safepoint: 8100 ns, Cleanup: 13901 ns, At safepoint: 2500 ns, Total: 24501 ns
[818.577s][info ][safepoint      ] Safepoint "Cleanup", Time since last: 3000269596 ns, Reaching safepoint: 8301 ns, Cleanup: 15000 ns, At safepoint: 3401 ns, Total: 26702 ns
[820.578s][info ][safepoint      ] Safepoint "Cleanup", Time since last: 2000173662 ns, Reaching safepoint: 8200 ns, Cleanup: 12001 ns, At safepoint: 2900 ns, Total: 23101 ns
[821.578s][info ][safepoint      ] Safepoint "Cleanup", Time since last: 1000121833 ns, Reaching safepoint: 7300 ns, Cleanup: 17301 ns, At safepoint: 6501 ns, Total: 31102 ns
[822.578s][info ][safepoint      ] Safepoint "Cleanup", Time since last: 1000115732 ns, Reaching safepoint: 80004 ns, Cleanup: 11601 ns, At safepoint: 5600 ns, Total: 97205 ns
[824.578s][info ][safepoint      ] Safepoint "Cleanup", Time since last: 2000158460 ns, Reaching safepoint: 8100 ns, Cleanup: 12701 ns, At safepoint: 2600 ns, Total: 23401 ns
[825.578s][info ][safepoint      ] Safepoint "Cleanup", Time since last: 1000123591 ns, Reaching safepoint: 7201 ns, Cleanup: 22101 ns, At safepoint: 2900 ns, Total: 32202 ns
[826.579s][info ][safepoint      ] Safepoint "Cleanup", Time since last: 1000126591 ns, Reaching safepoint: 7001 ns, Cleanup: 10800 ns, At safepoint: 2800 ns, Total: 20601 ns
[831.579s][info ][safepoint      ] Safepoint "Cleanup", Time since last: 5000363341 ns, Reaching safepoint: 10100 ns, Cleanup: 39002 ns, At safepoint: 2500 ns, Total: 51602 ns
[832.579s][info ][safepoint      ] Safepoint "Cleanup", Time since last: 1000120516 ns, Reaching safepoint: 7600 ns, Cleanup: 27101 ns, At safepoint: 7700 ns, Total: 42401 ns
[833.579s][info ][safepoint      ] Safepoint "Cleanup", Time since last: 1000114115 ns, Reaching safepoint: 7301 ns, Cleanup: 25301 ns, At safepoint: 2700 ns, Total: 35302 ns
[834.579s][info ][safepoint      ] Safepoint "Cleanup", Time since last: 1000127816 ns, Reaching safepoint: 8700 ns, Cleanup: 13500 ns, At safepoint: 2700 ns, Total: 24900 ns
[836.234s][info ][gc,start       ] GC(31) Pause Young (Allocation Failure)
[836.257s][debug][gc,phases      ] GC(31) Scavenge 22.442ms
[836.257s][debug][gc,ref         ] GC(31) ReferenceProcessor::execute queues: 1, RefProcThreadModel::Single, marks_oops_alive: false
[836.257s][debug][gc,ref         ] GC(31) Skipped KeepAliveFinalRefsPhase of Reference Processing: no references
[836.257s][debug][gc,ref         ] GC(31) Skipped PhantomRefsPhase of Reference Processing: no references
[836.257s][debug][gc,phases      ] GC(31) Reference Processing 0.156ms
[836.257s][debug][gc,phases      ] GC(31)   VM Weak                        Min:  0.0, Avg:  0.0, Max:  0.0, Diff:  0.0, Sum:  0.0, Workers: 4
[836.257s][debug][gc,phases      ] GC(31)     Dead                           Min: 0, Avg:  0.0, Max: 0, Diff: 0, Sum: 0, Workers: 4
[836.257s][debug][gc,phases      ] GC(31)     Total                          Min: 0, Avg: 240.5, Max: 512, Diff: 512, Sum: 962, Workers: 4
[836.257s][debug][gc,phases      ] GC(31)   ObjectSynchronizer Weak        Min:  0.0, Avg:  0.0, Max:  0.0, Diff:  0.0, Sum:  0.0, Workers: 4
[836.257s][debug][gc,phases      ] GC(31)     Dead                           Min: 0, Avg:  0.0, Max: 0, Diff: 0, Sum: 0, Workers: 4
[836.257s][debug][gc,phases      ] GC(31)     Total                          Min: 0, Avg:  1.0, Max: 4, Diff: 4, Sum: 4, Workers: 4
[836.257s][debug][gc,phases      ] GC(31)   JVMTI Tag Weak OopStorage      Min:  0.0, Avg:  0.0, Max:  0.0, Diff:  0.0, Sum:  0.0, Workers: 4
[836.257s][debug][gc,phases      ] GC(31)     Dead                           Min: 0, Avg:  0.0, Max: 0, Diff: 0, Sum: 0, Workers: 4
[836.257s][debug][gc,phases      ] GC(31)     Total                          Min: 0, Avg:  0.0, Max: 0, Diff: 0, Sum: 0, Workers: 4
[836.257s][debug][gc,phases      ] GC(31)   StringTable Weak               Min:  0.1, Avg:  0.1, Max:  0.2, Diff:  0.1, Sum:  0.5, Workers: 4
[836.257s][debug][gc,phases      ] GC(31)     Dead                           Min: 0, Avg:  0.0, Max: 0, Diff: 0, Sum: 0, Workers: 4
[836.257s][debug][gc,phases      ] GC(31)     Total                          Min: 6463, Avg: 11979.2, Max: 14400, Diff: 7937, Sum: 47917, Workers: 4
[836.257s][debug][gc,phases      ] GC(31)   ResolvedMethodTable Weak       Min:  0.0, Avg:  0.0, Max:  0.0, Diff:  0.0, Sum:  0.2, Workers: 4
[836.257s][debug][gc,phases      ] GC(31)     Dead                           Min: 0, Avg:  0.0, Max: 0, Diff: 0, Sum: 0, Workers: 4
[836.257s][debug][gc,phases      ] GC(31)     Total                          Min: 3098, Avg: 3296.5, Max: 3524, Diff: 426, Sum: 13186, Workers: 4
[836.257s][debug][gc,phases      ] GC(31)   JNI Weak                       Min:  0.0, Avg:  0.0, Max:  0.0, Diff:  0.0, Sum:  0.0, Workers: 4
[836.257s][debug][gc,phases      ] GC(31)     Dead                           Min: 0, Avg:  0.0, Max: 0, Diff: 0, Sum: 0, Workers: 4
[836.257s][debug][gc,phases      ] GC(31)     Total                          Min: 0, Avg: 12.0, Max: 48, Diff: 48, Sum: 48, Workers: 4
[836.257s][debug][gc,phases      ] GC(31)   StringDedup Table Weak         Min:  0.0, Avg:  0.0, Max:  0.0, Diff:  0.0, Sum:  0.0, Workers: 4
[836.257s][debug][gc,phases      ] GC(31)     Dead                           Min: 0, Avg:  0.0, Max: 0, Diff: 0, Sum: 0, Workers: 4
[836.257s][debug][gc,phases      ] GC(31)     Total                          Min: 0, Avg:  0.0, Max: 0, Diff: 0, Sum: 0, Workers: 4
[836.257s][debug][gc,phases      ] GC(31)   StringDedup Requests0 Weak     Min:  0.0, Avg:  0.0, Max:  0.0, Diff:  0.0, Sum:  0.0, Workers: 4
[836.257s][debug][gc,phases      ] GC(31)     Dead                           Min: 0, Avg:  0.0, Max: 0, Diff: 0, Sum: 0, Workers: 4
[836.257s][debug][gc,phases      ] GC(31)     Total                          Min: 0, Avg:  0.0, Max: 0, Diff: 0, Sum: 0, Workers: 4
[836.257s][debug][gc,phases      ] GC(31)   StringDedup Requests1 Weak     Min:  0.0, Avg:  0.0, Max:  0.0, Diff:  0.0, Sum:  0.0, Workers: 4
[836.257s][debug][gc,phases      ] GC(31)     Dead                           Min: 0, Avg:  0.0, Max: 0, Diff: 0, Sum: 0, Workers: 4
[836.257s][debug][gc,phases      ] GC(31)     Total                          Min: 0, Avg:  0.0, Max: 0, Diff: 0, Sum: 0, Workers: 4
[836.257s][debug][gc,phases      ] GC(31)   Weak JFR Old Object Samples    Min:  0.0, Avg:  0.0, Max:  0.0, Diff:  0.0, Sum:  0.0, Workers: 4
[836.257s][debug][gc,phases      ] GC(31)     Dead                           Min: 0, Avg:  0.0, Max: 0, Diff: 0, Sum: 0, Workers: 4
[836.257s][debug][gc,phases      ] GC(31)     Total                          Min: 0, Avg:  0.0, Max: 0, Diff: 0, Sum: 0, Workers: 4
[836.257s][debug][gc,phases      ] GC(31) Weak Processing 0.467ms
[836.257s][debug][gc,age         ] GC(31) Desired survivor size 329777152 bytes, new threshold 15 (max threshold 15)
[836.257s][info ][gc,heap        ] GC(31) PSYoungGen: 1520194K(1772032K)->76210K(1771520K) Eden: 1446400K(1446400K)->0K(1446400K) From: 73794K(325632K)->76210K(325120K)
[836.257s][info ][gc,heap        ] GC(31) ParOldGen: 211912K(265216K)->216305K(265216K)
[836.257s][info ][gc,metaspace   ] GC(31) Metaspace: 94492K(95744K)->94492K(95744K) NonClass: 80572K(81280K)->80572K(81280K) Class: 13920K(14464K)->13920K(14464K)
[836.257s][info ][gc             ] GC(31) Pause Young (Allocation Failure) 1691M->285M(1989M) 23.222ms
[836.257s][info ][gc,cpu         ] GC(31) User=0.09s Sys=0.00s Real=0.02s
[836.258s][info ][safepoint      ] Safepoint "ParallelGCFailedAllocation", Time since last: 1654725262 ns, Reaching safepoint: 79703 ns, Cleanup: 12001 ns, At safepoint: 23302950 ns, Total: 23394654 ns
[837.258s][info ][safepoint      ] Safepoint "Cleanup", Time since last: 1000094497 ns, Reaching safepoint: 9300 ns, Cleanup: 15201 ns, At safepoint: 2500 ns, Total: 27001 ns
[838.258s][info ][safepoint      ] Safepoint "Cleanup", Time since last: 1000466413 ns, Reaching safepoint: 7000 ns, Cleanup: 14901 ns, At safepoint: 5700 ns, Total: 27601 ns
[840.258s][info ][safepoint      ] Safepoint "Cleanup", Time since last: 2000146393 ns, Reaching safepoint: 7600 ns, Cleanup: 10601 ns, At safepoint: 2000 ns, Total: 20201 ns
[842.274s][info ][safepoint      ] Safepoint "Cleanup", Time since last: 2015792399 ns, Reaching safepoint: 7600 ns, Cleanup: 12601 ns, At safepoint: 2400 ns, Total: 22601 ns
[843.274s][info ][safepoint      ] Safepoint "Cleanup", Time since last: 1000137500 ns, Reaching safepoint: 10000 ns, Cleanup: 14601 ns, At safepoint: 9100 ns, Total: 33701 ns
[844.274s][info ][safepoint      ] Safepoint "Cleanup", Time since last: 1000120599 ns, Reaching safepoint: 7801 ns, Cleanup: 15500 ns, At safepoint: 2400 ns, Total: 25701 ns
[848.275s][info ][safepoint      ] Safepoint "Cleanup", Time since last: 4000319814 ns, Reaching safepoint: 7301 ns, Cleanup: 10600 ns, At safepoint: 3000 ns, Total: 20901 ns
[849.275s][info ][safepoint      ] Safepoint "Cleanup", Time since last: 1000129013 ns, Reaching safepoint: 8201 ns, Cleanup: 12500 ns, At safepoint: 3100 ns, Total: 23801 ns
[851.275s][info ][safepoint      ] Safepoint "Cleanup", Time since last: 2000179649 ns, Reaching safepoint: 7800 ns, Cleanup: 10201 ns, At safepoint: 5100 ns, Total: 23101 ns
[854.275s][info ][safepoint      ] Safepoint "Cleanup", Time since last: 3000241815 ns, Reaching safepoint: 8400 ns, Cleanup: 12601 ns, At safepoint: 2500 ns, Total: 23501 ns
[856.276s][info ][safepoint      ] Safepoint "Cleanup", Time since last: 2000198204 ns, Reaching safepoint: 8101 ns, Cleanup: 12900 ns, At safepoint: 2600 ns, Total: 23601 ns
[863.276s][info ][safepoint      ] Safepoint "Cleanup", Time since last: 7000521729 ns, Reaching safepoint: 78503 ns, Cleanup: 35802 ns, At safepoint: 12200 ns, Total: 126505 ns
[863.859s][info ][safepoint      ] Safepoint "ParallelGCFailedAllocation", Time since last: 582513283 ns, Reaching safepoint: 85503 ns, Cleanup: 15801 ns, At safepoint: 17301 ns, Total: 118605 ns
[863.859s][info ][gc,start       ] GC(32) Pause Young (GCLocker Initiated GC)
[863.892s][debug][gc,phases      ] GC(32) Scavenge 32.468ms
[863.892s][debug][gc,ref         ] GC(32) ReferenceProcessor::execute queues: 1, RefProcThreadModel::Single, marks_oops_alive: false
[863.892s][debug][gc,ref         ] GC(32) Skipped KeepAliveFinalRefsPhase of Reference Processing: no references
[863.892s][debug][gc,ref         ] GC(32) ReferenceProcessor::execute queues: 1, RefProcThreadModel::Single, marks_oops_alive: false
[863.892s][debug][gc,phases      ] GC(32) Reference Processing 0.142ms
[863.892s][debug][gc,phases      ] GC(32)   VM Weak                        Min:  0.0, Avg:  0.0, Max:  0.0, Diff:  0.0, Sum:  0.0, Workers: 4
[863.892s][debug][gc,phases      ] GC(32)     Dead                           Min: 0, Avg:  0.0, Max: 0, Diff: 0, Sum: 0, Workers: 4
[863.892s][debug][gc,phases      ] GC(32)     Total                          Min: 0, Avg: 240.5, Max: 578, Diff: 578, Sum: 962, Workers: 4
[863.892s][debug][gc,phases      ] GC(32)   ObjectSynchronizer Weak        Min:  0.0, Avg:  0.0, Max:  0.0, Diff:  0.0, Sum:  0.0, Workers: 4
[863.892s][debug][gc,phases      ] GC(32)     Dead                           Min: 0, Avg:  0.0, Max: 0, Diff: 0, Sum: 0, Workers: 4
[863.892s][debug][gc,phases      ] GC(32)     Total                          Min: 0, Avg:  1.2, Max: 5, Diff: 5, Sum: 5, Workers: 4
[863.892s][debug][gc,phases      ] GC(32)   JVMTI Tag Weak OopStorage      Min:  0.0, Avg:  0.0, Max:  0.0, Diff:  0.0, Sum:  0.0, Workers: 4
[863.892s][debug][gc,phases      ] GC(32)     Dead                           Min: 0, Avg:  0.0, Max: 0, Diff: 0, Sum: 0, Workers: 4
[863.892s][debug][gc,phases      ] GC(32)     Total                          Min: 0, Avg:  0.0, Max: 0, Diff: 0, Sum: 0, Workers: 4
[863.892s][debug][gc,phases      ] GC(32)   StringTable Weak               Min:  0.0, Avg:  0.1, Max:  0.2, Diff:  0.2, Sum:  0.5, Workers: 4
[863.892s][debug][gc,phases      ] GC(32)     Dead                           Min: 0, Avg:  0.0, Max: 0, Diff: 0, Sum: 0, Workers: 4
[863.892s][debug][gc,phases      ] GC(32)     Total                          Min: 0, Avg: 11979.2, Max: 16320, Diff: 16320, Sum: 47917, Workers: 4
[863.892s][debug][gc,phases      ] GC(32)   ResolvedMethodTable Weak       Min:  0.0, Avg:  0.0, Max:  0.1, Diff:  0.1, Sum:  0.2, Workers: 4
[863.892s][debug][gc,phases      ] GC(32)     Dead                           Min: 0, Avg:  0.0, Max: 0, Diff: 0, Sum: 0, Workers: 4
[863.892s][debug][gc,phases      ] GC(32)     Total                          Min: 0, Avg: 3296.5, Max: 5160, Diff: 5160, Sum: 13186, Workers: 4
[863.892s][debug][gc,phases      ] GC(32)   JNI Weak                       Min:  0.0, Avg:  0.0, Max:  0.0, Diff:  0.0, Sum:  0.0, Workers: 4
[863.892s][debug][gc,phases      ] GC(32)     Dead                           Min: 0, Avg:  0.0, Max: 0, Diff: 0, Sum: 0, Workers: 4
[863.892s][debug][gc,phases      ] GC(32)     Total                          Min: 0, Avg: 12.0, Max: 48, Diff: 48, Sum: 48, Workers: 4
[863.892s][debug][gc,phases      ] GC(32)   StringDedup Table Weak         Min:  0.0, Avg:  0.0, Max:  0.0, Diff:  0.0, Sum:  0.0, Workers: 4
[863.892s][debug][gc,phases      ] GC(32)     Dead                           Min: 0, Avg:  0.0, Max: 0, Diff: 0, Sum: 0, Workers: 4
[863.892s][debug][gc,phases      ] GC(32)     Total                          Min: 0, Avg:  0.0, Max: 0, Diff: 0, Sum: 0, Workers: 4
[863.892s][debug][gc,phases      ] GC(32)   StringDedup Requests0 Weak     Min:  0.0, Avg:  0.0, Max:  0.0, Diff:  0.0, Sum:  0.0, Workers: 4
[863.892s][debug][gc,phases      ] GC(32)     Dead                           Min: 0, Avg:  0.0, Max: 0, Diff: 0, Sum: 0, Workers: 4
[863.892s][debug][gc,phases      ] GC(32)     Total                          Min: 0, Avg:  0.0, Max: 0, Diff: 0, Sum: 0, Workers: 4
[863.892s][debug][gc,phases      ] GC(32)   StringDedup Requests1 Weak     Min:  0.0, Avg:  0.0, Max:  0.0, Diff:  0.0, Sum:  0.0, Workers: 4
[863.892s][debug][gc,phases      ] GC(32)     Dead                           Min: 0, Avg:  0.0, Max: 0, Diff: 0, Sum: 0, Workers: 4
[863.892s][debug][gc,phases      ] GC(32)     Total                          Min: 0, Avg:  0.0, Max: 0, Diff: 0, Sum: 0, Workers: 4
[863.892s][debug][gc,phases      ] GC(32)   Weak JFR Old Object Samples    Min:  0.0, Avg:  0.0, Max:  0.0, Diff:  0.0, Sum:  0.0, Workers: 4
[863.892s][debug][gc,phases      ] GC(32)     Dead                           Min: 0, Avg:  0.0, Max: 0, Diff: 0, Sum: 0, Workers: 4
[863.892s][debug][gc,phases      ] GC(32)     Total                          Min: 0, Avg:  0.0, Max: 0, Diff: 0, Sum: 0, Workers: 4
[863.892s][debug][gc,phases      ] GC(32) Weak Processing 0.506ms
[863.892s][debug][gc,age         ] GC(32) Desired survivor size 324009984 bytes, new threshold 15 (max threshold 15)
[863.892s][info ][gc,heap        ] GC(32) PSYoungGen: 1522610K(1771520K)->81298K(1780736K) Eden: 1446400K(1446400K)->0K(1458688K) From: 76210K(325120K)->81298K(322048K)
[863.892s][info ][gc,heap        ] GC(32) ParOldGen: 216369K(265216K)->217649K(265216K)
[863.892s][info ][gc,metaspace   ] GC(32) Metaspace: 94523K(95808K)->94523K(95808K) NonClass: 80602K(81344K)->80602K(81344K) Class: 13920K(14464K)->13920K(14464K)
[863.892s][info ][gc             ] GC(32) Pause Young (GCLocker Initiated GC) 1698M->291M(1998M) 33.260ms
[863.892s][info ][gc,cpu         ] GC(32) User=0.10s Sys=0.00s Real=0.04s
[863.892s][info ][safepoint      ] Safepoint "ParallelGCSystemGC", Time since last: 125705 ns, Reaching safepoint: 75704 ns, Cleanup: 1300 ns, At safepoint: 33344476 ns, Total: 33421480 ns
[864.893s][info ][safepoint      ] Safepoint "Cleanup", Time since last: 1000092964 ns, Reaching safepoint: 82204 ns, Cleanup: 10200 ns, At safepoint: 10501 ns, Total: 102905 ns
[866.893s][info ][safepoint      ] Safepoint "Cleanup", Time since last: 2000190929 ns, Reaching safepoint: 83503 ns, Cleanup: 13001 ns, At safepoint: 8200 ns, Total: 104704 ns
[867.893s][info ][safepoint      ] Safepoint "Cleanup", Time since last: 1000145467 ns, Reaching safepoint: 7100 ns, Cleanup: 10201 ns, At safepoint: 2700 ns, Total: 20001 ns
[868.893s][info ][safepoint      ] Safepoint "Cleanup", Time since last: 1000134666 ns, Reaching safepoint: 7500 ns, Cleanup: 9001 ns, At safepoint: 2700 ns, Total: 19201 ns
[870.893s][info ][safepoint      ] Safepoint "Cleanup", Time since last: 2000180944 ns, Reaching safepoint: 6900 ns, Cleanup: 20401 ns, At safepoint: 2800 ns, Total: 30101 ns
[873.894s][info ][safepoint      ] Safepoint "Cleanup", Time since last: 3000239998 ns, Reaching safepoint: 7301 ns, Cleanup: 12700 ns, At safepoint: 2700 ns, Total: 22701 ns
[875.894s][info ][safepoint      ] Safepoint "Cleanup", Time since last: 2000189734 ns, Reaching safepoint: 7100 ns, Cleanup: 8101 ns, At safepoint: 2700 ns, Total: 17901 ns
[876.894s][info ][safepoint      ] Safepoint "Cleanup", Time since last: 1000119568 ns, Reaching safepoint: 80603 ns, Cleanup: 9701 ns, At safepoint: 5500 ns, Total: 95804 ns
[877.894s][info ][safepoint      ] Safepoint "Cleanup", Time since last: 1000113267 ns, Reaching safepoint: 9901 ns, Cleanup: 13100 ns, At safepoint: 7601 ns, Total: 30602 ns
[879.895s][info ][safepoint      ] Safepoint "Cleanup", Time since last: 2000192513 ns, Reaching safepoint: 7100 ns, Cleanup: 10301 ns, At safepoint: 2200 ns, Total: 19601 ns
[880.895s][info ][safepoint      ] Safepoint "Cleanup", Time since last: 1000114967 ns, Reaching safepoint: 6700 ns, Cleanup: 6401 ns, At safepoint: 2600 ns, Total: 15701 ns
[882.895s][info ][safepoint      ] Safepoint "Cleanup", Time since last: 2000196232 ns, Reaching safepoint: 8501 ns, Cleanup: 30901 ns, At safepoint: 2600 ns, Total: 42002 ns
[887.895s][info ][safepoint      ] Safepoint "Cleanup", Time since last: 5000409848 ns, Reaching safepoint: 7901 ns, Cleanup: 10300 ns, At safepoint: 3000 ns, Total: 21201 ns
[888.895s][info ][safepoint      ] Safepoint "Cleanup", Time since last: 1000109739 ns, Reaching safepoint: 7801 ns, Cleanup: 12000 ns, At safepoint: 2700 ns, Total: 22501 ns
[889.896s][info ][safepoint      ] Safepoint "Cleanup", Time since last: 1000117340 ns, Reaching safepoint: 7500 ns, Cleanup: 12901 ns, At safepoint: 3000 ns, Total: 23401 ns
[890.118s][info ][gc,start       ] GC(33) Pause Young (Allocation Failure)
[890.143s][debug][gc,phases      ] GC(33) Scavenge 25.389ms
[890.144s][debug][gc,ref         ] GC(33) ReferenceProcessor::execute queues: 1, RefProcThreadModel::Single, marks_oops_alive: false
[890.144s][debug][gc,ref         ] GC(33) Skipped KeepAliveFinalRefsPhase of Reference Processing: no references
[890.144s][debug][gc,ref         ] GC(33) ReferenceProcessor::execute queues: 1, RefProcThreadModel::Single, marks_oops_alive: false
[890.144s][debug][gc,phases      ] GC(33) Reference Processing 0.145ms
[890.144s][debug][gc,phases      ] GC(33)   VM Weak                        Min:  0.0, Avg:  0.0, Max:  0.0, Diff:  0.0, Sum:  0.0, Workers: 4
[890.144s][debug][gc,phases      ] GC(33)     Dead                           Min: 0, Avg:  0.0, Max: 0, Diff: 0, Sum: 0, Workers: 4
[890.144s][debug][gc,phases      ] GC(33)     Total                          Min: 0, Avg: 240.8, Max: 579, Diff: 579, Sum: 963, Workers: 4
[890.144s][debug][gc,phases      ] GC(33)   ObjectSynchronizer Weak        Min:  0.0, Avg:  0.0, Max:  0.0, Diff:  0.0, Sum:  0.0, Workers: 4
[890.144s][debug][gc,phases      ] GC(33)     Dead                           Min: 0, Avg:  0.0, Max: 0, Diff: 0, Sum: 0, Workers: 4
[890.144s][debug][gc,phases      ] GC(33)     Total                          Min: 0, Avg:  1.2, Max: 5, Diff: 5, Sum: 5, Workers: 4
[890.144s][debug][gc,phases      ] GC(33)   JVMTI Tag Weak OopStorage      Min:  0.0, Avg:  0.0, Max:  0.0, Diff:  0.0, Sum:  0.0, Workers: 4
[890.144s][debug][gc,phases      ] GC(33)     Dead                           Min: 0, Avg:  0.0, Max: 0, Diff: 0, Sum: 0, Workers: 4
[890.144s][debug][gc,phases      ] GC(33)     Total                          Min: 0, Avg:  0.0, Max: 0, Diff: 0, Sum: 0, Workers: 4
[890.144s][debug][gc,phases      ] GC(33)   StringTable Weak               Min:  0.0, Avg:  0.1, Max:  0.2, Diff:  0.2, Sum:  0.5, Workers: 4
[890.144s][debug][gc,phases      ] GC(33)     Dead                           Min: 0, Avg:  0.0, Max: 0, Diff: 0, Sum: 0, Workers: 4
[890.144s][debug][gc,phases      ] GC(33)     Total                          Min: 0, Avg: 11980.5, Max: 16192, Diff: 16192, Sum: 47922, Workers: 4
[890.144s][debug][gc,phases      ] GC(33)   ResolvedMethodTable Weak       Min:  0.0, Avg:  0.0, Max:  0.1, Diff:  0.1, Sum:  0.2, Workers: 4
[890.144s][debug][gc,phases      ] GC(33)     Dead                           Min: 0, Avg:  0.0, Max: 0, Diff: 0, Sum: 0, Workers: 4
[890.144s][debug][gc,phases      ] GC(33)     Total                          Min: 0, Avg: 3298.5, Max: 4674, Diff: 4674, Sum: 13194, Workers: 4
[890.144s][debug][gc,phases      ] GC(33)   JNI Weak                       Min:  0.0, Avg:  0.0, Max:  0.0, Diff:  0.0, Sum:  0.0, Workers: 4
[890.144s][debug][gc,phases      ] GC(33)     Dead                           Min: 0, Avg:  0.0, Max: 0, Diff: 0, Sum: 0, Workers: 4
[890.144s][debug][gc,phases      ] GC(33)     Total                          Min: 0, Avg: 12.2, Max: 49, Diff: 49, Sum: 49, Workers: 4
[890.144s][debug][gc,phases      ] GC(33)   StringDedup Table Weak         Min:  0.0, Avg:  0.0, Max:  0.0, Diff:  0.0, Sum:  0.0, Workers: 4
[890.144s][debug][gc,phases      ] GC(33)     Dead                           Min: 0, Avg:  0.0, Max: 0, Diff: 0, Sum: 0, Workers: 4
[890.144s][debug][gc,phases      ] GC(33)     Total                          Min: 0, Avg:  0.0, Max: 0, Diff: 0, Sum: 0, Workers: 4
[890.144s][debug][gc,phases      ] GC(33)   StringDedup Requests0 Weak     Min:  0.0, Avg:  0.0, Max:  0.0, Diff:  0.0, Sum:  0.0, Workers: 4
[890.144s][debug][gc,phases      ] GC(33)     Dead                           Min: 0, Avg:  0.0, Max: 0, Diff: 0, Sum: 0, Workers: 4
[890.144s][debug][gc,phases      ] GC(33)     Total                          Min: 0, Avg:  0.0, Max: 0, Diff: 0, Sum: 0, Workers: 4
[890.144s][debug][gc,phases      ] GC(33)   StringDedup Requests1 Weak     Min:  0.0, Avg:  0.0, Max:  0.0, Diff:  0.0, Sum:  0.0, Workers: 4
[890.144s][debug][gc,phases      ] GC(33)     Dead                           Min: 0, Avg:  0.0, Max: 0, Diff: 0, Sum: 0, Workers: 4
[890.144s][debug][gc,phases      ] GC(33)     Total                          Min: 0, Avg:  0.0, Max: 0, Diff: 0, Sum: 0, Workers: 4
[890.144s][debug][gc,phases      ] GC(33)   Weak JFR Old Object Samples    Min:  0.0, Avg:  0.0, Max:  0.0, Diff:  0.0, Sum:  0.0, Workers: 4
[890.144s][debug][gc,phases      ] GC(33)     Dead                           Min: 0, Avg:  0.0, Max: 0, Diff: 0, Sum: 0, Workers: 4
[890.144s][debug][gc,phases      ] GC(33)     Total                          Min: 0, Avg:  0.0, Max: 0, Diff: 0, Sum: 0, Workers: 4
[890.144s][debug][gc,phases      ] GC(33) Weak Processing 0.488ms
[890.144s][debug][gc,age         ] GC(33) Desired survivor size 315097088 bytes, new threshold 15 (max threshold 15)
[890.144s][info ][gc,heap        ] GC(33) PSYoungGen: 1539986K(1780736K)->89714K(1775104K) Eden: 1458688K(1458688K)->0K(1458688K) From: 81298K(322048K)->89714K(316416K)
[890.144s][info ][gc,heap        ] GC(33) ParOldGen: 217663K(265216K)->217959K(265216K)
[890.144s][info ][gc,metaspace   ] GC(33) Metaspace: 94584K(95872K)->94584K(95872K) NonClass: 80662K(81408K)->80662K(81408K) Class: 13922K(14464K)->13922K(14464K)
[890.144s][info ][gc             ] GC(33) Pause Young (Allocation Failure) 1716M->300M(1992M) 26.202ms
[890.144s][info ][gc,cpu         ] GC(33) User=0.08s Sys=0.01s Real=0.03s
[890.144s][info ][safepoint      ] Safepoint "ParallelGCFailedAllocation", Time since last: 222265898 ns, Reaching safepoint: 81904 ns, Cleanup: 7800 ns, At safepoint: 26307872 ns, Total: 26397576 ns
[893.145s][info ][safepoint      ] Safepoint "Cleanup", Time since last: 3000233213 ns, Reaching safepoint: 9100 ns, Cleanup: 11900 ns, At safepoint: 34902 ns, Total: 55902 ns
[894.145s][info ][safepoint      ] Safepoint "Cleanup", Time since last: 1000104439 ns, Reaching safepoint: 7300 ns, Cleanup: 9601 ns, At safepoint: 2200 ns, Total: 19101 ns
[896.145s][info ][safepoint      ] Safepoint "Cleanup", Time since last: 2000161288 ns, Reaching safepoint: 7500 ns, Cleanup: 12800 ns, At safepoint: 2300 ns, Total: 22600 ns
[905.291s][info ][safepoint      ] Safepoint "Cleanup", Time since last: 9146214434 ns, Reaching safepoint: 6701 ns, Cleanup: 10100 ns, At safepoint: 2700 ns, Total: 19501 ns
[912.292s][info ][safepoint      ] Safepoint "Cleanup", Time since last: 7000531160 ns, Reaching safepoint: 7300 ns, Cleanup: 8801 ns, At safepoint: 3200 ns, Total: 19301 ns
[913.292s][info ][safepoint      ] Safepoint "Cleanup", Time since last: 1000123574 ns, Reaching safepoint: 7700 ns, Cleanup: 21701 ns, At safepoint: 2700 ns, Total: 32101 ns
[914.292s][info ][safepoint      ] Safepoint "Cleanup", Time since last: 1000114374 ns, Reaching safepoint: 7300 ns, Cleanup: 11701 ns, At safepoint: 2500 ns, Total: 21501 ns
[915.292s][info ][safepoint      ] Safepoint "Cleanup", Time since last: 1000110374 ns, Reaching safepoint: 6800 ns, Cleanup: 10500 ns, At safepoint: 2700 ns, Total: 20000 ns
[919.292s][info ][safepoint      ] Safepoint "Cleanup", Time since last: 4000315114 ns, Reaching safepoint: 7700 ns, Cleanup: 12701 ns, At safepoint: 2300 ns, Total: 22701 ns
[920.293s][info ][safepoint      ] Safepoint "Cleanup", Time since last: 1000114920 ns, Reaching safepoint: 8100 ns, Cleanup: 11100 ns, At safepoint: 2301 ns, Total: 21501 ns
[922.293s][info ][safepoint      ] Safepoint "Cleanup", Time since last: 2000165836 ns, Reaching safepoint: 8201 ns, Cleanup: 11500 ns, At safepoint: 2900 ns, Total: 22601 ns
[932.293s][info ][safepoint      ] Safepoint "Cleanup", Time since last: 10000718033 ns, Reaching safepoint: 6900 ns, Cleanup: 11901 ns, At safepoint: 5600 ns, Total: 24401 ns
[934.294s][info ][safepoint      ] Safepoint "Cleanup", Time since last: 2000189723 ns, Reaching safepoint: 7200 ns, Cleanup: 13700 ns, At safepoint: 2601 ns, Total: 23501 ns
[935.294s][info ][safepoint      ] Safepoint "Cleanup", Time since last: 1000116368 ns, Reaching safepoint: 8401 ns, Cleanup: 14900 ns, At safepoint: 8500 ns, Total: 31801 ns
[935.988s][info ][gc,start       ] GC(34) Pause Young (Allocation Failure)
[936.011s][debug][gc,phases      ] GC(34) Scavenge 23.506ms
[936.011s][debug][gc,ref         ] GC(34) ReferenceProcessor::execute queues: 1, RefProcThreadModel::Single, marks_oops_alive: false
[936.011s][debug][gc,ref         ] GC(34) Skipped KeepAliveFinalRefsPhase of Reference Processing: no references
[936.011s][debug][gc,ref         ] GC(34) ReferenceProcessor::execute queues: 1, RefProcThreadModel::Single, marks_oops_alive: false
[936.011s][debug][gc,phases      ] GC(34) Reference Processing 0.172ms
[936.012s][debug][gc,phases      ] GC(34)   VM Weak                        Min:  0.0, Avg:  0.0, Max:  0.0, Diff:  0.0, Sum:  0.0, Workers: 4
[936.012s][debug][gc,phases      ] GC(34)     Dead                           Min: 0, Avg:  0.0, Max: 0, Diff: 0, Sum: 0, Workers: 4
[936.012s][debug][gc,phases      ] GC(34)     Total                          Min: 0, Avg: 241.0, Max: 512, Diff: 512, Sum: 964, Workers: 4
[936.012s][debug][gc,phases      ] GC(34)   ObjectSynchronizer Weak        Min:  0.0, Avg:  0.0, Max:  0.0, Diff:  0.0, Sum:  0.0, Workers: 4
[936.012s][debug][gc,phases      ] GC(34)     Dead                           Min: 0, Avg:  0.0, Max: 0, Diff: 0, Sum: 0, Workers: 4
[936.012s][debug][gc,phases      ] GC(34)     Total                          Min: 0, Avg:  0.8, Max: 3, Diff: 3, Sum: 3, Workers: 4
[936.012s][debug][gc,phases      ] GC(34)   JVMTI Tag Weak OopStorage      Min:  0.0, Avg:  0.0, Max:  0.0, Diff:  0.0, Sum:  0.0, Workers: 4
[936.012s][debug][gc,phases      ] GC(34)     Dead                           Min: 0, Avg:  0.0, Max: 0, Diff: 0, Sum: 0, Workers: 4
[936.012s][debug][gc,phases      ] GC(34)     Total                          Min: 0, Avg:  0.0, Max: 0, Diff: 0, Sum: 0, Workers: 4
[936.012s][debug][gc,phases      ] GC(34)   StringTable Weak               Min:  0.0, Avg:  0.1, Max:  0.2, Diff:  0.2, Sum:  0.5, Workers: 4
[936.012s][debug][gc,phases      ] GC(34)     Dead                           Min: 0, Avg:  0.2, Max: 1, Diff: 1, Sum: 1, Workers: 4
[936.012s][debug][gc,phases      ] GC(34)     Total                          Min: 0, Avg: 11986.0, Max: 16512, Diff: 16512, Sum: 47944, Workers: 4
[936.012s][debug][gc,phases      ] GC(34)   ResolvedMethodTable Weak       Min:  0.0, Avg:  0.0, Max:  0.1, Diff:  0.1, Sum:  0.2, Workers: 4
[936.012s][debug][gc,phases      ] GC(34)     Dead                           Min: 0, Avg:  1.0, Max: 4, Diff: 4, Sum: 4, Workers: 4
[936.012s][debug][gc,phases      ] GC(34)     Total                          Min: 0, Avg: 3301.8, Max: 4603, Diff: 4603, Sum: 13207, Workers: 4
[936.012s][debug][gc,phases      ] GC(34)   JNI Weak                       Min:  0.0, Avg:  0.0, Max:  0.0, Diff:  0.0, Sum:  0.0, Workers: 4
[936.012s][debug][gc,phases      ] GC(34)     Dead                           Min: 0, Avg:  0.0, Max: 0, Diff: 0, Sum: 0, Workers: 4
[936.012s][debug][gc,phases      ] GC(34)     Total                          Min: 0, Avg: 12.0, Max: 48, Diff: 48, Sum: 48, Workers: 4
[936.012s][debug][gc,phases      ] GC(34)   StringDedup Table Weak         Min:  0.0, Avg:  0.0, Max:  0.0, Diff:  0.0, Sum:  0.0, Workers: 4
[936.012s][debug][gc,phases      ] GC(34)     Dead                           Min: 0, Avg:  0.0, Max: 0, Diff: 0, Sum: 0, Workers: 4
[936.012s][debug][gc,phases      ] GC(34)     Total                          Min: 0, Avg:  0.0, Max: 0, Diff: 0, Sum: 0, Workers: 4
[936.012s][debug][gc,phases      ] GC(34)   StringDedup Requests0 Weak     Min:  0.0, Avg:  0.0, Max:  0.0, Diff:  0.0, Sum:  0.0, Workers: 4
[936.012s][debug][gc,phases      ] GC(34)     Dead                           Min: 0, Avg:  0.0, Max: 0, Diff: 0, Sum: 0, Workers: 4
[936.012s][debug][gc,phases      ] GC(34)     Total                          Min: 0, Avg:  0.0, Max: 0, Diff: 0, Sum: 0, Workers: 4
[936.012s][debug][gc,phases      ] GC(34)   StringDedup Requests1 Weak     Min:  0.0, Avg:  0.0, Max:  0.0, Diff:  0.0, Sum:  0.0, Workers: 4
[936.012s][debug][gc,phases      ] GC(34)     Dead                           Min: 0, Avg:  0.0, Max: 0, Diff: 0, Sum: 0, Workers: 4
[936.012s][debug][gc,phases      ] GC(34)     Total                          Min: 0, Avg:  0.0, Max: 0, Diff: 0, Sum: 0, Workers: 4
[936.012s][debug][gc,phases      ] GC(34)   Weak JFR Old Object Samples    Min:  0.0, Avg:  0.0, Max:  0.0, Diff:  0.0, Sum:  0.0, Workers: 4
[936.012s][debug][gc,phases      ] GC(34)     Dead                           Min: 0, Avg:  0.0, Max: 0, Diff: 0, Sum: 0, Workers: 4
[936.012s][debug][gc,phases      ] GC(34)     Total                          Min: 0, Avg:  0.0, Max: 0, Diff: 0, Sum: 0, Workers: 4
[936.012s][debug][gc,phases      ] GC(34) Weak Processing 0.526ms
[936.012s][debug][gc,age         ] GC(34) Desired survivor size 305659904 bytes, new threshold 15 (max threshold 15)
[936.012s][info ][gc,heap        ] GC(34) PSYoungGen: 1548402K(1775104K)->89810K(1798656K) Eden: 1458688K(1458688K)->0K(1490944K) From: 89714K(316416K)->89810K(307712K)
[936.012s][info ][gc,heap        ] GC(34) ParOldGen: 217959K(265216K)->218143K(265216K)
[936.012s][info ][gc,metaspace   ] GC(34) Metaspace: 94628K(95872K)->94628K(95872K) NonClass: 80702K(81408K)->80702K(81408K) Class: 13925K(14464K)->13925K(14464K)
[936.012s][info ][gc             ] GC(34) Pause Young (Allocation Failure) 1724M->300M(2015M) 24.377ms
[936.012s][info ][gc,cpu         ] GC(34) User=0.08s Sys=0.00s Real=0.02s
[936.012s][info ][safepoint      ] Safepoint "ParallelGCFailedAllocation", Time since last: 693806808 ns, Reaching safepoint: 7600 ns, Cleanup: 4600 ns, At safepoint: 24481871 ns, Total: 24494071 ns
[940.012s][info ][safepoint      ] Safepoint "Cleanup", Time since last: 4000301000 ns, Reaching safepoint: 10801 ns, Cleanup: 16100 ns, At safepoint: 7301 ns, Total: 34202 ns
[943.013s][info ][safepoint      ] Safepoint "Cleanup", Time since last: 3000295742 ns, Reaching safepoint: 16301 ns, Cleanup: 21701 ns, At safepoint: 8600 ns, Total: 46602 ns
[946.013s][info ][safepoint      ] Safepoint "Cleanup", Time since last: 3000306864 ns, Reaching safepoint: 9700 ns, Cleanup: 13701 ns, At safepoint: 3000 ns, Total: 26401 ns
[948.013s][info ][safepoint      ] Safepoint "Cleanup", Time since last: 2000213510 ns, Reaching safepoint: 9800 ns, Cleanup: 13301 ns, At safepoint: 3300 ns, Total: 26401 ns
[956.014s][info ][safepoint      ] Safepoint "Cleanup", Time since last: 8000654948 ns, Reaching safepoint: 10600 ns, Cleanup: 11601 ns, At safepoint: 2800 ns, Total: 25001 ns
[957.014s][info ][safepoint      ] Safepoint "Cleanup", Time since last: 1000133053 ns, Reaching safepoint: 10101 ns, Cleanup: 16800 ns, At safepoint: 6001 ns, Total: 32902 ns
[959.015s][info ][safepoint      ] Safepoint "Cleanup", Time since last: 2000186905 ns, Reaching safepoint: 80503 ns, Cleanup: 15101 ns, At safepoint: 5900 ns, Total: 101504 ns
[960.307s][info ][safepoint      ] Safepoint "Cleanup", Time since last: 1292020272 ns, Reaching safepoint: 2800 ns, Cleanup: 8900 ns, At safepoint: 4100 ns, Total: 15800 ns
[962.307s][info ][safepoint      ] Safepoint "Cleanup", Time since last: 2000214292 ns, Reaching safepoint: 7000 ns, Cleanup: 7800 ns, At safepoint: 2301 ns, Total: 17101 ns
[964.307s][info ][safepoint      ] Safepoint "Cleanup", Time since last: 2000186490 ns, Reaching safepoint: 6800 ns, Cleanup: 12301 ns, At safepoint: 2300 ns, Total: 21401 ns
[968.307s][info ][safepoint      ] Safepoint "Cleanup", Time since last: 4000344343 ns, Reaching safepoint: 7500 ns, Cleanup: 7500 ns, At safepoint: 14301 ns, Total: 29301 ns
[969.307s][info ][safepoint      ] Safepoint "Cleanup", Time since last: 1000111177 ns, Reaching safepoint: 6800 ns, Cleanup: 25301 ns, At safepoint: 1900 ns, Total: 34001 ns
[970.308s][info ][safepoint      ] Safepoint "Cleanup", Time since last: 1000113377 ns, Reaching safepoint: 6900 ns, Cleanup: 10700 ns, At safepoint: 2700 ns, Total: 20300 ns
[971.308s][info ][safepoint      ] Safepoint "Cleanup", Time since last: 1000094907 ns, Reaching safepoint: 8401 ns, Cleanup: 9900 ns, At safepoint: 2700 ns, Total: 21001 ns
[973.308s][info ][safepoint      ] Safepoint "Cleanup", Time since last: 2000179301 ns, Reaching safepoint: 7400 ns, Cleanup: 11201 ns, At safepoint: 2100 ns, Total: 20701 ns
[974.308s][info ][safepoint      ] Safepoint "Cleanup", Time since last: 1000117401 ns, Reaching safepoint: 6900 ns, Cleanup: 9301 ns, At safepoint: 2200 ns, Total: 18401 ns
[975.308s][info ][safepoint      ] Safepoint "Cleanup", Time since last: 1000106612 ns, Reaching safepoint: 7201 ns, Cleanup: 7300 ns, At safepoint: 2000 ns, Total: 16501 ns
[976.308s][info ][safepoint      ] Safepoint "Cleanup", Time since last: 1000108351 ns, Reaching safepoint: 80303 ns, Cleanup: 12300 ns, At safepoint: 7801 ns, Total: 100404 ns
[978.089s][info ][gc,start       ] GC(35) Pause Young (Allocation Failure)
[978.114s][debug][gc,phases      ] GC(35) Scavenge 24.777ms
[978.114s][debug][gc,ref         ] GC(35) ReferenceProcessor::execute queues: 1, RefProcThreadModel::Single, marks_oops_alive: false
[978.114s][debug][gc,ref         ] GC(35) Skipped KeepAliveFinalRefsPhase of Reference Processing: no references
[978.114s][debug][gc,ref         ] GC(35) ReferenceProcessor::execute queues: 1, RefProcThreadModel::Single, marks_oops_alive: false
[978.114s][debug][gc,phases      ] GC(35) Reference Processing 0.164ms
[978.114s][debug][gc,phases      ] GC(35)   VM Weak                        Min:  0.0, Avg:  0.0, Max:  0.0, Diff:  0.0, Sum:  0.0, Workers: 4
[978.114s][debug][gc,phases      ] GC(35)     Dead                           Min: 0, Avg:  0.0, Max: 0, Diff: 0, Sum: 0, Workers: 4
[978.115s][debug][gc,phases      ] GC(35)     Total                          Min: 0, Avg: 241.0, Max: 644, Diff: 644, Sum: 964, Workers: 4
[978.115s][debug][gc,phases      ] GC(35)   ObjectSynchronizer Weak        Min:  0.0, Avg:  0.0, Max:  0.0, Diff:  0.0, Sum:  0.0, Workers: 4
[978.115s][debug][gc,phases      ] GC(35)     Dead                           Min: 0, Avg:  0.0, Max: 0, Diff: 0, Sum: 0, Workers: 4
[978.115s][debug][gc,phases      ] GC(35)     Total                          Min: 0, Avg:  1.0, Max: 4, Diff: 4, Sum: 4, Workers: 4
[978.115s][debug][gc,phases      ] GC(35)   JVMTI Tag Weak OopStorage      Min:  0.0, Avg:  0.0, Max:  0.0, Diff:  0.0, Sum:  0.0, Workers: 4
[978.115s][debug][gc,phases      ] GC(35)     Dead                           Min: 0, Avg:  0.0, Max: 0, Diff: 0, Sum: 0, Workers: 4
[978.115s][debug][gc,phases      ] GC(35)     Total                          Min: 0, Avg:  0.0, Max: 0, Diff: 0, Sum: 0, Workers: 4
[978.115s][debug][gc,phases      ] GC(35)   StringTable Weak               Min:  0.0, Avg:  0.1, Max:  0.2, Diff:  0.2, Sum:  0.5, Workers: 4
[978.115s][debug][gc,phases      ] GC(35)     Dead                           Min: 0, Avg:  0.0, Max: 0, Diff: 0, Sum: 0, Workers: 4
[978.115s][debug][gc,phases      ] GC(35)     Total                          Min: 0, Avg: 11986.8, Max: 24780, Diff: 24780, Sum: 47947, Workers: 4
[978.115s][debug][gc,phases      ] GC(35)   ResolvedMethodTable Weak       Min:  0.0, Avg:  0.0, Max:  0.1, Diff:  0.1, Sum:  0.2, Workers: 4
[978.115s][debug][gc,phases      ] GC(35)     Dead                           Min: 0, Avg:  0.0, Max: 0, Diff: 0, Sum: 0, Workers: 4
[978.115s][debug][gc,phases      ] GC(35)     Total                          Min: 0, Avg: 3302.5, Max: 6607, Diff: 6607, Sum: 13210, Workers: 4
[978.115s][debug][gc,phases      ] GC(35)   JNI Weak                       Min:  0.0, Avg:  0.0, Max:  0.0, Diff:  0.0, Sum:  0.0, Workers: 4
[978.115s][debug][gc,phases      ] GC(35)     Dead                           Min: 0, Avg:  0.0, Max: 0, Diff: 0, Sum: 0, Workers: 4
[978.115s][debug][gc,phases      ] GC(35)     Total                          Min: 0, Avg: 12.0, Max: 48, Diff: 48, Sum: 48, Workers: 4
[978.115s][debug][gc,phases      ] GC(35)   StringDedup Table Weak         Min:  0.0, Avg:  0.0, Max:  0.0, Diff:  0.0, Sum:  0.0, Workers: 4
[978.115s][debug][gc,phases      ] GC(35)     Dead                           Min: 0, Avg:  0.0, Max: 0, Diff: 0, Sum: 0, Workers: 4
[978.115s][debug][gc,phases      ] GC(35)     Total                          Min: 0, Avg:  0.0, Max: 0, Diff: 0, Sum: 0, Workers: 4
[978.115s][debug][gc,phases      ] GC(35)   StringDedup Requests0 Weak     Min:  0.0, Avg:  0.0, Max:  0.0, Diff:  0.0, Sum:  0.0, Workers: 4
[978.115s][debug][gc,phases      ] GC(35)     Dead                           Min: 0, Avg:  0.0, Max: 0, Diff: 0, Sum: 0, Workers: 4
[978.115s][debug][gc,phases      ] GC(35)     Total                          Min: 0, Avg:  0.0, Max: 0, Diff: 0, Sum: 0, Workers: 4
[978.115s][debug][gc,phases      ] GC(35)   StringDedup Requests1 Weak     Min:  0.0, Avg:  0.0, Max:  0.0, Diff:  0.0, Sum:  0.0, Workers: 4
[978.115s][debug][gc,phases      ] GC(35)     Dead                           Min: 0, Avg:  0.0, Max: 0, Diff: 0, Sum: 0, Workers: 4
[978.115s][debug][gc,phases      ] GC(35)     Total                          Min: 0, Avg:  0.0, Max: 0, Diff: 0, Sum: 0, Workers: 4
[978.115s][debug][gc,phases      ] GC(35)   Weak JFR Old Object Samples    Min:  0.0, Avg:  0.0, Max:  0.0, Diff:  0.0, Sum:  0.0, Workers: 4
[978.115s][debug][gc,phases      ] GC(35)     Dead                           Min: 0, Avg:  0.0, Max: 0, Diff: 0, Sum: 0, Workers: 4
[978.115s][debug][gc,phases      ] GC(35)     Total                          Min: 0, Avg:  0.0, Max: 0, Diff: 0, Sum: 0, Workers: 4
[978.115s][debug][gc,phases      ] GC(35) Weak Processing 0.620ms
[978.115s][debug][gc,age         ] GC(35) Desired survivor size 294649856 bytes, new threshold 15 (max threshold 15)
[978.115s][info ][gc,heap        ] GC(35) PSYoungGen: 1580754K(1798656K)->96850K(1789440K) Eden: 1490944K(1490944K)->0K(1490944K) From: 89810K(307712K)->96850K(298496K)
[978.115s][info ][gc,heap        ] GC(35) ParOldGen: 218143K(265216K)->218231K(265216K)
[978.115s][info ][gc,metaspace   ] GC(35) Metaspace: 94669K(95936K)->94669K(95936K) NonClass: 80741K(81472K)->80741K(81472K) Class: 13927K(14464K)->13927K(14464K)
[978.115s][info ][gc             ] GC(35) Pause Young (Allocation Failure) 1756M->307M(2006M) 25.745ms
[978.115s][info ][gc,cpu         ] GC(35) User=0.09s Sys=0.00s Real=0.02s
[978.115s][info ][safepoint      ] Safepoint "ParallelGCFailedAllocation", Time since last: 1780578626 ns, Reaching safepoint: 7300 ns, Cleanup: 4300 ns, At safepoint: 25841003 ns, Total: 25852603 ns
[979.115s][info ][safepoint      ] Safepoint "Cleanup", Time since last: 1000095651 ns, Reaching safepoint: 7800 ns, Cleanup: 14201 ns, At safepoint: 5500 ns, Total: 27501 ns
[980.115s][info ][safepoint      ] Safepoint "Cleanup", Time since last: 1000112151 ns, Reaching safepoint: 10001 ns, Cleanup: 26501 ns, At safepoint: 2700 ns, Total: 39202 ns
[983.115s][info ][safepoint      ] Safepoint "Cleanup", Time since last: 3000262723 ns, Reaching safepoint: 7900 ns, Cleanup: 11200 ns, At safepoint: 2901 ns, Total: 22001 ns
[984.116s][info ][safepoint      ] Safepoint "Cleanup", Time since last: 1000126929 ns, Reaching safepoint: 5900 ns, Cleanup: 16701 ns, At safepoint: 2900 ns, Total: 25501 ns
[986.116s][info ][safepoint      ] Safepoint "Cleanup", Time since last: 2000147455 ns, Reaching safepoint: 8001 ns, Cleanup: 17000 ns, At safepoint: 2500 ns, Total: 27501 ns
[988.116s][info ][safepoint      ] Safepoint "Cleanup", Time since last: 2000184857 ns, Reaching safepoint: 6600 ns, Cleanup: 7401 ns, At safepoint: 2300 ns, Total: 16301 ns
[991.116s][info ][safepoint      ] Safepoint "Cleanup", Time since last: 3000247038 ns, Reaching safepoint: 8500 ns, Cleanup: 14801 ns, At safepoint: 2900 ns, Total: 26201 ns
[994.117s][info ][safepoint      ] Safepoint "Cleanup", Time since last: 3000256919 ns, Reaching safepoint: 11301 ns, Cleanup: 26900 ns, At safepoint: 2301 ns, Total: 40502 ns
[995.117s][info ][safepoint      ] Safepoint "Cleanup", Time since last: 1000118807 ns, Reaching safepoint: 8300 ns, Cleanup: 11801 ns, At safepoint: 2700 ns, Total: 22801 ns
[996.117s][info ][safepoint      ] Safepoint "Cleanup", Time since last: 1000134708 ns, Reaching safepoint: 7200 ns, Cleanup: 23701 ns, At safepoint: 6800 ns, Total: 37701 ns
[999.117s][info ][safepoint      ] Safepoint "Cleanup", Time since last: 3000192973 ns, Reaching safepoint: 7900 ns, Cleanup: 19301 ns, At safepoint: 3000 ns, Total: 30201 ns
[1001.117s][info ][safepoint      ] Safepoint "Cleanup", Time since last: 2000184219 ns, Reaching safepoint: 7400 ns, Cleanup: 16400 ns, At safepoint: 5701 ns, Total: 29501 ns
[1003.117s][info ][safepoint      ] Safepoint "Cleanup", Time since last: 2000199819 ns, Reaching safepoint: 8400 ns, Cleanup: 29001 ns, At safepoint: 2301 ns, Total: 39702 ns
[1008.118s][info ][safepoint      ] Safepoint "Cleanup", Time since last: 5000379442 ns, Reaching safepoint: 7900 ns, Cleanup: 22701 ns, At safepoint: 2200 ns, Total: 32801 ns
[1009.118s][info ][safepoint      ] Safepoint "Cleanup", Time since last: 1000115718 ns, Reaching safepoint: 8900 ns, Cleanup: 17701 ns, At safepoint: 2800 ns, Total: 29401 ns
[1009.626s][info ][gc,start       ] GC(36) Pause Young (Allocation Failure)
[1009.658s][debug][gc,phases      ] GC(36) Scavenge 32.478ms
[1009.658s][debug][gc,ref         ] GC(36) ReferenceProcessor::execute queues: 1, RefProcThreadModel::Single, marks_oops_alive: false
[1009.658s][debug][gc,ref         ] GC(36) Skipped KeepAliveFinalRefsPhase of Reference Processing: no references
[1009.658s][debug][gc,ref         ] GC(36) ReferenceProcessor::execute queues: 1, RefProcThreadModel::Single, marks_oops_alive: false
[1009.658s][debug][gc,phases      ] GC(36) Reference Processing 0.149ms
[1009.659s][debug][gc,phases      ] GC(36)   VM Weak                        Min:  0.0, Avg:  0.0, Max:  0.0, Diff:  0.0, Sum:  0.0, Workers: 4
[1009.659s][debug][gc,phases      ] GC(36)     Dead                           Min: 0, Avg:  0.0, Max: 0, Diff: 0, Sum: 0, Workers: 4
[1009.659s][debug][gc,phases      ] GC(36)     Total                          Min: 0, Avg: 243.5, Max: 512, Diff: 512, Sum: 974, Workers: 4
[1009.659s][debug][gc,phases      ] GC(36)   ObjectSynchronizer Weak        Min:  0.0, Avg:  0.0, Max:  0.0, Diff:  0.0, Sum:  0.0, Workers: 4
[1009.659s][debug][gc,phases      ] GC(36)     Dead                           Min: 0, Avg:  0.0, Max: 0, Diff: 0, Sum: 0, Workers: 4
[1009.659s][debug][gc,phases      ] GC(36)     Total                          Min: 0, Avg:  1.0, Max: 4, Diff: 4, Sum: 4, Workers: 4
[1009.659s][debug][gc,phases      ] GC(36)   JVMTI Tag Weak OopStorage      Min:  0.0, Avg:  0.0, Max:  0.0, Diff:  0.0, Sum:  0.0, Workers: 4
[1009.659s][debug][gc,phases      ] GC(36)     Dead                           Min: 0, Avg:  0.0, Max: 0, Diff: 0, Sum: 0, Workers: 4
[1009.659s][debug][gc,phases      ] GC(36)     Total                          Min: 0, Avg:  0.0, Max: 0, Diff: 0, Sum: 0, Workers: 4
[1009.659s][debug][gc,phases      ] GC(36)   StringTable Weak               Min:  0.0, Avg:  0.1, Max:  0.2, Diff:  0.2, Sum:  0.5, Workers: 4
[1009.659s][debug][gc,phases      ] GC(36)     Dead                           Min: 0, Avg:  0.2, Max: 1, Diff: 1, Sum: 1, Workers: 4
[1009.659s][debug][gc,phases      ] GC(36)     Total                          Min: 0, Avg: 11995.8, Max: 16432, Diff: 16432, Sum: 47983, Workers: 4
[1009.659s][debug][gc,phases      ] GC(36)   ResolvedMethodTable Weak       Min:  0.0, Avg:  0.0, Max:  0.1, Diff:  0.1, Sum:  0.2, Workers: 4
[1009.659s][debug][gc,phases      ] GC(36)     Dead                           Min: 0, Avg:  5.0, Max: 12, Diff: 12, Sum: 20, Workers: 4
[1009.659s][debug][gc,phases      ] GC(36)     Total                          Min: 0, Avg: 3313.5, Max: 4590, Diff: 4590, Sum: 13254, Workers: 4
[1009.659s][debug][gc,phases      ] GC(36)   JNI Weak                       Min:  0.0, Avg:  0.0, Max:  0.0, Diff:  0.0, Sum:  0.0, Workers: 4
[1009.659s][debug][gc,phases      ] GC(36)     Dead                           Min: 0, Avg:  0.0, Max: 0, Diff: 0, Sum: 0, Workers: 4
[1009.659s][debug][gc,phases      ] GC(36)     Total                          Min: 0, Avg: 12.0, Max: 48, Diff: 48, Sum: 48, Workers: 4
[1009.659s][debug][gc,phases      ] GC(36)   StringDedup Table Weak         Min:  0.0, Avg:  0.0, Max:  0.0, Diff:  0.0, Sum:  0.0, Workers: 4
[1009.659s][debug][gc,phases      ] GC(36)     Dead                           Min: 0, Avg:  0.0, Max: 0, Diff: 0, Sum: 0, Workers: 4
[1009.659s][debug][gc,phases      ] GC(36)     Total                          Min: 0, Avg:  0.0, Max: 0, Diff: 0, Sum: 0, Workers: 4
[1009.659s][debug][gc,phases      ] GC(36)   StringDedup Requests0 Weak     Min:  0.0, Avg:  0.0, Max:  0.0, Diff:  0.0, Sum:  0.0, Workers: 4
[1009.659s][debug][gc,phases      ] GC(36)     Dead                           Min: 0, Avg:  0.0, Max: 0, Diff: 0, Sum: 0, Workers: 4
[1009.659s][debug][gc,phases      ] GC(36)     Total                          Min: 0, Avg:  0.0, Max: 0, Diff: 0, Sum: 0, Workers: 4
[1009.659s][debug][gc,phases      ] GC(36)   StringDedup Requests1 Weak     Min:  0.0, Avg:  0.0, Max:  0.0, Diff:  0.0, Sum:  0.0, Workers: 4
[1009.659s][debug][gc,phases      ] GC(36)     Dead                           Min: 0, Avg:  0.0, Max: 0, Diff: 0, Sum: 0, Workers: 4
[1009.659s][debug][gc,phases      ] GC(36)     Total                          Min: 0, Avg:  0.0, Max: 0, Diff: 0, Sum: 0, Workers: 4
[1009.659s][debug][gc,phases      ] GC(36)   Weak JFR Old Object Samples    Min:  0.0, Avg:  0.0, Max:  0.0, Diff:  0.0, Sum:  0.0, Workers: 4
[1009.659s][debug][gc,phases      ] GC(36)     Dead                           Min: 0, Avg:  0.0, Max: 0, Diff: 0, Sum: 0, Workers: 4
[1009.659s][debug][gc,phases      ] GC(36)     Total                          Min: 0, Avg:  0.0, Max: 0, Diff: 0, Sum: 0, Workers: 4
[1009.659s][debug][gc,phases      ] GC(36) Weak Processing 0.482ms
[1009.659s][debug][gc,age         ] GC(36) Desired survivor size 281018368 bytes, new threshold 15 (max threshold 15)
[1009.659s][info ][gc,heap        ] GC(36) PSYoungGen: 1587794K(1789440K)->113924K(1822720K) Eden: 1490944K(1490944K)->0K(1534976K) From: 96850K(298496K)->113924K(287744K)
[1009.659s][info ][gc,heap        ] GC(36) ParOldGen: 218231K(265216K)->218976K(265216K)
[1009.659s][info ][gc,metaspace   ] GC(36) Metaspace: 94802K(96000K)->94802K(96000K) NonClass: 80860K(81536K)->80860K(81536K) Class: 13941K(14464K)->13941K(14464K)
[1009.659s][info ][gc             ] GC(36) Pause Young (Allocation Failure) 1763M->325M(2039M) 33.278ms
[1009.659s][info ][gc,cpu         ] GC(36) User=0.12s Sys=0.01s Real=0.03s
[1009.659s][info ][safepoint      ] Safepoint "ParallelGCFailedAllocation", Time since last: 507561359 ns, Reaching safepoint: 7101 ns, Cleanup: 4000 ns, At safepoint: 33379115 ns, Total: 33390216 ns
[1010.659s][info ][safepoint      ] Safepoint "Cleanup", Time since last: 1000098917 ns, Reaching safepoint: 7000 ns, Cleanup: 14201 ns, At safepoint: 2900 ns, Total: 24101 ns
[1011.659s][info ][safepoint      ] Safepoint "Cleanup", Time since last: 1000109617 ns, Reaching safepoint: 7501 ns, Cleanup: 9900 ns, At safepoint: 2400 ns, Total: 19801 ns
[1012.659s][info ][safepoint      ] Safepoint "Cleanup", Time since last: 1000119018 ns, Reaching safepoint: 81303 ns, Cleanup: 12400 ns, At safepoint: 5900 ns, Total: 99603 ns
[1014.660s][info ][safepoint      ] Safepoint "Cleanup", Time since last: 2000181536 ns, Reaching safepoint: 7100 ns, Cleanup: 12300 ns, At safepoint: 2501 ns, Total: 21901 ns
[1015.660s][info ][safepoint      ] Safepoint "Cleanup", Time since last: 1000112657 ns, Reaching safepoint: 6300 ns, Cleanup: 9900 ns, At safepoint: 2400 ns, Total: 18600 ns
[1016.660s][info ][safepoint      ] Safepoint "Cleanup", Time since last: 1000100435 ns, Reaching safepoint: 6700 ns, Cleanup: 8100 ns, At safepoint: 2500 ns, Total: 17300 ns
[1026.323s][info ][safepoint      ] Safepoint "Cleanup", Time since last: 9663459625 ns, Reaching safepoint: 8700 ns, Cleanup: 11701 ns, At safepoint: 2600 ns, Total: 23001 ns
[1028.324s][info ][safepoint      ] Safepoint "Cleanup", Time since last: 2000193364 ns, Reaching safepoint: 8701 ns, Cleanup: 14500 ns, At safepoint: 3100 ns, Total: 26301 ns
[1029.324s][info ][safepoint      ] Safepoint "Cleanup", Time since last: 1000120733 ns, Reaching safepoint: 8001 ns, Cleanup: 12500 ns, At safepoint: 3100 ns, Total: 23601 ns
[1035.324s][info ][safepoint      ] Safepoint "Cleanup", Time since last: 6000623923 ns, Reaching safepoint: 8701 ns, Cleanup: 14700 ns, At safepoint: 2200 ns, Total: 25601 ns
[1039.325s][info ][safepoint      ] Safepoint "Cleanup", Time since last: 4000285226 ns, Reaching safepoint: 8901 ns, Cleanup: 21400 ns, At safepoint: 2100 ns, Total: 32401 ns
[1040.325s][info ][safepoint      ] Safepoint "Cleanup", Time since last: 1000134367 ns, Reaching safepoint: 8200 ns, Cleanup: 11701 ns, At safepoint: 3000 ns, Total: 22901 ns
[1043.325s][info ][safepoint      ] Safepoint "Cleanup", Time since last: 3000227093 ns, Reaching safepoint: 8601 ns, Cleanup: 12500 ns, At safepoint: 2100 ns, Total: 23201 ns
[1044.325s][info ][safepoint      ] Safepoint "Cleanup", Time since last: 1000123367 ns, Reaching safepoint: 8200 ns, Cleanup: 18901 ns, At safepoint: 2300 ns, Total: 29401 ns
[1048.326s][info ][safepoint      ] Safepoint "Cleanup", Time since last: 4000316521 ns, Reaching safepoint: 8400 ns, Cleanup: 11901 ns, At safepoint: 2400 ns, Total: 22701 ns
[1050.326s][info ][safepoint      ] Safepoint "Cleanup", Time since last: 2000190547 ns, Reaching safepoint: 8500 ns, Cleanup: 15101 ns, At safepoint: 5500 ns, Total: 29101 ns
[1051.326s][info ][safepoint      ] Safepoint "Cleanup", Time since last: 1000121574 ns, Reaching safepoint: 8800 ns, Cleanup: 14601 ns, At safepoint: 2500 ns, Total: 25901 ns
[1052.326s][info ][safepoint      ] Safepoint "Cleanup", Time since last: 1000070773 ns, Reaching safepoint: 7500 ns, Cleanup: 13100 ns, At safepoint: 28101 ns, Total: 48701 ns
[1056.326s][info ][safepoint      ] Safepoint "Cleanup", Time since last: 4000295434 ns, Reaching safepoint: 10500 ns, Cleanup: 25101 ns, At safepoint: 3500 ns, Total: 39101 ns
[1058.327s][info ][safepoint      ] Safepoint "Cleanup", Time since last: 2000190214 ns, Reaching safepoint: 8000 ns, Cleanup: 14800 ns, At safepoint: 2201 ns, Total: 25001 ns
[1059.284s][info ][gc,start       ] GC(37) Pause Young (Allocation Failure)
[1059.315s][debug][gc,phases      ] GC(37) Scavenge 31.377ms
[1059.316s][debug][gc,ref         ] GC(37) ReferenceProcessor::execute queues: 1, RefProcThreadModel::Single, marks_oops_alive: false
[1059.316s][debug][gc,ref         ] GC(37) Skipped KeepAliveFinalRefsPhase of Reference Processing: no references
[1059.316s][debug][gc,ref         ] GC(37) ReferenceProcessor::execute queues: 1, RefProcThreadModel::Single, marks_oops_alive: false
[1059.316s][debug][gc,phases      ] GC(37) Reference Processing 0.132ms
[1059.316s][debug][gc,phases      ] GC(37)   VM Weak                        Min:  0.0, Avg:  0.0, Max:  0.0, Diff:  0.0, Sum:  0.0, Workers: 4
[1059.316s][debug][gc,phases      ] GC(37)     Dead                           Min: 0, Avg:  0.0, Max: 0, Diff: 0, Sum: 0, Workers: 4
[1059.316s][debug][gc,phases      ] GC(37)     Total                          Min: 0, Avg: 244.5, Max: 576, Diff: 576, Sum: 978, Workers: 4
[1059.316s][debug][gc,phases      ] GC(37)   ObjectSynchronizer Weak        Min:  0.0, Avg:  0.0, Max:  0.0, Diff:  0.0, Sum:  0.0, Workers: 4
[1059.316s][debug][gc,phases      ] GC(37)     Dead                           Min: 0, Avg:  0.0, Max: 0, Diff: 0, Sum: 0, Workers: 4
[1059.316s][debug][gc,phases      ] GC(37)     Total                          Min: 0, Avg:  1.0, Max: 4, Diff: 4, Sum: 4, Workers: 4
[1059.316s][debug][gc,phases      ] GC(37)   JVMTI Tag Weak OopStorage      Min:  0.0, Avg:  0.0, Max:  0.0, Diff:  0.0, Sum:  0.0, Workers: 4
[1059.316s][debug][gc,phases      ] GC(37)     Dead                           Min: 0, Avg:  0.0, Max: 0, Diff: 0, Sum: 0, Workers: 4
[1059.316s][debug][gc,phases      ] GC(37)     Total                          Min: 0, Avg:  0.0, Max: 0, Diff: 0, Sum: 0, Workers: 4
[1059.316s][debug][gc,phases      ] GC(37)   StringTable Weak               Min:  0.0, Avg:  0.1, Max:  0.2, Diff:  0.2, Sum:  0.5, Workers: 4
[1059.316s][debug][gc,phases      ] GC(37)     Dead                           Min: 0, Avg:  0.2, Max: 1, Diff: 1, Sum: 1, Workers: 4
[1059.316s][debug][gc,phases      ] GC(37)     Total                          Min: 0, Avg: 12001.0, Max: 16320, Diff: 16320, Sum: 48004, Workers: 4
[1059.316s][debug][gc,phases      ] GC(37)   ResolvedMethodTable Weak       Min:  0.0, Avg:  0.0, Max:  0.1, Diff:  0.1, Sum:  0.2, Workers: 4
[1059.316s][debug][gc,phases      ] GC(37)     Dead                           Min: 0, Avg:  0.2, Max: 1, Diff: 1, Sum: 1, Workers: 4
[1059.316s][debug][gc,phases      ] GC(37)     Total                          Min: 0, Avg: 3319.2, Max: 4537, Diff: 4537, Sum: 13277, Workers: 4
[1059.316s][debug][gc,phases      ] GC(37)   JNI Weak                       Min:  0.0, Avg:  0.0, Max:  0.0, Diff:  0.0, Sum:  0.0, Workers: 4
[1059.316s][debug][gc,phases      ] GC(37)     Dead                           Min: 0, Avg:  0.0, Max: 0, Diff: 0, Sum: 0, Workers: 4
[1059.316s][debug][gc,phases      ] GC(37)     Total                          Min: 0, Avg: 12.0, Max: 48, Diff: 48, Sum: 48, Workers: 4
[1059.316s][debug][gc,phases      ] GC(37)   StringDedup Table Weak         Min:  0.0, Avg:  0.0, Max:  0.0, Diff:  0.0, Sum:  0.0, Workers: 4
[1059.316s][debug][gc,phases      ] GC(37)     Dead                           Min: 0, Avg:  0.0, Max: 0, Diff: 0, Sum: 0, Workers: 4
[1059.316s][debug][gc,phases      ] GC(37)     Total                          Min: 0, Avg:  0.0, Max: 0, Diff: 0, Sum: 0, Workers: 4
[1059.316s][debug][gc,phases      ] GC(37)   StringDedup Requests0 Weak     Min:  0.0, Avg:  0.0, Max:  0.0, Diff:  0.0, Sum:  0.0, Workers: 4
[1059.316s][debug][gc,phases      ] GC(37)     Dead                           Min: 0, Avg:  0.0, Max: 0, Diff: 0, Sum: 0, Workers: 4
[1059.316s][debug][gc,phases      ] GC(37)     Total                          Min: 0, Avg:  0.0, Max: 0, Diff: 0, Sum: 0, Workers: 4
[1059.316s][debug][gc,phases      ] GC(37)   StringDedup Requests1 Weak     Min:  0.0, Avg:  0.0, Max:  0.0, Diff:  0.0, Sum:  0.0, Workers: 4
[1059.316s][debug][gc,phases      ] GC(37)     Dead                           Min: 0, Avg:  0.0, Max: 0, Diff: 0, Sum: 0, Workers: 4
[1059.316s][debug][gc,phases      ] GC(37)     Total                          Min: 0, Avg:  0.0, Max: 0, Diff: 0, Sum: 0, Workers: 4
[1059.316s][debug][gc,phases      ] GC(37)   Weak JFR Old Object Samples    Min:  0.0, Avg:  0.0, Max:  0.0, Diff:  0.0, Sum:  0.0, Workers: 4
[1059.316s][debug][gc,phases      ] GC(37)     Dead                           Min: 0, Avg:  0.0, Max: 0, Diff: 0, Sum: 0, Workers: 4
[1059.316s][debug][gc,phases      ] GC(37)     Total                          Min: 0, Avg:  0.0, Max: 0, Diff: 0, Sum: 0, Workers: 4
[1059.316s][debug][gc,phases      ] GC(37) Weak Processing 0.540ms
[1059.316s][debug][gc,age         ] GC(37) Desired survivor size 267911168 bytes, new threshold 15 (max threshold 15)
[1059.316s][info ][gc,heap        ] GC(37) PSYoungGen: 1648900K(1822720K)->114884K(1809408K) Eden: 1534976K(1534976K)->0K(1534976K) From: 113924K(287744K)->114884K(274432K)
[1059.316s][info ][gc,heap        ] GC(37) ParOldGen: 218976K(265216K)->219116K(265216K)
[1059.316s][info ][gc,metaspace   ] GC(37) Metaspace: 94984K(96256K)->94984K(96256K) NonClass: 81024K(81728K)->81024K(81728K) Class: 13960K(14528K)->13960K(14528K)
[1059.316s][info ][gc             ] GC(37) Pause Young (Allocation Failure) 1824M->326M(2026M) 32.252ms
[1059.316s][info ][gc,cpu         ] GC(37) User=0.11s Sys=0.00s Real=0.03s
[1059.316s][info ][safepoint      ] Safepoint "ParallelGCFailedAllocation", Time since last: 957294261 ns, Reaching safepoint: 8301 ns, Cleanup: 4000 ns, At safepoint: 32345978 ns, Total: 32358279 ns
[1063.317s][info ][safepoint      ] Safepoint "Cleanup", Time since last: 4000314672 ns, Reaching safepoint: 8200 ns, Cleanup: 17001 ns, At safepoint: 6500 ns, Total: 31701 ns
[1064.317s][info ][safepoint      ] Safepoint "Cleanup", Time since last: 1000077849 ns, Reaching safepoint: 84003 ns, Cleanup: 14200 ns, At safepoint: 6800 ns, Total: 105003 ns
[1067.317s][info ][safepoint      ] Safepoint "Cleanup", Time since last: 3000256447 ns, Reaching safepoint: 8700 ns, Cleanup: 12700 ns, At safepoint: 2400 ns, Total: 23800 ns
[1074.318s][info ][safepoint      ] Safepoint "Cleanup", Time since last: 7000524749 ns, Reaching safepoint: 9000 ns, Cleanup: 12501 ns, At safepoint: 2600 ns, Total: 24101 ns
[1080.318s][info ][safepoint      ] Safepoint "Cleanup", Time since last: 6000467600 ns, Reaching safepoint: 8001 ns, Cleanup: 12800 ns, At safepoint: 2500 ns, Total: 23301 ns
[1083.339s][info ][safepoint      ] Safepoint "Cleanup", Time since last: 3021182917 ns, Reaching safepoint: 71902 ns, Cleanup: 10601 ns, At safepoint: 8900 ns, Total: 91403 ns
[1091.340s][info ][safepoint      ] Safepoint "Cleanup", Time since last: 8000585796 ns, Reaching safepoint: 6300 ns, Cleanup: 12801 ns, At safepoint: 2800 ns, Total: 21901 ns
[1104.341s][info ][safepoint      ] Safepoint "Cleanup", Time since last: 13000842143 ns, Reaching safepoint: 7300 ns, Cleanup: 12000 ns, At safepoint: 2901 ns, Total: 22201 ns
[1106.341s][info ][safepoint      ] Safepoint "Cleanup", Time since last: 2000193598 ns, Reaching safepoint: 6401 ns, Cleanup: 11200 ns, At safepoint: 2300 ns, Total: 19901 ns
[1108.341s][info ][safepoint      ] Safepoint "Cleanup", Time since last: 2000191899 ns, Reaching safepoint: 6800 ns, Cleanup: 11900 ns, At safepoint: 2301 ns, Total: 21001 ns
[1114.637s][info ][gc,start       ] GC(38) Pause Young (Allocation Failure)
[1114.668s][debug][gc,phases      ] GC(38) Scavenge 30.196ms
[1114.668s][debug][gc,ref         ] GC(38) ReferenceProcessor::execute queues: 1, RefProcThreadModel::Single, marks_oops_alive: false
[1114.668s][debug][gc,ref         ] GC(38) Skipped KeepAliveFinalRefsPhase of Reference Processing: no references
[1114.668s][debug][gc,ref         ] GC(38) ReferenceProcessor::execute queues: 1, RefProcThreadModel::Single, marks_oops_alive: false
[1114.668s][debug][gc,phases      ] GC(38) Reference Processing 0.155ms
[1114.668s][debug][gc,phases      ] GC(38)   VM Weak                        Min:  0.0, Avg:  0.0, Max:  0.0, Diff:  0.0, Sum:  0.0, Workers: 4
[1114.668s][debug][gc,phases      ] GC(38)     Dead                           Min: 0, Avg:  0.0, Max: 0, Diff: 0, Sum: 0, Workers: 4
[1114.668s][debug][gc,phases      ] GC(38)     Total                          Min: 0, Avg: 244.5, Max: 594, Diff: 594, Sum: 978, Workers: 4
[1114.668s][debug][gc,phases      ] GC(38)   ObjectSynchronizer Weak        Min:  0.0, Avg:  0.0, Max:  0.0, Diff:  0.0, Sum:  0.0, Workers: 4
[1114.668s][debug][gc,phases      ] GC(38)     Dead                           Min: 0, Avg:  0.0, Max: 0, Diff: 0, Sum: 0, Workers: 4
[1114.668s][debug][gc,phases      ] GC(38)     Total                          Min: 0, Avg:  0.8, Max: 3, Diff: 3, Sum: 3, Workers: 4
[1114.668s][debug][gc,phases      ] GC(38)   JVMTI Tag Weak OopStorage      Min:  0.0, Avg:  0.0, Max:  0.0, Diff:  0.0, Sum:  0.0, Workers: 4
[1114.668s][debug][gc,phases      ] GC(38)     Dead                           Min: 0, Avg:  0.0, Max: 0, Diff: 0, Sum: 0, Workers: 4
[1114.668s][debug][gc,phases      ] GC(38)     Total                          Min: 0, Avg:  0.0, Max: 0, Diff: 0, Sum: 0, Workers: 4
[1114.668s][debug][gc,phases      ] GC(38)   StringTable Weak               Min:  0.0, Avg:  0.1, Max:  0.2, Diff:  0.2, Sum:  0.5, Workers: 4
[1114.668s][debug][gc,phases      ] GC(38)     Dead                           Min: 0, Avg:  0.0, Max: 0, Diff: 0, Sum: 0, Workers: 4
[1114.668s][debug][gc,phases      ] GC(38)     Total                          Min: 0, Avg: 12001.2, Max: 16256, Diff: 16256, Sum: 48005, Workers: 4
[1114.668s][debug][gc,phases      ] GC(38)   ResolvedMethodTable Weak       Min:  0.0, Avg:  0.0, Max:  0.1, Diff:  0.1, Sum:  0.2, Workers: 4
[1114.668s][debug][gc,phases      ] GC(38)     Dead                           Min: 0, Avg:  0.0, Max: 0, Diff: 0, Sum: 0, Workers: 4
[1114.668s][debug][gc,phases      ] GC(38)     Total                          Min: 0, Avg: 3319.2, Max: 4698, Diff: 4698, Sum: 13277, Workers: 4
[1114.668s][debug][gc,phases      ] GC(38)   JNI Weak                       Min:  0.0, Avg:  0.0, Max:  0.0, Diff:  0.0, Sum:  0.0, Workers: 4
[1114.668s][debug][gc,phases      ] GC(38)     Dead                           Min: 0, Avg:  0.0, Max: 0, Diff: 0, Sum: 0, Workers: 4
[1114.668s][debug][gc,phases      ] GC(38)     Total                          Min: 0, Avg: 12.0, Max: 48, Diff: 48, Sum: 48, Workers: 4
[1114.668s][debug][gc,phases      ] GC(38)   StringDedup Table Weak         Min:  0.0, Avg:  0.0, Max:  0.0, Diff:  0.0, Sum:  0.0, Workers: 4
[1114.668s][debug][gc,phases      ] GC(38)     Dead                           Min: 0, Avg:  0.0, Max: 0, Diff: 0, Sum: 0, Workers: 4
[1114.668s][debug][gc,phases      ] GC(38)     Total                          Min: 0, Avg:  0.0, Max: 0, Diff: 0, Sum: 0, Workers: 4
[1114.668s][debug][gc,phases      ] GC(38)   StringDedup Requests0 Weak     Min:  0.0, Avg:  0.0, Max:  0.0, Diff:  0.0, Sum:  0.0, Workers: 4
[1114.668s][debug][gc,phases      ] GC(38)     Dead                           Min: 0, Avg:  0.0, Max: 0, Diff: 0, Sum: 0, Workers: 4
[1114.668s][debug][gc,phases      ] GC(38)     Total                          Min: 0, Avg:  0.0, Max: 0, Diff: 0, Sum: 0, Workers: 4
[1114.668s][debug][gc,phases      ] GC(38)   StringDedup Requests1 Weak     Min:  0.0, Avg:  0.0, Max:  0.0, Diff:  0.0, Sum:  0.0, Workers: 4
[1114.668s][debug][gc,phases      ] GC(38)     Dead                           Min: 0, Avg:  0.0, Max: 0, Diff: 0, Sum: 0, Workers: 4
[1114.668s][debug][gc,phases      ] GC(38)     Total                          Min: 0, Avg:  0.0, Max: 0, Diff: 0, Sum: 0, Workers: 4
[1114.668s][debug][gc,phases      ] GC(38)   Weak JFR Old Object Samples    Min:  0.0, Avg:  0.0, Max:  0.0, Diff:  0.0, Sum:  0.0, Workers: 4
[1114.668s][debug][gc,phases      ] GC(38)     Dead                           Min: 0, Avg:  0.0, Max: 0, Diff: 0, Sum: 0, Workers: 4
[1114.668s][debug][gc,phases      ] GC(38)     Total                          Min: 0, Avg:  0.0, Max: 0, Diff: 0, Sum: 0, Workers: 4
[1114.668s][debug][gc,phases      ] GC(38) Weak Processing 0.470ms
[1114.668s][debug][gc,age         ] GC(38) Desired survivor size 256376832 bytes, new threshold 15 (max threshold 15)
[1114.668s][info ][gc,heap        ] GC(38) PSYoungGen: 1649860K(1809408K)->113076K(1846784K) Eden: 1534976K(1534976K)->0K(1585152K) From: 114884K(274432K)->113076K(261632K)
[1114.668s][info ][gc,heap        ] GC(38) ParOldGen: 219116K(265216K)->221108K(265216K)
[1114.668s][info ][gc,metaspace   ] GC(38) Metaspace: 95011K(96256K)->95011K(96256K) NonClass: 81051K(81728K)->81051K(81728K) Class: 13960K(14528K)->13960K(14528K)
[1114.668s][info ][gc             ] GC(38) Pause Young (Allocation Failure) 1825M->326M(2062M) 30.994ms
[1114.668s][info ][gc,cpu         ] GC(38) User=0.11s Sys=0.01s Real=0.04s
[1114.668s][info ][safepoint      ] Safepoint "ParallelGCFailedAllocation", Time since last: 6295875947 ns, Reaching safepoint: 7201 ns, Cleanup: 4600 ns, At safepoint: 31081166 ns, Total: 31092967 ns
[1115.668s][info ][safepoint      ] Safepoint "Cleanup", Time since last: 1000095594 ns, Reaching safepoint: 7301 ns, Cleanup: 15600 ns, At safepoint: 2600 ns, Total: 25501 ns
[1126.669s][info ][safepoint      ] Safepoint "Cleanup", Time since last: 11000824573 ns, Reaching safepoint: 9000 ns, Cleanup: 12701 ns, At safepoint: 2800 ns, Total: 24501 ns
[1135.670s][info ][safepoint      ] Safepoint "Cleanup", Time since last: 9000635690 ns, Reaching safepoint: 7401 ns, Cleanup: 21300 ns, At safepoint: 14501 ns, Total: 43202 ns
[1142.671s][info ][safepoint      ] Safepoint "Cleanup", Time since last: 7000537281 ns, Reaching safepoint: 8800 ns, Cleanup: 11801 ns, At safepoint: 2400 ns, Total: 23001 ns
[1147.671s][info ][safepoint      ] Safepoint "Cleanup", Time since last: 5000312487 ns, Reaching safepoint: 6600 ns, Cleanup: 11301 ns, At safepoint: 3000 ns, Total: 20901 ns
[1152.671s][info ][safepoint      ] Safepoint "Cleanup", Time since last: 5000403802 ns, Reaching safepoint: 5700 ns, Cleanup: 11000 ns, At safepoint: 2200 ns, Total: 18900 ns
[1154.671s][info ][safepoint      ] Safepoint "Cleanup", Time since last: 2000147981 ns, Reaching safepoint: 6800 ns, Cleanup: 10300 ns, At safepoint: 2100 ns, Total: 19200 ns
[1161.672s][info ][safepoint      ] Safepoint "Cleanup", Time since last: 7000512604 ns, Reaching safepoint: 6400 ns, Cleanup: 14101 ns, At safepoint: 2700 ns, Total: 23201 ns
[1173.683s][info ][gc,start       ] GC(39) Pause Young (Allocation Failure)
[1173.709s][debug][gc,phases      ] GC(39) Scavenge 25.811ms
[1173.709s][debug][gc,ref         ] GC(39) ReferenceProcessor::execute queues: 1, RefProcThreadModel::Single, marks_oops_alive: false
[1173.709s][debug][gc,ref         ] GC(39) Skipped KeepAliveFinalRefsPhase of Reference Processing: no references
[1173.709s][debug][gc,ref         ] GC(39) ReferenceProcessor::execute queues: 1, RefProcThreadModel::Single, marks_oops_alive: false
[1173.709s][debug][gc,phases      ] GC(39) Reference Processing 0.145ms
[1173.709s][debug][gc,phases      ] GC(39)   VM Weak                        Min:  0.0, Avg:  0.0, Max:  0.0, Diff:  0.0, Sum:  0.0, Workers: 4
[1173.709s][debug][gc,phases      ] GC(39)     Dead                           Min: 0, Avg:  0.0, Max: 0, Diff: 0, Sum: 0, Workers: 4
[1173.709s][debug][gc,phases      ] GC(39)     Total                          Min: 0, Avg: 244.5, Max: 512, Diff: 512, Sum: 978, Workers: 4
[1173.709s][debug][gc,phases      ] GC(39)   ObjectSynchronizer Weak        Min:  0.0, Avg:  0.0, Max:  0.0, Diff:  0.0, Sum:  0.0, Workers: 4
[1173.709s][debug][gc,phases      ] GC(39)     Dead                           Min: 0, Avg:  0.0, Max: 0, Diff: 0, Sum: 0, Workers: 4
[1173.709s][debug][gc,phases      ] GC(39)     Total                          Min: 0, Avg:  1.0, Max: 4, Diff: 4, Sum: 4, Workers: 4
[1173.709s][debug][gc,phases      ] GC(39)   JVMTI Tag Weak OopStorage      Min:  0.0, Avg:  0.0, Max:  0.0, Diff:  0.0, Sum:  0.0, Workers: 4
[1173.709s][debug][gc,phases      ] GC(39)     Dead                           Min: 0, Avg:  0.0, Max: 0, Diff: 0, Sum: 0, Workers: 4
[1173.709s][debug][gc,phases      ] GC(39)     Total                          Min: 0, Avg:  0.0, Max: 0, Diff: 0, Sum: 0, Workers: 4
[1173.709s][debug][gc,phases      ] GC(39)   StringTable Weak               Min:  0.0, Avg:  0.1, Max:  0.2, Diff:  0.1, Sum:  0.5, Workers: 4
[1173.709s][debug][gc,phases      ] GC(39)     Dead                           Min: 0, Avg:  0.0, Max: 0, Diff: 0, Sum: 0, Workers: 4
[1173.709s][debug][gc,phases      ] GC(39)     Total                          Min: 3904, Avg: 12001.5, Max: 14848, Diff: 10944, Sum: 48006, Workers: 4
[1173.709s][debug][gc,phases      ] GC(39)   ResolvedMethodTable Weak       Min:  0.0, Avg:  0.0, Max:  0.0, Diff:  0.0, Sum:  0.1, Workers: 4
[1173.709s][debug][gc,phases      ] GC(39)     Dead                           Min: 0, Avg:  0.0, Max: 0, Diff: 0, Sum: 0, Workers: 4
[1173.709s][debug][gc,phases      ] GC(39)     Total                          Min: 3041, Avg: 3319.8, Max: 3646, Diff: 605, Sum: 13279, Workers: 4
[1173.709s][debug][gc,phases      ] GC(39)   JNI Weak                       Min:  0.0, Avg:  0.0, Max:  0.0, Diff:  0.0, Sum:  0.0, Workers: 4
[1173.709s][debug][gc,phases      ] GC(39)     Dead                           Min: 0, Avg:  0.0, Max: 0, Diff: 0, Sum: 0, Workers: 4
[1173.709s][debug][gc,phases      ] GC(39)     Total                          Min: 0, Avg: 12.0, Max: 48, Diff: 48, Sum: 48, Workers: 4
[1173.709s][debug][gc,phases      ] GC(39)   StringDedup Table Weak         Min:  0.0, Avg:  0.0, Max:  0.0, Diff:  0.0, Sum:  0.0, Workers: 4
[1173.709s][debug][gc,phases      ] GC(39)     Dead                           Min: 0, Avg:  0.0, Max: 0, Diff: 0, Sum: 0, Workers: 4
[1173.709s][debug][gc,phases      ] GC(39)     Total                          Min: 0, Avg:  0.0, Max: 0, Diff: 0, Sum: 0, Workers: 4
[1173.709s][debug][gc,phases      ] GC(39)   StringDedup Requests0 Weak     Min:  0.0, Avg:  0.0, Max:  0.0, Diff:  0.0, Sum:  0.0, Workers: 4
[1173.709s][debug][gc,phases      ] GC(39)     Dead                           Min: 0, Avg:  0.0, Max: 0, Diff: 0, Sum: 0, Workers: 4
[1173.709s][debug][gc,phases      ] GC(39)     Total                          Min: 0, Avg:  0.0, Max: 0, Diff: 0, Sum: 0, Workers: 4
[1173.709s][debug][gc,phases      ] GC(39)   StringDedup Requests1 Weak     Min:  0.0, Avg:  0.0, Max:  0.0, Diff:  0.0, Sum:  0.0, Workers: 4
[1173.709s][debug][gc,phases      ] GC(39)     Dead                           Min: 0, Avg:  0.0, Max: 0, Diff: 0, Sum: 0, Workers: 4
[1173.709s][debug][gc,phases      ] GC(39)     Total                          Min: 0, Avg:  0.0, Max: 0, Diff: 0, Sum: 0, Workers: 4
[1173.709s][debug][gc,phases      ] GC(39)   Weak JFR Old Object Samples    Min:  0.0, Avg:  0.0, Max:  0.0, Diff:  0.0, Sum:  0.0, Workers: 4
[1173.709s][debug][gc,phases      ] GC(39)     Dead                           Min: 0, Avg:  0.0, Max: 0, Diff: 0, Sum: 0, Workers: 4
[1173.709s][debug][gc,phases      ] GC(39)     Total                          Min: 0, Avg:  0.0, Max: 0, Diff: 0, Sum: 0, Workers: 4
[1173.709s][debug][gc,phases      ] GC(39) Weak Processing 0.444ms
[1173.709s][debug][gc,age         ] GC(39) Desired survivor size 245891072 bytes, new threshold 15 (max threshold 15)
[1173.709s][info ][gc,heap        ] GC(39) PSYoungGen: 1698228K(1846784K)->112116K(1835520K) Eden: 1585152K(1585152K)->0K(1585152K) From: 113076K(261632K)->112116K(250368K)
[1173.709s][info ][gc,heap        ] GC(39) ParOldGen: 221108K(265216K)->221812K(265216K)
[1173.709s][info ][gc,metaspace   ] GC(39) Metaspace: 95024K(96320K)->95024K(96320K) NonClass: 81063K(81792K)->81063K(81792K) Class: 13960K(14528K)->13960K(14528K)
[1173.709s][info ][gc             ] GC(39) Pause Young (Allocation Failure) 1874M->326M(2051M) 26.541ms
[1173.709s][info ][gc,cpu         ] GC(39) User=0.10s Sys=0.00s Real=0.03s
[1173.709s][info ][safepoint      ] Safepoint "ParallelGCFailedAllocation", Time since last: 12010601922 ns, Reaching safepoint: 83902 ns, Cleanup: 3301 ns, At safepoint: 26622068 ns, Total: 26709271 ns
[1179.710s][info ][safepoint      ] Safepoint "Cleanup", Time since last: 6000438191 ns, Reaching safepoint: 6000 ns, Cleanup: 15801 ns, At safepoint: 2200 ns, Total: 24001 ns
[1184.710s][info ][safepoint      ] Safepoint "Cleanup", Time since last: 5000391298 ns, Reaching safepoint: 7600 ns, Cleanup: 6900 ns, At safepoint: 2900 ns, Total: 17400 ns
[1185.710s][info ][safepoint      ] Safepoint "Cleanup", Time since last: 1000090204 ns, Reaching safepoint: 6100 ns, Cleanup: 10200 ns, At safepoint: 2300 ns, Total: 18600 ns
[1188.711s][info ][safepoint      ] Safepoint "Cleanup", Time since last: 3000242610 ns, Reaching safepoint: 23701 ns, Cleanup: 10500 ns, At safepoint: 3500 ns, Total: 37701 ns
[1198.711s][info ][safepoint      ] Safepoint "Cleanup", Time since last: 10000746246 ns, Reaching safepoint: 5900 ns, Cleanup: 52202 ns, At safepoint: 2800 ns, Total: 60902 ns
[1199.711s][info ][safepoint      ] Safepoint "Cleanup", Time since last: 1000103125 ns, Reaching safepoint: 6600 ns, Cleanup: 9900 ns, At safepoint: 2901 ns, Total: 19401 ns
[1201.371s][info ][safepoint      ] Safepoint "Cleanup", Time since last: 1659713715 ns, Reaching safepoint: 7900 ns, Cleanup: 23701 ns, At safepoint: 6600 ns, Total: 38201 ns
[1204.372s][info ][safepoint      ] Safepoint "Cleanup", Time since last: 3000249962 ns, Reaching safepoint: 7800 ns, Cleanup: 20401 ns, At safepoint: 6600 ns, Total: 34801 ns
[1205.372s][info ][safepoint      ] Safepoint "Cleanup", Time since last: 1000115355 ns, Reaching safepoint: 8201 ns, Cleanup: 20700 ns, At safepoint: 2600 ns, Total: 31501 ns
[1206.372s][info ][safepoint      ] Safepoint "Cleanup", Time since last: 1000116856 ns, Reaching safepoint: 7100 ns, Cleanup: 53302 ns, At safepoint: 7000 ns, Total: 67402 ns
[1207.372s][info ][safepoint      ] Safepoint "Cleanup", Time since last: 1000128149 ns, Reaching safepoint: 7800 ns, Cleanup: 19401 ns, At safepoint: 2401 ns, Total: 29602 ns
[1211.372s][info ][safepoint      ] Safepoint "Cleanup", Time since last: 4000279266 ns, Reaching safepoint: 9901 ns, Cleanup: 17400 ns, At safepoint: 3800 ns, Total: 31101 ns
[1213.373s][info ][safepoint      ] Safepoint "Cleanup", Time since last: 2000149836 ns, Reaching safepoint: 7700 ns, Cleanup: 35201 ns, At safepoint: 7100 ns, Total: 50001 ns
[1214.373s][info ][safepoint      ] Safepoint "Cleanup", Time since last: 1000114219 ns, Reaching safepoint: 7100 ns, Cleanup: 12001 ns, At safepoint: 2500 ns, Total: 21601 ns
[1215.373s][info ][safepoint      ] Safepoint "Cleanup", Time since last: 1000128887 ns, Reaching safepoint: 9100 ns, Cleanup: 15301 ns, At safepoint: 2600 ns, Total: 27001 ns
[1216.373s][info ][safepoint      ] Safepoint "Cleanup", Time since last: 1000123877 ns, Reaching safepoint: 7701 ns, Cleanup: 12200 ns, At safepoint: 2701 ns, Total: 22602 ns
[1219.358s][info ][gc,start       ] GC(40) Pause Young (Allocation Failure)
[1219.381s][debug][gc,phases      ] GC(40) Scavenge 23.186ms
[1219.381s][debug][gc,ref         ] GC(40) ReferenceProcessor::execute queues: 1, RefProcThreadModel::Single, marks_oops_alive: false
[1219.381s][debug][gc,ref         ] GC(40) Skipped KeepAliveFinalRefsPhase of Reference Processing: no references
[1219.381s][debug][gc,ref         ] GC(40) ReferenceProcessor::execute queues: 1, RefProcThreadModel::Single, marks_oops_alive: false
[1219.381s][debug][gc,phases      ] GC(40) Reference Processing 0.148ms
[1219.382s][debug][gc,phases      ] GC(40)   VM Weak                        Min:  0.0, Avg:  0.0, Max:  0.0, Diff:  0.0, Sum:  0.0, Workers: 4
[1219.382s][debug][gc,phases      ] GC(40)     Dead                           Min: 0, Avg:  0.0, Max: 0, Diff: 0, Sum: 0, Workers: 4
[1219.382s][debug][gc,phases      ] GC(40)     Total                          Min: 0, Avg: 244.5, Max: 704, Diff: 704, Sum: 978, Workers: 4
[1219.382s][debug][gc,phases      ] GC(40)   ObjectSynchronizer Weak        Min:  0.0, Avg:  0.0, Max:  0.0, Diff:  0.0, Sum:  0.0, Workers: 4
[1219.382s][debug][gc,phases      ] GC(40)     Dead                           Min: 0, Avg:  0.0, Max: 0, Diff: 0, Sum: 0, Workers: 4
[1219.382s][debug][gc,phases      ] GC(40)     Total                          Min: 0, Avg:  1.2, Max: 5, Diff: 5, Sum: 5, Workers: 4
[1219.382s][debug][gc,phases      ] GC(40)   JVMTI Tag Weak OopStorage      Min:  0.0, Avg:  0.0, Max:  0.0, Diff:  0.0, Sum:  0.0, Workers: 4
[1219.382s][debug][gc,phases      ] GC(40)     Dead                           Min: 0, Avg:  0.0, Max: 0, Diff: 0, Sum: 0, Workers: 4
[1219.382s][debug][gc,phases      ] GC(40)     Total                          Min: 0, Avg:  0.0, Max: 0, Diff: 0, Sum: 0, Workers: 4
[1219.382s][debug][gc,phases      ] GC(40)   StringTable Weak               Min:  0.0, Avg:  0.1, Max:  0.2, Diff:  0.2, Sum:  0.5, Workers: 4
[1219.382s][debug][gc,phases      ] GC(40)     Dead                           Min: 0, Avg:  0.2, Max: 1, Diff: 1, Sum: 1, Workers: 4
[1219.382s][debug][gc,phases      ] GC(40)     Total                          Min: 0, Avg: 12009.5, Max: 24167, Diff: 24167, Sum: 48038, Workers: 4
[1219.382s][debug][gc,phases      ] GC(40)   ResolvedMethodTable Weak       Min:  0.0, Avg:  0.0, Max:  0.1, Diff:  0.1, Sum:  0.1, Workers: 4
[1219.382s][debug][gc,phases      ] GC(40)     Dead                           Min: 0, Avg:  0.8, Max: 2, Diff: 2, Sum: 3, Workers: 4
[1219.382s][debug][gc,phases      ] GC(40)     Total                          Min: 0, Avg: 3321.8, Max: 6845, Diff: 6845, Sum: 13287, Workers: 4
[1219.382s][debug][gc,phases      ] GC(40)   JNI Weak                       Min:  0.0, Avg:  0.0, Max:  0.0, Diff:  0.0, Sum:  0.0, Workers: 4
[1219.382s][debug][gc,phases      ] GC(40)     Dead                           Min: 0, Avg:  0.0, Max: 0, Diff: 0, Sum: 0, Workers: 4
[1219.382s][debug][gc,phases      ] GC(40)     Total                          Min: 0, Avg: 12.0, Max: 48, Diff: 48, Sum: 48, Workers: 4
[1219.382s][debug][gc,phases      ] GC(40)   StringDedup Table Weak         Min:  0.0, Avg:  0.0, Max:  0.0, Diff:  0.0, Sum:  0.0, Workers: 4
[1219.382s][debug][gc,phases      ] GC(40)     Dead                           Min: 0, Avg:  0.0, Max: 0, Diff: 0, Sum: 0, Workers: 4
[1219.382s][debug][gc,phases      ] GC(40)     Total                          Min: 0, Avg:  0.0, Max: 0, Diff: 0, Sum: 0, Workers: 4
[1219.382s][debug][gc,phases      ] GC(40)   StringDedup Requests0 Weak     Min:  0.0, Avg:  0.0, Max:  0.0, Diff:  0.0, Sum:  0.0, Workers: 4
[1219.382s][debug][gc,phases      ] GC(40)     Dead                           Min: 0, Avg:  0.0, Max: 0, Diff: 0, Sum: 0, Workers: 4
[1219.382s][debug][gc,phases      ] GC(40)     Total                          Min: 0, Avg:  0.0, Max: 0, Diff: 0, Sum: 0, Workers: 4
[1219.382s][debug][gc,phases      ] GC(40)   StringDedup Requests1 Weak     Min:  0.0, Avg:  0.0, Max:  0.0, Diff:  0.0, Sum:  0.0, Workers: 4
[1219.382s][debug][gc,phases      ] GC(40)     Dead                           Min: 0, Avg:  0.0, Max: 0, Diff: 0, Sum: 0, Workers: 4
[1219.382s][debug][gc,phases      ] GC(40)     Total                          Min: 0, Avg:  0.0, Max: 0, Diff: 0, Sum: 0, Workers: 4
[1219.382s][debug][gc,phases      ] GC(40)   Weak JFR Old Object Samples    Min:  0.0, Avg:  0.0, Max:  0.0, Diff:  0.0, Sum:  0.0, Workers: 4
[1219.382s][debug][gc,phases      ] GC(40)     Dead                           Min: 0, Avg:  0.0, Max: 0, Diff: 0, Sum: 0, Workers: 4
[1219.382s][debug][gc,phases      ] GC(40)     Total                          Min: 0, Avg:  0.0, Max: 0, Diff: 0, Sum: 0, Workers: 4
[1219.382s][debug][gc,phases      ] GC(40) Weak Processing 0.627ms
[1219.382s][debug][gc,age         ] GC(40) Desired survivor size 246939648 bytes, new threshold 15 (max threshold 15)
[1219.382s][info ][gc,heap        ] GC(40) PSYoungGen: 1697268K(1835520K)->47494K(1854976K) Eden: 1585152K(1585152K)->0K(1614848K) From: 112116K(250368K)->47494K(240128K)
[1219.382s][info ][gc,heap        ] GC(40) ParOldGen: 221812K(265216K)->221868K(265216K)
[1219.382s][info ][gc,metaspace   ] GC(40) Metaspace: 95059K(96320K)->95059K(96320K) NonClass: 81090K(81792K)->81090K(81792K) Class: 13968K(14528K)->13968K(14528K)
[1219.382s][info ][gc             ] GC(40) Pause Young (Allocation Failure) 1874M->263M(2070M) 24.118ms
[1219.382s][info ][gc,cpu         ] GC(40) User=0.05s Sys=0.01s Real=0.03s
[1219.382s][info ][safepoint      ] Safepoint "ParallelGCFailedAllocation", Time since last: 2984846113 ns, Reaching safepoint: 79803 ns, Cleanup: 15400 ns, At safepoint: 24201654 ns, Total: 24296857 ns
[1220.382s][info ][safepoint      ] Safepoint "Cleanup", Time since last: 1000102865 ns, Reaching safepoint: 7600 ns, Cleanup: 17501 ns, At safepoint: 2300 ns, Total: 27401 ns
[1221.382s][info ][safepoint      ] Safepoint "Cleanup", Time since last: 1000120266 ns, Reaching safepoint: 85503 ns, Cleanup: 21701 ns, At safepoint: 7700 ns, Total: 114904 ns
[1222.383s][info ][safepoint      ] Safepoint "Cleanup", Time since last: 1000107566 ns, Reaching safepoint: 80003 ns, Cleanup: 15801 ns, At safepoint: 6500 ns, Total: 102304 ns
[1224.383s][info ][safepoint      ] Safepoint "Cleanup", Time since last: 2000190924 ns, Reaching safepoint: 82903 ns, Cleanup: 10700 ns, At safepoint: 7001 ns, Total: 100604 ns
[1225.383s][info ][safepoint      ] Safepoint "Cleanup", Time since last: 1000127131 ns, Reaching safepoint: 47502 ns, Cleanup: 10700 ns, At safepoint: 6501 ns, Total: 64703 ns
[1229.384s][info ][safepoint      ] Safepoint "Cleanup", Time since last: 4000311619 ns, Reaching safepoint: 79803 ns, Cleanup: 28601 ns, At safepoint: 5901 ns, Total: 114305 ns
[1230.384s][info ][safepoint      ] Safepoint "Cleanup", Time since last: 1000123431 ns, Reaching safepoint: 81203 ns, Cleanup: 13000 ns, At safepoint: 6201 ns, Total: 100404 ns
[1232.384s][info ][safepoint      ] Safepoint "Cleanup", Time since last: 2000495908 ns, Reaching safepoint: 79003 ns, Cleanup: 11100 ns, At safepoint: 6001 ns, Total: 96104 ns
[1233.385s][info ][safepoint      ] Safepoint "Cleanup", Time since last: 1000118190 ns, Reaching safepoint: 78302 ns, Cleanup: 13101 ns, At safepoint: 5900 ns, Total: 97303 ns
[1235.385s][info ][safepoint      ] Safepoint "Cleanup", Time since last: 2000179178 ns, Reaching safepoint: 80503 ns, Cleanup: 12100 ns, At safepoint: 9700 ns, Total: 102303 ns
[1236.385s][info ][safepoint      ] Safepoint "Cleanup", Time since last: 1000127991 ns, Reaching safepoint: 84902 ns, Cleanup: 108104 ns, At safepoint: 5300 ns, Total: 198306 ns
[1236.883s][info ][safepoint      ] Safepoint "ICBufferFull", Time since last: 497513659 ns, Reaching safepoint: 8500 ns, Cleanup: 157305 ns, At safepoint: 9200 ns, Total: 175005 ns
[1237.883s][info ][safepoint      ] Safepoint "Cleanup", Time since last: 1000089389 ns, Reaching safepoint: 84303 ns, Cleanup: 77703 ns, At safepoint: 5700 ns, Total: 167706 ns
[1238.884s][info ][safepoint      ] Safepoint "Cleanup", Time since last: 1000105290 ns, Reaching safepoint: 294110 ns, Cleanup: 37501 ns, At safepoint: 6300 ns, Total: 337911 ns
[1239.884s][info ][safepoint      ] Safepoint "Cleanup", Time since last: 1000120645 ns, Reaching safepoint: 86403 ns, Cleanup: 16701 ns, At safepoint: 6400 ns, Total: 109504 ns
[1240.173s][info ][gc,start       ] GC(41) Pause Young (Allocation Failure)
[1240.216s][debug][gc,phases      ] GC(41) Scavenge 43.188ms
[1240.217s][debug][gc,ref         ] GC(41) ReferenceProcessor::execute queues: 1, RefProcThreadModel::Single, marks_oops_alive: false
[1240.217s][debug][gc,ref         ] GC(41) Skipped KeepAliveFinalRefsPhase of Reference Processing: no references
[1240.217s][debug][gc,ref         ] GC(41) ReferenceProcessor::execute queues: 1, RefProcThreadModel::Single, marks_oops_alive: false
[1240.217s][debug][gc,phases      ] GC(41) Reference Processing 0.130ms
[1240.217s][debug][gc,phases      ] GC(41)   VM Weak                        Min:  0.0, Avg:  0.0, Max:  0.0, Diff:  0.0, Sum:  0.0, Workers: 4
[1240.217s][debug][gc,phases      ] GC(41)     Dead                           Min: 0, Avg:  0.0, Max: 0, Diff: 0, Sum: 0, Workers: 4
[1240.217s][debug][gc,phases      ] GC(41)     Total                          Min: 0, Avg: 244.5, Max: 512, Diff: 512, Sum: 978, Workers: 4
[1240.217s][debug][gc,phases      ] GC(41)   ObjectSynchronizer Weak        Min:  0.0, Avg:  0.0, Max:  0.0, Diff:  0.0, Sum:  0.0, Workers: 4
[1240.217s][debug][gc,phases      ] GC(41)     Dead                           Min: 0, Avg:  0.5, Max: 2, Diff: 2, Sum: 2, Workers: 4
[1240.217s][debug][gc,phases      ] GC(41)     Total                          Min: 0, Avg:  2.2, Max: 9, Diff: 9, Sum: 9, Workers: 4
[1240.217s][debug][gc,phases      ] GC(41)   JVMTI Tag Weak OopStorage      Min:  0.0, Avg:  0.0, Max:  0.0, Diff:  0.0, Sum:  0.0, Workers: 4
[1240.217s][debug][gc,phases      ] GC(41)     Dead                           Min: 0, Avg:  0.0, Max: 0, Diff: 0, Sum: 0, Workers: 4
[1240.217s][debug][gc,phases      ] GC(41)     Total                          Min: 0, Avg:  0.0, Max: 0, Diff: 0, Sum: 0, Workers: 4
[1240.217s][debug][gc,phases      ] GC(41)   StringTable Weak               Min:  0.0, Avg:  0.1, Max:  0.2, Diff:  0.2, Sum:  0.5, Workers: 4
[1240.217s][debug][gc,phases      ] GC(41)     Dead                           Min: 0, Avg:  0.2, Max: 1, Diff: 1, Sum: 1, Workers: 4
[1240.217s][debug][gc,phases      ] GC(41)     Total                          Min: 0, Avg: 12025.8, Max: 16423, Diff: 16423, Sum: 48103, Workers: 4
[1240.217s][debug][gc,phases      ] GC(41)   ResolvedMethodTable Weak       Min:  0.0, Avg:  0.0, Max:  0.1, Diff:  0.1, Sum:  0.2, Workers: 4
[1240.217s][debug][gc,phases      ] GC(41)     Dead                           Min: 0, Avg:  0.2, Max: 1, Diff: 1, Sum: 1, Workers: 4
[1240.217s][debug][gc,phases      ] GC(41)     Total                          Min: 0, Avg: 3323.0, Max: 4602, Diff: 4602, Sum: 13292, Workers: 4
[1240.217s][debug][gc,phases      ] GC(41)   JNI Weak                       Min:  0.0, Avg:  0.0, Max:  0.0, Diff:  0.0, Sum:  0.0, Workers: 4
[1240.217s][debug][gc,phases      ] GC(41)     Dead                           Min: 0, Avg:  0.0, Max: 0, Diff: 0, Sum: 0, Workers: 4
[1240.217s][debug][gc,phases      ] GC(41)     Total                          Min: 0, Avg: 12.2, Max: 49, Diff: 49, Sum: 49, Workers: 4
[1240.217s][debug][gc,phases      ] GC(41)   StringDedup Table Weak         Min:  0.0, Avg:  0.0, Max:  0.0, Diff:  0.0, Sum:  0.0, Workers: 4
[1240.217s][debug][gc,phases      ] GC(41)     Dead                           Min: 0, Avg:  0.0, Max: 0, Diff: 0, Sum: 0, Workers: 4
[1240.217s][debug][gc,phases      ] GC(41)     Total                          Min: 0, Avg:  0.0, Max: 0, Diff: 0, Sum: 0, Workers: 4
[1240.217s][debug][gc,phases      ] GC(41)   StringDedup Requests0 Weak     Min:  0.0, Avg:  0.0, Max:  0.0, Diff:  0.0, Sum:  0.0, Workers: 4
[1240.217s][debug][gc,phases      ] GC(41)     Dead                           Min: 0, Avg:  0.0, Max: 0, Diff: 0, Sum: 0, Workers: 4
[1240.217s][debug][gc,phases      ] GC(41)     Total                          Min: 0, Avg:  0.0, Max: 0, Diff: 0, Sum: 0, Workers: 4
[1240.217s][debug][gc,phases      ] GC(41)   StringDedup Requests1 Weak     Min:  0.0, Avg:  0.0, Max:  0.0, Diff:  0.0, Sum:  0.0, Workers: 4
[1240.217s][debug][gc,phases      ] GC(41)     Dead                           Min: 0, Avg:  0.0, Max: 0, Diff: 0, Sum: 0, Workers: 4
[1240.217s][debug][gc,phases      ] GC(41)     Total                          Min: 0, Avg:  0.0, Max: 0, Diff: 0, Sum: 0, Workers: 4
[1240.217s][debug][gc,phases      ] GC(41)   Weak JFR Old Object Samples    Min:  0.0, Avg:  0.0, Max:  0.0, Diff:  0.0, Sum:  0.0, Workers: 4
[1240.217s][debug][gc,phases      ] GC(41)     Dead                           Min: 0, Avg:  0.0, Max: 0, Diff: 0, Sum: 0, Workers: 4
[1240.217s][debug][gc,phases      ] GC(41)     Total                          Min: 0, Avg:  0.0, Max: 0, Diff: 0, Sum: 0, Workers: 4
[1240.217s][debug][gc,phases      ] GC(41) Weak Processing 0.461ms
[1240.217s][debug][gc,age         ] GC(41) Desired survivor size 236453888 bytes, new threshold 15 (max threshold 15)
[1240.217s][info ][gc,heap        ] GC(41) PSYoungGen: 1662342K(1854976K)->103896K(1856000K) Eden: 1614848K(1614848K)->0K(1614848K) From: 47494K(240128K)->103896K(241152K)
[1240.217s][info ][gc,heap        ] GC(41) ParOldGen: 221868K(265216K)->221932K(265216K)
[1240.217s][info ][gc,metaspace   ] GC(41) Metaspace: 95220K(96512K)->95220K(96512K) NonClass: 81241K(81984K)->81241K(81984K) Class: 13978K(14528K)->13978K(14528K)
[1240.217s][info ][gc             ] GC(41) Pause Young (Allocation Failure) 1840M->318M(2071M) 43.926ms
[1240.217s][info ][gc,cpu         ] GC(41) User=0.14s Sys=0.00s Real=0.04s
[1240.217s][info ][safepoint      ] Safepoint "ParallelGCFailedAllocation", Time since last: 289194495 ns, Reaching safepoint: 85003 ns, Cleanup: 13700 ns, At safepoint: 44030968 ns, Total: 44129671 ns
[1241.217s][info ][safepoint      ] Safepoint "Cleanup", Time since last: 1000091601 ns, Reaching safepoint: 8000 ns, Cleanup: 19001 ns, At safepoint: 3000 ns, Total: 30001 ns
[1242.217s][info ][safepoint      ] Safepoint "Cleanup", Time since last: 1000124402 ns, Reaching safepoint: 8601 ns, Cleanup: 23501 ns, At safepoint: 3100 ns, Total: 35202 ns
[1243.218s][info ][safepoint      ] Safepoint "Cleanup", Time since last: 1000117602 ns, Reaching safepoint: 7800 ns, Cleanup: 43802 ns, At safepoint: 3200 ns, Total: 54802 ns
[1244.218s][info ][safepoint      ] Safepoint "Cleanup", Time since last: 1000113302 ns, Reaching safepoint: 8800 ns, Cleanup: 15300 ns, At safepoint: 2901 ns, Total: 27001 ns
[1245.218s][info ][safepoint      ] Safepoint "Cleanup", Time since last: 1000126602 ns, Reaching safepoint: 10700 ns, Cleanup: 14601 ns, At safepoint: 3300 ns, Total: 28601 ns
[1246.218s][info ][safepoint      ] Safepoint "Cleanup", Time since last: 1000127802 ns, Reaching safepoint: 9701 ns, Cleanup: 30901 ns, At safepoint: 2800 ns, Total: 43402 ns
[1247.218s][info ][safepoint      ] Safepoint "Cleanup", Time since last: 1000111758 ns, Reaching safepoint: 8100 ns, Cleanup: 22101 ns, At safepoint: 2400 ns, Total: 32601 ns
[1249.218s][info ][safepoint      ] Safepoint "Cleanup", Time since last: 2000157211 ns, Reaching safepoint: 10400 ns, Cleanup: 16801 ns, At safepoint: 6100 ns, Total: 33301 ns
[1250.219s][info ][safepoint      ] Safepoint "Cleanup", Time since last: 1000133157 ns, Reaching safepoint: 9301 ns, Cleanup: 19500 ns, At safepoint: 2900 ns, Total: 31701 ns
[1252.219s][info ][safepoint      ] Safepoint "Cleanup", Time since last: 2000207913 ns, Reaching safepoint: 9100 ns, Cleanup: 13701 ns, At safepoint: 2700 ns, Total: 25501 ns
[1256.219s][info ][safepoint      ] Safepoint "Cleanup", Time since last: 4000280344 ns, Reaching safepoint: 87003 ns, Cleanup: 44601 ns, At safepoint: 6301 ns, Total: 137905 ns
[1257.219s][info ][safepoint      ] Safepoint "Cleanup", Time since last: 1000139586 ns, Reaching safepoint: 83803 ns, Cleanup: 14901 ns, At safepoint: 10100 ns, Total: 108804 ns
[1258.000s][info ][safepoint      ] Safepoint "ParallelGCFailedAllocation", Time since last: 780532370 ns, Reaching safepoint: 8300 ns, Cleanup: 10401 ns, At safepoint: 8600 ns, Total: 27301 ns
[1258.000s][info ][gc,start       ] GC(42) Pause Young (GCLocker Initiated GC)
[1258.052s][debug][gc,phases      ] GC(42) Scavenge 51.295ms
[1258.052s][debug][gc,ref         ] GC(42) ReferenceProcessor::execute queues: 1, RefProcThreadModel::Single, marks_oops_alive: false
[1258.052s][debug][gc,ref         ] GC(42) Skipped KeepAliveFinalRefsPhase of Reference Processing: no references
[1258.052s][debug][gc,ref         ] GC(42) ReferenceProcessor::execute queues: 1, RefProcThreadModel::Single, marks_oops_alive: false
[1258.052s][debug][gc,phases      ] GC(42) Reference Processing 0.157ms
[1258.052s][debug][gc,phases      ] GC(42)   VM Weak                        Min:  0.0, Avg:  0.0, Max:  0.0, Diff:  0.0, Sum:  0.0, Workers: 4
[1258.052s][debug][gc,phases      ] GC(42)     Dead                           Min: 0, Avg:  0.0, Max: 0, Diff: 0, Sum: 0, Workers: 4
[1258.052s][debug][gc,phases      ] GC(42)     Total                          Min: 0, Avg: 244.5, Max: 512, Diff: 512, Sum: 978, Workers: 4
[1258.052s][debug][gc,phases      ] GC(42)   ObjectSynchronizer Weak        Min:  0.0, Avg:  0.0, Max:  0.0, Diff:  0.0, Sum:  0.0, Workers: 4
[1258.052s][debug][gc,phases      ] GC(42)     Dead                           Min: 0, Avg:  0.0, Max: 0, Diff: 0, Sum: 0, Workers: 4
[1258.052s][debug][gc,phases      ] GC(42)     Total                          Min: 0, Avg:  2.5, Max: 10, Diff: 10, Sum: 10, Workers: 4
[1258.052s][debug][gc,phases      ] GC(42)   JVMTI Tag Weak OopStorage      Min:  0.0, Avg:  0.0, Max:  0.0, Diff:  0.0, Sum:  0.0, Workers: 4
[1258.052s][debug][gc,phases      ] GC(42)     Dead                           Min: 0, Avg:  0.0, Max: 0, Diff: 0, Sum: 0, Workers: 4
[1258.052s][debug][gc,phases      ] GC(42)     Total                          Min: 0, Avg:  0.0, Max: 0, Diff: 0, Sum: 0, Workers: 4
[1258.052s][debug][gc,phases      ] GC(42)   StringTable Weak               Min:  0.0, Avg:  0.1, Max:  0.2, Diff:  0.2, Sum:  0.5, Workers: 4
[1258.052s][debug][gc,phases      ] GC(42)     Dead                           Min: 0, Avg:  1.0, Max: 3, Diff: 3, Sum: 4, Workers: 4
[1258.052s][debug][gc,phases      ] GC(42)     Total                          Min: 0, Avg: 12054.8, Max: 17087, Diff: 17087, Sum: 48219, Workers: 4
[1258.052s][debug][gc,phases      ] GC(42)   ResolvedMethodTable Weak       Min:  0.0, Avg:  0.0, Max:  0.1, Diff:  0.1, Sum:  0.1, Workers: 4
[1258.052s][debug][gc,phases      ] GC(42)     Dead                           Min: 0, Avg: 10.2, Max: 17, Diff: 17, Sum: 41, Workers: 4
[1258.052s][debug][gc,phases      ] GC(42)     Total                          Min: 0, Avg: 3351.5, Max: 4882, Diff: 4882, Sum: 13406, Workers: 4
[1258.052s][debug][gc,phases      ] GC(42)   JNI Weak                       Min:  0.0, Avg:  0.0, Max:  0.0, Diff:  0.0, Sum:  0.0, Workers: 4
[1258.052s][debug][gc,phases      ] GC(42)     Dead                           Min: 0, Avg:  0.0, Max: 0, Diff: 0, Sum: 0, Workers: 4
[1258.052s][debug][gc,phases      ] GC(42)     Total                          Min: 0, Avg: 12.0, Max: 48, Diff: 48, Sum: 48, Workers: 4
[1258.052s][debug][gc,phases      ] GC(42)   StringDedup Table Weak         Min:  0.0, Avg:  0.0, Max:  0.0, Diff:  0.0, Sum:  0.0, Workers: 4
[1258.052s][debug][gc,phases      ] GC(42)     Dead                           Min: 0, Avg:  0.0, Max: 0, Diff: 0, Sum: 0, Workers: 4
[1258.052s][debug][gc,phases      ] GC(42)     Total                          Min: 0, Avg:  0.0, Max: 0, Diff: 0, Sum: 0, Workers: 4
[1258.052s][debug][gc,phases      ] GC(42)   StringDedup Requests0 Weak     Min:  0.0, Avg:  0.0, Max:  0.0, Diff:  0.0, Sum:  0.0, Workers: 4
[1258.052s][debug][gc,phases      ] GC(42)     Dead                           Min: 0, Avg:  0.0, Max: 0, Diff: 0, Sum: 0, Workers: 4
[1258.052s][debug][gc,phases      ] GC(42)     Total                          Min: 0, Avg:  0.0, Max: 0, Diff: 0, Sum: 0, Workers: 4
[1258.052s][debug][gc,phases      ] GC(42)   StringDedup Requests1 Weak     Min:  0.0, Avg:  0.0, Max:  0.0, Diff:  0.0, Sum:  0.0, Workers: 4
[1258.052s][debug][gc,phases      ] GC(42)     Dead                           Min: 0, Avg:  0.0, Max: 0, Diff: 0, Sum: 0, Workers: 4
[1258.052s][debug][gc,phases      ] GC(42)     Total                          Min: 0, Avg:  0.0, Max: 0, Diff: 0, Sum: 0, Workers: 4
[1258.052s][debug][gc,phases      ] GC(42)   Weak JFR Old Object Samples    Min:  0.0, Avg:  0.0, Max:  0.0, Diff:  0.0, Sum:  0.0, Workers: 4
[1258.052s][debug][gc,phases      ] GC(42)     Dead                           Min: 0, Avg:  0.0, Max: 0, Diff: 0, Sum: 0, Workers: 4
[1258.052s][debug][gc,phases      ] GC(42)     Total                          Min: 0, Avg:  0.0, Max: 0, Diff: 0, Sum: 0, Workers: 4
[1258.052s][debug][gc,phases      ] GC(42) Weak Processing 0.487ms
[1258.052s][debug][gc,age         ] GC(42) Desired survivor size 239599616 bytes, new threshold 15 (max threshold 15)
[1258.052s][info ][gc,heap        ] GC(42) PSYoungGen: 1718744K(1856000K)->154261K(1860096K) Eden: 1614848K(1614848K)->0K(1629184K) From: 103896K(241152K)->154261K(230912K)
[1258.052s][info ][gc,heap        ] GC(42) ParOldGen: 221937K(265216K)->222081K(265216K)
[1258.052s][info ][gc,metaspace   ] GC(42) Metaspace: 95494K(96704K)->95494K(96704K) NonClass: 81473K(82176K)->81473K(82176K) Class: 14021K(14528K)->14021K(14528K)
[1258.052s][info ][gc             ] GC(42) Pause Young (GCLocker Initiated GC) 1895M->367M(2075M) 52.070ms
[1258.052s][info ][gc,cpu         ] GC(42) User=0.18s Sys=0.00s Real=0.05s
[1258.052s][info ][safepoint      ] Safepoint "ParallelGCSystemGC", Time since last: 172606 ns, Reaching safepoint: 2100 ns, Cleanup: 700 ns, At safepoint: 52151809 ns, Total: 52154609 ns
[1260.053s][info ][safepoint      ] Safepoint "Cleanup", Time since last: 2000162869 ns, Reaching safepoint: 6900 ns, Cleanup: 23001 ns, At safepoint: 3400 ns, Total: 33301 ns
[1261.388s][info ][safepoint      ] Safepoint "Cleanup", Time since last: 1335008001 ns, Reaching safepoint: 82302 ns, Cleanup: 10301 ns, At safepoint: 6800 ns, Total: 99403 ns
[1262.388s][info ][safepoint      ] Safepoint "Cleanup", Time since last: 1000127286 ns, Reaching safepoint: 78703 ns, Cleanup: 8700 ns, At safepoint: 7500 ns, Total: 94903 ns
[1263.074s][info ][safepoint      ] Safepoint "ICBufferFull", Time since last: 686250801 ns, Reaching safepoint: 81203 ns, Cleanup: 116704 ns, At safepoint: 2900 ns, Total: 200807 ns
[1264.075s][info ][safepoint      ] Safepoint "Cleanup", Time since last: 1000112825 ns, Reaching safepoint: 78703 ns, Cleanup: 156505 ns, At safepoint: 4800 ns, Total: 240008 ns
[1264.108s][info ][safepoint      ] Safepoint "ParallelGCFailedAllocation", Time since last: 33651779 ns, Reaching safepoint: 81403 ns, Cleanup: 14200 ns, At safepoint: 15301 ns, Total: 110904 ns
[1264.109s][info ][gc,start       ] GC(43) Pause Young (GCLocker Initiated GC)
[1264.160s][debug][gc,phases      ] GC(43) Scavenge 50.896ms
[1264.160s][debug][gc,ref         ] GC(43) ReferenceProcessor::execute queues: 1, RefProcThreadModel::Single, marks_oops_alive: false
[1264.160s][debug][gc,ref         ] GC(43) Skipped KeepAliveFinalRefsPhase of Reference Processing: no references
[1264.160s][debug][gc,ref         ] GC(43) ReferenceProcessor::execute queues: 1, RefProcThreadModel::Single, marks_oops_alive: false
[1264.160s][debug][gc,phases      ] GC(43) Reference Processing 0.199ms
[1264.161s][debug][gc,phases      ] GC(43)   VM Weak                        Min:  0.0, Avg:  0.0, Max:  0.0, Diff:  0.0, Sum:  0.0, Workers: 4
[1264.161s][debug][gc,phases      ] GC(43)     Dead                           Min: 0, Avg:  0.0, Max: 0, Diff: 0, Sum: 0, Workers: 4
[1264.161s][debug][gc,phases      ] GC(43)     Total                          Min: 0, Avg: 248.8, Max: 448, Diff: 448, Sum: 995, Workers: 4
[1264.161s][debug][gc,phases      ] GC(43)   ObjectSynchronizer Weak        Min:  0.0, Avg:  0.0, Max:  0.0, Diff:  0.0, Sum:  0.0, Workers: 4
[1264.161s][debug][gc,phases      ] GC(43)     Dead                           Min: 0, Avg:  0.0, Max: 0, Diff: 0, Sum: 0, Workers: 4
[1264.161s][debug][gc,phases      ] GC(43)     Total                          Min: 0, Avg:  1.5, Max: 6, Diff: 6, Sum: 6, Workers: 4
[1264.161s][debug][gc,phases      ] GC(43)   JVMTI Tag Weak OopStorage      Min:  0.0, Avg:  0.0, Max:  0.0, Diff:  0.0, Sum:  0.0, Workers: 4
[1264.161s][debug][gc,phases      ] GC(43)     Dead                           Min: 0, Avg:  0.0, Max: 0, Diff: 0, Sum: 0, Workers: 4
[1264.161s][debug][gc,phases      ] GC(43)     Total                          Min: 0, Avg:  0.0, Max: 0, Diff: 0, Sum: 0, Workers: 4
[1264.161s][debug][gc,phases      ] GC(43)   StringTable Weak               Min:  0.0, Avg:  0.1, Max:  0.2, Diff:  0.2, Sum:  0.5, Workers: 4
[1264.161s][debug][gc,phases      ] GC(43)     Dead                           Min: 0, Avg:  1.0, Max: 2, Diff: 2, Sum: 4, Workers: 4
[1264.161s][debug][gc,phases      ] GC(43)     Total                          Min: 0, Avg: 12100.8, Max: 17683, Diff: 17683, Sum: 48403, Workers: 4
[1264.161s][debug][gc,phases      ] GC(43)   ResolvedMethodTable Weak       Min:  0.0, Avg:  0.0, Max:  0.0, Diff:  0.0, Sum:  0.1, Workers: 4
[1264.161s][debug][gc,phases      ] GC(43)     Dead                           Min: 0, Avg: 16.5, Max: 28, Diff: 28, Sum: 66, Workers: 4
[1264.161s][debug][gc,phases      ] GC(43)     Total                          Min: 0, Avg: 3386.8, Max: 4684, Diff: 4684, Sum: 13547, Workers: 4
[1264.161s][debug][gc,phases      ] GC(43)   JNI Weak                       Min:  0.0, Avg:  0.0, Max:  0.0, Diff:  0.0, Sum:  0.0, Workers: 4
[1264.161s][debug][gc,phases      ] GC(43)     Dead                           Min: 0, Avg:  0.0, Max: 0, Diff: 0, Sum: 0, Workers: 4
[1264.161s][debug][gc,phases      ] GC(43)     Total                          Min: 0, Avg: 12.0, Max: 48, Diff: 48, Sum: 48, Workers: 4
[1264.161s][debug][gc,phases      ] GC(43)   StringDedup Table Weak         Min:  0.0, Avg:  0.0, Max:  0.0, Diff:  0.0, Sum:  0.0, Workers: 4
[1264.161s][debug][gc,phases      ] GC(43)     Dead                           Min: 0, Avg:  0.0, Max: 0, Diff: 0, Sum: 0, Workers: 4
[1264.161s][debug][gc,phases      ] GC(43)     Total                          Min: 0, Avg:  0.0, Max: 0, Diff: 0, Sum: 0, Workers: 4
[1264.161s][debug][gc,phases      ] GC(43)   StringDedup Requests0 Weak     Min:  0.0, Avg:  0.0, Max:  0.0, Diff:  0.0, Sum:  0.0, Workers: 4
[1264.161s][debug][gc,phases      ] GC(43)     Dead                           Min: 0, Avg:  0.0, Max: 0, Diff: 0, Sum: 0, Workers: 4
[1264.161s][debug][gc,phases      ] GC(43)     Total                          Min: 0, Avg:  0.0, Max: 0, Diff: 0, Sum: 0, Workers: 4
[1264.161s][debug][gc,phases      ] GC(43)   StringDedup Requests1 Weak     Min:  0.0, Avg:  0.0, Max:  0.0, Diff:  0.0, Sum:  0.0, Workers: 4
[1264.161s][debug][gc,phases      ] GC(43)     Dead                           Min: 0, Avg:  0.0, Max: 0, Diff: 0, Sum: 0, Workers: 4
[1264.161s][debug][gc,phases      ] GC(43)     Total                          Min: 0, Avg:  0.0, Max: 0, Diff: 0, Sum: 0, Workers: 4
[1264.161s][debug][gc,phases      ] GC(43)   Weak JFR Old Object Samples    Min:  0.0, Avg:  0.0, Max:  0.0, Diff:  0.0, Sum:  0.0, Workers: 4
[1264.161s][debug][gc,phases      ] GC(43)     Dead                           Min: 0, Avg:  0.0, Max: 0, Diff: 0, Sum: 0, Workers: 4
[1264.161s][debug][gc,phases      ] GC(43)     Total                          Min: 0, Avg:  0.0, Max: 0, Diff: 0, Sum: 0, Workers: 4
[1264.161s][debug][gc,phases      ] GC(43) Weak Processing 0.497ms
[1264.161s][debug][gc,age         ] GC(43) Desired survivor size 240648192 bytes, new threshold 15 (max threshold 15)
[1264.161s][info ][gc,heap        ] GC(43) PSYoungGen: 1783445K(1860096K)->153295K(1782784K) Eden: 1629184K(1629184K)->0K(1629184K) From: 154261K(230912K)->153295K(153600K)
[1264.161s][info ][gc,heap        ] GC(43) ParOldGen: 227531K(265216K)->228123K(265216K)
[1264.161s][info ][gc,metaspace   ] GC(43) Metaspace: 95895K(97152K)->95895K(97152K) NonClass: 81819K(82560K)->81819K(82560K) Class: 14075K(14592K)->14075K(14592K)
[1264.161s][info ][gc             ] GC(43) Pause Young (GCLocker Initiated GC) 1963M->372M(2000M) 51.723ms
[1264.163s][info ][gc,cpu         ] GC(43) User=0.16s Sys=0.00s Real=0.05s
[1264.163s][info ][safepoint      ] Safepoint "ParallelGCSystemGC", Time since last: 464216 ns, Reaching safepoint: 237608 ns, Cleanup: 1500 ns, At safepoint: 54272701 ns, Total: 54511809 ns
[1265.225s][info ][safepoint      ] Safepoint "Cleanup", Time since last: 1061743285 ns, Reaching safepoint: 180506 ns, Cleanup: 96503 ns, At safepoint: 23901 ns, Total: 300910 ns
[1266.226s][info ][safepoint      ] Safepoint "Cleanup", Time since last: 1000122326 ns, Reaching safepoint: 9001 ns, Cleanup: 15800 ns, At safepoint: 2300 ns, Total: 27101 ns
[1266.435s][info ][gc,start       ] GC(44) Pause Young (Allocation Failure)
[1266.490s][debug][gc,phases      ] GC(44) Scavenge 54.312ms
[1266.490s][debug][gc,ref         ] GC(44) ReferenceProcessor::execute queues: 1, RefProcThreadModel::Single, marks_oops_alive: false
[1266.490s][debug][gc,ref         ] GC(44) Skipped KeepAliveFinalRefsPhase of Reference Processing: no references
[1266.490s][debug][gc,ref         ] GC(44) ReferenceProcessor::execute queues: 1, RefProcThreadModel::Single, marks_oops_alive: false
[1266.490s][debug][gc,phases      ] GC(44) Reference Processing 0.146ms
[1266.490s][debug][gc,phases      ] GC(44)   VM Weak                        Min:  0.0, Avg:  0.0, Max:  0.0, Diff:  0.0, Sum:  0.0, Workers: 4
[1266.490s][debug][gc,phases      ] GC(44)     Dead                           Min: 0, Avg:  0.0, Max: 0, Diff: 0, Sum: 0, Workers: 4
[1266.490s][debug][gc,phases      ] GC(44)     Total                          Min: 0, Avg: 248.8, Max: 547, Diff: 547, Sum: 995, Workers: 4
[1266.490s][debug][gc,phases      ] GC(44)   ObjectSynchronizer Weak        Min:  0.0, Avg:  0.0, Max:  0.0, Diff:  0.0, Sum:  0.0, Workers: 4
[1266.490s][debug][gc,phases      ] GC(44)     Dead                           Min: 0, Avg:  0.0, Max: 0, Diff: 0, Sum: 0, Workers: 4
[1266.490s][debug][gc,phases      ] GC(44)     Total                          Min: 0, Avg:  1.5, Max: 6, Diff: 6, Sum: 6, Workers: 4
[1266.490s][debug][gc,phases      ] GC(44)   JVMTI Tag Weak OopStorage      Min:  0.0, Avg:  0.0, Max:  0.0, Diff:  0.0, Sum:  0.0, Workers: 4
[1266.490s][debug][gc,phases      ] GC(44)     Dead                           Min: 0, Avg:  0.0, Max: 0, Diff: 0, Sum: 0, Workers: 4
[1266.490s][debug][gc,phases      ] GC(44)     Total                          Min: 0, Avg:  0.0, Max: 0, Diff: 0, Sum: 0, Workers: 4
[1266.490s][debug][gc,phases      ] GC(44)   StringTable Weak               Min:  0.0, Avg:  0.1, Max:  0.2, Diff:  0.2, Sum:  0.5, Workers: 4
[1266.490s][debug][gc,phases      ] GC(44)     Dead                           Min: 0, Avg:  0.0, Max: 0, Diff: 0, Sum: 0, Workers: 4
[1266.490s][debug][gc,phases      ] GC(44)     Total                          Min: 0, Avg: 12103.2, Max: 17536, Diff: 17536, Sum: 48413, Workers: 4
[1266.490s][debug][gc,phases      ] GC(44)   ResolvedMethodTable Weak       Min:  0.0, Avg:  0.0, Max:  0.0, Diff:  0.0, Sum:  0.1, Workers: 4
[1266.490s][debug][gc,phases      ] GC(44)     Dead                           Min: 0, Avg:  0.2, Max: 1, Diff: 1, Sum: 1, Workers: 4
[1266.490s][debug][gc,phases      ] GC(44)     Total                          Min: 0, Avg: 3387.5, Max: 4791, Diff: 4791, Sum: 13550, Workers: 4
[1266.490s][debug][gc,phases      ] GC(44)   JNI Weak                       Min:  0.0, Avg:  0.0, Max:  0.0, Diff:  0.0, Sum:  0.0, Workers: 4
[1266.490s][debug][gc,phases      ] GC(44)     Dead                           Min: 0, Avg:  0.0, Max: 0, Diff: 0, Sum: 0, Workers: 4
[1266.490s][debug][gc,phases      ] GC(44)     Total                          Min: 0, Avg: 12.0, Max: 48, Diff: 48, Sum: 48, Workers: 4
[1266.490s][debug][gc,phases      ] GC(44)   StringDedup Table Weak         Min:  0.0, Avg:  0.0, Max:  0.0, Diff:  0.0, Sum:  0.0, Workers: 4
[1266.490s][debug][gc,phases      ] GC(44)     Dead                           Min: 0, Avg:  0.0, Max: 0, Diff: 0, Sum: 0, Workers: 4
[1266.490s][debug][gc,phases      ] GC(44)     Total                          Min: 0, Avg:  0.0, Max: 0, Diff: 0, Sum: 0, Workers: 4
[1266.490s][debug][gc,phases      ] GC(44)   StringDedup Requests0 Weak     Min:  0.0, Avg:  0.0, Max:  0.0, Diff:  0.0, Sum:  0.0, Workers: 4
[1266.490s][debug][gc,phases      ] GC(44)     Dead                           Min: 0, Avg:  0.0, Max: 0, Diff: 0, Sum: 0, Workers: 4
[1266.490s][debug][gc,phases      ] GC(44)     Total                          Min: 0, Avg:  0.0, Max: 0, Diff: 0, Sum: 0, Workers: 4
[1266.490s][debug][gc,phases      ] GC(44)   StringDedup Requests1 Weak     Min:  0.0, Avg:  0.0, Max:  0.0, Diff:  0.0, Sum:  0.0, Workers: 4
[1266.490s][debug][gc,phases      ] GC(44)     Dead                           Min: 0, Avg:  0.0, Max: 0, Diff: 0, Sum: 0, Workers: 4
[1266.490s][debug][gc,phases      ] GC(44)     Total                          Min: 0, Avg:  0.0, Max: 0, Diff: 0, Sum: 0, Workers: 4
[1266.490s][debug][gc,phases      ] GC(44)   Weak JFR Old Object Samples    Min:  0.0, Avg:  0.0, Max:  0.0, Diff:  0.0, Sum:  0.0, Workers: 4
[1266.490s][debug][gc,phases      ] GC(44)     Dead                           Min: 0, Avg:  0.0, Max: 0, Diff: 0, Sum: 0, Workers: 4
[1266.490s][debug][gc,phases      ] GC(44)     Total                          Min: 0, Avg:  0.0, Max: 0, Diff: 0, Sum: 0, Workers: 4
[1266.490s][debug][gc,phases      ] GC(44) Weak Processing 0.472ms
[1266.490s][debug][gc,age         ] GC(44) Desired survivor size 252706816 bytes, new threshold 15 (max threshold 15)
[1266.490s][info ][gc,heap        ] GC(44) PSYoungGen: 1782479K(1782784K)->183893K(1838592K) Eden: 1629184K(1629184K)->0K(1603584K) From: 153295K(153600K)->183893K(235008K)
[1266.490s][info ][gc,heap        ] GC(44) ParOldGen: 228125K(265216K)->228165K(265216K)
[1266.490s][info ][gc,metaspace   ] GC(44) Metaspace: 95940K(97152K)->95940K(97152K) NonClass: 81863K(82560K)->81863K(82560K) Class: 14076K(14592K)->14076K(14592K)
[1266.490s][info ][gc             ] GC(44) Pause Young (Allocation Failure) 1963M->402M(2054M) 55.125ms
[1266.490s][info ][gc,cpu         ] GC(44) User=0.19s Sys=0.00s Real=0.06s
[1266.490s][info ][safepoint      ] Safepoint "ParallelGCFailedAllocation", Time since last: 209553639 ns, Reaching safepoint: 82703 ns, Cleanup: 4100 ns, At safepoint: 55213134 ns, Total: 55299937 ns
[1267.491s][info ][safepoint      ] Safepoint "Cleanup", Time since last: 1000085225 ns, Reaching safepoint: 79403 ns, Cleanup: 25901 ns, At safepoint: 5800 ns, Total: 111104 ns
[1268.491s][info ][safepoint      ] Safepoint "Cleanup", Time since last: 1000121626 ns, Reaching safepoint: 9900 ns, Cleanup: 25901 ns, At safepoint: 2300 ns, Total: 38101 ns
[1269.491s][info ][safepoint      ] Safepoint "Cleanup", Time since last: 1000109326 ns, Reaching safepoint: 7400 ns, Cleanup: 37402 ns, At safepoint: 2800 ns, Total: 47602 ns
[1270.491s][info ][safepoint      ] Safepoint "Cleanup", Time since last: 1000127126 ns, Reaching safepoint: 9401 ns, Cleanup: 15000 ns, At safepoint: 6800 ns, Total: 31201 ns
[1271.491s][info ][safepoint      ] Safepoint "Cleanup", Time since last: 1000156915 ns, Reaching safepoint: 7000 ns, Cleanup: 25001 ns, At safepoint: 2800 ns, Total: 34801 ns
[1272.491s][info ][safepoint      ] Safepoint "Cleanup", Time since last: 1000119943 ns, Reaching safepoint: 7300 ns, Cleanup: 10100 ns, At safepoint: 2700 ns, Total: 20100 ns
[1273.492s][info ][safepoint      ] Safepoint "Cleanup", Time since last: 1000111643 ns, Reaching safepoint: 6500 ns, Cleanup: 9500 ns, At safepoint: 3101 ns, Total: 19101 ns
[1275.492s][info ][safepoint      ] Safepoint "Cleanup", Time since last: 2000167983 ns, Reaching safepoint: 8500 ns, Cleanup: 11700 ns, At safepoint: 2600 ns, Total: 22800 ns
[1276.492s][info ][safepoint      ] Safepoint "Cleanup", Time since last: 1000080742 ns, Reaching safepoint: 7800 ns, Cleanup: 22901 ns, At safepoint: 2700 ns, Total: 33401 ns
[1277.492s][info ][safepoint      ] Safepoint "Cleanup", Time since last: 1000115643 ns, Reaching safepoint: 6700 ns, Cleanup: 12400 ns, At safepoint: 2300 ns, Total: 21400 ns
[1278.492s][info ][safepoint      ] Safepoint "Cleanup", Time since last: 1000130923 ns, Reaching safepoint: 10801 ns, Cleanup: 10700 ns, At safepoint: 2400 ns, Total: 23901 ns
[1280.492s][info ][safepoint      ] Safepoint "Cleanup", Time since last: 2000184075 ns, Reaching safepoint: 7700 ns, Cleanup: 13200 ns, At safepoint: 2701 ns, Total: 23601 ns
[1281.493s][info ][safepoint      ] Safepoint "Cleanup", Time since last: 1000127505 ns, Reaching safepoint: 10200 ns, Cleanup: 8401 ns, At safepoint: 2000 ns, Total: 20601 ns
[1282.493s][info ][safepoint      ] Safepoint "Cleanup", Time since last: 1000087604 ns, Reaching safepoint: 8500 ns, Cleanup: 9101 ns, At safepoint: 2600 ns, Total: 20201 ns
[1283.493s][info ][safepoint      ] Safepoint "Cleanup", Time since last: 1000086204 ns, Reaching safepoint: 8100 ns, Cleanup: 12201 ns, At safepoint: 2800 ns, Total: 23101 ns
[1287.493s][info ][safepoint      ] Safepoint "Cleanup", Time since last: 4000336400 ns, Reaching safepoint: 8300 ns, Cleanup: 12901 ns, At safepoint: 2800 ns, Total: 24001 ns
[1288.493s][info ][safepoint      ] Safepoint "Cleanup", Time since last: 1000110714 ns, Reaching safepoint: 9000 ns, Cleanup: 10901 ns, At safepoint: 6000 ns, Total: 25901 ns
[1289.493s][info ][safepoint      ] Safepoint "Cleanup", Time since last: 1000140415 ns, Reaching safepoint: 9300 ns, Cleanup: 8500 ns, At safepoint: 2500 ns, Total: 20300 ns
[1290.494s][info ][safepoint      ] Safepoint "Cleanup", Time since last: 1000074513 ns, Reaching safepoint: 7701 ns, Cleanup: 8200 ns, At safepoint: 2100 ns, Total: 18001 ns
[1295.494s][info ][safepoint      ] Safepoint "Cleanup", Time since last: 5000359596 ns, Reaching safepoint: 8501 ns, Cleanup: 10000 ns, At safepoint: 2900 ns, Total: 21401 ns
[1302.494s][info ][safepoint      ] Safepoint "Cleanup", Time since last: 7000506419 ns, Reaching safepoint: 8201 ns, Cleanup: 6600 ns, At safepoint: 2900 ns, Total: 17701 ns
[1303.495s][info ][safepoint      ] Safepoint "Cleanup", Time since last: 1000117603 ns, Reaching safepoint: 8101 ns, Cleanup: 13700 ns, At safepoint: 2800 ns, Total: 24601 ns
[1305.495s][info ][safepoint      ] Safepoint "Cleanup", Time since last: 2000165429 ns, Reaching safepoint: 7700 ns, Cleanup: 8401 ns, At safepoint: 3000 ns, Total: 19101 ns
[1307.495s][info ][safepoint      ] Safepoint "Cleanup", Time since last: 2000183729 ns, Reaching safepoint: 7701 ns, Cleanup: 9100 ns, At safepoint: 2100 ns, Total: 18901 ns
[1309.495s][info ][safepoint      ] Safepoint "Cleanup", Time since last: 2000177429 ns, Reaching safepoint: 8401 ns, Cleanup: 8000 ns, At safepoint: 2200 ns, Total: 18601 ns
[1310.495s][info ][safepoint      ] Safepoint "Cleanup", Time since last: 1000114666 ns, Reaching safepoint: 9300 ns, Cleanup: 52402 ns, At safepoint: 12900 ns, Total: 74602 ns
[1311.119s][info ][gc,start       ] GC(45) Pause Young (Allocation Failure)
[1311.190s][debug][gc,phases      ] GC(45) Scavenge 70.514ms
[1311.190s][debug][gc,ref         ] GC(45) ReferenceProcessor::execute queues: 1, RefProcThreadModel::Single, marks_oops_alive: false
[1311.190s][debug][gc,ref         ] GC(45) Skipped KeepAliveFinalRefsPhase of Reference Processing: no references
[1311.190s][debug][gc,ref         ] GC(45) ReferenceProcessor::execute queues: 1, RefProcThreadModel::Single, marks_oops_alive: false
[1311.190s][debug][gc,phases      ] GC(45) Reference Processing 0.178ms
[1311.191s][debug][gc,phases      ] GC(45)   VM Weak                        Min:  0.0, Avg:  0.0, Max:  0.0, Diff:  0.0, Sum:  0.0, Workers: 4
[1311.191s][debug][gc,phases      ] GC(45)     Dead                           Min: 0, Avg:  0.0, Max: 0, Diff: 0, Sum: 0, Workers: 4
[1311.191s][debug][gc,phases      ] GC(45)     Total                          Min: 0, Avg: 250.2, Max: 553, Diff: 553, Sum: 1001, Workers: 4
[1311.191s][debug][gc,phases      ] GC(45)   ObjectSynchronizer Weak        Min:  0.0, Avg:  0.0, Max:  0.0, Diff:  0.0, Sum:  0.0, Workers: 4
[1311.191s][debug][gc,phases      ] GC(45)     Dead                           Min: 0, Avg:  0.0, Max: 0, Diff: 0, Sum: 0, Workers: 4
[1311.191s][debug][gc,phases      ] GC(45)     Total                          Min: 0, Avg:  1.5, Max: 6, Diff: 6, Sum: 6, Workers: 4
[1311.191s][debug][gc,phases      ] GC(45)   JVMTI Tag Weak OopStorage      Min:  0.0, Avg:  0.0, Max:  0.0, Diff:  0.0, Sum:  0.0, Workers: 4
[1311.191s][debug][gc,phases      ] GC(45)     Dead                           Min: 0, Avg:  0.0, Max: 0, Diff: 0, Sum: 0, Workers: 4
[1311.191s][debug][gc,phases      ] GC(45)     Total                          Min: 0, Avg:  0.0, Max: 0, Diff: 0, Sum: 0, Workers: 4
[1311.191s][debug][gc,phases      ] GC(45)   StringTable Weak               Min:  0.0, Avg:  0.1, Max:  0.2, Diff:  0.2, Sum:  0.5, Workers: 4
[1311.191s][debug][gc,phases      ] GC(45)     Dead                           Min: 0, Avg:  0.2, Max: 1, Diff: 1, Sum: 1, Workers: 4
[1311.191s][debug][gc,phases      ] GC(45)     Total                          Min: 0, Avg: 12112.2, Max: 17472, Diff: 17472, Sum: 48449, Workers: 4
[1311.191s][debug][gc,phases      ] GC(45)   ResolvedMethodTable Weak       Min:  0.0, Avg:  0.0, Max:  0.1, Diff:  0.1, Sum:  0.2, Workers: 4
[1311.191s][debug][gc,phases      ] GC(45)     Dead                           Min: 0, Avg:  0.5, Max: 2, Diff: 2, Sum: 2, Workers: 4
[1311.191s][debug][gc,phases      ] GC(45)     Total                          Min: 0, Avg: 3394.0, Max: 4664, Diff: 4664, Sum: 13576, Workers: 4
[1311.191s][debug][gc,phases      ] GC(45)   JNI Weak                       Min:  0.0, Avg:  0.0, Max:  0.0, Diff:  0.0, Sum:  0.0, Workers: 4
[1311.191s][debug][gc,phases      ] GC(45)     Dead                           Min: 0, Avg:  0.0, Max: 0, Diff: 0, Sum: 0, Workers: 4
[1311.191s][debug][gc,phases      ] GC(45)     Total                          Min: 0, Avg: 14.0, Max: 56, Diff: 56, Sum: 56, Workers: 4
[1311.191s][debug][gc,phases      ] GC(45)   StringDedup Table Weak         Min:  0.0, Avg:  0.0, Max:  0.0, Diff:  0.0, Sum:  0.0, Workers: 4
[1311.191s][debug][gc,phases      ] GC(45)     Dead                           Min: 0, Avg:  0.0, Max: 0, Diff: 0, Sum: 0, Workers: 4
[1311.191s][debug][gc,phases      ] GC(45)     Total                          Min: 0, Avg:  0.0, Max: 0, Diff: 0, Sum: 0, Workers: 4
[1311.191s][debug][gc,phases      ] GC(45)   StringDedup Requests0 Weak     Min:  0.0, Avg:  0.0, Max:  0.0, Diff:  0.0, Sum:  0.0, Workers: 4
[1311.191s][debug][gc,phases      ] GC(45)     Dead                           Min: 0, Avg:  0.0, Max: 0, Diff: 0, Sum: 0, Workers: 4
[1311.191s][debug][gc,phases      ] GC(45)     Total                          Min: 0, Avg:  0.0, Max: 0, Diff: 0, Sum: 0, Workers: 4
[1311.191s][debug][gc,phases      ] GC(45)   StringDedup Requests1 Weak     Min:  0.0, Avg:  0.0, Max:  0.0, Diff:  0.0, Sum:  0.0, Workers: 4
[1311.191s][debug][gc,phases      ] GC(45)     Dead                           Min: 0, Avg:  0.0, Max: 0, Diff: 0, Sum: 0, Workers: 4
[1311.191s][debug][gc,phases      ] GC(45)     Total                          Min: 0, Avg:  0.0, Max: 0, Diff: 0, Sum: 0, Workers: 4
[1311.191s][debug][gc,phases      ] GC(45)   Weak JFR Old Object Samples    Min:  0.0, Avg:  0.0, Max:  0.0, Diff:  0.0, Sum:  0.0, Workers: 4
[1311.191s][debug][gc,phases      ] GC(45)     Dead                           Min: 0, Avg:  0.0, Max: 0, Diff: 0, Sum: 0, Workers: 4
[1311.191s][debug][gc,phases      ] GC(45)     Total                          Min: 0, Avg:  0.0, Max: 0, Diff: 0, Sum: 0, Workers: 4
[1311.191s][debug][gc,phases      ] GC(45) Weak Processing 0.490ms
[1311.191s][debug][gc,age         ] GC(45) Desired survivor size 272629760 bytes, new threshold 15 (max threshold 15)
[1311.191s][info ][gc,heap        ] GC(45) PSYoungGen: 1787477K(1838592K)->212568K(1816576K) Eden: 1603584K(1603584K)->0K(1603584K) From: 183893K(235008K)->212568K(212992K)
[1311.191s][info ][gc,heap        ] GC(45) ParOldGen: 228165K(265216K)->228197K(265216K)
[1311.191s][info ][gc,metaspace   ] GC(45) Metaspace: 96168K(97472K)->96168K(97472K) NonClass: 82082K(82816K)->82082K(82816K) Class: 14085K(14656K)->14085K(14656K)
[1311.191s][info ][gc             ] GC(45) Pause Young (Allocation Failure) 1968M->430M(2033M) 71.339ms
[1311.191s][info ][gc,cpu         ] GC(45) User=0.23s Sys=0.01s Real=0.07s
[1311.191s][info ][safepoint      ] Safepoint "ParallelGCFailedAllocation", Time since last: 623911014 ns, Reaching safepoint: 90603 ns, Cleanup: 58302 ns, At safepoint: 71462959 ns, Total: 71611864 ns
[1312.191s][info ][safepoint      ] Safepoint "Cleanup", Time since last: 1000099501 ns, Reaching safepoint: 88203 ns, Cleanup: 48802 ns, At safepoint: 9500 ns, Total: 146505 ns
[1313.191s][info ][safepoint      ] Safepoint "Cleanup", Time since last: 1000115902 ns, Reaching safepoint: 100603 ns, Cleanup: 13301 ns, At safepoint: 9100 ns, Total: 123004 ns
[1314.191s][info ][safepoint      ] Safepoint "Cleanup", Time since last: 1000079600 ns, Reaching safepoint: 9500 ns, Cleanup: 16301 ns, At safepoint: 2900 ns, Total: 28701 ns
[1320.192s][info ][safepoint      ] Safepoint "Cleanup", Time since last: 6000461691 ns, Reaching safepoint: 87102 ns, Cleanup: 10101 ns, At safepoint: 6700 ns, Total: 103903 ns
[1323.404s][info ][safepoint      ] Safepoint "Cleanup", Time since last: 3211649546 ns, Reaching safepoint: 8800 ns, Cleanup: 9800 ns, At safepoint: 2400 ns, Total: 21000 ns
[1324.404s][info ][safepoint      ] Safepoint "Cleanup", Time since last: 1000124786 ns, Reaching safepoint: 10900 ns, Cleanup: 11700 ns, At safepoint: 3201 ns, Total: 25801 ns
[1328.404s][info ][safepoint      ] Safepoint "Cleanup", Time since last: 4000320885 ns, Reaching safepoint: 8000 ns, Cleanup: 8100 ns, At safepoint: 2100 ns, Total: 18200 ns
[1333.405s][info ][safepoint      ] Safepoint "Cleanup", Time since last: 5000417158 ns, Reaching safepoint: 10200 ns, Cleanup: 9901 ns, At safepoint: 3000 ns, Total: 23101 ns
[1334.186s][info ][gc,start       ] GC(46) Pause Young (Allocation Failure)
[1334.250s][debug][gc,phases      ] GC(46) Scavenge 64.234ms
[1334.250s][debug][gc,ref         ] GC(46) ReferenceProcessor::execute queues: 1, RefProcThreadModel::Single, marks_oops_alive: false
[1334.250s][debug][gc,ref         ] GC(46) Skipped KeepAliveFinalRefsPhase of Reference Processing: no references
[1334.250s][debug][gc,ref         ] GC(46) ReferenceProcessor::execute queues: 1, RefProcThreadModel::Single, marks_oops_alive: false
[1334.250s][debug][gc,phases      ] GC(46) Reference Processing 0.148ms
[1334.250s][debug][gc,phases      ] GC(46)   VM Weak                        Min:  0.0, Avg:  0.0, Max:  0.0, Diff:  0.0, Sum:  0.0, Workers: 4
[1334.250s][debug][gc,phases      ] GC(46)     Dead                           Min: 0, Avg:  0.0, Max: 0, Diff: 0, Sum: 0, Workers: 4
[1334.250s][debug][gc,phases      ] GC(46)     Total                          Min: 0, Avg: 250.2, Max: 640, Diff: 640, Sum: 1001, Workers: 4
[1334.250s][debug][gc,phases      ] GC(46)   ObjectSynchronizer Weak        Min:  0.0, Avg:  0.0, Max:  0.0, Diff:  0.0, Sum:  0.0, Workers: 4
[1334.250s][debug][gc,phases      ] GC(46)     Dead                           Min: 0, Avg:  0.0, Max: 0, Diff: 0, Sum: 0, Workers: 4
[1334.250s][debug][gc,phases      ] GC(46)     Total                          Min: 0, Avg:  1.0, Max: 4, Diff: 4, Sum: 4, Workers: 4
[1334.250s][debug][gc,phases      ] GC(46)   JVMTI Tag Weak OopStorage      Min:  0.0, Avg:  0.0, Max:  0.0, Diff:  0.0, Sum:  0.0, Workers: 4
[1334.250s][debug][gc,phases      ] GC(46)     Dead                           Min: 0, Avg:  0.0, Max: 0, Diff: 0, Sum: 0, Workers: 4
[1334.250s][debug][gc,phases      ] GC(46)     Total                          Min: 0, Avg:  0.0, Max: 0, Diff: 0, Sum: 0, Workers: 4
[1334.250s][debug][gc,phases      ] GC(46)   StringTable Weak               Min:  0.0, Avg:  0.1, Max:  0.2, Diff:  0.2, Sum:  0.5, Workers: 4
[1334.250s][debug][gc,phases      ] GC(46)     Dead                           Min: 0, Avg:  0.0, Max: 0, Diff: 0, Sum: 0, Workers: 4
[1334.250s][debug][gc,phases      ] GC(46)     Total                          Min: 0, Avg: 12121.0, Max: 17152, Diff: 17152, Sum: 48484, Workers: 4
[1334.250s][debug][gc,phases      ] GC(46)   ResolvedMethodTable Weak       Min:  0.0, Avg:  0.0, Max:  0.0, Diff:  0.0, Sum:  0.1, Workers: 4
[1334.250s][debug][gc,phases      ] GC(46)     Dead                           Min: 0, Avg:  0.2, Max: 1, Diff: 1, Sum: 1, Workers: 4
[1334.250s][debug][gc,phases      ] GC(46)     Total                          Min: 0, Avg: 3396.2, Max: 5317, Diff: 5317, Sum: 13585, Workers: 4
[1334.251s][debug][gc,phases      ] GC(46)   JNI Weak                       Min:  0.0, Avg:  0.0, Max:  0.0, Diff:  0.0, Sum:  0.0, Workers: 4
[1334.251s][debug][gc,phases      ] GC(46)     Dead                           Min: 0, Avg:  0.0, Max: 0, Diff: 0, Sum: 0, Workers: 4
[1334.251s][debug][gc,phases      ] GC(46)     Total                          Min: 0, Avg: 12.0, Max: 48, Diff: 48, Sum: 48, Workers: 4
[1334.251s][debug][gc,phases      ] GC(46)   StringDedup Table Weak         Min:  0.0, Avg:  0.0, Max:  0.0, Diff:  0.0, Sum:  0.0, Workers: 4
[1334.251s][debug][gc,phases      ] GC(46)     Dead                           Min: 0, Avg:  0.0, Max: 0, Diff: 0, Sum: 0, Workers: 4
[1334.251s][debug][gc,phases      ] GC(46)     Total                          Min: 0, Avg:  0.0, Max: 0, Diff: 0, Sum: 0, Workers: 4
[1334.251s][debug][gc,phases      ] GC(46)   StringDedup Requests0 Weak     Min:  0.0, Avg:  0.0, Max:  0.0, Diff:  0.0, Sum:  0.0, Workers: 4
[1334.251s][debug][gc,phases      ] GC(46)     Dead                           Min: 0, Avg:  0.0, Max: 0, Diff: 0, Sum: 0, Workers: 4
[1334.251s][debug][gc,phases      ] GC(46)     Total                          Min: 0, Avg:  0.0, Max: 0, Diff: 0, Sum: 0, Workers: 4
[1334.251s][debug][gc,phases      ] GC(46)   StringDedup Requests1 Weak     Min:  0.0, Avg:  0.0, Max:  0.0, Diff:  0.0, Sum:  0.0, Workers: 4
[1334.251s][debug][gc,phases      ] GC(46)     Dead                           Min: 0, Avg:  0.0, Max: 0, Diff: 0, Sum: 0, Workers: 4
[1334.251s][debug][gc,phases      ] GC(46)     Total                          Min: 0, Avg:  0.0, Max: 0, Diff: 0, Sum: 0, Workers: 4
[1334.251s][debug][gc,phases      ] GC(46)   Weak JFR Old Object Samples    Min:  0.0, Avg:  0.0, Max:  0.0, Diff:  0.0, Sum:  0.0, Workers: 4
[1334.251s][debug][gc,phases      ] GC(46)     Dead                           Min: 0, Avg:  0.0, Max: 0, Diff: 0, Sum: 0, Workers: 4
[1334.251s][debug][gc,phases      ] GC(46)     Total                          Min: 0, Avg:  0.0, Max: 0, Diff: 0, Sum: 0, Workers: 4
[1334.251s][debug][gc,phases      ] GC(46) Weak Processing 0.464ms
[1334.251s][debug][gc,age         ] GC(46) Desired survivor size 292552704 bytes, new threshold 15 (max threshold 15)
[1334.251s][info ][gc,heap        ] GC(46) PSYoungGen: 1816152K(1816576K)->223718K(1792000K) Eden: 1603584K(1603584K)->0K(1525760K) From: 212568K(212992K)->223718K(266240K)
[1334.251s][info ][gc,heap        ] GC(46) ParOldGen: 228197K(265216K)->228245K(265216K)
[1334.251s][info ][gc,metaspace   ] GC(46) Metaspace: 96228K(97536K)->96228K(97536K) NonClass: 82140K(82880K)->82140K(82880K) Class: 14088K(14656K)->14088K(14656K)
[1334.251s][info ][gc             ] GC(46) Pause Young (Allocation Failure) 1996M->441M(2009M) 65.017ms
[1334.251s][info ][gc,cpu         ] GC(46) User=0.24s Sys=0.00s Real=0.07s
[1334.251s][info ][safepoint      ] Safepoint "ParallelGCFailedAllocation", Time since last: 780850843 ns, Reaching safepoint: 84703 ns, Cleanup: 12600 ns, At safepoint: 65111488 ns, Total: 65208791 ns
[1337.251s][info ][safepoint      ] Safepoint "Cleanup", Time since last: 3000221628 ns, Reaching safepoint: 7600 ns, Cleanup: 13601 ns, At safepoint: 2200 ns, Total: 23401 ns
[1340.251s][info ][safepoint      ] Safepoint "Cleanup", Time since last: 3000253256 ns, Reaching safepoint: 8700 ns, Cleanup: 11801 ns, At safepoint: 2600 ns, Total: 23101 ns
[1341.251s][info ][safepoint      ] Safepoint "Cleanup", Time since last: 1000131963 ns, Reaching safepoint: 8200 ns, Cleanup: 9700 ns, At safepoint: 2701 ns, Total: 20601 ns
[1343.252s][info ][safepoint      ] Safepoint "Cleanup", Time since last: 2000177289 ns, Reaching safepoint: 6800 ns, Cleanup: 13300 ns, At safepoint: 2201 ns, Total: 22301 ns
[1344.252s][info ][safepoint      ] Safepoint "Cleanup", Time since last: 1000114928 ns, Reaching safepoint: 6900 ns, Cleanup: 11701 ns, At safepoint: 2200 ns, Total: 20801 ns
[1345.252s][info ][safepoint      ] Safepoint "Cleanup", Time since last: 1000111428 ns, Reaching safepoint: 6901 ns, Cleanup: 9800 ns, At safepoint: 2700 ns, Total: 19401 ns
[1346.252s][info ][safepoint      ] Safepoint "Cleanup", Time since last: 1000114029 ns, Reaching safepoint: 10100 ns, Cleanup: 12800 ns, At safepoint: 3100 ns, Total: 26000 ns
[1347.252s][info ][safepoint      ] Safepoint "Cleanup", Time since last: 1000118629 ns, Reaching safepoint: 8400 ns, Cleanup: 11501 ns, At safepoint: 2500 ns, Total: 22401 ns
[1348.252s][info ][safepoint      ] Safepoint "Cleanup", Time since last: 1000115229 ns, Reaching safepoint: 8000 ns, Cleanup: 14800 ns, At safepoint: 3300 ns, Total: 26100 ns
[1349.252s][info ][safepoint      ] Safepoint "Cleanup", Time since last: 1000120229 ns, Reaching safepoint: 6800 ns, Cleanup: 17001 ns, At safepoint: 2500 ns, Total: 26301 ns
[1351.253s][info ][safepoint      ] Safepoint "Cleanup", Time since last: 2000179596 ns, Reaching safepoint: 7200 ns, Cleanup: 12601 ns, At safepoint: 2600 ns, Total: 22401 ns
[1354.253s][info ][safepoint      ] Safepoint "Cleanup", Time since last: 3000267123 ns, Reaching safepoint: 7400 ns, Cleanup: 9000 ns, At safepoint: 2600 ns, Total: 19000 ns
[1357.253s][info ][safepoint      ] Safepoint "Cleanup", Time since last: 3000245123 ns, Reaching safepoint: 7200 ns, Cleanup: 17701 ns, At safepoint: 2500 ns, Total: 27401 ns
[1358.253s][info ][safepoint      ] Safepoint "Cleanup", Time since last: 1000120304 ns, Reaching safepoint: 9600 ns, Cleanup: 53702 ns, At safepoint: 6100 ns, Total: 69402 ns
[1358.351s][info ][gc,start       ] GC(47) Pause Young (Allocation Failure)
[1358.423s][debug][gc,phases      ] GC(47) Scavenge 71.726ms
[1358.423s][debug][gc,ref         ] GC(47) ReferenceProcessor::execute queues: 1, RefProcThreadModel::Single, marks_oops_alive: false
[1358.423s][debug][gc,ref         ] GC(47) Skipped KeepAliveFinalRefsPhase of Reference Processing: no references
[1358.423s][debug][gc,ref         ] GC(47) ReferenceProcessor::execute queues: 1, RefProcThreadModel::Single, marks_oops_alive: false
[1358.423s][debug][gc,phases      ] GC(47) Reference Processing 0.157ms
[1358.423s][debug][gc,phases      ] GC(47)   VM Weak                        Min:  0.0, Avg:  0.0, Max:  0.0, Diff:  0.0, Sum:  0.0, Workers: 4
[1358.423s][debug][gc,phases      ] GC(47)     Dead                           Min: 0, Avg:  0.0, Max: 0, Diff: 0, Sum: 0, Workers: 4
[1358.423s][debug][gc,phases      ] GC(47)     Total                          Min: 0, Avg: 250.5, Max: 640, Diff: 640, Sum: 1002, Workers: 4
[1358.423s][debug][gc,phases      ] GC(47)   ObjectSynchronizer Weak        Min:  0.0, Avg:  0.0, Max:  0.0, Diff:  0.0, Sum:  0.0, Workers: 4
[1358.423s][debug][gc,phases      ] GC(47)     Dead                           Min: 0, Avg:  0.0, Max: 0, Diff: 0, Sum: 0, Workers: 4
[1358.423s][debug][gc,phases      ] GC(47)     Total                          Min: 0, Avg:  1.0, Max: 4, Diff: 4, Sum: 4, Workers: 4
[1358.423s][debug][gc,phases      ] GC(47)   JVMTI Tag Weak OopStorage      Min:  0.0, Avg:  0.0, Max:  0.0, Diff:  0.0, Sum:  0.0, Workers: 4
[1358.423s][debug][gc,phases      ] GC(47)     Dead                           Min: 0, Avg:  0.0, Max: 0, Diff: 0, Sum: 0, Workers: 4
[1358.423s][debug][gc,phases      ] GC(47)     Total                          Min: 0, Avg:  0.0, Max: 0, Diff: 0, Sum: 0, Workers: 4
[1358.423s][debug][gc,phases      ] GC(47)   StringTable Weak               Min:  0.0, Avg:  0.1, Max:  0.2, Diff:  0.2, Sum:  0.5, Workers: 4
[1358.423s][debug][gc,phases      ] GC(47)     Dead                           Min: 0, Avg:  0.0, Max: 0, Diff: 0, Sum: 0, Workers: 4
[1358.423s][debug][gc,phases      ] GC(47)     Total                          Min: 0, Avg: 12123.0, Max: 18112, Diff: 18112, Sum: 48492, Workers: 4
[1358.423s][debug][gc,phases      ] GC(47)   ResolvedMethodTable Weak       Min:  0.0, Avg:  0.0, Max:  0.0, Diff:  0.0, Sum:  0.1, Workers: 4
[1358.423s][debug][gc,phases      ] GC(47)     Dead                           Min: 0, Avg:  0.0, Max: 0, Diff: 0, Sum: 0, Workers: 4
[1358.423s][debug][gc,phases      ] GC(47)     Total                          Min: 0, Avg: 3397.0, Max: 4647, Diff: 4647, Sum: 13588, Workers: 4
[1358.423s][debug][gc,phases      ] GC(47)   JNI Weak                       Min:  0.0, Avg:  0.0, Max:  0.0, Diff:  0.0, Sum:  0.0, Workers: 4
[1358.423s][debug][gc,phases      ] GC(47)     Dead                           Min: 0, Avg:  0.0, Max: 0, Diff: 0, Sum: 0, Workers: 4
[1358.423s][debug][gc,phases      ] GC(47)     Total                          Min: 0, Avg: 12.0, Max: 48, Diff: 48, Sum: 48, Workers: 4
[1358.423s][debug][gc,phases      ] GC(47)   StringDedup Table Weak         Min:  0.0, Avg:  0.0, Max:  0.0, Diff:  0.0, Sum:  0.0, Workers: 4
[1358.423s][debug][gc,phases      ] GC(47)     Dead                           Min: 0, Avg:  0.0, Max: 0, Diff: 0, Sum: 0, Workers: 4
[1358.423s][debug][gc,phases      ] GC(47)     Total                          Min: 0, Avg:  0.0, Max: 0, Diff: 0, Sum: 0, Workers: 4
[1358.423s][debug][gc,phases      ] GC(47)   StringDedup Requests0 Weak     Min:  0.0, Avg:  0.0, Max:  0.0, Diff:  0.0, Sum:  0.0, Workers: 4
[1358.423s][debug][gc,phases      ] GC(47)     Dead                           Min: 0, Avg:  0.0, Max: 0, Diff: 0, Sum: 0, Workers: 4
[1358.423s][debug][gc,phases      ] GC(47)     Total                          Min: 0, Avg:  0.0, Max: 0, Diff: 0, Sum: 0, Workers: 4
[1358.423s][debug][gc,phases      ] GC(47)   StringDedup Requests1 Weak     Min:  0.0, Avg:  0.0, Max:  0.0, Diff:  0.0, Sum:  0.0, Workers: 4
[1358.423s][debug][gc,phases      ] GC(47)     Dead                           Min: 0, Avg:  0.0, Max: 0, Diff: 0, Sum: 0, Workers: 4
[1358.423s][debug][gc,phases      ] GC(47)     Total                          Min: 0, Avg:  0.0, Max: 0, Diff: 0, Sum: 0, Workers: 4
[1358.423s][debug][gc,phases      ] GC(47)   Weak JFR Old Object Samples    Min:  0.0, Avg:  0.0, Max:  0.0, Diff:  0.0, Sum:  0.0, Workers: 4
[1358.423s][debug][gc,phases      ] GC(47)     Dead                           Min: 0, Avg:  0.0, Max: 0, Diff: 0, Sum: 0, Workers: 4
[1358.423s][debug][gc,phases      ] GC(47)     Total                          Min: 0, Avg:  0.0, Max: 0, Diff: 0, Sum: 0, Workers: 4
[1358.423s][debug][gc,phases      ] GC(47) Weak Processing 0.470ms
[1358.423s][debug][gc,age         ] GC(47) Desired survivor size 311951360 bytes, new threshold 15 (max threshold 15)
[1358.423s][info ][gc,heap        ] GC(47) PSYoungGen: 1749478K(1792000K)->235497K(1761280K) Eden: 1525760K(1525760K)->0K(1525760K) From: 223718K(266240K)->235497K(235520K)
[1358.423s][info ][gc,heap        ] GC(47) ParOldGen: 228245K(265216K)->246637K(265216K)
[1358.423s][info ][gc,metaspace   ] GC(47) Metaspace: 96245K(97536K)->96245K(97536K) NonClass: 82155K(82880K)->82155K(82880K) Class: 14089K(14656K)->14089K(14656K)
[1358.423s][info ][gc             ] GC(47) Pause Young (Allocation Failure) 1931M->470M(1979M) 72.520ms
[1358.423s][info ][gc,cpu         ] GC(47) User=0.23s Sys=0.00s Real=0.07s
[1358.423s][debug][gc,phases      ] GC(48) Pre Compact 0.010ms
[1358.423s][info ][gc,start       ] GC(48) Pause Full (Ergonomics)
[1358.423s][info ][gc,phases,start] GC(48) Marking Phase
[1358.529s][debug][gc,phases      ] GC(48) Par Mark 105.080ms
[1358.529s][debug][gc,ref         ] GC(48) ReferenceProcessor::execute queues: 4, RefProcThreadModel::Multi, marks_oops_alive: false
[1358.529s][debug][gc,ref         ] GC(48) Skipped KeepAliveFinalRefsPhase of Reference Processing: no references
[1358.529s][debug][gc,ref         ] GC(48) ReferenceProcessor::execute queues: 1, RefProcThreadModel::Single, marks_oops_alive: false
[1358.529s][debug][gc,phases      ] GC(48) Reference Processing 0.811ms
[1358.530s][debug][gc,phases      ] GC(48)   VM Weak                        Min:  0.0, Avg:  0.0, Max:  0.0, Diff:  0.0, Sum:  0.0, Workers: 4
[1358.530s][debug][gc,phases      ] GC(48)     Dead                           Min: 0, Avg:  0.0, Max: 0, Diff: 0, Sum: 0, Workers: 4
[1358.530s][debug][gc,phases      ] GC(48)     Total                          Min: 0, Avg: 250.5, Max: 512, Diff: 512, Sum: 1002, Workers: 4
[1358.530s][debug][gc,phases      ] GC(48)   ObjectSynchronizer Weak        Min:  0.0, Avg:  0.0, Max:  0.0, Diff:  0.0, Sum:  0.0, Workers: 4
[1358.530s][debug][gc,phases      ] GC(48)     Dead                           Min: 0, Avg:  0.0, Max: 0, Diff: 0, Sum: 0, Workers: 4
[1358.530s][debug][gc,phases      ] GC(48)     Total                          Min: 0, Avg:  1.0, Max: 4, Diff: 4, Sum: 4, Workers: 4
[1358.530s][debug][gc,phases      ] GC(48)   JVMTI Tag Weak OopStorage      Min:  0.0, Avg:  0.0, Max:  0.0, Diff:  0.0, Sum:  0.0, Workers: 4
[1358.530s][debug][gc,phases      ] GC(48)     Dead                           Min: 0, Avg:  0.0, Max: 0, Diff: 0, Sum: 0, Workers: 4
[1358.530s][debug][gc,phases      ] GC(48)     Total                          Min: 0, Avg:  0.0, Max: 0, Diff: 0, Sum: 0, Workers: 4
[1358.530s][debug][gc,phases      ] GC(48)   StringTable Weak               Min:  0.2, Avg:  0.2, Max:  0.2, Diff:  0.0, Sum:  0.9, Workers: 4
[1358.530s][debug][gc,phases      ] GC(48)     Dead                           Min: 0, Avg:  0.0, Max: 0, Diff: 0, Sum: 0, Workers: 4
[1358.530s][debug][gc,phases      ] GC(48)     Total                          Min: 11072, Avg: 12123.0, Max: 12800, Diff: 1728, Sum: 48492, Workers: 4
[1358.530s][debug][gc,phases      ] GC(48)   ResolvedMethodTable Weak       Min:  0.0, Avg:  0.0, Max:  0.1, Diff:  0.0, Sum:  0.2, Workers: 4
[1358.530s][debug][gc,phases      ] GC(48)     Dead                           Min: 0, Avg:  0.0, Max: 0, Diff: 0, Sum: 0, Workers: 4
[1358.530s][debug][gc,phases      ] GC(48)     Total                          Min: 3378, Avg: 3397.0, Max: 3430, Diff: 52, Sum: 13588, Workers: 4
[1358.530s][debug][gc,phases      ] GC(48)   JNI Weak                       Min:  0.0, Avg:  0.0, Max:  0.0, Diff:  0.0, Sum:  0.0, Workers: 4
[1358.530s][debug][gc,phases      ] GC(48)     Dead                           Min: 0, Avg:  0.0, Max: 0, Diff: 0, Sum: 0, Workers: 4
[1358.530s][debug][gc,phases      ] GC(48)     Total                          Min: 0, Avg: 12.0, Max: 48, Diff: 48, Sum: 48, Workers: 4
[1358.530s][debug][gc,phases      ] GC(48)   StringDedup Table Weak         Min:  0.0, Avg:  0.0, Max:  0.0, Diff:  0.0, Sum:  0.0, Workers: 4
[1358.530s][debug][gc,phases      ] GC(48)     Dead                           Min: 0, Avg:  0.0, Max: 0, Diff: 0, Sum: 0, Workers: 4
[1358.530s][debug][gc,phases      ] GC(48)     Total                          Min: 0, Avg:  0.0, Max: 0, Diff: 0, Sum: 0, Workers: 4
[1358.530s][debug][gc,phases      ] GC(48)   StringDedup Requests0 Weak     Min:  0.0, Avg:  0.0, Max:  0.0, Diff:  0.0, Sum:  0.0, Workers: 4
[1358.530s][debug][gc,phases      ] GC(48)     Dead                           Min: 0, Avg:  0.0, Max: 0, Diff: 0, Sum: 0, Workers: 4
[1358.530s][debug][gc,phases      ] GC(48)     Total                          Min: 0, Avg:  0.0, Max: 0, Diff: 0, Sum: 0, Workers: 4
[1358.530s][debug][gc,phases      ] GC(48)   StringDedup Requests1 Weak     Min:  0.0, Avg:  0.0, Max:  0.0, Diff:  0.0, Sum:  0.0, Workers: 4
[1358.530s][debug][gc,phases      ] GC(48)     Dead                           Min: 0, Avg:  0.0, Max: 0, Diff: 0, Sum: 0, Workers: 4
[1358.530s][debug][gc,phases      ] GC(48)     Total                          Min: 0, Avg:  0.0, Max: 0, Diff: 0, Sum: 0, Workers: 4
[1358.530s][debug][gc,phases      ] GC(48)   Weak JFR Old Object Samples    Min:  0.0, Avg:  0.0, Max:  0.0, Diff:  0.0, Sum:  0.0, Workers: 4
[1358.530s][debug][gc,phases      ] GC(48)     Dead                           Min: 0, Avg:  0.0, Max: 0, Diff: 0, Sum: 0, Workers: 4
[1358.530s][debug][gc,phases      ] GC(48)     Total                          Min: 0, Avg:  0.0, Max: 0, Diff: 0, Sum: 0, Workers: 4
[1358.530s][debug][gc,phases      ] GC(48) Weak Processing 0.531ms
[1358.530s][debug][gc,phases      ] GC(48) ClassLoaderData 0.137ms
[1358.530s][debug][gc,phases      ] GC(48) Trigger cleanups 0.000ms
[1358.558s][debug][gc,phases      ] GC(48) Class Unloading 28.423ms
[1358.558s][debug][gc,phases      ] GC(48) Report Object Count 0.002ms
[1358.558s][info ][gc,phases      ] GC(48) Marking Phase 134.956ms
[1358.558s][info ][gc,phases,start] GC(48) Summary Phase
[1358.558s][info ][gc,phases      ] GC(48) Summary Phase 0.025ms
[1358.558s][info ][gc,phases,start] GC(48) Adjust Roots
[1358.576s][info ][gc,phases      ] GC(48) Adjust Roots 17.429ms
[1358.576s][info ][gc,phases,start] GC(48) Compaction Phase
[1358.777s][info ][gc,phases      ] GC(48) Compaction Phase 200.968ms
[1358.777s][info ][gc,phases,start] GC(48) Post Compact
[1358.779s][info ][gc,phases      ] GC(48) Post Compact 2.502ms
[1358.780s][info ][gc,heap        ] GC(48) PSYoungGen: 235497K(1761280K)->57036K(1761280K) Eden: 0K(1525760K)->0K(1525760K) From: 235497K(235520K)->57036K(235520K)
[1358.780s][info ][gc,heap        ] GC(48) ParOldGen: 246637K(265216K)->264980K(362496K)
[1358.780s][info ][gc,metaspace   ] GC(48) Metaspace: 96245K(97536K)->96245K(97536K) NonClass: 82155K(82880K)->82155K(82880K) Class: 14089K(14656K)->14089K(14656K)
[1358.780s][info ][gc             ] GC(48) Pause Full (Ergonomics) 470M->314M(2074M) 356.282ms
[1358.780s][info ][gc,cpu         ] GC(48) User=1.18s Sys=0.00s Real=0.36s
[1358.780s][info ][safepoint      ] Safepoint "ParallelGCFailedAllocation", Time since last: 97361686 ns, Reaching safepoint: 84603 ns, Cleanup: 3000 ns, At safepoint: 428961839 ns, Total: 429049442 ns
[1359.780s][info ][safepoint      ] Safepoint "Cleanup", Time since last: 1000088594 ns, Reaching safepoint: 8700 ns, Cleanup: 15201 ns, At safepoint: 2800 ns, Total: 26701 ns
[1360.780s][info ][safepoint      ] Safepoint "Cleanup", Time since last: 1000111959 ns, Reaching safepoint: 9401 ns, Cleanup: 80202 ns, At safepoint: 7700 ns, Total: 97303 ns
[1362.780s][info ][safepoint      ] Safepoint "Cleanup", Time since last: 2000197818 ns, Reaching safepoint: 8200 ns, Cleanup: 23201 ns, At safepoint: 3300 ns, Total: 34701 ns
[1363.780s][info ][safepoint      ] Safepoint "Cleanup", Time since last: 1000111260 ns, Reaching safepoint: 8500 ns, Cleanup: 14100 ns, At safepoint: 3101 ns, Total: 25701 ns
[1364.781s][info ][safepoint      ] Safepoint "Cleanup", Time since last: 1000106759 ns, Reaching safepoint: 12100 ns, Cleanup: 11600 ns, At safepoint: 2601 ns, Total: 26301 ns
[1365.781s][info ][safepoint      ] Safepoint "Cleanup", Time since last: 1000106359 ns, Reaching safepoint: 7500 ns, Cleanup: 12700 ns, At safepoint: 3000 ns, Total: 23200 ns
[1366.781s][info ][safepoint      ] Safepoint "Cleanup", Time since last: 1000089759 ns, Reaching safepoint: 79003 ns, Cleanup: 9300 ns, At safepoint: 5200 ns, Total: 93503 ns
[1367.781s][info ][safepoint      ] Safepoint "Cleanup", Time since last: 1000102715 ns, Reaching safepoint: 81803 ns, Cleanup: 72802 ns, At safepoint: 6600 ns, Total: 161205 ns
[1367.983s][info ][safepoint      ] Safepoint "ParallelGCFailedAllocation", Time since last: 201350032 ns, Reaching safepoint: 87302 ns, Cleanup: 15501 ns, At safepoint: 15400 ns, Total: 118203 ns
[1367.983s][info ][gc,start       ] GC(49) Pause Young (GCLocker Initiated GC)
[1368.056s][debug][gc,phases      ] GC(49) Scavenge 72.794ms
[1368.056s][debug][gc,ref         ] GC(49) ReferenceProcessor::execute queues: 1, RefProcThreadModel::Single, marks_oops_alive: false
[1368.056s][debug][gc,ref         ] GC(49) Skipped KeepAliveFinalRefsPhase of Reference Processing: no references
[1368.056s][debug][gc,ref         ] GC(49) ReferenceProcessor::execute queues: 1, RefProcThreadModel::Single, marks_oops_alive: false
[1368.056s][debug][gc,phases      ] GC(49) Reference Processing 0.132ms
[1368.056s][debug][gc,phases      ] GC(49)   VM Weak                        Min:  0.0, Avg:  0.0, Max:  0.0, Diff:  0.0, Sum:  0.0, Workers: 4
[1368.056s][debug][gc,phases      ] GC(49)     Dead                           Min: 0, Avg:  0.0, Max: 0, Diff: 0, Sum: 0, Workers: 4
[1368.056s][debug][gc,phases      ] GC(49)     Total                          Min: 0, Avg: 250.5, Max: 512, Diff: 512, Sum: 1002, Workers: 4
[1368.056s][debug][gc,phases      ] GC(49)   ObjectSynchronizer Weak        Min:  0.0, Avg:  0.0, Max:  0.0, Diff:  0.0, Sum:  0.0, Workers: 4
[1368.056s][debug][gc,phases      ] GC(49)     Dead                           Min: 0, Avg:  0.0, Max: 0, Diff: 0, Sum: 0, Workers: 4
[1368.056s][debug][gc,phases      ] GC(49)     Total                          Min: 0, Avg:  1.2, Max: 5, Diff: 5, Sum: 5, Workers: 4
[1368.056s][debug][gc,phases      ] GC(49)   JVMTI Tag Weak OopStorage      Min:  0.0, Avg:  0.0, Max:  0.0, Diff:  0.0, Sum:  0.0, Workers: 4
[1368.056s][debug][gc,phases      ] GC(49)     Dead                           Min: 0, Avg:  0.0, Max: 0, Diff: 0, Sum: 0, Workers: 4
[1368.056s][debug][gc,phases      ] GC(49)     Total                          Min: 0, Avg:  0.0, Max: 0, Diff: 0, Sum: 0, Workers: 4
[1368.056s][debug][gc,phases      ] GC(49)   StringTable Weak               Min:  0.1, Avg:  0.2, Max:  0.2, Diff:  0.1, Sum:  0.7, Workers: 4
[1368.056s][debug][gc,phases      ] GC(49)     Dead                           Min: 0, Avg:  0.0, Max: 0, Diff: 0, Sum: 0, Workers: 4
[1368.056s][debug][gc,phases      ] GC(49)     Total                          Min: 2560, Avg: 12127.8, Max: 16768, Diff: 14208, Sum: 48511, Workers: 4
[1368.056s][debug][gc,phases      ] GC(49)   ResolvedMethodTable Weak       Min:  0.0, Avg:  0.0, Max:  0.1, Diff:  0.1, Sum:  0.2, Workers: 4
[1368.056s][debug][gc,phases      ] GC(49)     Dead                           Min: 0, Avg:  0.0, Max: 0, Diff: 0, Sum: 0, Workers: 4
[1368.056s][debug][gc,phases      ] GC(49)     Total                          Min: 1004, Avg: 3397.2, Max: 5226, Diff: 4222, Sum: 13589, Workers: 4
[1368.056s][debug][gc,phases      ] GC(49)   JNI Weak                       Min:  0.0, Avg:  0.0, Max:  0.0, Diff:  0.0, Sum:  0.0, Workers: 4
[1368.056s][debug][gc,phases      ] GC(49)     Dead                           Min: 0, Avg:  0.0, Max: 0, Diff: 0, Sum: 0, Workers: 4
[1368.056s][debug][gc,phases      ] GC(49)     Total                          Min: 0, Avg: 12.0, Max: 48, Diff: 48, Sum: 48, Workers: 4
[1368.056s][debug][gc,phases      ] GC(49)   StringDedup Table Weak         Min:  0.0, Avg:  0.0, Max:  0.0, Diff:  0.0, Sum:  0.0, Workers: 4
[1368.056s][debug][gc,phases      ] GC(49)     Dead                           Min: 0, Avg:  0.0, Max: 0, Diff: 0, Sum: 0, Workers: 4
[1368.056s][debug][gc,phases      ] GC(49)     Total                          Min: 0, Avg:  0.0, Max: 0, Diff: 0, Sum: 0, Workers: 4
[1368.056s][debug][gc,phases      ] GC(49)   StringDedup Requests0 Weak     Min:  0.0, Avg:  0.0, Max:  0.0, Diff:  0.0, Sum:  0.0, Workers: 4
[1368.056s][debug][gc,phases      ] GC(49)     Dead                           Min: 0, Avg:  0.0, Max: 0, Diff: 0, Sum: 0, Workers: 4
[1368.056s][debug][gc,phases      ] GC(49)     Total                          Min: 0, Avg:  0.0, Max: 0, Diff: 0, Sum: 0, Workers: 4
[1368.056s][debug][gc,phases      ] GC(49)   StringDedup Requests1 Weak     Min:  0.0, Avg:  0.0, Max:  0.0, Diff:  0.0, Sum:  0.0, Workers: 4
[1368.056s][debug][gc,phases      ] GC(49)     Dead                           Min: 0, Avg:  0.0, Max: 0, Diff: 0, Sum: 0, Workers: 4
[1368.056s][debug][gc,phases      ] GC(49)     Total                          Min: 0, Avg:  0.0, Max: 0, Diff: 0, Sum: 0, Workers: 4
[1368.056s][debug][gc,phases      ] GC(49)   Weak JFR Old Object Samples    Min:  0.0, Avg:  0.0, Max:  0.0, Diff:  0.0, Sum:  0.0, Workers: 4
[1368.056s][debug][gc,phases      ] GC(49)     Dead                           Min: 0, Avg:  0.0, Max: 0, Diff: 0, Sum: 0, Workers: 4
[1368.056s][debug][gc,phases      ] GC(49)     Total                          Min: 0, Avg:  0.0, Max: 0, Diff: 0, Sum: 0, Workers: 4
[1368.056s][debug][gc,phases      ] GC(49) Weak Processing 0.481ms
[1368.056s][debug][gc,age         ] GC(49) Desired survivor size 303038464 bytes, new threshold 15 (max threshold 15)
[1368.056s][info ][gc,heap        ] GC(49) PSYoungGen: 1582796K(1761280K)->119727K(1801216K) Eden: 1525760K(1525760K)->0K(1496576K) From: 57036K(235520K)->119727K(304640K)
[1368.056s][info ][gc,heap        ] GC(49) ParOldGen: 265027K(362496K)->265051K(362496K)
[1368.056s][info ][gc,metaspace   ] GC(49) Metaspace: 96271K(97600K)->96271K(97600K) NonClass: 82180K(82944K)->82180K(82944K) Class: 14090K(14656K)->14090K(14656K)
[1368.056s][info ][gc             ] GC(49) Pause Young (GCLocker Initiated GC) 1804M->375M(2113M) 73.531ms
[1368.056s][info ][gc,cpu         ] GC(49) User=0.25s Sys=0.00s Real=0.07s
[1368.056s][info ][safepoint      ] Safepoint "ParallelGCSystemGC", Time since last: 73203 ns, Reaching safepoint: 78702 ns, Cleanup: 1000 ns, At safepoint: 73623615 ns, Total: 73703317 ns
[1369.057s][info ][safepoint      ] Safepoint "Cleanup", Time since last: 1000093047 ns, Reaching safepoint: 88203 ns, Cleanup: 51501 ns, At safepoint: 10300 ns, Total: 150004 ns
[1370.690s][info ][safepoint      ] Safepoint "Cleanup", Time since last: 1632813342 ns, Reaching safepoint: 10200 ns, Cleanup: 46002 ns, At safepoint: 2600 ns, Total: 58802 ns
[1371.690s][info ][safepoint      ] Safepoint "Cleanup", Time since last: 1000149348 ns, Reaching safepoint: 10901 ns, Cleanup: 14600 ns, At safepoint: 2900 ns, Total: 28401 ns
[1374.622s][info ][gc,start       ] GC(50) Pause Young (Allocation Failure)
[1374.665s][debug][gc,phases      ] GC(50) Scavenge 42.755ms
[1374.665s][debug][gc,ref         ] GC(50) ReferenceProcessor::execute queues: 1, RefProcThreadModel::Single, marks_oops_alive: false
[1374.665s][debug][gc,ref         ] GC(50) Skipped KeepAliveFinalRefsPhase of Reference Processing: no references
[1374.665s][debug][gc,ref         ] GC(50) ReferenceProcessor::execute queues: 1, RefProcThreadModel::Single, marks_oops_alive: false
[1374.665s][debug][gc,phases      ] GC(50) Reference Processing 0.146ms
[1374.665s][debug][gc,phases      ] GC(50)   VM Weak                        Min:  0.0, Avg:  0.0, Max:  0.0, Diff:  0.0, Sum:  0.0, Workers: 4
[1374.665s][debug][gc,phases      ] GC(50)     Dead                           Min: 0, Avg:  0.0, Max: 0, Diff: 0, Sum: 0, Workers: 4
[1374.665s][debug][gc,phases      ] GC(50)     Total                          Min: 0, Avg: 252.0, Max: 704, Diff: 704, Sum: 1008, Workers: 4
[1374.665s][debug][gc,phases      ] GC(50)   ObjectSynchronizer Weak        Min:  0.0, Avg:  0.0, Max:  0.0, Diff:  0.0, Sum:  0.0, Workers: 4
[1374.665s][debug][gc,phases      ] GC(50)     Dead                           Min: 0, Avg:  0.0, Max: 0, Diff: 0, Sum: 0, Workers: 4
[1374.665s][debug][gc,phases      ] GC(50)     Total                          Min: 0, Avg:  1.5, Max: 6, Diff: 6, Sum: 6, Workers: 4
[1374.665s][debug][gc,phases      ] GC(50)   JVMTI Tag Weak OopStorage      Min:  0.0, Avg:  0.0, Max:  0.0, Diff:  0.0, Sum:  0.0, Workers: 4
[1374.665s][debug][gc,phases      ] GC(50)     Dead                           Min: 0, Avg:  0.0, Max: 0, Diff: 0, Sum: 0, Workers: 4
[1374.665s][debug][gc,phases      ] GC(50)     Total                          Min: 0, Avg:  0.0, Max: 0, Diff: 0, Sum: 0, Workers: 4
[1374.665s][debug][gc,phases      ] GC(50)   StringTable Weak               Min:  0.0, Avg:  0.1, Max:  0.2, Diff:  0.2, Sum:  0.5, Workers: 4
[1374.665s][debug][gc,phases      ] GC(50)     Dead                           Min: 0, Avg:  0.5, Max: 2, Diff: 2, Sum: 2, Workers: 4
[1374.665s][debug][gc,phases      ] GC(50)     Total                          Min: 0, Avg: 12154.5, Max: 16512, Diff: 16512, Sum: 48618, Workers: 4
[1374.665s][debug][gc,phases      ] GC(50)   ResolvedMethodTable Weak       Min:  0.0, Avg:  0.0, Max:  0.1, Diff:  0.1, Sum:  0.2, Workers: 4
[1374.665s][debug][gc,phases      ] GC(50)     Dead                           Min: 0, Avg: 16.5, Max: 35, Diff: 35, Sum: 66, Workers: 4
[1374.665s][debug][gc,phases      ] GC(50)     Total                          Min: 0, Avg: 3430.0, Max: 4663, Diff: 4663, Sum: 13720, Workers: 4
[1374.665s][debug][gc,phases      ] GC(50)   JNI Weak                       Min:  0.0, Avg:  0.0, Max:  0.0, Diff:  0.0, Sum:  0.0, Workers: 4
[1374.665s][debug][gc,phases      ] GC(50)     Dead                           Min: 0, Avg:  0.0, Max: 0, Diff: 0, Sum: 0, Workers: 4
[1374.665s][debug][gc,phases      ] GC(50)     Total                          Min: 0, Avg: 12.0, Max: 48, Diff: 48, Sum: 48, Workers: 4
[1374.665s][debug][gc,phases      ] GC(50)   StringDedup Table Weak         Min:  0.0, Avg:  0.0, Max:  0.0, Diff:  0.0, Sum:  0.0, Workers: 4
[1374.665s][debug][gc,phases      ] GC(50)     Dead                           Min: 0, Avg:  0.0, Max: 0, Diff: 0, Sum: 0, Workers: 4
[1374.665s][debug][gc,phases      ] GC(50)     Total                          Min: 0, Avg:  0.0, Max: 0, Diff: 0, Sum: 0, Workers: 4
[1374.665s][debug][gc,phases      ] GC(50)   StringDedup Requests0 Weak     Min:  0.0, Avg:  0.0, Max:  0.0, Diff:  0.0, Sum:  0.0, Workers: 4
[1374.665s][debug][gc,phases      ] GC(50)     Dead                           Min: 0, Avg:  0.0, Max: 0, Diff: 0, Sum: 0, Workers: 4
[1374.665s][debug][gc,phases      ] GC(50)     Total                          Min: 0, Avg:  0.0, Max: 0, Diff: 0, Sum: 0, Workers: 4
[1374.665s][debug][gc,phases      ] GC(50)   StringDedup Requests1 Weak     Min:  0.0, Avg:  0.0, Max:  0.0, Diff:  0.0, Sum:  0.0, Workers: 4
[1374.665s][debug][gc,phases      ] GC(50)     Dead                           Min: 0, Avg:  0.0, Max: 0, Diff: 0, Sum: 0, Workers: 4
[1374.665s][debug][gc,phases      ] GC(50)     Total                          Min: 0, Avg:  0.0, Max: 0, Diff: 0, Sum: 0, Workers: 4
[1374.665s][debug][gc,phases      ] GC(50)   Weak JFR Old Object Samples    Min:  0.0, Avg:  0.0, Max:  0.0, Diff:  0.0, Sum:  0.0, Workers: 4
[1374.665s][debug][gc,phases      ] GC(50)     Dead                           Min: 0, Avg:  0.0, Max: 0, Diff: 0, Sum: 0, Workers: 4
[1374.665s][debug][gc,phases      ] GC(50)     Total                          Min: 0, Avg:  0.0, Max: 0, Diff: 0, Sum: 0, Workers: 4
[1374.665s][debug][gc,phases      ] GC(50) Weak Processing 0.464ms
[1374.665s][debug][gc,age         ] GC(50) Desired survivor size 290455552 bytes, new threshold 15 (max threshold 15)
[1374.665s][info ][gc,heap        ] GC(50) PSYoungGen: 1616303K(1801216K)->137827K(1792512K) Eden: 1496576K(1496576K)->0K(1496576K) From: 119727K(304640K)->137827K(295936K)
[1374.665s][info ][gc,heap        ] GC(50) ParOldGen: 265053K(362496K)->265085K(362496K)
[1374.665s][info ][gc,metaspace   ] GC(50) Metaspace: 96526K(97856K)->96526K(97856K) NonClass: 82384K(83136K)->82384K(83136K) Class: 14142K(14720K)->14142K(14720K)
[1374.665s][info ][gc             ] GC(50) Pause Young (Allocation Failure) 1837M->393M(2104M) 43.540ms
[1374.665s][info ][gc,cpu         ] GC(50) User=0.16s Sys=0.00s Real=0.04s
[1374.665s][info ][safepoint      ] Safepoint "ParallelGCFailedAllocation", Time since last: 2931886490 ns, Reaching safepoint: 47901 ns, Cleanup: 36801 ns, At safepoint: 43629972 ns, Total: 43714674 ns
[1375.665s][info ][safepoint      ] Safepoint "Cleanup", Time since last: 1000091360 ns, Reaching safepoint: 9100 ns, Cleanup: 15701 ns, At safepoint: 2800 ns, Total: 27601 ns
[1376.666s][info ][safepoint      ] Safepoint "Cleanup", Time since last: 1000103994 ns, Reaching safepoint: 8300 ns, Cleanup: 35702 ns, At safepoint: 2600 ns, Total: 46602 ns
[1377.666s][info ][safepoint      ] Safepoint "Cleanup", Time since last: 1000118794 ns, Reaching safepoint: 11001 ns, Cleanup: 20300 ns, At safepoint: 3201 ns, Total: 34502 ns
[1378.666s][info ][safepoint      ] Safepoint "Cleanup", Time since last: 1000125395 ns, Reaching safepoint: 11200 ns, Cleanup: 10000 ns, At safepoint: 3600 ns, Total: 24800 ns
[1385.429s][info ][safepoint      ] Safepoint "Cleanup", Time since last: 6763257121 ns, Reaching safepoint: 11901 ns, Cleanup: 13700 ns, At safepoint: 6200 ns, Total: 31801 ns
[1387.429s][info ][safepoint      ] Safepoint "Cleanup", Time since last: 2000185619 ns, Reaching safepoint: 8400 ns, Cleanup: 19401 ns, At safepoint: 3100 ns, Total: 30901 ns
[1389.430s][info ][safepoint      ] Safepoint "Cleanup", Time since last: 2000151417 ns, Reaching safepoint: 9701 ns, Cleanup: 11900 ns, At safepoint: 34801 ns, Total: 56402 ns
[1393.430s][info ][safepoint      ] Safepoint "Cleanup", Time since last: 4000292621 ns, Reaching safepoint: 9400 ns, Cleanup: 10900 ns, At safepoint: 3900 ns, Total: 24200 ns
[1394.430s][info ][safepoint      ] Safepoint "Cleanup", Time since last: 1000104386 ns, Reaching safepoint: 9000 ns, Cleanup: 14600 ns, At safepoint: 2701 ns, Total: 26301 ns
[1395.430s][info ][safepoint      ] Safepoint "Cleanup", Time since last: 1000114485 ns, Reaching safepoint: 12601 ns, Cleanup: 13500 ns, At safepoint: 3000 ns, Total: 29101 ns
[1396.430s][info ][safepoint      ] Safepoint "Cleanup", Time since last: 1000117486 ns, Reaching safepoint: 9300 ns, Cleanup: 10800 ns, At safepoint: 3001 ns, Total: 23101 ns
[1400.431s][info ][safepoint      ] Safepoint "Cleanup", Time since last: 4000280859 ns, Reaching safepoint: 8901 ns, Cleanup: 12500 ns, At safepoint: 2500 ns, Total: 23901 ns
[1404.431s][info ][safepoint      ] Safepoint "Cleanup", Time since last: 4000323779 ns, Reaching safepoint: 9500 ns, Cleanup: 14301 ns, At safepoint: 2500 ns, Total: 26301 ns
[1405.431s][info ][safepoint      ] Safepoint "Cleanup", Time since last: 1000116321 ns, Reaching safepoint: 8900 ns, Cleanup: 12501 ns, At safepoint: 2700 ns, Total: 24101 ns
[1406.431s][info ][safepoint      ] Safepoint "Cleanup", Time since last: 1000122721 ns, Reaching safepoint: 8400 ns, Cleanup: 12501 ns, At safepoint: 2700 ns, Total: 23601 ns
[1407.431s][info ][safepoint      ] Safepoint "Cleanup", Time since last: 1000119234 ns, Reaching safepoint: 9100 ns, Cleanup: 10400 ns, At safepoint: 3000 ns, Total: 22500 ns
[1408.432s][info ][safepoint      ] Safepoint "Cleanup", Time since last: 1000114721 ns, Reaching safepoint: 8400 ns, Cleanup: 14301 ns, At safepoint: 3100 ns, Total: 25801 ns
[1416.432s][info ][safepoint      ] Safepoint "Cleanup", Time since last: 8000549564 ns, Reaching safepoint: 9601 ns, Cleanup: 12900 ns, At safepoint: 2700 ns, Total: 25201 ns
[1419.433s][info ][safepoint      ] Safepoint "Cleanup", Time since last: 3000261729 ns, Reaching safepoint: 84502 ns, Cleanup: 15601 ns, At safepoint: 6100 ns, Total: 106203 ns
[1421.433s][info ][safepoint      ] Safepoint "Cleanup", Time since last: 2000172519 ns, Reaching safepoint: 86703 ns, Cleanup: 10100 ns, At safepoint: 7000 ns, Total: 103803 ns
[1434.797s][info ][gc,start       ] GC(51) Pause Young (Allocation Failure)
[1434.848s][debug][gc,phases      ] GC(51) Scavenge 51.137ms
[1434.848s][debug][gc,ref         ] GC(51) ReferenceProcessor::execute queues: 1, RefProcThreadModel::Single, marks_oops_alive: false
[1434.848s][debug][gc,ref         ] GC(51) Skipped KeepAliveFinalRefsPhase of Reference Processing: no references
[1434.848s][debug][gc,ref         ] GC(51) ReferenceProcessor::execute queues: 1, RefProcThreadModel::Single, marks_oops_alive: false
[1434.848s][debug][gc,phases      ] GC(51) Reference Processing 0.148ms
[1434.848s][debug][gc,phases      ] GC(51)   VM Weak                        Min:  0.0, Avg:  0.0, Max:  0.0, Diff:  0.0, Sum:  0.0, Workers: 4
[1434.848s][debug][gc,phases      ] GC(51)     Dead                           Min: 0, Avg:  0.0, Max: 0, Diff: 0, Sum: 0, Workers: 4
[1434.848s][debug][gc,phases      ] GC(51)     Total                          Min: 0, Avg: 252.0, Max: 576, Diff: 576, Sum: 1008, Workers: 4
[1434.848s][debug][gc,phases      ] GC(51)   ObjectSynchronizer Weak        Min:  0.0, Avg:  0.0, Max:  0.0, Diff:  0.0, Sum:  0.0, Workers: 4
[1434.848s][debug][gc,phases      ] GC(51)     Dead                           Min: 0, Avg:  0.0, Max: 0, Diff: 0, Sum: 0, Workers: 4
[1434.848s][debug][gc,phases      ] GC(51)     Total                          Min: 0, Avg:  1.0, Max: 4, Diff: 4, Sum: 4, Workers: 4
[1434.848s][debug][gc,phases      ] GC(51)   JVMTI Tag Weak OopStorage      Min:  0.0, Avg:  0.0, Max:  0.0, Diff:  0.0, Sum:  0.0, Workers: 4
[1434.848s][debug][gc,phases      ] GC(51)     Dead                           Min: 0, Avg:  0.0, Max: 0, Diff: 0, Sum: 0, Workers: 4
[1434.848s][debug][gc,phases      ] GC(51)     Total                          Min: 0, Avg:  0.0, Max: 0, Diff: 0, Sum: 0, Workers: 4
[1434.848s][debug][gc,phases      ] GC(51)   StringTable Weak               Min:  0.1, Avg:  0.1, Max:  0.2, Diff:  0.0, Sum:  0.6, Workers: 4
[1434.848s][debug][gc,phases      ] GC(51)     Dead                           Min: 0, Avg:  0.2, Max: 1, Diff: 1, Sum: 1, Workers: 4
[1434.848s][debug][gc,phases      ] GC(51)     Total                          Min: 10112, Avg: 12162.5, Max: 13696, Diff: 3584, Sum: 48650, Workers: 4
[1434.848s][debug][gc,phases      ] GC(51)   ResolvedMethodTable Weak       Min:  0.0, Avg:  0.0, Max:  0.0, Diff:  0.0, Sum:  0.2, Workers: 4
[1434.848s][debug][gc,phases      ] GC(51)     Dead                           Min: 0, Avg:  0.2, Max: 1, Diff: 1, Sum: 1, Workers: 4
[1434.848s][debug][gc,phases      ] GC(51)     Total                          Min: 2424, Avg: 3435.0, Max: 3839, Diff: 1415, Sum: 13740, Workers: 4
[1434.848s][debug][gc,phases      ] GC(51)   JNI Weak                       Min:  0.0, Avg:  0.0, Max:  0.0, Diff:  0.0, Sum:  0.0, Workers: 4
[1434.848s][debug][gc,phases      ] GC(51)     Dead                           Min: 0, Avg:  0.0, Max: 0, Diff: 0, Sum: 0, Workers: 4
[1434.848s][debug][gc,phases      ] GC(51)     Total                          Min: 0, Avg: 12.0, Max: 48, Diff: 48, Sum: 48, Workers: 4
[1434.848s][debug][gc,phases      ] GC(51)   StringDedup Table Weak         Min:  0.0, Avg:  0.0, Max:  0.0, Diff:  0.0, Sum:  0.0, Workers: 4
[1434.848s][debug][gc,phases      ] GC(51)     Dead                           Min: 0, Avg:  0.0, Max: 0, Diff: 0, Sum: 0, Workers: 4
[1434.848s][debug][gc,phases      ] GC(51)     Total                          Min: 0, Avg:  0.0, Max: 0, Diff: 0, Sum: 0, Workers: 4
[1434.848s][debug][gc,phases      ] GC(51)   StringDedup Requests0 Weak     Min:  0.0, Avg:  0.0, Max:  0.0, Diff:  0.0, Sum:  0.0, Workers: 4
[1434.849s][debug][gc,phases      ] GC(51)     Dead                           Min: 0, Avg:  0.0, Max: 0, Diff: 0, Sum: 0, Workers: 4
[1434.849s][debug][gc,phases      ] GC(51)     Total                          Min: 0, Avg:  0.0, Max: 0, Diff: 0, Sum: 0, Workers: 4
[1434.849s][debug][gc,phases      ] GC(51)   StringDedup Requests1 Weak     Min:  0.0, Avg:  0.0, Max:  0.0, Diff:  0.0, Sum:  0.0, Workers: 4
[1434.849s][debug][gc,phases      ] GC(51)     Dead                           Min: 0, Avg:  0.0, Max: 0, Diff: 0, Sum: 0, Workers: 4
[1434.849s][debug][gc,phases      ] GC(51)     Total                          Min: 0, Avg:  0.0, Max: 0, Diff: 0, Sum: 0, Workers: 4
[1434.849s][debug][gc,phases      ] GC(51)   Weak JFR Old Object Samples    Min:  0.0, Avg:  0.0, Max:  0.0, Diff:  0.0, Sum:  0.0, Workers: 4
[1434.849s][debug][gc,phases      ] GC(51)     Dead                           Min: 0, Avg:  0.0, Max: 0, Diff: 0, Sum: 0, Workers: 4
[1434.849s][debug][gc,phases      ] GC(51)     Total                          Min: 0, Avg:  0.0, Max: 0, Diff: 0, Sum: 0, Workers: 4
[1434.849s][debug][gc,phases      ] GC(51) Weak Processing 0.457ms
[1434.849s][debug][gc,age         ] GC(51) Desired survivor size 279445504 bytes, new threshold 15 (max threshold 15)
[1434.849s][info ][gc,heap        ] GC(51) PSYoungGen: 1634403K(1792512K)->157139K(1824256K) Eden: 1496576K(1496576K)->0K(1540608K) From: 137827K(295936K)->157139K(283648K)
[1434.849s][info ][gc,heap        ] GC(51) ParOldGen: 265085K(362496K)->265109K(362496K)
[1434.849s][info ][gc,metaspace   ] GC(51) Metaspace: 96615K(97920K)->96615K(97920K) NonClass: 82468K(83200K)->82468K(83200K) Class: 14147K(14720K)->14147K(14720K)
[1434.849s][info ][gc             ] GC(51) Pause Young (Allocation Failure) 1854M->412M(2135M) 51.892ms
[1434.849s][info ][gc,cpu         ] GC(51) User=0.20s Sys=0.00s Real=0.06s
[1434.849s][info ][safepoint      ] Safepoint "ParallelGCFailedAllocation", Time since last: 13363879370 ns, Reaching safepoint: 8100 ns, Cleanup: 3400 ns, At safepoint: 51989703 ns, Total: 52001203 ns
[1436.849s][info ][safepoint      ] Safepoint "Cleanup", Time since last: 2000152972 ns, Reaching safepoint: 9100 ns, Cleanup: 11100 ns, At safepoint: 2800 ns, Total: 23000 ns
[1443.445s][info ][safepoint      ] Safepoint "Cleanup", Time since last: 6596411900 ns, Reaching safepoint: 8100 ns, Cleanup: 13300 ns, At safepoint: 2200 ns, Total: 23600 ns
[1456.446s][info ][safepoint      ] Safepoint "Cleanup", Time since last: 13000825178 ns, Reaching safepoint: 8601 ns, Cleanup: 11100 ns, At safepoint: 2600 ns, Total: 22301 ns
[1460.446s][info ][safepoint      ] Safepoint "Cleanup", Time since last: 4000285984 ns, Reaching safepoint: 7300 ns, Cleanup: 10501 ns, At safepoint: 3000 ns, Total: 20801 ns
[1461.447s][info ][safepoint      ] Safepoint "Cleanup", Time since last: 1000081071 ns, Reaching safepoint: 9100 ns, Cleanup: 14401 ns, At safepoint: 2400 ns, Total: 25901 ns
[1464.447s][info ][safepoint      ] Safepoint "Cleanup", Time since last: 3000226416 ns, Reaching safepoint: 8600 ns, Cleanup: 10600 ns, At safepoint: 6101 ns, Total: 25301 ns
[1465.447s][info ][safepoint      ] Safepoint "Cleanup", Time since last: 1000090338 ns, Reaching safepoint: 6900 ns, Cleanup: 18601 ns, At safepoint: 2800 ns, Total: 28301 ns
[1466.447s][info ][safepoint      ] Safepoint "Cleanup", Time since last: 1000116539 ns, Reaching safepoint: 6600 ns, Cleanup: 13600 ns, At safepoint: 13601 ns, Total: 33801 ns
[1468.447s][info ][safepoint      ] Safepoint "Cleanup", Time since last: 2000188877 ns, Reaching safepoint: 81502 ns, Cleanup: 32701 ns, At safepoint: 11400 ns, Total: 125603 ns
[1469.448s][info ][safepoint      ] Safepoint "Cleanup", Time since last: 1000121640 ns, Reaching safepoint: 8000 ns, Cleanup: 32301 ns, At safepoint: 2700 ns, Total: 43001 ns
[1470.448s][info ][safepoint      ] Safepoint "Cleanup", Time since last: 1000122739 ns, Reaching safepoint: 7501 ns, Cleanup: 11600 ns, At safepoint: 5500 ns, Total: 24601 ns
[1471.448s][info ][safepoint      ] Safepoint "Cleanup", Time since last: 1000115303 ns, Reaching safepoint: 8000 ns, Cleanup: 14801 ns, At safepoint: 2900 ns, Total: 25701 ns
[1472.448s][info ][safepoint      ] Safepoint "Cleanup", Time since last: 1000119826 ns, Reaching safepoint: 7500 ns, Cleanup: 23801 ns, At safepoint: 2600 ns, Total: 33901 ns
[1473.448s][info ][safepoint      ] Safepoint "Cleanup", Time since last: 1000109325 ns, Reaching safepoint: 9300 ns, Cleanup: 9401 ns, At safepoint: 2800 ns, Total: 21501 ns
[1475.448s][info ][safepoint      ] Safepoint "Cleanup", Time since last: 2000190850 ns, Reaching safepoint: 10500 ns, Cleanup: 11401 ns, At safepoint: 2600 ns, Total: 24501 ns
[1476.448s][info ][safepoint      ] Safepoint "Cleanup", Time since last: 1000116726 ns, Reaching safepoint: 7200 ns, Cleanup: 6700 ns, At safepoint: 2600 ns, Total: 16500 ns
[1477.449s][info ][safepoint      ] Safepoint "Cleanup", Time since last: 1000111129 ns, Reaching safepoint: 6400 ns, Cleanup: 8500 ns, At safepoint: 2300 ns, Total: 17200 ns
[1479.449s][info ][safepoint      ] Safepoint "Cleanup", Time since last: 2000181010 ns, Reaching safepoint: 7700 ns, Cleanup: 10000 ns, At safepoint: 2300 ns, Total: 20000 ns
[1480.449s][info ][safepoint      ] Safepoint "Cleanup", Time since last: 1000140141 ns, Reaching safepoint: 8000 ns, Cleanup: 22501 ns, At safepoint: 3100 ns, Total: 33601 ns
[1483.449s][info ][safepoint      ] Safepoint "Cleanup", Time since last: 3000256018 ns, Reaching safepoint: 7700 ns, Cleanup: 10101 ns, At safepoint: 2800 ns, Total: 20601 ns
[1484.449s][info ][safepoint      ] Safepoint "Cleanup", Time since last: 1000123840 ns, Reaching safepoint: 10000 ns, Cleanup: 26801 ns, At safepoint: 3000 ns, Total: 39801 ns
[1485.450s][info ][safepoint      ] Safepoint "Cleanup", Time since last: 1000120541 ns, Reaching safepoint: 7200 ns, Cleanup: 13700 ns, At safepoint: 2700 ns, Total: 23600 ns
[1486.450s][info ][safepoint      ] Safepoint "Cleanup", Time since last: 1000120741 ns, Reaching safepoint: 9700 ns, Cleanup: 10700 ns, At safepoint: 3300 ns, Total: 23700 ns
[1489.450s][info ][safepoint      ] Safepoint "Cleanup", Time since last: 3000265463 ns, Reaching safepoint: 7101 ns, Cleanup: 15900 ns, At safepoint: 2900 ns, Total: 25901 ns
[1490.450s][info ][safepoint      ] Safepoint "Cleanup", Time since last: 1000111916 ns, Reaching safepoint: 7401 ns, Cleanup: 14000 ns, At safepoint: 7200 ns, Total: 28601 ns
[1491.450s][info ][safepoint      ] Safepoint "Cleanup", Time since last: 1000127617 ns, Reaching safepoint: 7800 ns, Cleanup: 15801 ns, At safepoint: 2800 ns, Total: 26401 ns
[1494.439s][info ][gc,start       ] GC(52) Pause Young (Allocation Failure)
[1494.491s][debug][gc,phases      ] GC(52) Scavenge 52.470ms
[1494.491s][debug][gc,ref         ] GC(52) ReferenceProcessor::execute queues: 1, RefProcThreadModel::Single, marks_oops_alive: false
[1494.491s][debug][gc,ref         ] GC(52) Skipped KeepAliveFinalRefsPhase of Reference Processing: no references
[1494.491s][debug][gc,ref         ] GC(52) ReferenceProcessor::execute queues: 1, RefProcThreadModel::Single, marks_oops_alive: false
[1494.491s][debug][gc,phases      ] GC(52) Reference Processing 0.177ms
[1494.492s][debug][gc,phases      ] GC(52)   VM Weak                        Min:  0.0, Avg:  0.0, Max:  0.0, Diff:  0.0, Sum:  0.0, Workers: 4
[1494.492s][debug][gc,phases      ] GC(52)     Dead                           Min: 0, Avg:  0.0, Max: 0, Diff: 0, Sum: 0, Workers: 4
[1494.492s][debug][gc,phases      ] GC(52)     Total                          Min: 0, Avg: 252.2, Max: 512, Diff: 512, Sum: 1009, Workers: 4
[1494.492s][debug][gc,phases      ] GC(52)   ObjectSynchronizer Weak        Min:  0.0, Avg:  0.0, Max:  0.0, Diff:  0.0, Sum:  0.0, Workers: 4
[1494.492s][debug][gc,phases      ] GC(52)     Dead                           Min: 0, Avg:  0.0, Max: 0, Diff: 0, Sum: 0, Workers: 4
[1494.492s][debug][gc,phases      ] GC(52)     Total                          Min: 0, Avg:  1.2, Max: 5, Diff: 5, Sum: 5, Workers: 4
[1494.492s][debug][gc,phases      ] GC(52)   JVMTI Tag Weak OopStorage      Min:  0.0, Avg:  0.0, Max:  0.0, Diff:  0.0, Sum:  0.0, Workers: 4
[1494.492s][debug][gc,phases      ] GC(52)     Dead                           Min: 0, Avg:  0.0, Max: 0, Diff: 0, Sum: 0, Workers: 4
[1494.492s][debug][gc,phases      ] GC(52)     Total                          Min: 0, Avg:  0.0, Max: 0, Diff: 0, Sum: 0, Workers: 4
[1494.492s][debug][gc,phases      ] GC(52)   StringTable Weak               Min:  0.0, Avg:  0.1, Max:  0.2, Diff:  0.2, Sum:  0.5, Workers: 4
[1494.492s][debug][gc,phases      ] GC(52)     Dead                           Min: 0, Avg:  0.5, Max: 2, Diff: 2, Sum: 2, Workers: 4
[1494.492s][debug][gc,phases      ] GC(52)     Total                          Min: 0, Avg: 12176.2, Max: 16832, Diff: 16832, Sum: 48705, Workers: 4
[1494.492s][debug][gc,phases      ] GC(52)   ResolvedMethodTable Weak       Min:  0.0, Avg:  0.0, Max:  0.0, Diff:  0.0, Sum:  0.1, Workers: 4
[1494.492s][debug][gc,phases      ] GC(52)     Dead                           Min: 0, Avg:  0.2, Max: 1, Diff: 1, Sum: 1, Workers: 4
[1494.492s][debug][gc,phases      ] GC(52)     Total                          Min: 0, Avg: 3436.2, Max: 4857, Diff: 4857, Sum: 13745, Workers: 4
[1494.492s][debug][gc,phases      ] GC(52)   JNI Weak                       Min:  0.0, Avg:  0.0, Max:  0.0, Diff:  0.0, Sum:  0.0, Workers: 4
[1494.492s][debug][gc,phases      ] GC(52)     Dead                           Min: 0, Avg:  0.0, Max: 0, Diff: 0, Sum: 0, Workers: 4
[1494.492s][debug][gc,phases      ] GC(52)     Total                          Min: 0, Avg: 12.0, Max: 48, Diff: 48, Sum: 48, Workers: 4
[1494.492s][debug][gc,phases      ] GC(52)   StringDedup Table Weak         Min:  0.0, Avg:  0.0, Max:  0.0, Diff:  0.0, Sum:  0.0, Workers: 4
[1494.492s][debug][gc,phases      ] GC(52)     Dead                           Min: 0, Avg:  0.0, Max: 0, Diff: 0, Sum: 0, Workers: 4
[1494.492s][debug][gc,phases      ] GC(52)     Total                          Min: 0, Avg:  0.0, Max: 0, Diff: 0, Sum: 0, Workers: 4
[1494.492s][debug][gc,phases      ] GC(52)   StringDedup Requests0 Weak     Min:  0.0, Avg:  0.0, Max:  0.0, Diff:  0.0, Sum:  0.0, Workers: 4
[1494.492s][debug][gc,phases      ] GC(52)     Dead                           Min: 0, Avg:  0.0, Max: 0, Diff: 0, Sum: 0, Workers: 4
[1494.492s][debug][gc,phases      ] GC(52)     Total                          Min: 0, Avg:  0.0, Max: 0, Diff: 0, Sum: 0, Workers: 4
[1494.492s][debug][gc,phases      ] GC(52)   StringDedup Requests1 Weak     Min:  0.0, Avg:  0.0, Max:  0.0, Diff:  0.0, Sum:  0.0, Workers: 4
[1494.492s][debug][gc,phases      ] GC(52)     Dead                           Min: 0, Avg:  0.0, Max: 0, Diff: 0, Sum: 0, Workers: 4
[1494.492s][debug][gc,phases      ] GC(52)     Total                          Min: 0, Avg:  0.0, Max: 0, Diff: 0, Sum: 0, Workers: 4
[1494.492s][debug][gc,phases      ] GC(52)   Weak JFR Old Object Samples    Min:  0.0, Avg:  0.0, Max:  0.0, Diff:  0.0, Sum:  0.0, Workers: 4
[1494.492s][debug][gc,phases      ] GC(52)     Dead                           Min: 0, Avg:  0.0, Max: 0, Diff: 0, Sum: 0, Workers: 4
[1494.492s][debug][gc,phases      ] GC(52)     Total                          Min: 0, Avg:  0.0, Max: 0, Diff: 0, Sum: 0, Workers: 4
[1494.492s][debug][gc,phases      ] GC(52) Weak Processing 0.484ms
[1494.492s][debug][gc,age         ] GC(52) Desired survivor size 274726912 bytes, new threshold 15 (max threshold 15)
[1494.492s][info ][gc,heap        ] GC(52) PSYoungGen: 1697747K(1824256K)->171187K(1813504K) Eden: 1540608K(1540608K)->0K(1540608K) From: 157139K(283648K)->171187K(272896K)
[1494.492s][info ][gc,heap        ] GC(52) ParOldGen: 265109K(362496K)->266049K(362496K)
[1494.492s][info ][gc,metaspace   ] GC(52) Metaspace: 96705K(98048K)->96705K(98048K) NonClass: 82552K(83328K)->82552K(83328K) Class: 14152K(14720K)->14152K(14720K)
[1494.492s][info ][gc             ] GC(52) Pause Young (Allocation Failure) 1916M->426M(2125M) 53.297ms
[1494.492s][info ][gc,cpu         ] GC(52) User=0.19s Sys=0.00s Real=0.06s
[1494.492s][info ][safepoint      ] Safepoint "ParallelGCFailedAllocation", Time since last: 2988353681 ns, Reaching safepoint: 9000 ns, Cleanup: 4401 ns, At safepoint: 53388039 ns, Total: 53401440 ns
[1496.492s][info ][safepoint      ] Safepoint "Cleanup", Time since last: 2000167492 ns, Reaching safepoint: 8001 ns, Cleanup: 16600 ns, At safepoint: 3100 ns, Total: 27701 ns
[1497.492s][info ][safepoint      ] Safepoint "Cleanup", Time since last: 1000121799 ns, Reaching safepoint: 82502 ns, Cleanup: 11701 ns, At safepoint: 7400 ns, Total: 101603 ns
[1498.493s][info ][safepoint      ] Safepoint "Cleanup", Time since last: 1000108098 ns, Reaching safepoint: 7400 ns, Cleanup: 12801 ns, At safepoint: 2500 ns, Total: 22701 ns
[1499.493s][info ][safepoint      ] Safepoint "Cleanup", Time since last: 1000113098 ns, Reaching safepoint: 8800 ns, Cleanup: 22101 ns, At safepoint: 2600 ns, Total: 33501 ns
[1501.461s][info ][safepoint      ] Safepoint "Cleanup", Time since last: 1968148899 ns, Reaching safepoint: 6801 ns, Cleanup: 52801 ns, At safepoint: 6801 ns, Total: 66403 ns
[1503.461s][info ][safepoint      ] Safepoint "Cleanup", Time since last: 2000171597 ns, Reaching safepoint: 7100 ns, Cleanup: 9201 ns, At safepoint: 2800 ns, Total: 19101 ns
[1505.461s][info ][safepoint      ] Safepoint "Cleanup", Time since last: 2000209127 ns, Reaching safepoint: 9701 ns, Cleanup: 14800 ns, At safepoint: 2900 ns, Total: 27401 ns
[1506.462s][info ][safepoint      ] Safepoint "Cleanup", Time since last: 1000121314 ns, Reaching safepoint: 10001 ns, Cleanup: 24000 ns, At safepoint: 2901 ns, Total: 36902 ns
[1508.462s][info ][safepoint      ] Safepoint "Cleanup", Time since last: 2000182926 ns, Reaching safepoint: 8001 ns, Cleanup: 11700 ns, At safepoint: 2500 ns, Total: 22201 ns
[1510.462s][info ][safepoint      ] Safepoint "Cleanup", Time since last: 2000199527 ns, Reaching safepoint: 9600 ns, Cleanup: 12801 ns, At safepoint: 3000 ns, Total: 25401 ns
[1511.462s][info ][safepoint      ] Safepoint "Cleanup", Time since last: 1000128511 ns, Reaching safepoint: 7400 ns, Cleanup: 23401 ns, At safepoint: 2300 ns, Total: 33101 ns
[1513.462s][info ][safepoint      ] Safepoint "Cleanup", Time since last: 2000161174 ns, Reaching safepoint: 8800 ns, Cleanup: 32801 ns, At safepoint: 2300 ns, Total: 43901 ns
[1514.462s][info ][safepoint      ] Safepoint "Cleanup", Time since last: 1000121538 ns, Reaching safepoint: 7701 ns, Cleanup: 11200 ns, At safepoint: 2700 ns, Total: 21601 ns
[1519.463s][info ][safepoint      ] Safepoint "Cleanup", Time since last: 5000363056 ns, Reaching safepoint: 11201 ns, Cleanup: 16800 ns, At safepoint: 2700 ns, Total: 30701 ns
[1525.463s][info ][safepoint      ] Safepoint "Cleanup", Time since last: 6000518963 ns, Reaching safepoint: 11401 ns, Cleanup: 11100 ns, At safepoint: 4100 ns, Total: 26601 ns
[1526.464s][info ][safepoint      ] Safepoint "Cleanup", Time since last: 1000131829 ns, Reaching safepoint: 10800 ns, Cleanup: 14900 ns, At safepoint: 2800 ns, Total: 28500 ns
[1528.464s][info ][safepoint      ] Safepoint "Cleanup", Time since last: 2000196111 ns, Reaching safepoint: 8401 ns, Cleanup: 12300 ns, At safepoint: 3400 ns, Total: 24101 ns
[1533.464s][info ][safepoint      ] Safepoint "Cleanup", Time since last: 5000407497 ns, Reaching safepoint: 8200 ns, Cleanup: 9801 ns, At safepoint: 2700 ns, Total: 20701 ns
[1535.464s][info ][safepoint      ] Safepoint "Cleanup", Time since last: 2000193155 ns, Reaching safepoint: 8000 ns, Cleanup: 12300 ns, At safepoint: 3000 ns, Total: 23300 ns
[1536.465s][info ][safepoint      ] Safepoint "Cleanup", Time since last: 1000126236 ns, Reaching safepoint: 10600 ns, Cleanup: 10701 ns, At safepoint: 8400 ns, Total: 29701 ns
[1543.465s][info ][safepoint      ] Safepoint "Cleanup", Time since last: 7000562161 ns, Reaching safepoint: 12200 ns, Cleanup: 16801 ns, At safepoint: 3500 ns, Total: 32501 ns
[1544.240s][info ][gc,start       ] GC(53) Pause Young (Allocation Failure)
[1544.293s][debug][gc,phases      ] GC(53) Scavenge 52.800ms
[1544.293s][debug][gc,ref         ] GC(53) ReferenceProcessor::execute queues: 1, RefProcThreadModel::Single, marks_oops_alive: false
[1544.293s][debug][gc,ref         ] GC(53) Skipped KeepAliveFinalRefsPhase of Reference Processing: no references
[1544.293s][debug][gc,ref         ] GC(53) ReferenceProcessor::execute queues: 1, RefProcThreadModel::Single, marks_oops_alive: false
[1544.293s][debug][gc,phases      ] GC(53) Reference Processing 0.150ms
[1544.293s][debug][gc,phases      ] GC(53)   VM Weak                        Min:  0.0, Avg:  0.0, Max:  0.0, Diff:  0.0, Sum:  0.0, Workers: 4
[1544.293s][debug][gc,phases      ] GC(53)     Dead                           Min: 0, Avg:  0.0, Max: 0, Diff: 0, Sum: 0, Workers: 4
[1544.293s][debug][gc,phases      ] GC(53)     Total                          Min: 0, Avg: 252.2, Max: 689, Diff: 689, Sum: 1009, Workers: 4
[1544.293s][debug][gc,phases      ] GC(53)   ObjectSynchronizer Weak        Min:  0.0, Avg:  0.0, Max:  0.0, Diff:  0.0, Sum:  0.0, Workers: 4
[1544.293s][debug][gc,phases      ] GC(53)     Dead                           Min: 0, Avg:  0.5, Max: 2, Diff: 2, Sum: 2, Workers: 4
[1544.293s][debug][gc,phases      ] GC(53)     Total                          Min: 0, Avg:  1.5, Max: 6, Diff: 6, Sum: 6, Workers: 4
[1544.293s][debug][gc,phases      ] GC(53)   JVMTI Tag Weak OopStorage      Min:  0.0, Avg:  0.0, Max:  0.0, Diff:  0.0, Sum:  0.0, Workers: 4
[1544.293s][debug][gc,phases      ] GC(53)     Dead                           Min: 0, Avg:  0.0, Max: 0, Diff: 0, Sum: 0, Workers: 4
[1544.293s][debug][gc,phases      ] GC(53)     Total                          Min: 0, Avg:  0.0, Max: 0, Diff: 0, Sum: 0, Workers: 4
[1544.293s][debug][gc,phases      ] GC(53)   StringTable Weak               Min:  0.0, Avg:  0.1, Max:  0.2, Diff:  0.2, Sum:  0.5, Workers: 4
[1544.293s][debug][gc,phases      ] GC(53)     Dead                           Min: 0, Avg:  0.0, Max: 0, Diff: 0, Sum: 0, Workers: 4
[1544.293s][debug][gc,phases      ] GC(53)     Total                          Min: 0, Avg: 12179.2, Max: 16653, Diff: 16653, Sum: 48717, Workers: 4
[1544.293s][debug][gc,phases      ] GC(53)   ResolvedMethodTable Weak       Min:  0.0, Avg:  0.0, Max:  0.1, Diff:  0.1, Sum:  0.1, Workers: 4
[1544.293s][debug][gc,phases      ] GC(53)     Dead                           Min: 0, Avg:  0.0, Max: 0, Diff: 0, Sum: 0, Workers: 4
[1544.293s][debug][gc,phases      ] GC(53)     Total                          Min: 0, Avg: 3437.5, Max: 4608, Diff: 4608, Sum: 13750, Workers: 4
[1544.293s][debug][gc,phases      ] GC(53)   JNI Weak                       Min:  0.0, Avg:  0.0, Max:  0.0, Diff:  0.0, Sum:  0.0, Workers: 4
[1544.293s][debug][gc,phases      ] GC(53)     Dead                           Min: 0, Avg:  0.0, Max: 0, Diff: 0, Sum: 0, Workers: 4
[1544.293s][debug][gc,phases      ] GC(53)     Total                          Min: 0, Avg: 12.0, Max: 48, Diff: 48, Sum: 48, Workers: 4
[1544.293s][debug][gc,phases      ] GC(53)   StringDedup Table Weak         Min:  0.0, Avg:  0.0, Max:  0.0, Diff:  0.0, Sum:  0.0, Workers: 4
[1544.293s][debug][gc,phases      ] GC(53)     Dead                           Min: 0, Avg:  0.0, Max: 0, Diff: 0, Sum: 0, Workers: 4
[1544.293s][debug][gc,phases      ] GC(53)     Total                          Min: 0, Avg:  0.0, Max: 0, Diff: 0, Sum: 0, Workers: 4
[1544.293s][debug][gc,phases      ] GC(53)   StringDedup Requests0 Weak     Min:  0.0, Avg:  0.0, Max:  0.0, Diff:  0.0, Sum:  0.0, Workers: 4
[1544.293s][debug][gc,phases      ] GC(53)     Dead                           Min: 0, Avg:  0.0, Max: 0, Diff: 0, Sum: 0, Workers: 4
[1544.293s][debug][gc,phases      ] GC(53)     Total                          Min: 0, Avg:  0.0, Max: 0, Diff: 0, Sum: 0, Workers: 4
[1544.294s][debug][gc,phases      ] GC(53)   StringDedup Requests1 Weak     Min:  0.0, Avg:  0.0, Max:  0.0, Diff:  0.0, Sum:  0.0, Workers: 4
[1544.294s][debug][gc,phases      ] GC(53)     Dead                           Min: 0, Avg:  0.0, Max: 0, Diff: 0, Sum: 0, Workers: 4
[1544.294s][debug][gc,phases      ] GC(53)     Total                          Min: 0, Avg:  0.0, Max: 0, Diff: 0, Sum: 0, Workers: 4
[1544.294s][debug][gc,phases      ] GC(53)   Weak JFR Old Object Samples    Min:  0.0, Avg:  0.0, Max:  0.0, Diff:  0.0, Sum:  0.0, Workers: 4
[1544.294s][debug][gc,phases      ] GC(53)     Dead                           Min: 0, Avg:  0.0, Max: 0, Diff: 0, Sum: 0, Workers: 4
[1544.294s][debug][gc,phases      ] GC(53)     Total                          Min: 0, Avg:  0.0, Max: 0, Diff: 0, Sum: 0, Workers: 4
[1544.294s][debug][gc,phases      ] GC(53) Weak Processing 0.465ms
[1544.294s][debug][gc,age         ] GC(53) Desired survivor size 270532608 bytes, new threshold 15 (max threshold 15)
[1544.294s][info ][gc,heap        ] GC(53) PSYoungGen: 1711795K(1813504K)->171779K(1832960K) Eden: 1540608K(1540608K)->0K(1564672K) From: 171187K(272896K)->171779K(268288K)
[1544.294s][info ][gc,heap        ] GC(53) ParOldGen: 266049K(362496K)->266089K(362496K)
[1544.294s][info ][gc,metaspace   ] GC(53) Metaspace: 96749K(98048K)->96749K(98048K) NonClass: 82594K(83328K)->82594K(83328K) Class: 14155K(14720K)->14155K(14720K)
[1544.294s][info ][gc             ] GC(53) Pause Young (Allocation Failure) 1931M->427M(2144M) 53.571ms
[1544.294s][info ][gc,cpu         ] GC(53) User=0.20s Sys=0.00s Real=0.05s
[1544.294s][info ][safepoint      ] Safepoint "ParallelGCFailedAllocation", Time since last: 774759008 ns, Reaching safepoint: 42602 ns, Cleanup: 4500 ns, At safepoint: 53661214 ns, Total: 53708316 ns
[1552.294s][info ][safepoint      ] Safepoint "Cleanup", Time since last: 8000583299 ns, Reaching safepoint: 8501 ns, Cleanup: 10700 ns, At safepoint: 2600 ns, Total: 21801 ns
[1553.294s][info ][safepoint      ] Safepoint "Cleanup", Time since last: 1000122655 ns, Reaching safepoint: 8001 ns, Cleanup: 13500 ns, At safepoint: 2900 ns, Total: 24401 ns
[1554.295s][info ][safepoint      ] Safepoint "Cleanup", Time since last: 1000112955 ns, Reaching safepoint: 7700 ns, Cleanup: 11001 ns, At safepoint: 3000 ns, Total: 21701 ns
[1555.295s][info ][safepoint      ] Safepoint "Cleanup", Time since last: 1000118055 ns, Reaching safepoint: 8400 ns, Cleanup: 44102 ns, At safepoint: 2700 ns, Total: 55202 ns
[1556.295s][info ][safepoint      ] Safepoint "Cleanup", Time since last: 1000126455 ns, Reaching safepoint: 9500 ns, Cleanup: 9701 ns, At safepoint: 2600 ns, Total: 21801 ns
[1557.295s][info ][safepoint      ] Safepoint "Cleanup", Time since last: 1000083954 ns, Reaching safepoint: 7600 ns, Cleanup: 28501 ns, At safepoint: 2200 ns, Total: 38301 ns
[1558.295s][info ][safepoint      ] Safepoint "Cleanup", Time since last: 1000123955 ns, Reaching safepoint: 85703 ns, Cleanup: 8100 ns, At safepoint: 5800 ns, Total: 99603 ns
[1559.295s][info ][safepoint      ] Safepoint "Cleanup", Time since last: 1000105153 ns, Reaching safepoint: 8100 ns, Cleanup: 12601 ns, At safepoint: 3600 ns, Total: 24301 ns
[1560.296s][info ][safepoint      ] Safepoint "Cleanup", Time since last: 1000136928 ns, Reaching safepoint: 79602 ns, Cleanup: 13401 ns, At safepoint: 6800 ns, Total: 99803 ns
[1562.477s][info ][safepoint      ] Safepoint "Cleanup", Time since last: 2181673484 ns, Reaching safepoint: 10500 ns, Cleanup: 13800 ns, At safepoint: 2800 ns, Total: 27100 ns
[1566.478s][info ][safepoint      ] Safepoint "Cleanup", Time since last: 4000330305 ns, Reaching safepoint: 8900 ns, Cleanup: 20000 ns, At safepoint: 2500 ns, Total: 31400 ns
[1573.478s][info ][safepoint      ] Safepoint "Cleanup", Time since last: 7000520132 ns, Reaching safepoint: 8900 ns, Cleanup: 13301 ns, At safepoint: 2600 ns, Total: 24801 ns
[1576.478s][info ][safepoint      ] Safepoint "Cleanup", Time since last: 3000256221 ns, Reaching safepoint: 7800 ns, Cleanup: 13801 ns, At safepoint: 2600 ns, Total: 24201 ns
[1578.479s][info ][safepoint      ] Safepoint "Cleanup", Time since last: 2000189525 ns, Reaching safepoint: 8600 ns, Cleanup: 13400 ns, At safepoint: 3201 ns, Total: 25201 ns
[1579.538s][info ][gc,start       ] GC(54) Pause Young (Allocation Failure)
[1579.593s][debug][gc,phases      ] GC(54) Scavenge 55.255ms
[1579.594s][debug][gc,ref         ] GC(54) ReferenceProcessor::execute queues: 1, RefProcThreadModel::Single, marks_oops_alive: false
[1579.594s][debug][gc,ref         ] GC(54) Skipped KeepAliveFinalRefsPhase of Reference Processing: no references
[1579.594s][debug][gc,ref         ] GC(54) ReferenceProcessor::execute queues: 1, RefProcThreadModel::Single, marks_oops_alive: false
[1579.594s][debug][gc,phases      ] GC(54) Reference Processing 0.157ms
[1579.594s][debug][gc,phases      ] GC(54)   VM Weak                        Min:  0.0, Avg:  0.0, Max:  0.0, Diff:  0.0, Sum:  0.0, Workers: 4
[1579.594s][debug][gc,phases      ] GC(54)     Dead                           Min: 0, Avg:  0.0, Max: 0, Diff: 0, Sum: 0, Workers: 4
[1579.594s][debug][gc,phases      ] GC(54)     Total                          Min: 0, Avg: 252.2, Max: 704, Diff: 704, Sum: 1009, Workers: 4
[1579.594s][debug][gc,phases      ] GC(54)   ObjectSynchronizer Weak        Min:  0.0, Avg:  0.0, Max:  0.0, Diff:  0.0, Sum:  0.0, Workers: 4
[1579.594s][debug][gc,phases      ] GC(54)     Dead                           Min: 0, Avg:  0.0, Max: 0, Diff: 0, Sum: 0, Workers: 4
[1579.594s][debug][gc,phases      ] GC(54)     Total                          Min: 0, Avg:  1.0, Max: 4, Diff: 4, Sum: 4, Workers: 4
[1579.594s][debug][gc,phases      ] GC(54)   JVMTI Tag Weak OopStorage      Min:  0.0, Avg:  0.0, Max:  0.0, Diff:  0.0, Sum:  0.0, Workers: 4
[1579.594s][debug][gc,phases      ] GC(54)     Dead                           Min: 0, Avg:  0.0, Max: 0, Diff: 0, Sum: 0, Workers: 4
[1579.594s][debug][gc,phases      ] GC(54)     Total                          Min: 0, Avg:  0.0, Max: 0, Diff: 0, Sum: 0, Workers: 4
[1579.594s][debug][gc,phases      ] GC(54)   StringTable Weak               Min:  0.0, Avg:  0.1, Max:  0.2, Diff:  0.2, Sum:  0.5, Workers: 4
[1579.594s][debug][gc,phases      ] GC(54)     Dead                           Min: 0, Avg:  0.0, Max: 0, Diff: 0, Sum: 0, Workers: 4
[1579.594s][debug][gc,phases      ] GC(54)     Total                          Min: 0, Avg: 12191.2, Max: 17341, Diff: 17341, Sum: 48765, Workers: 4
[1579.594s][debug][gc,phases      ] GC(54)   ResolvedMethodTable Weak       Min:  0.0, Avg:  0.0, Max:  0.1, Diff:  0.1, Sum:  0.1, Workers: 4
[1579.594s][debug][gc,phases      ] GC(54)     Dead                           Min: 0, Avg:  0.0, Max: 0, Diff: 0, Sum: 0, Workers: 4
[1579.594s][debug][gc,phases      ] GC(54)     Total                          Min: 0, Avg: 3439.2, Max: 4864, Diff: 4864, Sum: 13757, Workers: 4
[1579.594s][debug][gc,phases      ] GC(54)   JNI Weak                       Min:  0.0, Avg:  0.0, Max:  0.0, Diff:  0.0, Sum:  0.0, Workers: 4
[1579.594s][debug][gc,phases      ] GC(54)     Dead                           Min: 0, Avg:  0.0, Max: 0, Diff: 0, Sum: 0, Workers: 4
[1579.594s][debug][gc,phases      ] GC(54)     Total                          Min: 0, Avg: 12.0, Max: 48, Diff: 48, Sum: 48, Workers: 4
[1579.594s][debug][gc,phases      ] GC(54)   StringDedup Table Weak         Min:  0.0, Avg:  0.0, Max:  0.0, Diff:  0.0, Sum:  0.0, Workers: 4
[1579.594s][debug][gc,phases      ] GC(54)     Dead                           Min: 0, Avg:  0.0, Max: 0, Diff: 0, Sum: 0, Workers: 4
[1579.594s][debug][gc,phases      ] GC(54)     Total                          Min: 0, Avg:  0.0, Max: 0, Diff: 0, Sum: 0, Workers: 4
[1579.594s][debug][gc,phases      ] GC(54)   StringDedup Requests0 Weak     Min:  0.0, Avg:  0.0, Max:  0.0, Diff:  0.0, Sum:  0.0, Workers: 4
[1579.594s][debug][gc,phases      ] GC(54)     Dead                           Min: 0, Avg:  0.0, Max: 0, Diff: 0, Sum: 0, Workers: 4
[1579.594s][debug][gc,phases      ] GC(54)     Total                          Min: 0, Avg:  0.0, Max: 0, Diff: 0, Sum: 0, Workers: 4
[1579.594s][debug][gc,phases      ] GC(54)   StringDedup Requests1 Weak     Min:  0.0, Avg:  0.0, Max:  0.0, Diff:  0.0, Sum:  0.0, Workers: 4
[1579.594s][debug][gc,phases      ] GC(54)     Dead                           Min: 0, Avg:  0.0, Max: 0, Diff: 0, Sum: 0, Workers: 4
[1579.594s][debug][gc,phases      ] GC(54)     Total                          Min: 0, Avg:  0.0, Max: 0, Diff: 0, Sum: 0, Workers: 4
[1579.594s][debug][gc,phases      ] GC(54)   Weak JFR Old Object Samples    Min:  0.0, Avg:  0.0, Max:  0.0, Diff:  0.0, Sum:  0.0, Workers: 4
[1579.594s][debug][gc,phases      ] GC(54)     Dead                           Min: 0, Avg:  0.0, Max: 0, Diff: 0, Sum: 0, Workers: 4
[1579.594s][debug][gc,phases      ] GC(54)     Total                          Min: 0, Avg:  0.0, Max: 0, Diff: 0, Sum: 0, Workers: 4
[1579.594s][debug][gc,phases      ] GC(54) Weak Processing 0.475ms
[1579.594s][debug][gc,age         ] GC(54) Desired survivor size 272105472 bytes, new threshold 15 (max threshold 15)
[1579.594s][info ][gc,heap        ] GC(54) PSYoungGen: 1736451K(1832960K)->188026K(1828864K) Eden: 1564672K(1564672K)->0K(1564672K) From: 171779K(268288K)->188026K(264192K)
[1579.594s][info ][gc,heap        ] GC(54) ParOldGen: 266089K(362496K)->266105K(362496K)
[1579.594s][info ][gc,metaspace   ] GC(54) Metaspace: 96768K(98048K)->96768K(98048K) NonClass: 82610K(83328K)->82610K(83328K) Class: 14157K(14720K)->14157K(14720K)
[1579.594s][info ][gc             ] GC(54) Pause Young (Allocation Failure) 1955M->443M(2140M) 56.033ms
[1579.594s][info ][gc,cpu         ] GC(54) User=0.20s Sys=0.00s Real=0.06s
[1579.594s][info ][safepoint      ] Safepoint "ParallelGCFailedAllocation", Time since last: 1059225792 ns, Reaching safepoint: 97203 ns, Cleanup: 4500 ns, At safepoint: 56143191 ns, Total: 56244894 ns
[1582.594s][info ][safepoint      ] Safepoint "Cleanup", Time since last: 3000229836 ns, Reaching safepoint: 8400 ns, Cleanup: 11700 ns, At safepoint: 2800 ns, Total: 22900 ns
[1583.595s][info ][safepoint      ] Safepoint "Cleanup", Time since last: 1000125312 ns, Reaching safepoint: 8701 ns, Cleanup: 13300 ns, At safepoint: 2500 ns, Total: 24501 ns
[1585.595s][info ][safepoint      ] Safepoint "Cleanup", Time since last: 2000138511 ns, Reaching safepoint: 9301 ns, Cleanup: 16100 ns, At safepoint: 3400 ns, Total: 28801 ns
[1588.595s][info ][safepoint      ] Safepoint "Cleanup", Time since last: 3000269419 ns, Reaching safepoint: 82703 ns, Cleanup: 7500 ns, At safepoint: 7200 ns, Total: 97403 ns
[1606.596s][info ][safepoint      ] Safepoint "Cleanup", Time since last: 18001161031 ns, Reaching safepoint: 7600 ns, Cleanup: 33501 ns, At safepoint: 3000 ns, Total: 44101 ns
[1608.596s][info ][safepoint      ] Safepoint "Cleanup", Time since last: 2000177015 ns, Reaching safepoint: 7900 ns, Cleanup: 11501 ns, At safepoint: 2600 ns, Total: 22001 ns
[1612.597s][info ][safepoint      ] Safepoint "Cleanup", Time since last: 4000321863 ns, Reaching safepoint: 7100 ns, Cleanup: 9600 ns, At safepoint: 2700 ns, Total: 19400 ns
[1613.597s][info ][safepoint      ] Safepoint "Cleanup", Time since last: 1000117842 ns, Reaching safepoint: 7300 ns, Cleanup: 14801 ns, At safepoint: 2600 ns, Total: 24701 ns
[1614.597s][info ][safepoint      ] Safepoint "Cleanup", Time since last: 1000111842 ns, Reaching safepoint: 56601 ns, Cleanup: 10501 ns, At safepoint: 8700 ns, Total: 75802 ns
[1615.597s][info ][safepoint      ] Safepoint "Cleanup", Time since last: 1000129789 ns, Reaching safepoint: 8000 ns, Cleanup: 9301 ns, At safepoint: 2600 ns, Total: 19901 ns
[1620.494s][info ][safepoint      ] Safepoint "Cleanup", Time since last: 4896542214 ns, Reaching safepoint: 3200 ns, Cleanup: 23201 ns, At safepoint: 5700 ns, Total: 32101 ns
[1622.494s][info ][safepoint      ] Safepoint "Cleanup", Time since last: 2000171126 ns, Reaching safepoint: 11301 ns, Cleanup: 15400 ns, At safepoint: 7500 ns, Total: 34201 ns
[1623.039s][info ][gc,start       ] GC(55) Pause Young (Allocation Failure)
[1623.096s][debug][gc,phases      ] GC(55) Scavenge 56.785ms
[1623.096s][debug][gc,ref         ] GC(55) ReferenceProcessor::execute queues: 1, RefProcThreadModel::Single, marks_oops_alive: false
[1623.096s][debug][gc,ref         ] GC(55) Skipped KeepAliveFinalRefsPhase of Reference Processing: no references
[1623.096s][debug][gc,ref         ] GC(55) ReferenceProcessor::execute queues: 1, RefProcThreadModel::Single, marks_oops_alive: false
[1623.096s][debug][gc,phases      ] GC(55) Reference Processing 0.135ms
[1623.097s][debug][gc,phases      ] GC(55)   VM Weak                        Min:  0.0, Avg:  0.0, Max:  0.0, Diff:  0.0, Sum:  0.0, Workers: 4
[1623.097s][debug][gc,phases      ] GC(55)     Dead                           Min: 0, Avg:  0.0, Max: 0, Diff: 0, Sum: 0, Workers: 4
[1623.097s][debug][gc,phases      ] GC(55)     Total                          Min: 0, Avg: 252.2, Max: 881, Diff: 881, Sum: 1009, Workers: 4
[1623.097s][debug][gc,phases      ] GC(55)   ObjectSynchronizer Weak        Min:  0.0, Avg:  0.0, Max:  0.0, Diff:  0.0, Sum:  0.0, Workers: 4
[1623.097s][debug][gc,phases      ] GC(55)     Dead                           Min: 0, Avg:  0.0, Max: 0, Diff: 0, Sum: 0, Workers: 4
[1623.097s][debug][gc,phases      ] GC(55)     Total                          Min: 0, Avg:  1.0, Max: 4, Diff: 4, Sum: 4, Workers: 4
[1623.097s][debug][gc,phases      ] GC(55)   JVMTI Tag Weak OopStorage      Min:  0.0, Avg:  0.0, Max:  0.0, Diff:  0.0, Sum:  0.0, Workers: 4
[1623.097s][debug][gc,phases      ] GC(55)     Dead                           Min: 0, Avg:  0.0, Max: 0, Diff: 0, Sum: 0, Workers: 4
[1623.097s][debug][gc,phases      ] GC(55)     Total                          Min: 0, Avg:  0.0, Max: 0, Diff: 0, Sum: 0, Workers: 4
[1623.097s][debug][gc,phases      ] GC(55)   StringTable Weak               Min:  0.0, Avg:  0.1, Max:  0.2, Diff:  0.2, Sum:  0.5, Workers: 4
[1623.097s][debug][gc,phases      ] GC(55)     Dead                           Min: 0, Avg:  0.0, Max: 0, Diff: 0, Sum: 0, Workers: 4
[1623.097s][debug][gc,phases      ] GC(55)     Total                          Min: 0, Avg: 12193.0, Max: 17796, Diff: 17796, Sum: 48772, Workers: 4
[1623.097s][debug][gc,phases      ] GC(55)   ResolvedMethodTable Weak       Min:  0.0, Avg:  0.0, Max:  0.1, Diff:  0.1, Sum:  0.2, Workers: 4
[1623.097s][debug][gc,phases      ] GC(55)     Dead                           Min: 0, Avg:  0.0, Max: 0, Diff: 0, Sum: 0, Workers: 4
[1623.097s][debug][gc,phases      ] GC(55)     Total                          Min: 0, Avg: 3439.5, Max: 6080, Diff: 6080, Sum: 13758, Workers: 4
[1623.097s][debug][gc,phases      ] GC(55)   JNI Weak                       Min:  0.0, Avg:  0.0, Max:  0.0, Diff:  0.0, Sum:  0.0, Workers: 4
[1623.097s][debug][gc,phases      ] GC(55)     Dead                           Min: 0, Avg:  0.0, Max: 0, Diff: 0, Sum: 0, Workers: 4
[1623.097s][debug][gc,phases      ] GC(55)     Total                          Min: 0, Avg: 12.0, Max: 48, Diff: 48, Sum: 48, Workers: 4
[1623.097s][debug][gc,phases      ] GC(55)   StringDedup Table Weak         Min:  0.0, Avg:  0.0, Max:  0.0, Diff:  0.0, Sum:  0.0, Workers: 4
[1623.097s][debug][gc,phases      ] GC(55)     Dead                           Min: 0, Avg:  0.0, Max: 0, Diff: 0, Sum: 0, Workers: 4
[1623.097s][debug][gc,phases      ] GC(55)     Total                          Min: 0, Avg:  0.0, Max: 0, Diff: 0, Sum: 0, Workers: 4
[1623.097s][debug][gc,phases      ] GC(55)   StringDedup Requests0 Weak     Min:  0.0, Avg:  0.0, Max:  0.0, Diff:  0.0, Sum:  0.0, Workers: 4
[1623.097s][debug][gc,phases      ] GC(55)     Dead                           Min: 0, Avg:  0.0, Max: 0, Diff: 0, Sum: 0, Workers: 4
[1623.097s][debug][gc,phases      ] GC(55)     Total                          Min: 0, Avg:  0.0, Max: 0, Diff: 0, Sum: 0, Workers: 4
[1623.097s][debug][gc,phases      ] GC(55)   StringDedup Requests1 Weak     Min:  0.0, Avg:  0.0, Max:  0.0, Diff:  0.0, Sum:  0.0, Workers: 4
[1623.097s][debug][gc,phases      ] GC(55)     Dead                           Min: 0, Avg:  0.0, Max: 0, Diff: 0, Sum: 0, Workers: 4
[1623.097s][debug][gc,phases      ] GC(55)     Total                          Min: 0, Avg:  0.0, Max: 0, Diff: 0, Sum: 0, Workers: 4
[1623.097s][debug][gc,phases      ] GC(55)   Weak JFR Old Object Samples    Min:  0.0, Avg:  0.0, Max:  0.0, Diff:  0.0, Sum:  0.0, Workers: 4
[1623.097s][debug][gc,phases      ] GC(55)     Dead                           Min: 0, Avg:  0.0, Max: 0, Diff: 0, Sum: 0, Workers: 4
[1623.097s][debug][gc,phases      ] GC(55)     Total                          Min: 0, Avg:  0.0, Max: 0, Diff: 0, Sum: 0, Workers: 4
[1623.097s][debug][gc,phases      ] GC(55) Weak Processing 0.469ms
[1623.097s][debug][gc,age         ] GC(55) Desired survivor size 272629760 bytes, new threshold 15 (max threshold 15)
[1623.097s][info ][gc,heap        ] GC(55) PSYoungGen: 1752698K(1828864K)->188806K(1830400K) Eden: 1564672K(1564672K)->0K(1564672K) From: 188026K(264192K)->188806K(265728K)
[1623.097s][info ][gc,heap        ] GC(55) ParOldGen: 266105K(362496K)->266121K(362496K)
[1623.097s][info ][gc,metaspace   ] GC(55) Metaspace: 96801K(98112K)->96801K(98112K) NonClass: 82641K(83392K)->82641K(83392K) Class: 14160K(14720K)->14160K(14720K)
[1623.097s][info ][gc             ] GC(55) Pause Young (Allocation Failure) 1971M->444M(2141M) 57.537ms
[1623.097s][info ][gc,cpu         ] GC(55) User=0.21s Sys=0.01s Real=0.06s
[1623.097s][info ][safepoint      ] Safepoint "ParallelGCFailedAllocation", Time since last: 545152879 ns, Reaching safepoint: 9900 ns, Cleanup: 3800 ns, At safepoint: 57619221 ns, Total: 57632921 ns
[1626.097s][info ][safepoint      ] Safepoint "Cleanup", Time since last: 3000227567 ns, Reaching safepoint: 7500 ns, Cleanup: 8400 ns, At safepoint: 2300 ns, Total: 18200 ns
[1627.097s][info ][safepoint      ] Safepoint "Cleanup", Time since last: 1000115519 ns, Reaching safepoint: 8100 ns, Cleanup: 11900 ns, At safepoint: 2701 ns, Total: 22701 ns
[1628.097s][info ][safepoint      ] Safepoint "Cleanup", Time since last: 1000118418 ns, Reaching safepoint: 8701 ns, Cleanup: 12800 ns, At safepoint: 2400 ns, Total: 23901 ns
[1635.098s][info ][safepoint      ] Safepoint "Cleanup", Time since last: 7000556644 ns, Reaching safepoint: 8400 ns, Cleanup: 9600 ns, At safepoint: 2300 ns, Total: 20300 ns
[1637.098s][info ][safepoint      ] Safepoint "Cleanup", Time since last: 2000188737 ns, Reaching safepoint: 8300 ns, Cleanup: 11200 ns, At safepoint: 2800 ns, Total: 22300 ns
[1638.098s][info ][safepoint      ] Safepoint "Cleanup", Time since last: 1000113219 ns, Reaching safepoint: 7100 ns, Cleanup: 11601 ns, At safepoint: 3700 ns, Total: 22401 ns
[1640.099s][info ][safepoint      ] Safepoint "Cleanup", Time since last: 2000185836 ns, Reaching safepoint: 8500 ns, Cleanup: 10301 ns, At safepoint: 3000 ns, Total: 21801 ns
[1646.099s][info ][safepoint      ] Safepoint "Cleanup", Time since last: 6000389637 ns, Reaching safepoint: 10600 ns, Cleanup: 11801 ns, At safepoint: 2600 ns, Total: 25001 ns
[1653.099s][info ][safepoint      ] Safepoint "Cleanup", Time since last: 7000441900 ns, Reaching safepoint: 6900 ns, Cleanup: 11801 ns, At safepoint: 2500 ns, Total: 21201 ns
[1654.100s][info ][safepoint      ] Safepoint "Cleanup", Time since last: 1000105529 ns, Reaching safepoint: 9600 ns, Cleanup: 13601 ns, At safepoint: 3000 ns, Total: 26201 ns
[1658.100s][info ][safepoint      ] Safepoint "Cleanup", Time since last: 4000292436 ns, Reaching safepoint: 10701 ns, Cleanup: 18200 ns, At safepoint: 6800 ns, Total: 35701 ns
[1664.850s][info ][gc,start       ] GC(56) Pause Young (Allocation Failure)
[1664.905s][debug][gc,phases      ] GC(56) Scavenge 55.205ms
[1664.905s][debug][gc,ref         ] GC(56) ReferenceProcessor::execute queues: 1, RefProcThreadModel::Single, marks_oops_alive: false
[1664.905s][debug][gc,ref         ] GC(56) Skipped KeepAliveFinalRefsPhase of Reference Processing: no references
[1664.905s][debug][gc,ref         ] GC(56) ReferenceProcessor::execute queues: 1, RefProcThreadModel::Single, marks_oops_alive: false
[1664.905s][debug][gc,phases      ] GC(56) Reference Processing 0.146ms
[1664.906s][debug][gc,phases      ] GC(56)   VM Weak                        Min:  0.0, Avg:  0.0, Max:  0.0, Diff:  0.0, Sum:  0.0, Workers: 4
[1664.906s][debug][gc,phases      ] GC(56)     Dead                           Min: 0, Avg:  0.0, Max: 0, Diff: 0, Sum: 0, Workers: 4
[1664.906s][debug][gc,phases      ] GC(56)     Total                          Min: 0, Avg: 252.2, Max: 832, Diff: 832, Sum: 1009, Workers: 4
[1664.906s][debug][gc,phases      ] GC(56)   ObjectSynchronizer Weak        Min:  0.0, Avg:  0.0, Max:  0.0, Diff:  0.0, Sum:  0.0, Workers: 4
[1664.906s][debug][gc,phases      ] GC(56)     Dead                           Min: 0, Avg:  0.0, Max: 0, Diff: 0, Sum: 0, Workers: 4
[1664.906s][debug][gc,phases      ] GC(56)     Total                          Min: 0, Avg:  1.0, Max: 4, Diff: 4, Sum: 4, Workers: 4
[1664.906s][debug][gc,phases      ] GC(56)   JVMTI Tag Weak OopStorage      Min:  0.0, Avg:  0.0, Max:  0.0, Diff:  0.0, Sum:  0.0, Workers: 4
[1664.906s][debug][gc,phases      ] GC(56)     Dead                           Min: 0, Avg:  0.0, Max: 0, Diff: 0, Sum: 0, Workers: 4
[1664.906s][debug][gc,phases      ] GC(56)     Total                          Min: 0, Avg:  0.0, Max: 0, Diff: 0, Sum: 0, Workers: 4
[1664.906s][debug][gc,phases      ] GC(56)   StringTable Weak               Min:  0.0, Avg:  0.1, Max:  0.2, Diff:  0.2, Sum:  0.5, Workers: 4
[1664.906s][debug][gc,phases      ] GC(56)     Dead                           Min: 0, Avg:  0.0, Max: 0, Diff: 0, Sum: 0, Workers: 4
[1664.906s][debug][gc,phases      ] GC(56)     Total                          Min: 0, Avg: 12193.8, Max: 16711, Diff: 16711, Sum: 48775, Workers: 4
[1664.906s][debug][gc,phases      ] GC(56)   ResolvedMethodTable Weak       Min:  0.0, Avg:  0.0, Max:  0.1, Diff:  0.1, Sum:  0.2, Workers: 4
[1664.906s][debug][gc,phases      ] GC(56)     Dead                           Min: 0, Avg:  0.2, Max: 1, Diff: 1, Sum: 1, Workers: 4
[1664.906s][debug][gc,phases      ] GC(56)     Total                          Min: 0, Avg: 3439.8, Max: 4736, Diff: 4736, Sum: 13759, Workers: 4
[1664.906s][debug][gc,phases      ] GC(56)   JNI Weak                       Min:  0.0, Avg:  0.0, Max:  0.0, Diff:  0.0, Sum:  0.0, Workers: 4
[1664.906s][debug][gc,phases      ] GC(56)     Dead                           Min: 0, Avg:  0.0, Max: 0, Diff: 0, Sum: 0, Workers: 4
[1664.906s][debug][gc,phases      ] GC(56)     Total                          Min: 0, Avg: 12.0, Max: 48, Diff: 48, Sum: 48, Workers: 4
[1664.906s][debug][gc,phases      ] GC(56)   StringDedup Table Weak         Min:  0.0, Avg:  0.0, Max:  0.0, Diff:  0.0, Sum:  0.0, Workers: 4
[1664.906s][debug][gc,phases      ] GC(56)     Dead                           Min: 0, Avg:  0.0, Max: 0, Diff: 0, Sum: 0, Workers: 4
[1664.906s][debug][gc,phases      ] GC(56)     Total                          Min: 0, Avg:  0.0, Max: 0, Diff: 0, Sum: 0, Workers: 4
[1664.906s][debug][gc,phases      ] GC(56)   StringDedup Requests0 Weak     Min:  0.0, Avg:  0.0, Max:  0.0, Diff:  0.0, Sum:  0.0, Workers: 4
[1664.906s][debug][gc,phases      ] GC(56)     Dead                           Min: 0, Avg:  0.0, Max: 0, Diff: 0, Sum: 0, Workers: 4
[1664.906s][debug][gc,phases      ] GC(56)     Total                          Min: 0, Avg:  0.0, Max: 0, Diff: 0, Sum: 0, Workers: 4
[1664.906s][debug][gc,phases      ] GC(56)   StringDedup Requests1 Weak     Min:  0.0, Avg:  0.0, Max:  0.0, Diff:  0.0, Sum:  0.0, Workers: 4
[1664.906s][debug][gc,phases      ] GC(56)     Dead                           Min: 0, Avg:  0.0, Max: 0, Diff: 0, Sum: 0, Workers: 4
[1664.906s][debug][gc,phases      ] GC(56)     Total                          Min: 0, Avg:  0.0, Max: 0, Diff: 0, Sum: 0, Workers: 4
[1664.906s][debug][gc,phases      ] GC(56)   Weak JFR Old Object Samples    Min:  0.0, Avg:  0.0, Max:  0.0, Diff:  0.0, Sum:  0.0, Workers: 4
[1664.906s][debug][gc,phases      ] GC(56)     Dead                           Min: 0, Avg:  0.0, Max: 0, Diff: 0, Sum: 0, Workers: 4
[1664.906s][debug][gc,phases      ] GC(56)     Total                          Min: 0, Avg:  0.0, Max: 0, Diff: 0, Sum: 0, Workers: 4
[1664.906s][debug][gc,phases      ] GC(56) Weak Processing 0.491ms
[1664.906s][debug][gc,age         ] GC(56) Desired survivor size 272629760 bytes, new threshold 15 (max threshold 15)
[1664.906s][info ][gc,heap        ] GC(56) PSYoungGen: 1753478K(1830400K)->189018K(1830912K) Eden: 1564672K(1564672K)->0K(1564672K) From: 188806K(265728K)->189018K(266240K)
[1664.906s][info ][gc,heap        ] GC(56) ParOldGen: 266121K(362496K)->266153K(362496K)
[1664.906s][info ][gc,metaspace   ] GC(56) Metaspace: 96820K(98112K)->96820K(98112K) NonClass: 82659K(83392K)->82659K(83392K) Class: 14161K(14720K)->14161K(14720K)
[1664.906s][info ][gc             ] GC(56) Pause Young (Allocation Failure) 1972M->444M(2142M) 56.005ms
[1664.906s][info ][gc,cpu         ] GC(56) User=0.19s Sys=0.01s Real=0.05s
[1664.906s][info ][safepoint      ] Safepoint "ParallelGCFailedAllocation", Time since last: 6750091208 ns, Reaching safepoint: 7001 ns, Cleanup: 4300 ns, At safepoint: 56090749 ns, Total: 56102050 ns
[1666.906s][info ][safepoint      ] Safepoint "Cleanup", Time since last: 2000127905 ns, Reaching safepoint: 6700 ns, Cleanup: 11400 ns, At safepoint: 6501 ns, Total: 24601 ns
[1668.906s][info ][safepoint      ] Safepoint "Cleanup", Time since last: 2000191206 ns, Reaching safepoint: 8401 ns, Cleanup: 10400 ns, At safepoint: 5800 ns, Total: 24601 ns
[1670.907s][info ][safepoint      ] Safepoint "Cleanup", Time since last: 2000181507 ns, Reaching safepoint: 29700 ns, Cleanup: 11101 ns, At safepoint: 5000 ns, Total: 45801 ns
[1672.907s][info ][safepoint      ] Safepoint "Cleanup", Time since last: 2000172660 ns, Reaching safepoint: 9000 ns, Cleanup: 11600 ns, At safepoint: 2300 ns, Total: 22900 ns
[1693.511s][info ][safepoint      ] Safepoint "Cleanup", Time since last: 20603812371 ns, Reaching safepoint: 7901 ns, Cleanup: 17500 ns, At safepoint: 2800 ns, Total: 28201 ns
[1693.799s][info ][gc,start       ] GC(57) Pause Young (Allocation Failure)
[1693.861s][debug][gc,phases      ] GC(57) Scavenge 62.071ms
[1693.861s][debug][gc,ref         ] GC(57) ReferenceProcessor::execute queues: 1, RefProcThreadModel::Single, marks_oops_alive: false
[1693.861s][debug][gc,ref         ] GC(57) Skipped KeepAliveFinalRefsPhase of Reference Processing: no references
[1693.861s][debug][gc,ref         ] GC(57) ReferenceProcessor::execute queues: 1, RefProcThreadModel::Single, marks_oops_alive: false
[1693.861s][debug][gc,phases      ] GC(57) Reference Processing 0.143ms
[1693.861s][debug][gc,phases      ] GC(57)   VM Weak                        Min:  0.0, Avg:  0.0, Max:  0.0, Diff:  0.0, Sum:  0.0, Workers: 4
[1693.861s][debug][gc,phases      ] GC(57)     Dead                           Min: 0, Avg:  0.0, Max: 0, Diff: 0, Sum: 0, Workers: 4
[1693.862s][debug][gc,phases      ] GC(57)     Total                          Min: 0, Avg: 252.2, Max: 625, Diff: 625, Sum: 1009, Workers: 4
[1693.862s][debug][gc,phases      ] GC(57)   ObjectSynchronizer Weak        Min:  0.0, Avg:  0.0, Max:  0.0, Diff:  0.0, Sum:  0.0, Workers: 4
[1693.862s][debug][gc,phases      ] GC(57)     Dead                           Min: 0, Avg:  0.0, Max: 0, Diff: 0, Sum: 0, Workers: 4
[1693.862s][debug][gc,phases      ] GC(57)     Total                          Min: 0, Avg:  1.0, Max: 4, Diff: 4, Sum: 4, Workers: 4
[1693.862s][debug][gc,phases      ] GC(57)   JVMTI Tag Weak OopStorage      Min:  0.0, Avg:  0.0, Max:  0.0, Diff:  0.0, Sum:  0.0, Workers: 4
[1693.862s][debug][gc,phases      ] GC(57)     Dead                           Min: 0, Avg:  0.0, Max: 0, Diff: 0, Sum: 0, Workers: 4
[1693.862s][debug][gc,phases      ] GC(57)     Total                          Min: 0, Avg:  0.0, Max: 0, Diff: 0, Sum: 0, Workers: 4
[1693.862s][debug][gc,phases      ] GC(57)   StringTable Weak               Min:  0.0, Avg:  0.1, Max:  0.2, Diff:  0.2, Sum:  0.4, Workers: 4
[1693.862s][debug][gc,phases      ] GC(57)     Dead                           Min: 0, Avg:  0.0, Max: 0, Diff: 0, Sum: 0, Workers: 4
[1693.862s][debug][gc,phases      ] GC(57)     Total                          Min: 0, Avg: 12194.2, Max: 25472, Diff: 25472, Sum: 48777, Workers: 4
[1693.862s][debug][gc,phases      ] GC(57)   ResolvedMethodTable Weak       Min:  0.0, Avg:  0.0, Max:  0.1, Diff:  0.1, Sum:  0.1, Workers: 4
[1693.862s][debug][gc,phases      ] GC(57)     Dead                           Min: 0, Avg:  0.0, Max: 0, Diff: 0, Sum: 0, Workers: 4
[1693.862s][debug][gc,phases      ] GC(57)     Total                          Min: 0, Avg: 3439.8, Max: 7487, Diff: 7487, Sum: 13759, Workers: 4
[1693.862s][debug][gc,phases      ] GC(57)   JNI Weak                       Min:  0.0, Avg:  0.0, Max:  0.0, Diff:  0.0, Sum:  0.0, Workers: 4
[1693.862s][debug][gc,phases      ] GC(57)     Dead                           Min: 0, Avg:  0.0, Max: 0, Diff: 0, Sum: 0, Workers: 4
[1693.862s][debug][gc,phases      ] GC(57)     Total                          Min: 0, Avg: 12.0, Max: 48, Diff: 48, Sum: 48, Workers: 4
[1693.862s][debug][gc,phases      ] GC(57)   StringDedup Table Weak         Min:  0.0, Avg:  0.0, Max:  0.0, Diff:  0.0, Sum:  0.0, Workers: 4
[1693.862s][debug][gc,phases      ] GC(57)     Dead                           Min: 0, Avg:  0.0, Max: 0, Diff: 0, Sum: 0, Workers: 4
[1693.862s][debug][gc,phases      ] GC(57)     Total                          Min: 0, Avg:  0.0, Max: 0, Diff: 0, Sum: 0, Workers: 4
[1693.862s][debug][gc,phases      ] GC(57)   StringDedup Requests0 Weak     Min:  0.0, Avg:  0.0, Max:  0.0, Diff:  0.0, Sum:  0.0, Workers: 4
[1693.862s][debug][gc,phases      ] GC(57)     Dead                           Min: 0, Avg:  0.0, Max: 0, Diff: 0, Sum: 0, Workers: 4
[1693.862s][debug][gc,phases      ] GC(57)     Total                          Min: 0, Avg:  0.0, Max: 0, Diff: 0, Sum: 0, Workers: 4
[1693.862s][debug][gc,phases      ] GC(57)   StringDedup Requests1 Weak     Min:  0.0, Avg:  0.0, Max:  0.0, Diff:  0.0, Sum:  0.0, Workers: 4
[1693.862s][debug][gc,phases      ] GC(57)     Dead                           Min: 0, Avg:  0.0, Max: 0, Diff: 0, Sum: 0, Workers: 4
[1693.862s][debug][gc,phases      ] GC(57)     Total                          Min: 0, Avg:  0.0, Max: 0, Diff: 0, Sum: 0, Workers: 4
[1693.862s][debug][gc,phases      ] GC(57)   Weak JFR Old Object Samples    Min:  0.0, Avg:  0.0, Max:  0.0, Diff:  0.0, Sum:  0.0, Workers: 4
[1693.862s][debug][gc,phases      ] GC(57)     Dead                           Min: 0, Avg:  0.0, Max: 0, Diff: 0, Sum: 0, Workers: 4
[1693.862s][debug][gc,phases      ] GC(57)     Total                          Min: 0, Avg:  0.0, Max: 0, Diff: 0, Sum: 0, Workers: 4
[1693.862s][debug][gc,phases      ] GC(57) Weak Processing 0.576ms
[1693.862s][debug][gc,age         ] GC(57) Desired survivor size 276299776 bytes, new threshold 15 (max threshold 15)
[1693.862s][info ][gc,heap        ] GC(57) PSYoungGen: 1753690K(1830912K)->201782K(1823744K) Eden: 1564672K(1564672K)->0K(1557504K) From: 189018K(266240K)->201782K(266240K)
[1693.862s][info ][gc,heap        ] GC(57) ParOldGen: 266153K(362496K)->266297K(362496K)
[1693.862s][info ][gc,metaspace   ] GC(57) Metaspace: 96837K(98112K)->96837K(98112K) NonClass: 82676K(83392K)->82676K(83392K) Class: 14161K(14720K)->14161K(14720K)
[1693.862s][info ][gc             ] GC(57) Pause Young (Allocation Failure) 1972M->457M(2135M) 62.948ms
[1693.862s][info ][gc,cpu         ] GC(57) User=0.23s Sys=0.00s Real=0.07s
[1693.862s][info ][safepoint      ] Safepoint "ParallelGCFailedAllocation", Time since last: 288061986 ns, Reaching safepoint: 7400 ns, Cleanup: 4200 ns, At safepoint: 63051436 ns, Total: 63063036 ns
[1698.862s][info ][safepoint      ] Safepoint "Cleanup", Time since last: 5000328718 ns, Reaching safepoint: 8500 ns, Cleanup: 12601 ns, At safepoint: 2600 ns, Total: 23701 ns
[1703.863s][info ][safepoint      ] Safepoint "Cleanup", Time since last: 5000406930 ns, Reaching safepoint: 7701 ns, Cleanup: 12901 ns, At safepoint: 2300 ns, Total: 22902 ns
[1704.863s][info ][safepoint      ] Safepoint "Cleanup", Time since last: 1000125747 ns, Reaching safepoint: 11801 ns, Cleanup: 13802 ns, At safepoint: 2800 ns, Total: 28403 ns
[1705.863s][info ][safepoint      ] Safepoint "Cleanup", Time since last: 1000124047 ns, Reaching safepoint: 11701 ns, Cleanup: 11701 ns, At safepoint: 3000 ns, Total: 26402 ns
[1706.863s][info ][safepoint      ] Safepoint "Cleanup", Time since last: 1000117222 ns, Reaching safepoint: 8000 ns, Cleanup: 9501 ns, At safepoint: 2900 ns, Total: 20401 ns
[1709.863s][info ][safepoint      ] Safepoint "Cleanup", Time since last: 3000242072 ns, Reaching safepoint: 9000 ns, Cleanup: 17600 ns, At safepoint: 2500 ns, Total: 29100 ns
[1710.863s][info ][safepoint      ] Safepoint "Cleanup", Time since last: 1000136559 ns, Reaching safepoint: 7401 ns, Cleanup: 9900 ns, At safepoint: 2500 ns, Total: 19801 ns
[1711.864s][info ][safepoint      ] Safepoint "Cleanup", Time since last: 1000137971 ns, Reaching safepoint: 8901 ns, Cleanup: 13400 ns, At safepoint: 2100 ns, Total: 24401 ns
[1712.864s][info ][safepoint      ] Safepoint "Cleanup", Time since last: 1000120442 ns, Reaching safepoint: 10801 ns, Cleanup: 17600 ns, At safepoint: 3000 ns, Total: 31401 ns
[1718.484s][info ][gc,start       ] GC(58) Pause Young (Allocation Failure)
[1718.547s][debug][gc,phases      ] GC(58) Scavenge 63.238ms
[1718.547s][debug][gc,ref         ] GC(58) ReferenceProcessor::execute queues: 1, RefProcThreadModel::Single, marks_oops_alive: false
[1718.547s][debug][gc,ref         ] GC(58) Skipped KeepAliveFinalRefsPhase of Reference Processing: no references
[1718.547s][debug][gc,ref         ] GC(58) ReferenceProcessor::execute queues: 1, RefProcThreadModel::Single, marks_oops_alive: false
[1718.547s][debug][gc,phases      ] GC(58) Reference Processing 0.138ms
[1718.548s][debug][gc,phases      ] GC(58)   VM Weak                        Min:  0.0, Avg:  0.0, Max:  0.0, Diff:  0.0, Sum:  0.0, Workers: 4
[1718.548s][debug][gc,phases      ] GC(58)     Dead                           Min: 0, Avg:  0.0, Max: 0, Diff: 0, Sum: 0, Workers: 4
[1718.548s][debug][gc,phases      ] GC(58)     Total                          Min: 0, Avg: 252.2, Max: 896, Diff: 896, Sum: 1009, Workers: 4
[1718.548s][debug][gc,phases      ] GC(58)   ObjectSynchronizer Weak        Min:  0.0, Avg:  0.0, Max:  0.0, Diff:  0.0, Sum:  0.0, Workers: 4
[1718.548s][debug][gc,phases      ] GC(58)     Dead                           Min: 0, Avg:  0.0, Max: 0, Diff: 0, Sum: 0, Workers: 4
[1718.548s][debug][gc,phases      ] GC(58)     Total                          Min: 0, Avg:  1.0, Max: 4, Diff: 4, Sum: 4, Workers: 4
[1718.548s][debug][gc,phases      ] GC(58)   JVMTI Tag Weak OopStorage      Min:  0.0, Avg:  0.0, Max:  0.0, Diff:  0.0, Sum:  0.0, Workers: 4
[1718.548s][debug][gc,phases      ] GC(58)     Dead                           Min: 0, Avg:  0.0, Max: 0, Diff: 0, Sum: 0, Workers: 4
[1718.548s][debug][gc,phases      ] GC(58)     Total                          Min: 0, Avg:  0.0, Max: 0, Diff: 0, Sum: 0, Workers: 4
[1718.548s][debug][gc,phases      ] GC(58)   StringTable Weak               Min:  0.1, Avg:  0.2, Max:  0.2, Diff:  0.1, Sum:  0.6, Workers: 4
[1718.548s][debug][gc,phases      ] GC(58)     Dead                           Min: 0, Avg:  0.0, Max: 0, Diff: 0, Sum: 0, Workers: 4
[1718.548s][debug][gc,phases      ] GC(58)     Total                          Min: 6208, Avg: 12194.5, Max: 15488, Diff: 9280, Sum: 48778, Workers: 4
[1718.548s][debug][gc,phases      ] GC(58)   ResolvedMethodTable Weak       Min:  0.0, Avg:  0.0, Max:  0.0, Diff:  0.0, Sum:  0.2, Workers: 4
[1718.548s][debug][gc,phases      ] GC(58)     Dead                           Min: 0, Avg:  0.0, Max: 0, Diff: 0, Sum: 0, Workers: 4
[1718.548s][debug][gc,phases      ] GC(58)     Total                          Min: 3264, Avg: 3439.8, Max: 3648, Diff: 384, Sum: 13759, Workers: 4
[1718.548s][debug][gc,phases      ] GC(58)   JNI Weak                       Min:  0.0, Avg:  0.0, Max:  0.0, Diff:  0.0, Sum:  0.0, Workers: 4
[1718.548s][debug][gc,phases      ] GC(58)     Dead                           Min: 0, Avg:  0.0, Max: 0, Diff: 0, Sum: 0, Workers: 4
[1718.548s][debug][gc,phases      ] GC(58)     Total                          Min: 0, Avg: 12.0, Max: 48, Diff: 48, Sum: 48, Workers: 4
[1718.548s][debug][gc,phases      ] GC(58)   StringDedup Table Weak         Min:  0.0, Avg:  0.0, Max:  0.0, Diff:  0.0, Sum:  0.0, Workers: 4
[1718.548s][debug][gc,phases      ] GC(58)     Dead                           Min: 0, Avg:  0.0, Max: 0, Diff: 0, Sum: 0, Workers: 4
[1718.548s][debug][gc,phases      ] GC(58)     Total                          Min: 0, Avg:  0.0, Max: 0, Diff: 0, Sum: 0, Workers: 4
[1718.548s][debug][gc,phases      ] GC(58)   StringDedup Requests0 Weak     Min:  0.0, Avg:  0.0, Max:  0.0, Diff:  0.0, Sum:  0.0, Workers: 4
[1718.548s][debug][gc,phases      ] GC(58)     Dead                           Min: 0, Avg:  0.0, Max: 0, Diff: 0, Sum: 0, Workers: 4
[1718.548s][debug][gc,phases      ] GC(58)     Total                          Min: 0, Avg:  0.0, Max: 0, Diff: 0, Sum: 0, Workers: 4
[1718.548s][debug][gc,phases      ] GC(58)   StringDedup Requests1 Weak     Min:  0.0, Avg:  0.0, Max:  0.0, Diff:  0.0, Sum:  0.0, Workers: 4
[1718.548s][debug][gc,phases      ] GC(58)     Dead                           Min: 0, Avg:  0.0, Max: 0, Diff: 0, Sum: 0, Workers: 4
[1718.548s][debug][gc,phases      ] GC(58)     Total                          Min: 0, Avg:  0.0, Max: 0, Diff: 0, Sum: 0, Workers: 4
[1718.548s][debug][gc,phases      ] GC(58)   Weak JFR Old Object Samples    Min:  0.0, Avg:  0.0, Max:  0.0, Diff:  0.0, Sum:  0.0, Workers: 4
[1718.548s][debug][gc,phases      ] GC(58)     Dead                           Min: 0, Avg:  0.0, Max: 0, Diff: 0, Sum: 0, Workers: 4
[1718.548s][debug][gc,phases      ] GC(58)     Total                          Min: 0, Avg:  0.0, Max: 0, Diff: 0, Sum: 0, Workers: 4
[1718.548s][debug][gc,phases      ] GC(58) Weak Processing 0.484ms
[1718.548s][debug][gc,age         ] GC(58) Desired survivor size 284688384 bytes, new threshold 15 (max threshold 15)
[1718.548s][info ][gc,heap        ] GC(58) PSYoungGen: 1759286K(1823744K)->217158K(1775104K) Eden: 1557504K(1557504K)->0K(1557504K) From: 201782K(266240K)->217158K(217600K)
[1718.548s][info ][gc,heap        ] GC(58) ParOldGen: 266297K(362496K)->266361K(362496K)
[1718.548s][info ][gc,metaspace   ] GC(58) Metaspace: 96850K(98112K)->96850K(98112K) NonClass: 82688K(83392K)->82688K(83392K) Class: 14161K(14720K)->14161K(14720K)
[1718.548s][info ][gc             ] GC(58) Pause Young (Allocation Failure) 1978M->472M(2087M) 64.016ms
[1718.548s][info ][gc,cpu         ] GC(58) User=0.24s Sys=0.00s Real=0.07s
[1718.548s][info ][safepoint      ] Safepoint "ParallelGCFailedAllocation", Time since last: 5619848365 ns, Reaching safepoint: 81103 ns, Cleanup: 4201 ns, At safepoint: 64106373 ns, Total: 64191677 ns
[1719.548s][info ][safepoint      ] Safepoint "Cleanup", Time since last: 1000052858 ns, Reaching safepoint: 8201 ns, Cleanup: 9200 ns, At safepoint: 2300 ns, Total: 19701 ns
[1720.548s][info ][safepoint      ] Safepoint "Cleanup", Time since last: 1000110752 ns, Reaching safepoint: 7701 ns, Cleanup: 10201 ns, At safepoint: 2500 ns, Total: 20402 ns
[1722.548s][info ][safepoint      ] Safepoint "Cleanup", Time since last: 2000181102 ns, Reaching safepoint: 7600 ns, Cleanup: 18401 ns, At safepoint: 2400 ns, Total: 28401 ns
[1725.548s][info ][safepoint      ] Safepoint "Cleanup", Time since last: 3000227210 ns, Reaching safepoint: 9000 ns, Cleanup: 11601 ns, At safepoint: 3000 ns, Total: 23601 ns
[1728.549s][info ][safepoint      ] Safepoint "Cleanup", Time since last: 3000251676 ns, Reaching safepoint: 8503 ns, Cleanup: 11904 ns, At safepoint: 2500 ns, Total: 22907 ns
[1729.549s][info ][safepoint      ] Safepoint "Cleanup", Time since last: 1000122373 ns, Reaching safepoint: 11101 ns, Cleanup: 11800 ns, At safepoint: 6900 ns, Total: 29801 ns
[1732.549s][info ][safepoint      ] Safepoint "Cleanup", Time since last: 3000260958 ns, Reaching safepoint: 8501 ns, Cleanup: 12600 ns, At safepoint: 3100 ns, Total: 24201 ns
[1735.549s][info ][safepoint      ] Safepoint "Cleanup", Time since last: 3000212152 ns, Reaching safepoint: 7101 ns, Cleanup: 10501 ns, At safepoint: 2800 ns, Total: 20402 ns
[1738.550s][info ][safepoint      ] Safepoint "Cleanup", Time since last: 3000246716 ns, Reaching safepoint: 8800 ns, Cleanup: 10501 ns, At safepoint: 2700 ns, Total: 22001 ns
[1739.550s][info ][safepoint      ] Safepoint "Cleanup", Time since last: 1000117100 ns, Reaching safepoint: 10701 ns, Cleanup: 9500 ns, At safepoint: 2800 ns, Total: 23001 ns
[1741.526s][info ][safepoint      ] Safepoint "Cleanup", Time since last: 1976410895 ns, Reaching safepoint: 9301 ns, Cleanup: 13701 ns, At safepoint: 3000 ns, Total: 26002 ns
[1744.527s][info ][safepoint      ] Safepoint "Cleanup", Time since last: 3000218084 ns, Reaching safepoint: 9701 ns, Cleanup: 11701 ns, At safepoint: 3200 ns, Total: 24602 ns
[1744.873s][info ][gc,start       ] GC(59) Pause Young (Allocation Failure)
[1744.940s][debug][gc,phases      ] GC(59) Scavenge 66.557ms
[1744.940s][debug][gc,ref         ] GC(59) ReferenceProcessor::execute queues: 1, RefProcThreadModel::Single, marks_oops_alive: false
[1744.940s][debug][gc,ref         ] GC(59) Skipped KeepAliveFinalRefsPhase of Reference Processing: no references
[1744.940s][debug][gc,ref         ] GC(59) ReferenceProcessor::execute queues: 1, RefProcThreadModel::Single, marks_oops_alive: false
[1744.940s][debug][gc,phases      ] GC(59) Reference Processing 0.140ms
[1744.940s][debug][gc,phases      ] GC(59)   VM Weak                        Min:  0.0, Avg:  0.0, Max:  0.0, Diff:  0.0, Sum:  0.0, Workers: 4
[1744.940s][debug][gc,phases      ] GC(59)     Dead                           Min: 0, Avg:  0.0, Max: 0, Diff: 0, Sum: 0, Workers: 4
[1744.940s][debug][gc,phases      ] GC(59)     Total                          Min: 0, Avg: 252.2, Max: 1009, Diff: 1009, Sum: 1009, Workers: 4
[1744.940s][debug][gc,phases      ] GC(59)   ObjectSynchronizer Weak        Min:  0.0, Avg:  0.0, Max:  0.0, Diff:  0.0, Sum:  0.0, Workers: 4
[1744.940s][debug][gc,phases      ] GC(59)     Dead                           Min: 0, Avg:  0.0, Max: 0, Diff: 0, Sum: 0, Workers: 4
[1744.940s][debug][gc,phases      ] GC(59)     Total                          Min: 0, Avg:  1.0, Max: 4, Diff: 4, Sum: 4, Workers: 4
[1744.940s][debug][gc,phases      ] GC(59)   JVMTI Tag Weak OopStorage      Min:  0.0, Avg:  0.0, Max:  0.0, Diff:  0.0, Sum:  0.0, Workers: 4
[1744.940s][debug][gc,phases      ] GC(59)     Dead                           Min: 0, Avg:  0.0, Max: 0, Diff: 0, Sum: 0, Workers: 4
[1744.940s][debug][gc,phases      ] GC(59)     Total                          Min: 0, Avg:  0.0, Max: 0, Diff: 0, Sum: 0, Workers: 4
[1744.940s][debug][gc,phases      ] GC(59)   StringTable Weak               Min:  0.0, Avg:  0.1, Max:  0.2, Diff:  0.2, Sum:  0.5, Workers: 4
[1744.940s][debug][gc,phases      ] GC(59)     Dead                           Min: 0, Avg:  0.0, Max: 0, Diff: 0, Sum: 0, Workers: 4
[1744.940s][debug][gc,phases      ] GC(59)     Total                          Min: 0, Avg: 12196.5, Max: 16832, Diff: 16832, Sum: 48786, Workers: 4
[1744.940s][debug][gc,phases      ] GC(59)   ResolvedMethodTable Weak       Min:  0.0, Avg:  0.0, Max:  0.1, Diff:  0.1, Sum:  0.2, Workers: 4
[1744.940s][debug][gc,phases      ] GC(59)     Dead                           Min: 0, Avg:  0.0, Max: 0, Diff: 0, Sum: 0, Workers: 4
[1744.940s][debug][gc,phases      ] GC(59)     Total                          Min: 0, Avg: 3439.8, Max: 5504, Diff: 5504, Sum: 13759, Workers: 4
[1744.941s][debug][gc,phases      ] GC(59)   JNI Weak                       Min:  0.0, Avg:  0.0, Max:  0.0, Diff:  0.0, Sum:  0.0, Workers: 4
[1744.941s][debug][gc,phases      ] GC(59)     Dead                           Min: 0, Avg:  0.0, Max: 0, Diff: 0, Sum: 0, Workers: 4
[1744.941s][debug][gc,phases      ] GC(59)     Total                          Min: 0, Avg: 12.0, Max: 48, Diff: 48, Sum: 48, Workers: 4
[1744.941s][debug][gc,phases      ] GC(59)   StringDedup Table Weak         Min:  0.0, Avg:  0.0, Max:  0.0, Diff:  0.0, Sum:  0.0, Workers: 4
[1744.941s][debug][gc,phases      ] GC(59)     Dead                           Min: 0, Avg:  0.0, Max: 0, Diff: 0, Sum: 0, Workers: 4
[1744.941s][debug][gc,phases      ] GC(59)     Total                          Min: 0, Avg:  0.0, Max: 0, Diff: 0, Sum: 0, Workers: 4
[1744.941s][debug][gc,phases      ] GC(59)   StringDedup Requests0 Weak     Min:  0.0, Avg:  0.0, Max:  0.0, Diff:  0.0, Sum:  0.0, Workers: 4
[1744.941s][debug][gc,phases      ] GC(59)     Dead                           Min: 0, Avg:  0.0, Max: 0, Diff: 0, Sum: 0, Workers: 4
[1744.941s][debug][gc,phases      ] GC(59)     Total                          Min: 0, Avg:  0.0, Max: 0, Diff: 0, Sum: 0, Workers: 4
[1744.941s][debug][gc,phases      ] GC(59)   StringDedup Requests1 Weak     Min:  0.0, Avg:  0.0, Max:  0.0, Diff:  0.0, Sum:  0.0, Workers: 4
[1744.941s][debug][gc,phases      ] GC(59)     Dead                           Min: 0, Avg:  0.0, Max: 0, Diff: 0, Sum: 0, Workers: 4
[1744.941s][debug][gc,phases      ] GC(59)     Total                          Min: 0, Avg:  0.0, Max: 0, Diff: 0, Sum: 0, Workers: 4
[1744.941s][debug][gc,phases      ] GC(59)   Weak JFR Old Object Samples    Min:  0.0, Avg:  0.0, Max:  0.0, Diff:  0.0, Sum:  0.0, Workers: 4
[1744.941s][debug][gc,phases      ] GC(59)     Dead                           Min: 0, Avg:  0.0, Max: 0, Diff: 0, Sum: 0, Workers: 4
[1744.941s][debug][gc,phases      ] GC(59)     Total                          Min: 0, Avg:  0.0, Max: 0, Diff: 0, Sum: 0, Workers: 4
[1744.941s][debug][gc,phases      ] GC(59) Weak Processing 0.484ms
[1744.941s][debug][gc,age         ] GC(59) Desired survivor size 294125568 bytes, new threshold 15 (max threshold 15)
[1744.941s][info ][gc,heap        ] GC(59) PSYoungGen: 1774662K(1775104K)->225654K(1800704K) Eden: 1557504K(1557504K)->0K(1522688K) From: 217158K(217600K)->225654K(278016K)
[1744.941s][info ][gc,heap        ] GC(59) ParOldGen: 266361K(362496K)->268017K(362496K)
[1744.941s][info ][gc,metaspace   ] GC(59) Metaspace: 96889K(98240K)->96889K(98240K) NonClass: 82728K(83520K)->82728K(83520K) Class: 14161K(14720K)->14161K(14720K)
[1744.941s][info ][gc             ] GC(59) Pause Young (Allocation Failure) 1993M->482M(2112M) 67.324ms
[1744.941s][info ][gc,cpu         ] GC(59) User=0.25s Sys=0.00s Real=0.07s
[1744.941s][info ][safepoint      ] Safepoint "ParallelGCFailedAllocation", Time since last: 346765297 ns, Reaching safepoint: 8501 ns, Cleanup: 4200 ns, At safepoint: 67419474 ns, Total: 67432175 ns
[1751.941s][info ][safepoint      ] Safepoint "Cleanup", Time since last: 7000530387 ns, Reaching safepoint: 81304 ns, Cleanup: 9600 ns, At safepoint: 5901 ns, Total: 96805 ns
[1752.941s][info ][safepoint      ] Safepoint "Cleanup", Time since last: 1000117669 ns, Reaching safepoint: 7600 ns, Cleanup: 10401 ns, At safepoint: 2700 ns, Total: 20701 ns
[1753.942s][info ][safepoint      ] Safepoint "Cleanup", Time since last: 1000156971 ns, Reaching safepoint: 8700 ns, Cleanup: 19601 ns, At safepoint: 2701 ns, Total: 31002 ns
[1755.942s][info ][safepoint      ] Safepoint "Cleanup", Time since last: 2000190336 ns, Reaching safepoint: 8100 ns, Cleanup: 15901 ns, At safepoint: 2600 ns, Total: 26601 ns
[1756.942s][info ][safepoint      ] Safepoint "Cleanup", Time since last: 1000081468 ns, Reaching safepoint: 8200 ns, Cleanup: 14001 ns, At safepoint: 2400 ns, Total: 24601 ns
[1763.943s][info ][safepoint      ] Safepoint "Cleanup", Time since last: 7000532704 ns, Reaching safepoint: 8600 ns, Cleanup: 11501 ns, At safepoint: 2700 ns, Total: 22801 ns
[1767.943s][info ][safepoint      ] Safepoint "Cleanup", Time since last: 4000336855 ns, Reaching safepoint: 7801 ns, Cleanup: 18701 ns, At safepoint: 2300 ns, Total: 28802 ns
[1776.187s][info ][gc,start       ] GC(60) Pause Young (Allocation Failure)
[1776.252s][debug][gc,phases      ] GC(60) Scavenge 64.822ms
[1776.252s][debug][gc,ref         ] GC(60) ReferenceProcessor::execute queues: 1, RefProcThreadModel::Single, marks_oops_alive: false
[1776.252s][debug][gc,ref         ] GC(60) Skipped KeepAliveFinalRefsPhase of Reference Processing: no references
[1776.252s][debug][gc,ref         ] GC(60) ReferenceProcessor::execute queues: 1, RefProcThreadModel::Single, marks_oops_alive: false
[1776.252s][debug][gc,phases      ] GC(60) Reference Processing 0.147ms
[1776.253s][debug][gc,phases      ] GC(60)   VM Weak                        Min:  0.0, Avg:  0.0, Max:  0.0, Diff:  0.0, Sum:  0.0, Workers: 4
[1776.253s][debug][gc,phases      ] GC(60)     Dead                           Min: 0, Avg:  0.0, Max: 0, Diff: 0, Sum: 0, Workers: 4
[1776.253s][debug][gc,phases      ] GC(60)     Total                          Min: 0, Avg: 252.2, Max: 497, Diff: 497, Sum: 1009, Workers: 4
[1776.253s][debug][gc,phases      ] GC(60)   ObjectSynchronizer Weak        Min:  0.0, Avg:  0.0, Max:  0.0, Diff:  0.0, Sum:  0.0, Workers: 4
[1776.253s][debug][gc,phases      ] GC(60)     Dead                           Min: 0, Avg:  0.0, Max: 0, Diff: 0, Sum: 0, Workers: 4
[1776.253s][debug][gc,phases      ] GC(60)     Total                          Min: 0, Avg:  1.0, Max: 4, Diff: 4, Sum: 4, Workers: 4
[1776.253s][debug][gc,phases      ] GC(60)   JVMTI Tag Weak OopStorage      Min:  0.0, Avg:  0.0, Max:  0.0, Diff:  0.0, Sum:  0.0, Workers: 4
[1776.253s][debug][gc,phases      ] GC(60)     Dead                           Min: 0, Avg:  0.0, Max: 0, Diff: 0, Sum: 0, Workers: 4
[1776.253s][debug][gc,phases      ] GC(60)     Total                          Min: 0, Avg:  0.0, Max: 0, Diff: 0, Sum: 0, Workers: 4
[1776.253s][debug][gc,phases      ] GC(60)   StringTable Weak               Min:  0.0, Avg:  0.1, Max:  0.2, Diff:  0.2, Sum:  0.5, Workers: 4
[1776.253s][debug][gc,phases      ] GC(60)     Dead                           Min: 0, Avg:  0.0, Max: 0, Diff: 0, Sum: 0, Workers: 4
[1776.253s][debug][gc,phases      ] GC(60)     Total                          Min: 0, Avg: 12196.5, Max: 17344, Diff: 17344, Sum: 48786, Workers: 4
[1776.253s][debug][gc,phases      ] GC(60)   ResolvedMethodTable Weak       Min:  0.0, Avg:  0.0, Max:  0.0, Diff:  0.0, Sum:  0.1, Workers: 4
[1776.253s][debug][gc,phases      ] GC(60)     Dead                           Min: 0, Avg:  0.0, Max: 0, Diff: 0, Sum: 0, Workers: 4
[1776.253s][debug][gc,phases      ] GC(60)     Total                          Min: 0, Avg: 3439.8, Max: 4992, Diff: 4992, Sum: 13759, Workers: 4
[1776.253s][debug][gc,phases      ] GC(60)   JNI Weak                       Min:  0.0, Avg:  0.0, Max:  0.0, Diff:  0.0, Sum:  0.0, Workers: 4
[1776.253s][debug][gc,phases      ] GC(60)     Dead                           Min: 0, Avg:  0.0, Max: 0, Diff: 0, Sum: 0, Workers: 4
[1776.253s][debug][gc,phases      ] GC(60)     Total                          Min: 0, Avg: 12.0, Max: 48, Diff: 48, Sum: 48, Workers: 4
[1776.253s][debug][gc,phases      ] GC(60)   StringDedup Table Weak         Min:  0.0, Avg:  0.0, Max:  0.0, Diff:  0.0, Sum:  0.0, Workers: 4
[1776.253s][debug][gc,phases      ] GC(60)     Dead                           Min: 0, Avg:  0.0, Max: 0, Diff: 0, Sum: 0, Workers: 4
[1776.253s][debug][gc,phases      ] GC(60)     Total                          Min: 0, Avg:  0.0, Max: 0, Diff: 0, Sum: 0, Workers: 4
[1776.253s][debug][gc,phases      ] GC(60)   StringDedup Requests0 Weak     Min:  0.0, Avg:  0.0, Max:  0.0, Diff:  0.0, Sum:  0.0, Workers: 4
[1776.253s][debug][gc,phases      ] GC(60)     Dead                           Min: 0, Avg:  0.0, Max: 0, Diff: 0, Sum: 0, Workers: 4
[1776.253s][debug][gc,phases      ] GC(60)     Total                          Min: 0, Avg:  0.0, Max: 0, Diff: 0, Sum: 0, Workers: 4
[1776.253s][debug][gc,phases      ] GC(60)   StringDedup Requests1 Weak     Min:  0.0, Avg:  0.0, Max:  0.0, Diff:  0.0, Sum:  0.0, Workers: 4
[1776.253s][debug][gc,phases      ] GC(60)     Dead                           Min: 0, Avg:  0.0, Max: 0, Diff: 0, Sum: 0, Workers: 4
[1776.253s][debug][gc,phases      ] GC(60)     Total                          Min: 0, Avg:  0.0, Max: 0, Diff: 0, Sum: 0, Workers: 4
[1776.253s][debug][gc,phases      ] GC(60)   Weak JFR Old Object Samples    Min:  0.0, Avg:  0.0, Max:  0.0, Diff:  0.0, Sum:  0.0, Workers: 4
[1776.253s][debug][gc,phases      ] GC(60)     Dead                           Min: 0, Avg:  0.0, Max: 0, Diff: 0, Sum: 0, Workers: 4
[1776.253s][debug][gc,phases      ] GC(60)     Total                          Min: 0, Avg:  0.0, Max: 0, Diff: 0, Sum: 0, Workers: 4
[1776.253s][debug][gc,phases      ] GC(60) Weak Processing 0.484ms
[1776.253s][debug][gc,age         ] GC(60) Desired survivor size 303562752 bytes, new threshold 15 (max threshold 15)
[1776.253s][info ][gc,heap        ] GC(60) PSYoungGen: 1748342K(1800704K)->232614K(1755648K) Eden: 1522688K(1522688K)->0K(1522688K) From: 225654K(278016K)->232614K(232960K)
[1776.253s][info ][gc,heap        ] GC(60) ParOldGen: 268017K(362496K)->268113K(362496K)
[1776.253s][info ][gc,metaspace   ] GC(60) Metaspace: 96908K(98240K)->96908K(98240K) NonClass: 82747K(83520K)->82747K(83520K) Class: 14161K(14720K)->14161K(14720K)
[1776.253s][info ][gc             ] GC(60) Pause Young (Allocation Failure) 1969M->488M(2068M) 65.625ms
[1776.253s][info ][gc,cpu         ] GC(60) User=0.24s Sys=0.00s Real=0.07s
[1776.253s][info ][safepoint      ] Safepoint "ParallelGCFailedAllocation", Time since last: 8244240435 ns, Reaching safepoint: 8601 ns, Cleanup: 4700 ns, At safepoint: 65733012 ns, Total: 65746313 ns
[1780.253s][info ][safepoint      ] Safepoint "Cleanup", Time since last: 4000291229 ns, Reaching safepoint: 7300 ns, Cleanup: 10901 ns, At safepoint: 29301 ns, Total: 47502 ns
[1782.253s][info ][safepoint      ] Safepoint "Cleanup", Time since last: 2000172471 ns, Reaching safepoint: 7700 ns, Cleanup: 9401 ns, At safepoint: 2800 ns, Total: 19901 ns
[1791.254s][info ][safepoint      ] Safepoint "Cleanup", Time since last: 9000633699 ns, Reaching safepoint: 7601 ns, Cleanup: 8100 ns, At safepoint: 2800 ns, Total: 18501 ns
[1797.255s][info ][safepoint      ] Safepoint "Cleanup", Time since last: 6000447104 ns, Reaching safepoint: 8201 ns, Cleanup: 11400 ns, At safepoint: 2700 ns, Total: 22301 ns
[1800.255s][info ][safepoint      ] Safepoint "Cleanup", Time since last: 3000251232 ns, Reaching safepoint: 93504 ns, Cleanup: 21701 ns, At safepoint: 15801 ns, Total: 131006 ns
[1800.911s][info ][gc,start       ] GC(61) Pause Young (Allocation Failure)
[1801.039s][debug][gc,phases      ] GC(61) Scavenge 128.631ms
[1801.040s][debug][gc,ref         ] GC(61) ReferenceProcessor::execute queues: 1, RefProcThreadModel::Single, marks_oops_alive: false
[1801.040s][debug][gc,ref         ] GC(61) Skipped KeepAliveFinalRefsPhase of Reference Processing: no references
[1801.040s][debug][gc,ref         ] GC(61) ReferenceProcessor::execute queues: 1, RefProcThreadModel::Single, marks_oops_alive: false
[1801.040s][debug][gc,phases      ] GC(61) Reference Processing 0.154ms
[1801.040s][debug][gc,phases      ] GC(61)   VM Weak                        Min:  0.0, Avg:  0.0, Max:  0.0, Diff:  0.0, Sum:  0.0, Workers: 4
[1801.040s][debug][gc,phases      ] GC(61)     Dead                           Min: 0, Avg:  0.0, Max: 0, Diff: 0, Sum: 0, Workers: 4
[1801.040s][debug][gc,phases      ] GC(61)     Total                          Min: 0, Avg: 252.2, Max: 753, Diff: 753, Sum: 1009, Workers: 4
[1801.040s][debug][gc,phases      ] GC(61)   ObjectSynchronizer Weak        Min:  0.0, Avg:  0.0, Max:  0.0, Diff:  0.0, Sum:  0.0, Workers: 4
[1801.040s][debug][gc,phases      ] GC(61)     Dead                           Min: 0, Avg:  0.0, Max: 0, Diff: 0, Sum: 0, Workers: 4
[1801.040s][debug][gc,phases      ] GC(61)     Total                          Min: 0, Avg:  0.8, Max: 3, Diff: 3, Sum: 3, Workers: 4
[1801.040s][debug][gc,phases      ] GC(61)   JVMTI Tag Weak OopStorage      Min:  0.0, Avg:  0.0, Max:  0.0, Diff:  0.0, Sum:  0.0, Workers: 4
[1801.040s][debug][gc,phases      ] GC(61)     Dead                           Min: 0, Avg:  0.0, Max: 0, Diff: 0, Sum: 0, Workers: 4
[1801.040s][debug][gc,phases      ] GC(61)     Total                          Min: 0, Avg:  0.0, Max: 0, Diff: 0, Sum: 0, Workers: 4
[1801.040s][debug][gc,phases      ] GC(61)   StringTable Weak               Min:  0.0, Avg:  0.1, Max:  0.2, Diff:  0.2, Sum:  0.5, Workers: 4
[1801.040s][debug][gc,phases      ] GC(61)     Dead                           Min: 0, Avg:  0.5, Max: 2, Diff: 2, Sum: 2, Workers: 4
[1801.040s][debug][gc,phases      ] GC(61)     Total                          Min: 0, Avg: 12204.0, Max: 16576, Diff: 16576, Sum: 48816, Workers: 4
[1801.040s][debug][gc,phases      ] GC(61)   ResolvedMethodTable Weak       Min:  0.0, Avg:  0.0, Max:  0.0, Diff:  0.0, Sum:  0.1, Workers: 4
[1801.040s][debug][gc,phases      ] GC(61)     Dead                           Min: 0, Avg:  3.0, Max: 12, Diff: 12, Sum: 12, Workers: 4
[1801.040s][debug][gc,phases      ] GC(61)     Total                          Min: 0, Avg: 3450.0, Max: 4777, Diff: 4777, Sum: 13800, Workers: 4
[1801.040s][debug][gc,phases      ] GC(61)   JNI Weak                       Min:  0.0, Avg:  0.0, Max:  0.0, Diff:  0.0, Sum:  0.0, Workers: 4
[1801.040s][debug][gc,phases      ] GC(61)     Dead                           Min: 0, Avg:  0.0, Max: 0, Diff: 0, Sum: 0, Workers: 4
[1801.040s][debug][gc,phases      ] GC(61)     Total                          Min: 0, Avg: 12.2, Max: 49, Diff: 49, Sum: 49, Workers: 4
[1801.040s][debug][gc,phases      ] GC(61)   StringDedup Table Weak         Min:  0.0, Avg:  0.0, Max:  0.0, Diff:  0.0, Sum:  0.0, Workers: 4
[1801.040s][debug][gc,phases      ] GC(61)     Dead                           Min: 0, Avg:  0.0, Max: 0, Diff: 0, Sum: 0, Workers: 4
[1801.040s][debug][gc,phases      ] GC(61)     Total                          Min: 0, Avg:  0.0, Max: 0, Diff: 0, Sum: 0, Workers: 4
[1801.040s][debug][gc,phases      ] GC(61)   StringDedup Requests0 Weak     Min:  0.0, Avg:  0.0, Max:  0.0, Diff:  0.0, Sum:  0.0, Workers: 4
[1801.040s][debug][gc,phases      ] GC(61)     Dead                           Min: 0, Avg:  0.0, Max: 0, Diff: 0, Sum: 0, Workers: 4
[1801.040s][debug][gc,phases      ] GC(61)     Total                          Min: 0, Avg:  0.0, Max: 0, Diff: 0, Sum: 0, Workers: 4
[1801.040s][debug][gc,phases      ] GC(61)   StringDedup Requests1 Weak     Min:  0.0, Avg:  0.0, Max:  0.0, Diff:  0.0, Sum:  0.0, Workers: 4
[1801.040s][debug][gc,phases      ] GC(61)     Dead                           Min: 0, Avg:  0.0, Max: 0, Diff: 0, Sum: 0, Workers: 4
[1801.040s][debug][gc,phases      ] GC(61)     Total                          Min: 0, Avg:  0.0, Max: 0, Diff: 0, Sum: 0, Workers: 4
[1801.040s][debug][gc,phases      ] GC(61)   Weak JFR Old Object Samples    Min:  0.0, Avg:  0.0, Max:  0.0, Diff:  0.0, Sum:  0.0, Workers: 4
[1801.040s][debug][gc,phases      ] GC(61)     Dead                           Min: 0, Avg:  0.0, Max: 0, Diff: 0, Sum: 0, Workers: 4
[1801.040s][debug][gc,phases      ] GC(61)     Total                          Min: 0, Avg:  0.0, Max: 0, Diff: 0, Sum: 0, Workers: 4
[1801.040s][debug][gc,phases      ] GC(61) Weak Processing 0.506ms
[1801.040s][debug][gc,age         ] GC(61) Desired survivor size 299368448 bytes, new threshold 15 (max threshold 15)
[1801.040s][info ][gc,heap        ] GC(61) PSYoungGen: 1755302K(1755648K)->202472K(1804800K) Eden: 1522688K(1522688K)->0K(1508352K) From: 232614K(232960K)->202472K(296448K)
[1801.040s][info ][gc,heap        ] GC(61) ParOldGen: 268113K(362496K)->280921K(362496K)
[1801.040s][info ][gc,metaspace   ] GC(61) Metaspace: 96993K(98304K)->96993K(98304K) NonClass: 82815K(83584K)->82815K(83584K) Class: 14178K(14720K)->14178K(14720K)
[1801.040s][info ][gc             ] GC(61) Pause Young (Allocation Failure) 1975M->472M(2116M) 129.446ms
[1801.040s][info ][gc,cpu         ] GC(61) User=0.24s Sys=0.00s Real=0.13s
[1801.040s][info ][safepoint      ] Safepoint "ParallelGCFailedAllocation", Time since last: 655602324 ns, Reaching safepoint: 94104 ns, Cleanup: 58203 ns, At safepoint: 129553190 ns, Total: 129705497 ns
[1802.040s][info ][safepoint      ] Safepoint "Cleanup", Time since last: 1000096183 ns, Reaching safepoint: 80804 ns, Cleanup: 35201 ns, At safepoint: 8701 ns, Total: 124706 ns
[1803.041s][info ][safepoint      ] Safepoint "Cleanup", Time since last: 1000113684 ns, Reaching safepoint: 82204 ns, Cleanup: 12400 ns, At safepoint: 8401 ns, Total: 103005 ns
[1805.041s][info ][safepoint      ] Safepoint "Cleanup", Time since last: 2000178865 ns, Reaching safepoint: 12301 ns, Cleanup: 15801 ns, At safepoint: 11200 ns, Total: 39302 ns
[1807.044s][info ][safepoint      ] Safepoint "Cleanup", Time since last: 2002612682 ns, Reaching safepoint: 84004 ns, Cleanup: 12901 ns, At safepoint: 6300 ns, Total: 103205 ns
[1810.044s][info ][safepoint      ] Safepoint "Cleanup", Time since last: 3000549438 ns, Reaching safepoint: 81504 ns, Cleanup: 11600 ns, At safepoint: 8000 ns, Total: 101104 ns
[1811.044s][info ][safepoint      ] Safepoint "Cleanup", Time since last: 1000103538 ns, Reaching safepoint: 81603 ns, Cleanup: 26401 ns, At safepoint: 6200 ns, Total: 114204 ns
[1812.045s][info ][safepoint      ] Safepoint "Cleanup", Time since last: 1000114738 ns, Reaching safepoint: 83804 ns, Cleanup: 13000 ns, At safepoint: 5000 ns, Total: 101804 ns
[1813.045s][info ][safepoint      ] Safepoint "Cleanup", Time since last: 1000121638 ns, Reaching safepoint: 82004 ns, Cleanup: 30301 ns, At safepoint: 8701 ns, Total: 121006 ns
[1815.045s][info ][safepoint      ] Safepoint "Cleanup", Time since last: 2000207627 ns, Reaching safepoint: 85405 ns, Cleanup: 11800 ns, At safepoint: 7601 ns, Total: 104806 ns
[1817.046s][info ][safepoint      ] Safepoint "Cleanup", Time since last: 2000211684 ns, Reaching safepoint: 79404 ns, Cleanup: 14301 ns, At safepoint: 6800 ns, Total: 100505 ns
[1819.046s][info ][safepoint      ] Safepoint "Cleanup", Time since last: 2000306038 ns, Reaching safepoint: 89504 ns, Cleanup: 14701 ns, At safepoint: 40902 ns, Total: 145107 ns
[1819.447s][info ][gc,start       ] GC(62) Pause Young (Allocation Failure)
[1819.563s][debug][gc,phases      ] GC(62) Scavenge 115.974ms
[1819.563s][debug][gc,ref         ] GC(62) ReferenceProcessor::execute queues: 1, RefProcThreadModel::Single, marks_oops_alive: false
[1819.563s][debug][gc,ref         ] GC(62) Skipped KeepAliveFinalRefsPhase of Reference Processing: no references
[1819.563s][debug][gc,ref         ] GC(62) ReferenceProcessor::execute queues: 1, RefProcThreadModel::Single, marks_oops_alive: false
[1819.563s][debug][gc,phases      ] GC(62) Reference Processing 0.161ms
[1819.563s][debug][gc,phases      ] GC(62)   VM Weak                        Min:  0.0, Avg:  0.0, Max:  0.0, Diff:  0.0, Sum:  0.0, Workers: 4
[1819.563s][debug][gc,phases      ] GC(62)     Dead                           Min: 0, Avg:  0.0, Max: 0, Diff: 0, Sum: 0, Workers: 4
[1819.563s][debug][gc,phases      ] GC(62)     Total                          Min: 0, Avg: 252.2, Max: 1009, Diff: 1009, Sum: 1009, Workers: 4
[1819.563s][debug][gc,phases      ] GC(62)   ObjectSynchronizer Weak        Min:  0.0, Avg:  0.0, Max:  0.0, Diff:  0.0, Sum:  0.0, Workers: 4
[1819.563s][debug][gc,phases      ] GC(62)     Dead                           Min: 0, Avg:  0.0, Max: 0, Diff: 0, Sum: 0, Workers: 4
[1819.563s][debug][gc,phases      ] GC(62)     Total                          Min: 0, Avg:  1.2, Max: 5, Diff: 5, Sum: 5, Workers: 4
[1819.563s][debug][gc,phases      ] GC(62)   JVMTI Tag Weak OopStorage      Min:  0.0, Avg:  0.0, Max:  0.0, Diff:  0.0, Sum:  0.0, Workers: 4
[1819.563s][debug][gc,phases      ] GC(62)     Dead                           Min: 0, Avg:  0.0, Max: 0, Diff: 0, Sum: 0, Workers: 4
[1819.563s][debug][gc,phases      ] GC(62)     Total                          Min: 0, Avg:  0.0, Max: 0, Diff: 0, Sum: 0, Workers: 4
[1819.563s][debug][gc,phases      ] GC(62)   StringTable Weak               Min:  0.0, Avg:  0.1, Max:  0.2, Diff:  0.2, Sum:  0.5, Workers: 4
[1819.563s][debug][gc,phases      ] GC(62)     Dead                           Min: 0, Avg:  0.0, Max: 0, Diff: 0, Sum: 0, Workers: 4
[1819.563s][debug][gc,phases      ] GC(62)     Total                          Min: 0, Avg: 12205.5, Max: 16950, Diff: 16950, Sum: 48822, Workers: 4
[1819.563s][debug][gc,phases      ] GC(62)   ResolvedMethodTable Weak       Min:  0.0, Avg:  0.0, Max:  0.1, Diff:  0.1, Sum:  0.2, Workers: 4
[1819.563s][debug][gc,phases      ] GC(62)     Dead                           Min: 0, Avg:  0.2, Max: 1, Diff: 1, Sum: 1, Workers: 4
[1819.563s][debug][gc,phases      ] GC(62)     Total                          Min: 0, Avg: 3451.2, Max: 5039, Diff: 5039, Sum: 13805, Workers: 4
[1819.563s][debug][gc,phases      ] GC(62)   JNI Weak                       Min:  0.0, Avg:  0.0, Max:  0.0, Diff:  0.0, Sum:  0.0, Workers: 4
[1819.563s][debug][gc,phases      ] GC(62)     Dead                           Min: 0, Avg:  0.0, Max: 0, Diff: 0, Sum: 0, Workers: 4
[1819.563s][debug][gc,phases      ] GC(62)     Total                          Min: 0, Avg: 12.0, Max: 48, Diff: 48, Sum: 48, Workers: 4
[1819.563s][debug][gc,phases      ] GC(62)   StringDedup Table Weak         Min:  0.0, Avg:  0.0, Max:  0.0, Diff:  0.0, Sum:  0.0, Workers: 4
[1819.563s][debug][gc,phases      ] GC(62)     Dead                           Min: 0, Avg:  0.0, Max: 0, Diff: 0, Sum: 0, Workers: 4
[1819.563s][debug][gc,phases      ] GC(62)     Total                          Min: 0, Avg:  0.0, Max: 0, Diff: 0, Sum: 0, Workers: 4
[1819.563s][debug][gc,phases      ] GC(62)   StringDedup Requests0 Weak     Min:  0.0, Avg:  0.0, Max:  0.0, Diff:  0.0, Sum:  0.0, Workers: 4
[1819.563s][debug][gc,phases      ] GC(62)     Dead                           Min: 0, Avg:  0.0, Max: 0, Diff: 0, Sum: 0, Workers: 4
[1819.563s][debug][gc,phases      ] GC(62)     Total                          Min: 0, Avg:  0.0, Max: 0, Diff: 0, Sum: 0, Workers: 4
[1819.563s][debug][gc,phases      ] GC(62)   StringDedup Requests1 Weak     Min:  0.0, Avg:  0.0, Max:  0.0, Diff:  0.0, Sum:  0.0, Workers: 4
[1819.565s][debug][gc,phases      ] GC(62)     Dead                           Min: 0, Avg:  0.0, Max: 0, Diff: 0, Sum: 0, Workers: 4
[1819.565s][debug][gc,phases      ] GC(62)     Total                          Min: 0, Avg:  0.0, Max: 0, Diff: 0, Sum: 0, Workers: 4
[1819.565s][debug][gc,phases      ] GC(62)   Weak JFR Old Object Samples    Min:  0.0, Avg:  0.0, Max:  0.0, Diff:  0.0, Sum:  0.0, Workers: 4
[1819.565s][debug][gc,phases      ] GC(62)     Dead                           Min: 0, Avg:  0.0, Max: 0, Diff: 0, Sum: 0, Workers: 4
[1819.565s][debug][gc,phases      ] GC(62)     Total                          Min: 0, Avg:  0.0, Max: 0, Diff: 0, Sum: 0, Workers: 4
[1819.565s][debug][gc,phases      ] GC(62) Weak Processing 2.438ms
[1819.565s][debug][gc,age         ] GC(62) Desired survivor size 304087040 bytes, new threshold 15 (max threshold 15)
[1819.565s][info ][gc,heap        ] GC(62) PSYoungGen: 1710824K(1804800K)->226280K(1734656K) Eden: 1508352K(1508352K)->0K(1508352K) From: 202472K(296448K)->226280K(226304K)
[1819.565s][info ][gc,heap        ] GC(62) ParOldGen: 280921K(362496K)->292665K(362496K)
[1819.565s][info ][gc,metaspace   ] GC(62) Metaspace: 97014K(98304K)->97014K(98304K) NonClass: 82835K(83584K)->82835K(83584K) Class: 14179K(14720K)->14179K(14720K)
[1819.565s][info ][gc             ] GC(62) Pause Young (Allocation Failure) 1945M->506M(2048M) 118.749ms
[1819.565s][info ][gc,cpu         ] GC(62) User=0.24s Sys=0.07s Real=0.12s
[1819.565s][info ][safepoint      ] Safepoint "ParallelGCFailedAllocation", Time since last: 400219895 ns, Reaching safepoint: 224810 ns, Cleanup: 5701 ns, At safepoint: 118861322 ns, Total: 119091833 ns
[1820.565s][info ][safepoint      ] Safepoint "Cleanup", Time since last: 1000103567 ns, Reaching safepoint: 10300 ns, Cleanup: 16501 ns, At safepoint: 3300 ns, Total: 30101 ns
[1822.566s][info ][safepoint      ] Safepoint "Cleanup", Time since last: 2000195133 ns, Reaching safepoint: 8701 ns, Cleanup: 12500 ns, At safepoint: 6800 ns, Total: 28001 ns
[1823.566s][info ][safepoint      ] Safepoint "Cleanup", Time since last: 1000123168 ns, Reaching safepoint: 8100 ns, Cleanup: 10601 ns, At safepoint: 2500 ns, Total: 21201 ns
[1824.566s][info ][safepoint      ] Safepoint "Cleanup", Time since last: 1000095499 ns, Reaching safepoint: 8300 ns, Cleanup: 10201 ns, At safepoint: 2500 ns, Total: 21001 ns
[1831.566s][info ][safepoint      ] Safepoint "Cleanup", Time since last: 7000515323 ns, Reaching safepoint: 10600 ns, Cleanup: 11701 ns, At safepoint: 3600 ns, Total: 25901 ns
[1832.567s][info ][safepoint      ] Safepoint "Cleanup", Time since last: 1000117592 ns, Reaching safepoint: 7901 ns, Cleanup: 11300 ns, At safepoint: 3200 ns, Total: 22401 ns
[1836.567s][info ][safepoint      ] Safepoint "Cleanup", Time since last: 4000314078 ns, Reaching safepoint: 7900 ns, Cleanup: 11201 ns, At safepoint: 2400 ns, Total: 21501 ns
[1837.567s][info ][safepoint      ] Safepoint "Cleanup", Time since last: 1000134706 ns, Reaching safepoint: 8001 ns, Cleanup: 12900 ns, At safepoint: 3301 ns, Total: 24202 ns
[1838.567s][info ][safepoint      ] Safepoint "Cleanup", Time since last: 1000118105 ns, Reaching safepoint: 7701 ns, Cleanup: 12700 ns, At safepoint: 2600 ns, Total: 23001 ns
[1844.568s][info ][safepoint      ] Safepoint "Cleanup", Time since last: 6000463530 ns, Reaching safepoint: 8400 ns, Cleanup: 12201 ns, At safepoint: 3900 ns, Total: 24501 ns
[1846.568s][info ][safepoint      ] Safepoint "Cleanup", Time since last: 2000211326 ns, Reaching safepoint: 8701 ns, Cleanup: 11900 ns, At safepoint: 2200 ns, Total: 22801 ns
[1849.834s][info ][gc,start       ] GC(63) Pause Young (Allocation Failure)
[1849.900s][debug][gc,phases      ] GC(63) Scavenge 66.322ms
[1849.900s][debug][gc,ref         ] GC(63) ReferenceProcessor::execute queues: 1, RefProcThreadModel::Single, marks_oops_alive: false
[1849.900s][debug][gc,ref         ] GC(63) Skipped KeepAliveFinalRefsPhase of Reference Processing: no references
[1849.900s][debug][gc,ref         ] GC(63) ReferenceProcessor::execute queues: 1, RefProcThreadModel::Single, marks_oops_alive: false
[1849.900s][debug][gc,phases      ] GC(63) Reference Processing 0.160ms
[1849.900s][debug][gc,phases      ] GC(63)   VM Weak                        Min:  0.0, Avg:  0.0, Max:  0.0, Diff:  0.0, Sum:  0.0, Workers: 4
[1849.901s][debug][gc,phases      ] GC(63)     Dead                           Min: 0, Avg:  0.0, Max: 0, Diff: 0, Sum: 0, Workers: 4
[1849.901s][debug][gc,phases      ] GC(63)     Total                          Min: 0, Avg: 253.2, Max: 640, Diff: 640, Sum: 1013, Workers: 4
[1849.901s][debug][gc,phases      ] GC(63)   ObjectSynchronizer Weak        Min:  0.0, Avg:  0.0, Max:  0.0, Diff:  0.0, Sum:  0.0, Workers: 4
[1849.901s][debug][gc,phases      ] GC(63)     Dead                           Min: 0, Avg:  0.0, Max: 0, Diff: 0, Sum: 0, Workers: 4
[1849.901s][debug][gc,phases      ] GC(63)     Total                          Min: 0, Avg:  1.2, Max: 5, Diff: 5, Sum: 5, Workers: 4
[1849.901s][debug][gc,phases      ] GC(63)   JVMTI Tag Weak OopStorage      Min:  0.0, Avg:  0.0, Max:  0.0, Diff:  0.0, Sum:  0.0, Workers: 4
[1849.901s][debug][gc,phases      ] GC(63)     Dead                           Min: 0, Avg:  0.0, Max: 0, Diff: 0, Sum: 0, Workers: 4
[1849.901s][debug][gc,phases      ] GC(63)     Total                          Min: 0, Avg:  0.0, Max: 0, Diff: 0, Sum: 0, Workers: 4
[1849.901s][debug][gc,phases      ] GC(63)   StringTable Weak               Min:  0.0, Avg:  0.1, Max:  0.2, Diff:  0.2, Sum:  0.5, Workers: 4
[1849.901s][debug][gc,phases      ] GC(63)     Dead                           Min: 0, Avg:  0.0, Max: 0, Diff: 0, Sum: 0, Workers: 4
[1849.901s][debug][gc,phases      ] GC(63)     Total                          Min: 0, Avg: 12206.0, Max: 16889, Diff: 16889, Sum: 48824, Workers: 4
[1849.901s][debug][gc,phases      ] GC(63)   ResolvedMethodTable Weak       Min:  0.0, Avg:  0.0, Max:  0.0, Diff:  0.0, Sum:  0.1, Workers: 4
[1849.901s][debug][gc,phases      ] GC(63)     Dead                           Min: 0, Avg:  0.0, Max: 0, Diff: 0, Sum: 0, Workers: 4
[1849.901s][debug][gc,phases      ] GC(63)     Total                          Min: 0, Avg: 3453.8, Max: 4928, Diff: 4928, Sum: 13815, Workers: 4
[1849.901s][debug][gc,phases      ] GC(63)   JNI Weak                       Min:  0.0, Avg:  0.0, Max:  0.0, Diff:  0.0, Sum:  0.0, Workers: 4
[1849.901s][debug][gc,phases      ] GC(63)     Dead                           Min: 0, Avg:  0.0, Max: 0, Diff: 0, Sum: 0, Workers: 4
[1849.901s][debug][gc,phases      ] GC(63)     Total                          Min: 0, Avg: 12.0, Max: 48, Diff: 48, Sum: 48, Workers: 4
[1849.901s][debug][gc,phases      ] GC(63)   StringDedup Table Weak         Min:  0.0, Avg:  0.0, Max:  0.0, Diff:  0.0, Sum:  0.0, Workers: 4
[1849.901s][debug][gc,phases      ] GC(63)     Dead                           Min: 0, Avg:  0.0, Max: 0, Diff: 0, Sum: 0, Workers: 4
[1849.901s][debug][gc,phases      ] GC(63)     Total                          Min: 0, Avg:  0.0, Max: 0, Diff: 0, Sum: 0, Workers: 4
[1849.901s][debug][gc,phases      ] GC(63)   StringDedup Requests0 Weak     Min:  0.0, Avg:  0.0, Max:  0.0, Diff:  0.0, Sum:  0.0, Workers: 4
[1849.901s][debug][gc,phases      ] GC(63)     Dead                           Min: 0, Avg:  0.0, Max: 0, Diff: 0, Sum: 0, Workers: 4
[1849.901s][debug][gc,phases      ] GC(63)     Total                          Min: 0, Avg:  0.0, Max: 0, Diff: 0, Sum: 0, Workers: 4
[1849.901s][debug][gc,phases      ] GC(63)   StringDedup Requests1 Weak     Min:  0.0, Avg:  0.0, Max:  0.0, Diff:  0.0, Sum:  0.0, Workers: 4
[1849.901s][debug][gc,phases      ] GC(63)     Dead                           Min: 0, Avg:  0.0, Max: 0, Diff: 0, Sum: 0, Workers: 4
[1849.901s][debug][gc,phases      ] GC(63)     Total                          Min: 0, Avg:  0.0, Max: 0, Diff: 0, Sum: 0, Workers: 4
[1849.901s][debug][gc,phases      ] GC(63)   Weak JFR Old Object Samples    Min:  0.0, Avg:  0.0, Max:  0.0, Diff:  0.0, Sum:  0.0, Workers: 4
[1849.901s][debug][gc,phases      ] GC(63)     Dead                           Min: 0, Avg:  0.0, Max: 0, Diff: 0, Sum: 0, Workers: 4
[1849.901s][debug][gc,phases      ] GC(63)     Total                          Min: 0, Avg:  0.0, Max: 0, Diff: 0, Sum: 0, Workers: 4
[1849.901s][debug][gc,phases      ] GC(63) Weak Processing 0.482ms
[1849.901s][debug][gc,age         ] GC(63) Desired survivor size 305659904 bytes, new threshold 15 (max threshold 15)
[1849.901s][info ][gc,heap        ] GC(63) PSYoungGen: 1734632K(1734656K)->222024K(1797120K) Eden: 1508352K(1508352K)->0K(1500160K) From: 226280K(226304K)->222024K(296960K)
[1849.901s][info ][gc,heap        ] GC(63) ParOldGen: 292665K(362496K)->297989K(362496K)
[1849.901s][info ][gc,metaspace   ] GC(63) Metaspace: 97034K(98368K)->97034K(98368K) NonClass: 82852K(83648K)->82852K(83648K) Class: 14182K(14720K)->14182K(14720K)
[1849.901s][info ][gc             ] GC(63) Pause Young (Allocation Failure) 1979M->507M(2109M) 67.120ms
[1849.901s][info ][gc,cpu         ] GC(63) User=0.24s Sys=0.00s Real=0.07s
[1849.901s][info ][safepoint      ] Safepoint "ParallelGCFailedAllocation", Time since last: 3265525594 ns, Reaching safepoint: 83903 ns, Cleanup: 3800 ns, At safepoint: 67229817 ns, Total: 67317520 ns
[1850.901s][info ][safepoint      ] Safepoint "Cleanup", Time since last: 1000099372 ns, Reaching safepoint: 79803 ns, Cleanup: 25101 ns, At safepoint: 6800 ns, Total: 111704 ns
[1851.901s][info ][safepoint      ] Safepoint "Cleanup", Time since last: 1000116061 ns, Reaching safepoint: 8200 ns, Cleanup: 15801 ns, At safepoint: 2700 ns, Total: 26701 ns
[1853.901s][info ][safepoint      ] Safepoint "Cleanup", Time since last: 2000183839 ns, Reaching safepoint: 10700 ns, Cleanup: 16801 ns, At safepoint: 3100 ns, Total: 30601 ns
[1854.902s][info ][safepoint      ] Safepoint "Cleanup", Time since last: 1000121970 ns, Reaching safepoint: 8501 ns, Cleanup: 10300 ns, At safepoint: 2700 ns, Total: 21501 ns
[1861.567s][info ][safepoint      ] Safepoint "Cleanup", Time since last: 6665020606 ns, Reaching safepoint: 8100 ns, Cleanup: 21801 ns, At safepoint: 2500 ns, Total: 32401 ns
[1862.567s][info ][safepoint      ] Safepoint "Cleanup", Time since last: 1000118008 ns, Reaching safepoint: 9101 ns, Cleanup: 19801 ns, At safepoint: 2800 ns, Total: 31702 ns
[1863.567s][info ][safepoint      ] Safepoint "Cleanup", Time since last: 1000120566 ns, Reaching safepoint: 11300 ns, Cleanup: 14901 ns, At safepoint: 2900 ns, Total: 29101 ns
[1864.567s][info ][safepoint      ] Safepoint "Cleanup", Time since last: 1000117811 ns, Reaching safepoint: 8400 ns, Cleanup: 10801 ns, At safepoint: 2500 ns, Total: 21701 ns
[1865.567s][info ][safepoint      ] Safepoint "Cleanup", Time since last: 1000125559 ns, Reaching safepoint: 7700 ns, Cleanup: 12001 ns, At safepoint: 2700 ns, Total: 22401 ns
[1866.567s][info ][safepoint      ] Safepoint "Cleanup", Time since last: 1000122458 ns, Reaching safepoint: 11401 ns, Cleanup: 33601 ns, At safepoint: 2901 ns, Total: 47903 ns
[1869.568s][info ][safepoint      ] Safepoint "Cleanup", Time since last: 3000252371 ns, Reaching safepoint: 8200 ns, Cleanup: 10701 ns, At safepoint: 2400 ns, Total: 21301 ns
[1871.393s][info ][safepoint      ] Safepoint "Cleanup", Time since last: 1825682337 ns, Reaching safepoint: 9000 ns, Cleanup: 15801 ns, At safepoint: 2900 ns, Total: 27701 ns
[1873.394s][info ][safepoint      ] Safepoint "Cleanup", Time since last: 2000159358 ns, Reaching safepoint: 80503 ns, Cleanup: 13901 ns, At safepoint: 7200 ns, Total: 101604 ns
[1874.394s][info ][safepoint      ] Safepoint "Cleanup", Time since last: 1000147029 ns, Reaching safepoint: 82604 ns, Cleanup: 10300 ns, At safepoint: 6400 ns, Total: 99304 ns
[1876.394s][info ][safepoint      ] Safepoint "Cleanup", Time since last: 2000196255 ns, Reaching safepoint: 7801 ns, Cleanup: 12500 ns, At safepoint: 3000 ns, Total: 23301 ns
[1877.784s][info ][gc,start       ] GC(64) Pause Young (Allocation Failure)
[1877.857s][debug][gc,phases      ] GC(64) Scavenge 73.717ms
[1877.858s][debug][gc,ref         ] GC(64) ReferenceProcessor::execute queues: 1, RefProcThreadModel::Single, marks_oops_alive: false
[1877.858s][debug][gc,ref         ] GC(64) Skipped KeepAliveFinalRefsPhase of Reference Processing: no references
[1877.858s][debug][gc,ref         ] GC(64) ReferenceProcessor::execute queues: 1, RefProcThreadModel::Single, marks_oops_alive: false
[1877.858s][debug][gc,phases      ] GC(64) Reference Processing 0.132ms
[1877.858s][debug][gc,phases      ] GC(64)   VM Weak                        Min:  0.0, Avg:  0.0, Max:  0.0, Diff:  0.0, Sum:  0.0, Workers: 4
[1877.858s][debug][gc,phases      ] GC(64)     Dead                           Min: 0, Avg:  0.0, Max: 0, Diff: 0, Sum: 0, Workers: 4
[1877.858s][debug][gc,phases      ] GC(64)     Total                          Min: 0, Avg: 253.2, Max: 693, Diff: 693, Sum: 1013, Workers: 4
[1877.858s][debug][gc,phases      ] GC(64)   ObjectSynchronizer Weak        Min:  0.0, Avg:  0.0, Max:  0.0, Diff:  0.0, Sum:  0.0, Workers: 4
[1877.858s][debug][gc,phases      ] GC(64)     Dead                           Min: 0, Avg:  0.0, Max: 0, Diff: 0, Sum: 0, Workers: 4
[1877.858s][debug][gc,phases      ] GC(64)     Total                          Min: 0, Avg:  1.0, Max: 4, Diff: 4, Sum: 4, Workers: 4
[1877.858s][debug][gc,phases      ] GC(64)   JVMTI Tag Weak OopStorage      Min:  0.0, Avg:  0.0, Max:  0.0, Diff:  0.0, Sum:  0.0, Workers: 4
[1877.858s][debug][gc,phases      ] GC(64)     Dead                           Min: 0, Avg:  0.0, Max: 0, Diff: 0, Sum: 0, Workers: 4
[1877.858s][debug][gc,phases      ] GC(64)     Total                          Min: 0, Avg:  0.0, Max: 0, Diff: 0, Sum: 0, Workers: 4
[1877.858s][debug][gc,phases      ] GC(64)   StringTable Weak               Min:  0.0, Avg:  0.1, Max:  0.2, Diff:  0.2, Sum:  0.5, Workers: 4
[1877.858s][debug][gc,phases      ] GC(64)     Dead                           Min: 0, Avg:  0.2, Max: 1, Diff: 1, Sum: 1, Workers: 4
[1877.858s][debug][gc,phases      ] GC(64)     Total                          Min: 0, Avg: 12211.5, Max: 16704, Diff: 16704, Sum: 48846, Workers: 4
[1877.858s][debug][gc,phases      ] GC(64)   ResolvedMethodTable Weak       Min:  0.0, Avg:  0.0, Max:  0.0, Diff:  0.0, Sum:  0.1, Workers: 4
[1877.858s][debug][gc,phases      ] GC(64)     Dead                           Min: 0, Avg:  1.0, Max: 3, Diff: 3, Sum: 4, Workers: 4
[1877.858s][debug][gc,phases      ] GC(64)     Total                          Min: 0, Avg: 3456.2, Max: 4865, Diff: 4865, Sum: 13825, Workers: 4
[1877.858s][debug][gc,phases      ] GC(64)   JNI Weak                       Min:  0.0, Avg:  0.0, Max:  0.0, Diff:  0.0, Sum:  0.0, Workers: 4
[1877.858s][debug][gc,phases      ] GC(64)     Dead                           Min: 0, Avg:  0.0, Max: 0, Diff: 0, Sum: 0, Workers: 4
[1877.858s][debug][gc,phases      ] GC(64)     Total                          Min: 0, Avg: 12.0, Max: 48, Diff: 48, Sum: 48, Workers: 4
[1877.858s][debug][gc,phases      ] GC(64)   StringDedup Table Weak         Min:  0.0, Avg:  0.0, Max:  0.0, Diff:  0.0, Sum:  0.0, Workers: 4
[1877.858s][debug][gc,phases      ] GC(64)     Dead                           Min: 0, Avg:  0.0, Max: 0, Diff: 0, Sum: 0, Workers: 4
[1877.858s][debug][gc,phases      ] GC(64)     Total                          Min: 0, Avg:  0.0, Max: 0, Diff: 0, Sum: 0, Workers: 4
[1877.858s][debug][gc,phases      ] GC(64)   StringDedup Requests0 Weak     Min:  0.0, Avg:  0.0, Max:  0.0, Diff:  0.0, Sum:  0.0, Workers: 4
[1877.858s][debug][gc,phases      ] GC(64)     Dead                           Min: 0, Avg:  0.0, Max: 0, Diff: 0, Sum: 0, Workers: 4
[1877.858s][debug][gc,phases      ] GC(64)     Total                          Min: 0, Avg:  0.0, Max: 0, Diff: 0, Sum: 0, Workers: 4
[1877.858s][debug][gc,phases      ] GC(64)   StringDedup Requests1 Weak     Min:  0.0, Avg:  0.0, Max:  0.0, Diff:  0.0, Sum:  0.0, Workers: 4
[1877.858s][debug][gc,phases      ] GC(64)     Dead                           Min: 0, Avg:  0.0, Max: 0, Diff: 0, Sum: 0, Workers: 4
[1877.858s][debug][gc,phases      ] GC(64)     Total                          Min: 0, Avg:  0.0, Max: 0, Diff: 0, Sum: 0, Workers: 4
[1877.858s][debug][gc,phases      ] GC(64)   Weak JFR Old Object Samples    Min:  0.0, Avg:  0.0, Max:  0.0, Diff:  0.0, Sum:  0.0, Workers: 4
[1877.858s][debug][gc,phases      ] GC(64)     Dead                           Min: 0, Avg:  0.0, Max: 0, Diff: 0, Sum: 0, Workers: 4
[1877.858s][debug][gc,phases      ] GC(64)     Total                          Min: 0, Avg:  0.0, Max: 0, Diff: 0, Sum: 0, Workers: 4
[1877.858s][debug][gc,phases      ] GC(64) Weak Processing 0.464ms
[1877.858s][debug][gc,age         ] GC(64) Desired survivor size 298319872 bytes, new threshold 15 (max threshold 15)
[1877.858s][info ][gc,heap        ] GC(64) PSYoungGen: 1722184K(1797120K)->171128K(1798656K) Eden: 1500160K(1500160K)->0K(1500160K) From: 222024K(296960K)->171128K(298496K)
[1877.858s][info ][gc,heap        ] GC(64) ParOldGen: 297989K(362496K)->358678K(362496K)
[1877.858s][info ][gc,metaspace   ] GC(64) Metaspace: 97070K(98368K)->97070K(98368K) NonClass: 82885K(83648K)->82885K(83648K) Class: 14185K(14720K)->14185K(14720K)
[1877.858s][info ][gc             ] GC(64) Pause Young (Allocation Failure) 1972M->517M(2110M) 74.465ms
[1877.858s][info ][gc,cpu         ] GC(64) User=0.25s Sys=0.00s Real=0.07s
[1877.858s][debug][gc,phases      ] GC(65) Pre Compact 0.011ms
[1877.858s][info ][gc,start       ] GC(65) Pause Full (Ergonomics)
[1877.858s][info ][gc,phases,start] GC(65) Marking Phase
[1877.980s][debug][gc,phases      ] GC(65) Par Mark 121.384ms
[1877.980s][debug][gc,ref         ] GC(65) ReferenceProcessor::execute queues: 4, RefProcThreadModel::Multi, marks_oops_alive: false
[1877.980s][debug][gc,ref         ] GC(65) Skipped KeepAliveFinalRefsPhase of Reference Processing: no references
[1877.980s][debug][gc,ref         ] GC(65) ReferenceProcessor::execute queues: 1, RefProcThreadModel::Single, marks_oops_alive: false
[1877.980s][debug][gc,phases      ] GC(65) Reference Processing 0.784ms
[1877.981s][debug][gc,phases      ] GC(65)   VM Weak                        Min:  0.0, Avg:  0.0, Max:  0.0, Diff:  0.0, Sum:  0.0, Workers: 4
[1877.981s][debug][gc,phases      ] GC(65)     Dead                           Min: 0, Avg:  0.0, Max: 0, Diff: 0, Sum: 0, Workers: 4
[1877.981s][debug][gc,phases      ] GC(65)     Total                          Min: 0, Avg: 253.2, Max: 384, Diff: 384, Sum: 1013, Workers: 4
[1877.981s][debug][gc,phases      ] GC(65)   ObjectSynchronizer Weak        Min:  0.0, Avg:  0.0, Max:  0.0, Diff:  0.0, Sum:  0.0, Workers: 4
[1877.981s][debug][gc,phases      ] GC(65)     Dead                           Min: 0, Avg:  0.0, Max: 0, Diff: 0, Sum: 0, Workers: 4
[1877.981s][debug][gc,phases      ] GC(65)     Total                          Min: 0, Avg:  1.0, Max: 4, Diff: 4, Sum: 4, Workers: 4
[1877.981s][debug][gc,phases      ] GC(65)   JVMTI Tag Weak OopStorage      Min:  0.0, Avg:  0.0, Max:  0.0, Diff:  0.0, Sum:  0.0, Workers: 4
[1877.981s][debug][gc,phases      ] GC(65)     Dead                           Min: 0, Avg:  0.0, Max: 0, Diff: 0, Sum: 0, Workers: 4
[1877.981s][debug][gc,phases      ] GC(65)     Total                          Min: 0, Avg:  0.0, Max: 0, Diff: 0, Sum: 0, Workers: 4
[1877.981s][debug][gc,phases      ] GC(65)   StringTable Weak               Min:  0.2, Avg:  0.2, Max:  0.2, Diff:  0.0, Sum:  0.9, Workers: 4
[1877.981s][debug][gc,phases      ] GC(65)     Dead                           Min: 0, Avg:  0.0, Max: 0, Diff: 0, Sum: 0, Workers: 4
[1877.981s][debug][gc,phases      ] GC(65)     Total                          Min: 10688, Avg: 12211.5, Max: 12928, Diff: 2240, Sum: 48846, Workers: 4
[1877.981s][debug][gc,phases      ] GC(65)   ResolvedMethodTable Weak       Min:  0.1, Avg:  0.1, Max:  0.1, Diff:  0.0, Sum:  0.2, Workers: 4
[1877.981s][debug][gc,phases      ] GC(65)     Dead                           Min: 0, Avg:  0.0, Max: 0, Diff: 0, Sum: 0, Workers: 4
[1877.981s][debug][gc,phases      ] GC(65)     Total                          Min: 3392, Avg: 3456.2, Max: 3521, Diff: 129, Sum: 13825, Workers: 4
[1877.981s][debug][gc,phases      ] GC(65)   JNI Weak                       Min:  0.0, Avg:  0.0, Max:  0.0, Diff:  0.0, Sum:  0.0, Workers: 4
[1877.981s][debug][gc,phases      ] GC(65)     Dead                           Min: 0, Avg:  0.0, Max: 0, Diff: 0, Sum: 0, Workers: 4
[1877.981s][debug][gc,phases      ] GC(65)     Total                          Min: 0, Avg: 12.0, Max: 48, Diff: 48, Sum: 48, Workers: 4
[1877.981s][debug][gc,phases      ] GC(65)   StringDedup Table Weak         Min:  0.0, Avg:  0.0, Max:  0.0, Diff:  0.0, Sum:  0.0, Workers: 4
[1877.981s][debug][gc,phases      ] GC(65)     Dead                           Min: 0, Avg:  0.0, Max: 0, Diff: 0, Sum: 0, Workers: 4
[1877.981s][debug][gc,phases      ] GC(65)     Total                          Min: 0, Avg:  0.0, Max: 0, Diff: 0, Sum: 0, Workers: 4
[1877.981s][debug][gc,phases      ] GC(65)   StringDedup Requests0 Weak     Min:  0.0, Avg:  0.0, Max:  0.0, Diff:  0.0, Sum:  0.0, Workers: 4
[1877.981s][debug][gc,phases      ] GC(65)     Dead                           Min: 0, Avg:  0.0, Max: 0, Diff: 0, Sum: 0, Workers: 4
[1877.981s][debug][gc,phases      ] GC(65)     Total                          Min: 0, Avg:  0.0, Max: 0, Diff: 0, Sum: 0, Workers: 4
[1877.981s][debug][gc,phases      ] GC(65)   StringDedup Requests1 Weak     Min:  0.0, Avg:  0.0, Max:  0.0, Diff:  0.0, Sum:  0.0, Workers: 4
[1877.981s][debug][gc,phases      ] GC(65)     Dead                           Min: 0, Avg:  0.0, Max: 0, Diff: 0, Sum: 0, Workers: 4
[1877.981s][debug][gc,phases      ] GC(65)     Total                          Min: 0, Avg:  0.0, Max: 0, Diff: 0, Sum: 0, Workers: 4
[1877.981s][debug][gc,phases      ] GC(65)   Weak JFR Old Object Samples    Min:  0.0, Avg:  0.0, Max:  0.0, Diff:  0.0, Sum:  0.0, Workers: 4
[1877.981s][debug][gc,phases      ] GC(65)     Dead                           Min: 0, Avg:  0.0, Max: 0, Diff: 0, Sum: 0, Workers: 4
[1877.981s][debug][gc,phases      ] GC(65)     Total                          Min: 0, Avg:  0.0, Max: 0, Diff: 0, Sum: 0, Workers: 4
[1877.981s][debug][gc,phases      ] GC(65) Weak Processing 0.528ms
[1877.981s][debug][gc,phases      ] GC(65) ClassLoaderData 0.140ms
[1877.981s][debug][gc,phases      ] GC(65) Trigger cleanups 0.000ms
[1878.023s][debug][gc,phases      ] GC(65) Class Unloading 42.393ms
[1878.023s][debug][gc,phases      ] GC(65) Report Object Count 0.002ms
[1878.023s][info ][gc,phases      ] GC(65) Marking Phase 165.213ms
[1878.023s][info ][gc,phases,start] GC(65) Summary Phase
[1878.023s][info ][gc,phases      ] GC(65) Summary Phase 0.024ms
[1878.023s][info ][gc,phases,start] GC(65) Adjust Roots
[1878.037s][info ][gc,phases      ] GC(65) Adjust Roots 13.924ms
[1878.037s][info ][gc,phases,start] GC(65) Compaction Phase
[1878.177s][info ][gc,phases      ] GC(65) Compaction Phase 139.148ms
[1878.177s][info ][gc,phases,start] GC(65) Post Compact
[1878.181s][info ][gc,phases      ] GC(65) Post Compact 4.768ms
[1878.182s][info ][gc,heap        ] GC(65) PSYoungGen: 171128K(1798656K)->0K(1805824K) Eden: 0K(1500160K)->0K(1514496K) From: 171128K(298496K)->0K(291328K)
[1878.182s][info ][gc,heap        ] GC(65) ParOldGen: 358678K(362496K)->357755K(482304K)
[1878.182s][info ][gc,metaspace   ] GC(65) Metaspace: 97070K(98368K)->97070K(98368K) NonClass: 82885K(83648K)->82885K(83648K) Class: 14185K(14720K)->14185K(14720K)
[1878.182s][info ][gc             ] GC(65) Pause Full (Ergonomics) 517M->349M(2234M) 323.498ms
[1878.182s][info ][gc,cpu         ] GC(65) User=0.96s Sys=0.01s Real=0.33s
[1878.182s][info ][safepoint      ] Safepoint "ParallelGCFailedAllocation", Time since last: 1389477002 ns, Reaching safepoint: 89803 ns, Cleanup: 4001 ns, At safepoint: 398677359 ns, Total: 398771163 ns
[1885.183s][info ][safepoint      ] Safepoint "Cleanup", Time since last: 7000592430 ns, Reaching safepoint: 84804 ns, Cleanup: 59903 ns, At safepoint: 6400 ns, Total: 151107 ns
[1889.183s][info ][safepoint      ] Safepoint "Cleanup", Time since last: 4000335606 ns, Reaching safepoint: 80103 ns, Cleanup: 10201 ns, At safepoint: 8300 ns, Total: 98604 ns
[1893.184s][info ][safepoint      ] Safepoint "Cleanup", Time since last: 4000329314 ns, Reaching safepoint: 80803 ns, Cleanup: 12001 ns, At safepoint: 6300 ns, Total: 99104 ns
[1894.184s][info ][safepoint      ] Safepoint "Cleanup", Time since last: 1000118280 ns, Reaching safepoint: 83203 ns, Cleanup: 27102 ns, At safepoint: 8800 ns, Total: 119105 ns
[1896.184s][info ][safepoint      ] Safepoint "Cleanup", Time since last: 2000203400 ns, Reaching safepoint: 87704 ns, Cleanup: 12100 ns, At safepoint: 6900 ns, Total: 106704 ns
[1900.185s][info ][safepoint      ] Safepoint "Cleanup", Time since last: 4000306996 ns, Reaching safepoint: 44402 ns, Cleanup: 12100 ns, At safepoint: 8101 ns, Total: 64603 ns
[1901.185s][info ][safepoint      ] Safepoint "Cleanup", Time since last: 1000116001 ns, Reaching safepoint: 81204 ns, Cleanup: 11400 ns, At safepoint: 7201 ns, Total: 99805 ns
[1907.186s][info ][safepoint      ] Safepoint "Cleanup", Time since last: 6000463679 ns, Reaching safepoint: 80204 ns, Cleanup: 17200 ns, At safepoint: 34502 ns, Total: 131906 ns
[1910.186s][info ][safepoint      ] Safepoint "Cleanup", Time since last: 3000260519 ns, Reaching safepoint: 85803 ns, Cleanup: 32902 ns, At safepoint: 7400 ns, Total: 126105 ns
[1911.089s][info ][gc,start       ] GC(66) Pause Young (Allocation Failure)
[1911.093s][debug][gc,phases      ] GC(66) Scavenge 4.105ms
[1911.093s][debug][gc,ref         ] GC(66) ReferenceProcessor::execute queues: 1, RefProcThreadModel::Single, marks_oops_alive: false
[1911.093s][debug][gc,ref         ] GC(66) Skipped KeepAliveFinalRefsPhase of Reference Processing: no references
[1911.093s][debug][gc,ref         ] GC(66) ReferenceProcessor::execute queues: 1, RefProcThreadModel::Single, marks_oops_alive: false
[1911.093s][debug][gc,phases      ] GC(66) Reference Processing 0.120ms
[1911.094s][debug][gc,phases      ] GC(66)   VM Weak                        Min:  0.0, Avg:  0.0, Max:  0.0, Diff:  0.0, Sum:  0.0, Workers: 4
[1911.094s][debug][gc,phases      ] GC(66)     Dead                           Min: 0, Avg:  0.0, Max: 0, Diff: 0, Sum: 0, Workers: 4
[1911.094s][debug][gc,phases      ] GC(66)     Total                          Min: 0, Avg: 253.2, Max: 1013, Diff: 1013, Sum: 1013, Workers: 4
[1911.094s][debug][gc,phases      ] GC(66)   ObjectSynchronizer Weak        Min:  0.0, Avg:  0.0, Max:  0.0, Diff:  0.0, Sum:  0.0, Workers: 4
[1911.094s][debug][gc,phases      ] GC(66)     Dead                           Min: 0, Avg:  0.0, Max: 0, Diff: 0, Sum: 0, Workers: 4
[1911.094s][debug][gc,phases      ] GC(66)     Total                          Min: 0, Avg:  1.0, Max: 4, Diff: 4, Sum: 4, Workers: 4
[1911.094s][debug][gc,phases      ] GC(66)   JVMTI Tag Weak OopStorage      Min:  0.0, Avg:  0.0, Max:  0.0, Diff:  0.0, Sum:  0.0, Workers: 4
[1911.094s][debug][gc,phases      ] GC(66)     Dead                           Min: 0, Avg:  0.0, Max: 0, Diff: 0, Sum: 0, Workers: 4
[1911.094s][debug][gc,phases      ] GC(66)     Total                          Min: 0, Avg:  0.0, Max: 0, Diff: 0, Sum: 0, Workers: 4
[1911.094s][debug][gc,phases      ] GC(66)   StringTable Weak               Min:  0.0, Avg:  0.1, Max:  0.1, Diff:  0.1, Sum:  0.4, Workers: 4
[1911.094s][debug][gc,phases      ] GC(66)     Dead                           Min: 0, Avg:  0.0, Max: 0, Diff: 0, Sum: 0, Workers: 4
[1911.094s][debug][gc,phases      ] GC(66)     Total                          Min: 0, Avg: 12212.2, Max: 18496, Diff: 18496, Sum: 48849, Workers: 4
[1911.094s][debug][gc,phases      ] GC(66)   ResolvedMethodTable Weak       Min:  0.0, Avg:  0.0, Max:  0.0, Diff:  0.0, Sum:  0.1, Workers: 4
[1911.094s][debug][gc,phases      ] GC(66)     Dead                           Min: 0, Avg:  0.0, Max: 0, Diff: 0, Sum: 0, Workers: 4
[1911.094s][debug][gc,phases      ] GC(66)     Total                          Min: 0, Avg: 3456.2, Max: 4673, Diff: 4673, Sum: 13825, Workers: 4
[1911.094s][debug][gc,phases      ] GC(66)   JNI Weak                       Min:  0.0, Avg:  0.0, Max:  0.0, Diff:  0.0, Sum:  0.0, Workers: 4
[1911.094s][debug][gc,phases      ] GC(66)     Dead                           Min: 0, Avg:  0.0, Max: 0, Diff: 0, Sum: 0, Workers: 4
[1911.094s][debug][gc,phases      ] GC(66)     Total                          Min: 0, Avg: 12.0, Max: 48, Diff: 48, Sum: 48, Workers: 4
[1911.094s][debug][gc,phases      ] GC(66)   StringDedup Table Weak         Min:  0.0, Avg:  0.0, Max:  0.0, Diff:  0.0, Sum:  0.0, Workers: 4
[1911.094s][debug][gc,phases      ] GC(66)     Dead                           Min: 0, Avg:  0.0, Max: 0, Diff: 0, Sum: 0, Workers: 4
[1911.094s][debug][gc,phases      ] GC(66)     Total                          Min: 0, Avg:  0.0, Max: 0, Diff: 0, Sum: 0, Workers: 4
[1911.094s][debug][gc,phases      ] GC(66)   StringDedup Requests0 Weak     Min:  0.0, Avg:  0.0, Max:  0.0, Diff:  0.0, Sum:  0.0, Workers: 4
[1911.094s][debug][gc,phases      ] GC(66)     Dead                           Min: 0, Avg:  0.0, Max: 0, Diff: 0, Sum: 0, Workers: 4
[1911.094s][debug][gc,phases      ] GC(66)     Total                          Min: 0, Avg:  0.0, Max: 0, Diff: 0, Sum: 0, Workers: 4
[1911.094s][debug][gc,phases      ] GC(66)   StringDedup Requests1 Weak     Min:  0.0, Avg:  0.0, Max:  0.0, Diff:  0.0, Sum:  0.0, Workers: 4
[1911.094s][debug][gc,phases      ] GC(66)     Dead                           Min: 0, Avg:  0.0, Max: 0, Diff: 0, Sum: 0, Workers: 4
[1911.094s][debug][gc,phases      ] GC(66)     Total                          Min: 0, Avg:  0.0, Max: 0, Diff: 0, Sum: 0, Workers: 4
[1911.094s][debug][gc,phases      ] GC(66)   Weak JFR Old Object Samples    Min:  0.0, Avg:  0.0, Max:  0.0, Diff:  0.0, Sum:  0.0, Workers: 4
[1911.094s][debug][gc,phases      ] GC(66)     Dead                           Min: 0, Avg:  0.0, Max: 0, Diff: 0, Sum: 0, Workers: 4
[1911.094s][debug][gc,phases      ] GC(66)     Total                          Min: 0, Avg:  0.0, Max: 0, Diff: 0, Sum: 0, Workers: 4
[1911.094s][debug][gc,phases      ] GC(66) Weak Processing 0.470ms
[1911.094s][debug][gc,age         ] GC(66) Desired survivor size 320339968 bytes, new threshold 15 (max threshold 15)
[1911.094s][info ][gc,heap        ] GC(66) PSYoungGen: 1514496K(1805824K)->4512K(1519104K) Eden: 1514496K(1514496K)->0K(1514496K) From: 0K(291328K)->4512K(4608K)
[1911.094s][info ][gc,heap        ] GC(66) ParOldGen: 357755K(482304K)->357763K(482304K)
[1911.094s][info ][gc,metaspace   ] GC(66) Metaspace: 97085K(98368K)->97085K(98368K) NonClass: 82899K(83648K)->82899K(83648K) Class: 14185K(14720K)->14185K(14720K)
[1911.094s][info ][gc             ] GC(66) Pause Young (Allocation Failure) 1828M->353M(1954M) 4.851ms
[1911.094s][info ][gc,cpu         ] GC(66) User=0.01s Sys=0.00s Real=0.00s
[1911.094s][info ][safepoint      ] Safepoint "ParallelGCFailedAllocation", Time since last: 902997586 ns, Reaching safepoint: 83304 ns, Cleanup: 3600 ns, At safepoint: 4938104 ns, Total: 5025008 ns
[1914.094s][info ][safepoint      ] Safepoint "Cleanup", Time since last: 3000177470 ns, Reaching safepoint: 7400 ns, Cleanup: 18500 ns, At safepoint: 2701 ns, Total: 28601 ns
[1917.095s][info ][safepoint      ] Safepoint "Cleanup", Time since last: 3000248762 ns, Reaching safepoint: 8700 ns, Cleanup: 13501 ns, At safepoint: 3500 ns, Total: 25701 ns
[1918.095s][info ][safepoint      ] Safepoint "Cleanup", Time since last: 1000119565 ns, Reaching safepoint: 8400 ns, Cleanup: 9801 ns, At safepoint: 2800 ns, Total: 21001 ns
[1919.095s][info ][safepoint      ] Safepoint "Cleanup", Time since last: 1000130066 ns, Reaching safepoint: 8600 ns, Cleanup: 11600 ns, At safepoint: 3000 ns, Total: 23200 ns
[1933.584s][info ][safepoint      ] Safepoint "Cleanup", Time since last: 14489295489 ns, Reaching safepoint: 84203 ns, Cleanup: 10301 ns, At safepoint: 32801 ns, Total: 127305 ns
[1939.585s][info ][safepoint      ] Safepoint "Cleanup", Time since last: 6000467671 ns, Reaching safepoint: 80703 ns, Cleanup: 10300 ns, At safepoint: 6301 ns, Total: 97304 ns
[1940.585s][info ][safepoint      ] Safepoint "Cleanup", Time since last: 1000118395 ns, Reaching safepoint: 79203 ns, Cleanup: 8500 ns, At safepoint: 10401 ns, Total: 98104 ns
[1950.586s][info ][safepoint      ] Safepoint "Cleanup", Time since last: 10000807974 ns, Reaching safepoint: 8200 ns, Cleanup: 15200 ns, At safepoint: 5901 ns, Total: 29301 ns
[1957.586s][info ][safepoint      ] Safepoint "Cleanup", Time since last: 7000507584 ns, Reaching safepoint: 8400 ns, Cleanup: 11600 ns, At safepoint: 2901 ns, Total: 22901 ns
[1960.587s][info ][safepoint      ] Safepoint "Cleanup", Time since last: 3000216937 ns, Reaching safepoint: 8500 ns, Cleanup: 29802 ns, At safepoint: 2600 ns, Total: 40902 ns
[1961.587s][info ][safepoint      ] Safepoint "Cleanup", Time since last: 1000079900 ns, Reaching safepoint: 8800 ns, Cleanup: 15801 ns, At safepoint: 2700 ns, Total: 27301 ns
[1962.587s][info ][safepoint      ] Safepoint "Cleanup", Time since last: 1000122002 ns, Reaching safepoint: 11300 ns, Cleanup: 10401 ns, At safepoint: 3000 ns, Total: 24701 ns
[1964.587s][info ][safepoint      ] Safepoint "Cleanup", Time since last: 2000190301 ns, Reaching safepoint: 8501 ns, Cleanup: 26001 ns, At safepoint: 2900 ns, Total: 37402 ns
[1988.589s][info ][safepoint      ] Safepoint "Cleanup", Time since last: 24001599401 ns, Reaching safepoint: 9401 ns, Cleanup: 15400 ns, At safepoint: 2200 ns, Total: 27001 ns
[1990.589s][info ][safepoint      ] Safepoint "Cleanup", Time since last: 2000214028 ns, Reaching safepoint: 7301 ns, Cleanup: 11500 ns, At safepoint: 2700 ns, Total: 21501 ns
[1994.589s][info ][safepoint      ] Safepoint "Cleanup", Time since last: 4000328901 ns, Reaching safepoint: 8900 ns, Cleanup: 13501 ns, At safepoint: 3300 ns, Total: 25701 ns
[2001.134s][info ][gc,start       ] GC(67) Pause Young (Allocation Failure)
[2001.138s][debug][gc,phases      ] GC(67) Scavenge 4.347ms
[2001.138s][debug][gc,ref         ] GC(67) ReferenceProcessor::execute queues: 1, RefProcThreadModel::Single, marks_oops_alive: false
[2001.138s][debug][gc,ref         ] GC(67) Skipped KeepAliveFinalRefsPhase of Reference Processing: no references
[2001.138s][debug][gc,ref         ] GC(67) ReferenceProcessor::execute queues: 1, RefProcThreadModel::Single, marks_oops_alive: false
[2001.138s][debug][gc,phases      ] GC(67) Reference Processing 0.133ms
[2001.138s][debug][gc,phases      ] GC(67)   VM Weak                        Min:  0.0, Avg:  0.0, Max:  0.0, Diff:  0.0, Sum:  0.0, Workers: 4
[2001.138s][debug][gc,phases      ] GC(67)     Dead                           Min: 0, Avg:  0.0, Max: 0, Diff: 0, Sum: 0, Workers: 4
[2001.138s][debug][gc,phases      ] GC(67)     Total                          Min: 0, Avg: 253.2, Max: 693, Diff: 693, Sum: 1013, Workers: 4
[2001.139s][debug][gc,phases      ] GC(67)   ObjectSynchronizer Weak        Min:  0.0, Avg:  0.0, Max:  0.0, Diff:  0.0, Sum:  0.0, Workers: 4
[2001.139s][debug][gc,phases      ] GC(67)     Dead                           Min: 0, Avg:  0.0, Max: 0, Diff: 0, Sum: 0, Workers: 4
[2001.139s][debug][gc,phases      ] GC(67)     Total                          Min: 0, Avg:  0.8, Max: 3, Diff: 3, Sum: 3, Workers: 4
[2001.139s][debug][gc,phases      ] GC(67)   JVMTI Tag Weak OopStorage      Min:  0.0, Avg:  0.0, Max:  0.0, Diff:  0.0, Sum:  0.0, Workers: 4
[2001.139s][debug][gc,phases      ] GC(67)     Dead                           Min: 0, Avg:  0.0, Max: 0, Diff: 0, Sum: 0, Workers: 4
[2001.139s][debug][gc,phases      ] GC(67)     Total                          Min: 0, Avg:  0.0, Max: 0, Diff: 0, Sum: 0, Workers: 4
[2001.139s][debug][gc,phases      ] GC(67)   StringTable Weak               Min:  0.1, Avg:  0.1, Max:  0.1, Diff:  0.0, Sum:  0.5, Workers: 4
[2001.139s][debug][gc,phases      ] GC(67)     Dead                           Min: 0, Avg:  0.0, Max: 0, Diff: 0, Sum: 0, Workers: 4
[2001.139s][debug][gc,phases      ] GC(67)     Total                          Min: 10593, Avg: 12216.2, Max: 14208, Diff: 3615, Sum: 48865, Workers: 4
[2001.139s][debug][gc,phases      ] GC(67)   ResolvedMethodTable Weak       Min:  0.0, Avg:  0.0, Max:  0.0, Diff:  0.0, Sum:  0.1, Workers: 4
[2001.139s][debug][gc,phases      ] GC(67)     Dead                           Min: 0, Avg:  0.0, Max: 0, Diff: 0, Sum: 0, Workers: 4
[2001.139s][debug][gc,phases      ] GC(67)     Total                          Min: 3264, Avg: 3456.2, Max: 3777, Diff: 513, Sum: 13825, Workers: 4
[2001.139s][debug][gc,phases      ] GC(67)   JNI Weak                       Min:  0.0, Avg:  0.0, Max:  0.0, Diff:  0.0, Sum:  0.0, Workers: 4
[2001.139s][debug][gc,phases      ] GC(67)     Dead                           Min: 0, Avg:  0.0, Max: 0, Diff: 0, Sum: 0, Workers: 4
[2001.139s][debug][gc,phases      ] GC(67)     Total                          Min: 0, Avg: 12.0, Max: 48, Diff: 48, Sum: 48, Workers: 4
[2001.139s][debug][gc,phases      ] GC(67)   StringDedup Table Weak         Min:  0.0, Avg:  0.0, Max:  0.0, Diff:  0.0, Sum:  0.0, Workers: 4
[2001.139s][debug][gc,phases      ] GC(67)     Dead                           Min: 0, Avg:  0.0, Max: 0, Diff: 0, Sum: 0, Workers: 4
[2001.139s][debug][gc,phases      ] GC(67)     Total                          Min: 0, Avg:  0.0, Max: 0, Diff: 0, Sum: 0, Workers: 4
[2001.139s][debug][gc,phases      ] GC(67)   StringDedup Requests0 Weak     Min:  0.0, Avg:  0.0, Max:  0.0, Diff:  0.0, Sum:  0.0, Workers: 4
[2001.139s][debug][gc,phases      ] GC(67)     Dead                           Min: 0, Avg:  0.0, Max: 0, Diff: 0, Sum: 0, Workers: 4
[2001.139s][debug][gc,phases      ] GC(67)     Total                          Min: 0, Avg:  0.0, Max: 0, Diff: 0, Sum: 0, Workers: 4
[2001.139s][debug][gc,phases      ] GC(67)   StringDedup Requests1 Weak     Min:  0.0, Avg:  0.0, Max:  0.0, Diff:  0.0, Sum:  0.0, Workers: 4
[2001.139s][debug][gc,phases      ] GC(67)     Dead                           Min: 0, Avg:  0.0, Max: 0, Diff: 0, Sum: 0, Workers: 4
[2001.139s][debug][gc,phases      ] GC(67)     Total                          Min: 0, Avg:  0.0, Max: 0, Diff: 0, Sum: 0, Workers: 4
[2001.139s][debug][gc,phases      ] GC(67)   Weak JFR Old Object Samples    Min:  0.0, Avg:  0.0, Max:  0.0, Diff:  0.0, Sum:  0.0, Workers: 4
[2001.139s][debug][gc,phases      ] GC(67)     Dead                           Min: 0, Avg:  0.0, Max: 0, Diff: 0, Sum: 0, Workers: 4
[2001.139s][debug][gc,phases      ] GC(67)     Total                          Min: 0, Avg:  0.0, Max: 0, Diff: 0, Sum: 0, Workers: 4
[2001.139s][debug][gc,phases      ] GC(67) Weak Processing 0.403ms
[2001.139s][debug][gc,age         ] GC(67) Desired survivor size 335020032 bytes, new threshold 15 (max threshold 15)
[2001.139s][info ][gc,heap        ] GC(67) PSYoungGen: 1519008K(1519104K)->4192K(1755648K) Eden: 1514496K(1514496K)->0K(1442816K) From: 4512K(4608K)->4192K(312832K)
[2001.139s][info ][gc,heap        ] GC(67) ParOldGen: 357763K(482304K)->357771K(482304K)
[2001.139s][info ][gc,metaspace   ] GC(67) Metaspace: 97122K(98368K)->97122K(98368K) NonClass: 82936K(83648K)->82936K(83648K) Class: 14185K(14720K)->14185K(14720K)
[2001.139s][info ][gc             ] GC(67) Pause Young (Allocation Failure) 1832M->353M(2185M) 5.010ms
[2001.139s][info ][gc,cpu         ] GC(67) User=0.01s Sys=0.00s Real=0.00s
[2001.139s][info ][safepoint      ] Safepoint "ParallelGCFailedAllocation", Time since last: 6544213300 ns, Reaching safepoint: 84403 ns, Cleanup: 2901 ns, At safepoint: 5113592 ns, Total: 5200896 ns
[2006.139s][info ][safepoint      ] Safepoint "Cleanup", Time since last: 5000330061 ns, Reaching safepoint: 11601 ns, Cleanup: 13800 ns, At safepoint: 2600 ns, Total: 28001 ns
[2011.140s][info ][safepoint      ] Safepoint "Cleanup", Time since last: 5000386758 ns, Reaching safepoint: 8500 ns, Cleanup: 10601 ns, At safepoint: 25301 ns, Total: 44402 ns
[2012.140s][info ][safepoint      ] Safepoint "Cleanup", Time since last: 1000112932 ns, Reaching safepoint: 8601 ns, Cleanup: 11100 ns, At safepoint: 2600 ns, Total: 22301 ns
[2013.140s][info ][safepoint      ] Safepoint "Cleanup", Time since last: 1000134659 ns, Reaching safepoint: 9200 ns, Cleanup: 11101 ns, At safepoint: 3000 ns, Total: 23301 ns
[2015.140s][info ][safepoint      ] Safepoint "Cleanup", Time since last: 2000186815 ns, Reaching safepoint: 7900 ns, Cleanup: 10800 ns, At safepoint: 2900 ns, Total: 21600 ns
[2016.140s][info ][safepoint      ] Safepoint "Cleanup", Time since last: 1000111955 ns, Reaching safepoint: 8301 ns, Cleanup: 10700 ns, At safepoint: 2800 ns, Total: 21801 ns
[2026.141s][info ][safepoint      ] Safepoint "Cleanup", Time since last: 10000621552 ns, Reaching safepoint: 8200 ns, Cleanup: 10400 ns, At safepoint: 2500 ns, Total: 21100 ns
[2039.142s][info ][safepoint      ] Safepoint "Cleanup", Time since last: 13000866485 ns, Reaching safepoint: 8101 ns, Cleanup: 11500 ns, At safepoint: 2400 ns, Total: 22001 ns
[2040.142s][info ][safepoint      ] Safepoint "Cleanup", Time since last: 1000117795 ns, Reaching safepoint: 8001 ns, Cleanup: 14300 ns, At safepoint: 28401 ns, Total: 50702 ns
[2047.615s][info ][safepoint      ] Safepoint "Cleanup", Time since last: 7473105319 ns, Reaching safepoint: 11001 ns, Cleanup: 17200 ns, At safepoint: 3400 ns, Total: 31601 ns
[2048.615s][info ][safepoint      ] Safepoint "Cleanup", Time since last: 1000126666 ns, Reaching safepoint: 8200 ns, Cleanup: 11200 ns, At safepoint: 5800 ns, Total: 25200 ns
[2049.615s][info ][safepoint      ] Safepoint "Cleanup", Time since last: 1000133551 ns, Reaching safepoint: 11700 ns, Cleanup: 31801 ns, At safepoint: 3300 ns, Total: 46801 ns
[2054.616s][info ][safepoint      ] Safepoint "Cleanup", Time since last: 5000417238 ns, Reaching safepoint: 10400 ns, Cleanup: 13001 ns, At safepoint: 2900 ns, Total: 26301 ns
[2057.616s][info ][safepoint      ] Safepoint "Cleanup", Time since last: 3000264804 ns, Reaching safepoint: 9300 ns, Cleanup: 12200 ns, At safepoint: 2800 ns, Total: 24300 ns
[2062.617s][info ][safepoint      ] Safepoint "Cleanup", Time since last: 5000411912 ns, Reaching safepoint: 7401 ns, Cleanup: 14300 ns, At safepoint: 2800 ns, Total: 24501 ns
[2063.617s][info ][safepoint      ] Safepoint "Cleanup", Time since last: 1000131384 ns, Reaching safepoint: 9001 ns, Cleanup: 12400 ns, At safepoint: 3000 ns, Total: 24401 ns
[2076.618s][info ][safepoint      ] Safepoint "Cleanup", Time since last: 13001026293 ns, Reaching safepoint: 10000 ns, Cleanup: 14301 ns, At safepoint: 2600 ns, Total: 26901 ns
[2080.989s][info ][gc,start       ] GC(68) Pause Young (Allocation Failure)
[2080.996s][debug][gc,phases      ] GC(68) Scavenge 7.121ms
[2080.996s][debug][gc,ref         ] GC(68) ReferenceProcessor::execute queues: 1, RefProcThreadModel::Single, marks_oops_alive: false
[2080.996s][debug][gc,ref         ] GC(68) Skipped KeepAliveFinalRefsPhase of Reference Processing: no references
[2080.996s][debug][gc,ref         ] GC(68) ReferenceProcessor::execute queues: 1, RefProcThreadModel::Single, marks_oops_alive: false
[2080.996s][debug][gc,phases      ] GC(68) Reference Processing 0.121ms
[2080.996s][debug][gc,phases      ] GC(68)   VM Weak                        Min:  0.0, Avg:  0.0, Max:  0.0, Diff:  0.0, Sum:  0.0, Workers: 4
[2080.996s][debug][gc,phases      ] GC(68)     Dead                           Min: 0, Avg:  0.0, Max: 0, Diff: 0, Sum: 0, Workers: 4
[2080.996s][debug][gc,phases      ] GC(68)     Total                          Min: 0, Avg: 253.2, Max: 512, Diff: 512, Sum: 1013, Workers: 4
[2080.996s][debug][gc,phases      ] GC(68)   ObjectSynchronizer Weak        Min:  0.0, Avg:  0.0, Max:  0.0, Diff:  0.0, Sum:  0.0, Workers: 4
[2080.996s][debug][gc,phases      ] GC(68)     Dead                           Min: 0, Avg:  0.0, Max: 0, Diff: 0, Sum: 0, Workers: 4
[2080.996s][debug][gc,phases      ] GC(68)     Total                          Min: 0, Avg:  1.0, Max: 4, Diff: 4, Sum: 4, Workers: 4
[2080.996s][debug][gc,phases      ] GC(68)   JVMTI Tag Weak OopStorage      Min:  0.0, Avg:  0.0, Max:  0.0, Diff:  0.0, Sum:  0.0, Workers: 4
[2080.996s][debug][gc,phases      ] GC(68)     Dead                           Min: 0, Avg:  0.0, Max: 0, Diff: 0, Sum: 0, Workers: 4
[2080.996s][debug][gc,phases      ] GC(68)     Total                          Min: 0, Avg:  0.0, Max: 0, Diff: 0, Sum: 0, Workers: 4
[2080.996s][debug][gc,phases      ] GC(68)   StringTable Weak               Min:  0.0, Avg:  0.1, Max:  0.2, Diff:  0.2, Sum:  0.5, Workers: 4
[2080.996s][debug][gc,phases      ] GC(68)     Dead                           Min: 0, Avg:  0.0, Max: 0, Diff: 0, Sum: 0, Workers: 4
[2080.996s][debug][gc,phases      ] GC(68)     Total                          Min: 0, Avg: 12217.2, Max: 18368, Diff: 18368, Sum: 48869, Workers: 4
[2080.996s][debug][gc,phases      ] GC(68)   ResolvedMethodTable Weak       Min:  0.0, Avg:  0.0, Max:  0.0, Diff:  0.0, Sum:  0.1, Workers: 4
[2080.996s][debug][gc,phases      ] GC(68)     Dead                           Min: 0, Avg:  0.2, Max: 1, Diff: 1, Sum: 1, Workers: 4
[2080.996s][debug][gc,phases      ] GC(68)     Total                          Min: 0, Avg: 3457.5, Max: 4864, Diff: 4864, Sum: 13830, Workers: 4
[2080.996s][debug][gc,phases      ] GC(68)   JNI Weak                       Min:  0.0, Avg:  0.0, Max:  0.0, Diff:  0.0, Sum:  0.0, Workers: 4
[2080.996s][debug][gc,phases      ] GC(68)     Dead                           Min: 0, Avg:  0.0, Max: 0, Diff: 0, Sum: 0, Workers: 4
[2080.996s][debug][gc,phases      ] GC(68)     Total                          Min: 0, Avg: 12.0, Max: 48, Diff: 48, Sum: 48, Workers: 4
[2080.996s][debug][gc,phases      ] GC(68)   StringDedup Table Weak         Min:  0.0, Avg:  0.0, Max:  0.0, Diff:  0.0, Sum:  0.0, Workers: 4
[2080.996s][debug][gc,phases      ] GC(68)     Dead                           Min: 0, Avg:  0.0, Max: 0, Diff: 0, Sum: 0, Workers: 4
[2080.996s][debug][gc,phases      ] GC(68)     Total                          Min: 0, Avg:  0.0, Max: 0, Diff: 0, Sum: 0, Workers: 4
[2080.996s][debug][gc,phases      ] GC(68)   StringDedup Requests0 Weak     Min:  0.0, Avg:  0.0, Max:  0.0, Diff:  0.0, Sum:  0.0, Workers: 4
[2080.996s][debug][gc,phases      ] GC(68)     Dead                           Min: 0, Avg:  0.0, Max: 0, Diff: 0, Sum: 0, Workers: 4
[2080.996s][debug][gc,phases      ] GC(68)     Total                          Min: 0, Avg:  0.0, Max: 0, Diff: 0, Sum: 0, Workers: 4
[2080.996s][debug][gc,phases      ] GC(68)   StringDedup Requests1 Weak     Min:  0.0, Avg:  0.0, Max:  0.0, Diff:  0.0, Sum:  0.0, Workers: 4
[2080.996s][debug][gc,phases      ] GC(68)     Dead                           Min: 0, Avg:  0.0, Max: 0, Diff: 0, Sum: 0, Workers: 4
[2080.996s][debug][gc,phases      ] GC(68)     Total                          Min: 0, Avg:  0.0, Max: 0, Diff: 0, Sum: 0, Workers: 4
[2080.997s][debug][gc,phases      ] GC(68)   Weak JFR Old Object Samples    Min:  0.0, Avg:  0.0, Max:  0.0, Diff:  0.0, Sum:  0.0, Workers: 4
[2080.997s][debug][gc,phases      ] GC(68)     Dead                           Min: 0, Avg:  0.0, Max: 0, Diff: 0, Sum: 0, Workers: 4
[2080.997s][debug][gc,phases      ] GC(68)     Total                          Min: 0, Avg:  0.0, Max: 0, Diff: 0, Sum: 0, Workers: 4
[2080.997s][debug][gc,phases      ] GC(68) Weak Processing 0.477ms
[2080.997s][debug][gc,age         ] GC(68) Desired survivor size 342884352 bytes, new threshold 15 (max threshold 15)
[2080.997s][info ][gc,heap        ] GC(68) PSYoungGen: 1447008K(1755648K)->9313K(1452544K) Eden: 1442816K(1442816K)->0K(1442816K) From: 4192K(312832K)->9313K(9728K)
[2080.997s][info ][gc,heap        ] GC(68) ParOldGen: 357771K(482304K)->357779K(482304K)
[2080.997s][info ][gc,metaspace   ] GC(68) Metaspace: 97149K(98368K)->97149K(98368K) NonClass: 82962K(83648K)->82962K(83648K) Class: 14187K(14720K)->14187K(14720K)
[2080.997s][info ][gc             ] GC(68) Pause Young (Allocation Failure) 1762M->358M(1889M) 7.861ms
[2080.997s][info ][gc,cpu         ] GC(68) User=0.02s Sys=0.00s Real=0.00s
[2080.997s][info ][safepoint      ] Safepoint "ParallelGCFailedAllocation", Time since last: 4370815277 ns, Reaching safepoint: 90403 ns, Cleanup: 4600 ns, At safepoint: 7963480 ns, Total: 8058483 ns
[2086.997s][info ][safepoint      ] Safepoint "Cleanup", Time since last: 6000459980 ns, Reaching safepoint: 9800 ns, Cleanup: 12001 ns, At safepoint: 2600 ns, Total: 24401 ns
[2087.997s][info ][safepoint      ] Safepoint "Cleanup", Time since last: 1000117963 ns, Reaching safepoint: 7600 ns, Cleanup: 22301 ns, At safepoint: 12700 ns, Total: 42601 ns
[2088.997s][info ][safepoint      ] Safepoint "Cleanup", Time since last: 1000131257 ns, Reaching safepoint: 10101 ns, Cleanup: 15300 ns, At safepoint: 2800 ns, Total: 28201 ns
[2090.998s][info ][safepoint      ] Safepoint "Cleanup", Time since last: 2000142711 ns, Reaching safepoint: 7600 ns, Cleanup: 8701 ns, At safepoint: 2400 ns, Total: 18701 ns
[2112.633s][info ][safepoint      ] Safepoint "Cleanup", Time since last: 21635113085 ns, Reaching safepoint: 82703 ns, Cleanup: 19600 ns, At safepoint: 5700 ns, Total: 108003 ns
[2126.634s][info ][safepoint      ] Safepoint "Cleanup", Time since last: 14001048501 ns, Reaching safepoint: 70403 ns, Cleanup: 11100 ns, At safepoint: 35101 ns, Total: 116604 ns
[2145.791s][info ][gc,start       ] GC(69) Pause Young (Allocation Failure)
[2145.796s][debug][gc,phases      ] GC(69) Scavenge 4.464ms
[2145.796s][debug][gc,ref         ] GC(69) ReferenceProcessor::execute queues: 1, RefProcThreadModel::Single, marks_oops_alive: false
[2145.796s][debug][gc,ref         ] GC(69) Skipped KeepAliveFinalRefsPhase of Reference Processing: no references
[2145.796s][debug][gc,ref         ] GC(69) ReferenceProcessor::execute queues: 1, RefProcThreadModel::Single, marks_oops_alive: false
[2145.796s][debug][gc,phases      ] GC(69) Reference Processing 0.136ms
[2145.796s][debug][gc,phases      ] GC(69)   VM Weak                        Min:  0.0, Avg:  0.0, Max:  0.0, Diff:  0.0, Sum:  0.0, Workers: 4
[2145.796s][debug][gc,phases      ] GC(69)     Dead                           Min: 0, Avg:  0.0, Max: 0, Diff: 0, Sum: 0, Workers: 4
[2145.796s][debug][gc,phases      ] GC(69)     Total                          Min: 0, Avg: 253.2, Max: 565, Diff: 565, Sum: 1013, Workers: 4
[2145.796s][debug][gc,phases      ] GC(69)   ObjectSynchronizer Weak        Min:  0.0, Avg:  0.0, Max:  0.0, Diff:  0.0, Sum:  0.0, Workers: 4
[2145.796s][debug][gc,phases      ] GC(69)     Dead                           Min: 0, Avg:  0.0, Max: 0, Diff: 0, Sum: 0, Workers: 4
[2145.796s][debug][gc,phases      ] GC(69)     Total                          Min: 0, Avg:  1.0, Max: 4, Diff: 4, Sum: 4, Workers: 4
[2145.796s][debug][gc,phases      ] GC(69)   JVMTI Tag Weak OopStorage      Min:  0.0, Avg:  0.0, Max:  0.0, Diff:  0.0, Sum:  0.0, Workers: 4
[2145.796s][debug][gc,phases      ] GC(69)     Dead                           Min: 0, Avg:  0.0, Max: 0, Diff: 0, Sum: 0, Workers: 4
[2145.796s][debug][gc,phases      ] GC(69)     Total                          Min: 0, Avg:  0.0, Max: 0, Diff: 0, Sum: 0, Workers: 4
[2145.796s][debug][gc,phases      ] GC(69)   StringTable Weak               Min:  0.0, Avg:  0.1, Max:  0.2, Diff:  0.2, Sum:  0.5, Workers: 4
[2145.796s][debug][gc,phases      ] GC(69)     Dead                           Min: 0, Avg:  0.2, Max: 1, Diff: 1, Sum: 1, Workers: 4
[2145.796s][debug][gc,phases      ] GC(69)     Total                          Min: 0, Avg: 12218.8, Max: 17472, Diff: 17472, Sum: 48875, Workers: 4
[2145.796s][debug][gc,phases      ] GC(69)   ResolvedMethodTable Weak       Min:  0.0, Avg:  0.0, Max:  0.1, Diff:  0.1, Sum:  0.2, Workers: 4
[2145.796s][debug][gc,phases      ] GC(69)     Dead                           Min: 0, Avg:  0.2, Max: 1, Diff: 1, Sum: 1, Workers: 4
[2145.796s][debug][gc,phases      ] GC(69)     Total                          Min: 0, Avg: 3458.8, Max: 5324, Diff: 5324, Sum: 13835, Workers: 4
[2145.796s][debug][gc,phases      ] GC(69)   JNI Weak                       Min:  0.0, Avg:  0.0, Max:  0.0, Diff:  0.0, Sum:  0.0, Workers: 4
[2145.796s][debug][gc,phases      ] GC(69)     Dead                           Min: 0, Avg:  0.0, Max: 0, Diff: 0, Sum: 0, Workers: 4
[2145.796s][debug][gc,phases      ] GC(69)     Total                          Min: 0, Avg: 12.0, Max: 48, Diff: 48, Sum: 48, Workers: 4
[2145.796s][debug][gc,phases      ] GC(69)   StringDedup Table Weak         Min:  0.0, Avg:  0.0, Max:  0.0, Diff:  0.0, Sum:  0.0, Workers: 4
[2145.796s][debug][gc,phases      ] GC(69)     Dead                           Min: 0, Avg:  0.0, Max: 0, Diff: 0, Sum: 0, Workers: 4
[2145.796s][debug][gc,phases      ] GC(69)     Total                          Min: 0, Avg:  0.0, Max: 0, Diff: 0, Sum: 0, Workers: 4
[2145.796s][debug][gc,phases      ] GC(69)   StringDedup Requests0 Weak     Min:  0.0, Avg:  0.0, Max:  0.0, Diff:  0.0, Sum:  0.0, Workers: 4
[2145.796s][debug][gc,phases      ] GC(69)     Dead                           Min: 0, Avg:  0.0, Max: 0, Diff: 0, Sum: 0, Workers: 4
[2145.796s][debug][gc,phases      ] GC(69)     Total                          Min: 0, Avg:  0.0, Max: 0, Diff: 0, Sum: 0, Workers: 4
[2145.796s][debug][gc,phases      ] GC(69)   StringDedup Requests1 Weak     Min:  0.0, Avg:  0.0, Max:  0.0, Diff:  0.0, Sum:  0.0, Workers: 4
[2145.796s][debug][gc,phases      ] GC(69)     Dead                           Min: 0, Avg:  0.0, Max: 0, Diff: 0, Sum: 0, Workers: 4
[2145.796s][debug][gc,phases      ] GC(69)     Total                          Min: 0, Avg:  0.0, Max: 0, Diff: 0, Sum: 0, Workers: 4
[2145.796s][debug][gc,phases      ] GC(69)   Weak JFR Old Object Samples    Min:  0.0, Avg:  0.0, Max:  0.0, Diff:  0.0, Sum:  0.0, Workers: 4
[2145.796s][debug][gc,phases      ] GC(69)     Dead                           Min: 0, Avg:  0.0, Max: 0, Diff: 0, Sum: 0, Workers: 4
[2145.796s][debug][gc,phases      ] GC(69)     Total                          Min: 0, Avg:  0.0, Max: 0, Diff: 0, Sum: 0, Workers: 4
[2145.796s][debug][gc,phases      ] GC(69) Weak Processing 0.489ms
[2145.796s][debug][gc,age         ] GC(69) Desired survivor size 346030080 bytes, new threshold 15 (max threshold 15)
[2145.796s][info ][gc,heap        ] GC(69) PSYoungGen: 1452129K(1452544K)->9489K(1756160K) Eden: 1442816K(1442816K)->0K(1421312K) From: 9313K(9728K)->9489K(334848K)
[2145.796s][info ][gc,heap        ] GC(69) ParOldGen: 357779K(482304K)->357779K(482304K)
[2145.796s][info ][gc,metaspace   ] GC(69) Metaspace: 97166K(98432K)->97166K(98432K) NonClass: 82976K(83712K)->82976K(83712K) Class: 14189K(14720K)->14189K(14720K)
[2145.796s][info ][gc             ] GC(69) Pause Young (Allocation Failure) 1767M->358M(2186M) 5.248ms
[2145.796s][info ][gc,cpu         ] GC(69) User=0.02s Sys=0.00s Real=0.00s
[2145.796s][info ][safepoint      ] Safepoint "ParallelGCFailedAllocation", Time since last: 19157131641 ns, Reaching safepoint: 7301 ns, Cleanup: 4400 ns, At safepoint: 5328877 ns, Total: 5340578 ns
[2163.648s][info ][safepoint      ] Safepoint "Cleanup", Time since last: 17851572497 ns, Reaching safepoint: 8700 ns, Cleanup: 18201 ns, At safepoint: 2900 ns, Total: 29801 ns
[2165.648s][info ][safepoint      ] Safepoint "Cleanup", Time since last: 2000175810 ns, Reaching safepoint: 9100 ns, Cleanup: 12201 ns, At safepoint: 2600 ns, Total: 23901 ns
[2167.648s][info ][safepoint      ] Safepoint "Cleanup", Time since last: 2000158910 ns, Reaching safepoint: 8100 ns, Cleanup: 22201 ns, At safepoint: 3500 ns, Total: 33801 ns
[2182.649s][info ][safepoint      ] Safepoint "Cleanup", Time since last: 15000966906 ns, Reaching safepoint: 8100 ns, Cleanup: 10501 ns, At safepoint: 2300 ns, Total: 20901 ns
[2203.651s][info ][safepoint      ] Safepoint "Cleanup", Time since last: 21001441201 ns, Reaching safepoint: 7601 ns, Cleanup: 9300 ns, At safepoint: 25101 ns, Total: 42002 ns
[2205.651s][info ][safepoint      ] Safepoint "Cleanup", Time since last: 2000180433 ns, Reaching safepoint: 8601 ns, Cleanup: 12300 ns, At safepoint: 2700 ns, Total: 23601 ns
[2213.085s][info ][gc,start       ] GC(70) Pause Young (Allocation Failure)
[2213.091s][debug][gc,phases      ] GC(70) Scavenge 4.998ms
[2213.091s][debug][gc,ref         ] GC(70) ReferenceProcessor::execute queues: 1, RefProcThreadModel::Single, marks_oops_alive: false
[2213.091s][debug][gc,ref         ] GC(70) Skipped KeepAliveFinalRefsPhase of Reference Processing: no references
[2213.091s][debug][gc,ref         ] GC(70) ReferenceProcessor::execute queues: 1, RefProcThreadModel::Single, marks_oops_alive: false
[2213.091s][debug][gc,phases      ] GC(70) Reference Processing 0.154ms
[2213.091s][debug][gc,phases      ] GC(70)   VM Weak                        Min:  0.0, Avg:  0.0, Max:  0.0, Diff:  0.0, Sum:  0.0, Workers: 4
[2213.091s][debug][gc,phases      ] GC(70)     Dead                           Min: 0, Avg:  0.0, Max: 0, Diff: 0, Sum: 0, Workers: 4
[2213.091s][debug][gc,phases      ] GC(70)     Total                          Min: 0, Avg: 253.2, Max: 565, Diff: 565, Sum: 1013, Workers: 4
[2213.091s][debug][gc,phases      ] GC(70)   ObjectSynchronizer Weak        Min:  0.0, Avg:  0.0, Max:  0.0, Diff:  0.0, Sum:  0.0, Workers: 4
[2213.091s][debug][gc,phases      ] GC(70)     Dead                           Min: 0, Avg:  0.0, Max: 0, Diff: 0, Sum: 0, Workers: 4
[2213.091s][debug][gc,phases      ] GC(70)     Total                          Min: 0, Avg:  1.0, Max: 4, Diff: 4, Sum: 4, Workers: 4
[2213.091s][debug][gc,phases      ] GC(70)   JVMTI Tag Weak OopStorage      Min:  0.0, Avg:  0.0, Max:  0.0, Diff:  0.0, Sum:  0.0, Workers: 4
[2213.091s][debug][gc,phases      ] GC(70)     Dead                           Min: 0, Avg:  0.0, Max: 0, Diff: 0, Sum: 0, Workers: 4
[2213.091s][debug][gc,phases      ] GC(70)     Total                          Min: 0, Avg:  0.0, Max: 0, Diff: 0, Sum: 0, Workers: 4
[2213.091s][debug][gc,phases      ] GC(70)   StringTable Weak               Min:  0.1, Avg:  0.1, Max:  0.1, Diff:  0.0, Sum:  0.5, Workers: 4
[2213.091s][debug][gc,phases      ] GC(70)     Dead                           Min: 0, Avg:  0.8, Max: 2, Diff: 2, Sum: 3, Workers: 4
[2213.091s][debug][gc,phases      ] GC(70)     Total                          Min: 11648, Avg: 12232.2, Max: 12577, Diff: 929, Sum: 48929, Workers: 4
[2213.091s][debug][gc,phases      ] GC(70)   ResolvedMethodTable Weak       Min:  0.0, Avg:  0.0, Max:  0.0, Diff:  0.0, Sum:  0.1, Workers: 4
[2213.091s][debug][gc,phases      ] GC(70)     Dead                           Min: 0, Avg:  2.0, Max: 8, Diff: 8, Sum: 8, Workers: 4
[2213.091s][debug][gc,phases      ] GC(70)     Total                          Min: 3390, Avg: 3464.5, Max: 3584, Diff: 194, Sum: 13858, Workers: 4
[2213.091s][debug][gc,phases      ] GC(70)   JNI Weak                       Min:  0.0, Avg:  0.0, Max:  0.0, Diff:  0.0, Sum:  0.0, Workers: 4
[2213.091s][debug][gc,phases      ] GC(70)     Dead                           Min: 0, Avg:  0.0, Max: 0, Diff: 0, Sum: 0, Workers: 4
[2213.091s][debug][gc,phases      ] GC(70)     Total                          Min: 0, Avg: 12.0, Max: 48, Diff: 48, Sum: 48, Workers: 4
[2213.091s][debug][gc,phases      ] GC(70)   StringDedup Table Weak         Min:  0.0, Avg:  0.0, Max:  0.0, Diff:  0.0, Sum:  0.0, Workers: 4
[2213.091s][debug][gc,phases      ] GC(70)     Dead                           Min: 0, Avg:  0.0, Max: 0, Diff: 0, Sum: 0, Workers: 4
[2213.091s][debug][gc,phases      ] GC(70)     Total                          Min: 0, Avg:  0.0, Max: 0, Diff: 0, Sum: 0, Workers: 4
[2213.091s][debug][gc,phases      ] GC(70)   StringDedup Requests0 Weak     Min:  0.0, Avg:  0.0, Max:  0.0, Diff:  0.0, Sum:  0.0, Workers: 4
[2213.091s][debug][gc,phases      ] GC(70)     Dead                           Min: 0, Avg:  0.0, Max: 0, Diff: 0, Sum: 0, Workers: 4
[2213.091s][debug][gc,phases      ] GC(70)     Total                          Min: 0, Avg:  0.0, Max: 0, Diff: 0, Sum: 0, Workers: 4
[2213.091s][debug][gc,phases      ] GC(70)   StringDedup Requests1 Weak     Min:  0.0, Avg:  0.0, Max:  0.0, Diff:  0.0, Sum:  0.0, Workers: 4
[2213.091s][debug][gc,phases      ] GC(70)     Dead                           Min: 0, Avg:  0.0, Max: 0, Diff: 0, Sum: 0, Workers: 4
[2213.091s][debug][gc,phases      ] GC(70)     Total                          Min: 0, Avg:  0.0, Max: 0, Diff: 0, Sum: 0, Workers: 4
[2213.091s][debug][gc,phases      ] GC(70)   Weak JFR Old Object Samples    Min:  0.0, Avg:  0.0, Max:  0.0, Diff:  0.0, Sum:  0.0, Workers: 4
[2213.091s][debug][gc,phases      ] GC(70)     Dead                           Min: 0, Avg:  0.0, Max: 0, Diff: 0, Sum: 0, Workers: 4
[2213.091s][debug][gc,phases      ] GC(70)     Total                          Min: 0, Avg:  0.0, Max: 0, Diff: 0, Sum: 0, Workers: 4
[2213.091s][debug][gc,phases      ] GC(70) Weak Processing 0.408ms
[2213.091s][debug][gc,age         ] GC(70) Desired survivor size 344457216 bytes, new threshold 15 (max threshold 15)
[2213.091s][info ][gc,heap        ] GC(70) PSYoungGen: 1430801K(1756160K)->10833K(1759232K) Eden: 1421312K(1421312K)->0K(1421312K) From: 9489K(334848K)->10833K(337920K)
[2213.091s][info ][gc,heap        ] GC(70) ParOldGen: 357779K(482304K)->357787K(482304K)
[2213.091s][info ][gc,metaspace   ] GC(70) Metaspace: 97270K(98560K)->97270K(98560K) NonClass: 83067K(83840K)->83067K(83840K) Class: 14202K(14720K)->14202K(14720K)
[2213.091s][info ][gc             ] GC(70) Pause Young (Allocation Failure) 1746M->359M(2189M) 5.710ms
[2213.091s][info ][gc,cpu         ] GC(70) User=0.02s Sys=0.00s Real=0.01s
[2213.091s][info ][safepoint      ] Safepoint "ParallelGCFailedAllocation", Time since last: 7434332003 ns, Reaching safepoint: 8800 ns, Cleanup: 4300 ns, At safepoint: 5791893 ns, Total: 5804993 ns
[2222.664s][info ][safepoint      ] Safepoint "Cleanup", Time since last: 9572463686 ns, Reaching safepoint: 9801 ns, Cleanup: 13100 ns, At safepoint: 2600 ns, Total: 25501 ns
[2231.664s][info ][safepoint      ] Safepoint "Cleanup", Time since last: 9000691529 ns, Reaching safepoint: 7800 ns, Cleanup: 10800 ns, At safepoint: 2800 ns, Total: 21400 ns
[2234.665s][info ][safepoint      ] Safepoint "Cleanup", Time since last: 3000260054 ns, Reaching safepoint: 7801 ns, Cleanup: 10100 ns, At safepoint: 2800 ns, Total: 20701 ns
[2258.666s][info ][safepoint      ] Safepoint "Cleanup", Time since last: 24001621022 ns, Reaching safepoint: 7601 ns, Cleanup: 18800 ns, At safepoint: 6001 ns, Total: 32402 ns
[2259.667s][info ][safepoint      ] Safepoint "Cleanup", Time since last: 1000116955 ns, Reaching safepoint: 8600 ns, Cleanup: 11901 ns, At safepoint: 2300 ns, Total: 22801 ns
[2260.667s][info ][safepoint      ] Safepoint "Cleanup", Time since last: 1000126356 ns, Reaching safepoint: 8800 ns, Cleanup: 14001 ns, At safepoint: 2700 ns, Total: 25501 ns
[2263.667s][info ][safepoint      ] Safepoint "Cleanup", Time since last: 3000263263 ns, Reaching safepoint: 7900 ns, Cleanup: 10900 ns, At safepoint: 3201 ns, Total: 22001 ns
[2272.668s][info ][safepoint      ] Safepoint "Cleanup", Time since last: 9000660558 ns, Reaching safepoint: 8301 ns, Cleanup: 22301 ns, At safepoint: 2100 ns, Total: 32702 ns
[2283.680s][info ][safepoint      ] Safepoint "Cleanup", Time since last: 11012197309 ns, Reaching safepoint: 9300 ns, Cleanup: 10800 ns, At safepoint: 2800 ns, Total: 22900 ns
[2284.680s][info ][safepoint      ] Safepoint "Cleanup", Time since last: 1000083764 ns, Reaching safepoint: 8300 ns, Cleanup: 12701 ns, At safepoint: 2800 ns, Total: 23801 ns
[2288.886s][info ][gc,start       ] GC(71) Pause Young (Allocation Failure)
[2288.892s][debug][gc,phases      ] GC(71) Scavenge 6.197ms
[2288.892s][debug][gc,ref         ] GC(71) ReferenceProcessor::execute queues: 1, RefProcThreadModel::Single, marks_oops_alive: false
[2288.892s][debug][gc,ref         ] GC(71) Skipped KeepAliveFinalRefsPhase of Reference Processing: no references
[2288.892s][debug][gc,ref         ] GC(71) ReferenceProcessor::execute queues: 1, RefProcThreadModel::Single, marks_oops_alive: false
[2288.892s][debug][gc,phases      ] GC(71) Reference Processing 0.123ms
[2288.892s][debug][gc,phases      ] GC(71)   VM Weak                        Min:  0.0, Avg:  0.0, Max:  0.0, Diff:  0.0, Sum:  0.0, Workers: 4
[2288.892s][debug][gc,phases      ] GC(71)     Dead                           Min: 0, Avg:  0.0, Max: 0, Diff: 0, Sum: 0, Workers: 4
[2288.892s][debug][gc,phases      ] GC(71)     Total                          Min: 0, Avg: 253.2, Max: 768, Diff: 768, Sum: 1013, Workers: 4
[2288.892s][debug][gc,phases      ] GC(71)   ObjectSynchronizer Weak        Min:  0.0, Avg:  0.0, Max:  0.0, Diff:  0.0, Sum:  0.0, Workers: 4
[2288.892s][debug][gc,phases      ] GC(71)     Dead                           Min: 0, Avg:  0.0, Max: 0, Diff: 0, Sum: 0, Workers: 4
[2288.892s][debug][gc,phases      ] GC(71)     Total                          Min: 0, Avg:  0.8, Max: 3, Diff: 3, Sum: 3, Workers: 4
[2288.892s][debug][gc,phases      ] GC(71)   JVMTI Tag Weak OopStorage      Min:  0.0, Avg:  0.0, Max:  0.0, Diff:  0.0, Sum:  0.0, Workers: 4
[2288.892s][debug][gc,phases      ] GC(71)     Dead                           Min: 0, Avg:  0.0, Max: 0, Diff: 0, Sum: 0, Workers: 4
[2288.892s][debug][gc,phases      ] GC(71)     Total                          Min: 0, Avg:  0.0, Max: 0, Diff: 0, Sum: 0, Workers: 4
[2288.892s][debug][gc,phases      ] GC(71)   StringTable Weak               Min:  0.0, Avg:  0.1, Max:  0.2, Diff:  0.2, Sum:  0.5, Workers: 4
[2288.892s][debug][gc,phases      ] GC(71)     Dead                           Min: 0, Avg:  0.0, Max: 0, Diff: 0, Sum: 0, Workers: 4
[2288.892s][debug][gc,phases      ] GC(71)     Total                          Min: 0, Avg: 12232.5, Max: 17186, Diff: 17186, Sum: 48930, Workers: 4
[2288.892s][debug][gc,phases      ] GC(71)   ResolvedMethodTable Weak       Min:  0.0, Avg:  0.0, Max:  0.0, Diff:  0.0, Sum:  0.1, Workers: 4
[2288.892s][debug][gc,phases      ] GC(71)     Dead                           Min: 0, Avg:  0.0, Max: 0, Diff: 0, Sum: 0, Workers: 4
[2288.892s][debug][gc,phases      ] GC(71)     Total                          Min: 0, Avg: 3464.5, Max: 4928, Diff: 4928, Sum: 13858, Workers: 4
[2288.892s][debug][gc,phases      ] GC(71)   JNI Weak                       Min:  0.0, Avg:  0.0, Max:  0.0, Diff:  0.0, Sum:  0.0, Workers: 4
[2288.893s][debug][gc,phases      ] GC(71)     Dead                           Min: 0, Avg:  0.0, Max: 0, Diff: 0, Sum: 0, Workers: 4
[2288.893s][debug][gc,phases      ] GC(71)     Total                          Min: 0, Avg: 12.0, Max: 48, Diff: 48, Sum: 48, Workers: 4
[2288.893s][debug][gc,phases      ] GC(71)   StringDedup Table Weak         Min:  0.0, Avg:  0.0, Max:  0.0, Diff:  0.0, Sum:  0.0, Workers: 4
[2288.893s][debug][gc,phases      ] GC(71)     Dead                           Min: 0, Avg:  0.0, Max: 0, Diff: 0, Sum: 0, Workers: 4
[2288.893s][debug][gc,phases      ] GC(71)     Total                          Min: 0, Avg:  0.0, Max: 0, Diff: 0, Sum: 0, Workers: 4
[2288.893s][debug][gc,phases      ] GC(71)   StringDedup Requests0 Weak     Min:  0.0, Avg:  0.0, Max:  0.0, Diff:  0.0, Sum:  0.0, Workers: 4
[2288.893s][debug][gc,phases      ] GC(71)     Dead                           Min: 0, Avg:  0.0, Max: 0, Diff: 0, Sum: 0, Workers: 4
[2288.893s][debug][gc,phases      ] GC(71)     Total                          Min: 0, Avg:  0.0, Max: 0, Diff: 0, Sum: 0, Workers: 4
[2288.893s][debug][gc,phases      ] GC(71)   StringDedup Requests1 Weak     Min:  0.0, Avg:  0.0, Max:  0.0, Diff:  0.0, Sum:  0.0, Workers: 4
[2288.893s][debug][gc,phases      ] GC(71)     Dead                           Min: 0, Avg:  0.0, Max: 0, Diff: 0, Sum: 0, Workers: 4
[2288.893s][debug][gc,phases      ] GC(71)     Total                          Min: 0, Avg:  0.0, Max: 0, Diff: 0, Sum: 0, Workers: 4
[2288.893s][debug][gc,phases      ] GC(71)   Weak JFR Old Object Samples    Min:  0.0, Avg:  0.0, Max:  0.0, Diff:  0.0, Sum:  0.0, Workers: 4
[2288.893s][debug][gc,phases      ] GC(71)     Dead                           Min: 0, Avg:  0.0, Max: 0, Diff: 0, Sum: 0, Workers: 4
[2288.893s][debug][gc,phases      ] GC(71)     Total                          Min: 0, Avg:  0.0, Max: 0, Diff: 0, Sum: 0, Workers: 4
[2288.893s][debug][gc,phases      ] GC(71) Weak Processing 0.458ms
[2288.893s][debug][gc,age         ] GC(71) Desired survivor size 339738624 bytes, new threshold 15 (max threshold 15)
[2288.893s][info ][gc,heap        ] GC(71) PSYoungGen: 1432145K(1759232K)->15699K(1765376K) Eden: 1421312K(1421312K)->0K(1428992K) From: 10833K(337920K)->15699K(336384K)
[2288.893s][info ][gc,heap        ] GC(71) ParOldGen: 357787K(482304K)->357787K(482304K)
[2288.893s][info ][gc,metaspace   ] GC(71) Metaspace: 97283K(98560K)->97283K(98560K) NonClass: 83080K(83840K)->83080K(83840K) Class: 14202K(14720K)->14202K(14720K)
[2288.893s][info ][gc             ] GC(71) Pause Young (Allocation Failure) 1747M->364M(2195M) 6.931ms
[2288.893s][info ][gc,cpu         ] GC(71) User=0.02s Sys=0.00s Real=0.01s
[2288.893s][info ][safepoint      ] Safepoint "ParallelGCFailedAllocation", Time since last: 4205597120 ns, Reaching safepoint: 79603 ns, Cleanup: 4600 ns, At safepoint: 7020939 ns, Total: 7105142 ns
[2292.893s][info ][safepoint      ] Safepoint "Cleanup", Time since last: 4000312654 ns, Reaching safepoint: 8000 ns, Cleanup: 16301 ns, At safepoint: 2700 ns, Total: 27001 ns
[2293.893s][info ][safepoint      ] Safepoint "Cleanup", Time since last: 1000096014 ns, Reaching safepoint: 8601 ns, Cleanup: 10500 ns, At safepoint: 2300 ns, Total: 21401 ns
[2312.894s][info ][safepoint      ] Safepoint "Cleanup", Time since last: 19001240542 ns, Reaching safepoint: 10600 ns, Cleanup: 10601 ns, At safepoint: 2400 ns, Total: 23601 ns
[2313.895s][info ][safepoint      ] Safepoint "Cleanup", Time since last: 1000080903 ns, Reaching safepoint: 8201 ns, Cleanup: 12200 ns, At safepoint: 2200 ns, Total: 22601 ns
[2314.895s][info ][safepoint      ] Safepoint "Cleanup", Time since last: 1000115804 ns, Reaching safepoint: 7801 ns, Cleanup: 11800 ns, At safepoint: 2200 ns, Total: 21801 ns
[2322.895s][info ][safepoint      ] Safepoint "Cleanup", Time since last: 8000583145 ns, Reaching safepoint: 8700 ns, Cleanup: 22901 ns, At safepoint: 2700 ns, Total: 34301 ns
[2333.896s][info ][safepoint      ] Safepoint "Cleanup", Time since last: 11000779734 ns, Reaching safepoint: 7600 ns, Cleanup: 9900 ns, At safepoint: 2001 ns, Total: 19501 ns
[2336.896s][info ][safepoint      ] Safepoint "Cleanup", Time since last: 3000266245 ns, Reaching safepoint: 7301 ns, Cleanup: 16800 ns, At safepoint: 2900 ns, Total: 27001 ns
[2337.896s][info ][safepoint      ] Safepoint "Cleanup", Time since last: 1000108002 ns, Reaching safepoint: 7700 ns, Cleanup: 11901 ns, At safepoint: 2700 ns, Total: 22301 ns
[2338.897s][info ][safepoint      ] Safepoint "Cleanup", Time since last: 1000121102 ns, Reaching safepoint: 10100 ns, Cleanup: 11300 ns, At safepoint: 2900 ns, Total: 24300 ns
[2346.897s][info ][safepoint      ] Safepoint "Cleanup", Time since last: 8000559995 ns, Reaching safepoint: 7300 ns, Cleanup: 13100 ns, At safepoint: 2400 ns, Total: 22800 ns
[2347.897s][info ][safepoint      ] Safepoint "Cleanup", Time since last: 1000136037 ns, Reaching safepoint: 7100 ns, Cleanup: 12000 ns, At safepoint: 2700 ns, Total: 21800 ns
[2353.898s][info ][safepoint      ] Safepoint "Cleanup", Time since last: 6000439577 ns, Reaching safepoint: 7600 ns, Cleanup: 11300 ns, At safepoint: 2900 ns, Total: 21800 ns
[2354.034s][info ][gc,start       ] GC(72) Pause Young (Allocation Failure)
[2354.040s][debug][gc,phases      ] GC(72) Scavenge 6.032ms
[2354.040s][debug][gc,ref         ] GC(72) ReferenceProcessor::execute queues: 1, RefProcThreadModel::Single, marks_oops_alive: false
[2354.040s][debug][gc,ref         ] GC(72) Skipped KeepAliveFinalRefsPhase of Reference Processing: no references
[2354.040s][debug][gc,ref         ] GC(72) Skipped PhantomRefsPhase of Reference Processing: no references
[2354.040s][debug][gc,phases      ] GC(72) Reference Processing 0.128ms
[2354.040s][debug][gc,phases      ] GC(72)   VM Weak                        Min:  0.0, Avg:  0.0, Max:  0.0, Diff:  0.0, Sum:  0.0, Workers: 4
[2354.040s][debug][gc,phases      ] GC(72)     Dead                           Min: 0, Avg:  0.0, Max: 0, Diff: 0, Sum: 0, Workers: 4
[2354.040s][debug][gc,phases      ] GC(72)     Total                          Min: 0, Avg: 253.2, Max: 693, Diff: 693, Sum: 1013, Workers: 4
[2354.040s][debug][gc,phases      ] GC(72)   ObjectSynchronizer Weak        Min:  0.0, Avg:  0.0, Max:  0.0, Diff:  0.0, Sum:  0.0, Workers: 4
[2354.040s][debug][gc,phases      ] GC(72)     Dead                           Min: 0, Avg:  0.0, Max: 0, Diff: 0, Sum: 0, Workers: 4
[2354.040s][debug][gc,phases      ] GC(72)     Total                          Min: 0, Avg:  0.8, Max: 3, Diff: 3, Sum: 3, Workers: 4
[2354.040s][debug][gc,phases      ] GC(72)   JVMTI Tag Weak OopStorage      Min:  0.0, Avg:  0.0, Max:  0.0, Diff:  0.0, Sum:  0.0, Workers: 4
[2354.040s][debug][gc,phases      ] GC(72)     Dead                           Min: 0, Avg:  0.0, Max: 0, Diff: 0, Sum: 0, Workers: 4
[2354.040s][debug][gc,phases      ] GC(72)     Total                          Min: 0, Avg:  0.0, Max: 0, Diff: 0, Sum: 0, Workers: 4
[2354.040s][debug][gc,phases      ] GC(72)   StringTable Weak               Min:  0.0, Avg:  0.1, Max:  0.2, Diff:  0.2, Sum:  0.5, Workers: 4
[2354.040s][debug][gc,phases      ] GC(72)     Dead                           Min: 0, Avg:  0.0, Max: 0, Diff: 0, Sum: 0, Workers: 4
[2354.040s][debug][gc,phases      ] GC(72)     Total                          Min: 0, Avg: 12238.2, Max: 18105, Diff: 18105, Sum: 48953, Workers: 4
[2354.040s][debug][gc,phases      ] GC(72)   ResolvedMethodTable Weak       Min:  0.0, Avg:  0.0, Max:  0.0, Diff:  0.0, Sum:  0.1, Workers: 4
[2354.040s][debug][gc,phases      ] GC(72)     Dead                           Min: 0, Avg:  0.0, Max: 0, Diff: 0, Sum: 0, Workers: 4
[2354.040s][debug][gc,phases      ] GC(72)     Total                          Min: 0, Avg: 3464.5, Max: 4900, Diff: 4900, Sum: 13858, Workers: 4
[2354.040s][debug][gc,phases      ] GC(72)   JNI Weak                       Min:  0.0, Avg:  0.0, Max:  0.0, Diff:  0.0, Sum:  0.0, Workers: 4
[2354.040s][debug][gc,phases      ] GC(72)     Dead                           Min: 0, Avg:  0.0, Max: 0, Diff: 0, Sum: 0, Workers: 4
[2354.040s][debug][gc,phases      ] GC(72)     Total                          Min: 0, Avg: 12.0, Max: 48, Diff: 48, Sum: 48, Workers: 4
[2354.040s][debug][gc,phases      ] GC(72)   StringDedup Table Weak         Min:  0.0, Avg:  0.0, Max:  0.0, Diff:  0.0, Sum:  0.0, Workers: 4
[2354.040s][debug][gc,phases      ] GC(72)     Dead                           Min: 0, Avg:  0.0, Max: 0, Diff: 0, Sum: 0, Workers: 4
[2354.040s][debug][gc,phases      ] GC(72)     Total                          Min: 0, Avg:  0.0, Max: 0, Diff: 0, Sum: 0, Workers: 4
[2354.040s][debug][gc,phases      ] GC(72)   StringDedup Requests0 Weak     Min:  0.0, Avg:  0.0, Max:  0.0, Diff:  0.0, Sum:  0.0, Workers: 4
[2354.040s][debug][gc,phases      ] GC(72)     Dead                           Min: 0, Avg:  0.0, Max: 0, Diff: 0, Sum: 0, Workers: 4
[2354.040s][debug][gc,phases      ] GC(72)     Total                          Min: 0, Avg:  0.0, Max: 0, Diff: 0, Sum: 0, Workers: 4
[2354.040s][debug][gc,phases      ] GC(72)   StringDedup Requests1 Weak     Min:  0.0, Avg:  0.0, Max:  0.0, Diff:  0.0, Sum:  0.0, Workers: 4
[2354.040s][debug][gc,phases      ] GC(72)     Dead                           Min: 0, Avg:  0.0, Max: 0, Diff: 0, Sum: 0, Workers: 4
[2354.040s][debug][gc,phases      ] GC(72)     Total                          Min: 0, Avg:  0.0, Max: 0, Diff: 0, Sum: 0, Workers: 4
[2354.040s][debug][gc,phases      ] GC(72)   Weak JFR Old Object Samples    Min:  0.0, Avg:  0.0, Max:  0.0, Diff:  0.0, Sum:  0.0, Workers: 4
[2354.040s][debug][gc,phases      ] GC(72)     Dead                           Min: 0, Avg:  0.0, Max: 0, Diff: 0, Sum: 0, Workers: 4
[2354.040s][debug][gc,phases      ] GC(72)     Total                          Min: 0, Avg:  0.0, Max: 0, Diff: 0, Sum: 0, Workers: 4
[2354.040s][debug][gc,phases      ] GC(72) Weak Processing 0.460ms
[2354.040s][debug][gc,age         ] GC(72) Desired survivor size 331874304 bytes, new threshold 15 (max threshold 15)
[2354.040s][info ][gc,heap        ] GC(72) PSYoungGen: 1444691K(1765376K)->17907K(1760768K) Eden: 1428992K(1428992K)->0K(1428992K) From: 15699K(336384K)->17907K(331776K)
[2354.040s][info ][gc,heap        ] GC(72) ParOldGen: 357787K(482304K)->357787K(482304K)
[2354.040s][info ][gc,metaspace   ] GC(72) Metaspace: 97383K(98624K)->97383K(98624K) NonClass: 83180K(83904K)->83180K(83904K) Class: 14202K(14720K)->14202K(14720K)
[2354.040s][info ][gc             ] GC(72) Pause Young (Allocation Failure) 1760M->366M(2190M) 6.772ms
[2354.040s][info ][gc,cpu         ] GC(72) User=0.03s Sys=0.00s Real=0.01s
[2354.040s][info ][safepoint      ] Safepoint "ParallelGCFailedAllocation", Time since last: 135652459 ns, Reaching safepoint: 42201 ns, Cleanup: 4400 ns, At safepoint: 6865215 ns, Total: 6911816 ns
[2374.042s][info ][safepoint      ] Safepoint "Cleanup", Time since last: 20001323717 ns, Reaching safepoint: 8301 ns, Cleanup: 11300 ns, At safepoint: 2800 ns, Total: 22401 ns
[2393.043s][info ][safepoint      ] Safepoint "Cleanup", Time since last: 19001343610 ns, Reaching safepoint: 7500 ns, Cleanup: 9901 ns, At safepoint: 2600 ns, Total: 20001 ns
[2394.043s][info ][safepoint      ] Safepoint "Cleanup", Time since last: 1000123165 ns, Reaching safepoint: 8000 ns, Cleanup: 11600 ns, At safepoint: 2600 ns, Total: 22200 ns
[2397.044s][info ][safepoint      ] Safepoint "Cleanup", Time since last: 3000261791 ns, Reaching safepoint: 7700 ns, Cleanup: 11801 ns, At safepoint: 3300 ns, Total: 22801 ns
[2401.712s][info ][safepoint      ] Safepoint "Cleanup", Time since last: 4667964199 ns, Reaching safepoint: 7300 ns, Cleanup: 11901 ns, At safepoint: 5000 ns, Total: 24201 ns
[2406.712s][info ][safepoint      ] Safepoint "Cleanup", Time since last: 5000365904 ns, Reaching safepoint: 8800 ns, Cleanup: 13200 ns, At safepoint: 34802 ns, Total: 56802 ns
[2412.712s][info ][safepoint      ] Safepoint "Cleanup", Time since last: 6000452461 ns, Reaching safepoint: 9900 ns, Cleanup: 21801 ns, At safepoint: 2800 ns, Total: 34501 ns
[2418.934s][info ][gc,start       ] GC(73) Pause Young (Allocation Failure)
[2418.939s][debug][gc,phases      ] GC(73) Scavenge 5.388ms
[2418.939s][debug][gc,ref         ] GC(73) ReferenceProcessor::execute queues: 1, RefProcThreadModel::Single, marks_oops_alive: false
[2418.939s][debug][gc,ref         ] GC(73) Skipped KeepAliveFinalRefsPhase of Reference Processing: no references
[2418.939s][debug][gc,ref         ] GC(73) ReferenceProcessor::execute queues: 1, RefProcThreadModel::Single, marks_oops_alive: false
[2418.939s][debug][gc,phases      ] GC(73) Reference Processing 0.126ms
[2418.939s][debug][gc,phases      ] GC(73)   VM Weak                        Min:  0.0, Avg:  0.0, Max:  0.0, Diff:  0.0, Sum:  0.0, Workers: 4
[2418.939s][debug][gc,phases      ] GC(73)     Dead                           Min: 0, Avg:  0.0, Max: 0, Diff: 0, Sum: 0, Workers: 4
[2418.939s][debug][gc,phases      ] GC(73)     Total                          Min: 0, Avg: 253.2, Max: 565, Diff: 565, Sum: 1013, Workers: 4
[2418.939s][debug][gc,phases      ] GC(73)   ObjectSynchronizer Weak        Min:  0.0, Avg:  0.0, Max:  0.0, Diff:  0.0, Sum:  0.0, Workers: 4
[2418.939s][debug][gc,phases      ] GC(73)     Dead                           Min: 0, Avg:  0.0, Max: 0, Diff: 0, Sum: 0, Workers: 4
[2418.939s][debug][gc,phases      ] GC(73)     Total                          Min: 0, Avg:  1.0, Max: 4, Diff: 4, Sum: 4, Workers: 4
[2418.939s][debug][gc,phases      ] GC(73)   JVMTI Tag Weak OopStorage      Min:  0.0, Avg:  0.0, Max:  0.0, Diff:  0.0, Sum:  0.0, Workers: 4
[2418.939s][debug][gc,phases      ] GC(73)     Dead                           Min: 0, Avg:  0.0, Max: 0, Diff: 0, Sum: 0, Workers: 4
[2418.939s][debug][gc,phases      ] GC(73)     Total                          Min: 0, Avg:  0.0, Max: 0, Diff: 0, Sum: 0, Workers: 4
[2418.939s][debug][gc,phases      ] GC(73)   StringTable Weak               Min:  0.0, Avg:  0.1, Max:  0.2, Diff:  0.2, Sum:  0.5, Workers: 4
[2418.939s][debug][gc,phases      ] GC(73)     Dead                           Min: 0, Avg:  0.2, Max: 1, Diff: 1, Sum: 1, Workers: 4
[2418.939s][debug][gc,phases      ] GC(73)     Total                          Min: 0, Avg: 12239.5, Max: 16702, Diff: 16702, Sum: 48958, Workers: 4
[2418.939s][debug][gc,phases      ] GC(73)   ResolvedMethodTable Weak       Min:  0.0, Avg:  0.1, Max:  0.1, Diff:  0.1, Sum:  0.2, Workers: 4
[2418.940s][debug][gc,phases      ] GC(73)     Dead                           Min: 0, Avg:  0.2, Max: 1, Diff: 1, Sum: 1, Workers: 4
[2418.940s][debug][gc,phases      ] GC(73)     Total                          Min: 1024, Avg: 3466.0, Max: 4800, Diff: 3776, Sum: 13864, Workers: 4
[2418.940s][debug][gc,phases      ] GC(73)   JNI Weak                       Min:  0.0, Avg:  0.0, Max:  0.0, Diff:  0.0, Sum:  0.0, Workers: 4
[2418.940s][debug][gc,phases      ] GC(73)     Dead                           Min: 0, Avg:  0.0, Max: 0, Diff: 0, Sum: 0, Workers: 4
[2418.940s][debug][gc,phases      ] GC(73)     Total                          Min: 0, Avg: 12.0, Max: 48, Diff: 48, Sum: 48, Workers: 4
[2418.940s][debug][gc,phases      ] GC(73)   StringDedup Table Weak         Min:  0.0, Avg:  0.0, Max:  0.0, Diff:  0.0, Sum:  0.0, Workers: 4
[2418.940s][debug][gc,phases      ] GC(73)     Dead                           Min: 0, Avg:  0.0, Max: 0, Diff: 0, Sum: 0, Workers: 4
[2418.940s][debug][gc,phases      ] GC(73)     Total                          Min: 0, Avg:  0.0, Max: 0, Diff: 0, Sum: 0, Workers: 4
[2418.940s][debug][gc,phases      ] GC(73)   StringDedup Requests0 Weak     Min:  0.0, Avg:  0.0, Max:  0.0, Diff:  0.0, Sum:  0.0, Workers: 4
[2418.940s][debug][gc,phases      ] GC(73)     Dead                           Min: 0, Avg:  0.0, Max: 0, Diff: 0, Sum: 0, Workers: 4
[2418.940s][debug][gc,phases      ] GC(73)     Total                          Min: 0, Avg:  0.0, Max: 0, Diff: 0, Sum: 0, Workers: 4
[2418.940s][debug][gc,phases      ] GC(73)   StringDedup Requests1 Weak     Min:  0.0, Avg:  0.0, Max:  0.0, Diff:  0.0, Sum:  0.0, Workers: 4
[2418.940s][debug][gc,phases      ] GC(73)     Dead                           Min: 0, Avg:  0.0, Max: 0, Diff: 0, Sum: 0, Workers: 4
[2418.940s][debug][gc,phases      ] GC(73)     Total                          Min: 0, Avg:  0.0, Max: 0, Diff: 0, Sum: 0, Workers: 4
[2418.940s][debug][gc,phases      ] GC(73)   Weak JFR Old Object Samples    Min:  0.0, Avg:  0.0, Max:  0.0, Diff:  0.0, Sum:  0.0, Workers: 4
[2418.940s][debug][gc,phases      ] GC(73)     Dead                           Min: 0, Avg:  0.0, Max: 0, Diff: 0, Sum: 0, Workers: 4
[2418.940s][debug][gc,phases      ] GC(73)     Total                          Min: 0, Avg:  0.0, Max: 0, Diff: 0, Sum: 0, Workers: 4
[2418.940s][debug][gc,phases      ] GC(73) Weak Processing 0.482ms
[2418.940s][debug][gc,age         ] GC(73) Desired survivor size 321912832 bytes, new threshold 15 (max threshold 15)
[2418.940s][info ][gc,heap        ] GC(73) PSYoungGen: 1446899K(1760768K)->18900K(1782784K) Eden: 1428992K(1428992K)->0K(1458688K) From: 17907K(331776K)->18900K(324096K)
[2418.940s][info ][gc,heap        ] GC(73) ParOldGen: 357787K(482304K)->357787K(482304K)
[2418.940s][info ][gc,metaspace   ] GC(73) Metaspace: 97392K(98624K)->97392K(98624K) NonClass: 83188K(83904K)->83188K(83904K) Class: 14204K(14720K)->14204K(14720K)
[2418.940s][info ][gc             ] GC(73) Pause Young (Allocation Failure) 1762M->367M(2212M) 6.153ms
[2418.940s][info ][gc,cpu         ] GC(73) User=0.02s Sys=0.00s Real=0.01s
[2418.940s][info ][safepoint      ] Safepoint "ParallelGCFailedAllocation", Time since last: 6220952332 ns, Reaching safepoint: 79702 ns, Cleanup: 4901 ns, At safepoint: 6239207 ns, Total: 6323810 ns
[2422.940s][info ][safepoint      ] Safepoint "Cleanup", Time since last: 4000294041 ns, Reaching safepoint: 10900 ns, Cleanup: 11801 ns, At safepoint: 2500 ns, Total: 25201 ns
[2428.940s][info ][safepoint      ] Safepoint "Cleanup", Time since last: 6000383641 ns, Reaching safepoint: 8101 ns, Cleanup: 10400 ns, At safepoint: 2500 ns, Total: 21001 ns
[2470.728s][info ][safepoint      ] Safepoint "Cleanup", Time since last: 41787853063 ns, Reaching safepoint: 8900 ns, Cleanup: 14001 ns, At safepoint: 2400 ns, Total: 25301 ns
[2480.729s][info ][safepoint      ] Safepoint "Cleanup", Time since last: 10000675803 ns, Reaching safepoint: 8001 ns, Cleanup: 23500 ns, At safepoint: 2300 ns, Total: 33801 ns
[2483.986s][info ][gc,start       ] GC(74) Pause Young (Allocation Failure)
[2483.993s][debug][gc,phases      ] GC(74) Scavenge 6.110ms
[2483.993s][debug][gc,ref         ] GC(74) ReferenceProcessor::execute queues: 1, RefProcThreadModel::Single, marks_oops_alive: false
[2483.993s][debug][gc,ref         ] GC(74) Skipped KeepAliveFinalRefsPhase of Reference Processing: no references
[2483.993s][debug][gc,ref         ] GC(74) ReferenceProcessor::execute queues: 1, RefProcThreadModel::Single, marks_oops_alive: false
[2483.993s][debug][gc,phases      ] GC(74) Reference Processing 0.161ms
[2483.993s][debug][gc,phases      ] GC(74)   VM Weak                        Min:  0.0, Avg:  0.0, Max:  0.0, Diff:  0.0, Sum:  0.0, Workers: 4
[2483.993s][debug][gc,phases      ] GC(74)     Dead                           Min: 0, Avg:  0.0, Max: 0, Diff: 0, Sum: 0, Workers: 4
[2483.993s][debug][gc,phases      ] GC(74)     Total                          Min: 0, Avg: 253.2, Max: 384, Diff: 384, Sum: 1013, Workers: 4
[2483.993s][debug][gc,phases      ] GC(74)   ObjectSynchronizer Weak        Min:  0.0, Avg:  0.0, Max:  0.0, Diff:  0.0, Sum:  0.0, Workers: 4
[2483.993s][debug][gc,phases      ] GC(74)     Dead                           Min: 0, Avg:  0.0, Max: 0, Diff: 0, Sum: 0, Workers: 4
[2483.993s][debug][gc,phases      ] GC(74)     Total                          Min: 0, Avg:  0.8, Max: 3, Diff: 3, Sum: 3, Workers: 4
[2483.993s][debug][gc,phases      ] GC(74)   JVMTI Tag Weak OopStorage      Min:  0.0, Avg:  0.0, Max:  0.0, Diff:  0.0, Sum:  0.0, Workers: 4
[2483.993s][debug][gc,phases      ] GC(74)     Dead                           Min: 0, Avg:  0.0, Max: 0, Diff: 0, Sum: 0, Workers: 4
[2483.993s][debug][gc,phases      ] GC(74)     Total                          Min: 0, Avg:  0.0, Max: 0, Diff: 0, Sum: 0, Workers: 4
[2483.993s][debug][gc,phases      ] GC(74)   StringTable Weak               Min:  0.0, Avg:  0.1, Max:  0.2, Diff:  0.2, Sum:  0.5, Workers: 4
[2483.993s][debug][gc,phases      ] GC(74)     Dead                           Min: 0, Avg:  0.0, Max: 0, Diff: 0, Sum: 0, Workers: 4
[2483.993s][debug][gc,phases      ] GC(74)     Total                          Min: 0, Avg: 12239.5, Max: 17536, Diff: 17536, Sum: 48958, Workers: 4
[2483.993s][debug][gc,phases      ] GC(74)   ResolvedMethodTable Weak       Min:  0.0, Avg:  0.0, Max:  0.0, Diff:  0.0, Sum:  0.1, Workers: 4
[2483.993s][debug][gc,phases      ] GC(74)     Dead                           Min: 0, Avg:  0.0, Max: 0, Diff: 0, Sum: 0, Workers: 4
[2483.993s][debug][gc,phases      ] GC(74)     Total                          Min: 0, Avg: 3466.0, Max: 4992, Diff: 4992, Sum: 13864, Workers: 4
[2483.993s][debug][gc,phases      ] GC(74)   JNI Weak                       Min:  0.0, Avg:  0.0, Max:  0.0, Diff:  0.0, Sum:  0.0, Workers: 4
[2483.993s][debug][gc,phases      ] GC(74)     Dead                           Min: 0, Avg:  0.0, Max: 0, Diff: 0, Sum: 0, Workers: 4
[2483.993s][debug][gc,phases      ] GC(74)     Total                          Min: 0, Avg: 12.0, Max: 48, Diff: 48, Sum: 48, Workers: 4
[2483.993s][debug][gc,phases      ] GC(74)   StringDedup Table Weak         Min:  0.0, Avg:  0.0, Max:  0.0, Diff:  0.0, Sum:  0.0, Workers: 4
[2483.993s][debug][gc,phases      ] GC(74)     Dead                           Min: 0, Avg:  0.0, Max: 0, Diff: 0, Sum: 0, Workers: 4
[2483.993s][debug][gc,phases      ] GC(74)     Total                          Min: 0, Avg:  0.0, Max: 0, Diff: 0, Sum: 0, Workers: 4
[2483.993s][debug][gc,phases      ] GC(74)   StringDedup Requests0 Weak     Min:  0.0, Avg:  0.0, Max:  0.0, Diff:  0.0, Sum:  0.0, Workers: 4
[2483.993s][debug][gc,phases      ] GC(74)     Dead                           Min: 0, Avg:  0.0, Max: 0, Diff: 0, Sum: 0, Workers: 4
[2483.993s][debug][gc,phases      ] GC(74)     Total                          Min: 0, Avg:  0.0, Max: 0, Diff: 0, Sum: 0, Workers: 4
[2483.993s][debug][gc,phases      ] GC(74)   StringDedup Requests1 Weak     Min:  0.0, Avg:  0.0, Max:  0.0, Diff:  0.0, Sum:  0.0, Workers: 4
[2483.993s][debug][gc,phases      ] GC(74)     Dead                           Min: 0, Avg:  0.0, Max: 0, Diff: 0, Sum: 0, Workers: 4
[2483.993s][debug][gc,phases      ] GC(74)     Total                          Min: 0, Avg:  0.0, Max: 0, Diff: 0, Sum: 0, Workers: 4
[2483.993s][debug][gc,phases      ] GC(74)   Weak JFR Old Object Samples    Min:  0.0, Avg:  0.0, Max:  0.0, Diff:  0.0, Sum:  0.0, Workers: 4
[2483.993s][debug][gc,phases      ] GC(74)     Dead                           Min: 0, Avg:  0.0, Max: 0, Diff: 0, Sum: 0, Workers: 4
[2483.993s][debug][gc,phases      ] GC(74)     Total                          Min: 0, Avg:  0.0, Max: 0, Diff: 0, Sum: 0, Workers: 4
[2483.993s][debug][gc,phases      ] GC(74) Weak Processing 0.446ms
[2483.993s][debug][gc,age         ] GC(74) Desired survivor size 310902784 bytes, new threshold 15 (max threshold 15)
[2483.993s][info ][gc,heap        ] GC(74) PSYoungGen: 1477588K(1782784K)->19365K(1773056K) Eden: 1458688K(1458688K)->0K(1458688K) From: 18900K(324096K)->19365K(314368K)
[2483.993s][info ][gc,heap        ] GC(74) ParOldGen: 357787K(482304K)->357787K(482304K)
[2483.993s][info ][gc,metaspace   ] GC(74) Metaspace: 97395K(98624K)->97395K(98624K) NonClass: 83190K(83904K)->83190K(83904K) Class: 14204K(14720K)->14204K(14720K)
[2483.993s][info ][gc             ] GC(74) Pause Young (Allocation Failure) 1792M->368M(2202M) 6.878ms
[2483.993s][info ][gc,cpu         ] GC(74) User=0.02s Sys=0.00s Real=0.01s
[2483.993s][info ][safepoint      ] Safepoint "ParallelGCFailedAllocation", Time since last: 3257398449 ns, Reaching safepoint: 8500 ns, Cleanup: 23101 ns, At safepoint: 6956120 ns, Total: 6987721 ns
[2509.995s][info ][safepoint      ] Safepoint "Cleanup", Time since last: 26001729464 ns, Reaching safepoint: 9100 ns, Cleanup: 17700 ns, At safepoint: 5501 ns, Total: 32301 ns
[2548.745s][info ][safepoint      ] Safepoint "Cleanup", Time since last: 38750260884 ns, Reaching safepoint: 8300 ns, Cleanup: 10001 ns, At safepoint: 2300 ns, Total: 20601 ns
[2553.387s][info ][gc,start       ] GC(75) Pause Young (Allocation Failure)
[2553.395s][debug][gc,phases      ] GC(75) Scavenge 7.194ms
[2553.395s][debug][gc,ref         ] GC(75) ReferenceProcessor::execute queues: 1, RefProcThreadModel::Single, marks_oops_alive: false
[2553.395s][debug][gc,ref         ] GC(75) Skipped KeepAliveFinalRefsPhase of Reference Processing: no references
[2553.395s][debug][gc,ref         ] GC(75) ReferenceProcessor::execute queues: 1, RefProcThreadModel::Single, marks_oops_alive: false
[2553.395s][debug][gc,phases      ] GC(75) Reference Processing 0.128ms
[2553.395s][debug][gc,phases      ] GC(75)   VM Weak                        Min:  0.0, Avg:  0.0, Max:  0.0, Diff:  0.0, Sum:  0.0, Workers: 4
[2553.395s][debug][gc,phases      ] GC(75)     Dead                           Min: 0, Avg:  0.0, Max: 0, Diff: 0, Sum: 0, Workers: 4
[2553.395s][debug][gc,phases      ] GC(75)     Total                          Min: 0, Avg: 253.2, Max: 757, Diff: 757, Sum: 1013, Workers: 4
[2553.395s][debug][gc,phases      ] GC(75)   ObjectSynchronizer Weak        Min:  0.0, Avg:  0.0, Max:  0.0, Diff:  0.0, Sum:  0.0, Workers: 4
[2553.395s][debug][gc,phases      ] GC(75)     Dead                           Min: 0, Avg:  0.0, Max: 0, Diff: 0, Sum: 0, Workers: 4
[2553.395s][debug][gc,phases      ] GC(75)     Total                          Min: 0, Avg:  1.0, Max: 4, Diff: 4, Sum: 4, Workers: 4
[2553.395s][debug][gc,phases      ] GC(75)   JVMTI Tag Weak OopStorage      Min:  0.0, Avg:  0.0, Max:  0.0, Diff:  0.0, Sum:  0.0, Workers: 4
[2553.395s][debug][gc,phases      ] GC(75)     Dead                           Min: 0, Avg:  0.0, Max: 0, Diff: 0, Sum: 0, Workers: 4
[2553.395s][debug][gc,phases      ] GC(75)     Total                          Min: 0, Avg:  0.0, Max: 0, Diff: 0, Sum: 0, Workers: 4
[2553.395s][debug][gc,phases      ] GC(75)   StringTable Weak               Min:  0.0, Avg:  0.1, Max:  0.2, Diff:  0.2, Sum:  0.5, Workers: 4
[2553.395s][debug][gc,phases      ] GC(75)     Dead                           Min: 0, Avg:  0.0, Max: 0, Diff: 0, Sum: 0, Workers: 4
[2553.395s][debug][gc,phases      ] GC(75)     Total                          Min: 0, Avg: 12241.2, Max: 17029, Diff: 17029, Sum: 48965, Workers: 4
[2553.395s][debug][gc,phases      ] GC(75)   ResolvedMethodTable Weak       Min:  0.0, Avg:  0.0, Max:  0.0, Diff:  0.0, Sum:  0.1, Workers: 4
[2553.395s][debug][gc,phases      ] GC(75)     Dead                           Min: 0, Avg:  0.0, Max: 0, Diff: 0, Sum: 0, Workers: 4
[2553.395s][debug][gc,phases      ] GC(75)     Total                          Min: 0, Avg: 3466.0, Max: 4992, Diff: 4992, Sum: 13864, Workers: 4
[2553.395s][debug][gc,phases      ] GC(75)   JNI Weak                       Min:  0.0, Avg:  0.0, Max:  0.0, Diff:  0.0, Sum:  0.0, Workers: 4
[2553.395s][debug][gc,phases      ] GC(75)     Dead                           Min: 0, Avg:  0.0, Max: 0, Diff: 0, Sum: 0, Workers: 4
[2553.395s][debug][gc,phases      ] GC(75)     Total                          Min: 0, Avg: 12.0, Max: 48, Diff: 48, Sum: 48, Workers: 4
[2553.395s][debug][gc,phases      ] GC(75)   StringDedup Table Weak         Min:  0.0, Avg:  0.0, Max:  0.0, Diff:  0.0, Sum:  0.0, Workers: 4
[2553.395s][debug][gc,phases      ] GC(75)     Dead                           Min: 0, Avg:  0.0, Max: 0, Diff: 0, Sum: 0, Workers: 4
[2553.395s][debug][gc,phases      ] GC(75)     Total                          Min: 0, Avg:  0.0, Max: 0, Diff: 0, Sum: 0, Workers: 4
[2553.395s][debug][gc,phases      ] GC(75)   StringDedup Requests0 Weak     Min:  0.0, Avg:  0.0, Max:  0.0, Diff:  0.0, Sum:  0.0, Workers: 4
[2553.395s][debug][gc,phases      ] GC(75)     Dead                           Min: 0, Avg:  0.0, Max: 0, Diff: 0, Sum: 0, Workers: 4
[2553.395s][debug][gc,phases      ] GC(75)     Total                          Min: 0, Avg:  0.0, Max: 0, Diff: 0, Sum: 0, Workers: 4
[2553.395s][debug][gc,phases      ] GC(75)   StringDedup Requests1 Weak     Min:  0.0, Avg:  0.0, Max:  0.0, Diff:  0.0, Sum:  0.0, Workers: 4
[2553.395s][debug][gc,phases      ] GC(75)     Dead                           Min: 0, Avg:  0.0, Max: 0, Diff: 0, Sum: 0, Workers: 4
[2553.395s][debug][gc,phases      ] GC(75)     Total                          Min: 0, Avg:  0.0, Max: 0, Diff: 0, Sum: 0, Workers: 4
[2553.395s][debug][gc,phases      ] GC(75)   Weak JFR Old Object Samples    Min:  0.0, Avg:  0.0, Max:  0.0, Diff:  0.0, Sum:  0.0, Workers: 4
[2553.395s][debug][gc,phases      ] GC(75)     Dead                           Min: 0, Avg:  0.0, Max: 0, Diff: 0, Sum: 0, Workers: 4
[2553.395s][debug][gc,phases      ] GC(75)     Total                          Min: 0, Avg:  0.0, Max: 0, Diff: 0, Sum: 0, Workers: 4
[2553.395s][debug][gc,phases      ] GC(75) Weak Processing 0.507ms
[2553.395s][debug][gc,age         ] GC(75) Desired survivor size 298319872 bytes, new threshold 15 (max threshold 15)
[2553.395s][info ][gc,heap        ] GC(75) PSYoungGen: 1478053K(1773056K)->24182K(1805824K) Eden: 1458688K(1458688K)->0K(1502208K) From: 19365K(314368K)->24182K(303616K)
[2553.395s][info ][gc,heap        ] GC(75) ParOldGen: 357787K(482304K)->357795K(482304K)
[2553.395s][info ][gc,metaspace   ] GC(75) Metaspace: 97418K(98624K)->97418K(98624K) NonClass: 83213K(83904K)->83213K(83904K) Class: 14204K(14720K)->14204K(14720K)
[2553.395s][info ][gc             ] GC(75) Pause Young (Allocation Failure) 1792M->373M(2234M) 7.969ms
[2553.395s][info ][gc,cpu         ] GC(75) User=0.03s Sys=0.00s Real=0.00s
[2553.395s][info ][safepoint      ] Safepoint "ParallelGCFailedAllocation", Time since last: 4641951737 ns, Reaching safepoint: 7800 ns, Cleanup: 4200 ns, At safepoint: 8056537 ns, Total: 8068537 ns
[2574.397s][info ][safepoint      ] Safepoint "Cleanup", Time since last: 21001335995 ns, Reaching safepoint: 7700 ns, Cleanup: 11600 ns, At safepoint: 2900 ns, Total: 22200 ns
[2584.760s][info ][safepoint      ] Safepoint "Cleanup", Time since last: 10362887571 ns, Reaching safepoint: 7600 ns, Cleanup: 18801 ns, At safepoint: 2400 ns, Total: 28801 ns
[2587.760s][info ][safepoint      ] Safepoint "Cleanup", Time since last: 3000253250 ns, Reaching safepoint: 8001 ns, Cleanup: 13400 ns, At safepoint: 2100 ns, Total: 23501 ns
[2592.760s][info ][safepoint      ] Safepoint "Cleanup", Time since last: 5000396054 ns, Reaching safepoint: 7601 ns, Cleanup: 10200 ns, At safepoint: 2100 ns, Total: 19901 ns
[2595.761s][info ][safepoint      ] Safepoint "Cleanup", Time since last: 3000252878 ns, Reaching safepoint: 7101 ns, Cleanup: 12500 ns, At safepoint: 2700 ns, Total: 22301 ns
[2603.834s][info ][gc,start       ] GC(76) Pause Young (Allocation Failure)
[2603.842s][debug][gc,phases      ] GC(76) Scavenge 8.139ms
[2603.842s][debug][gc,ref         ] GC(76) ReferenceProcessor::execute queues: 1, RefProcThreadModel::Single, marks_oops_alive: false
[2603.842s][debug][gc,ref         ] GC(76) Skipped KeepAliveFinalRefsPhase of Reference Processing: no references
[2603.842s][debug][gc,ref         ] GC(76) ReferenceProcessor::execute queues: 1, RefProcThreadModel::Single, marks_oops_alive: false
[2603.842s][debug][gc,phases      ] GC(76) Reference Processing 0.140ms
[2603.842s][debug][gc,phases      ] GC(76)   VM Weak                        Min:  0.0, Avg:  0.0, Max:  0.0, Diff:  0.0, Sum:  0.0, Workers: 4
[2603.842s][debug][gc,phases      ] GC(76)     Dead                           Min: 0, Avg:  0.0, Max: 0, Diff: 0, Sum: 0, Workers: 4
[2603.842s][debug][gc,phases      ] GC(76)     Total                          Min: 0, Avg: 253.2, Max: 629, Diff: 629, Sum: 1013, Workers: 4
[2603.842s][debug][gc,phases      ] GC(76)   ObjectSynchronizer Weak        Min:  0.0, Avg:  0.0, Max:  0.0, Diff:  0.0, Sum:  0.0, Workers: 4
[2603.842s][debug][gc,phases      ] GC(76)     Dead                           Min: 0, Avg:  0.0, Max: 0, Diff: 0, Sum: 0, Workers: 4
[2603.842s][debug][gc,phases      ] GC(76)     Total                          Min: 0, Avg:  1.0, Max: 4, Diff: 4, Sum: 4, Workers: 4
[2603.842s][debug][gc,phases      ] GC(76)   JVMTI Tag Weak OopStorage      Min:  0.0, Avg:  0.0, Max:  0.0, Diff:  0.0, Sum:  0.0, Workers: 4
[2603.842s][debug][gc,phases      ] GC(76)     Dead                           Min: 0, Avg:  0.0, Max: 0, Diff: 0, Sum: 0, Workers: 4
[2603.842s][debug][gc,phases      ] GC(76)     Total                          Min: 0, Avg:  0.0, Max: 0, Diff: 0, Sum: 0, Workers: 4
[2603.842s][debug][gc,phases      ] GC(76)   StringTable Weak               Min:  0.0, Avg:  0.1, Max:  0.2, Diff:  0.2, Sum:  0.5, Workers: 4
[2603.842s][debug][gc,phases      ] GC(76)     Dead                           Min: 0, Avg:  0.0, Max: 0, Diff: 0, Sum: 0, Workers: 4
[2603.842s][debug][gc,phases      ] GC(76)     Total                          Min: 0, Avg: 12241.8, Max: 16647, Diff: 16647, Sum: 48967, Workers: 4
[2603.842s][debug][gc,phases      ] GC(76)   ResolvedMethodTable Weak       Min:  0.0, Avg:  0.0, Max:  0.0, Diff:  0.0, Sum:  0.1, Workers: 4
[2603.842s][debug][gc,phases      ] GC(76)     Dead                           Min: 0, Avg:  0.0, Max: 0, Diff: 0, Sum: 0, Workers: 4
[2603.842s][debug][gc,phases      ] GC(76)     Total                          Min: 0, Avg: 3466.0, Max: 4736, Diff: 4736, Sum: 13864, Workers: 4
[2603.842s][debug][gc,phases      ] GC(76)   JNI Weak                       Min:  0.0, Avg:  0.0, Max:  0.0, Diff:  0.0, Sum:  0.0, Workers: 4
[2603.842s][debug][gc,phases      ] GC(76)     Dead                           Min: 0, Avg:  0.0, Max: 0, Diff: 0, Sum: 0, Workers: 4
[2603.842s][debug][gc,phases      ] GC(76)     Total                          Min: 0, Avg: 12.0, Max: 48, Diff: 48, Sum: 48, Workers: 4
[2603.842s][debug][gc,phases      ] GC(76)   StringDedup Table Weak         Min:  0.0, Avg:  0.0, Max:  0.0, Diff:  0.0, Sum:  0.0, Workers: 4
[2603.842s][debug][gc,phases      ] GC(76)     Dead                           Min: 0, Avg:  0.0, Max: 0, Diff: 0, Sum: 0, Workers: 4
[2603.842s][debug][gc,phases      ] GC(76)     Total                          Min: 0, Avg:  0.0, Max: 0, Diff: 0, Sum: 0, Workers: 4
[2603.842s][debug][gc,phases      ] GC(76)   StringDedup Requests0 Weak     Min:  0.0, Avg:  0.0, Max:  0.0, Diff:  0.0, Sum:  0.0, Workers: 4
[2603.842s][debug][gc,phases      ] GC(76)     Dead                           Min: 0, Avg:  0.0, Max: 0, Diff: 0, Sum: 0, Workers: 4
[2603.843s][debug][gc,phases      ] GC(76)     Total                          Min: 0, Avg:  0.0, Max: 0, Diff: 0, Sum: 0, Workers: 4
[2603.843s][debug][gc,phases      ] GC(76)   StringDedup Requests1 Weak     Min:  0.0, Avg:  0.0, Max:  0.0, Diff:  0.0, Sum:  0.0, Workers: 4
[2603.843s][debug][gc,phases      ] GC(76)     Dead                           Min: 0, Avg:  0.0, Max: 0, Diff: 0, Sum: 0, Workers: 4
[2603.843s][debug][gc,phases      ] GC(76)     Total                          Min: 0, Avg:  0.0, Max: 0, Diff: 0, Sum: 0, Workers: 4
[2603.843s][debug][gc,phases      ] GC(76)   Weak JFR Old Object Samples    Min:  0.0, Avg:  0.0, Max:  0.0, Diff:  0.0, Sum:  0.0, Workers: 4
[2603.843s][debug][gc,phases      ] GC(76)     Dead                           Min: 0, Avg:  0.0, Max: 0, Diff: 0, Sum: 0, Workers: 4
[2603.843s][debug][gc,phases      ] GC(76)     Total                          Min: 0, Avg:  0.0, Max: 0, Diff: 0, Sum: 0, Workers: 4
[2603.843s][debug][gc,phases      ] GC(76) Weak Processing 0.467ms
[2603.843s][debug][gc,age         ] GC(76) Desired survivor size 284688384 bytes, new threshold 15 (max threshold 15)
[2603.843s][info ][gc,heap        ] GC(76) PSYoungGen: 1526390K(1805824K)->29688K(1793536K) Eden: 1502208K(1502208K)->0K(1502208K) From: 24182K(303616K)->29688K(291328K)
[2603.843s][info ][gc,heap        ] GC(76) ParOldGen: 357795K(482304K)->357803K(482304K)
[2603.843s][info ][gc,metaspace   ] GC(76) Metaspace: 97428K(98688K)->97428K(98688K) NonClass: 83223K(83968K)->83223K(83968K) Class: 14204K(14720K)->14204K(14720K)
[2603.843s][info ][gc             ] GC(76) Pause Young (Allocation Failure) 1840M->378M(2222M) 8.902ms
[2603.843s][info ][gc,cpu         ] GC(76) User=0.04s Sys=0.00s Real=0.01s
[2603.843s][info ][safepoint      ] Safepoint "ParallelGCFailedAllocation", Time since last: 8072873656 ns, Reaching safepoint: 85603 ns, Cleanup: 4100 ns, At safepoint: 8993874 ns, Total: 9083577 ns
[2639.845s][info ][safepoint      ] Safepoint "Cleanup", Time since last: 36002357795 ns, Reaching safepoint: 7600 ns, Cleanup: 18201 ns, At safepoint: 20100 ns, Total: 45901 ns
[2642.776s][info ][safepoint      ] Safepoint "Cleanup", Time since last: 2931196134 ns, Reaching safepoint: 10701 ns, Cleanup: 13900 ns, At safepoint: 6900 ns, Total: 31501 ns
[2643.776s][info ][safepoint      ] Safepoint "Cleanup", Time since last: 1000113975 ns, Reaching safepoint: 9401 ns, Cleanup: 13700 ns, At safepoint: 3000 ns, Total: 26101 ns
[2646.777s][info ][safepoint      ] Safepoint "Cleanup", Time since last: 3000257423 ns, Reaching safepoint: 12000 ns, Cleanup: 80702 ns, At safepoint: 3501 ns, Total: 96203 ns
[2647.680s][info ][gc,start       ] GC(77) Pause Young (Allocation Failure)
[2647.699s][debug][gc,phases      ] GC(77) Scavenge 19.130ms
[2647.699s][debug][gc,ref         ] GC(77) ReferenceProcessor::execute queues: 1, RefProcThreadModel::Single, marks_oops_alive: false
[2647.699s][debug][gc,ref         ] GC(77) ReferenceProcessor::execute queues: 4, RefProcThreadModel::Multi, marks_oops_alive: true
[2647.699s][debug][gc,ref         ] GC(77) ReferenceProcessor::execute queues: 1, RefProcThreadModel::Single, marks_oops_alive: false
[2647.699s][debug][gc,phases      ] GC(77) Reference Processing 0.211ms
[2647.699s][debug][gc,phases      ] GC(77)   VM Weak                        Min:  0.0, Avg:  0.0, Max:  0.0, Diff:  0.0, Sum:  0.0, Workers: 4
[2647.699s][debug][gc,phases      ] GC(77)     Dead                           Min: 0, Avg:  0.0, Max: 0, Diff: 0, Sum: 0, Workers: 4
[2647.699s][debug][gc,phases      ] GC(77)     Total                          Min: 0, Avg: 253.2, Max: 949, Diff: 949, Sum: 1013, Workers: 4
[2647.699s][debug][gc,phases      ] GC(77)   ObjectSynchronizer Weak        Min:  0.0, Avg:  0.0, Max:  0.0, Diff:  0.0, Sum:  0.0, Workers: 4
[2647.699s][debug][gc,phases      ] GC(77)     Dead                           Min: 0, Avg:  0.5, Max: 2, Diff: 2, Sum: 2, Workers: 4
[2647.699s][debug][gc,phases      ] GC(77)     Total                          Min: 0, Avg:  1.5, Max: 6, Diff: 6, Sum: 6, Workers: 4
[2647.699s][debug][gc,phases      ] GC(77)   JVMTI Tag Weak OopStorage      Min:  0.0, Avg:  0.0, Max:  0.0, Diff:  0.0, Sum:  0.0, Workers: 4
[2647.699s][debug][gc,phases      ] GC(77)     Dead                           Min: 0, Avg:  0.0, Max: 0, Diff: 0, Sum: 0, Workers: 4
[2647.700s][debug][gc,phases      ] GC(77)     Total                          Min: 0, Avg:  0.0, Max: 0, Diff: 0, Sum: 0, Workers: 4
[2647.700s][debug][gc,phases      ] GC(77)   StringTable Weak               Min:  0.0, Avg:  0.1, Max:  0.3, Diff:  0.2, Sum:  0.5, Workers: 4
[2647.700s][debug][gc,phases      ] GC(77)     Dead                           Min: 0, Avg:  0.0, Max: 0, Diff: 0, Sum: 0, Workers: 4
[2647.700s][debug][gc,phases      ] GC(77)     Total                          Min: 768, Avg: 12246.0, Max: 24664, Diff: 23896, Sum: 48984, Workers: 4
[2647.700s][debug][gc,phases      ] GC(77)   ResolvedMethodTable Weak       Min:  0.0, Avg:  0.0, Max:  0.0, Diff:  0.0, Sum:  0.1, Workers: 4
[2647.700s][debug][gc,phases      ] GC(77)     Dead                           Min: 0, Avg:  0.0, Max: 0, Diff: 0, Sum: 0, Workers: 4
[2647.700s][debug][gc,phases      ] GC(77)     Total                          Min: 3304, Avg: 3466.0, Max: 3648, Diff: 344, Sum: 13864, Workers: 4
[2647.700s][debug][gc,phases      ] GC(77)   JNI Weak                       Min:  0.0, Avg:  0.0, Max:  0.0, Diff:  0.0, Sum:  0.0, Workers: 4
[2647.700s][debug][gc,phases      ] GC(77)     Dead                           Min: 0, Avg:  0.0, Max: 0, Diff: 0, Sum: 0, Workers: 4
[2647.700s][debug][gc,phases      ] GC(77)     Total                          Min: 0, Avg: 12.2, Max: 49, Diff: 49, Sum: 49, Workers: 4
[2647.700s][debug][gc,phases      ] GC(77)   StringDedup Table Weak         Min:  0.0, Avg:  0.0, Max:  0.0, Diff:  0.0, Sum:  0.0, Workers: 4
[2647.700s][debug][gc,phases      ] GC(77)     Dead                           Min: 0, Avg:  0.0, Max: 0, Diff: 0, Sum: 0, Workers: 4
[2647.700s][debug][gc,phases      ] GC(77)     Total                          Min: 0, Avg:  0.0, Max: 0, Diff: 0, Sum: 0, Workers: 4
[2647.700s][debug][gc,phases      ] GC(77)   StringDedup Requests0 Weak     Min:  0.0, Avg:  0.0, Max:  0.0, Diff:  0.0, Sum:  0.0, Workers: 4
[2647.700s][debug][gc,phases      ] GC(77)     Dead                           Min: 0, Avg:  0.0, Max: 0, Diff: 0, Sum: 0, Workers: 4
[2647.700s][debug][gc,phases      ] GC(77)     Total                          Min: 0, Avg:  0.0, Max: 0, Diff: 0, Sum: 0, Workers: 4
[2647.700s][debug][gc,phases      ] GC(77)   StringDedup Requests1 Weak     Min:  0.0, Avg:  0.0, Max:  0.0, Diff:  0.0, Sum:  0.0, Workers: 4
[2647.700s][debug][gc,phases      ] GC(77)     Dead                           Min: 0, Avg:  0.0, Max: 0, Diff: 0, Sum: 0, Workers: 4
[2647.700s][debug][gc,phases      ] GC(77)     Total                          Min: 0, Avg:  0.0, Max: 0, Diff: 0, Sum: 0, Workers: 4
[2647.700s][debug][gc,phases      ] GC(77)   Weak JFR Old Object Samples    Min:  0.0, Avg:  0.0, Max:  0.0, Diff:  0.0, Sum:  0.0, Workers: 4
[2647.700s][debug][gc,phases      ] GC(77)     Dead                           Min: 0, Avg:  0.0, Max: 0, Diff: 0, Sum: 0, Workers: 4
[2647.700s][debug][gc,phases      ] GC(77)     Total                          Min: 0, Avg:  0.0, Max: 0, Diff: 0, Sum: 0, Workers: 4
[2647.700s][debug][gc,phases      ] GC(77) Weak Processing 0.533ms
[2647.700s][debug][gc,age         ] GC(77) Desired survivor size 265289728 bytes, new threshold 15 (max threshold 15)
[2647.700s][info ][gc,heap        ] GC(77) PSYoungGen: 1531896K(1793536K)->63217K(1838080K) Eden: 1502208K(1502208K)->0K(1560064K) From: 29688K(291328K)->63217K(278016K)
[2647.700s][info ][gc,heap        ] GC(77) ParOldGen: 357803K(482304K)->357811K(482304K)
[2647.700s][info ][gc,metaspace   ] GC(77) Metaspace: 97462K(98752K)->97462K(98752K) NonClass: 83257K(84032K)->83257K(84032K) Class: 14204K(14720K)->14204K(14720K)
[2647.700s][info ][gc             ] GC(77) Pause Young (Allocation Failure) 1845M->411M(2266M) 20.022ms
[2647.700s][info ][gc,cpu         ] GC(77) User=0.07s Sys=0.00s Real=0.02s
[2647.700s][info ][safepoint      ] Safepoint "ParallelGCFailedAllocation", Time since last: 902640534 ns, Reaching safepoint: 87802 ns, Cleanup: 100803 ns, At safepoint: 20119607 ns, Total: 20308212 ns
[2648.700s][info ][safepoint      ] Safepoint "Cleanup", Time since last: 1000093435 ns, Reaching safepoint: 85802 ns, Cleanup: 63802 ns, At safepoint: 15700 ns, Total: 165304 ns
[2649.700s][info ][safepoint      ] Safepoint "Cleanup", Time since last: 1000113086 ns, Reaching safepoint: 88902 ns, Cleanup: 13201 ns, At safepoint: 8600 ns, Total: 110703 ns
[2649.739s][info ][gc,start       ] GC(78) Pause Young (Allocation Failure)
[2649.774s][debug][gc,phases      ] GC(78) Scavenge 34.852ms
[2649.774s][debug][gc,ref         ] GC(78) ReferenceProcessor::execute queues: 1, RefProcThreadModel::Single, marks_oops_alive: false
[2649.774s][debug][gc,ref         ] GC(78) Skipped KeepAliveFinalRefsPhase of Reference Processing: no references
[2649.774s][debug][gc,ref         ] GC(78) ReferenceProcessor::execute queues: 1, RefProcThreadModel::Single, marks_oops_alive: false
[2649.774s][debug][gc,phases      ] GC(78) Reference Processing 0.155ms
[2649.774s][debug][gc,phases      ] GC(78)   VM Weak                        Min:  0.0, Avg:  0.0, Max:  0.0, Diff:  0.0, Sum:  0.0, Workers: 4
[2649.774s][debug][gc,phases      ] GC(78)     Dead                           Min: 0, Avg:  0.0, Max: 0, Diff: 0, Sum: 0, Workers: 4
[2649.774s][debug][gc,phases      ] GC(78)     Total                          Min: 0, Avg: 253.2, Max: 832, Diff: 832, Sum: 1013, Workers: 4
[2649.774s][debug][gc,phases      ] GC(78)   ObjectSynchronizer Weak        Min:  0.0, Avg:  0.0, Max:  0.0, Diff:  0.0, Sum:  0.0, Workers: 4
[2649.774s][debug][gc,phases      ] GC(78)     Dead                           Min: 0, Avg:  0.0, Max: 0, Diff: 0, Sum: 0, Workers: 4
[2649.774s][debug][gc,phases      ] GC(78)     Total                          Min: 0, Avg:  1.5, Max: 6, Diff: 6, Sum: 6, Workers: 4
[2649.774s][debug][gc,phases      ] GC(78)   JVMTI Tag Weak OopStorage      Min:  0.0, Avg:  0.0, Max:  0.0, Diff:  0.0, Sum:  0.0, Workers: 4
[2649.774s][debug][gc,phases      ] GC(78)     Dead                           Min: 0, Avg:  0.0, Max: 0, Diff: 0, Sum: 0, Workers: 4
[2649.774s][debug][gc,phases      ] GC(78)     Total                          Min: 0, Avg:  0.0, Max: 0, Diff: 0, Sum: 0, Workers: 4
[2649.774s][debug][gc,phases      ] GC(78)   StringTable Weak               Min:  0.0, Avg:  0.1, Max:  0.2, Diff:  0.2, Sum:  0.5, Workers: 4
[2649.774s][debug][gc,phases      ] GC(78)     Dead                           Min: 0, Avg:  0.0, Max: 0, Diff: 0, Sum: 0, Workers: 4
[2649.774s][debug][gc,phases      ] GC(78)     Total                          Min: 0, Avg: 12246.0, Max: 25664, Diff: 25664, Sum: 48984, Workers: 4
[2649.774s][debug][gc,phases      ] GC(78)   ResolvedMethodTable Weak       Min:  0.0, Avg:  0.0, Max:  0.1, Diff:  0.1, Sum:  0.1, Workers: 4
[2649.774s][debug][gc,phases      ] GC(78)     Dead                           Min: 0, Avg:  0.0, Max: 0, Diff: 0, Sum: 0, Workers: 4
[2649.774s][debug][gc,phases      ] GC(78)     Total                          Min: 0, Avg: 3466.0, Max: 7208, Diff: 7208, Sum: 13864, Workers: 4
[2649.774s][debug][gc,phases      ] GC(78)   JNI Weak                       Min:  0.0, Avg:  0.0, Max:  0.0, Diff:  0.0, Sum:  0.0, Workers: 4
[2649.774s][debug][gc,phases      ] GC(78)     Dead                           Min: 0, Avg:  0.0, Max: 0, Diff: 0, Sum: 0, Workers: 4
[2649.774s][debug][gc,phases      ] GC(78)     Total                          Min: 0, Avg: 12.0, Max: 48, Diff: 48, Sum: 48, Workers: 4
[2649.774s][debug][gc,phases      ] GC(78)   StringDedup Table Weak         Min:  0.0, Avg:  0.0, Max:  0.0, Diff:  0.0, Sum:  0.0, Workers: 4
[2649.774s][debug][gc,phases      ] GC(78)     Dead                           Min: 0, Avg:  0.0, Max: 0, Diff: 0, Sum: 0, Workers: 4
[2649.774s][debug][gc,phases      ] GC(78)     Total                          Min: 0, Avg:  0.0, Max: 0, Diff: 0, Sum: 0, Workers: 4
[2649.774s][debug][gc,phases      ] GC(78)   StringDedup Requests0 Weak     Min:  0.0, Avg:  0.0, Max:  0.0, Diff:  0.0, Sum:  0.0, Workers: 4
[2649.774s][debug][gc,phases      ] GC(78)     Dead                           Min: 0, Avg:  0.0, Max: 0, Diff: 0, Sum: 0, Workers: 4
[2649.774s][debug][gc,phases      ] GC(78)     Total                          Min: 0, Avg:  0.0, Max: 0, Diff: 0, Sum: 0, Workers: 4
[2649.774s][debug][gc,phases      ] GC(78)   StringDedup Requests1 Weak     Min:  0.0, Avg:  0.0, Max:  0.0, Diff:  0.0, Sum:  0.0, Workers: 4
[2649.774s][debug][gc,phases      ] GC(78)     Dead                           Min: 0, Avg:  0.0, Max: 0, Diff: 0, Sum: 0, Workers: 4
[2649.774s][debug][gc,phases      ] GC(78)     Total                          Min: 0, Avg:  0.0, Max: 0, Diff: 0, Sum: 0, Workers: 4
[2649.774s][debug][gc,phases      ] GC(78)   Weak JFR Old Object Samples    Min:  0.0, Avg:  0.0, Max:  0.0, Diff:  0.0, Sum:  0.0, Workers: 4
[2649.774s][debug][gc,phases      ] GC(78)     Dead                           Min: 0, Avg:  0.0, Max: 0, Diff: 0, Sum: 0, Workers: 4
[2649.774s][debug][gc,phases      ] GC(78)     Total                          Min: 0, Avg:  0.0, Max: 0, Diff: 0, Sum: 0, Workers: 4
[2649.774s][debug][gc,phases      ] GC(78) Weak Processing 0.635ms
[2649.774s][debug][gc,age         ] GC(78) Desired survivor size 264241152 bytes, new threshold 15 (max threshold 15)
[2649.774s][info ][gc,heap        ] GC(78) PSYoungGen: 1623281K(1838080K)->118786K(1819136K) Eden: 1560064K(1560064K)->0K(1560064K) From: 63217K(278016K)->118786K(259072K)
[2649.774s][info ][gc,heap        ] GC(78) ParOldGen: 357811K(482304K)->357811K(482304K)
[2649.774s][info ][gc,metaspace   ] GC(78) Metaspace: 97472K(98752K)->97472K(98752K) NonClass: 83268K(84032K)->83268K(84032K) Class: 14204K(14720K)->14204K(14720K)
[2649.774s][info ][gc             ] GC(78) Pause Young (Allocation Failure) 1934M->465M(2247M) 35.805ms
[2649.774s][info ][gc,cpu         ] GC(78) User=0.12s Sys=0.01s Real=0.04s
[2649.774s][info ][safepoint      ] Safepoint "ParallelGCFailedAllocation", Time since last: 38245363 ns, Reaching safepoint: 79202 ns, Cleanup: 6900 ns, At safepoint: 35910104 ns, Total: 35996206 ns
[2650.775s][info ][safepoint      ] Safepoint "Cleanup", Time since last: 1000091386 ns, Reaching safepoint: 9900 ns, Cleanup: 19700 ns, At safepoint: 3600 ns, Total: 33200 ns
[2651.775s][info ][safepoint      ] Safepoint "Cleanup", Time since last: 1000125586 ns, Reaching safepoint: 14401 ns, Cleanup: 31501 ns, At safepoint: 2900 ns, Total: 48802 ns
[2652.775s][info ][safepoint      ] Safepoint "Cleanup", Time since last: 1000111273 ns, Reaching safepoint: 13001 ns, Cleanup: 17500 ns, At safepoint: 3400 ns, Total: 33901 ns
[2656.775s][info ][safepoint      ] Safepoint "Cleanup", Time since last: 4000327331 ns, Reaching safepoint: 9900 ns, Cleanup: 14100 ns, At safepoint: 2600 ns, Total: 26600 ns
[2657.775s][info ][safepoint      ] Safepoint "Cleanup", Time since last: 1000118038 ns, Reaching safepoint: 13500 ns, Cleanup: 14801 ns, At safepoint: 3300 ns, Total: 31601 ns
[2659.776s][info ][safepoint      ] Safepoint "Cleanup", Time since last: 2000193674 ns, Reaching safepoint: 10100 ns, Cleanup: 19201 ns, At safepoint: 27301 ns, Total: 56602 ns
[2662.776s][info ][safepoint      ] Safepoint "Cleanup", Time since last: 3000256510 ns, Reaching safepoint: 10500 ns, Cleanup: 12001 ns, At safepoint: 2400 ns, Total: 24901 ns
[2665.776s][info ][safepoint      ] Safepoint "Cleanup", Time since last: 3000266426 ns, Reaching safepoint: 11500 ns, Cleanup: 17601 ns, At safepoint: 2500 ns, Total: 31601 ns
[2666.776s][info ][safepoint      ] Safepoint "Cleanup", Time since last: 1000121211 ns, Reaching safepoint: 9900 ns, Cleanup: 13100 ns, At safepoint: 2900 ns, Total: 25900 ns
[2674.777s][info ][safepoint      ] Safepoint "Cleanup", Time since last: 8000576401 ns, Reaching safepoint: 10400 ns, Cleanup: 12301 ns, At safepoint: 3000 ns, Total: 25701 ns
[2677.777s][info ][safepoint      ] Safepoint "Cleanup", Time since last: 3000255681 ns, Reaching safepoint: 10300 ns, Cleanup: 12001 ns, At safepoint: 2900 ns, Total: 25201 ns
[2679.284s][info ][gc,start       ] GC(79) Pause Young (Allocation Failure)
[2679.315s][debug][gc,phases      ] GC(79) Scavenge 30.794ms
[2679.315s][debug][gc,ref         ] GC(79) ReferenceProcessor::execute queues: 1, RefProcThreadModel::Single, marks_oops_alive: false
[2679.315s][debug][gc,ref         ] GC(79) Skipped KeepAliveFinalRefsPhase of Reference Processing: no references
[2679.315s][debug][gc,ref         ] GC(79) ReferenceProcessor::execute queues: 1, RefProcThreadModel::Single, marks_oops_alive: false
[2679.315s][debug][gc,phases      ] GC(79) Reference Processing 0.141ms
[2679.316s][debug][gc,phases      ] GC(79)   VM Weak                        Min:  0.0, Avg:  0.0, Max:  0.0, Diff:  0.0, Sum:  0.0, Workers: 4
[2679.316s][debug][gc,phases      ] GC(79)     Dead                           Min: 0, Avg:  0.0, Max: 0, Diff: 0, Sum: 0, Workers: 4
[2679.316s][debug][gc,phases      ] GC(79)     Total                          Min: 0, Avg: 253.2, Max: 693, Diff: 693, Sum: 1013, Workers: 4
[2679.316s][debug][gc,phases      ] GC(79)   ObjectSynchronizer Weak        Min:  0.0, Avg:  0.0, Max:  0.0, Diff:  0.0, Sum:  0.0, Workers: 4
[2679.316s][debug][gc,phases      ] GC(79)     Dead                           Min: 0, Avg:  0.0, Max: 0, Diff: 0, Sum: 0, Workers: 4
[2679.316s][debug][gc,phases      ] GC(79)     Total                          Min: 0, Avg:  1.5, Max: 6, Diff: 6, Sum: 6, Workers: 4
[2679.316s][debug][gc,phases      ] GC(79)   JVMTI Tag Weak OopStorage      Min:  0.0, Avg:  0.0, Max:  0.0, Diff:  0.0, Sum:  0.0, Workers: 4
[2679.316s][debug][gc,phases      ] GC(79)     Dead                           Min: 0, Avg:  0.0, Max: 0, Diff: 0, Sum: 0, Workers: 4
[2679.316s][debug][gc,phases      ] GC(79)     Total                          Min: 0, Avg:  0.0, Max: 0, Diff: 0, Sum: 0, Workers: 4
[2679.316s][debug][gc,phases      ] GC(79)   StringTable Weak               Min:  0.0, Avg:  0.1, Max:  0.2, Diff:  0.2, Sum:  0.5, Workers: 4
[2679.316s][debug][gc,phases      ] GC(79)     Dead                           Min: 0, Avg:  0.0, Max: 0, Diff: 0, Sum: 0, Workers: 4
[2679.316s][debug][gc,phases      ] GC(79)     Total                          Min: 0, Avg: 12249.5, Max: 21248, Diff: 21248, Sum: 48998, Workers: 4
[2679.316s][debug][gc,phases      ] GC(79)   ResolvedMethodTable Weak       Min:  0.0, Avg:  0.0, Max:  0.0, Diff:  0.0, Sum:  0.1, Workers: 4
[2679.316s][debug][gc,phases      ] GC(79)     Dead                           Min: 0, Avg:  0.0, Max: 0, Diff: 0, Sum: 0, Workers: 4
[2679.316s][debug][gc,phases      ] GC(79)     Total                          Min: 0, Avg: 3466.0, Max: 4968, Diff: 4968, Sum: 13864, Workers: 4
[2679.316s][debug][gc,phases      ] GC(79)   JNI Weak                       Min:  0.0, Avg:  0.0, Max:  0.0, Diff:  0.0, Sum:  0.0, Workers: 4
[2679.316s][debug][gc,phases      ] GC(79)     Dead                           Min: 0, Avg:  0.0, Max: 0, Diff: 0, Sum: 0, Workers: 4
[2679.316s][debug][gc,phases      ] GC(79)     Total                          Min: 0, Avg: 12.0, Max: 48, Diff: 48, Sum: 48, Workers: 4
[2679.316s][debug][gc,phases      ] GC(79)   StringDedup Table Weak         Min:  0.0, Avg:  0.0, Max:  0.0, Diff:  0.0, Sum:  0.0, Workers: 4
[2679.316s][debug][gc,phases      ] GC(79)     Dead                           Min: 0, Avg:  0.0, Max: 0, Diff: 0, Sum: 0, Workers: 4
[2679.316s][debug][gc,phases      ] GC(79)     Total                          Min: 0, Avg:  0.0, Max: 0, Diff: 0, Sum: 0, Workers: 4
[2679.316s][debug][gc,phases      ] GC(79)   StringDedup Requests0 Weak     Min:  0.0, Avg:  0.0, Max:  0.0, Diff:  0.0, Sum:  0.0, Workers: 4
[2679.316s][debug][gc,phases      ] GC(79)     Dead                           Min: 0, Avg:  0.0, Max: 0, Diff: 0, Sum: 0, Workers: 4
[2679.316s][debug][gc,phases      ] GC(79)     Total                          Min: 0, Avg:  0.0, Max: 0, Diff: 0, Sum: 0, Workers: 4
[2679.316s][debug][gc,phases      ] GC(79)   StringDedup Requests1 Weak     Min:  0.0, Avg:  0.0, Max:  0.0, Diff:  0.0, Sum:  0.0, Workers: 4
[2679.316s][debug][gc,phases      ] GC(79)     Dead                           Min: 0, Avg:  0.0, Max: 0, Diff: 0, Sum: 0, Workers: 4
[2679.316s][debug][gc,phases      ] GC(79)     Total                          Min: 0, Avg:  0.0, Max: 0, Diff: 0, Sum: 0, Workers: 4
[2679.316s][debug][gc,phases      ] GC(79)   Weak JFR Old Object Samples    Min:  0.0, Avg:  0.0, Max:  0.0, Diff:  0.0, Sum:  0.0, Workers: 4
[2679.316s][debug][gc,phases      ] GC(79)     Dead                           Min: 0, Avg:  0.0, Max: 0, Diff: 0, Sum: 0, Workers: 4
[2679.316s][debug][gc,phases      ] GC(79)     Total                          Min: 0, Avg:  0.0, Max: 0, Diff: 0, Sum: 0, Workers: 4
[2679.316s][debug][gc,phases      ] GC(79) Weak Processing 0.513ms
[2679.316s][debug][gc,age         ] GC(79) Desired survivor size 262668288 bytes, new threshold 15 (max threshold 15)
[2679.316s][info ][gc,heap        ] GC(79) PSYoungGen: 1678850K(1819136K)->121906K(1840640K) Eden: 1560064K(1560064K)->0K(1582592K) From: 118786K(259072K)->121906K(258048K)
[2679.316s][info ][gc,heap        ] GC(79) ParOldGen: 357811K(482304K)->357811K(482304K)
[2679.316s][info ][gc,metaspace   ] GC(79) Metaspace: 97507K(98752K)->97507K(98752K) NonClass: 83303K(84032K)->83303K(84032K) Class: 14204K(14720K)->14204K(14720K)
[2679.316s][info ][gc             ] GC(79) Pause Young (Allocation Failure) 1988M->468M(2268M) 31.768ms
[2679.316s][info ][gc,cpu         ] GC(79) User=0.12s Sys=0.00s Real=0.03s
[2679.316s][info ][safepoint      ] Safepoint "ParallelGCFailedAllocation", Time since last: 1506598278 ns, Reaching safepoint: 76102 ns, Cleanup: 5200 ns, At safepoint: 31863958 ns, Total: 31945260 ns
[2681.316s][info ][safepoint      ] Safepoint "Cleanup", Time since last: 2000163875 ns, Reaching safepoint: 10500 ns, Cleanup: 12601 ns, At safepoint: 2800 ns, Total: 25901 ns
[2687.317s][info ][safepoint      ] Safepoint "Cleanup", Time since last: 6000505180 ns, Reaching safepoint: 12800 ns, Cleanup: 14900 ns, At safepoint: 3400 ns, Total: 31100 ns
[2688.317s][info ][safepoint      ] Safepoint "Cleanup", Time since last: 1000121815 ns, Reaching safepoint: 9900 ns, Cleanup: 14901 ns, At safepoint: 2600 ns, Total: 27401 ns
[2689.317s][info ][safepoint      ] Safepoint "Cleanup", Time since last: 1000137032 ns, Reaching safepoint: 10901 ns, Cleanup: 13800 ns, At safepoint: 3000 ns, Total: 27701 ns
[2697.318s][info ][safepoint      ] Safepoint "Cleanup", Time since last: 8000628510 ns, Reaching safepoint: 11300 ns, Cleanup: 12801 ns, At safepoint: 3500 ns, Total: 27601 ns
[2705.797s][info ][safepoint      ] Safepoint "Cleanup", Time since last: 8479727164 ns, Reaching safepoint: 8600 ns, Cleanup: 15101 ns, At safepoint: 2800 ns, Total: 26501 ns
[2708.798s][info ][safepoint      ] Safepoint "Cleanup", Time since last: 3000357117 ns, Reaching safepoint: 7400 ns, Cleanup: 10900 ns, At safepoint: 3500 ns, Total: 21800 ns
[2709.798s][info ][safepoint      ] Safepoint "Cleanup", Time since last: 1000126606 ns, Reaching safepoint: 8101 ns, Cleanup: 10600 ns, At safepoint: 2500 ns, Total: 21201 ns
[2710.798s][info ][safepoint      ] Safepoint "Cleanup", Time since last: 1000126606 ns, Reaching safepoint: 9700 ns, Cleanup: 20401 ns, At safepoint: 6800 ns, Total: 36901 ns
[2712.534s][info ][gc,start       ] GC(80) Pause Young (Allocation Failure)
[2712.569s][debug][gc,phases      ] GC(80) Scavenge 35.248ms
[2712.569s][debug][gc,ref         ] GC(80) ReferenceProcessor::execute queues: 1, RefProcThreadModel::Single, marks_oops_alive: false
[2712.569s][debug][gc,ref         ] GC(80) ReferenceProcessor::execute queues: 4, RefProcThreadModel::Multi, marks_oops_alive: true
[2712.569s][debug][gc,ref         ] GC(80) ReferenceProcessor::execute queues: 1, RefProcThreadModel::Single, marks_oops_alive: false
[2712.569s][debug][gc,phases      ] GC(80) Reference Processing 0.216ms
[2712.569s][debug][gc,phases      ] GC(80)   VM Weak                        Min:  0.0, Avg:  0.0, Max:  0.0, Diff:  0.0, Sum:  0.0, Workers: 4
[2712.569s][debug][gc,phases      ] GC(80)     Dead                           Min: 0, Avg:  0.0, Max: 0, Diff: 0, Sum: 0, Workers: 4
[2712.569s][debug][gc,phases      ] GC(80)     Total                          Min: 0, Avg: 253.2, Max: 448, Diff: 448, Sum: 1013, Workers: 4
[2712.569s][debug][gc,phases      ] GC(80)   ObjectSynchronizer Weak        Min:  0.0, Avg:  0.0, Max:  0.0, Diff:  0.0, Sum:  0.0, Workers: 4
[2712.569s][debug][gc,phases      ] GC(80)     Dead                           Min: 0, Avg:  0.5, Max: 2, Diff: 2, Sum: 2, Workers: 4
[2712.569s][debug][gc,phases      ] GC(80)     Total                          Min: 0, Avg:  1.5, Max: 6, Diff: 6, Sum: 6, Workers: 4
[2712.570s][debug][gc,phases      ] GC(80)   JVMTI Tag Weak OopStorage      Min:  0.0, Avg:  0.0, Max:  0.0, Diff:  0.0, Sum:  0.0, Workers: 4
[2712.570s][debug][gc,phases      ] GC(80)     Dead                           Min: 0, Avg:  0.0, Max: 0, Diff: 0, Sum: 0, Workers: 4
[2712.570s][debug][gc,phases      ] GC(80)     Total                          Min: 0, Avg:  0.0, Max: 0, Diff: 0, Sum: 0, Workers: 4
[2712.570s][debug][gc,phases      ] GC(80)   StringTable Weak               Min:  0.0, Avg:  0.1, Max:  0.2, Diff:  0.2, Sum:  0.5, Workers: 4
[2712.570s][debug][gc,phases      ] GC(80)     Dead                           Min: 0, Avg:  0.0, Max: 0, Diff: 0, Sum: 0, Workers: 4
[2712.570s][debug][gc,phases      ] GC(80)     Total                          Min: 0, Avg: 12250.2, Max: 17705, Diff: 17705, Sum: 49001, Workers: 4
[2712.570s][debug][gc,phases      ] GC(80)   ResolvedMethodTable Weak       Min:  0.0, Avg:  0.0, Max:  0.1, Diff:  0.1, Sum:  0.2, Workers: 4
[2712.570s][debug][gc,phases      ] GC(80)     Dead                           Min: 0, Avg:  0.0, Max: 0, Diff: 0, Sum: 0, Workers: 4
[2712.570s][debug][gc,phases      ] GC(80)     Total                          Min: 0, Avg: 3466.0, Max: 4736, Diff: 4736, Sum: 13864, Workers: 4
[2712.570s][debug][gc,phases      ] GC(80)   JNI Weak                       Min:  0.0, Avg:  0.0, Max:  0.0, Diff:  0.0, Sum:  0.0, Workers: 4
[2712.570s][debug][gc,phases      ] GC(80)     Dead                           Min: 0, Avg:  0.0, Max: 0, Diff: 0, Sum: 0, Workers: 4
[2712.570s][debug][gc,phases      ] GC(80)     Total                          Min: 0, Avg: 12.5, Max: 50, Diff: 50, Sum: 50, Workers: 4
[2712.570s][debug][gc,phases      ] GC(80)   StringDedup Table Weak         Min:  0.0, Avg:  0.0, Max:  0.0, Diff:  0.0, Sum:  0.0, Workers: 4
[2712.570s][debug][gc,phases      ] GC(80)     Dead                           Min: 0, Avg:  0.0, Max: 0, Diff: 0, Sum: 0, Workers: 4
[2712.570s][debug][gc,phases      ] GC(80)     Total                          Min: 0, Avg:  0.0, Max: 0, Diff: 0, Sum: 0, Workers: 4
[2712.570s][debug][gc,phases      ] GC(80)   StringDedup Requests0 Weak     Min:  0.0, Avg:  0.0, Max:  0.0, Diff:  0.0, Sum:  0.0, Workers: 4
[2712.570s][debug][gc,phases      ] GC(80)     Dead                           Min: 0, Avg:  0.0, Max: 0, Diff: 0, Sum: 0, Workers: 4
[2712.570s][debug][gc,phases      ] GC(80)     Total                          Min: 0, Avg:  0.0, Max: 0, Diff: 0, Sum: 0, Workers: 4
[2712.570s][debug][gc,phases      ] GC(80)   StringDedup Requests1 Weak     Min:  0.0, Avg:  0.0, Max:  0.0, Diff:  0.0, Sum:  0.0, Workers: 4
[2712.570s][debug][gc,phases      ] GC(80)     Dead                           Min: 0, Avg:  0.0, Max: 0, Diff: 0, Sum: 0, Workers: 4
[2712.570s][debug][gc,phases      ] GC(80)     Total                          Min: 0, Avg:  0.0, Max: 0, Diff: 0, Sum: 0, Workers: 4
[2712.570s][debug][gc,phases      ] GC(80)   Weak JFR Old Object Samples    Min:  0.0, Avg:  0.0, Max:  0.0, Diff:  0.0, Sum:  0.0, Workers: 4
[2712.570s][debug][gc,phases      ] GC(80)     Dead                           Min: 0, Avg:  0.0, Max: 0, Diff: 0, Sum: 0, Workers: 4
[2712.570s][debug][gc,phases      ] GC(80)     Total                          Min: 0, Avg:  0.0, Max: 0, Diff: 0, Sum: 0, Workers: 4
[2712.570s][debug][gc,phases      ] GC(80) Weak Processing 0.499ms
[2712.570s][debug][gc,age         ] GC(80) Desired survivor size 262144000 bytes, new threshold 15 (max threshold 15)
[2712.570s][info ][gc,heap        ] GC(80) PSYoungGen: 1704498K(1840640K)->125554K(1839104K) Eden: 1582592K(1582592K)->0K(1582592K) From: 121906K(258048K)->125554K(256512K)
[2712.570s][info ][gc,heap        ] GC(80) ParOldGen: 357811K(482304K)->357811K(482304K)
[2712.570s][info ][gc,metaspace   ] GC(80) Metaspace: 97536K(98752K)->97536K(98752K) NonClass: 83332K(84032K)->83332K(84032K) Class: 14204K(14720K)->14204K(14720K)
[2712.570s][info ][gc             ] GC(80) Pause Young (Allocation Failure) 2013M->472M(2267M) 36.130ms
[2712.570s][info ][gc,cpu         ] GC(80) User=0.12s Sys=0.00s Real=0.04s
[2712.570s][info ][safepoint      ] Safepoint "ParallelGCFailedAllocation", Time since last: 1735559673 ns, Reaching safepoint: 10500 ns, Cleanup: 20701 ns, At safepoint: 36248459 ns, Total: 36279660 ns
[2713.570s][info ][safepoint      ] Safepoint "Cleanup", Time since last: 1000097735 ns, Reaching safepoint: 8000 ns, Cleanup: 22901 ns, At safepoint: 2400 ns, Total: 33301 ns
[2714.570s][info ][safepoint      ] Safepoint "Cleanup", Time since last: 1000126935 ns, Reaching safepoint: 9901 ns, Cleanup: 11300 ns, At safepoint: 3100 ns, Total: 24301 ns
[2715.570s][info ][safepoint      ] Safepoint "Cleanup", Time since last: 1000126236 ns, Reaching safepoint: 8800 ns, Cleanup: 10500 ns, At safepoint: 2500 ns, Total: 21800 ns
[2717.570s][info ][safepoint      ] Safepoint "Cleanup", Time since last: 2000202570 ns, Reaching safepoint: 11100 ns, Cleanup: 12901 ns, At safepoint: 3400 ns, Total: 27401 ns
[2722.571s][info ][safepoint      ] Safepoint "Cleanup", Time since last: 5000417850 ns, Reaching safepoint: 9701 ns, Cleanup: 11400 ns, At safepoint: 3200 ns, Total: 24301 ns
[2731.572s][info ][safepoint      ] Safepoint "Cleanup", Time since last: 9000684898 ns, Reaching safepoint: 10101 ns, Cleanup: 18800 ns, At safepoint: 3300 ns, Total: 32201 ns
[2733.572s][info ][safepoint      ] Safepoint "Cleanup", Time since last: 2000228044 ns, Reaching safepoint: 37201 ns, Cleanup: 10400 ns, At safepoint: 3100 ns, Total: 50701 ns
[2734.572s][info ][safepoint      ] Safepoint "Cleanup", Time since last: 1000125772 ns, Reaching safepoint: 12401 ns, Cleanup: 13300 ns, At safepoint: 6300 ns, Total: 32001 ns
[2738.572s][info ][safepoint      ] Safepoint "Cleanup", Time since last: 4000324853 ns, Reaching safepoint: 12300 ns, Cleanup: 15801 ns, At safepoint: 3600 ns, Total: 31701 ns
[2744.573s][info ][safepoint      ] Safepoint "Cleanup", Time since last: 6000492590 ns, Reaching safepoint: 10300 ns, Cleanup: 17200 ns, At safepoint: 2800 ns, Total: 30300 ns
[2745.573s][info ][safepoint      ] Safepoint "Cleanup", Time since last: 1000141482 ns, Reaching safepoint: 10600 ns, Cleanup: 13200 ns, At safepoint: 3200 ns, Total: 27000 ns
[2746.490s][info ][gc,start       ] GC(81) Pause Young (Allocation Failure)
[2746.526s][debug][gc,phases      ] GC(81) Scavenge 35.872ms
[2746.526s][debug][gc,ref         ] GC(81) ReferenceProcessor::execute queues: 1, RefProcThreadModel::Single, marks_oops_alive: false
[2746.526s][debug][gc,ref         ] GC(81) Skipped KeepAliveFinalRefsPhase of Reference Processing: no references
[2746.526s][debug][gc,ref         ] GC(81) ReferenceProcessor::execute queues: 1, RefProcThreadModel::Single, marks_oops_alive: false
[2746.526s][debug][gc,phases      ] GC(81) Reference Processing 0.131ms
[2746.526s][debug][gc,phases      ] GC(81)   VM Weak                        Min:  0.0, Avg:  0.0, Max:  0.0, Diff:  0.0, Sum:  0.0, Workers: 4
[2746.526s][debug][gc,phases      ] GC(81)     Dead                           Min: 0, Avg:  0.0, Max: 0, Diff: 0, Sum: 0, Workers: 4
[2746.526s][debug][gc,phases      ] GC(81)     Total                          Min: 0, Avg: 253.2, Max: 629, Diff: 629, Sum: 1013, Workers: 4
[2746.526s][debug][gc,phases      ] GC(81)   ObjectSynchronizer Weak        Min:  0.0, Avg:  0.0, Max:  0.0, Diff:  0.0, Sum:  0.0, Workers: 4
[2746.526s][debug][gc,phases      ] GC(81)     Dead                           Min: 0, Avg:  0.0, Max: 0, Diff: 0, Sum: 0, Workers: 4
[2746.526s][debug][gc,phases      ] GC(81)     Total                          Min: 0, Avg:  1.8, Max: 7, Diff: 7, Sum: 7, Workers: 4
[2746.526s][debug][gc,phases      ] GC(81)   JVMTI Tag Weak OopStorage      Min:  0.0, Avg:  0.0, Max:  0.0, Diff:  0.0, Sum:  0.0, Workers: 4
[2746.526s][debug][gc,phases      ] GC(81)     Dead                           Min: 0, Avg:  0.0, Max: 0, Diff: 0, Sum: 0, Workers: 4
[2746.526s][debug][gc,phases      ] GC(81)     Total                          Min: 0, Avg:  0.0, Max: 0, Diff: 0, Sum: 0, Workers: 4
[2746.526s][debug][gc,phases      ] GC(81)   StringTable Weak               Min:  0.0, Avg:  0.1, Max:  0.2, Diff:  0.2, Sum:  0.5, Workers: 4
[2746.526s][debug][gc,phases      ] GC(81)     Dead                           Min: 0, Avg:  0.0, Max: 0, Diff: 0, Sum: 0, Workers: 4
[2746.526s][debug][gc,phases      ] GC(81)     Total                          Min: 0, Avg: 12252.0, Max: 18048, Diff: 18048, Sum: 49008, Workers: 4
[2746.526s][debug][gc,phases      ] GC(81)   ResolvedMethodTable Weak       Min:  0.0, Avg:  0.0, Max:  0.1, Diff:  0.1, Sum:  0.2, Workers: 4
[2746.526s][debug][gc,phases      ] GC(81)     Dead                           Min: 0, Avg:  0.2, Max: 1, Diff: 1, Sum: 1, Workers: 4
[2746.526s][debug][gc,phases      ] GC(81)     Total                          Min: 0, Avg: 3467.0, Max: 4736, Diff: 4736, Sum: 13868, Workers: 4
[2746.526s][debug][gc,phases      ] GC(81)   JNI Weak                       Min:  0.0, Avg:  0.0, Max:  0.0, Diff:  0.0, Sum:  0.0, Workers: 4
[2746.526s][debug][gc,phases      ] GC(81)     Dead                           Min: 0, Avg:  0.0, Max: 0, Diff: 0, Sum: 0, Workers: 4
[2746.526s][debug][gc,phases      ] GC(81)     Total                          Min: 0, Avg: 12.0, Max: 48, Diff: 48, Sum: 48, Workers: 4
[2746.526s][debug][gc,phases      ] GC(81)   StringDedup Table Weak         Min:  0.0, Avg:  0.0, Max:  0.0, Diff:  0.0, Sum:  0.0, Workers: 4
[2746.526s][debug][gc,phases      ] GC(81)     Dead                           Min: 0, Avg:  0.0, Max: 0, Diff: 0, Sum: 0, Workers: 4
[2746.526s][debug][gc,phases      ] GC(81)     Total                          Min: 0, Avg:  0.0, Max: 0, Diff: 0, Sum: 0, Workers: 4
[2746.526s][debug][gc,phases      ] GC(81)   StringDedup Requests0 Weak     Min:  0.0, Avg:  0.0, Max:  0.0, Diff:  0.0, Sum:  0.0, Workers: 4
[2746.526s][debug][gc,phases      ] GC(81)     Dead                           Min: 0, Avg:  0.0, Max: 0, Diff: 0, Sum: 0, Workers: 4
[2746.526s][debug][gc,phases      ] GC(81)     Total                          Min: 0, Avg:  0.0, Max: 0, Diff: 0, Sum: 0, Workers: 4
[2746.526s][debug][gc,phases      ] GC(81)   StringDedup Requests1 Weak     Min:  0.0, Avg:  0.0, Max:  0.0, Diff:  0.0, Sum:  0.0, Workers: 4
[2746.526s][debug][gc,phases      ] GC(81)     Dead                           Min: 0, Avg:  0.0, Max: 0, Diff: 0, Sum: 0, Workers: 4
[2746.526s][debug][gc,phases      ] GC(81)     Total                          Min: 0, Avg:  0.0, Max: 0, Diff: 0, Sum: 0, Workers: 4
[2746.526s][debug][gc,phases      ] GC(81)   Weak JFR Old Object Samples    Min:  0.0, Avg:  0.0, Max:  0.0, Diff:  0.0, Sum:  0.0, Workers: 4
[2746.526s][debug][gc,phases      ] GC(81)     Dead                           Min: 0, Avg:  0.0, Max: 0, Diff: 0, Sum: 0, Workers: 4
[2746.526s][debug][gc,phases      ] GC(81)     Total                          Min: 0, Avg:  0.0, Max: 0, Diff: 0, Sum: 0, Workers: 4
[2746.526s][debug][gc,phases      ] GC(81) Weak Processing 0.502ms
[2746.526s][debug][gc,age         ] GC(81) Desired survivor size 259522560 bytes, new threshold 15 (max threshold 15)
[2746.526s][info ][gc,heap        ] GC(81) PSYoungGen: 1708146K(1839104K)->125058K(1843712K) Eden: 1582592K(1582592K)->0K(1587712K) From: 125554K(256512K)->125058K(256000K)
[2746.526s][info ][gc,heap        ] GC(81) ParOldGen: 357811K(482304K)->360932K(482304K)
[2746.526s][info ][gc,metaspace   ] GC(81) Metaspace: 97556K(98816K)->97556K(98816K) NonClass: 83351K(84096K)->83351K(84096K) Class: 14205K(14720K)->14205K(14720K)
[2746.526s][info ][gc             ] GC(81) Pause Young (Allocation Failure) 2017M->474M(2271M) 36.660ms
[2746.526s][info ][gc,cpu         ] GC(81) User=0.12s Sys=0.01s Real=0.03s
[2746.526s][info ][safepoint      ] Safepoint "ParallelGCFailedAllocation", Time since last: 916338244 ns, Reaching safepoint: 82403 ns, Cleanup: 4000 ns, At safepoint: 36752513 ns, Total: 36838916 ns
[2747.526s][info ][safepoint      ] Safepoint "Cleanup", Time since last: 1000108380 ns, Reaching safepoint: 13900 ns, Cleanup: 18401 ns, At safepoint: 3500 ns, Total: 35801 ns
[2748.527s][info ][safepoint      ] Safepoint "Cleanup", Time since last: 1000153382 ns, Reaching safepoint: 13900 ns, Cleanup: 15200 ns, At safepoint: 3501 ns, Total: 32601 ns
[2754.527s][info ][safepoint      ] Safepoint "Cleanup", Time since last: 6000471470 ns, Reaching safepoint: 10200 ns, Cleanup: 13901 ns, At safepoint: 3000 ns, Total: 27101 ns
[2755.527s][info ][safepoint      ] Safepoint "Cleanup", Time since last: 1000171600 ns, Reaching safepoint: 10600 ns, Cleanup: 13400 ns, At safepoint: 2800 ns, Total: 26800 ns
[2756.527s][info ][safepoint      ] Safepoint "Cleanup", Time since last: 1000130999 ns, Reaching safepoint: 10400 ns, Cleanup: 16001 ns, At safepoint: 2600 ns, Total: 29001 ns
[2757.528s][info ][safepoint      ] Safepoint "Cleanup", Time since last: 1000119798 ns, Reaching safepoint: 10200 ns, Cleanup: 15200 ns, At safepoint: 6000 ns, Total: 31400 ns
[2759.528s][info ][safepoint      ] Safepoint "Cleanup", Time since last: 2000190095 ns, Reaching safepoint: 10500 ns, Cleanup: 14701 ns, At safepoint: 2900 ns, Total: 28101 ns
[2760.813s][info ][safepoint      ] Safepoint "Cleanup", Time since last: 1285133176 ns, Reaching safepoint: 4000 ns, Cleanup: 18500 ns, At safepoint: 5301 ns, Total: 27801 ns
[2761.813s][info ][safepoint      ] Safepoint "Cleanup", Time since last: 1000149934 ns, Reaching safepoint: 9400 ns, Cleanup: 37101 ns, At safepoint: 2400 ns, Total: 48901 ns
[2762.813s][info ][safepoint      ] Safepoint "Cleanup", Time since last: 1000105733 ns, Reaching safepoint: 7800 ns, Cleanup: 18501 ns, At safepoint: 2700 ns, Total: 29001 ns
[2763.813s][info ][safepoint      ] Safepoint "Cleanup", Time since last: 1000118033 ns, Reaching safepoint: 8300 ns, Cleanup: 13801 ns, At safepoint: 2800 ns, Total: 24901 ns
[2765.814s][info ][safepoint      ] Safepoint "Cleanup", Time since last: 2000184564 ns, Reaching safepoint: 9401 ns, Cleanup: 10700 ns, At safepoint: 2900 ns, Total: 23001 ns
[2766.814s][info ][safepoint      ] Safepoint "Cleanup", Time since last: 1000126334 ns, Reaching safepoint: 8600 ns, Cleanup: 9600 ns, At safepoint: 2600 ns, Total: 20800 ns
[2768.814s][info ][safepoint      ] Safepoint "Cleanup", Time since last: 2000197129 ns, Reaching safepoint: 8810 ns, Cleanup: 14516 ns, At safepoint: 2603 ns, Total: 25929 ns
[2769.814s][info ][safepoint      ] Safepoint "Cleanup", Time since last: 1000125928 ns, Reaching safepoint: 10901 ns, Cleanup: 12200 ns, At safepoint: 2900 ns, Total: 26001 ns
[2770.814s][info ][safepoint      ] Safepoint "Cleanup", Time since last: 1000123272 ns, Reaching safepoint: 9701 ns, Cleanup: 11200 ns, At safepoint: 2900 ns, Total: 23801 ns
[2771.814s][info ][safepoint      ] Safepoint "Cleanup", Time since last: 1000121972 ns, Reaching safepoint: 6200 ns, Cleanup: 9901 ns, At safepoint: 2400 ns, Total: 18501 ns
[2775.815s][info ][safepoint      ] Safepoint "Cleanup", Time since last: 4000340982 ns, Reaching safepoint: 9901 ns, Cleanup: 12600 ns, At safepoint: 3500 ns, Total: 26001 ns
[2776.815s][info ][safepoint      ] Safepoint "Cleanup", Time since last: 1000174398 ns, Reaching safepoint: 8701 ns, Cleanup: 11001 ns, At safepoint: 2601 ns, Total: 22303 ns
[2777.815s][info ][safepoint      ] Safepoint "Cleanup", Time since last: 1000116282 ns, Reaching safepoint: 12202 ns, Cleanup: 21002 ns, At safepoint: 3500 ns, Total: 36704 ns
[2778.815s][info ][safepoint      ] Safepoint "Cleanup", Time since last: 1000192769 ns, Reaching safepoint: 9600 ns, Cleanup: 10901 ns, At safepoint: 2500 ns, Total: 23001 ns
[2779.816s][info ][safepoint      ] Safepoint "Cleanup", Time since last: 1000133232 ns, Reaching safepoint: 12001 ns, Cleanup: 14000 ns, At safepoint: 3300 ns, Total: 29301 ns
[2780.816s][info ][safepoint      ] Safepoint "Cleanup", Time since last: 1000133732 ns, Reaching safepoint: 11301 ns, Cleanup: 21501 ns, At safepoint: 3200 ns, Total: 36002 ns
[2781.396s][info ][gc,start       ] GC(82) Pause Young (Allocation Failure)
[2781.432s][debug][gc,phases      ] GC(82) Scavenge 35.256ms
[2781.432s][debug][gc,ref         ] GC(82) ReferenceProcessor::execute queues: 1, RefProcThreadModel::Single, marks_oops_alive: false
[2781.432s][debug][gc,ref         ] GC(82) ReferenceProcessor::execute queues: 4, RefProcThreadModel::Multi, marks_oops_alive: true
[2781.432s][debug][gc,ref         ] GC(82) ReferenceProcessor::execute queues: 1, RefProcThreadModel::Single, marks_oops_alive: false
[2781.432s][debug][gc,phases      ] GC(82) Reference Processing 0.523ms
[2781.433s][debug][gc,phases      ] GC(82)   VM Weak                        Min:  0.0, Avg:  0.0, Max:  0.0, Diff:  0.0, Sum:  0.0, Workers: 4
[2781.433s][debug][gc,phases      ] GC(82)     Dead                           Min: 0, Avg:  0.0, Max: 0, Diff: 0, Sum: 0, Workers: 4
[2781.433s][debug][gc,phases      ] GC(82)     Total                          Min: 0, Avg: 253.2, Max: 885, Diff: 885, Sum: 1013, Workers: 4
[2781.433s][debug][gc,phases      ] GC(82)   ObjectSynchronizer Weak        Min:  0.0, Avg:  0.0, Max:  0.0, Diff:  0.0, Sum:  0.0, Workers: 4
[2781.433s][debug][gc,phases      ] GC(82)     Dead                           Min: 0, Avg:  0.0, Max: 0, Diff: 0, Sum: 0, Workers: 4
[2781.433s][debug][gc,phases      ] GC(82)     Total                          Min: 0, Avg:  1.2, Max: 5, Diff: 5, Sum: 5, Workers: 4
[2781.433s][debug][gc,phases      ] GC(82)   JVMTI Tag Weak OopStorage      Min:  0.0, Avg:  0.0, Max:  0.0, Diff:  0.0, Sum:  0.0, Workers: 4
[2781.433s][debug][gc,phases      ] GC(82)     Dead                           Min: 0, Avg:  0.0, Max: 0, Diff: 0, Sum: 0, Workers: 4
[2781.433s][debug][gc,phases      ] GC(82)     Total                          Min: 0, Avg:  0.0, Max: 0, Diff: 0, Sum: 0, Workers: 4
[2781.433s][debug][gc,phases      ] GC(82)   StringTable Weak               Min:  0.0, Avg:  0.1, Max:  0.2, Diff:  0.2, Sum:  0.5, Workers: 4
[2781.433s][debug][gc,phases      ] GC(82)     Dead                           Min: 0, Avg:  0.0, Max: 0, Diff: 0, Sum: 0, Workers: 4
[2781.433s][debug][gc,phases      ] GC(82)     Total                          Min: 0, Avg: 12253.2, Max: 25333, Diff: 25333, Sum: 49013, Workers: 4
[2781.433s][debug][gc,phases      ] GC(82)   ResolvedMethodTable Weak       Min:  0.0, Avg:  0.0, Max:  0.1, Diff:  0.1, Sum:  0.1, Workers: 4
[2781.433s][debug][gc,phases      ] GC(82)     Dead                           Min: 0, Avg:  0.2, Max: 1, Diff: 1, Sum: 1, Workers: 4
[2781.433s][debug][gc,phases      ] GC(82)     Total                          Min: 0, Avg: 3468.0, Max: 8000, Diff: 8000, Sum: 13872, Workers: 4
[2781.433s][debug][gc,phases      ] GC(82)   JNI Weak                       Min:  0.0, Avg:  0.0, Max:  0.0, Diff:  0.0, Sum:  0.0, Workers: 4
[2781.433s][debug][gc,phases      ] GC(82)     Dead                           Min: 0, Avg:  0.0, Max: 0, Diff: 0, Sum: 0, Workers: 4
[2781.433s][debug][gc,phases      ] GC(82)     Total                          Min: 0, Avg: 12.0, Max: 48, Diff: 48, Sum: 48, Workers: 4
[2781.433s][debug][gc,phases      ] GC(82)   StringDedup Table Weak         Min:  0.0, Avg:  0.0, Max:  0.0, Diff:  0.0, Sum:  0.0, Workers: 4
[2781.433s][debug][gc,phases      ] GC(82)     Dead                           Min: 0, Avg:  0.0, Max: 0, Diff: 0, Sum: 0, Workers: 4
[2781.433s][debug][gc,phases      ] GC(82)     Total                          Min: 0, Avg:  0.0, Max: 0, Diff: 0, Sum: 0, Workers: 4
[2781.433s][debug][gc,phases      ] GC(82)   StringDedup Requests0 Weak     Min:  0.0, Avg:  0.0, Max:  0.0, Diff:  0.0, Sum:  0.0, Workers: 4
[2781.433s][debug][gc,phases      ] GC(82)     Dead                           Min: 0, Avg:  0.0, Max: 0, Diff: 0, Sum: 0, Workers: 4
[2781.433s][debug][gc,phases      ] GC(82)     Total                          Min: 0, Avg:  0.0, Max: 0, Diff: 0, Sum: 0, Workers: 4
[2781.433s][debug][gc,phases      ] GC(82)   StringDedup Requests1 Weak     Min:  0.0, Avg:  0.0, Max:  0.0, Diff:  0.0, Sum:  0.0, Workers: 4
[2781.433s][debug][gc,phases      ] GC(82)     Dead                           Min: 0, Avg:  0.0, Max: 0, Diff: 0, Sum: 0, Workers: 4
[2781.433s][debug][gc,phases      ] GC(82)     Total                          Min: 0, Avg:  0.0, Max: 0, Diff: 0, Sum: 0, Workers: 4
[2781.433s][debug][gc,phases      ] GC(82)   Weak JFR Old Object Samples    Min:  0.0, Avg:  0.0, Max:  0.0, Diff:  0.0, Sum:  0.0, Workers: 4
[2781.433s][debug][gc,phases      ] GC(82)     Dead                           Min: 0, Avg:  0.0, Max: 0, Diff: 0, Sum: 0, Workers: 4
[2781.433s][debug][gc,phases      ] GC(82)     Total                          Min: 0, Avg:  0.0, Max: 0, Diff: 0, Sum: 0, Workers: 4
[2781.433s][debug][gc,phases      ] GC(82) Weak Processing 0.554ms
[2781.433s][debug][gc,age         ] GC(82) Desired survivor size 255852544 bytes, new threshold 15 (max threshold 15)
[2781.433s][info ][gc,heap        ] GC(82) PSYoungGen: 1712770K(1843712K)->123169K(1841152K) Eden: 1587712K(1587712K)->0K(1587712K) From: 125058K(256000K)->123169K(253440K)
[2781.433s][info ][gc,heap        ] GC(82) ParOldGen: 360932K(482304K)->361772K(482304K)
[2781.433s][info ][gc,metaspace   ] GC(82) Metaspace: 97595K(98880K)->97595K(98880K) NonClass: 83387K(84096K)->83387K(84096K) Class: 14207K(14784K)->14207K(14784K)
[2781.433s][info ][gc             ] GC(82) Pause Young (Allocation Failure) 2025M->473M(2269M) 36.475ms
[2781.433s][info ][gc,cpu         ] GC(82) User=0.11s Sys=0.00s Real=0.04s
[2781.433s][info ][safepoint      ] Safepoint "ParallelGCFailedAllocation", Time since last: 580514732 ns, Reaching safepoint: 6800 ns, Cleanup: 4000 ns, At safepoint: 36583035 ns, Total: 36593835 ns
[2782.433s][info ][safepoint      ] Safepoint "Cleanup", Time since last: 1000090730 ns, Reaching safepoint: 75604 ns, Cleanup: 11000 ns, At safepoint: 7901 ns, Total: 94505 ns
[2787.434s][info ][safepoint      ] Safepoint "Cleanup", Time since last: 5000425787 ns, Reaching safepoint: 82404 ns, Cleanup: 9901 ns, At safepoint: 29901 ns, Total: 122206 ns
[2789.434s][info ][safepoint      ] Safepoint "Cleanup", Time since last: 2000162221 ns, Reaching safepoint: 90604 ns, Cleanup: 17001 ns, At safepoint: 8501 ns, Total: 116106 ns
[2792.434s][info ][safepoint      ] Safepoint "Cleanup", Time since last: 3000292333 ns, Reaching safepoint: 85204 ns, Cleanup: 13201 ns, At safepoint: 6900 ns, Total: 105305 ns
[2793.434s][info ][safepoint      ] Safepoint "Cleanup", Time since last: 1000120689 ns, Reaching safepoint: 78504 ns, Cleanup: 14001 ns, At safepoint: 6300 ns, Total: 98805 ns
[2797.435s][info ][safepoint      ] Safepoint "Cleanup", Time since last: 4000331303 ns, Reaching safepoint: 84605 ns, Cleanup: 9800 ns, At safepoint: 6201 ns, Total: 100606 ns
[2800.435s][info ][safepoint      ] Safepoint "Cleanup", Time since last: 3000282052 ns, Reaching safepoint: 82104 ns, Cleanup: 10200 ns, At safepoint: 6801 ns, Total: 99105 ns
[2802.436s][info ][safepoint      ] Safepoint "Cleanup", Time since last: 2000170994 ns, Reaching safepoint: 85104 ns, Cleanup: 9801 ns, At safepoint: 7000 ns, Total: 101905 ns
[2803.436s][info ][safepoint      ] Safepoint "Cleanup", Time since last: 1000126451 ns, Reaching safepoint: 97005 ns, Cleanup: 20901 ns, At safepoint: 7301 ns, Total: 125207 ns
[2804.436s][info ][safepoint      ] Safepoint "Cleanup", Time since last: 1000127050 ns, Reaching safepoint: 60703 ns, Cleanup: 12201 ns, At safepoint: 5600 ns, Total: 78504 ns
[2805.436s][info ][safepoint      ] Safepoint "Cleanup", Time since last: 1000124351 ns, Reaching safepoint: 88505 ns, Cleanup: 13500 ns, At safepoint: 6801 ns, Total: 108806 ns
[2807.437s][info ][safepoint      ] Safepoint "Cleanup", Time since last: 2000194499 ns, Reaching safepoint: 80704 ns, Cleanup: 11900 ns, At safepoint: 6200 ns, Total: 98804 ns
[2811.437s][info ][safepoint      ] Safepoint "Cleanup", Time since last: 4000367487 ns, Reaching safepoint: 84804 ns, Cleanup: 8301 ns, At safepoint: 6600 ns, Total: 99705 ns
[2812.404s][info ][gc,start       ] GC(83) Pause Young (Allocation Failure)
[2812.442s][debug][gc,phases      ] GC(83) Scavenge 37.738ms
[2812.442s][debug][gc,ref         ] GC(83) ReferenceProcessor::execute queues: 1, RefProcThreadModel::Single, marks_oops_alive: false
[2812.442s][debug][gc,ref         ] GC(83) ReferenceProcessor::execute queues: 4, RefProcThreadModel::Multi, marks_oops_alive: true
[2812.442s][debug][gc,ref         ] GC(83) ReferenceProcessor::execute queues: 1, RefProcThreadModel::Single, marks_oops_alive: false
[2812.442s][debug][gc,phases      ] GC(83) Reference Processing 0.504ms
[2812.443s][debug][gc,phases      ] GC(83)   VM Weak                        Min:  0.0, Avg:  0.0, Max:  0.0, Diff:  0.0, Sum:  0.0, Workers: 4
[2812.443s][debug][gc,phases      ] GC(83)     Dead                           Min: 0, Avg:  0.0, Max: 0, Diff: 0, Sum: 0, Workers: 4
[2812.443s][debug][gc,phases      ] GC(83)     Total                          Min: 0, Avg: 253.5, Max: 1014, Diff: 1014, Sum: 1014, Workers: 4
[2812.443s][debug][gc,phases      ] GC(83)   ObjectSynchronizer Weak        Min:  0.0, Avg:  0.0, Max:  0.0, Diff:  0.0, Sum:  0.0, Workers: 4
[2812.443s][debug][gc,phases      ] GC(83)     Dead                           Min: 0, Avg:  0.0, Max: 0, Diff: 0, Sum: 0, Workers: 4
[2812.443s][debug][gc,phases      ] GC(83)     Total                          Min: 0, Avg:  1.2, Max: 5, Diff: 5, Sum: 5, Workers: 4
[2812.443s][debug][gc,phases      ] GC(83)   JVMTI Tag Weak OopStorage      Min:  0.0, Avg:  0.0, Max:  0.0, Diff:  0.0, Sum:  0.0, Workers: 4
[2812.443s][debug][gc,phases      ] GC(83)     Dead                           Min: 0, Avg:  0.0, Max: 0, Diff: 0, Sum: 0, Workers: 4
[2812.443s][debug][gc,phases      ] GC(83)     Total                          Min: 0, Avg:  0.0, Max: 0, Diff: 0, Sum: 0, Workers: 4
[2812.443s][debug][gc,phases      ] GC(83)   StringTable Weak               Min:  0.0, Avg:  0.1, Max:  0.2, Diff:  0.2, Sum:  0.4, Workers: 4
[2812.443s][debug][gc,phases      ] GC(83)     Dead                           Min: 0, Avg:  0.2, Max: 1, Diff: 1, Sum: 1, Workers: 4
[2812.443s][debug][gc,phases      ] GC(83)     Total                          Min: 0, Avg: 12254.8, Max: 26047, Diff: 26047, Sum: 49019, Workers: 4
[2812.443s][debug][gc,phases      ] GC(83)   ResolvedMethodTable Weak       Min:  0.0, Avg:  0.0, Max:  0.1, Diff:  0.1, Sum:  0.1, Workers: 4
[2812.443s][debug][gc,phases      ] GC(83)     Dead                           Min: 0, Avg:  0.5, Max: 2, Diff: 2, Sum: 2, Workers: 4
[2812.443s][debug][gc,phases      ] GC(83)     Total                          Min: 0, Avg: 3469.0, Max: 7359, Diff: 7359, Sum: 13876, Workers: 4
[2812.443s][debug][gc,phases      ] GC(83)   JNI Weak                       Min:  0.0, Avg:  0.0, Max:  0.0, Diff:  0.0, Sum:  0.0, Workers: 4
[2812.443s][debug][gc,phases      ] GC(83)     Dead                           Min: 0, Avg:  0.0, Max: 0, Diff: 0, Sum: 0, Workers: 4
[2812.443s][debug][gc,phases      ] GC(83)     Total                          Min: 0, Avg: 12.0, Max: 48, Diff: 48, Sum: 48, Workers: 4
[2812.443s][debug][gc,phases      ] GC(83)   StringDedup Table Weak         Min:  0.0, Avg:  0.0, Max:  0.0, Diff:  0.0, Sum:  0.0, Workers: 4
[2812.443s][debug][gc,phases      ] GC(83)     Dead                           Min: 0, Avg:  0.0, Max: 0, Diff: 0, Sum: 0, Workers: 4
[2812.443s][debug][gc,phases      ] GC(83)     Total                          Min: 0, Avg:  0.0, Max: 0, Diff: 0, Sum: 0, Workers: 4
[2812.443s][debug][gc,phases      ] GC(83)   StringDedup Requests0 Weak     Min:  0.0, Avg:  0.0, Max:  0.0, Diff:  0.0, Sum:  0.0, Workers: 4
[2812.443s][debug][gc,phases      ] GC(83)     Dead                           Min: 0, Avg:  0.0, Max: 0, Diff: 0, Sum: 0, Workers: 4
[2812.443s][debug][gc,phases      ] GC(83)     Total                          Min: 0, Avg:  0.0, Max: 0, Diff: 0, Sum: 0, Workers: 4
[2812.443s][debug][gc,phases      ] GC(83)   StringDedup Requests1 Weak     Min:  0.0, Avg:  0.0, Max:  0.0, Diff:  0.0, Sum:  0.0, Workers: 4
[2812.443s][debug][gc,phases      ] GC(83)     Dead                           Min: 0, Avg:  0.0, Max: 0, Diff: 0, Sum: 0, Workers: 4
[2812.443s][debug][gc,phases      ] GC(83)     Total                          Min: 0, Avg:  0.0, Max: 0, Diff: 0, Sum: 0, Workers: 4
[2812.443s][debug][gc,phases      ] GC(83)   Weak JFR Old Object Samples    Min:  0.0, Avg:  0.0, Max:  0.0, Diff:  0.0, Sum:  0.0, Workers: 4
[2812.443s][debug][gc,phases      ] GC(83)     Dead                           Min: 0, Avg:  0.0, Max: 0, Diff: 0, Sum: 0, Workers: 4
[2812.443s][debug][gc,phases      ] GC(83)     Total                          Min: 0, Avg:  0.0, Max: 0, Diff: 0, Sum: 0, Workers: 4
[2812.443s][debug][gc,phases      ] GC(83) Weak Processing 0.536ms
[2812.443s][debug][gc,age         ] GC(83) Desired survivor size 251133952 bytes, new threshold 15 (max threshold 15)
[2812.443s][info ][gc,heap        ] GC(83) PSYoungGen: 1710881K(1841152K)->122369K(1851904K) Eden: 1587712K(1587712K)->0K(1602048K) From: 123169K(253440K)->122369K(249856K)
[2812.443s][info ][gc,heap        ] GC(83) ParOldGen: 361772K(482304K)->365510K(482304K)
[2812.443s][info ][gc,metaspace   ] GC(83) Metaspace: 97611K(98944K)->97611K(98944K) NonClass: 83401K(84160K)->83401K(84160K) Class: 14209K(14784K)->14209K(14784K)
[2812.443s][info ][gc             ] GC(83) Pause Young (Allocation Failure) 2024M->476M(2279M) 38.920ms
[2812.443s][info ][gc,cpu         ] GC(83) User=0.12s Sys=0.00s Real=0.04s
[2812.443s][info ][safepoint      ] Safepoint "ParallelGCFailedAllocation", Time since last: 966810485 ns, Reaching safepoint: 6800 ns, Cleanup: 4000 ns, At safepoint: 39008048 ns, Total: 39018848 ns
[2814.846s][info ][safepoint      ] Safepoint "Cleanup", Time since last: 2402612079 ns, Reaching safepoint: 72303 ns, Cleanup: 14301 ns, At safepoint: 8401 ns, Total: 95005 ns
[2817.846s][info ][safepoint      ] Safepoint "Cleanup", Time since last: 3000264441 ns, Reaching safepoint: 8501 ns, Cleanup: 12000 ns, At safepoint: 3000 ns, Total: 23501 ns
[2819.846s][info ][safepoint      ] Safepoint "Cleanup", Time since last: 2000190395 ns, Reaching safepoint: 9501 ns, Cleanup: 12601 ns, At safepoint: 7500 ns, Total: 29602 ns
[2821.830s][info ][safepoint      ] Safepoint "Cleanup", Time since last: 1984149699 ns, Reaching safepoint: 9200 ns, Cleanup: 13601 ns, At safepoint: 2900 ns, Total: 25701 ns
[2822.830s][info ][safepoint      ] Safepoint "Cleanup", Time since last: 1000122849 ns, Reaching safepoint: 12500 ns, Cleanup: 18701 ns, At safepoint: 2801 ns, Total: 34002 ns
[2824.831s][info ][safepoint      ] Safepoint "Cleanup", Time since last: 2000188948 ns, Reaching safepoint: 7800 ns, Cleanup: 11701 ns, At safepoint: 2400 ns, Total: 21901 ns
[2825.831s][info ][safepoint      ] Safepoint "Cleanup", Time since last: 1000121266 ns, Reaching safepoint: 9501 ns, Cleanup: 15701 ns, At safepoint: 2600 ns, Total: 27802 ns
[2826.831s][info ][safepoint      ] Safepoint "Cleanup", Time since last: 1000093765 ns, Reaching safepoint: 10600 ns, Cleanup: 12101 ns, At safepoint: 2600 ns, Total: 25301 ns
[2827.831s][info ][safepoint      ] Safepoint "Cleanup", Time since last: 1000121367 ns, Reaching safepoint: 10100 ns, Cleanup: 13001 ns, At safepoint: 6200 ns, Total: 29301 ns
[2828.831s][info ][safepoint      ] Safepoint "Cleanup", Time since last: 1000124667 ns, Reaching safepoint: 10700 ns, Cleanup: 26001 ns, At safepoint: 2801 ns, Total: 39502 ns
[2830.831s][info ][safepoint      ] Safepoint "Cleanup", Time since last: 2000161329 ns, Reaching safepoint: 11000 ns, Cleanup: 26401 ns, At safepoint: 2501 ns, Total: 39902 ns
[2833.832s][info ][safepoint      ] Safepoint "Cleanup", Time since last: 3000257893 ns, Reaching safepoint: 9801 ns, Cleanup: 27401 ns, At safepoint: 2200 ns, Total: 39402 ns
[2834.832s][info ][safepoint      ] Safepoint "Cleanup", Time since last: 1000117518 ns, Reaching safepoint: 9001 ns, Cleanup: 12000 ns, At safepoint: 3300 ns, Total: 24301 ns
[2835.832s][info ][safepoint      ] Safepoint "Cleanup", Time since last: 1000110618 ns, Reaching safepoint: 9401 ns, Cleanup: 15401 ns, At safepoint: 6100 ns, Total: 30902 ns
[2836.832s][info ][safepoint      ] Safepoint "Cleanup", Time since last: 1000113518 ns, Reaching safepoint: 8700 ns, Cleanup: 17301 ns, At safepoint: 2600 ns, Total: 28601 ns
[2837.832s][info ][safepoint      ] Safepoint "Cleanup", Time since last: 1000133819 ns, Reaching safepoint: 80304 ns, Cleanup: 9900 ns, At safepoint: 6401 ns, Total: 96605 ns
[2838.833s][info ][safepoint      ] Safepoint "Cleanup", Time since last: 1000121318 ns, Reaching safepoint: 82404 ns, Cleanup: 24201 ns, At safepoint: 5800 ns, Total: 112405 ns
[2839.833s][info ][safepoint      ] Safepoint "Cleanup", Time since last: 1000122176 ns, Reaching safepoint: 81304 ns, Cleanup: 15600 ns, At safepoint: 6701 ns, Total: 103605 ns
[2840.833s][info ][safepoint      ] Safepoint "Cleanup", Time since last: 1000118680 ns, Reaching safepoint: 80803 ns, Cleanup: 26901 ns, At safepoint: 6201 ns, Total: 113905 ns
[2841.833s][info ][safepoint      ] Safepoint "Cleanup", Time since last: 1000125532 ns, Reaching safepoint: 85503 ns, Cleanup: 13101 ns, At safepoint: 6400 ns, Total: 105004 ns
[2842.834s][info ][safepoint      ] Safepoint "Cleanup", Time since last: 1000137133 ns, Reaching safepoint: 85303 ns, Cleanup: 11201 ns, At safepoint: 6400 ns, Total: 102904 ns
[2843.834s][info ][safepoint      ] Safepoint "Cleanup", Time since last: 1000097132 ns, Reaching safepoint: 83603 ns, Cleanup: 19300 ns, At safepoint: 31002 ns, Total: 133905 ns
[2846.834s][info ][safepoint      ] Safepoint "Cleanup", Time since last: 3000280177 ns, Reaching safepoint: 99405 ns, Cleanup: 22801 ns, At safepoint: 6700 ns, Total: 128906 ns
[2846.998s][info ][gc,start       ] GC(84) Pause Young (Allocation Failure)
[2847.030s][debug][gc,phases      ] GC(84) Scavenge 31.570ms
[2847.030s][debug][gc,ref         ] GC(84) ReferenceProcessor::execute queues: 1, RefProcThreadModel::Single, marks_oops_alive: false
[2847.030s][debug][gc,ref         ] GC(84) Skipped KeepAliveFinalRefsPhase of Reference Processing: no references
[2847.030s][debug][gc,ref         ] GC(84) ReferenceProcessor::execute queues: 1, RefProcThreadModel::Single, marks_oops_alive: false
[2847.030s][debug][gc,phases      ] GC(84) Reference Processing 0.134ms
[2847.030s][debug][gc,phases      ] GC(84)   VM Weak                        Min:  0.0, Avg:  0.0, Max:  0.0, Diff:  0.0, Sum:  0.0, Workers: 4
[2847.030s][debug][gc,phases      ] GC(84)     Dead                           Min: 0, Avg:  0.0, Max: 0, Diff: 0, Sum: 0, Workers: 4
[2847.030s][debug][gc,phases      ] GC(84)     Total                          Min: 0, Avg: 253.5, Max: 640, Diff: 640, Sum: 1014, Workers: 4
[2847.030s][debug][gc,phases      ] GC(84)   ObjectSynchronizer Weak        Min:  0.0, Avg:  0.0, Max:  0.0, Diff:  0.0, Sum:  0.0, Workers: 4
[2847.030s][debug][gc,phases      ] GC(84)     Dead                           Min: 0, Avg:  0.0, Max: 0, Diff: 0, Sum: 0, Workers: 4
[2847.030s][debug][gc,phases      ] GC(84)     Total                          Min: 0, Avg:  1.0, Max: 4, Diff: 4, Sum: 4, Workers: 4
[2847.030s][debug][gc,phases      ] GC(84)   JVMTI Tag Weak OopStorage      Min:  0.0, Avg:  0.0, Max:  0.0, Diff:  0.0, Sum:  0.0, Workers: 4
[2847.030s][debug][gc,phases      ] GC(84)     Dead                           Min: 0, Avg:  0.0, Max: 0, Diff: 0, Sum: 0, Workers: 4
[2847.030s][debug][gc,phases      ] GC(84)     Total                          Min: 0, Avg:  0.0, Max: 0, Diff: 0, Sum: 0, Workers: 4
[2847.030s][debug][gc,phases      ] GC(84)   StringTable Weak               Min:  0.0, Avg:  0.1, Max:  0.2, Diff:  0.2, Sum:  0.5, Workers: 4
[2847.030s][debug][gc,phases      ] GC(84)     Dead                           Min: 0, Avg:  0.2, Max: 1, Diff: 1, Sum: 1, Workers: 4
[2847.030s][debug][gc,phases      ] GC(84)     Total                          Min: 0, Avg: 12264.2, Max: 25408, Diff: 25408, Sum: 49057, Workers: 4
[2847.030s][debug][gc,phases      ] GC(84)   ResolvedMethodTable Weak       Min:  0.0, Avg:  0.0, Max:  0.1, Diff:  0.1, Sum:  0.1, Workers: 4
[2847.030s][debug][gc,phases      ] GC(84)     Dead                           Min: 0, Avg:  0.5, Max: 1, Diff: 1, Sum: 2, Workers: 4
[2847.030s][debug][gc,phases      ] GC(84)     Total                          Min: 0, Avg: 3476.0, Max: 7487, Diff: 7487, Sum: 13904, Workers: 4
[2847.031s][debug][gc,phases      ] GC(84)   JNI Weak                       Min:  0.0, Avg:  0.0, Max:  0.0, Diff:  0.0, Sum:  0.0, Workers: 4
[2847.031s][debug][gc,phases      ] GC(84)     Dead                           Min: 0, Avg:  0.0, Max: 0, Diff: 0, Sum: 0, Workers: 4
[2847.031s][debug][gc,phases      ] GC(84)     Total                          Min: 0, Avg: 12.0, Max: 48, Diff: 48, Sum: 48, Workers: 4
[2847.031s][debug][gc,phases      ] GC(84)   StringDedup Table Weak         Min:  0.0, Avg:  0.0, Max:  0.0, Diff:  0.0, Sum:  0.0, Workers: 4
[2847.031s][debug][gc,phases      ] GC(84)     Dead                           Min: 0, Avg:  0.0, Max: 0, Diff: 0, Sum: 0, Workers: 4
[2847.031s][debug][gc,phases      ] GC(84)     Total                          Min: 0, Avg:  0.0, Max: 0, Diff: 0, Sum: 0, Workers: 4
[2847.031s][debug][gc,phases      ] GC(84)   StringDedup Requests0 Weak     Min:  0.0, Avg:  0.0, Max:  0.0, Diff:  0.0, Sum:  0.0, Workers: 4
[2847.031s][debug][gc,phases      ] GC(84)     Dead                           Min: 0, Avg:  0.0, Max: 0, Diff: 0, Sum: 0, Workers: 4
[2847.031s][debug][gc,phases      ] GC(84)     Total                          Min: 0, Avg:  0.0, Max: 0, Diff: 0, Sum: 0, Workers: 4
[2847.031s][debug][gc,phases      ] GC(84)   StringDedup Requests1 Weak     Min:  0.0, Avg:  0.0, Max:  0.0, Diff:  0.0, Sum:  0.0, Workers: 4
[2847.031s][debug][gc,phases      ] GC(84)     Dead                           Min: 0, Avg:  0.0, Max: 0, Diff: 0, Sum: 0, Workers: 4
[2847.031s][debug][gc,phases      ] GC(84)     Total                          Min: 0, Avg:  0.0, Max: 0, Diff: 0, Sum: 0, Workers: 4
[2847.031s][debug][gc,phases      ] GC(84)   Weak JFR Old Object Samples    Min:  0.0, Avg:  0.0, Max:  0.0, Diff:  0.0, Sum:  0.0, Workers: 4
[2847.031s][debug][gc,phases      ] GC(84)     Dead                           Min: 0, Avg:  0.0, Max: 0, Diff: 0, Sum: 0, Workers: 4
[2847.031s][debug][gc,phases      ] GC(84)     Total                          Min: 0, Avg:  0.0, Max: 0, Diff: 0, Sum: 0, Workers: 4
[2847.031s][debug][gc,phases      ] GC(84) Weak Processing 0.546ms
[2847.031s][debug][gc,age         ] GC(84) Desired survivor size 246939648 bytes, new threshold 15 (max threshold 15)
[2847.031s][info ][gc,heap        ] GC(84) PSYoungGen: 1724417K(1851904K)->124892K(1847296K) Eden: 1602048K(1602048K)->0K(1602048K) From: 122369K(249856K)->124892K(245248K)
[2847.031s][info ][gc,heap        ] GC(84) ParOldGen: 365510K(482304K)->365726K(482304K)
[2847.031s][info ][gc,metaspace   ] GC(84) Metaspace: 97705K(99008K)->97705K(99008K) NonClass: 83479K(84224K)->83479K(84224K) Class: 14226K(14784K)->14226K(14784K)
[2847.031s][info ][gc             ] GC(84) Pause Young (Allocation Failure) 2040M->479M(2275M) 32.410ms
[2847.031s][info ][gc,cpu         ] GC(84) User=0.10s Sys=0.01s Real=0.04s
[2847.031s][info ][safepoint      ] Safepoint "ParallelGCFailedAllocation", Time since last: 163953606 ns, Reaching safepoint: 81704 ns, Cleanup: 3500 ns, At safepoint: 32500687 ns, Total: 32585891 ns
[2848.031s][info ][safepoint      ] Safepoint "Cleanup", Time since last: 1000089434 ns, Reaching safepoint: 9500 ns, Cleanup: 14301 ns, At safepoint: 2800 ns, Total: 26601 ns
[2849.031s][info ][safepoint      ] Safepoint "Cleanup", Time since last: 1000118677 ns, Reaching safepoint: 13401 ns, Cleanup: 15000 ns, At safepoint: 43102 ns, Total: 71503 ns
[2852.031s][info ][safepoint      ] Safepoint "Cleanup", Time since last: 3000231583 ns, Reaching safepoint: 9501 ns, Cleanup: 17500 ns, At safepoint: 3101 ns, Total: 30102 ns
[2853.031s][info ][safepoint      ] Safepoint "Cleanup", Time since last: 1000119218 ns, Reaching safepoint: 10600 ns, Cleanup: 14701 ns, At safepoint: 2500 ns, Total: 27801 ns
[2854.032s][info ][safepoint      ] Safepoint "Cleanup", Time since last: 1000118618 ns, Reaching safepoint: 10001 ns, Cleanup: 16100 ns, At safepoint: 26302 ns, Total: 52403 ns
[2860.032s][info ][safepoint      ] Safepoint "Cleanup", Time since last: 6000436488 ns, Reaching safepoint: 20401 ns, Cleanup: 12900 ns, At safepoint: 2600 ns, Total: 35901 ns
[2866.415s][info ][gc,start       ] GC(85) Pause Young (Allocation Failure)
[2866.455s][debug][gc,phases      ] GC(85) Scavenge 39.265ms
[2866.455s][debug][gc,ref         ] GC(85) ReferenceProcessor::execute queues: 1, RefProcThreadModel::Single, marks_oops_alive: false
[2866.455s][debug][gc,ref         ] GC(85) Skipped KeepAliveFinalRefsPhase of Reference Processing: no references
[2866.455s][debug][gc,ref         ] GC(85) ReferenceProcessor::execute queues: 1, RefProcThreadModel::Single, marks_oops_alive: false
[2866.455s][debug][gc,phases      ] GC(85) Reference Processing 0.125ms
[2866.455s][debug][gc,phases      ] GC(85)   VM Weak                        Min:  0.0, Avg:  0.0, Max:  0.0, Diff:  0.0, Sum:  0.0, Workers: 4
[2866.455s][debug][gc,phases      ] GC(85)     Dead                           Min: 0, Avg:  0.0, Max: 0, Diff: 0, Sum: 0, Workers: 4
[2866.455s][debug][gc,phases      ] GC(85)     Total                          Min: 0, Avg: 253.5, Max: 822, Diff: 822, Sum: 1014, Workers: 4
[2866.455s][debug][gc,phases      ] GC(85)   ObjectSynchronizer Weak        Min:  0.0, Avg:  0.0, Max:  0.0, Diff:  0.0, Sum:  0.0, Workers: 4
[2866.455s][debug][gc,phases      ] GC(85)     Dead                           Min: 0, Avg:  0.0, Max: 0, Diff: 0, Sum: 0, Workers: 4
[2866.455s][debug][gc,phases      ] GC(85)     Total                          Min: 0, Avg:  1.2, Max: 5, Diff: 5, Sum: 5, Workers: 4
[2866.455s][debug][gc,phases      ] GC(85)   JVMTI Tag Weak OopStorage      Min:  0.0, Avg:  0.0, Max:  0.0, Diff:  0.0, Sum:  0.0, Workers: 4
[2866.455s][debug][gc,phases      ] GC(85)     Dead                           Min: 0, Avg:  0.0, Max: 0, Diff: 0, Sum: 0, Workers: 4
[2866.455s][debug][gc,phases      ] GC(85)     Total                          Min: 0, Avg:  0.0, Max: 0, Diff: 0, Sum: 0, Workers: 4
[2866.455s][debug][gc,phases      ] GC(85)   StringTable Weak               Min:  0.0, Avg:  0.1, Max:  0.2, Diff:  0.2, Sum:  0.5, Workers: 4
[2866.455s][debug][gc,phases      ] GC(85)     Dead                           Min: 0, Avg:  0.2, Max: 1, Diff: 1, Sum: 1, Workers: 4
[2866.455s][debug][gc,phases      ] GC(85)     Total                          Min: 0, Avg: 12265.5, Max: 17088, Diff: 17088, Sum: 49062, Workers: 4
[2866.455s][debug][gc,phases      ] GC(85)   ResolvedMethodTable Weak       Min:  0.0, Avg:  0.0, Max:  0.0, Diff:  0.0, Sum:  0.1, Workers: 4
[2866.455s][debug][gc,phases      ] GC(85)     Dead                           Min: 0, Avg:  0.8, Max: 3, Diff: 3, Sum: 3, Workers: 4
[2866.455s][debug][gc,phases      ] GC(85)     Total                          Min: 0, Avg: 3477.8, Max: 4798, Diff: 4798, Sum: 13911, Workers: 4
[2866.455s][debug][gc,phases      ] GC(85)   JNI Weak                       Min:  0.0, Avg:  0.0, Max:  0.0, Diff:  0.0, Sum:  0.0, Workers: 4
[2866.455s][debug][gc,phases      ] GC(85)     Dead                           Min: 0, Avg:  0.0, Max: 0, Diff: 0, Sum: 0, Workers: 4
[2866.455s][debug][gc,phases      ] GC(85)     Total                          Min: 0, Avg: 12.0, Max: 48, Diff: 48, Sum: 48, Workers: 4
[2866.455s][debug][gc,phases      ] GC(85)   StringDedup Table Weak         Min:  0.0, Avg:  0.0, Max:  0.0, Diff:  0.0, Sum:  0.0, Workers: 4
[2866.455s][debug][gc,phases      ] GC(85)     Dead                           Min: 0, Avg:  0.0, Max: 0, Diff: 0, Sum: 0, Workers: 4
[2866.455s][debug][gc,phases      ] GC(85)     Total                          Min: 0, Avg:  0.0, Max: 0, Diff: 0, Sum: 0, Workers: 4
[2866.455s][debug][gc,phases      ] GC(85)   StringDedup Requests0 Weak     Min:  0.0, Avg:  0.0, Max:  0.0, Diff:  0.0, Sum:  0.0, Workers: 4
[2866.455s][debug][gc,phases      ] GC(85)     Dead                           Min: 0, Avg:  0.0, Max: 0, Diff: 0, Sum: 0, Workers: 4
[2866.455s][debug][gc,phases      ] GC(85)     Total                          Min: 0, Avg:  0.0, Max: 0, Diff: 0, Sum: 0, Workers: 4
[2866.455s][debug][gc,phases      ] GC(85)   StringDedup Requests1 Weak     Min:  0.0, Avg:  0.0, Max:  0.0, Diff:  0.0, Sum:  0.0, Workers: 4
[2866.455s][debug][gc,phases      ] GC(85)     Dead                           Min: 0, Avg:  0.0, Max: 0, Diff: 0, Sum: 0, Workers: 4
[2866.455s][debug][gc,phases      ] GC(85)     Total                          Min: 0, Avg:  0.0, Max: 0, Diff: 0, Sum: 0, Workers: 4
[2866.455s][debug][gc,phases      ] GC(85)   Weak JFR Old Object Samples    Min:  0.0, Avg:  0.0, Max:  0.0, Diff:  0.0, Sum:  0.0, Workers: 4
[2866.455s][debug][gc,phases      ] GC(85)     Dead                           Min: 0, Avg:  0.0, Max: 0, Diff: 0, Sum: 0, Workers: 4
[2866.455s][debug][gc,phases      ] GC(85)     Total                          Min: 0, Avg:  0.0, Max: 0, Diff: 0, Sum: 0, Workers: 4
[2866.455s][debug][gc,phases      ] GC(85) Weak Processing 0.481ms
[2866.455s][debug][gc,age         ] GC(85) Desired survivor size 247988224 bytes, new threshold 15 (max threshold 15)
[2866.455s][info ][gc,heap        ] GC(85) PSYoungGen: 1726940K(1847296K)->139200K(1853952K) Eden: 1602048K(1602048K)->0K(1612800K) From: 124892K(245248K)->139200K(241152K)
[2866.455s][info ][gc,heap        ] GC(85) ParOldGen: 365726K(482304K)->366598K(482304K)
[2866.455s][info ][gc,metaspace   ] GC(85) Metaspace: 97734K(99008K)->97734K(99008K) NonClass: 83505K(84224K)->83505K(84224K) Class: 14229K(14784K)->14229K(14784K)
[2866.455s][info ][gc             ] GC(85) Pause Young (Allocation Failure) 2043M->493M(2281M) 40.046ms
[2866.455s][info ][gc,cpu         ] GC(85) User=0.13s Sys=0.00s Real=0.04s
[2866.456s][info ][safepoint      ] Safepoint "ParallelGCFailedAllocation", Time since last: 6383299946 ns, Reaching safepoint: 8700 ns, Cleanup: 4101 ns, At safepoint: 40139159 ns, Total: 40151960 ns
[2868.456s][info ][safepoint      ] Safepoint "Cleanup", Time since last: 2000152670 ns, Reaching safepoint: 88504 ns, Cleanup: 21601 ns, At safepoint: 8401 ns, Total: 118506 ns
[2869.456s][info ][safepoint      ] Safepoint "Cleanup", Time since last: 1000136237 ns, Reaching safepoint: 7901 ns, Cleanup: 10500 ns, At safepoint: 5900 ns, Total: 24301 ns
[2870.456s][info ][safepoint      ] Safepoint "Cleanup", Time since last: 1000096536 ns, Reaching safepoint: 83804 ns, Cleanup: 10900 ns, At safepoint: 12101 ns, Total: 106805 ns
[2872.456s][info ][safepoint      ] Safepoint "Cleanup", Time since last: 2000168770 ns, Reaching safepoint: 7901 ns, Cleanup: 15301 ns, At safepoint: 2400 ns, Total: 25602 ns
[2880.833s][info ][gc,start       ] GC(86) Pause Young (Allocation Failure)
[2880.888s][debug][gc,phases      ] GC(86) Scavenge 55.000ms
[2880.888s][debug][gc,ref         ] GC(86) ReferenceProcessor::execute queues: 1, RefProcThreadModel::Single, marks_oops_alive: false
[2880.888s][debug][gc,ref         ] GC(86) ReferenceProcessor::execute queues: 4, RefProcThreadModel::Multi, marks_oops_alive: true
[2880.888s][debug][gc,ref         ] GC(86) ReferenceProcessor::execute queues: 1, RefProcThreadModel::Single, marks_oops_alive: false
[2880.888s][debug][gc,phases      ] GC(86) Reference Processing 0.223ms
[2880.889s][debug][gc,phases      ] GC(86)   VM Weak                        Min:  0.0, Avg:  0.0, Max:  0.0, Diff:  0.0, Sum:  0.0, Workers: 4
[2880.889s][debug][gc,phases      ] GC(86)     Dead                           Min: 0, Avg:  0.0, Max: 0, Diff: 0, Sum: 0, Workers: 4
[2880.889s][debug][gc,phases      ] GC(86)     Total                          Min: 0, Avg: 253.5, Max: 694, Diff: 694, Sum: 1014, Workers: 4
[2880.889s][debug][gc,phases      ] GC(86)   ObjectSynchronizer Weak        Min:  0.0, Avg:  0.0, Max:  0.0, Diff:  0.0, Sum:  0.0, Workers: 4
[2880.889s][debug][gc,phases      ] GC(86)     Dead                           Min: 0, Avg:  0.0, Max: 0, Diff: 0, Sum: 0, Workers: 4
[2880.889s][debug][gc,phases      ] GC(86)     Total                          Min: 0, Avg:  2.0, Max: 8, Diff: 8, Sum: 8, Workers: 4
[2880.889s][debug][gc,phases      ] GC(86)   JVMTI Tag Weak OopStorage      Min:  0.0, Avg:  0.0, Max:  0.0, Diff:  0.0, Sum:  0.0, Workers: 4
[2880.889s][debug][gc,phases      ] GC(86)     Dead                           Min: 0, Avg:  0.0, Max: 0, Diff: 0, Sum: 0, Workers: 4
[2880.889s][debug][gc,phases      ] GC(86)     Total                          Min: 0, Avg:  0.0, Max: 0, Diff: 0, Sum: 0, Workers: 4
[2880.889s][debug][gc,phases      ] GC(86)   StringTable Weak               Min:  0.0, Avg:  0.1, Max:  0.2, Diff:  0.2, Sum:  0.5, Workers: 4
[2880.889s][debug][gc,phases      ] GC(86)     Dead                           Min: 0, Avg:  0.0, Max: 0, Diff: 0, Sum: 0, Workers: 4
[2880.889s][debug][gc,phases      ] GC(86)     Total                          Min: 0, Avg: 12268.8, Max: 17279, Diff: 17279, Sum: 49075, Workers: 4
[2880.889s][debug][gc,phases      ] GC(86)   ResolvedMethodTable Weak       Min:  0.0, Avg:  0.0, Max:  0.1, Diff:  0.1, Sum:  0.1, Workers: 4
[2880.889s][debug][gc,phases      ] GC(86)     Dead                           Min: 0, Avg:  0.0, Max: 0, Diff: 0, Sum: 0, Workers: 4
[2880.889s][debug][gc,phases      ] GC(86)     Total                          Min: 0, Avg: 3478.5, Max: 4701, Diff: 4701, Sum: 13914, Workers: 4
[2880.889s][debug][gc,phases      ] GC(86)   JNI Weak                       Min:  0.0, Avg:  0.0, Max:  0.0, Diff:  0.0, Sum:  0.0, Workers: 4
[2880.889s][debug][gc,phases      ] GC(86)     Dead                           Min: 0, Avg:  0.0, Max: 0, Diff: 0, Sum: 0, Workers: 4
[2880.889s][debug][gc,phases      ] GC(86)     Total                          Min: 0, Avg: 12.0, Max: 48, Diff: 48, Sum: 48, Workers: 4
[2880.889s][debug][gc,phases      ] GC(86)   StringDedup Table Weak         Min:  0.0, Avg:  0.0, Max:  0.0, Diff:  0.0, Sum:  0.0, Workers: 4
[2880.889s][debug][gc,phases      ] GC(86)     Dead                           Min: 0, Avg:  0.0, Max: 0, Diff: 0, Sum: 0, Workers: 4
[2880.889s][debug][gc,phases      ] GC(86)     Total                          Min: 0, Avg:  0.0, Max: 0, Diff: 0, Sum: 0, Workers: 4
[2880.889s][debug][gc,phases      ] GC(86)   StringDedup Requests0 Weak     Min:  0.0, Avg:  0.0, Max:  0.0, Diff:  0.0, Sum:  0.0, Workers: 4
[2880.889s][debug][gc,phases      ] GC(86)     Dead                           Min: 0, Avg:  0.0, Max: 0, Diff: 0, Sum: 0, Workers: 4
[2880.889s][debug][gc,phases      ] GC(86)     Total                          Min: 0, Avg:  0.0, Max: 0, Diff: 0, Sum: 0, Workers: 4
[2880.889s][debug][gc,phases      ] GC(86)   StringDedup Requests1 Weak     Min:  0.0, Avg:  0.0, Max:  0.0, Diff:  0.0, Sum:  0.0, Workers: 4
[2880.889s][debug][gc,phases      ] GC(86)     Dead                           Min: 0, Avg:  0.0, Max: 0, Diff: 0, Sum: 0, Workers: 4
[2880.889s][debug][gc,phases      ] GC(86)     Total                          Min: 0, Avg:  0.0, Max: 0, Diff: 0, Sum: 0, Workers: 4
[2880.889s][debug][gc,phases      ] GC(86)   Weak JFR Old Object Samples    Min:  0.0, Avg:  0.0, Max:  0.0, Diff:  0.0, Sum:  0.0, Workers: 4
[2880.889s][debug][gc,phases      ] GC(86)     Dead                           Min: 0, Avg:  0.0, Max: 0, Diff: 0, Sum: 0, Workers: 4
[2880.889s][debug][gc,phases      ] GC(86)     Total                          Min: 0, Avg:  0.0, Max: 0, Diff: 0, Sum: 0, Workers: 4
[2880.889s][debug][gc,phases      ] GC(86) Weak Processing 0.499ms
[2880.889s][debug][gc,age         ] GC(86) Desired survivor size 268435456 bytes, new threshold 15 (max threshold 15)
[2880.889s][info ][gc,heap        ] GC(86) PSYoungGen: 1752000K(1853952K)->193537K(1806848K) Eden: 1612800K(1612800K)->0K(1612800K) From: 139200K(241152K)->193537K(194048K)
[2880.889s][info ][gc,heap        ] GC(86) ParOldGen: 366598K(482304K)->367142K(482304K)
[2880.889s][info ][gc,metaspace   ] GC(86) Metaspace: 97757K(99072K)->97757K(99072K) NonClass: 83526K(84288K)->83526K(84288K) Class: 14230K(14784K)->14230K(14784K)
[2880.889s][info ][gc             ] GC(86) Pause Young (Allocation Failure) 2068M->547M(2235M) 55.897ms
[2880.889s][info ][gc,cpu         ] GC(86) User=0.20s Sys=0.00s Real=0.06s
[2880.889s][info ][safepoint      ] Safepoint "ParallelGCFailedAllocation", Time since last: 8376610777 ns, Reaching safepoint: 9900 ns, Cleanup: 4200 ns, At safepoint: 55986898 ns, Total: 56000998 ns
[2888.890s][info ][safepoint      ] Safepoint "Cleanup", Time since last: 8000684384 ns, Reaching safepoint: 84602 ns, Cleanup: 9800 ns, At safepoint: 7100 ns, Total: 101502 ns
[2889.890s][info ][safepoint      ] Safepoint "Cleanup", Time since last: 1000162250 ns, Reaching safepoint: 85602 ns, Cleanup: 13200 ns, At safepoint: 8100 ns, Total: 106902 ns
[2892.890s][info ][safepoint      ] Safepoint "Cleanup", Time since last: 3000277703 ns, Reaching safepoint: 86604 ns, Cleanup: 14001 ns, At safepoint: 6600 ns, Total: 107205 ns
[2893.891s][info ][safepoint      ] Safepoint "Cleanup", Time since last: 1000128430 ns, Reaching safepoint: 107605 ns, Cleanup: 21601 ns, At safepoint: 11900 ns, Total: 141106 ns
[2893.976s][info ][gc,start       ] GC(87) Pause Young (Allocation Failure)
[2894.040s][debug][gc,phases      ] GC(87) Scavenge 64.240ms
[2894.040s][debug][gc,ref         ] GC(87) ReferenceProcessor::execute queues: 1, RefProcThreadModel::Single, marks_oops_alive: false
[2894.040s][debug][gc,ref         ] GC(87) ReferenceProcessor::execute queues: 4, RefProcThreadModel::Multi, marks_oops_alive: true
[2894.040s][debug][gc,ref         ] GC(87) ReferenceProcessor::execute queues: 1, RefProcThreadModel::Single, marks_oops_alive: false
[2894.040s][debug][gc,phases      ] GC(87) Reference Processing 0.199ms
[2894.040s][debug][gc,phases      ] GC(87)   VM Weak                        Min:  0.0, Avg:  0.0, Max:  0.0, Diff:  0.0, Sum:  0.0, Workers: 4
[2894.040s][debug][gc,phases      ] GC(87)     Dead                           Min: 0, Avg:  0.0, Max: 0, Diff: 0, Sum: 0, Workers: 4
[2894.040s][debug][gc,phases      ] GC(87)     Total                          Min: 128, Avg: 253.5, Max: 438, Diff: 310, Sum: 1014, Workers: 4
[2894.040s][debug][gc,phases      ] GC(87)   ObjectSynchronizer Weak        Min:  0.0, Avg:  0.0, Max:  0.0, Diff:  0.0, Sum:  0.0, Workers: 4
[2894.040s][debug][gc,phases      ] GC(87)     Dead                           Min: 0, Avg:  0.0, Max: 0, Diff: 0, Sum: 0, Workers: 4
[2894.040s][debug][gc,phases      ] GC(87)     Total                          Min: 0, Avg:  1.2, Max: 5, Diff: 5, Sum: 5, Workers: 4
[2894.040s][debug][gc,phases      ] GC(87)   JVMTI Tag Weak OopStorage      Min:  0.0, Avg:  0.0, Max:  0.0, Diff:  0.0, Sum:  0.0, Workers: 4
[2894.040s][debug][gc,phases      ] GC(87)     Dead                           Min: 0, Avg:  0.0, Max: 0, Diff: 0, Sum: 0, Workers: 4
[2894.040s][debug][gc,phases      ] GC(87)     Total                          Min: 0, Avg:  0.0, Max: 0, Diff: 0, Sum: 0, Workers: 4
[2894.040s][debug][gc,phases      ] GC(87)   StringTable Weak               Min:  0.1, Avg:  0.1, Max:  0.1, Diff:  0.0, Sum:  0.5, Workers: 4
[2894.040s][debug][gc,phases      ] GC(87)     Dead                           Min: 0, Avg:  0.0, Max: 0, Diff: 0, Sum: 0, Workers: 4
[2894.040s][debug][gc,phases      ] GC(87)     Total                          Min: 11264, Avg: 12271.2, Max: 13310, Diff: 2046, Sum: 49085, Workers: 4
[2894.040s][debug][gc,phases      ] GC(87)   ResolvedMethodTable Weak       Min:  0.0, Avg:  0.0, Max:  0.0, Diff:  0.0, Sum:  0.1, Workers: 4
[2894.040s][debug][gc,phases      ] GC(87)     Dead                           Min: 0, Avg:  0.0, Max: 0, Diff: 0, Sum: 0, Workers: 4
[2894.040s][debug][gc,phases      ] GC(87)     Total                          Min: 3264, Avg: 3479.2, Max: 3776, Diff: 512, Sum: 13917, Workers: 4
[2894.040s][debug][gc,phases      ] GC(87)   JNI Weak                       Min:  0.0, Avg:  0.0, Max:  0.0, Diff:  0.0, Sum:  0.0, Workers: 4
[2894.040s][debug][gc,phases      ] GC(87)     Dead                           Min: 0, Avg:  0.0, Max: 0, Diff: 0, Sum: 0, Workers: 4
[2894.040s][debug][gc,phases      ] GC(87)     Total                          Min: 0, Avg: 12.0, Max: 48, Diff: 48, Sum: 48, Workers: 4
[2894.040s][debug][gc,phases      ] GC(87)   StringDedup Table Weak         Min:  0.0, Avg:  0.0, Max:  0.0, Diff:  0.0, Sum:  0.0, Workers: 4
[2894.040s][debug][gc,phases      ] GC(87)     Dead                           Min: 0, Avg:  0.0, Max: 0, Diff: 0, Sum: 0, Workers: 4
[2894.040s][debug][gc,phases      ] GC(87)     Total                          Min: 0, Avg:  0.0, Max: 0, Diff: 0, Sum: 0, Workers: 4
[2894.040s][debug][gc,phases      ] GC(87)   StringDedup Requests0 Weak     Min:  0.0, Avg:  0.0, Max:  0.0, Diff:  0.0, Sum:  0.0, Workers: 4
[2894.040s][debug][gc,phases      ] GC(87)     Dead                           Min: 0, Avg:  0.0, Max: 0, Diff: 0, Sum: 0, Workers: 4
[2894.040s][debug][gc,phases      ] GC(87)     Total                          Min: 0, Avg:  0.0, Max: 0, Diff: 0, Sum: 0, Workers: 4
[2894.040s][debug][gc,phases      ] GC(87)   StringDedup Requests1 Weak     Min:  0.0, Avg:  0.0, Max:  0.0, Diff:  0.0, Sum:  0.0, Workers: 4
[2894.040s][debug][gc,phases      ] GC(87)     Dead                           Min: 0, Avg:  0.0, Max: 0, Diff: 0, Sum: 0, Workers: 4
[2894.040s][debug][gc,phases      ] GC(87)     Total                          Min: 0, Avg:  0.0, Max: 0, Diff: 0, Sum: 0, Workers: 4
[2894.040s][debug][gc,phases      ] GC(87)   Weak JFR Old Object Samples    Min:  0.0, Avg:  0.0, Max:  0.0, Diff:  0.0, Sum:  0.0, Workers: 4
[2894.040s][debug][gc,phases      ] GC(87)     Dead                           Min: 0, Avg:  0.0, Max: 0, Diff: 0, Sum: 0, Workers: 4
[2894.040s][debug][gc,phases      ] GC(87)     Total                          Min: 0, Avg:  0.0, Max: 0, Diff: 0, Sum: 0, Workers: 4
[2894.040s][debug][gc,phases      ] GC(87) Weak Processing 0.421ms
[2894.040s][debug][gc,age         ] GC(87) Desired survivor size 293076992 bytes, new threshold 15 (max threshold 15)
[2894.041s][info ][gc,heap        ] GC(87) PSYoungGen: 1806337K(1806848K)->217425K(1786880K) Eden: 1612800K(1612800K)->0K(1524736K) From: 193537K(194048K)->217425K(262144K)
[2894.041s][info ][gc,heap        ] GC(87) ParOldGen: 367142K(482304K)->367911K(482304K)
[2894.041s][info ][gc,metaspace   ] GC(87) Metaspace: 97786K(99136K)->97786K(99136K) NonClass: 83554K(84352K)->83554K(84352K) Class: 14232K(14784K)->14232K(14784K)
[2894.041s][info ][gc             ] GC(87) Pause Young (Allocation Failure) 2122M->571M(2216M) 65.021ms
[2894.041s][info ][gc,cpu         ] GC(87) User=0.22s Sys=0.00s Real=0.07s
[2894.041s][info ][safepoint      ] Safepoint "ParallelGCFailedAllocation", Time since last: 84706214 ns, Reaching safepoint: 88404 ns, Cleanup: 4600 ns, At safepoint: 65115132 ns, Total: 65208136 ns
[2895.041s][info ][safepoint      ] Safepoint "Cleanup", Time since last: 1000093129 ns, Reaching safepoint: 54002 ns, Cleanup: 9901 ns, At safepoint: 7600 ns, Total: 71503 ns
[2901.789s][info ][gc,start       ] GC(88) Pause Young (Allocation Failure)
[2901.854s][debug][gc,phases      ] GC(88) Scavenge 64.785ms
[2901.854s][debug][gc,ref         ] GC(88) ReferenceProcessor::execute queues: 1, RefProcThreadModel::Single, marks_oops_alive: false
[2901.854s][debug][gc,ref         ] GC(88) Skipped KeepAliveFinalRefsPhase of Reference Processing: no references
[2901.854s][debug][gc,ref         ] GC(88) ReferenceProcessor::execute queues: 1, RefProcThreadModel::Single, marks_oops_alive: false
[2901.854s][debug][gc,phases      ] GC(88) Reference Processing 0.131ms
[2901.855s][debug][gc,phases      ] GC(88)   VM Weak                        Min:  0.0, Avg:  0.0, Max:  0.0, Diff:  0.0, Sum:  0.0, Workers: 4
[2901.855s][debug][gc,phases      ] GC(88)     Dead                           Min: 0, Avg:  0.0, Max: 0, Diff: 0, Sum: 0, Workers: 4
[2901.855s][debug][gc,phases      ] GC(88)     Total                          Min: 0, Avg: 253.5, Max: 886, Diff: 886, Sum: 1014, Workers: 4
[2901.855s][debug][gc,phases      ] GC(88)   ObjectSynchronizer Weak        Min:  0.0, Avg:  0.0, Max:  0.0, Diff:  0.0, Sum:  0.0, Workers: 4
[2901.855s][debug][gc,phases      ] GC(88)     Dead                           Min: 0, Avg:  0.0, Max: 0, Diff: 0, Sum: 0, Workers: 4
[2901.855s][debug][gc,phases      ] GC(88)     Total                          Min: 0, Avg:  1.2, Max: 5, Diff: 5, Sum: 5, Workers: 4
[2901.855s][debug][gc,phases      ] GC(88)   JVMTI Tag Weak OopStorage      Min:  0.0, Avg:  0.0, Max:  0.0, Diff:  0.0, Sum:  0.0, Workers: 4
[2901.855s][debug][gc,phases      ] GC(88)     Dead                           Min: 0, Avg:  0.0, Max: 0, Diff: 0, Sum: 0, Workers: 4
[2901.855s][debug][gc,phases      ] GC(88)     Total                          Min: 0, Avg:  0.0, Max: 0, Diff: 0, Sum: 0, Workers: 4
[2901.855s][debug][gc,phases      ] GC(88)   StringTable Weak               Min:  0.0, Avg:  0.1, Max:  0.2, Diff:  0.2, Sum:  0.5, Workers: 4
[2901.855s][debug][gc,phases      ] GC(88)     Dead                           Min: 0, Avg:  0.0, Max: 0, Diff: 0, Sum: 0, Workers: 4
[2901.855s][debug][gc,phases      ] GC(88)     Total                          Min: 0, Avg: 12271.5, Max: 17343, Diff: 17343, Sum: 49086, Workers: 4
[2901.855s][debug][gc,phases      ] GC(88)   ResolvedMethodTable Weak       Min:  0.0, Avg:  0.0, Max:  0.0, Diff:  0.0, Sum:  0.1, Workers: 4
[2901.855s][debug][gc,phases      ] GC(88)     Dead                           Min: 0, Avg:  0.0, Max: 0, Diff: 0, Sum: 0, Workers: 4
[2901.855s][debug][gc,phases      ] GC(88)     Total                          Min: 0, Avg: 3479.2, Max: 4800, Diff: 4800, Sum: 13917, Workers: 4
[2901.855s][debug][gc,phases      ] GC(88)   JNI Weak                       Min:  0.0, Avg:  0.0, Max:  0.0, Diff:  0.0, Sum:  0.0, Workers: 4
[2901.855s][debug][gc,phases      ] GC(88)     Dead                           Min: 0, Avg:  0.0, Max: 0, Diff: 0, Sum: 0, Workers: 4
[2901.855s][debug][gc,phases      ] GC(88)     Total                          Min: 0, Avg: 12.0, Max: 48, Diff: 48, Sum: 48, Workers: 4
[2901.855s][debug][gc,phases      ] GC(88)   StringDedup Table Weak         Min:  0.0, Avg:  0.0, Max:  0.0, Diff:  0.0, Sum:  0.0, Workers: 4
[2901.855s][debug][gc,phases      ] GC(88)     Dead                           Min: 0, Avg:  0.0, Max: 0, Diff: 0, Sum: 0, Workers: 4
[2901.855s][debug][gc,phases      ] GC(88)     Total                          Min: 0, Avg:  0.0, Max: 0, Diff: 0, Sum: 0, Workers: 4
[2901.855s][debug][gc,phases      ] GC(88)   StringDedup Requests0 Weak     Min:  0.0, Avg:  0.0, Max:  0.0, Diff:  0.0, Sum:  0.0, Workers: 4
[2901.855s][debug][gc,phases      ] GC(88)     Dead                           Min: 0, Avg:  0.0, Max: 0, Diff: 0, Sum: 0, Workers: 4
[2901.855s][debug][gc,phases      ] GC(88)     Total                          Min: 0, Avg:  0.0, Max: 0, Diff: 0, Sum: 0, Workers: 4
[2901.855s][debug][gc,phases      ] GC(88)   StringDedup Requests1 Weak     Min:  0.0, Avg:  0.0, Max:  0.0, Diff:  0.0, Sum:  0.0, Workers: 4
[2901.855s][debug][gc,phases      ] GC(88)     Dead                           Min: 0, Avg:  0.0, Max: 0, Diff: 0, Sum: 0, Workers: 4
[2901.855s][debug][gc,phases      ] GC(88)     Total                          Min: 0, Avg:  0.0, Max: 0, Diff: 0, Sum: 0, Workers: 4
[2901.855s][debug][gc,phases      ] GC(88)   Weak JFR Old Object Samples    Min:  0.0, Avg:  0.0, Max:  0.0, Diff:  0.0, Sum:  0.0, Workers: 4
[2901.855s][debug][gc,phases      ] GC(88)     Dead                           Min: 0, Avg:  0.0, Max: 0, Diff: 0, Sum: 0, Workers: 4
[2901.855s][debug][gc,phases      ] GC(88)     Total                          Min: 0, Avg:  0.0, Max: 0, Diff: 0, Sum: 0, Workers: 4
[2901.855s][debug][gc,phases      ] GC(88) Weak Processing 0.466ms
[2901.855s][debug][gc,age         ] GC(88) Desired survivor size 324009984 bytes, new threshold 15 (max threshold 15)
[2901.855s][info ][gc,heap        ] GC(88) PSYoungGen: 1742161K(1786880K)->247932K(1773056K) Eden: 1524736K(1524736K)->0K(1524736K) From: 217425K(262144K)->247932K(248320K)
[2901.855s][info ][gc,heap        ] GC(88) ParOldGen: 367911K(482304K)->368800K(482304K)
[2901.855s][info ][gc,metaspace   ] GC(88) Metaspace: 97793K(99136K)->97793K(99136K) NonClass: 83561K(84352K)->83561K(84352K) Class: 14232K(14784K)->14232K(14784K)
[2901.855s][info ][gc             ] GC(88) Pause Young (Allocation Failure) 2060M->602M(2202M) 65.544ms
[2901.855s][info ][gc,cpu         ] GC(88) User=0.23s Sys=0.00s Real=0.06s
[2901.855s][info ][safepoint      ] Safepoint "ParallelGCFailedAllocation", Time since last: 6748537083 ns, Reaching safepoint: 93304 ns, Cleanup: 4500 ns, At safepoint: 65642326 ns, Total: 65740130 ns
[2904.855s][info ][safepoint      ] Safepoint "Cleanup", Time since last: 3000228388 ns, Reaching safepoint: 8400 ns, Cleanup: 10501 ns, At safepoint: 2100 ns, Total: 21001 ns
[2906.855s][info ][safepoint      ] Safepoint "Cleanup", Time since last: 2000158941 ns, Reaching safepoint: 8401 ns, Cleanup: 11600 ns, At safepoint: 2600 ns, Total: 22601 ns
[2907.856s][info ][safepoint      ] Safepoint "Cleanup", Time since last: 1000114273 ns, Reaching safepoint: 8900 ns, Cleanup: 19801 ns, At safepoint: 2900 ns, Total: 31601 ns
[2908.856s][info ][safepoint      ] Safepoint "Cleanup", Time since last: 1000116773 ns, Reaching safepoint: 8900 ns, Cleanup: 15301 ns, At safepoint: 6600 ns, Total: 30801 ns
[2911.856s][info ][safepoint      ] Safepoint "Cleanup", Time since last: 3000232812 ns, Reaching safepoint: 7501 ns, Cleanup: 11300 ns, At safepoint: 2700 ns, Total: 21501 ns
[2912.856s][info ][safepoint      ] Safepoint "Cleanup", Time since last: 1000116335 ns, Reaching safepoint: 8700 ns, Cleanup: 14901 ns, At safepoint: 2400 ns, Total: 26001 ns
[2913.856s][info ][safepoint      ] Safepoint "Cleanup", Time since last: 1000127404 ns, Reaching safepoint: 7700 ns, Cleanup: 11001 ns, At safepoint: 2600 ns, Total: 21301 ns
[2914.856s][info ][safepoint      ] Safepoint "Cleanup", Time since last: 1000119603 ns, Reaching safepoint: 8401 ns, Cleanup: 14500 ns, At safepoint: 2901 ns, Total: 25802 ns
[2916.857s][info ][safepoint      ] Safepoint "Cleanup", Time since last: 2000190705 ns, Reaching safepoint: 8100 ns, Cleanup: 10001 ns, At safepoint: 2500 ns, Total: 20601 ns
[2919.857s][info ][safepoint      ] Safepoint "Cleanup", Time since last: 3000254906 ns, Reaching safepoint: 84204 ns, Cleanup: 12401 ns, At safepoint: 12600 ns, Total: 109205 ns
[2920.857s][info ][safepoint      ] Safepoint "Cleanup", Time since last: 1000133849 ns, Reaching safepoint: 83303 ns, Cleanup: 9501 ns, At safepoint: 6500 ns, Total: 99304 ns
[2920.884s][info ][gc,start       ] GC(89) Pause Young (Allocation Failure)
[2920.955s][debug][gc,phases      ] GC(89) Scavenge 71.189ms
[2920.955s][debug][gc,ref         ] GC(89) ReferenceProcessor::execute queues: 1, RefProcThreadModel::Single, marks_oops_alive: false
[2920.955s][debug][gc,ref         ] GC(89) ReferenceProcessor::execute queues: 4, RefProcThreadModel::Multi, marks_oops_alive: true
[2920.955s][debug][gc,ref         ] GC(89) ReferenceProcessor::execute queues: 1, RefProcThreadModel::Single, marks_oops_alive: false
[2920.955s][debug][gc,phases      ] GC(89) Reference Processing 0.237ms
[2920.956s][debug][gc,phases      ] GC(89)   VM Weak                        Min:  0.0, Avg:  0.0, Max:  0.0, Diff:  0.0, Sum:  0.0, Workers: 4
[2920.956s][debug][gc,phases      ] GC(89)     Dead                           Min: 0, Avg:  0.0, Max: 0, Diff: 0, Sum: 0, Workers: 4
[2920.956s][debug][gc,phases      ] GC(89)     Total                          Min: 0, Avg: 253.5, Max: 640, Diff: 640, Sum: 1014, Workers: 4
[2920.956s][debug][gc,phases      ] GC(89)   ObjectSynchronizer Weak        Min:  0.0, Avg:  0.0, Max:  0.0, Diff:  0.0, Sum:  0.0, Workers: 4
[2920.956s][debug][gc,phases      ] GC(89)     Dead                           Min: 0, Avg:  0.0, Max: 0, Diff: 0, Sum: 0, Workers: 4
[2920.956s][debug][gc,phases      ] GC(89)     Total                          Min: 0, Avg:  1.2, Max: 5, Diff: 5, Sum: 5, Workers: 4
[2920.956s][debug][gc,phases      ] GC(89)   JVMTI Tag Weak OopStorage      Min:  0.0, Avg:  0.0, Max:  0.0, Diff:  0.0, Sum:  0.0, Workers: 4
[2920.956s][debug][gc,phases      ] GC(89)     Dead                           Min: 0, Avg:  0.0, Max: 0, Diff: 0, Sum: 0, Workers: 4
[2920.956s][debug][gc,phases      ] GC(89)     Total                          Min: 0, Avg:  0.0, Max: 0, Diff: 0, Sum: 0, Workers: 4
[2920.956s][debug][gc,phases      ] GC(89)   StringTable Weak               Min:  0.0, Avg:  0.1, Max:  0.2, Diff:  0.2, Sum:  0.5, Workers: 4
[2920.956s][debug][gc,phases      ] GC(89)     Dead                           Min: 0, Avg:  0.2, Max: 1, Diff: 1, Sum: 1, Workers: 4
[2920.956s][debug][gc,phases      ] GC(89)     Total                          Min: 0, Avg: 12272.0, Max: 16960, Diff: 16960, Sum: 49088, Workers: 4
[2920.956s][debug][gc,phases      ] GC(89)   ResolvedMethodTable Weak       Min:  0.0, Avg:  0.0, Max:  0.0, Diff:  0.0, Sum:  0.1, Workers: 4
[2920.956s][debug][gc,phases      ] GC(89)     Dead                           Min: 0, Avg:  0.0, Max: 0, Diff: 0, Sum: 0, Workers: 4
[2920.956s][debug][gc,phases      ] GC(89)     Total                          Min: 0, Avg: 3480.0, Max: 5054, Diff: 5054, Sum: 13920, Workers: 4
[2920.956s][debug][gc,phases      ] GC(89)   JNI Weak                       Min:  0.0, Avg:  0.0, Max:  0.0, Diff:  0.0, Sum:  0.0, Workers: 4
[2920.956s][debug][gc,phases      ] GC(89)     Dead                           Min: 0, Avg:  0.0, Max: 0, Diff: 0, Sum: 0, Workers: 4
[2920.956s][debug][gc,phases      ] GC(89)     Total                          Min: 0, Avg: 12.0, Max: 48, Diff: 48, Sum: 48, Workers: 4
[2920.956s][debug][gc,phases      ] GC(89)   StringDedup Table Weak         Min:  0.0, Avg:  0.0, Max:  0.0, Diff:  0.0, Sum:  0.0, Workers: 4
[2920.956s][debug][gc,phases      ] GC(89)     Dead                           Min: 0, Avg:  0.0, Max: 0, Diff: 0, Sum: 0, Workers: 4
[2920.956s][debug][gc,phases      ] GC(89)     Total                          Min: 0, Avg:  0.0, Max: 0, Diff: 0, Sum: 0, Workers: 4
[2920.956s][debug][gc,phases      ] GC(89)   StringDedup Requests0 Weak     Min:  0.0, Avg:  0.0, Max:  0.0, Diff:  0.0, Sum:  0.0, Workers: 4
[2920.956s][debug][gc,phases      ] GC(89)     Dead                           Min: 0, Avg:  0.0, Max: 0, Diff: 0, Sum: 0, Workers: 4
[2920.956s][debug][gc,phases      ] GC(89)     Total                          Min: 0, Avg:  0.0, Max: 0, Diff: 0, Sum: 0, Workers: 4
[2920.956s][debug][gc,phases      ] GC(89)   StringDedup Requests1 Weak     Min:  0.0, Avg:  0.0, Max:  0.0, Diff:  0.0, Sum:  0.0, Workers: 4
[2920.956s][debug][gc,phases      ] GC(89)     Dead                           Min: 0, Avg:  0.0, Max: 0, Diff: 0, Sum: 0, Workers: 4
[2920.956s][debug][gc,phases      ] GC(89)     Total                          Min: 0, Avg:  0.0, Max: 0, Diff: 0, Sum: 0, Workers: 4
[2920.956s][debug][gc,phases      ] GC(89)   Weak JFR Old Object Samples    Min:  0.0, Avg:  0.0, Max:  0.0, Diff:  0.0, Sum:  0.0, Workers: 4
[2920.956s][debug][gc,phases      ] GC(89)     Dead                           Min: 0, Avg:  0.0, Max: 0, Diff: 0, Sum: 0, Workers: 4
[2920.956s][debug][gc,phases      ] GC(89)     Total                          Min: 0, Avg:  0.0, Max: 0, Diff: 0, Sum: 0, Workers: 4
[2920.956s][debug][gc,phases      ] GC(89) Weak Processing 0.466ms
[2920.956s][debug][gc,age         ] GC(89) Desired survivor size 340787200 bytes, new threshold 15 (max threshold 15)
[2920.956s][info ][gc,heap        ] GC(89) PSYoungGen: 1772668K(1773056K)->228378K(1747968K) Eden: 1524736K(1524736K)->0K(1431552K) From: 247932K(248320K)->228378K(316416K)
[2920.956s][info ][gc,heap        ] GC(89) ParOldGen: 368800K(482304K)->376541K(482304K)
[2920.956s][info ][gc,metaspace   ] GC(89) Metaspace: 97803K(99136K)->97803K(99136K) NonClass: 83569K(84352K)->83569K(84352K) Class: 14233K(14784K)->14233K(14784K)
[2920.956s][info ][gc             ] GC(89) Pause Young (Allocation Failure) 2091M->590M(2178M) 72.049ms
[2920.956s][info ][gc,cpu         ] GC(89) User=0.25s Sys=0.01s Real=0.07s
[2920.956s][info ][safepoint      ] Safepoint "ParallelGCFailedAllocation", Time since last: 26591304 ns, Reaching safepoint: 86004 ns, Cleanup: 3800 ns, At safepoint: 72144695 ns, Total: 72234499 ns
[2922.956s][info ][safepoint      ] Safepoint "Cleanup", Time since last: 2000163336 ns, Reaching safepoint: 82203 ns, Cleanup: 9700 ns, At safepoint: 7001 ns, Total: 98904 ns
[2923.956s][info ][safepoint      ] Safepoint "Cleanup", Time since last: 1000108419 ns, Reaching safepoint: 8300 ns, Cleanup: 22401 ns, At safepoint: 2600 ns, Total: 33301 ns
[2928.957s][info ][safepoint      ] Safepoint "Cleanup", Time since last: 5000394625 ns, Reaching safepoint: 8301 ns, Cleanup: 18700 ns, At safepoint: 3000 ns, Total: 30001 ns
[2929.957s][info ][safepoint      ] Safepoint "Cleanup", Time since last: 1000134780 ns, Reaching safepoint: 8001 ns, Cleanup: 12000 ns, At safepoint: 2700 ns, Total: 22701 ns
[2935.958s][info ][safepoint      ] Safepoint "Cleanup", Time since last: 6000507492 ns, Reaching safepoint: 8800 ns, Cleanup: 16101 ns, At safepoint: 2700 ns, Total: 27601 ns
[2938.958s][info ][safepoint      ] Safepoint "Cleanup", Time since last: 3000252646 ns, Reaching safepoint: 8601 ns, Cleanup: 16600 ns, At safepoint: 2800 ns, Total: 28001 ns
[2941.637s][info ][gc,start       ] GC(90) Pause Young (Allocation Failure)
[2941.698s][debug][gc,phases      ] GC(90) Scavenge 61.074ms
[2941.699s][debug][gc,ref         ] GC(90) ReferenceProcessor::execute queues: 1, RefProcThreadModel::Single, marks_oops_alive: false
[2941.699s][debug][gc,ref         ] GC(90) ReferenceProcessor::execute queues: 4, RefProcThreadModel::Multi, marks_oops_alive: true
[2941.699s][debug][gc,ref         ] GC(90) ReferenceProcessor::execute queues: 1, RefProcThreadModel::Single, marks_oops_alive: false
[2941.699s][debug][gc,phases      ] GC(90) Reference Processing 0.193ms
[2941.699s][debug][gc,phases      ] GC(90)   VM Weak                        Min:  0.0, Avg:  0.0, Max:  0.0, Diff:  0.0, Sum:  0.0, Workers: 4
[2941.699s][debug][gc,phases      ] GC(90)     Dead                           Min: 0, Avg:  0.0, Max: 0, Diff: 0, Sum: 0, Workers: 4
[2941.699s][debug][gc,phases      ] GC(90)     Total                          Min: 0, Avg: 253.5, Max: 512, Diff: 512, Sum: 1014, Workers: 4
[2941.699s][debug][gc,phases      ] GC(90)   ObjectSynchronizer Weak        Min:  0.0, Avg:  0.0, Max:  0.0, Diff:  0.0, Sum:  0.0, Workers: 4
[2941.699s][debug][gc,phases      ] GC(90)     Dead                           Min: 0, Avg:  0.0, Max: 0, Diff: 0, Sum: 0, Workers: 4
[2941.699s][debug][gc,phases      ] GC(90)     Total                          Min: 0, Avg:  0.8, Max: 3, Diff: 3, Sum: 3, Workers: 4
[2941.699s][debug][gc,phases      ] GC(90)   JVMTI Tag Weak OopStorage      Min:  0.0, Avg:  0.0, Max:  0.0, Diff:  0.0, Sum:  0.0, Workers: 4
[2941.699s][debug][gc,phases      ] GC(90)     Dead                           Min: 0, Avg:  0.0, Max: 0, Diff: 0, Sum: 0, Workers: 4
[2941.699s][debug][gc,phases      ] GC(90)     Total                          Min: 0, Avg:  0.0, Max: 0, Diff: 0, Sum: 0, Workers: 4
[2941.699s][debug][gc,phases      ] GC(90)   StringTable Weak               Min:  0.0, Avg:  0.1, Max:  0.2, Diff:  0.2, Sum:  0.5, Workers: 4
[2941.699s][debug][gc,phases      ] GC(90)     Dead                           Min: 0, Avg:  0.0, Max: 0, Diff: 0, Sum: 0, Workers: 4
[2941.699s][debug][gc,phases      ] GC(90)     Total                          Min: 0, Avg: 12272.5, Max: 17088, Diff: 17088, Sum: 49090, Workers: 4
[2941.699s][debug][gc,phases      ] GC(90)   ResolvedMethodTable Weak       Min:  0.0, Avg:  0.0, Max:  0.0, Diff:  0.0, Sum:  0.1, Workers: 4
[2941.699s][debug][gc,phases      ] GC(90)     Dead                           Min: 0, Avg:  0.0, Max: 0, Diff: 0, Sum: 0, Workers: 4
[2941.699s][debug][gc,phases      ] GC(90)     Total                          Min: 0, Avg: 3480.0, Max: 4707, Diff: 4707, Sum: 13920, Workers: 4
[2941.699s][debug][gc,phases      ] GC(90)   JNI Weak                       Min:  0.0, Avg:  0.0, Max:  0.0, Diff:  0.0, Sum:  0.0, Workers: 4
[2941.699s][debug][gc,phases      ] GC(90)     Dead                           Min: 0, Avg:  0.0, Max: 0, Diff: 0, Sum: 0, Workers: 4
[2941.699s][debug][gc,phases      ] GC(90)     Total                          Min: 0, Avg: 12.0, Max: 48, Diff: 48, Sum: 48, Workers: 4
[2941.699s][debug][gc,phases      ] GC(90)   StringDedup Table Weak         Min:  0.0, Avg:  0.0, Max:  0.0, Diff:  0.0, Sum:  0.0, Workers: 4
[2941.699s][debug][gc,phases      ] GC(90)     Dead                           Min: 0, Avg:  0.0, Max: 0, Diff: 0, Sum: 0, Workers: 4
[2941.699s][debug][gc,phases      ] GC(90)     Total                          Min: 0, Avg:  0.0, Max: 0, Diff: 0, Sum: 0, Workers: 4
[2941.699s][debug][gc,phases      ] GC(90)   StringDedup Requests0 Weak     Min:  0.0, Avg:  0.0, Max:  0.0, Diff:  0.0, Sum:  0.0, Workers: 4
[2941.699s][debug][gc,phases      ] GC(90)     Dead                           Min: 0, Avg:  0.0, Max: 0, Diff: 0, Sum: 0, Workers: 4
[2941.699s][debug][gc,phases      ] GC(90)     Total                          Min: 0, Avg:  0.0, Max: 0, Diff: 0, Sum: 0, Workers: 4
[2941.699s][debug][gc,phases      ] GC(90)   StringDedup Requests1 Weak     Min:  0.0, Avg:  0.0, Max:  0.0, Diff:  0.0, Sum:  0.0, Workers: 4
[2941.699s][debug][gc,phases      ] GC(90)     Dead                           Min: 0, Avg:  0.0, Max: 0, Diff: 0, Sum: 0, Workers: 4
[2941.699s][debug][gc,phases      ] GC(90)     Total                          Min: 0, Avg:  0.0, Max: 0, Diff: 0, Sum: 0, Workers: 4
[2941.699s][debug][gc,phases      ] GC(90)   Weak JFR Old Object Samples    Min:  0.0, Avg:  0.0, Max:  0.0, Diff:  0.0, Sum:  0.0, Workers: 4
[2941.699s][debug][gc,phases      ] GC(90)     Dead                           Min: 0, Avg:  0.0, Max: 0, Diff: 0, Sum: 0, Workers: 4
[2941.699s][debug][gc,phases      ] GC(90)     Total                          Min: 0, Avg:  0.0, Max: 0, Diff: 0, Sum: 0, Workers: 4
[2941.699s][debug][gc,phases      ] GC(90) Weak Processing 0.465ms
[2941.699s][debug][gc,age         ] GC(90) Desired survivor size 352321536 bytes, new threshold 15 (max threshold 15)
[2941.699s][info ][gc,heap        ] GC(90) PSYoungGen: 1659930K(1747968K)->225726K(1657344K) Eden: 1431552K(1431552K)->0K(1431552K) From: 228378K(316416K)->225726K(225792K)
[2941.699s][info ][gc,heap        ] GC(90) ParOldGen: 376541K(482304K)->376773K(482304K)
[2941.699s][info ][gc,metaspace   ] GC(90) Metaspace: 97822K(99136K)->97822K(99136K) NonClass: 83588K(84352K)->83588K(84352K) Class: 14233K(14784K)->14233K(14784K)
[2941.699s][info ][gc             ] GC(90) Pause Young (Allocation Failure) 1988M->588M(2089M) 61.885ms
[2941.699s][info ][gc,cpu         ] GC(90) User=0.20s Sys=0.00s Real=0.06s
[2941.699s][info ][safepoint      ] Safepoint "ParallelGCFailedAllocation", Time since last: 2679313386 ns, Reaching safepoint: 10701 ns, Cleanup: 3800 ns, At safepoint: 61971504 ns, Total: 61986005 ns
[2945.700s][info ][safepoint      ] Safepoint "Cleanup", Time since last: 4000316382 ns, Reaching safepoint: 12301 ns, Cleanup: 24301 ns, At safepoint: 6800 ns, Total: 43402 ns
[2946.700s][info ][safepoint      ] Safepoint "Cleanup", Time since last: 1000139479 ns, Reaching safepoint: 7901 ns, Cleanup: 15200 ns, At safepoint: 2200 ns, Total: 25301 ns
[2949.700s][info ][safepoint      ] Safepoint "Cleanup", Time since last: 3000241930 ns, Reaching safepoint: 9101 ns, Cleanup: 19200 ns, At safepoint: 2300 ns, Total: 30601 ns
[2952.700s][info ][safepoint      ] Safepoint "Cleanup", Time since last: 3000233210 ns, Reaching safepoint: 8000 ns, Cleanup: 6900 ns, At safepoint: 2200 ns, Total: 17100 ns
[2956.701s][info ][safepoint      ] Safepoint "Cleanup", Time since last: 4000314524 ns, Reaching safepoint: 8300 ns, Cleanup: 13601 ns, At safepoint: 2600 ns, Total: 24501 ns
[2958.701s][info ][safepoint      ] Safepoint "Cleanup", Time since last: 2000176675 ns, Reaching safepoint: 8601 ns, Cleanup: 10400 ns, At safepoint: 2900 ns, Total: 21901 ns
[2961.701s][info ][safepoint      ] Safepoint "Cleanup", Time since last: 3000209308 ns, Reaching safepoint: 8400 ns, Cleanup: 9901 ns, At safepoint: 24901 ns, Total: 43202 ns
[2963.701s][info ][safepoint      ] Safepoint "Cleanup", Time since last: 2000157554 ns, Reaching safepoint: 7800 ns, Cleanup: 11200 ns, At safepoint: 3000 ns, Total: 22000 ns
[2965.701s][info ][safepoint      ] Safepoint "Cleanup", Time since last: 2000180155 ns, Reaching safepoint: 8301 ns, Cleanup: 13400 ns, At safepoint: 2900 ns, Total: 24601 ns
[2966.443s][info ][gc,start       ] GC(91) Pause Young (Allocation Failure)
[2966.507s][debug][gc,phases      ] GC(91) Scavenge 64.058ms
[2966.507s][debug][gc,ref         ] GC(91) ReferenceProcessor::execute queues: 1, RefProcThreadModel::Single, marks_oops_alive: false
[2966.507s][debug][gc,ref         ] GC(91) Skipped KeepAliveFinalRefsPhase of Reference Processing: no references
[2966.507s][debug][gc,ref         ] GC(91) ReferenceProcessor::execute queues: 1, RefProcThreadModel::Single, marks_oops_alive: false
[2966.507s][debug][gc,phases      ] GC(91) Reference Processing 0.246ms
[2966.508s][debug][gc,phases      ] GC(91)   VM Weak                        Min:  0.0, Avg:  0.0, Max:  0.0, Diff:  0.0, Sum:  0.0, Workers: 4
[2966.508s][debug][gc,phases      ] GC(91)     Dead                           Min: 0, Avg:  0.0, Max: 0, Diff: 0, Sum: 0, Workers: 4
[2966.508s][debug][gc,phases      ] GC(91)     Total                          Min: 0, Avg: 253.5, Max: 630, Diff: 630, Sum: 1014, Workers: 4
[2966.508s][debug][gc,phases      ] GC(91)   ObjectSynchronizer Weak        Min:  0.0, Avg:  0.0, Max:  0.0, Diff:  0.0, Sum:  0.0, Workers: 4
[2966.508s][debug][gc,phases      ] GC(91)     Dead                           Min: 0, Avg:  0.0, Max: 0, Diff: 0, Sum: 0, Workers: 4
[2966.508s][debug][gc,phases      ] GC(91)     Total                          Min: 0, Avg:  1.0, Max: 4, Diff: 4, Sum: 4, Workers: 4
[2966.508s][debug][gc,phases      ] GC(91)   JVMTI Tag Weak OopStorage      Min:  0.0, Avg:  0.0, Max:  0.0, Diff:  0.0, Sum:  0.0, Workers: 4
[2966.508s][debug][gc,phases      ] GC(91)     Dead                           Min: 0, Avg:  0.0, Max: 0, Diff: 0, Sum: 0, Workers: 4
[2966.508s][debug][gc,phases      ] GC(91)     Total                          Min: 0, Avg:  0.0, Max: 0, Diff: 0, Sum: 0, Workers: 4
[2966.508s][debug][gc,phases      ] GC(91)   StringTable Weak               Min:  0.0, Avg:  0.1, Max:  0.2, Diff:  0.2, Sum:  0.5, Workers: 4
[2966.508s][debug][gc,phases      ] GC(91)     Dead                           Min: 0, Avg:  0.2, Max: 1, Diff: 1, Sum: 1, Workers: 4
[2966.508s][debug][gc,phases      ] GC(91)     Total                          Min: 0, Avg: 12276.0, Max: 16913, Diff: 16913, Sum: 49104, Workers: 4
[2966.508s][debug][gc,phases      ] GC(91)   ResolvedMethodTable Weak       Min:  0.0, Avg:  0.0, Max:  0.0, Diff:  0.0, Sum:  0.1, Workers: 4
[2966.508s][debug][gc,phases      ] GC(91)     Dead                           Min: 0, Avg:  0.2, Max: 1, Diff: 1, Sum: 1, Workers: 4
[2966.508s][debug][gc,phases      ] GC(91)     Total                          Min: 0, Avg: 3483.5, Max: 5054, Diff: 5054, Sum: 13934, Workers: 4
[2966.508s][debug][gc,phases      ] GC(91)   JNI Weak                       Min:  0.0, Avg:  0.0, Max:  0.0, Diff:  0.0, Sum:  0.0, Workers: 4
[2966.508s][debug][gc,phases      ] GC(91)     Dead                           Min: 0, Avg:  0.0, Max: 0, Diff: 0, Sum: 0, Workers: 4
[2966.508s][debug][gc,phases      ] GC(91)     Total                          Min: 0, Avg: 12.0, Max: 48, Diff: 48, Sum: 48, Workers: 4
[2966.508s][debug][gc,phases      ] GC(91)   StringDedup Table Weak         Min:  0.0, Avg:  0.0, Max:  0.0, Diff:  0.0, Sum:  0.0, Workers: 4
[2966.508s][debug][gc,phases      ] GC(91)     Dead                           Min: 0, Avg:  0.0, Max: 0, Diff: 0, Sum: 0, Workers: 4
[2966.508s][debug][gc,phases      ] GC(91)     Total                          Min: 0, Avg:  0.0, Max: 0, Diff: 0, Sum: 0, Workers: 4
[2966.508s][debug][gc,phases      ] GC(91)   StringDedup Requests0 Weak     Min:  0.0, Avg:  0.0, Max:  0.0, Diff:  0.0, Sum:  0.0, Workers: 4
[2966.508s][debug][gc,phases      ] GC(91)     Dead                           Min: 0, Avg:  0.0, Max: 0, Diff: 0, Sum: 0, Workers: 4
[2966.508s][debug][gc,phases      ] GC(91)     Total                          Min: 0, Avg:  0.0, Max: 0, Diff: 0, Sum: 0, Workers: 4
[2966.508s][debug][gc,phases      ] GC(91)   StringDedup Requests1 Weak     Min:  0.0, Avg:  0.0, Max:  0.0, Diff:  0.0, Sum:  0.0, Workers: 4
[2966.508s][debug][gc,phases      ] GC(91)     Dead                           Min: 0, Avg:  0.0, Max: 0, Diff: 0, Sum: 0, Workers: 4
[2966.508s][debug][gc,phases      ] GC(91)     Total                          Min: 0, Avg:  0.0, Max: 0, Diff: 0, Sum: 0, Workers: 4
[2966.508s][debug][gc,phases      ] GC(91)   Weak JFR Old Object Samples    Min:  0.0, Avg:  0.0, Max:  0.0, Diff:  0.0, Sum:  0.0, Workers: 4
[2966.508s][debug][gc,phases      ] GC(91)     Dead                           Min: 0, Avg:  0.0, Max: 0, Diff: 0, Sum: 0, Workers: 4
[2966.508s][debug][gc,phases      ] GC(91)     Total                          Min: 0, Avg:  0.0, Max: 0, Diff: 0, Sum: 0, Workers: 4
[2966.508s][debug][gc,phases      ] GC(91) Weak Processing 0.496ms
[2966.508s][debug][gc,age         ] GC(91) Desired survivor size 361234432 bytes, new threshold 15 (max threshold 15)
[2966.508s][info ][gc,heap        ] GC(91) PSYoungGen: 1657278K(1657344K)->226879K(1735680K) Eden: 1431552K(1431552K)->0K(1391616K) From: 225726K(225792K)->226879K(344064K)
[2966.508s][info ][gc,heap        ] GC(91) ParOldGen: 376773K(482304K)->378470K(482304K)
[2966.508s][info ][gc,metaspace   ] GC(91) Metaspace: 97871K(99200K)->97871K(99200K) NonClass: 83631K(84416K)->83631K(84416K) Class: 14240K(14784K)->14240K(14784K)
[2966.508s][info ][gc             ] GC(91) Pause Young (Allocation Failure) 1986M->591M(2166M) 64.950ms
[2966.508s][info ][gc,cpu         ] GC(91) User=0.21s Sys=0.00s Real=0.07s
[2966.508s][info ][safepoint      ] Safepoint "ParallelGCFailedAllocation", Time since last: 741453361 ns, Reaching safepoint: 87404 ns, Cleanup: 4100 ns, At safepoint: 65057220 ns, Total: 65148724 ns
[2968.508s][info ][safepoint      ] Safepoint "Cleanup", Time since last: 2000162754 ns, Reaching safepoint: 8401 ns, Cleanup: 13300 ns, At safepoint: 3700 ns, Total: 25401 ns
[2969.508s][info ][safepoint      ] Safepoint "Cleanup", Time since last: 1000127544 ns, Reaching safepoint: 7800 ns, Cleanup: 11701 ns, At safepoint: 2500 ns, Total: 22001 ns
[2971.509s][info ][safepoint      ] Safepoint "Cleanup", Time since last: 2000180691 ns, Reaching safepoint: 8601 ns, Cleanup: 10300 ns, At safepoint: 2800 ns, Total: 21701 ns
[2975.509s][info ][safepoint      ] Safepoint "Cleanup", Time since last: 4000319500 ns, Reaching safepoint: 8401 ns, Cleanup: 14200 ns, At safepoint: 2700 ns, Total: 25301 ns
[2976.509s][info ][safepoint      ] Safepoint "Cleanup", Time since last: 1000119109 ns, Reaching safepoint: 8700 ns, Cleanup: 12100 ns, At safepoint: 2700 ns, Total: 23500 ns
[2990.510s][info ][safepoint      ] Safepoint "Cleanup", Time since last: 14000948970 ns, Reaching safepoint: 8300 ns, Cleanup: 13301 ns, At safepoint: 2700 ns, Total: 24301 ns
[2991.510s][info ][safepoint      ] Safepoint "Cleanup", Time since last: 1000124717 ns, Reaching safepoint: 8301 ns, Cleanup: 11300 ns, At safepoint: 2400 ns, Total: 22001 ns
[2991.834s][info ][gc,start       ] GC(92) Pause Young (Allocation Failure)
[2991.895s][debug][gc,phases      ] GC(92) Scavenge 61.055ms
[2991.895s][debug][gc,ref         ] GC(92) ReferenceProcessor::execute queues: 1, RefProcThreadModel::Single, marks_oops_alive: false
[2991.895s][debug][gc,ref         ] GC(92) Skipped KeepAliveFinalRefsPhase of Reference Processing: no references
[2991.895s][debug][gc,ref         ] GC(92) ReferenceProcessor::execute queues: 1, RefProcThreadModel::Single, marks_oops_alive: false
[2991.895s][debug][gc,phases      ] GC(92) Reference Processing 0.129ms
[2991.895s][debug][gc,phases      ] GC(92)   VM Weak                        Min:  0.0, Avg:  0.0, Max:  0.0, Diff:  0.0, Sum:  0.0, Workers: 4
[2991.895s][debug][gc,phases      ] GC(92)     Dead                           Min: 0, Avg:  0.0, Max: 0, Diff: 0, Sum: 0, Workers: 4
[2991.895s][debug][gc,phases      ] GC(92)     Total                          Min: 128, Avg: 253.5, Max: 320, Diff: 192, Sum: 1014, Workers: 4
[2991.895s][debug][gc,phases      ] GC(92)   ObjectSynchronizer Weak        Min:  0.0, Avg:  0.0, Max:  0.0, Diff:  0.0, Sum:  0.0, Workers: 4
[2991.895s][debug][gc,phases      ] GC(92)     Dead                           Min: 0, Avg:  0.0, Max: 0, Diff: 0, Sum: 0, Workers: 4
[2991.895s][debug][gc,phases      ] GC(92)     Total                          Min: 0, Avg:  1.0, Max: 4, Diff: 4, Sum: 4, Workers: 4
[2991.895s][debug][gc,phases      ] GC(92)   JVMTI Tag Weak OopStorage      Min:  0.0, Avg:  0.0, Max:  0.0, Diff:  0.0, Sum:  0.0, Workers: 4
[2991.895s][debug][gc,phases      ] GC(92)     Dead                           Min: 0, Avg:  0.0, Max: 0, Diff: 0, Sum: 0, Workers: 4
[2991.895s][debug][gc,phases      ] GC(92)     Total                          Min: 0, Avg:  0.0, Max: 0, Diff: 0, Sum: 0, Workers: 4
[2991.895s][debug][gc,phases      ] GC(92)   StringTable Weak               Min:  0.1, Avg:  0.1, Max:  0.1, Diff:  0.0, Sum:  0.5, Workers: 4
[2991.895s][debug][gc,phases      ] GC(92)     Dead                           Min: 0, Avg:  0.0, Max: 0, Diff: 0, Sum: 0, Workers: 4
[2991.895s][debug][gc,phases      ] GC(92)     Total                          Min: 10688, Avg: 12277.5, Max: 13311, Diff: 2623, Sum: 49110, Workers: 4
[2991.895s][debug][gc,phases      ] GC(92)   ResolvedMethodTable Weak       Min:  0.0, Avg:  0.0, Max:  0.0, Diff:  0.0, Sum:  0.1, Workers: 4
[2991.895s][debug][gc,phases      ] GC(92)     Dead                           Min: 0, Avg:  0.0, Max: 0, Diff: 0, Sum: 0, Workers: 4
[2991.895s][debug][gc,phases      ] GC(92)     Total                          Min: 3136, Avg: 3483.5, Max: 3761, Diff: 625, Sum: 13934, Workers: 4
[2991.895s][debug][gc,phases      ] GC(92)   JNI Weak                       Min:  0.0, Avg:  0.0, Max:  0.0, Diff:  0.0, Sum:  0.0, Workers: 4
[2991.895s][debug][gc,phases      ] GC(92)     Dead                           Min: 0, Avg:  0.0, Max: 0, Diff: 0, Sum: 0, Workers: 4
[2991.895s][debug][gc,phases      ] GC(92)     Total                          Min: 0, Avg: 12.0, Max: 48, Diff: 48, Sum: 48, Workers: 4
[2991.895s][debug][gc,phases      ] GC(92)   StringDedup Table Weak         Min:  0.0, Avg:  0.0, Max:  0.0, Diff:  0.0, Sum:  0.0, Workers: 4
[2991.895s][debug][gc,phases      ] GC(92)     Dead                           Min: 0, Avg:  0.0, Max: 0, Diff: 0, Sum: 0, Workers: 4
[2991.895s][debug][gc,phases      ] GC(92)     Total                          Min: 0, Avg:  0.0, Max: 0, Diff: 0, Sum: 0, Workers: 4
[2991.895s][debug][gc,phases      ] GC(92)   StringDedup Requests0 Weak     Min:  0.0, Avg:  0.0, Max:  0.0, Diff:  0.0, Sum:  0.0, Workers: 4
[2991.895s][debug][gc,phases      ] GC(92)     Dead                           Min: 0, Avg:  0.0, Max: 0, Diff: 0, Sum: 0, Workers: 4
[2991.895s][debug][gc,phases      ] GC(92)     Total                          Min: 0, Avg:  0.0, Max: 0, Diff: 0, Sum: 0, Workers: 4
[2991.895s][debug][gc,phases      ] GC(92)   StringDedup Requests1 Weak     Min:  0.0, Avg:  0.0, Max:  0.0, Diff:  0.0, Sum:  0.0, Workers: 4
[2991.895s][debug][gc,phases      ] GC(92)     Dead                           Min: 0, Avg:  0.0, Max: 0, Diff: 0, Sum: 0, Workers: 4
[2991.895s][debug][gc,phases      ] GC(92)     Total                          Min: 0, Avg:  0.0, Max: 0, Diff: 0, Sum: 0, Workers: 4
[2991.895s][debug][gc,phases      ] GC(92)   Weak JFR Old Object Samples    Min:  0.0, Avg:  0.0, Max:  0.0, Diff:  0.0, Sum:  0.0, Workers: 4
[2991.895s][debug][gc,phases      ] GC(92)     Dead                           Min: 0, Avg:  0.0, Max: 0, Diff: 0, Sum: 0, Workers: 4
[2991.895s][debug][gc,phases      ] GC(92)     Total                          Min: 0, Avg:  0.0, Max: 0, Diff: 0, Sum: 0, Workers: 4
[2991.895s][debug][gc,phases      ] GC(92) Weak Processing 0.463ms
[2991.895s][debug][gc,age         ] GC(92) Desired survivor size 354418688 bytes, new threshold 15 (max threshold 15)
[2991.895s][info ][gc,heap        ] GC(92) PSYoungGen: 1618495K(1735680K)->194246K(1744384K) Eden: 1391616K(1391616K)->0K(1391616K) From: 226879K(344064K)->194246K(352768K)
[2991.895s][info ][gc,heap        ] GC(92) ParOldGen: 378470K(482304K)->413645K(482304K)
[2991.895s][info ][gc,metaspace   ] GC(92) Metaspace: 97890K(99200K)->97890K(99200K) NonClass: 83650K(84416K)->83650K(84416K) Class: 14240K(14784K)->14240K(14784K)
[2991.895s][info ][gc             ] GC(92) Pause Young (Allocation Failure) 1950M->593M(2174M) 61.812ms
[2991.895s][info ][gc,cpu         ] GC(92) User=0.21s Sys=0.01s Real=0.06s
[2991.895s][info ][safepoint      ] Safepoint "ParallelGCFailedAllocation", Time since last: 323347615 ns, Reaching safepoint: 90803 ns, Cleanup: 4301 ns, At safepoint: 61908815 ns, Total: 62003919 ns
[2993.896s][info ][safepoint      ] Safepoint "Cleanup", Time since last: 2000164271 ns, Reaching safepoint: 12201 ns, Cleanup: 12600 ns, At safepoint: 33701 ns, Total: 58502 ns
[2996.896s][info ][safepoint      ] Safepoint "Cleanup", Time since last: 3000208594 ns, Reaching safepoint: 8601 ns, Cleanup: 12900 ns, At safepoint: 2400 ns, Total: 23901 ns
[3004.930s][info ][safepoint      ] Safepoint "Cleanup", Time since last: 8033586852 ns, Reaching safepoint: 9501 ns, Cleanup: 13800 ns, At safepoint: 2900 ns, Total: 26201 ns
[3005.930s][info ][safepoint      ] Safepoint "Cleanup", Time since last: 1000126518 ns, Reaching safepoint: 12301 ns, Cleanup: 22200 ns, At safepoint: 2601 ns, Total: 37102 ns
[3012.930s][info ][safepoint      ] Safepoint "Cleanup", Time since last: 7000472889 ns, Reaching safepoint: 10700 ns, Cleanup: 19301 ns, At safepoint: 2600 ns, Total: 32601 ns
[3017.934s][info ][gc,start       ] GC(93) Pause Young (Allocation Failure)
[3017.995s][debug][gc,phases      ] GC(93) Scavenge 61.377ms
[3017.996s][debug][gc,ref         ] GC(93) ReferenceProcessor::execute queues: 1, RefProcThreadModel::Single, marks_oops_alive: false
[3017.996s][debug][gc,ref         ] GC(93) Skipped KeepAliveFinalRefsPhase of Reference Processing: no references
[3017.996s][debug][gc,ref         ] GC(93) ReferenceProcessor::execute queues: 1, RefProcThreadModel::Single, marks_oops_alive: false
[3017.996s][debug][gc,phases      ] GC(93) Reference Processing 0.126ms
[3017.996s][debug][gc,phases      ] GC(93)   VM Weak                        Min:  0.0, Avg:  0.0, Max:  0.0, Diff:  0.0, Sum:  0.0, Workers: 4
[3017.996s][debug][gc,phases      ] GC(93)     Dead                           Min: 0, Avg:  0.0, Max: 0, Diff: 0, Sum: 0, Workers: 4
[3017.996s][debug][gc,phases      ] GC(93)     Total                          Min: 0, Avg: 253.5, Max: 566, Diff: 566, Sum: 1014, Workers: 4
[3017.996s][debug][gc,phases      ] GC(93)   ObjectSynchronizer Weak        Min:  0.0, Avg:  0.0, Max:  0.0, Diff:  0.0, Sum:  0.0, Workers: 4
[3017.996s][debug][gc,phases      ] GC(93)     Dead                           Min: 0, Avg:  0.0, Max: 0, Diff: 0, Sum: 0, Workers: 4
[3017.996s][debug][gc,phases      ] GC(93)     Total                          Min: 0, Avg:  0.8, Max: 3, Diff: 3, Sum: 3, Workers: 4
[3017.996s][debug][gc,phases      ] GC(93)   JVMTI Tag Weak OopStorage      Min:  0.0, Avg:  0.0, Max:  0.0, Diff:  0.0, Sum:  0.0, Workers: 4
[3017.996s][debug][gc,phases      ] GC(93)     Dead                           Min: 0, Avg:  0.0, Max: 0, Diff: 0, Sum: 0, Workers: 4
[3017.996s][debug][gc,phases      ] GC(93)     Total                          Min: 0, Avg:  0.0, Max: 0, Diff: 0, Sum: 0, Workers: 4
[3017.996s][debug][gc,phases      ] GC(93)   StringTable Weak               Min:  0.0, Avg:  0.1, Max:  0.2, Diff:  0.2, Sum:  0.5, Workers: 4
[3017.996s][debug][gc,phases      ] GC(93)     Dead                           Min: 0, Avg:  0.0, Max: 0, Diff: 0, Sum: 0, Workers: 4
[3017.996s][debug][gc,phases      ] GC(93)     Total                          Min: 0, Avg: 12277.8, Max: 16920, Diff: 16920, Sum: 49111, Workers: 4
[3017.996s][debug][gc,phases      ] GC(93)   ResolvedMethodTable Weak       Min:  0.0, Avg:  0.0, Max:  0.1, Diff:  0.1, Sum:  0.2, Workers: 4
[3017.996s][debug][gc,phases      ] GC(93)     Dead                           Min: 0, Avg:  0.0, Max: 0, Diff: 0, Sum: 0, Workers: 4
[3017.996s][debug][gc,phases      ] GC(93)     Total                          Min: 0, Avg: 3483.5, Max: 5758, Diff: 5758, Sum: 13934, Workers: 4
[3017.996s][debug][gc,phases      ] GC(93)   JNI Weak                       Min:  0.0, Avg:  0.0, Max:  0.0, Diff:  0.0, Sum:  0.0, Workers: 4
[3017.996s][debug][gc,phases      ] GC(93)     Dead                           Min: 0, Avg:  0.0, Max: 0, Diff: 0, Sum: 0, Workers: 4
[3017.996s][debug][gc,phases      ] GC(93)     Total                          Min: 0, Avg: 12.0, Max: 48, Diff: 48, Sum: 48, Workers: 4
[3017.996s][debug][gc,phases      ] GC(93)   StringDedup Table Weak         Min:  0.0, Avg:  0.0, Max:  0.0, Diff:  0.0, Sum:  0.0, Workers: 4
[3017.996s][debug][gc,phases      ] GC(93)     Dead                           Min: 0, Avg:  0.0, Max: 0, Diff: 0, Sum: 0, Workers: 4
[3017.996s][debug][gc,phases      ] GC(93)     Total                          Min: 0, Avg:  0.0, Max: 0, Diff: 0, Sum: 0, Workers: 4
[3017.996s][debug][gc,phases      ] GC(93)   StringDedup Requests0 Weak     Min:  0.0, Avg:  0.0, Max:  0.0, Diff:  0.0, Sum:  0.0, Workers: 4
[3017.996s][debug][gc,phases      ] GC(93)     Dead                           Min: 0, Avg:  0.0, Max: 0, Diff: 0, Sum: 0, Workers: 4
[3017.996s][debug][gc,phases      ] GC(93)     Total                          Min: 0, Avg:  0.0, Max: 0, Diff: 0, Sum: 0, Workers: 4
[3017.996s][debug][gc,phases      ] GC(93)   StringDedup Requests1 Weak     Min:  0.0, Avg:  0.0, Max:  0.0, Diff:  0.0, Sum:  0.0, Workers: 4
[3017.996s][debug][gc,phases      ] GC(93)     Dead                           Min: 0, Avg:  0.0, Max: 0, Diff: 0, Sum: 0, Workers: 4
[3017.996s][debug][gc,phases      ] GC(93)     Total                          Min: 0, Avg:  0.0, Max: 0, Diff: 0, Sum: 0, Workers: 4
[3017.996s][debug][gc,phases      ] GC(93)   Weak JFR Old Object Samples    Min:  0.0, Avg:  0.0, Max:  0.0, Diff:  0.0, Sum:  0.0, Workers: 4
[3017.996s][debug][gc,phases      ] GC(93)     Dead                           Min: 0, Avg:  0.0, Max: 0, Diff: 0, Sum: 0, Workers: 4
[3017.996s][debug][gc,phases      ] GC(93)     Total                          Min: 0, Avg:  0.0, Max: 0, Diff: 0, Sum: 0, Workers: 4
[3017.996s][debug][gc,phases      ] GC(93) Weak Processing 0.488ms
[3017.996s][debug][gc,age         ] GC(93) Desired survivor size 339214336 bytes, new threshold 15 (max threshold 15)
[3017.996s][info ][gc,heap        ] GC(93) PSYoungGen: 1585862K(1744384K)->144934K(1765888K) Eden: 1391616K(1391616K)->0K(1419776K) From: 194246K(352768K)->144934K(346112K)
[3017.996s][info ][gc,heap        ] GC(93) ParOldGen: 413645K(482304K)->466417K(482304K)
[3017.996s][info ][gc,metaspace   ] GC(93) Metaspace: 97910K(99200K)->97910K(99200K) NonClass: 83669K(84416K)->83669K(84416K) Class: 14240K(14784K)->14240K(14784K)
[3017.996s][info ][gc             ] GC(93) Pause Young (Allocation Failure) 1952M->597M(2195M) 62.156ms
[3017.996s][info ][gc,cpu         ] GC(93) User=0.19s Sys=0.02s Real=0.06s
[3017.996s][debug][gc,phases      ] GC(94) Pre Compact 0.010ms
[3017.996s][info ][gc,start       ] GC(94) Pause Full (Ergonomics)
[3017.996s][info ][gc,phases,start] GC(94) Marking Phase
[3018.130s][debug][gc,phases      ] GC(94) Par Mark 134.170ms
[3018.131s][debug][gc,ref         ] GC(94) ReferenceProcessor::execute queues: 4, RefProcThreadModel::Multi, marks_oops_alive: false
[3018.131s][debug][gc,ref         ] GC(94) Skipped KeepAliveFinalRefsPhase of Reference Processing: no references
[3018.131s][debug][gc,ref         ] GC(94) ReferenceProcessor::execute queues: 1, RefProcThreadModel::Single, marks_oops_alive: false
[3018.132s][debug][gc,phases      ] GC(94) Reference Processing 1.122ms
[3018.132s][debug][gc,phases      ] GC(94)   VM Weak                        Min:  0.0, Avg:  0.0, Max:  0.0, Diff:  0.0, Sum:  0.0, Workers: 4
[3018.132s][debug][gc,phases      ] GC(94)     Dead                           Min: 0, Avg:  0.0, Max: 0, Diff: 0, Sum: 0, Workers: 4
[3018.132s][debug][gc,phases      ] GC(94)     Total                          Min: 0, Avg: 253.5, Max: 448, Diff: 448, Sum: 1014, Workers: 4
[3018.132s][debug][gc,phases      ] GC(94)   ObjectSynchronizer Weak        Min:  0.0, Avg:  0.0, Max:  0.0, Diff:  0.0, Sum:  0.0, Workers: 4
[3018.132s][debug][gc,phases      ] GC(94)     Dead                           Min: 0, Avg:  0.0, Max: 0, Diff: 0, Sum: 0, Workers: 4
[3018.132s][debug][gc,phases      ] GC(94)     Total                          Min: 0, Avg:  0.8, Max: 3, Diff: 3, Sum: 3, Workers: 4
[3018.132s][debug][gc,phases      ] GC(94)   JVMTI Tag Weak OopStorage      Min:  0.0, Avg:  0.0, Max:  0.0, Diff:  0.0, Sum:  0.0, Workers: 4
[3018.132s][debug][gc,phases      ] GC(94)     Dead                           Min: 0, Avg:  0.0, Max: 0, Diff: 0, Sum: 0, Workers: 4
[3018.132s][debug][gc,phases      ] GC(94)     Total                          Min: 0, Avg:  0.0, Max: 0, Diff: 0, Sum: 0, Workers: 4
[3018.132s][debug][gc,phases      ] GC(94)   StringTable Weak               Min:  0.0, Avg:  0.2, Max:  0.2, Diff:  0.2, Sum:  0.7, Workers: 4
[3018.132s][debug][gc,phases      ] GC(94)     Dead                           Min: 0, Avg:  0.0, Max: 0, Diff: 0, Sum: 0, Workers: 4
[3018.132s][debug][gc,phases      ] GC(94)     Total                          Min: 0, Avg: 12277.8, Max: 18816, Diff: 18816, Sum: 49111, Workers: 4
[3018.132s][debug][gc,phases      ] GC(94)   ResolvedMethodTable Weak       Min:  0.0, Avg:  0.1, Max:  0.1, Diff:  0.1, Sum:  0.2, Workers: 4
[3018.132s][debug][gc,phases      ] GC(94)     Dead                           Min: 0, Avg:  0.0, Max: 0, Diff: 0, Sum: 0, Workers: 4
[3018.132s][debug][gc,phases      ] GC(94)     Total                          Min: 0, Avg: 3483.5, Max: 5488, Diff: 5488, Sum: 13934, Workers: 4
[3018.132s][debug][gc,phases      ] GC(94)   JNI Weak                       Min:  0.0, Avg:  0.0, Max:  0.0, Diff:  0.0, Sum:  0.0, Workers: 4
[3018.132s][debug][gc,phases      ] GC(94)     Dead                           Min: 0, Avg:  0.0, Max: 0, Diff: 0, Sum: 0, Workers: 4
[3018.132s][debug][gc,phases      ] GC(94)     Total                          Min: 0, Avg: 12.0, Max: 48, Diff: 48, Sum: 48, Workers: 4
[3018.132s][debug][gc,phases      ] GC(94)   StringDedup Table Weak         Min:  0.0, Avg:  0.0, Max:  0.0, Diff:  0.0, Sum:  0.0, Workers: 4
[3018.132s][debug][gc,phases      ] GC(94)     Dead                           Min: 0, Avg:  0.0, Max: 0, Diff: 0, Sum: 0, Workers: 4
[3018.132s][debug][gc,phases      ] GC(94)     Total                          Min: 0, Avg:  0.0, Max: 0, Diff: 0, Sum: 0, Workers: 4
[3018.132s][debug][gc,phases      ] GC(94)   StringDedup Requests0 Weak     Min:  0.0, Avg:  0.0, Max:  0.0, Diff:  0.0, Sum:  0.0, Workers: 4
[3018.132s][debug][gc,phases      ] GC(94)     Dead                           Min: 0, Avg:  0.0, Max: 0, Diff: 0, Sum: 0, Workers: 4
[3018.132s][debug][gc,phases      ] GC(94)     Total                          Min: 0, Avg:  0.0, Max: 0, Diff: 0, Sum: 0, Workers: 4
[3018.132s][debug][gc,phases      ] GC(94)   StringDedup Requests1 Weak     Min:  0.0, Avg:  0.0, Max:  0.0, Diff:  0.0, Sum:  0.0, Workers: 4
[3018.132s][debug][gc,phases      ] GC(94)     Dead                           Min: 0, Avg:  0.0, Max: 0, Diff: 0, Sum: 0, Workers: 4
[3018.132s][debug][gc,phases      ] GC(94)     Total                          Min: 0, Avg:  0.0, Max: 0, Diff: 0, Sum: 0, Workers: 4
[3018.132s][debug][gc,phases      ] GC(94)   Weak JFR Old Object Samples    Min:  0.0, Avg:  0.0, Max:  0.0, Diff:  0.0, Sum:  0.0, Workers: 4
[3018.132s][debug][gc,phases      ] GC(94)     Dead                           Min: 0, Avg:  0.0, Max: 0, Diff: 0, Sum: 0, Workers: 4
[3018.132s][debug][gc,phases      ] GC(94)     Total                          Min: 0, Avg:  0.0, Max: 0, Diff: 0, Sum: 0, Workers: 4
[3018.132s][debug][gc,phases      ] GC(94) Weak Processing 0.587ms
[3018.132s][debug][gc,phases      ] GC(94) ClassLoaderData 0.147ms
[3018.132s][debug][gc,phases      ] GC(94) Trigger cleanups 0.000ms
[3018.167s][debug][gc,phases      ] GC(94) Class Unloading 34.823ms
[3018.167s][debug][gc,phases      ] GC(94) Report Object Count 0.002ms
[3018.167s][info ][gc,phases      ] GC(94) Marking Phase 170.831ms
[3018.167s][info ][gc,phases,start] GC(94) Summary Phase
[3018.167s][info ][gc,phases      ] GC(94) Summary Phase 0.024ms
[3018.167s][info ][gc,phases,start] GC(94) Adjust Roots
[3018.182s][info ][gc,phases      ] GC(94) Adjust Roots 14.975ms
[3018.182s][info ][gc,phases,start] GC(94) Compaction Phase
[3018.308s][info ][gc,phases      ] GC(94) Compaction Phase 125.500ms
[3018.308s][info ][gc,phases,start] GC(94) Post Compact
[3018.313s][info ][gc,phases      ] GC(94) Post Compact 4.905ms
[3018.313s][info ][gc,heap        ] GC(94) PSYoungGen: 144934K(1765888K)->0K(1751040K) Eden: 0K(1419776K)->0K(1419776K) From: 144934K(346112K)->0K(331264K)
[3018.313s][info ][gc,heap        ] GC(94) ParOldGen: 466417K(482304K)->350959K(478720K)
[3018.313s][info ][gc,metaspace   ] GC(94) Metaspace: 97910K(99200K)->97910K(99200K) NonClass: 83669K(84416K)->83669K(84416K) Class: 14240K(14784K)->14240K(14784K)
[3018.313s][info ][gc             ] GC(94) Pause Full (Ergonomics) 597M->342M(2177M) 316.514ms
[3018.313s][info ][gc,cpu         ] GC(94) User=0.93s Sys=0.00s Real=0.32s
[3018.313s][info ][safepoint      ] Safepoint "ParallelGCFailedAllocation", Time since last: 5003605902 ns, Reaching safepoint: 72203 ns, Cleanup: 4200 ns, At safepoint: 379339166 ns, Total: 379415569 ns
[3019.313s][info ][safepoint      ] Safepoint "Cleanup", Time since last: 1000107556 ns, Reaching safepoint: 10901 ns, Cleanup: 26901 ns, At safepoint: 3500 ns, Total: 41302 ns
[3027.314s][info ][safepoint      ] Safepoint "Cleanup", Time since last: 8000583294 ns, Reaching safepoint: 8300 ns, Cleanup: 10601 ns, At safepoint: 2700 ns, Total: 21601 ns
[3030.314s][info ][safepoint      ] Safepoint "Cleanup", Time since last: 3000281702 ns, Reaching safepoint: 8400 ns, Cleanup: 10801 ns, At safepoint: 6600 ns, Total: 25801 ns
[3035.315s][info ][safepoint      ] Safepoint "Cleanup", Time since last: 5000422050 ns, Reaching safepoint: 11901 ns, Cleanup: 18400 ns, At safepoint: 2900 ns, Total: 33201 ns
[3035.598s][info ][gc,start       ] GC(95) Pause Young (Allocation Failure)
[3035.610s][debug][gc,phases      ] GC(95) Scavenge 11.783ms
[3035.610s][debug][gc,ref         ] GC(95) ReferenceProcessor::execute queues: 1, RefProcThreadModel::Single, marks_oops_alive: false
[3035.610s][debug][gc,ref         ] GC(95) Skipped KeepAliveFinalRefsPhase of Reference Processing: no references
[3035.610s][debug][gc,ref         ] GC(95) ReferenceProcessor::execute queues: 1, RefProcThreadModel::Single, marks_oops_alive: false
[3035.610s][debug][gc,phases      ] GC(95) Reference Processing 0.121ms
[3035.610s][debug][gc,phases      ] GC(95)   VM Weak                        Min:  0.0, Avg:  0.0, Max:  0.0, Diff:  0.0, Sum:  0.0, Workers: 4
[3035.610s][debug][gc,phases      ] GC(95)     Dead                           Min: 0, Avg:  0.0, Max: 0, Diff: 0, Sum: 0, Workers: 4
[3035.610s][debug][gc,phases      ] GC(95)     Total                          Min: 0, Avg: 253.5, Max: 886, Diff: 886, Sum: 1014, Workers: 4
[3035.610s][debug][gc,phases      ] GC(95)   ObjectSynchronizer Weak        Min:  0.0, Avg:  0.0, Max:  0.0, Diff:  0.0, Sum:  0.0, Workers: 4
[3035.610s][debug][gc,phases      ] GC(95)     Dead                           Min: 0, Avg:  0.0, Max: 0, Diff: 0, Sum: 0, Workers: 4
[3035.610s][debug][gc,phases      ] GC(95)     Total                          Min: 0, Avg:  1.0, Max: 4, Diff: 4, Sum: 4, Workers: 4
[3035.610s][debug][gc,phases      ] GC(95)   JVMTI Tag Weak OopStorage      Min:  0.0, Avg:  0.0, Max:  0.0, Diff:  0.0, Sum:  0.0, Workers: 4
[3035.610s][debug][gc,phases      ] GC(95)     Dead                           Min: 0, Avg:  0.0, Max: 0, Diff: 0, Sum: 0, Workers: 4
[3035.610s][debug][gc,phases      ] GC(95)     Total                          Min: 0, Avg:  0.0, Max: 0, Diff: 0, Sum: 0, Workers: 4
[3035.610s][debug][gc,phases      ] GC(95)   StringTable Weak               Min:  0.0, Avg:  0.1, Max:  0.2, Diff:  0.2, Sum:  0.5, Workers: 4
[3035.610s][debug][gc,phases      ] GC(95)     Dead                           Min: 0, Avg:  0.2, Max: 1, Diff: 1, Sum: 1, Workers: 4
[3035.610s][debug][gc,phases      ] GC(95)     Total                          Min: 0, Avg: 12280.2, Max: 17023, Diff: 17023, Sum: 49121, Workers: 4
[3035.610s][debug][gc,phases      ] GC(95)   ResolvedMethodTable Weak       Min:  0.0, Avg:  0.0, Max:  0.0, Diff:  0.0, Sum:  0.1, Workers: 4
[3035.610s][debug][gc,phases      ] GC(95)     Dead                           Min: 0, Avg:  0.0, Max: 0, Diff: 0, Sum: 0, Workers: 4
[3035.610s][debug][gc,phases      ] GC(95)     Total                          Min: 0, Avg: 3483.5, Max: 4864, Diff: 4864, Sum: 13934, Workers: 4
[3035.610s][debug][gc,phases      ] GC(95)   JNI Weak                       Min:  0.0, Avg:  0.0, Max:  0.0, Diff:  0.0, Sum:  0.0, Workers: 4
[3035.610s][debug][gc,phases      ] GC(95)     Dead                           Min: 0, Avg:  0.0, Max: 0, Diff: 0, Sum: 0, Workers: 4
[3035.610s][debug][gc,phases      ] GC(95)     Total                          Min: 0, Avg: 12.0, Max: 48, Diff: 48, Sum: 48, Workers: 4
[3035.610s][debug][gc,phases      ] GC(95)   StringDedup Table Weak         Min:  0.0, Avg:  0.0, Max:  0.0, Diff:  0.0, Sum:  0.0, Workers: 4
[3035.610s][debug][gc,phases      ] GC(95)     Dead                           Min: 0, Avg:  0.0, Max: 0, Diff: 0, Sum: 0, Workers: 4
[3035.610s][debug][gc,phases      ] GC(95)     Total                          Min: 0, Avg:  0.0, Max: 0, Diff: 0, Sum: 0, Workers: 4
[3035.610s][debug][gc,phases      ] GC(95)   StringDedup Requests0 Weak     Min:  0.0, Avg:  0.0, Max:  0.0, Diff:  0.0, Sum:  0.0, Workers: 4
[3035.610s][debug][gc,phases      ] GC(95)     Dead                           Min: 0, Avg:  0.0, Max: 0, Diff: 0, Sum: 0, Workers: 4
[3035.610s][debug][gc,phases      ] GC(95)     Total                          Min: 0, Avg:  0.0, Max: 0, Diff: 0, Sum: 0, Workers: 4
[3035.610s][debug][gc,phases      ] GC(95)   StringDedup Requests1 Weak     Min:  0.0, Avg:  0.0, Max:  0.0, Diff:  0.0, Sum:  0.0, Workers: 4
[3035.610s][debug][gc,phases      ] GC(95)     Dead                           Min: 0, Avg:  0.0, Max: 0, Diff: 0, Sum: 0, Workers: 4
[3035.610s][debug][gc,phases      ] GC(95)     Total                          Min: 0, Avg:  0.0, Max: 0, Diff: 0, Sum: 0, Workers: 4
[3035.610s][debug][gc,phases      ] GC(95)   Weak JFR Old Object Samples    Min:  0.0, Avg:  0.0, Max:  0.0, Diff:  0.0, Sum:  0.0, Workers: 4
[3035.610s][debug][gc,phases      ] GC(95)     Dead                           Min: 0, Avg:  0.0, Max: 0, Diff: 0, Sum: 0, Workers: 4
[3035.610s][debug][gc,phases      ] GC(95)     Total                          Min: 0, Avg:  0.0, Max: 0, Diff: 0, Sum: 0, Workers: 4
[3035.610s][debug][gc,phases      ] GC(95) Weak Processing 0.462ms
[3035.610s][debug][gc,age         ] GC(95) Desired survivor size 345505792 bytes, new threshold 15 (max threshold 15)
[3035.610s][info ][gc,heap        ] GC(95) PSYoungGen: 1419776K(1751040K)->25184K(1753600K) Eden: 1419776K(1419776K)->0K(1422336K) From: 0K(331264K)->25184K(331264K)
[3035.610s][info ][gc,heap        ] GC(95) ParOldGen: 350959K(478720K)->350959K(478720K)
[3035.610s][info ][gc,metaspace   ] GC(95) Metaspace: 97946K(99200K)->97946K(99200K) NonClass: 83705K(84416K)->83705K(84416K) Class: 14240K(14784K)->14240K(14784K)
[3035.610s][info ][gc             ] GC(95) Pause Young (Allocation Failure) 1729M->367M(2180M) 12.532ms
[3035.610s][info ][gc,cpu         ] GC(95) User=0.04s Sys=0.01s Real=0.02s
[3035.610s][info ][safepoint      ] Safepoint "ParallelGCFailedAllocation", Time since last: 282924971 ns, Reaching safepoint: 84003 ns, Cleanup: 4100 ns, At safepoint: 12618858 ns, Total: 12706961 ns
[3037.611s][info ][safepoint      ] Safepoint "Cleanup", Time since last: 2000163608 ns, Reaching safepoint: 7801 ns, Cleanup: 18000 ns, At safepoint: 2600 ns, Total: 28401 ns
[3038.611s][info ][safepoint      ] Safepoint "Cleanup", Time since last: 1000115206 ns, Reaching safepoint: 10000 ns, Cleanup: 28001 ns, At safepoint: 6600 ns, Total: 44601 ns
[3040.611s][info ][safepoint      ] Safepoint "Cleanup", Time since last: 2000190209 ns, Reaching safepoint: 9701 ns, Cleanup: 20800 ns, At safepoint: 6301 ns, Total: 36802 ns
[3041.611s][info ][safepoint      ] Safepoint "Cleanup", Time since last: 1000118603 ns, Reaching safepoint: 8600 ns, Cleanup: 20701 ns, At safepoint: 3400 ns, Total: 32701 ns
[3042.611s][info ][safepoint      ] Safepoint "Cleanup", Time since last: 1000125566 ns, Reaching safepoint: 7500 ns, Cleanup: 15101 ns, At safepoint: 2800 ns, Total: 25401 ns
[3043.611s][info ][safepoint      ] Safepoint "Cleanup", Time since last: 1000086265 ns, Reaching safepoint: 9600 ns, Cleanup: 11101 ns, At safepoint: 3200 ns, Total: 23901 ns
[3044.612s][info ][safepoint      ] Safepoint "Cleanup", Time since last: 1000122766 ns, Reaching safepoint: 8900 ns, Cleanup: 13801 ns, At safepoint: 2800 ns, Total: 25501 ns
[3045.612s][info ][safepoint      ] Safepoint "Cleanup", Time since last: 1000134166 ns, Reaching safepoint: 9401 ns, Cleanup: 15500 ns, At safepoint: 3100 ns, Total: 28001 ns
[3047.612s][info ][safepoint      ] Safepoint "Cleanup", Time since last: 2000196236 ns, Reaching safepoint: 9300 ns, Cleanup: 11900 ns, At safepoint: 5701 ns, Total: 26901 ns
[3048.612s][info ][safepoint      ] Safepoint "Cleanup", Time since last: 1000162511 ns, Reaching safepoint: 11301 ns, Cleanup: 13300 ns, At safepoint: 3401 ns, Total: 28002 ns
[3049.024s][info ][safepoint      ] Safepoint "ParallelGCFailedAllocation", Time since last: 409831039 ns, Reaching safepoint: 2107270 ns, Cleanup: 71303 ns, At safepoint: 27301 ns, Total: 2205874 ns
[3049.024s][info ][gc,start       ] GC(96) Pause Young (GCLocker Initiated GC)
[3049.047s][debug][gc,phases      ] GC(96) Scavenge 22.825ms
[3049.047s][debug][gc,ref         ] GC(96) ReferenceProcessor::execute queues: 1, RefProcThreadModel::Single, marks_oops_alive: false
[3049.047s][debug][gc,ref         ] GC(96) Skipped KeepAliveFinalRefsPhase of Reference Processing: no references
[3049.047s][debug][gc,ref         ] GC(96) ReferenceProcessor::execute queues: 1, RefProcThreadModel::Single, marks_oops_alive: false
[3049.047s][debug][gc,phases      ] GC(96) Reference Processing 0.142ms
[3049.048s][debug][gc,phases      ] GC(96)   VM Weak                        Min:  0.0, Avg:  0.0, Max:  0.0, Diff:  0.0, Sum:  0.0, Workers: 4
[3049.048s][debug][gc,phases      ] GC(96)     Dead                           Min: 0, Avg:  0.0, Max: 0, Diff: 0, Sum: 0, Workers: 4
[3049.048s][debug][gc,phases      ] GC(96)     Total                          Min: 0, Avg: 253.5, Max: 694, Diff: 694, Sum: 1014, Workers: 4
[3049.048s][debug][gc,phases      ] GC(96)   ObjectSynchronizer Weak        Min:  0.0, Avg:  0.0, Max:  0.0, Diff:  0.0, Sum:  0.0, Workers: 4
[3049.048s][debug][gc,phases      ] GC(96)     Dead                           Min: 0, Avg:  0.0, Max: 0, Diff: 0, Sum: 0, Workers: 4
[3049.048s][debug][gc,phases      ] GC(96)     Total                          Min: 0, Avg:  1.2, Max: 5, Diff: 5, Sum: 5, Workers: 4
[3049.048s][debug][gc,phases      ] GC(96)   JVMTI Tag Weak OopStorage      Min:  0.0, Avg:  0.0, Max:  0.0, Diff:  0.0, Sum:  0.0, Workers: 4
[3049.048s][debug][gc,phases      ] GC(96)     Dead                           Min: 0, Avg:  0.0, Max: 0, Diff: 0, Sum: 0, Workers: 4
[3049.048s][debug][gc,phases      ] GC(96)     Total                          Min: 0, Avg:  0.0, Max: 0, Diff: 0, Sum: 0, Workers: 4
[3049.048s][debug][gc,phases      ] GC(96)   StringTable Weak               Min:  0.1, Avg:  0.1, Max:  0.1, Diff:  0.0, Sum:  0.5, Workers: 4
[3049.048s][debug][gc,phases      ] GC(96)     Dead                           Min: 0, Avg:  0.0, Max: 0, Diff: 0, Sum: 0, Workers: 4
[3049.048s][debug][gc,phases      ] GC(96)     Total                          Min: 12032, Avg: 12283.5, Max: 12847, Diff: 815, Sum: 49134, Workers: 4
[3049.048s][debug][gc,phases      ] GC(96)   ResolvedMethodTable Weak       Min:  0.0, Avg:  0.0, Max:  0.1, Diff:  0.0, Sum:  0.2, Workers: 4
[3049.048s][debug][gc,phases      ] GC(96)     Dead                           Min: 0, Avg:  0.2, Max: 1, Diff: 1, Sum: 1, Workers: 4
[3049.048s][debug][gc,phases      ] GC(96)     Total                          Min: 3264, Avg: 3484.0, Max: 3712, Diff: 448, Sum: 13936, Workers: 4
[3049.048s][debug][gc,phases      ] GC(96)   JNI Weak                       Min:  0.0, Avg:  0.0, Max:  0.0, Diff:  0.0, Sum:  0.0, Workers: 4
[3049.048s][debug][gc,phases      ] GC(96)     Dead                           Min: 0, Avg:  0.0, Max: 0, Diff: 0, Sum: 0, Workers: 4
[3049.048s][debug][gc,phases      ] GC(96)     Total                          Min: 0, Avg: 12.0, Max: 48, Diff: 48, Sum: 48, Workers: 4
[3049.048s][debug][gc,phases      ] GC(96)   StringDedup Table Weak         Min:  0.0, Avg:  0.0, Max:  0.0, Diff:  0.0, Sum:  0.0, Workers: 4
[3049.048s][debug][gc,phases      ] GC(96)     Dead                           Min: 0, Avg:  0.0, Max: 0, Diff: 0, Sum: 0, Workers: 4
[3049.048s][debug][gc,phases      ] GC(96)     Total                          Min: 0, Avg:  0.0, Max: 0, Diff: 0, Sum: 0, Workers: 4
[3049.048s][debug][gc,phases      ] GC(96)   StringDedup Requests0 Weak     Min:  0.0, Avg:  0.0, Max:  0.0, Diff:  0.0, Sum:  0.0, Workers: 4
[3049.048s][debug][gc,phases      ] GC(96)     Dead                           Min: 0, Avg:  0.0, Max: 0, Diff: 0, Sum: 0, Workers: 4
[3049.048s][debug][gc,phases      ] GC(96)     Total                          Min: 0, Avg:  0.0, Max: 0, Diff: 0, Sum: 0, Workers: 4
[3049.048s][debug][gc,phases      ] GC(96)   StringDedup Requests1 Weak     Min:  0.0, Avg:  0.0, Max:  0.0, Diff:  0.0, Sum:  0.0, Workers: 4
[3049.048s][debug][gc,phases      ] GC(96)     Dead                           Min: 0, Avg:  0.0, Max: 0, Diff: 0, Sum: 0, Workers: 4
[3049.048s][debug][gc,phases      ] GC(96)     Total                          Min: 0, Avg:  0.0, Max: 0, Diff: 0, Sum: 0, Workers: 4
[3049.048s][debug][gc,phases      ] GC(96)   Weak JFR Old Object Samples    Min:  0.0, Avg:  0.0, Max:  0.0, Diff:  0.0, Sum:  0.0, Workers: 4
[3049.048s][debug][gc,phases      ] GC(96)     Dead                           Min: 0, Avg:  0.0, Max: 0, Diff: 0, Sum: 0, Workers: 4
[3049.048s][debug][gc,phases      ] GC(96)     Total                          Min: 0, Avg:  0.0, Max: 0, Diff: 0, Sum: 0, Workers: 4
[3049.048s][debug][gc,phases      ] GC(96) Weak Processing 0.419ms
[3049.048s][debug][gc,age         ] GC(96) Desired survivor size 340787200 bytes, new threshold 15 (max threshold 15)
[3049.048s][info ][gc,heap        ] GC(96) PSYoungGen: 1447520K(1753600K)->61348K(1759744K) Eden: 1422336K(1422336K)->0K(1422336K) From: 25184K(331264K)->61348K(337408K)
[3049.048s][info ][gc,heap        ] GC(96) ParOldGen: 351088K(478720K)->351096K(478720K)
[3049.048s][info ][gc,metaspace   ] GC(96) Metaspace: 97966K(99200K)->97966K(99200K) NonClass: 83725K(84416K)->83725K(84416K) Class: 14241K(14784K)->14241K(14784K)
[3049.048s][info ][gc             ] GC(96) Pause Young (GCLocker Initiated GC) 1756M->402M(2186M) 23.519ms
[3049.048s][info ][gc,cpu         ] GC(96) User=0.08s Sys=0.00s Real=0.03s
[3049.048s][info ][safepoint      ] Safepoint "ParallelGCSystemGC", Time since last: 121804 ns, Reaching safepoint: 61202 ns, Cleanup: 1900 ns, At safepoint: 23655185 ns, Total: 23718287 ns
[3050.048s][info ][safepoint      ] Safepoint "Cleanup", Time since last: 1000093482 ns, Reaching safepoint: 80102 ns, Cleanup: 51202 ns, At safepoint: 5600 ns, Total: 136904 ns
[3050.558s][info ][gc,start       ] GC(97) Pause Young (Allocation Failure)
[3050.599s][debug][gc,phases      ] GC(97) Scavenge 40.254ms
[3050.599s][debug][gc,ref         ] GC(97) ReferenceProcessor::execute queues: 1, RefProcThreadModel::Single, marks_oops_alive: false
[3050.599s][debug][gc,ref         ] GC(97) Skipped KeepAliveFinalRefsPhase of Reference Processing: no references
[3050.599s][debug][gc,ref         ] GC(97) ReferenceProcessor::execute queues: 1, RefProcThreadModel::Single, marks_oops_alive: false
[3050.599s][debug][gc,phases      ] GC(97) Reference Processing 0.146ms
[3050.599s][debug][gc,phases      ] GC(97)   VM Weak                        Min:  0.0, Avg:  0.0, Max:  0.0, Diff:  0.0, Sum:  0.0, Workers: 4
[3050.599s][debug][gc,phases      ] GC(97)     Dead                           Min: 0, Avg:  0.0, Max: 0, Diff: 0, Sum: 0, Workers: 4
[3050.599s][debug][gc,phases      ] GC(97)     Total                          Min: 0, Avg: 253.5, Max: 576, Diff: 576, Sum: 1014, Workers: 4
[3050.599s][debug][gc,phases      ] GC(97)   ObjectSynchronizer Weak        Min:  0.0, Avg:  0.0, Max:  0.0, Diff:  0.0, Sum:  0.0, Workers: 4
[3050.599s][debug][gc,phases      ] GC(97)     Dead                           Min: 0, Avg:  0.0, Max: 0, Diff: 0, Sum: 0, Workers: 4
[3050.599s][debug][gc,phases      ] GC(97)     Total                          Min: 0, Avg:  1.2, Max: 5, Diff: 5, Sum: 5, Workers: 4
[3050.599s][debug][gc,phases      ] GC(97)   JVMTI Tag Weak OopStorage      Min:  0.0, Avg:  0.0, Max:  0.0, Diff:  0.0, Sum:  0.0, Workers: 4
[3050.599s][debug][gc,phases      ] GC(97)     Dead                           Min: 0, Avg:  0.0, Max: 0, Diff: 0, Sum: 0, Workers: 4
[3050.599s][debug][gc,phases      ] GC(97)     Total                          Min: 0, Avg:  0.0, Max: 0, Diff: 0, Sum: 0, Workers: 4
[3050.599s][debug][gc,phases      ] GC(97)   StringTable Weak               Min:  0.1, Avg:  0.1, Max:  0.1, Diff:  0.0, Sum:  0.5, Workers: 4
[3050.599s][debug][gc,phases      ] GC(97)     Dead                           Min: 0, Avg:  0.0, Max: 0, Diff: 0, Sum: 0, Workers: 4
[3050.599s][debug][gc,phases      ] GC(97)     Total                          Min: 10431, Avg: 12283.8, Max: 13439, Diff: 3008, Sum: 49135, Workers: 4
[3050.599s][debug][gc,phases      ] GC(97)   ResolvedMethodTable Weak       Min:  0.0, Avg:  0.0, Max:  0.0, Diff:  0.0, Sum:  0.1, Workers: 4
[3050.599s][debug][gc,phases      ] GC(97)     Dead                           Min: 0, Avg:  0.0, Max: 0, Diff: 0, Sum: 0, Workers: 4
[3050.599s][debug][gc,phases      ] GC(97)     Total                          Min: 3251, Avg: 3484.0, Max: 3776, Diff: 525, Sum: 13936, Workers: 4
[3050.599s][debug][gc,phases      ] GC(97)   JNI Weak                       Min:  0.0, Avg:  0.0, Max:  0.0, Diff:  0.0, Sum:  0.0, Workers: 4
[3050.599s][debug][gc,phases      ] GC(97)     Dead                           Min: 0, Avg:  0.0, Max: 0, Diff: 0, Sum: 0, Workers: 4
[3050.599s][debug][gc,phases      ] GC(97)     Total                          Min: 0, Avg: 12.0, Max: 48, Diff: 48, Sum: 48, Workers: 4
[3050.599s][debug][gc,phases      ] GC(97)   StringDedup Table Weak         Min:  0.0, Avg:  0.0, Max:  0.0, Diff:  0.0, Sum:  0.0, Workers: 4
[3050.599s][debug][gc,phases      ] GC(97)     Dead                           Min: 0, Avg:  0.0, Max: 0, Diff: 0, Sum: 0, Workers: 4
[3050.599s][debug][gc,phases      ] GC(97)     Total                          Min: 0, Avg:  0.0, Max: 0, Diff: 0, Sum: 0, Workers: 4
[3050.599s][debug][gc,phases      ] GC(97)   StringDedup Requests0 Weak     Min:  0.0, Avg:  0.0, Max:  0.0, Diff:  0.0, Sum:  0.0, Workers: 4
[3050.599s][debug][gc,phases      ] GC(97)     Dead                           Min: 0, Avg:  0.0, Max: 0, Diff: 0, Sum: 0, Workers: 4
[3050.599s][debug][gc,phases      ] GC(97)     Total                          Min: 0, Avg:  0.0, Max: 0, Diff: 0, Sum: 0, Workers: 4
[3050.599s][debug][gc,phases      ] GC(97)   StringDedup Requests1 Weak     Min:  0.0, Avg:  0.0, Max:  0.0, Diff:  0.0, Sum:  0.0, Workers: 4
[3050.599s][debug][gc,phases      ] GC(97)     Dead                           Min: 0, Avg:  0.0, Max: 0, Diff: 0, Sum: 0, Workers: 4
[3050.599s][debug][gc,phases      ] GC(97)     Total                          Min: 0, Avg:  0.0, Max: 0, Diff: 0, Sum: 0, Workers: 4
[3050.599s][debug][gc,phases      ] GC(97)   Weak JFR Old Object Samples    Min:  0.0, Avg:  0.0, Max:  0.0, Diff:  0.0, Sum:  0.0, Workers: 4
[3050.599s][debug][gc,phases      ] GC(97)     Dead                           Min: 0, Avg:  0.0, Max: 0, Diff: 0, Sum: 0, Workers: 4
[3050.599s][debug][gc,phases      ] GC(97)     Total                          Min: 0, Avg:  0.0, Max: 0, Diff: 0, Sum: 0, Workers: 4
[3050.599s][debug][gc,phases      ] GC(97) Weak Processing 0.456ms
[3050.599s][debug][gc,age         ] GC(97) Desired survivor size 326631424 bytes, new threshold 14 (max threshold 15)
[3050.599s][info ][gc,heap        ] GC(97) PSYoungGen: 1483684K(1759744K)->108288K(1778176K) Eden: 1422336K(1422336K)->0K(1445376K) From: 61348K(337408K)->108288K(332800K)
[3050.599s][info ][gc,heap        ] GC(97) ParOldGen: 351225K(478720K)->351225K(478720K)
[3050.599s][info ][gc,metaspace   ] GC(97) Metaspace: 97968K(99200K)->97968K(99200K) NonClass: 83727K(84416K)->83727K(84416K) Class: 14241K(14784K)->14241K(14784K)
[3050.599s][info ][gc             ] GC(97) Pause Young (Allocation Failure) 1791M->448M(2204M) 41.012ms
[3050.599s][info ][gc,cpu         ] GC(97) User=0.12s Sys=0.01s Real=0.05s
[3050.600s][info ][safepoint      ] Safepoint "ParallelGCFailedAllocation", Time since last: 510107125 ns, Reaching safepoint: 85303 ns, Cleanup: 14600 ns, At safepoint: 41112564 ns, Total: 41212467 ns
[3051.600s][info ][safepoint      ] Safepoint "Cleanup", Time since last: 1000094482 ns, Reaching safepoint: 65902 ns, Cleanup: 12401 ns, At safepoint: 14000 ns, Total: 92303 ns
[3052.600s][info ][safepoint      ] Safepoint "Cleanup", Time since last: 1000086182 ns, Reaching safepoint: 8000 ns, Cleanup: 15701 ns, At safepoint: 3100 ns, Total: 26801 ns
[3053.600s][info ][safepoint      ] Safepoint "Cleanup", Time since last: 1000076181 ns, Reaching safepoint: 7100 ns, Cleanup: 16101 ns, At safepoint: 2500 ns, Total: 25701 ns
[3055.600s][info ][safepoint      ] Safepoint "Cleanup", Time since last: 2000108677 ns, Reaching safepoint: 7901 ns, Cleanup: 15700 ns, At safepoint: 2200 ns, Total: 25801 ns
[3058.600s][info ][safepoint      ] Safepoint "Cleanup", Time since last: 3000226797 ns, Reaching safepoint: 7700 ns, Cleanup: 10901 ns, At safepoint: 2500 ns, Total: 21101 ns
[3063.946s][info ][safepoint      ] Safepoint "Cleanup", Time since last: 5345675861 ns, Reaching safepoint: 8401 ns, Cleanup: 15100 ns, At safepoint: 2800 ns, Total: 26301 ns
[3064.946s][info ][safepoint      ] Safepoint "Cleanup", Time since last: 1000110352 ns, Reaching safepoint: 7500 ns, Cleanup: 35101 ns, At safepoint: 3100 ns, Total: 45701 ns
[3065.164s][info ][gc,start       ] GC(98) Pause Young (Allocation Failure)
[3065.202s][debug][gc,phases      ] GC(98) Scavenge 37.995ms
[3065.202s][debug][gc,ref         ] GC(98) ReferenceProcessor::execute queues: 1, RefProcThreadModel::Single, marks_oops_alive: false
[3065.202s][debug][gc,ref         ] GC(98) Skipped KeepAliveFinalRefsPhase of Reference Processing: no references
[3065.202s][debug][gc,ref         ] GC(98) ReferenceProcessor::execute queues: 1, RefProcThreadModel::Single, marks_oops_alive: false
[3065.202s][debug][gc,phases      ] GC(98) Reference Processing 0.123ms
[3065.202s][debug][gc,phases      ] GC(98)   VM Weak                        Min:  0.0, Avg:  0.0, Max:  0.0, Diff:  0.0, Sum:  0.0, Workers: 4
[3065.202s][debug][gc,phases      ] GC(98)     Dead                           Min: 0, Avg:  0.0, Max: 0, Diff: 0, Sum: 0, Workers: 4
[3065.202s][debug][gc,phases      ] GC(98)     Total                          Min: 0, Avg: 253.5, Max: 704, Diff: 704, Sum: 1014, Workers: 4
[3065.202s][debug][gc,phases      ] GC(98)   ObjectSynchronizer Weak        Min:  0.0, Avg:  0.0, Max:  0.0, Diff:  0.0, Sum:  0.0, Workers: 4
[3065.202s][debug][gc,phases      ] GC(98)     Dead                           Min: 0, Avg:  0.0, Max: 0, Diff: 0, Sum: 0, Workers: 4
[3065.202s][debug][gc,phases      ] GC(98)     Total                          Min: 0, Avg:  1.2, Max: 5, Diff: 5, Sum: 5, Workers: 4
[3065.202s][debug][gc,phases      ] GC(98)   JVMTI Tag Weak OopStorage      Min:  0.0, Avg:  0.0, Max:  0.0, Diff:  0.0, Sum:  0.0, Workers: 4
[3065.202s][debug][gc,phases      ] GC(98)     Dead                           Min: 0, Avg:  0.0, Max: 0, Diff: 0, Sum: 0, Workers: 4
[3065.202s][debug][gc,phases      ] GC(98)     Total                          Min: 0, Avg:  0.0, Max: 0, Diff: 0, Sum: 0, Workers: 4
[3065.202s][debug][gc,phases      ] GC(98)   StringTable Weak               Min:  0.0, Avg:  0.1, Max:  0.2, Diff:  0.2, Sum:  0.5, Workers: 4
[3065.202s][debug][gc,phases      ] GC(98)     Dead                           Min: 0, Avg:  0.5, Max: 2, Diff: 2, Sum: 2, Workers: 4
[3065.202s][debug][gc,phases      ] GC(98)     Total                          Min: 0, Avg: 12289.5, Max: 16832, Diff: 16832, Sum: 49158, Workers: 4
[3065.202s][debug][gc,phases      ] GC(98)   ResolvedMethodTable Weak       Min:  0.0, Avg:  0.0, Max:  0.0, Diff:  0.0, Sum:  0.1, Workers: 4
[3065.202s][debug][gc,phases      ] GC(98)     Dead                           Min: 0, Avg:  0.0, Max: 0, Diff: 0, Sum: 0, Workers: 4
[3065.202s][debug][gc,phases      ] GC(98)     Total                          Min: 0, Avg: 3486.0, Max: 4733, Diff: 4733, Sum: 13944, Workers: 4
[3065.202s][debug][gc,phases      ] GC(98)   JNI Weak                       Min:  0.0, Avg:  0.0, Max:  0.0, Diff:  0.0, Sum:  0.0, Workers: 4
[3065.202s][debug][gc,phases      ] GC(98)     Dead                           Min: 0, Avg:  0.0, Max: 0, Diff: 0, Sum: 0, Workers: 4
[3065.202s][debug][gc,phases      ] GC(98)     Total                          Min: 0, Avg: 12.0, Max: 48, Diff: 48, Sum: 48, Workers: 4
[3065.202s][debug][gc,phases      ] GC(98)   StringDedup Table Weak         Min:  0.0, Avg:  0.0, Max:  0.0, Diff:  0.0, Sum:  0.0, Workers: 4
[3065.202s][debug][gc,phases      ] GC(98)     Dead                           Min: 0, Avg:  0.0, Max: 0, Diff: 0, Sum: 0, Workers: 4
[3065.202s][debug][gc,phases      ] GC(98)     Total                          Min: 0, Avg:  0.0, Max: 0, Diff: 0, Sum: 0, Workers: 4
[3065.202s][debug][gc,phases      ] GC(98)   StringDedup Requests0 Weak     Min:  0.0, Avg:  0.0, Max:  0.0, Diff:  0.0, Sum:  0.0, Workers: 4
[3065.202s][debug][gc,phases      ] GC(98)     Dead                           Min: 0, Avg:  0.0, Max: 0, Diff: 0, Sum: 0, Workers: 4
[3065.202s][debug][gc,phases      ] GC(98)     Total                          Min: 0, Avg:  0.0, Max: 0, Diff: 0, Sum: 0, Workers: 4
[3065.202s][debug][gc,phases      ] GC(98)   StringDedup Requests1 Weak     Min:  0.0, Avg:  0.0, Max:  0.0, Diff:  0.0, Sum:  0.0, Workers: 4
[3065.202s][debug][gc,phases      ] GC(98)     Dead                           Min: 0, Avg:  0.0, Max: 0, Diff: 0, Sum: 0, Workers: 4
[3065.202s][debug][gc,phases      ] GC(98)     Total                          Min: 0, Avg:  0.0, Max: 0, Diff: 0, Sum: 0, Workers: 4
[3065.202s][debug][gc,phases      ] GC(98)   Weak JFR Old Object Samples    Min:  0.0, Avg:  0.0, Max:  0.0, Diff:  0.0, Sum:  0.0, Workers: 4
[3065.202s][debug][gc,phases      ] GC(98)     Dead                           Min: 0, Avg:  0.0, Max: 0, Diff: 0, Sum: 0, Workers: 4
[3065.202s][debug][gc,phases      ] GC(98)     Total                          Min: 0, Avg:  0.0, Max: 0, Diff: 0, Sum: 0, Workers: 4
[3065.202s][debug][gc,phases      ] GC(98) Weak Processing 0.468ms
[3065.202s][debug][gc,age         ] GC(98) Desired survivor size 310378496 bytes, new threshold 14 (max threshold 15)
[3065.202s][info ][gc,heap        ] GC(98) PSYoungGen: 1553664K(1778176K)->120129K(1764352K) Eden: 1445376K(1445376K)->0K(1445376K) From: 108288K(332800K)->120129K(318976K)
[3065.202s][info ][gc,heap        ] GC(98) ParOldGen: 351225K(478720K)->351233K(478720K)
[3065.202s][info ][gc,metaspace   ] GC(98) Metaspace: 98004K(99264K)->98004K(99264K) NonClass: 83759K(84480K)->83759K(84480K) Class: 14244K(14784K)->14244K(14784K)
[3065.202s][info ][gc             ] GC(98) Pause Young (Allocation Failure) 1860M->460M(2190M) 38.738ms
[3065.202s][info ][gc,cpu         ] GC(98) User=0.13s Sys=0.00s Real=0.04s
[3065.202s][info ][safepoint      ] Safepoint "ParallelGCFailedAllocation", Time since last: 217448806 ns, Reaching safepoint: 9400 ns, Cleanup: 13500 ns, At safepoint: 38830930 ns, Total: 38853830 ns
[3066.203s][info ][safepoint      ] Safepoint "Cleanup", Time since last: 1000086117 ns, Reaching safepoint: 7600 ns, Cleanup: 11400 ns, At safepoint: 1900 ns, Total: 20900 ns
[3067.203s][info ][safepoint      ] Safepoint "Cleanup", Time since last: 1000110018 ns, Reaching safepoint: 7500 ns, Cleanup: 12901 ns, At safepoint: 2600 ns, Total: 23001 ns
[3068.203s][info ][safepoint      ] Safepoint "Cleanup", Time since last: 1000121118 ns, Reaching safepoint: 7400 ns, Cleanup: 11601 ns, At safepoint: 2600 ns, Total: 21601 ns
[3076.203s][info ][safepoint      ] Safepoint "Cleanup", Time since last: 8000579591 ns, Reaching safepoint: 8100 ns, Cleanup: 15901 ns, At safepoint: 2900 ns, Total: 26901 ns
[3082.204s][info ][safepoint      ] Safepoint "Cleanup", Time since last: 6000473305 ns, Reaching safepoint: 8000 ns, Cleanup: 9800 ns, At safepoint: 2400 ns, Total: 20200 ns
[3093.205s][info ][safepoint      ] Safepoint "Cleanup", Time since last: 11000780127 ns, Reaching safepoint: 76003 ns, Cleanup: 6300 ns, At safepoint: 16000 ns, Total: 98303 ns
[3094.205s][info ][safepoint      ] Safepoint "Cleanup", Time since last: 1000116461 ns, Reaching safepoint: 78203 ns, Cleanup: 14201 ns, At safepoint: 5700 ns, Total: 98104 ns
[3096.205s][info ][safepoint      ] Safepoint "Cleanup", Time since last: 2000208121 ns, Reaching safepoint: 7900 ns, Cleanup: 7801 ns, At safepoint: 2800 ns, Total: 18501 ns
[3097.205s][info ][safepoint      ] Safepoint "Cleanup", Time since last: 1000113886 ns, Reaching safepoint: 7901 ns, Cleanup: 8800 ns, At safepoint: 5800 ns, Total: 22501 ns
[3104.206s][info ][safepoint      ] Safepoint "Cleanup", Time since last: 7000482825 ns, Reaching safepoint: 10200 ns, Cleanup: 11400 ns, At safepoint: 2400 ns, Total: 24000 ns
[3108.206s][info ][safepoint      ] Safepoint "Cleanup", Time since last: 4000322077 ns, Reaching safepoint: 7701 ns, Cleanup: 19200 ns, At safepoint: 2800 ns, Total: 29701 ns
[3110.206s][info ][safepoint      ] Safepoint "Cleanup", Time since last: 2000184695 ns, Reaching safepoint: 8201 ns, Cleanup: 15900 ns, At safepoint: 2400 ns, Total: 26501 ns
[3116.136s][info ][gc,start       ] GC(99) Pause Young (Allocation Failure)
[3116.175s][debug][gc,phases      ] GC(99) Scavenge 39.542ms
[3116.176s][debug][gc,ref         ] GC(99) ReferenceProcessor::execute queues: 1, RefProcThreadModel::Single, marks_oops_alive: false
[3116.176s][debug][gc,ref         ] GC(99) Skipped KeepAliveFinalRefsPhase of Reference Processing: no references
[3116.176s][debug][gc,ref         ] GC(99) ReferenceProcessor::execute queues: 1, RefProcThreadModel::Single, marks_oops_alive: false
[3116.176s][debug][gc,phases      ] GC(99) Reference Processing 0.127ms
[3116.176s][debug][gc,phases      ] GC(99)   VM Weak                        Min:  0.0, Avg:  0.0, Max:  0.0, Diff:  0.0, Sum:  0.0, Workers: 4
[3116.176s][debug][gc,phases      ] GC(99)     Dead                           Min: 0, Avg:  0.0, Max: 0, Diff: 0, Sum: 0, Workers: 4
[3116.176s][debug][gc,phases      ] GC(99)     Total                          Min: 0, Avg: 253.5, Max: 566, Diff: 566, Sum: 1014, Workers: 4
[3116.176s][debug][gc,phases      ] GC(99)   ObjectSynchronizer Weak        Min:  0.0, Avg:  0.0, Max:  0.0, Diff:  0.0, Sum:  0.0, Workers: 4
[3116.176s][debug][gc,phases      ] GC(99)     Dead                           Min: 0, Avg:  0.0, Max: 0, Diff: 0, Sum: 0, Workers: 4
[3116.176s][debug][gc,phases      ] GC(99)     Total                          Min: 0, Avg:  1.2, Max: 5, Diff: 5, Sum: 5, Workers: 4
[3116.176s][debug][gc,phases      ] GC(99)   JVMTI Tag Weak OopStorage      Min:  0.0, Avg:  0.0, Max:  0.0, Diff:  0.0, Sum:  0.0, Workers: 4
[3116.176s][debug][gc,phases      ] GC(99)     Dead                           Min: 0, Avg:  0.0, Max: 0, Diff: 0, Sum: 0, Workers: 4
[3116.176s][debug][gc,phases      ] GC(99)     Total                          Min: 0, Avg:  0.0, Max: 0, Diff: 0, Sum: 0, Workers: 4
[3116.176s][debug][gc,phases      ] GC(99)   StringTable Weak               Min:  0.0, Avg:  0.1, Max:  0.2, Diff:  0.2, Sum:  0.5, Workers: 4
[3116.176s][debug][gc,phases      ] GC(99)     Dead                           Min: 0, Avg:  0.2, Max: 1, Diff: 1, Sum: 1, Workers: 4
[3116.176s][debug][gc,phases      ] GC(99)     Total                          Min: 0, Avg: 12291.8, Max: 16784, Diff: 16784, Sum: 49167, Workers: 4
[3116.176s][debug][gc,phases      ] GC(99)   ResolvedMethodTable Weak       Min:  0.0, Avg:  0.0, Max:  0.0, Diff:  0.0, Sum:  0.1, Workers: 4
[3116.176s][debug][gc,phases      ] GC(99)     Dead                           Min: 0, Avg:  0.0, Max: 0, Diff: 0, Sum: 0, Workers: 4
[3116.176s][debug][gc,phases      ] GC(99)     Total                          Min: 0, Avg: 3487.5, Max: 4736, Diff: 4736, Sum: 13950, Workers: 4
[3116.176s][debug][gc,phases      ] GC(99)   JNI Weak                       Min:  0.0, Avg:  0.0, Max:  0.0, Diff:  0.0, Sum:  0.0, Workers: 4
[3116.176s][debug][gc,phases      ] GC(99)     Dead                           Min: 0, Avg:  0.0, Max: 0, Diff: 0, Sum: 0, Workers: 4
[3116.176s][debug][gc,phases      ] GC(99)     Total                          Min: 0, Avg: 12.0, Max: 48, Diff: 48, Sum: 48, Workers: 4
[3116.176s][debug][gc,phases      ] GC(99)   StringDedup Table Weak         Min:  0.0, Avg:  0.0, Max:  0.0, Diff:  0.0, Sum:  0.0, Workers: 4
[3116.176s][debug][gc,phases      ] GC(99)     Dead                           Min: 0, Avg:  0.0, Max: 0, Diff: 0, Sum: 0, Workers: 4
[3116.176s][debug][gc,phases      ] GC(99)     Total                          Min: 0, Avg:  0.0, Max: 0, Diff: 0, Sum: 0, Workers: 4
[3116.176s][debug][gc,phases      ] GC(99)   StringDedup Requests0 Weak     Min:  0.0, Avg:  0.0, Max:  0.0, Diff:  0.0, Sum:  0.0, Workers: 4
[3116.176s][debug][gc,phases      ] GC(99)     Dead                           Min: 0, Avg:  0.0, Max: 0, Diff: 0, Sum: 0, Workers: 4
[3116.176s][debug][gc,phases      ] GC(99)     Total                          Min: 0, Avg:  0.0, Max: 0, Diff: 0, Sum: 0, Workers: 4
[3116.176s][debug][gc,phases      ] GC(99)   StringDedup Requests1 Weak     Min:  0.0, Avg:  0.0, Max:  0.0, Diff:  0.0, Sum:  0.0, Workers: 4
[3116.176s][debug][gc,phases      ] GC(99)     Dead                           Min: 0, Avg:  0.0, Max: 0, Diff: 0, Sum: 0, Workers: 4
[3116.176s][debug][gc,phases      ] GC(99)     Total                          Min: 0, Avg:  0.0, Max: 0, Diff: 0, Sum: 0, Workers: 4
[3116.176s][debug][gc,phases      ] GC(99)   Weak JFR Old Object Samples    Min:  0.0, Avg:  0.0, Max:  0.0, Diff:  0.0, Sum:  0.0, Workers: 4
[3116.176s][debug][gc,phases      ] GC(99)     Dead                           Min: 0, Avg:  0.0, Max: 0, Diff: 0, Sum: 0, Workers: 4
[3116.176s][debug][gc,phases      ] GC(99)     Total                          Min: 0, Avg:  0.0, Max: 0, Diff: 0, Sum: 0, Workers: 4
[3116.176s][debug][gc,phases      ] GC(99) Weak Processing 0.472ms
[3116.176s][debug][gc,age         ] GC(99) Desired survivor size 295698432 bytes, new threshold 15 (max threshold 15)
[3116.176s][info ][gc,heap        ] GC(99) PSYoungGen: 1565505K(1764352K)->120769K(1808384K) Eden: 1445376K(1445376K)->0K(1505280K) From: 120129K(318976K)->120769K(303104K)
[3116.176s][info ][gc,heap        ] GC(99) ParOldGen: 351233K(478720K)->351241K(478720K)
[3116.176s][info ][gc,metaspace   ] GC(99) Metaspace: 98053K(99328K)->98053K(99328K) NonClass: 83806K(84544K)->83806K(84544K) Class: 14247K(14784K)->14247K(14784K)
[3116.176s][info ][gc             ] GC(99) Pause Young (Allocation Failure) 1871M->460M(2233M) 40.303ms
[3116.176s][info ][gc,cpu         ] GC(99) User=0.14s Sys=0.00s Real=0.04s
[3116.176s][info ][safepoint      ] Safepoint "ParallelGCFailedAllocation", Time since last: 5929237560 ns, Reaching safepoint: 9000 ns, Cleanup: 4500 ns, At safepoint: 40397736 ns, Total: 40411236 ns
[3117.176s][info ][safepoint      ] Safepoint "Cleanup", Time since last: 1000059768 ns, Reaching safepoint: 8900 ns, Cleanup: 12201 ns, At safepoint: 2900 ns, Total: 24001 ns
[3143.963s][info ][safepoint      ] Safepoint "Cleanup", Time since last: 26786997987 ns, Reaching safepoint: 8600 ns, Cleanup: 9800 ns, At safepoint: 2500 ns, Total: 20900 ns
[3156.964s][info ][safepoint      ] Safepoint "Cleanup", Time since last: 13000972956 ns, Reaching safepoint: 8701 ns, Cleanup: 15600 ns, At safepoint: 2500 ns, Total: 26801 ns
[3160.965s][info ][safepoint      ] Safepoint "Cleanup", Time since last: 4000301579 ns, Reaching safepoint: 10600 ns, Cleanup: 15401 ns, At safepoint: 3000 ns, Total: 29001 ns
[3164.965s][info ][safepoint      ] Safepoint "Cleanup", Time since last: 4000307150 ns, Reaching safepoint: 10100 ns, Cleanup: 24801 ns, At safepoint: 2600 ns, Total: 37501 ns
[3174.966s][info ][safepoint      ] Safepoint "Cleanup", Time since last: 10000753732 ns, Reaching safepoint: 9201 ns, Cleanup: 11200 ns, At safepoint: 3000 ns, Total: 23401 ns
[3179.138s][info ][gc,start       ] GC(100) Pause Young (Allocation Failure)
[3179.176s][debug][gc,phases      ] GC(100) Scavenge 38.438ms
[3179.176s][debug][gc,ref         ] GC(100) ReferenceProcessor::execute queues: 1, RefProcThreadModel::Single, marks_oops_alive: false
[3179.176s][debug][gc,ref         ] GC(100) Skipped KeepAliveFinalRefsPhase of Reference Processing: no references
[3179.176s][debug][gc,ref         ] GC(100) ReferenceProcessor::execute queues: 1, RefProcThreadModel::Single, marks_oops_alive: false
[3179.176s][debug][gc,phases      ] GC(100) Reference Processing 0.176ms
[3179.177s][debug][gc,phases      ] GC(100)   VM Weak                        Min:  0.0, Avg:  0.0, Max:  0.0, Diff:  0.0, Sum:  0.0, Workers: 4
[3179.177s][debug][gc,phases      ] GC(100)     Dead                           Min: 0, Avg:  0.0, Max: 0, Diff: 0, Sum: 0, Workers: 4
[3179.177s][debug][gc,phases      ] GC(100)     Total                          Min: 0, Avg: 253.5, Max: 640, Diff: 640, Sum: 1014, Workers: 4
[3179.177s][debug][gc,phases      ] GC(100)   ObjectSynchronizer Weak        Min:  0.0, Avg:  0.0, Max:  0.0, Diff:  0.0, Sum:  0.0, Workers: 4
[3179.177s][debug][gc,phases      ] GC(100)     Dead                           Min: 0, Avg:  0.0, Max: 0, Diff: 0, Sum: 0, Workers: 4
[3179.177s][debug][gc,phases      ] GC(100)     Total                          Min: 0, Avg:  1.0, Max: 4, Diff: 4, Sum: 4, Workers: 4
[3179.177s][debug][gc,phases      ] GC(100)   JVMTI Tag Weak OopStorage      Min:  0.0, Avg:  0.0, Max:  0.0, Diff:  0.0, Sum:  0.0, Workers: 4
[3179.177s][debug][gc,phases      ] GC(100)     Dead                           Min: 0, Avg:  0.0, Max: 0, Diff: 0, Sum: 0, Workers: 4
[3179.177s][debug][gc,phases      ] GC(100)     Total                          Min: 0, Avg:  0.0, Max: 0, Diff: 0, Sum: 0, Workers: 4
[3179.177s][debug][gc,phases      ] GC(100)   StringTable Weak               Min:  0.0, Avg:  0.1, Max:  0.2, Diff:  0.2, Sum:  0.5, Workers: 4
[3179.177s][debug][gc,phases      ] GC(100)     Dead                           Min: 0, Avg:  0.0, Max: 0, Diff: 0, Sum: 0, Workers: 4
[3179.177s][debug][gc,phases      ] GC(100)     Total                          Min: 0, Avg: 12292.5, Max: 25491, Diff: 25491, Sum: 49170, Workers: 4
[3179.177s][debug][gc,phases      ] GC(100)   ResolvedMethodTable Weak       Min:  0.0, Avg:  0.0, Max:  0.1, Diff:  0.1, Sum:  0.2, Workers: 4
[3179.177s][debug][gc,phases      ] GC(100)     Dead                           Min: 0, Avg:  0.0, Max: 0, Diff: 0, Sum: 0, Workers: 4
[3179.177s][debug][gc,phases      ] GC(100)     Total                          Min: 0, Avg: 3487.5, Max: 7231, Diff: 7231, Sum: 13950, Workers: 4
[3179.177s][debug][gc,phases      ] GC(100)   JNI Weak                       Min:  0.0, Avg:  0.0, Max:  0.0, Diff:  0.0, Sum:  0.0, Workers: 4
[3179.177s][debug][gc,phases      ] GC(100)     Dead                           Min: 0, Avg:  0.0, Max: 0, Diff: 0, Sum: 0, Workers: 4
[3179.177s][debug][gc,phases      ] GC(100)     Total                          Min: 0, Avg: 12.0, Max: 48, Diff: 48, Sum: 48, Workers: 4
[3179.177s][debug][gc,phases      ] GC(100)   StringDedup Table Weak         Min:  0.0, Avg:  0.0, Max:  0.0, Diff:  0.0, Sum:  0.0, Workers: 4
[3179.177s][debug][gc,phases      ] GC(100)     Dead                           Min: 0, Avg:  0.0, Max: 0, Diff: 0, Sum: 0, Workers: 4
[3179.177s][debug][gc,phases      ] GC(100)     Total                          Min: 0, Avg:  0.0, Max: 0, Diff: 0, Sum: 0, Workers: 4
[3179.177s][debug][gc,phases      ] GC(100)   StringDedup Requests0 Weak     Min:  0.0, Avg:  0.0, Max:  0.0, Diff:  0.0, Sum:  0.0, Workers: 4
[3179.177s][debug][gc,phases      ] GC(100)     Dead                           Min: 0, Avg:  0.0, Max: 0, Diff: 0, Sum: 0, Workers: 4
[3179.177s][debug][gc,phases      ] GC(100)     Total                          Min: 0, Avg:  0.0, Max: 0, Diff: 0, Sum: 0, Workers: 4
[3179.177s][debug][gc,phases      ] GC(100)   StringDedup Requests1 Weak     Min:  0.0, Avg:  0.0, Max:  0.0, Diff:  0.0, Sum:  0.0, Workers: 4
[3179.177s][debug][gc,phases      ] GC(100)     Dead                           Min: 0, Avg:  0.0, Max: 0, Diff: 0, Sum: 0, Workers: 4
[3179.177s][debug][gc,phases      ] GC(100)     Total                          Min: 0, Avg:  0.0, Max: 0, Diff: 0, Sum: 0, Workers: 4
[3179.177s][debug][gc,phases      ] GC(100)   Weak JFR Old Object Samples    Min:  0.0, Avg:  0.0, Max:  0.0, Diff:  0.0, Sum:  0.0, Workers: 4
[3179.177s][debug][gc,phases      ] GC(100)     Dead                           Min: 0, Avg:  0.0, Max: 0, Diff: 0, Sum: 0, Workers: 4
[3179.177s][debug][gc,phases      ] GC(100)     Total                          Min: 0, Avg:  0.0, Max: 0, Diff: 0, Sum: 0, Workers: 4
[3179.177s][debug][gc,phases      ] GC(100) Weak Processing 0.615ms
[3179.177s][debug][gc,age         ] GC(100) Desired survivor size 280494080 bytes, new threshold 15 (max threshold 15)
[3179.177s][info ][gc,heap        ] GC(100) PSYoungGen: 1626049K(1808384K)->129507K(1794048K) Eden: 1505280K(1505280K)->0K(1505280K) From: 120769K(303104K)->129507K(288768K)
[3179.177s][info ][gc,heap        ] GC(100) ParOldGen: 351241K(478720K)->351241K(478720K)
[3179.177s][info ][gc,metaspace   ] GC(100) Metaspace: 98072K(99328K)->98072K(99328K) NonClass: 83825K(84544K)->83825K(84544K) Class: 14247K(14784K)->14247K(14784K)
[3179.177s][info ][gc             ] GC(100) Pause Young (Allocation Failure) 1930M->469M(2219M) 39.399ms
[3179.177s][info ][gc,cpu         ] GC(100) User=0.13s Sys=0.00s Real=0.04s
[3179.177s][info ][safepoint      ] Safepoint "ParallelGCFailedAllocation", Time since last: 4171828825 ns, Reaching safepoint: 7601 ns, Cleanup: 4500 ns, At safepoint: 39529931 ns, Total: 39542032 ns
[3180.177s][info ][safepoint      ] Safepoint "Cleanup", Time since last: 1000057279 ns, Reaching safepoint: 9300 ns, Cleanup: 12700 ns, At safepoint: 2601 ns, Total: 24601 ns
[3193.979s][info ][safepoint      ] Safepoint "Cleanup", Time since last: 13801925577 ns, Reaching safepoint: 9301 ns, Cleanup: 18900 ns, At safepoint: 3100 ns, Total: 31301 ns
[3199.980s][info ][safepoint      ] Safepoint "Cleanup", Time since last: 6000391863 ns, Reaching safepoint: 9000 ns, Cleanup: 14401 ns, At safepoint: 2300 ns, Total: 25701 ns
[3200.980s][info ][safepoint      ] Safepoint "Cleanup", Time since last: 1000119454 ns, Reaching safepoint: 9000 ns, Cleanup: 13500 ns, At safepoint: 3000 ns, Total: 25500 ns
[3207.980s][info ][safepoint      ] Safepoint "Cleanup", Time since last: 7000524057 ns, Reaching safepoint: 9800 ns, Cleanup: 18101 ns, At safepoint: 5200 ns, Total: 33101 ns
[3209.980s][info ][safepoint      ] Safepoint "Cleanup", Time since last: 2000212224 ns, Reaching safepoint: 9500 ns, Cleanup: 11600 ns, At safepoint: 2400 ns, Total: 23500 ns
[3228.982s][info ][safepoint      ] Safepoint "Cleanup", Time since last: 19001371024 ns, Reaching safepoint: 83202 ns, Cleanup: 9101 ns, At safepoint: 5800 ns, Total: 98103 ns
[3234.838s][info ][gc,start       ] GC(101) Pause Young (Allocation Failure)
[3234.878s][debug][gc,phases      ] GC(101) Scavenge 40.477ms
[3234.879s][debug][gc,ref         ] GC(101) ReferenceProcessor::execute queues: 1, RefProcThreadModel::Single, marks_oops_alive: false
[3234.879s][debug][gc,ref         ] GC(101) Skipped KeepAliveFinalRefsPhase of Reference Processing: no references
[3234.879s][debug][gc,ref         ] GC(101) ReferenceProcessor::execute queues: 1, RefProcThreadModel::Single, marks_oops_alive: false
[3234.879s][debug][gc,phases      ] GC(101) Reference Processing 0.156ms
[3234.879s][debug][gc,phases      ] GC(101)   VM Weak                        Min:  0.0, Avg:  0.0, Max:  0.0, Diff:  0.0, Sum:  0.0, Workers: 4
[3234.879s][debug][gc,phases      ] GC(101)     Dead                           Min: 0, Avg:  0.0, Max: 0, Diff: 0, Sum: 0, Workers: 4
[3234.879s][debug][gc,phases      ] GC(101)     Total                          Min: 0, Avg: 253.5, Max: 630, Diff: 630, Sum: 1014, Workers: 4
[3234.879s][debug][gc,phases      ] GC(101)   ObjectSynchronizer Weak        Min:  0.0, Avg:  0.0, Max:  0.0, Diff:  0.0, Sum:  0.0, Workers: 4
[3234.879s][debug][gc,phases      ] GC(101)     Dead                           Min: 0, Avg:  0.0, Max: 0, Diff: 0, Sum: 0, Workers: 4
[3234.879s][debug][gc,phases      ] GC(101)     Total                          Min: 0, Avg:  1.0, Max: 4, Diff: 4, Sum: 4, Workers: 4
[3234.879s][debug][gc,phases      ] GC(101)   JVMTI Tag Weak OopStorage      Min:  0.0, Avg:  0.0, Max:  0.0, Diff:  0.0, Sum:  0.0, Workers: 4
[3234.879s][debug][gc,phases      ] GC(101)     Dead                           Min: 0, Avg:  0.0, Max: 0, Diff: 0, Sum: 0, Workers: 4
[3234.879s][debug][gc,phases      ] GC(101)     Total                          Min: 0, Avg:  0.0, Max: 0, Diff: 0, Sum: 0, Workers: 4
[3234.879s][debug][gc,phases      ] GC(101)   StringTable Weak               Min:  0.0, Avg:  0.1, Max:  0.2, Diff:  0.2, Sum:  0.5, Workers: 4
[3234.879s][debug][gc,phases      ] GC(101)     Dead                           Min: 0, Avg:  0.0, Max: 0, Diff: 0, Sum: 0, Workers: 4
[3234.879s][debug][gc,phases      ] GC(101)     Total                          Min: 0, Avg: 12293.8, Max: 16664, Diff: 16664, Sum: 49175, Workers: 4
[3234.879s][debug][gc,phases      ] GC(101)   ResolvedMethodTable Weak       Min:  0.0, Avg:  0.0, Max:  0.1, Diff:  0.1, Sum:  0.1, Workers: 4
[3234.879s][debug][gc,phases      ] GC(101)     Dead                           Min: 0, Avg:  0.0, Max: 0, Diff: 0, Sum: 0, Workers: 4
[3234.879s][debug][gc,phases      ] GC(101)     Total                          Min: 0, Avg: 3487.5, Max: 4735, Diff: 4735, Sum: 13950, Workers: 4
[3234.879s][debug][gc,phases      ] GC(101)   JNI Weak                       Min:  0.0, Avg:  0.0, Max:  0.0, Diff:  0.0, Sum:  0.0, Workers: 4
[3234.879s][debug][gc,phases      ] GC(101)     Dead                           Min: 0, Avg:  0.0, Max: 0, Diff: 0, Sum: 0, Workers: 4
[3234.879s][debug][gc,phases      ] GC(101)     Total                          Min: 0, Avg: 12.0, Max: 48, Diff: 48, Sum: 48, Workers: 4
[3234.879s][debug][gc,phases      ] GC(101)   StringDedup Table Weak         Min:  0.0, Avg:  0.0, Max:  0.0, Diff:  0.0, Sum:  0.0, Workers: 4
[3234.879s][debug][gc,phases      ] GC(101)     Dead                           Min: 0, Avg:  0.0, Max: 0, Diff: 0, Sum: 0, Workers: 4
[3234.879s][debug][gc,phases      ] GC(101)     Total                          Min: 0, Avg:  0.0, Max: 0, Diff: 0, Sum: 0, Workers: 4
[3234.879s][debug][gc,phases      ] GC(101)   StringDedup Requests0 Weak     Min:  0.0, Avg:  0.0, Max:  0.0, Diff:  0.0, Sum:  0.0, Workers: 4
[3234.879s][debug][gc,phases      ] GC(101)     Dead                           Min: 0, Avg:  0.0, Max: 0, Diff: 0, Sum: 0, Workers: 4
[3234.879s][debug][gc,phases      ] GC(101)     Total                          Min: 0, Avg:  0.0, Max: 0, Diff: 0, Sum: 0, Workers: 4
[3234.879s][debug][gc,phases      ] GC(101)   StringDedup Requests1 Weak     Min:  0.0, Avg:  0.0, Max:  0.0, Diff:  0.0, Sum:  0.0, Workers: 4
[3234.879s][debug][gc,phases      ] GC(101)     Dead                           Min: 0, Avg:  0.0, Max: 0, Diff: 0, Sum: 0, Workers: 4
[3234.879s][debug][gc,phases      ] GC(101)     Total                          Min: 0, Avg:  0.0, Max: 0, Diff: 0, Sum: 0, Workers: 4
[3234.879s][debug][gc,phases      ] GC(101)   Weak JFR Old Object Samples    Min:  0.0, Avg:  0.0, Max:  0.0, Diff:  0.0, Sum:  0.0, Workers: 4
[3234.879s][debug][gc,phases      ] GC(101)     Dead                           Min: 0, Avg:  0.0, Max: 0, Diff: 0, Sum: 0, Workers: 4
[3234.879s][debug][gc,phases      ] GC(101)     Total                          Min: 0, Avg:  0.0, Max: 0, Diff: 0, Sum: 0, Workers: 4
[3234.879s][debug][gc,phases      ] GC(101) Weak Processing 0.560ms
[3234.879s][debug][gc,age         ] GC(101) Desired survivor size 269484032 bytes, new threshold 15 (max threshold 15)
[3234.879s][info ][gc,heap        ] GC(101) PSYoungGen: 1634787K(1794048K)->141783K(1833984K) Eden: 1505280K(1505280K)->0K(1560064K) From: 129507K(288768K)->141783K(273920K)
[3234.879s][info ][gc,heap        ] GC(101) ParOldGen: 351241K(478720K)->351249K(478720K)
[3234.879s][info ][gc,metaspace   ] GC(101) Metaspace: 98118K(99392K)->98118K(99392K) NonClass: 83871K(84608K)->83871K(84608K) Class: 14247K(14784K)->14247K(14784K)
[3234.879s][info ][gc             ] GC(101) Pause Young (Allocation Failure) 1939M->481M(2258M) 41.373ms
[3234.879s][info ][gc,cpu         ] GC(101) User=0.14s Sys=0.00s Real=0.04s
[3234.879s][info ][safepoint      ] Safepoint "ParallelGCFailedAllocation", Time since last: 5855935685 ns, Reaching safepoint: 10501 ns, Cleanup: 4700 ns, At safepoint: 41509052 ns, Total: 41524253 ns
[3237.880s][info ][safepoint      ] Safepoint "Cleanup", Time since last: 3000238779 ns, Reaching safepoint: 9601 ns, Cleanup: 11300 ns, At safepoint: 2300 ns, Total: 23201 ns
[3247.995s][info ][safepoint      ] Safepoint "Cleanup", Time since last: 10115191872 ns, Reaching safepoint: 8100 ns, Cleanup: 11100 ns, At safepoint: 2600 ns, Total: 21800 ns
[3250.995s][info ][safepoint      ] Safepoint "Cleanup", Time since last: 3000240934 ns, Reaching safepoint: 8300 ns, Cleanup: 7300 ns, At safepoint: 2300 ns, Total: 17900 ns
[3251.995s][info ][safepoint      ] Safepoint "Cleanup", Time since last: 1000116446 ns, Reaching safepoint: 7600 ns, Cleanup: 9901 ns, At safepoint: 2400 ns, Total: 19901 ns
[3252.995s][info ][safepoint      ] Safepoint "Cleanup", Time since last: 1000116545 ns, Reaching safepoint: 7800 ns, Cleanup: 12001 ns, At safepoint: 2300 ns, Total: 22101 ns
[3253.996s][info ][safepoint      ] Safepoint "Cleanup", Time since last: 1000120045 ns, Reaching safepoint: 7901 ns, Cleanup: 15900 ns, At safepoint: 2600 ns, Total: 26401 ns
[3254.996s][info ][safepoint      ] Safepoint "Cleanup", Time since last: 1000121246 ns, Reaching safepoint: 10500 ns, Cleanup: 7800 ns, At safepoint: 2901 ns, Total: 21201 ns
[3264.997s][info ][safepoint      ] Safepoint "Cleanup", Time since last: 10000899599 ns, Reaching safepoint: 8700 ns, Cleanup: 11701 ns, At safepoint: 3000 ns, Total: 23401 ns
[3269.997s][info ][safepoint      ] Safepoint "Cleanup", Time since last: 5000393114 ns, Reaching safepoint: 7700 ns, Cleanup: 13701 ns, At safepoint: 2500 ns, Total: 23901 ns
[3275.998s][info ][safepoint      ] Safepoint "Cleanup", Time since last: 6000438898 ns, Reaching safepoint: 11200 ns, Cleanup: 20801 ns, At safepoint: 3200 ns, Total: 35201 ns
[3276.998s][info ][safepoint      ] Safepoint "Cleanup", Time since last: 1000112016 ns, Reaching safepoint: 7900 ns, Cleanup: 9700 ns, At safepoint: 2100 ns, Total: 19700 ns
[3277.998s][info ][safepoint      ] Safepoint "Cleanup", Time since last: 1000125216 ns, Reaching safepoint: 7401 ns, Cleanup: 8500 ns, At safepoint: 2400 ns, Total: 18301 ns
[3278.998s][info ][safepoint      ] Safepoint "Cleanup", Time since last: 1000114215 ns, Reaching safepoint: 7501 ns, Cleanup: 92603 ns, At safepoint: 2200 ns, Total: 102304 ns
[3281.998s][info ][safepoint      ] Safepoint "Cleanup", Time since last: 3000247918 ns, Reaching safepoint: 7500 ns, Cleanup: 9700 ns, At safepoint: 2801 ns, Total: 20001 ns
[3291.434s][info ][gc,start       ] GC(102) Pause Young (Allocation Failure)
[3291.475s][debug][gc,phases      ] GC(102) Scavenge 41.712ms
[3291.476s][debug][gc,ref         ] GC(102) ReferenceProcessor::execute queues: 1, RefProcThreadModel::Single, marks_oops_alive: false
[3291.476s][debug][gc,ref         ] GC(102) Skipped KeepAliveFinalRefsPhase of Reference Processing: no references
[3291.476s][debug][gc,ref         ] GC(102) ReferenceProcessor::execute queues: 1, RefProcThreadModel::Single, marks_oops_alive: false
[3291.476s][debug][gc,phases      ] GC(102) Reference Processing 0.143ms
[3291.476s][debug][gc,phases      ] GC(102)   VM Weak                        Min:  0.0, Avg:  0.0, Max:  0.0, Diff:  0.0, Sum:  0.0, Workers: 4
[3291.476s][debug][gc,phases      ] GC(102)     Dead                           Min: 0, Avg:  0.0, Max: 0, Diff: 0, Sum: 0, Workers: 4
[3291.476s][debug][gc,phases      ] GC(102)     Total                          Min: 0, Avg: 253.5, Max: 704, Diff: 704, Sum: 1014, Workers: 4
[3291.476s][debug][gc,phases      ] GC(102)   ObjectSynchronizer Weak        Min:  0.0, Avg:  0.0, Max:  0.0, Diff:  0.0, Sum:  0.0, Workers: 4
[3291.476s][debug][gc,phases      ] GC(102)     Dead                           Min: 0, Avg:  0.5, Max: 2, Diff: 2, Sum: 2, Workers: 4
[3291.476s][debug][gc,phases      ] GC(102)     Total                          Min: 0, Avg:  1.8, Max: 7, Diff: 7, Sum: 7, Workers: 4
[3291.476s][debug][gc,phases      ] GC(102)   JVMTI Tag Weak OopStorage      Min:  0.0, Avg:  0.0, Max:  0.0, Diff:  0.0, Sum:  0.0, Workers: 4
[3291.476s][debug][gc,phases      ] GC(102)     Dead                           Min: 0, Avg:  0.0, Max: 0, Diff: 0, Sum: 0, Workers: 4
[3291.476s][debug][gc,phases      ] GC(102)     Total                          Min: 0, Avg:  0.0, Max: 0, Diff: 0, Sum: 0, Workers: 4
[3291.476s][debug][gc,phases      ] GC(102)   StringTable Weak               Min:  0.1, Avg:  0.1, Max:  0.1, Diff:  0.0, Sum:  0.5, Workers: 4
[3291.476s][debug][gc,phases      ] GC(102)     Dead                           Min: 0, Avg:  0.0, Max: 0, Diff: 0, Sum: 0, Workers: 4
[3291.476s][debug][gc,phases      ] GC(102)     Total                          Min: 10944, Avg: 12297.5, Max: 13223, Diff: 2279, Sum: 49190, Workers: 4
[3291.476s][debug][gc,phases      ] GC(102)   ResolvedMethodTable Weak       Min:  0.0, Avg:  0.0, Max:  0.0, Diff:  0.0, Sum:  0.1, Workers: 4
[3291.476s][debug][gc,phases      ] GC(102)     Dead                           Min: 0, Avg:  0.2, Max: 1, Diff: 1, Sum: 1, Workers: 4
[3291.476s][debug][gc,phases      ] GC(102)     Total                          Min: 3266, Avg: 3488.5, Max: 3712, Diff: 446, Sum: 13954, Workers: 4
[3291.476s][debug][gc,phases      ] GC(102)   JNI Weak                       Min:  0.0, Avg:  0.0, Max:  0.0, Diff:  0.0, Sum:  0.0, Workers: 4
[3291.476s][debug][gc,phases      ] GC(102)     Dead                           Min: 0, Avg:  0.0, Max: 0, Diff: 0, Sum: 0, Workers: 4
[3291.476s][debug][gc,phases      ] GC(102)     Total                          Min: 0, Avg: 12.0, Max: 48, Diff: 48, Sum: 48, Workers: 4
[3291.476s][debug][gc,phases      ] GC(102)   StringDedup Table Weak         Min:  0.0, Avg:  0.0, Max:  0.0, Diff:  0.0, Sum:  0.0, Workers: 4
[3291.476s][debug][gc,phases      ] GC(102)     Dead                           Min: 0, Avg:  0.0, Max: 0, Diff: 0, Sum: 0, Workers: 4
[3291.476s][debug][gc,phases      ] GC(102)     Total                          Min: 0, Avg:  0.0, Max: 0, Diff: 0, Sum: 0, Workers: 4
[3291.476s][debug][gc,phases      ] GC(102)   StringDedup Requests0 Weak     Min:  0.0, Avg:  0.0, Max:  0.0, Diff:  0.0, Sum:  0.0, Workers: 4
[3291.476s][debug][gc,phases      ] GC(102)     Dead                           Min: 0, Avg:  0.0, Max: 0, Diff: 0, Sum: 0, Workers: 4
[3291.476s][debug][gc,phases      ] GC(102)     Total                          Min: 0, Avg:  0.0, Max: 0, Diff: 0, Sum: 0, Workers: 4
[3291.476s][debug][gc,phases      ] GC(102)   StringDedup Requests1 Weak     Min:  0.0, Avg:  0.0, Max:  0.0, Diff:  0.0, Sum:  0.0, Workers: 4
[3291.476s][debug][gc,phases      ] GC(102)     Dead                           Min: 0, Avg:  0.0, Max: 0, Diff: 0, Sum: 0, Workers: 4
[3291.476s][debug][gc,phases      ] GC(102)     Total                          Min: 0, Avg:  0.0, Max: 0, Diff: 0, Sum: 0, Workers: 4
[3291.476s][debug][gc,phases      ] GC(102)   Weak JFR Old Object Samples    Min:  0.0, Avg:  0.0, Max:  0.0, Diff:  0.0, Sum:  0.0, Workers: 4
[3291.476s][debug][gc,phases      ] GC(102)     Dead                           Min: 0, Avg:  0.0, Max: 0, Diff: 0, Sum: 0, Workers: 4
[3291.476s][debug][gc,phases      ] GC(102)     Total                          Min: 0, Avg:  0.0, Max: 0, Diff: 0, Sum: 0, Workers: 4
[3291.476s][debug][gc,phases      ] GC(102) Weak Processing 0.452ms
[3291.476s][debug][gc,age         ] GC(102) Desired survivor size 266862592 bytes, new threshold 15 (max threshold 15)
[3291.476s][info ][gc,heap        ] GC(102) PSYoungGen: 1701847K(1833984K)->161468K(1823232K) Eden: 1560064K(1560064K)->0K(1560064K) From: 141783K(273920K)->161468K(263168K)
[3291.476s][info ][gc,heap        ] GC(102) ParOldGen: 351249K(478720K)->351257K(478720K)
[3291.476s][info ][gc,metaspace   ] GC(102) Metaspace: 98186K(99456K)->98186K(99456K) NonClass: 83935K(84672K)->83935K(84672K) Class: 14250K(14784K)->14250K(14784K)
[3291.476s][info ][gc             ] GC(102) Pause Young (Allocation Failure) 2004M->500M(2248M) 42.466ms
[3291.476s][info ][gc,cpu         ] GC(102) User=0.16s Sys=0.00s Real=0.04s
[3291.476s][info ][safepoint      ] Safepoint "ParallelGCFailedAllocation", Time since last: 9435211695 ns, Reaching safepoint: 86503 ns, Cleanup: 3700 ns, At safepoint: 42562150 ns, Total: 42652353 ns
[3303.010s][info ][safepoint      ] Safepoint "Cleanup", Time since last: 11534246469 ns, Reaching safepoint: 8401 ns, Cleanup: 12600 ns, At safepoint: 2900 ns, Total: 23901 ns
[3304.011s][info ][safepoint      ] Safepoint "Cleanup", Time since last: 1000141680 ns, Reaching safepoint: 7701 ns, Cleanup: 9500 ns, At safepoint: 2200 ns, Total: 19401 ns
[3310.011s][info ][safepoint      ] Safepoint "Cleanup", Time since last: 6000410136 ns, Reaching safepoint: 7500 ns, Cleanup: 16300 ns, At safepoint: 2301 ns, Total: 26101 ns
[3313.011s][info ][safepoint      ] Safepoint "Cleanup", Time since last: 3000282222 ns, Reaching safepoint: 8900 ns, Cleanup: 24101 ns, At safepoint: 2800 ns, Total: 35801 ns
[3315.012s][info ][safepoint      ] Safepoint "Cleanup", Time since last: 2000162144 ns, Reaching safepoint: 8300 ns, Cleanup: 11401 ns, At safepoint: 2800 ns, Total: 22501 ns
[3316.012s][info ][safepoint      ] Safepoint "Cleanup", Time since last: 1000113923 ns, Reaching safepoint: 7700 ns, Cleanup: 11101 ns, At safepoint: 2800 ns, Total: 21601 ns
[3320.012s][info ][safepoint      ] Safepoint "Cleanup", Time since last: 4000327340 ns, Reaching safepoint: 7500 ns, Cleanup: 11300 ns, At safepoint: 29201 ns, Total: 48001 ns
[3322.012s][info ][safepoint      ] Safepoint "Cleanup", Time since last: 2000175268 ns, Reaching safepoint: 7600 ns, Cleanup: 10100 ns, At safepoint: 2100 ns, Total: 19800 ns
[3326.013s][info ][safepoint      ] Safepoint "Cleanup", Time since last: 4000335018 ns, Reaching safepoint: 7600 ns, Cleanup: 11800 ns, At safepoint: 2200 ns, Total: 21600 ns
[3329.013s][info ][safepoint      ] Safepoint "Cleanup", Time since last: 3000266390 ns, Reaching safepoint: 10100 ns, Cleanup: 16200 ns, At safepoint: 4000 ns, Total: 30300 ns
[3331.013s][info ][safepoint      ] Safepoint "Cleanup", Time since last: 2000178007 ns, Reaching safepoint: 9801 ns, Cleanup: 12000 ns, At safepoint: 3100 ns, Total: 24901 ns
[3333.013s][info ][safepoint      ] Safepoint "Cleanup", Time since last: 2000193312 ns, Reaching safepoint: 10400 ns, Cleanup: 10701 ns, At safepoint: 2300 ns, Total: 23401 ns
[3335.014s][info ][safepoint      ] Safepoint "Cleanup", Time since last: 2000201549 ns, Reaching safepoint: 7500 ns, Cleanup: 16801 ns, At safepoint: 6300 ns, Total: 30601 ns
[3341.014s][info ][safepoint      ] Safepoint "Cleanup", Time since last: 6000459540 ns, Reaching safepoint: 8701 ns, Cleanup: 17200 ns, At safepoint: 3000 ns, Total: 28901 ns
[3342.014s][info ][safepoint      ] Safepoint "Cleanup", Time since last: 1000136900 ns, Reaching safepoint: 10500 ns, Cleanup: 15801 ns, At safepoint: 3300 ns, Total: 29601 ns
[3343.014s][info ][safepoint      ] Safepoint "Cleanup", Time since last: 1000080998 ns, Reaching safepoint: 8100 ns, Cleanup: 16901 ns, At safepoint: 2600 ns, Total: 27601 ns
[3344.014s][info ][safepoint      ] Safepoint "Cleanup", Time since last: 1000119299 ns, Reaching safepoint: 8300 ns, Cleanup: 11400 ns, At safepoint: 3000 ns, Total: 22700 ns
[3352.015s][info ][safepoint      ] Safepoint "Cleanup", Time since last: 8000620840 ns, Reaching safepoint: 9100 ns, Cleanup: 11301 ns, At safepoint: 29401 ns, Total: 49802 ns
[3352.375s][info ][gc,start       ] GC(103) Pause Young (Allocation Failure)
[3352.416s][debug][gc,phases      ] GC(103) Scavenge 41.489ms
[3352.416s][debug][gc,ref         ] GC(103) ReferenceProcessor::execute queues: 1, RefProcThreadModel::Single, marks_oops_alive: false
[3352.416s][debug][gc,ref         ] GC(103) ReferenceProcessor::execute queues: 4, RefProcThreadModel::Multi, marks_oops_alive: true
[3352.417s][debug][gc,ref         ] GC(103) ReferenceProcessor::execute queues: 1, RefProcThreadModel::Single, marks_oops_alive: false
[3352.417s][debug][gc,phases      ] GC(103) Reference Processing 0.548ms
[3352.417s][debug][gc,phases      ] GC(103)   VM Weak                        Min:  0.0, Avg:  0.0, Max:  0.0, Diff:  0.0, Sum:  0.0, Workers: 4
[3352.417s][debug][gc,phases      ] GC(103)     Dead                           Min: 0, Avg:  0.0, Max: 0, Diff: 0, Sum: 0, Workers: 4
[3352.417s][debug][gc,phases      ] GC(103)     Total                          Min: 0, Avg: 253.5, Max: 576, Diff: 576, Sum: 1014, Workers: 4
[3352.417s][debug][gc,phases      ] GC(103)   ObjectSynchronizer Weak        Min:  0.0, Avg:  0.0, Max:  0.0, Diff:  0.0, Sum:  0.0, Workers: 4
[3352.417s][debug][gc,phases      ] GC(103)     Dead                           Min: 0, Avg:  0.0, Max: 0, Diff: 0, Sum: 0, Workers: 4
[3352.417s][debug][gc,phases      ] GC(103)     Total                          Min: 0, Avg:  1.0, Max: 4, Diff: 4, Sum: 4, Workers: 4
[3352.417s][debug][gc,phases      ] GC(103)   JVMTI Tag Weak OopStorage      Min:  0.0, Avg:  0.0, Max:  0.0, Diff:  0.0, Sum:  0.0, Workers: 4
[3352.417s][debug][gc,phases      ] GC(103)     Dead                           Min: 0, Avg:  0.0, Max: 0, Diff: 0, Sum: 0, Workers: 4
[3352.417s][debug][gc,phases      ] GC(103)     Total                          Min: 0, Avg:  0.0, Max: 0, Diff: 0, Sum: 0, Workers: 4
[3352.417s][debug][gc,phases      ] GC(103)   StringTable Weak               Min:  0.0, Avg:  0.1, Max:  0.2, Diff:  0.2, Sum:  0.5, Workers: 4
[3352.417s][debug][gc,phases      ] GC(103)     Dead                           Min: 0, Avg:  0.2, Max: 1, Diff: 1, Sum: 1, Workers: 4
[3352.417s][debug][gc,phases      ] GC(103)     Total                          Min: 0, Avg: 12300.8, Max: 16948, Diff: 16948, Sum: 49203, Workers: 4
[3352.417s][debug][gc,phases      ] GC(103)   ResolvedMethodTable Weak       Min:  0.0, Avg:  0.0, Max:  0.1, Diff:  0.1, Sum:  0.2, Workers: 4
[3352.417s][debug][gc,phases      ] GC(103)     Dead                           Min: 0, Avg:  0.0, Max: 0, Diff: 0, Sum: 0, Workers: 4
[3352.417s][debug][gc,phases      ] GC(103)     Total                          Min: 0, Avg: 3489.5, Max: 5959, Diff: 5959, Sum: 13958, Workers: 4
[3352.417s][debug][gc,phases      ] GC(103)   JNI Weak                       Min:  0.0, Avg:  0.0, Max:  0.0, Diff:  0.0, Sum:  0.0, Workers: 4
[3352.417s][debug][gc,phases      ] GC(103)     Dead                           Min: 0, Avg:  0.0, Max: 0, Diff: 0, Sum: 0, Workers: 4
[3352.417s][debug][gc,phases      ] GC(103)     Total                          Min: 0, Avg: 12.0, Max: 48, Diff: 48, Sum: 48, Workers: 4
[3352.417s][debug][gc,phases      ] GC(103)   StringDedup Table Weak         Min:  0.0, Avg:  0.0, Max:  0.0, Diff:  0.0, Sum:  0.0, Workers: 4
[3352.417s][debug][gc,phases      ] GC(103)     Dead                           Min: 0, Avg:  0.0, Max: 0, Diff: 0, Sum: 0, Workers: 4
[3352.417s][debug][gc,phases      ] GC(103)     Total                          Min: 0, Avg:  0.0, Max: 0, Diff: 0, Sum: 0, Workers: 4
[3352.417s][debug][gc,phases      ] GC(103)   StringDedup Requests0 Weak     Min:  0.0, Avg:  0.0, Max:  0.0, Diff:  0.0, Sum:  0.0, Workers: 4
[3352.417s][debug][gc,phases      ] GC(103)     Dead                           Min: 0, Avg:  0.0, Max: 0, Diff: 0, Sum: 0, Workers: 4
[3352.417s][debug][gc,phases      ] GC(103)     Total                          Min: 0, Avg:  0.0, Max: 0, Diff: 0, Sum: 0, Workers: 4
[3352.417s][debug][gc,phases      ] GC(103)   StringDedup Requests1 Weak     Min:  0.0, Avg:  0.0, Max:  0.0, Diff:  0.0, Sum:  0.0, Workers: 4
[3352.417s][debug][gc,phases      ] GC(103)     Dead                           Min: 0, Avg:  0.0, Max: 0, Diff: 0, Sum: 0, Workers: 4
[3352.417s][debug][gc,phases      ] GC(103)     Total                          Min: 0, Avg:  0.0, Max: 0, Diff: 0, Sum: 0, Workers: 4
[3352.417s][debug][gc,phases      ] GC(103)   Weak JFR Old Object Samples    Min:  0.0, Avg:  0.0, Max:  0.0, Diff:  0.0, Sum:  0.0, Workers: 4
[3352.417s][debug][gc,phases      ] GC(103)     Dead                           Min: 0, Avg:  0.0, Max: 0, Diff: 0, Sum: 0, Workers: 4
[3352.417s][debug][gc,phases      ] GC(103)     Total                          Min: 0, Avg:  0.0, Max: 0, Diff: 0, Sum: 0, Workers: 4
[3352.417s][debug][gc,phases      ] GC(103) Weak Processing 0.485ms
[3352.417s][debug][gc,age         ] GC(103) Desired survivor size 262668288 bytes, new threshold 15 (max threshold 15)
[3352.417s][info ][gc,heap        ] GC(103) PSYoungGen: 1721532K(1823232K)->159531K(1840640K) Eden: 1560064K(1560064K)->0K(1580032K) From: 161468K(263168K)->159531K(260608K)
[3352.417s][info ][gc,heap        ] GC(103) ParOldGen: 351257K(478720K)->351257K(478720K)
[3352.417s][info ][gc,metaspace   ] GC(103) Metaspace: 98252K(99520K)->98252K(99520K) NonClass: 83995K(84736K)->83995K(84736K) Class: 14256K(14784K)->14256K(14784K)
[3352.417s][info ][gc             ] GC(103) Pause Young (Allocation Failure) 2024M->498M(2265M) 42.690ms
[3352.417s][info ][gc,cpu         ] GC(103) User=0.15s Sys=0.00s Real=0.04s
[3352.417s][info ][safepoint      ] Safepoint "ParallelGCFailedAllocation", Time since last: 359525171 ns, Reaching safepoint: 9701 ns, Cleanup: 4200 ns, At safepoint: 42785484 ns, Total: 42799385 ns
[3355.418s][info ][safepoint      ] Safepoint "Cleanup", Time since last: 3000232093 ns, Reaching safepoint: 9400 ns, Cleanup: 15100 ns, At safepoint: 3600 ns, Total: 28100 ns
[3358.418s][info ][safepoint      ] Safepoint "Cleanup", Time since last: 3000270535 ns, Reaching safepoint: 8700 ns, Cleanup: 10501 ns, At safepoint: 2800 ns, Total: 22001 ns
[3380.028s][info ][safepoint      ] Safepoint "Cleanup", Time since last: 21610011305 ns, Reaching safepoint: 9300 ns, Cleanup: 13101 ns, At safepoint: 2900 ns, Total: 25301 ns
[3398.029s][info ][safepoint      ] Safepoint "Cleanup", Time since last: 18001230344 ns, Reaching safepoint: 12301 ns, Cleanup: 14100 ns, At safepoint: 2700 ns, Total: 29101 ns
[3399.030s][info ][safepoint      ] Safepoint "Cleanup", Time since last: 1000157726 ns, Reaching safepoint: 54402 ns, Cleanup: 26601 ns, At safepoint: 9700 ns, Total: 90703 ns
[3400.030s][info ][safepoint      ] Safepoint "Cleanup", Time since last: 1000107224 ns, Reaching safepoint: 9800 ns, Cleanup: 15001 ns, At safepoint: 2200 ns, Total: 27001 ns
[3407.684s][info ][gc,start       ] GC(104) Pause Young (Allocation Failure)
[3407.721s][debug][gc,phases      ] GC(104) Scavenge 37.847ms
[3407.722s][debug][gc,ref         ] GC(104) ReferenceProcessor::execute queues: 1, RefProcThreadModel::Single, marks_oops_alive: false
[3407.722s][debug][gc,ref         ] GC(104) Skipped KeepAliveFinalRefsPhase of Reference Processing: no references
[3407.722s][debug][gc,ref         ] GC(104) ReferenceProcessor::execute queues: 1, RefProcThreadModel::Single, marks_oops_alive: false
[3407.722s][debug][gc,phases      ] GC(104) Reference Processing 0.138ms
[3407.722s][debug][gc,phases      ] GC(104)   VM Weak                        Min:  0.0, Avg:  0.0, Max:  0.0, Diff:  0.0, Sum:  0.0, Workers: 4
[3407.722s][debug][gc,phases      ] GC(104)     Dead                           Min: 0, Avg:  0.0, Max: 0, Diff: 0, Sum: 0, Workers: 4
[3407.722s][debug][gc,phases      ] GC(104)     Total                          Min: 0, Avg: 253.5, Max: 576, Diff: 576, Sum: 1014, Workers: 4
[3407.722s][debug][gc,phases      ] GC(104)   ObjectSynchronizer Weak        Min:  0.0, Avg:  0.0, Max:  0.0, Diff:  0.0, Sum:  0.0, Workers: 4
[3407.722s][debug][gc,phases      ] GC(104)     Dead                           Min: 0, Avg:  0.0, Max: 0, Diff: 0, Sum: 0, Workers: 4
[3407.722s][debug][gc,phases      ] GC(104)     Total                          Min: 0, Avg:  1.0, Max: 4, Diff: 4, Sum: 4, Workers: 4
[3407.722s][debug][gc,phases      ] GC(104)   JVMTI Tag Weak OopStorage      Min:  0.0, Avg:  0.0, Max:  0.0, Diff:  0.0, Sum:  0.0, Workers: 4
[3407.722s][debug][gc,phases      ] GC(104)     Dead                           Min: 0, Avg:  0.0, Max: 0, Diff: 0, Sum: 0, Workers: 4
[3407.722s][debug][gc,phases      ] GC(104)     Total                          Min: 0, Avg:  0.0, Max: 0, Diff: 0, Sum: 0, Workers: 4
[3407.722s][debug][gc,phases      ] GC(104)   StringTable Weak               Min:  0.0, Avg:  0.1, Max:  0.2, Diff:  0.2, Sum:  0.5, Workers: 4
[3407.722s][debug][gc,phases      ] GC(104)     Dead                           Min: 0, Avg:  0.0, Max: 0, Diff: 0, Sum: 0, Workers: 4
[3407.722s][debug][gc,phases      ] GC(104)     Total                          Min: 0, Avg: 12304.5, Max: 17216, Diff: 17216, Sum: 49218, Workers: 4
[3407.722s][debug][gc,phases      ] GC(104)   ResolvedMethodTable Weak       Min:  0.0, Avg:  0.0, Max:  0.0, Diff:  0.0, Sum:  0.1, Workers: 4
[3407.722s][debug][gc,phases      ] GC(104)     Dead                           Min: 0, Avg:  0.0, Max: 0, Diff: 0, Sum: 0, Workers: 4
[3407.722s][debug][gc,phases      ] GC(104)     Total                          Min: 0, Avg: 3489.5, Max: 4863, Diff: 4863, Sum: 13958, Workers: 4
[3407.722s][debug][gc,phases      ] GC(104)   JNI Weak                       Min:  0.0, Avg:  0.0, Max:  0.0, Diff:  0.0, Sum:  0.0, Workers: 4
[3407.722s][debug][gc,phases      ] GC(104)     Dead                           Min: 0, Avg:  0.0, Max: 0, Diff: 0, Sum: 0, Workers: 4
[3407.722s][debug][gc,phases      ] GC(104)     Total                          Min: 0, Avg: 12.0, Max: 48, Diff: 48, Sum: 48, Workers: 4
[3407.722s][debug][gc,phases      ] GC(104)   StringDedup Table Weak         Min:  0.0, Avg:  0.0, Max:  0.0, Diff:  0.0, Sum:  0.0, Workers: 4
[3407.722s][debug][gc,phases      ] GC(104)     Dead                           Min: 0, Avg:  0.0, Max: 0, Diff: 0, Sum: 0, Workers: 4
[3407.722s][debug][gc,phases      ] GC(104)     Total                          Min: 0, Avg:  0.0, Max: 0, Diff: 0, Sum: 0, Workers: 4
[3407.722s][debug][gc,phases      ] GC(104)   StringDedup Requests0 Weak     Min:  0.0, Avg:  0.0, Max:  0.0, Diff:  0.0, Sum:  0.0, Workers: 4
[3407.722s][debug][gc,phases      ] GC(104)     Dead                           Min: 0, Avg:  0.0, Max: 0, Diff: 0, Sum: 0, Workers: 4
[3407.722s][debug][gc,phases      ] GC(104)     Total                          Min: 0, Avg:  0.0, Max: 0, Diff: 0, Sum: 0, Workers: 4
[3407.722s][debug][gc,phases      ] GC(104)   StringDedup Requests1 Weak     Min:  0.0, Avg:  0.0, Max:  0.0, Diff:  0.0, Sum:  0.0, Workers: 4
[3407.722s][debug][gc,phases      ] GC(104)     Dead                           Min: 0, Avg:  0.0, Max: 0, Diff: 0, Sum: 0, Workers: 4
[3407.722s][debug][gc,phases      ] GC(104)     Total                          Min: 0, Avg:  0.0, Max: 0, Diff: 0, Sum: 0, Workers: 4
[3407.722s][debug][gc,phases      ] GC(104)   Weak JFR Old Object Samples    Min:  0.0, Avg:  0.0, Max:  0.0, Diff:  0.0, Sum:  0.0, Workers: 4
[3407.722s][debug][gc,phases      ] GC(104)     Dead                           Min: 0, Avg:  0.0, Max: 0, Diff: 0, Sum: 0, Workers: 4
[3407.722s][debug][gc,phases      ] GC(104)     Total                          Min: 0, Avg:  0.0, Max: 0, Diff: 0, Sum: 0, Workers: 4
[3407.722s][debug][gc,phases      ] GC(104) Weak Processing 0.468ms
[3407.722s][debug][gc,age         ] GC(104) Desired survivor size 256376832 bytes, new threshold 15 (max threshold 15)
[3407.722s][info ][gc,heap        ] GC(104) PSYoungGen: 1739563K(1840640K)->153034K(1836544K) Eden: 1580032K(1580032K)->0K(1580032K) From: 159531K(260608K)->153034K(256512K)
[3407.722s][info ][gc,heap        ] GC(104) ParOldGen: 351257K(478720K)->351257K(478720K)
[3407.722s][info ][gc,metaspace   ] GC(104) Metaspace: 98260K(99520K)->98260K(99520K) NonClass: 84003K(84736K)->84003K(84736K) Class: 14256K(14784K)->14256K(14784K)
[3407.722s][info ][gc             ] GC(104) Pause Young (Allocation Failure) 2041M->492M(2261M) 38.611ms
[3407.722s][info ][gc,cpu         ] GC(104) User=0.14s Sys=0.00s Real=0.04s
[3407.722s][info ][safepoint      ] Safepoint "ParallelGCFailedAllocation", Time since last: 7653806444 ns, Reaching safepoint: 86103 ns, Cleanup: 4400 ns, At safepoint: 38702402 ns, Total: 38792905 ns
[3408.722s][info ][safepoint      ] Safepoint "Cleanup", Time since last: 1000089146 ns, Reaching safepoint: 9300 ns, Cleanup: 10501 ns, At safepoint: 5900 ns, Total: 25701 ns
[3418.723s][info ][safepoint      ] Safepoint "Cleanup", Time since last: 10000676687 ns, Reaching safepoint: 9001 ns, Cleanup: 14000 ns, At safepoint: 2500 ns, Total: 25501 ns
[3426.043s][info ][safepoint      ] Safepoint "Cleanup", Time since last: 7320147804 ns, Reaching safepoint: 9500 ns, Cleanup: 10201 ns, At safepoint: 2400 ns, Total: 22101 ns
[3428.043s][info ][safepoint      ] Safepoint "Cleanup", Time since last: 2000178496 ns, Reaching safepoint: 9000 ns, Cleanup: 12000 ns, At safepoint: 2700 ns, Total: 23700 ns
[3435.044s][info ][safepoint      ] Safepoint "Cleanup", Time since last: 7000507221 ns, Reaching safepoint: 8101 ns, Cleanup: 16300 ns, At safepoint: 5800 ns, Total: 30201 ns
[3445.045s][info ][safepoint      ] Safepoint "Cleanup", Time since last: 10000601590 ns, Reaching safepoint: 11000 ns, Cleanup: 22701 ns, At safepoint: 7700 ns, Total: 41401 ns
[3453.045s][info ][safepoint      ] Safepoint "Cleanup", Time since last: 8000597724 ns, Reaching safepoint: 7500 ns, Cleanup: 12600 ns, At safepoint: 2100 ns, Total: 22200 ns
[3466.947s][info ][gc,start       ] GC(105) Pause Young (Allocation Failure)
[3466.988s][debug][gc,phases      ] GC(105) Scavenge 41.093ms
[3466.988s][debug][gc,ref         ] GC(105) ReferenceProcessor::execute queues: 1, RefProcThreadModel::Single, marks_oops_alive: false
[3466.988s][debug][gc,ref         ] GC(105) Skipped KeepAliveFinalRefsPhase of Reference Processing: no references
[3466.988s][debug][gc,ref         ] GC(105) ReferenceProcessor::execute queues: 1, RefProcThreadModel::Single, marks_oops_alive: false
[3466.988s][debug][gc,phases      ] GC(105) Reference Processing 0.131ms
[3466.988s][debug][gc,phases      ] GC(105)   VM Weak                        Min:  0.0, Avg:  0.0, Max:  0.0, Diff:  0.0, Sum:  0.0, Workers: 4
[3466.988s][debug][gc,phases      ] GC(105)     Dead                           Min: 0, Avg:  0.0, Max: 0, Diff: 0, Sum: 0, Workers: 4
[3466.988s][debug][gc,phases      ] GC(105)     Total                          Min: 0, Avg: 253.8, Max: 512, Diff: 512, Sum: 1015, Workers: 4
[3466.988s][debug][gc,phases      ] GC(105)   ObjectSynchronizer Weak        Min:  0.0, Avg:  0.0, Max:  0.0, Diff:  0.0, Sum:  0.0, Workers: 4
[3466.988s][debug][gc,phases      ] GC(105)     Dead                           Min: 0, Avg:  0.0, Max: 0, Diff: 0, Sum: 0, Workers: 4
[3466.988s][debug][gc,phases      ] GC(105)     Total                          Min: 0, Avg:  1.0, Max: 4, Diff: 4, Sum: 4, Workers: 4
[3466.988s][debug][gc,phases      ] GC(105)   JVMTI Tag Weak OopStorage      Min:  0.0, Avg:  0.0, Max:  0.0, Diff:  0.0, Sum:  0.0, Workers: 4
[3466.988s][debug][gc,phases      ] GC(105)     Dead                           Min: 0, Avg:  0.0, Max: 0, Diff: 0, Sum: 0, Workers: 4
[3466.988s][debug][gc,phases      ] GC(105)     Total                          Min: 0, Avg:  0.0, Max: 0, Diff: 0, Sum: 0, Workers: 4
[3466.988s][debug][gc,phases      ] GC(105)   StringTable Weak               Min:  0.0, Avg:  0.1, Max:  0.2, Diff:  0.2, Sum:  0.5, Workers: 4
[3466.988s][debug][gc,phases      ] GC(105)     Dead                           Min: 0, Avg:  0.0, Max: 0, Diff: 0, Sum: 0, Workers: 4
[3466.988s][debug][gc,phases      ] GC(105)     Total                          Min: 0, Avg: 12309.2, Max: 17536, Diff: 17536, Sum: 49237, Workers: 4
[3466.988s][debug][gc,phases      ] GC(105)   ResolvedMethodTable Weak       Min:  0.0, Avg:  0.0, Max:  0.0, Diff:  0.0, Sum:  0.1, Workers: 4
[3466.989s][debug][gc,phases      ] GC(105)     Dead                           Min: 0, Avg:  0.0, Max: 0, Diff: 0, Sum: 0, Workers: 4
[3466.989s][debug][gc,phases      ] GC(105)     Total                          Min: 0, Avg: 3489.8, Max: 4936, Diff: 4936, Sum: 13959, Workers: 4
[3466.989s][debug][gc,phases      ] GC(105)   JNI Weak                       Min:  0.0, Avg:  0.0, Max:  0.0, Diff:  0.0, Sum:  0.0, Workers: 4
[3466.989s][debug][gc,phases      ] GC(105)     Dead                           Min: 0, Avg:  0.0, Max: 0, Diff: 0, Sum: 0, Workers: 4
[3466.989s][debug][gc,phases      ] GC(105)     Total                          Min: 0, Avg: 12.0, Max: 48, Diff: 48, Sum: 48, Workers: 4
[3466.989s][debug][gc,phases      ] GC(105)   StringDedup Table Weak         Min:  0.0, Avg:  0.0, Max:  0.0, Diff:  0.0, Sum:  0.0, Workers: 4
[3466.989s][debug][gc,phases      ] GC(105)     Dead                           Min: 0, Avg:  0.0, Max: 0, Diff: 0, Sum: 0, Workers: 4
[3466.989s][debug][gc,phases      ] GC(105)     Total                          Min: 0, Avg:  0.0, Max: 0, Diff: 0, Sum: 0, Workers: 4
[3466.989s][debug][gc,phases      ] GC(105)   StringDedup Requests0 Weak     Min:  0.0, Avg:  0.0, Max:  0.0, Diff:  0.0, Sum:  0.0, Workers: 4
[3466.989s][debug][gc,phases      ] GC(105)     Dead                           Min: 0, Avg:  0.0, Max: 0, Diff: 0, Sum: 0, Workers: 4
[3466.989s][debug][gc,phases      ] GC(105)     Total                          Min: 0, Avg:  0.0, Max: 0, Diff: 0, Sum: 0, Workers: 4
[3466.989s][debug][gc,phases      ] GC(105)   StringDedup Requests1 Weak     Min:  0.0, Avg:  0.0, Max:  0.0, Diff:  0.0, Sum:  0.0, Workers: 4
[3466.989s][debug][gc,phases      ] GC(105)     Dead                           Min: 0, Avg:  0.0, Max: 0, Diff: 0, Sum: 0, Workers: 4
[3466.989s][debug][gc,phases      ] GC(105)     Total                          Min: 0, Avg:  0.0, Max: 0, Diff: 0, Sum: 0, Workers: 4
[3466.989s][debug][gc,phases      ] GC(105)   Weak JFR Old Object Samples    Min:  0.0, Avg:  0.0, Max:  0.0, Diff:  0.0, Sum:  0.0, Workers: 4
[3466.989s][debug][gc,phases      ] GC(105)     Dead                           Min: 0, Avg:  0.0, Max: 0, Diff: 0, Sum: 0, Workers: 4
[3466.989s][debug][gc,phases      ] GC(105)     Total                          Min: 0, Avg:  0.0, Max: 0, Diff: 0, Sum: 0, Workers: 4
[3466.989s][debug][gc,phases      ] GC(105) Weak Processing 0.494ms
[3466.989s][debug][gc,age         ] GC(105) Desired survivor size 251133952 bytes, new threshold 15 (max threshold 15)
[3466.989s][info ][gc,heap        ] GC(105) PSYoungGen: 1733066K(1836544K)->155802K(1851904K) Eden: 1580032K(1580032K)->0K(1601536K) From: 153034K(256512K)->155802K(250368K)
[3466.989s][info ][gc,heap        ] GC(105) ParOldGen: 351257K(478720K)->351257K(478720K)
[3466.989s][info ][gc,metaspace   ] GC(105) Metaspace: 98300K(99584K)->98300K(99584K) NonClass: 84043K(84736K)->84043K(84736K) Class: 14257K(14848K)->14257K(14848K)
[3466.989s][info ][gc             ] GC(105) Pause Young (Allocation Failure) 2035M->495M(2276M) 41.879ms
[3466.989s][info ][gc,cpu         ] GC(105) User=0.16s Sys=0.00s Real=0.05s
[3466.989s][info ][safepoint      ] Safepoint "ParallelGCFailedAllocation", Time since last: 13901503447 ns, Reaching safepoint: 10700 ns, Cleanup: 4500 ns, At safepoint: 41968667 ns, Total: 41983867 ns
[3482.059s][info ][safepoint      ] Safepoint "Cleanup", Time since last: 15070010953 ns, Reaching safepoint: 9301 ns, Cleanup: 16600 ns, At safepoint: 2800 ns, Total: 28701 ns
[3488.059s][info ][safepoint      ] Safepoint "Cleanup", Time since last: 6000404679 ns, Reaching safepoint: 8601 ns, Cleanup: 10400 ns, At safepoint: 2800 ns, Total: 21801 ns
[3525.573s][info ][gc,start       ] GC(106) Pause Young (Allocation Failure)
[3525.618s][debug][gc,phases      ] GC(106) Scavenge 44.269ms
[3525.618s][debug][gc,ref         ] GC(106) ReferenceProcessor::execute queues: 1, RefProcThreadModel::Single, marks_oops_alive: false
[3525.618s][debug][gc,ref         ] GC(106) Skipped KeepAliveFinalRefsPhase of Reference Processing: no references
[3525.618s][debug][gc,ref         ] GC(106) ReferenceProcessor::execute queues: 1, RefProcThreadModel::Single, marks_oops_alive: false
[3525.618s][debug][gc,phases      ] GC(106) Reference Processing 0.125ms
[3525.618s][debug][gc,phases      ] GC(106)   VM Weak                        Min:  0.0, Avg:  0.0, Max:  0.0, Diff:  0.0, Sum:  0.0, Workers: 4
[3525.618s][debug][gc,phases      ] GC(106)     Dead                           Min: 0, Avg:  0.0, Max: 0, Diff: 0, Sum: 0, Workers: 4
[3525.618s][debug][gc,phases      ] GC(106)     Total                          Min: 0, Avg: 253.8, Max: 704, Diff: 704, Sum: 1015, Workers: 4
[3525.618s][debug][gc,phases      ] GC(106)   ObjectSynchronizer Weak        Min:  0.0, Avg:  0.0, Max:  0.0, Diff:  0.0, Sum:  0.0, Workers: 4
[3525.618s][debug][gc,phases      ] GC(106)     Dead                           Min: 0, Avg:  0.0, Max: 0, Diff: 0, Sum: 0, Workers: 4
[3525.618s][debug][gc,phases      ] GC(106)     Total                          Min: 0, Avg:  1.0, Max: 4, Diff: 4, Sum: 4, Workers: 4
[3525.618s][debug][gc,phases      ] GC(106)   JVMTI Tag Weak OopStorage      Min:  0.0, Avg:  0.0, Max:  0.0, Diff:  0.0, Sum:  0.0, Workers: 4
[3525.618s][debug][gc,phases      ] GC(106)     Dead                           Min: 0, Avg:  0.0, Max: 0, Diff: 0, Sum: 0, Workers: 4
[3525.618s][debug][gc,phases      ] GC(106)     Total                          Min: 0, Avg:  0.0, Max: 0, Diff: 0, Sum: 0, Workers: 4
[3525.618s][debug][gc,phases      ] GC(106)   StringTable Weak               Min:  0.0, Avg:  0.1, Max:  0.2, Diff:  0.2, Sum:  0.5, Workers: 4
[3525.618s][debug][gc,phases      ] GC(106)     Dead                           Min: 0, Avg:  0.0, Max: 0, Diff: 0, Sum: 0, Workers: 4
[3525.618s][debug][gc,phases      ] GC(106)     Total                          Min: 0, Avg: 12312.2, Max: 25024, Diff: 25024, Sum: 49249, Workers: 4
[3525.618s][debug][gc,phases      ] GC(106)   ResolvedMethodTable Weak       Min:  0.0, Avg:  0.0, Max:  0.1, Diff:  0.1, Sum:  0.2, Workers: 4
[3525.618s][debug][gc,phases      ] GC(106)     Dead                           Min: 0, Avg:  0.0, Max: 0, Diff: 0, Sum: 0, Workers: 4
[3525.618s][debug][gc,phases      ] GC(106)     Total                          Min: 0, Avg: 3489.8, Max: 6984, Diff: 6984, Sum: 13959, Workers: 4
[3525.618s][debug][gc,phases      ] GC(106)   JNI Weak                       Min:  0.0, Avg:  0.0, Max:  0.0, Diff:  0.0, Sum:  0.0, Workers: 4
[3525.618s][debug][gc,phases      ] GC(106)     Dead                           Min: 0, Avg:  0.0, Max: 0, Diff: 0, Sum: 0, Workers: 4
[3525.618s][debug][gc,phases      ] GC(106)     Total                          Min: 0, Avg: 12.0, Max: 48, Diff: 48, Sum: 48, Workers: 4
[3525.618s][debug][gc,phases      ] GC(106)   StringDedup Table Weak         Min:  0.0, Avg:  0.0, Max:  0.0, Diff:  0.0, Sum:  0.0, Workers: 4
[3525.618s][debug][gc,phases      ] GC(106)     Dead                           Min: 0, Avg:  0.0, Max: 0, Diff: 0, Sum: 0, Workers: 4
[3525.618s][debug][gc,phases      ] GC(106)     Total                          Min: 0, Avg:  0.0, Max: 0, Diff: 0, Sum: 0, Workers: 4
[3525.618s][debug][gc,phases      ] GC(106)   StringDedup Requests0 Weak     Min:  0.0, Avg:  0.0, Max:  0.0, Diff:  0.0, Sum:  0.0, Workers: 4
[3525.618s][debug][gc,phases      ] GC(106)     Dead                           Min: 0, Avg:  0.0, Max: 0, Diff: 0, Sum: 0, Workers: 4
[3525.618s][debug][gc,phases      ] GC(106)     Total                          Min: 0, Avg:  0.0, Max: 0, Diff: 0, Sum: 0, Workers: 4
[3525.618s][debug][gc,phases      ] GC(106)   StringDedup Requests1 Weak     Min:  0.0, Avg:  0.0, Max:  0.0, Diff:  0.0, Sum:  0.0, Workers: 4
[3525.618s][debug][gc,phases      ] GC(106)     Dead                           Min: 0, Avg:  0.0, Max: 0, Diff: 0, Sum: 0, Workers: 4
[3525.618s][debug][gc,phases      ] GC(106)     Total                          Min: 0, Avg:  0.0, Max: 0, Diff: 0, Sum: 0, Workers: 4
[3525.618s][debug][gc,phases      ] GC(106)   Weak JFR Old Object Samples    Min:  0.0, Avg:  0.0, Max:  0.0, Diff:  0.0, Sum:  0.0, Workers: 4
[3525.618s][debug][gc,phases      ] GC(106)     Dead                           Min: 0, Avg:  0.0, Max: 0, Diff: 0, Sum: 0, Workers: 4
[3525.618s][debug][gc,phases      ] GC(106)     Total                          Min: 0, Avg:  0.0, Max: 0, Diff: 0, Sum: 0, Workers: 4
[3525.619s][debug][gc,phases      ] GC(106) Weak Processing 0.579ms
[3525.619s][debug][gc,age         ] GC(106) Desired survivor size 247988224 bytes, new threshold 15 (max threshold 15)
[3525.619s][info ][gc,heap        ] GC(106) PSYoungGen: 1757338K(1851904K)->161468K(1846784K) Eden: 1601536K(1601536K)->0K(1601536K) From: 155802K(250368K)->161468K(245248K)
[3525.619s][info ][gc,heap        ] GC(106) ParOldGen: 351257K(478720K)->351257K(478720K)
[3525.619s][info ][gc,metaspace   ] GC(106) Metaspace: 98313K(99648K)->98313K(99648K) NonClass: 84055K(84800K)->84055K(84800K) Class: 14257K(14848K)->14257K(14848K)
[3525.619s][info ][gc             ] GC(106) Pause Young (Allocation Failure) 2059M->500M(2271M) 45.164ms
[3525.619s][info ][gc,cpu         ] GC(106) User=0.15s Sys=0.00s Real=0.04s
[3525.619s][info ][safepoint      ] Safepoint "ParallelGCFailedAllocation", Time since last: 37514186047 ns, Reaching safepoint: 8500 ns, Cleanup: 4200 ns, At safepoint: 45259436 ns, Total: 45272136 ns
[3537.619s][info ][safepoint      ] Safepoint "Cleanup", Time since last: 12000822106 ns, Reaching safepoint: 8400 ns, Cleanup: 15500 ns, At safepoint: 2700 ns, Total: 26600 ns
[3539.620s][info ][safepoint      ] Safepoint "Cleanup", Time since last: 2000195072 ns, Reaching safepoint: 8401 ns, Cleanup: 9900 ns, At safepoint: 2400 ns, Total: 20701 ns
[3553.076s][info ][safepoint      ] Safepoint "Cleanup", Time since last: 13455916740 ns, Reaching safepoint: 9300 ns, Cleanup: 11701 ns, At safepoint: 28501 ns, Total: 49502 ns
[3564.076s][info ][safepoint      ] Safepoint "Cleanup", Time since last: 11000684411 ns, Reaching safepoint: 9100 ns, Cleanup: 17001 ns, At safepoint: 3000 ns, Total: 29101 ns
[3572.077s][info ][safepoint      ] Safepoint "Cleanup", Time since last: 8000556663 ns, Reaching safepoint: 20901 ns, Cleanup: 17200 ns, At safepoint: 6000 ns, Total: 44101 ns
[3581.078s][info ][safepoint      ] Safepoint "Cleanup", Time since last: 9000673211 ns, Reaching safepoint: 8500 ns, Cleanup: 11900 ns, At safepoint: 2500 ns, Total: 22900 ns
[3581.185s][info ][gc,start       ] GC(107) Pause Young (Allocation Failure)
[3581.230s][debug][gc,phases      ] GC(107) Scavenge 45.020ms
[3581.230s][debug][gc,ref         ] GC(107) ReferenceProcessor::execute queues: 1, RefProcThreadModel::Single, marks_oops_alive: false
[3581.231s][debug][gc,ref         ] GC(107) Skipped KeepAliveFinalRefsPhase of Reference Processing: no references
[3581.231s][debug][gc,ref         ] GC(107) ReferenceProcessor::execute queues: 1, RefProcThreadModel::Single, marks_oops_alive: false
[3581.231s][debug][gc,phases      ] GC(107) Reference Processing 0.134ms
[3581.231s][debug][gc,phases      ] GC(107)   VM Weak                        Min:  0.0, Avg:  0.0, Max:  0.0, Diff:  0.0, Sum:  0.0, Workers: 4
[3581.231s][debug][gc,phases      ] GC(107)     Dead                           Min: 0, Avg:  0.0, Max: 0, Diff: 0, Sum: 0, Workers: 4
[3581.231s][debug][gc,phases      ] GC(107)     Total                          Min: 0, Avg: 253.8, Max: 951, Diff: 951, Sum: 1015, Workers: 4
[3581.231s][debug][gc,phases      ] GC(107)   ObjectSynchronizer Weak        Min:  0.0, Avg:  0.0, Max:  0.0, Diff:  0.0, Sum:  0.0, Workers: 4
[3581.231s][debug][gc,phases      ] GC(107)     Dead                           Min: 0, Avg:  0.0, Max: 0, Diff: 0, Sum: 0, Workers: 4
[3581.231s][debug][gc,phases      ] GC(107)     Total                          Min: 0, Avg:  1.0, Max: 4, Diff: 4, Sum: 4, Workers: 4
[3581.231s][debug][gc,phases      ] GC(107)   JVMTI Tag Weak OopStorage      Min:  0.0, Avg:  0.0, Max:  0.0, Diff:  0.0, Sum:  0.0, Workers: 4
[3581.231s][debug][gc,phases      ] GC(107)     Dead                           Min: 0, Avg:  0.0, Max: 0, Diff: 0, Sum: 0, Workers: 4
[3581.231s][debug][gc,phases      ] GC(107)     Total                          Min: 0, Avg:  0.0, Max: 0, Diff: 0, Sum: 0, Workers: 4
[3581.231s][debug][gc,phases      ] GC(107)   StringTable Weak               Min:  0.0, Avg:  0.2, Max:  0.3, Diff:  0.3, Sum:  1.0, Workers: 4
[3581.231s][debug][gc,phases      ] GC(107)     Dead                           Min: 0, Avg:  0.0, Max: 0, Diff: 0, Sum: 0, Workers: 4
[3581.231s][debug][gc,phases      ] GC(107)     Total                          Min: 0, Avg: 12312.8, Max: 17827, Diff: 17827, Sum: 49251, Workers: 4
[3581.231s][debug][gc,phases      ] GC(107)   ResolvedMethodTable Weak       Min:  0.0, Avg:  0.0, Max:  0.0, Diff:  0.0, Sum:  0.1, Workers: 4
[3581.231s][debug][gc,phases      ] GC(107)     Dead                           Min: 0, Avg:  0.0, Max: 0, Diff: 0, Sum: 0, Workers: 4
[3581.231s][debug][gc,phases      ] GC(107)     Total                          Min: 0, Avg: 3489.8, Max: 5064, Diff: 5064, Sum: 13959, Workers: 4
[3581.231s][debug][gc,phases      ] GC(107)   JNI Weak                       Min:  0.0, Avg:  0.0, Max:  0.0, Diff:  0.0, Sum:  0.0, Workers: 4
[3581.231s][debug][gc,phases      ] GC(107)     Dead                           Min: 0, Avg:  0.0, Max: 0, Diff: 0, Sum: 0, Workers: 4
[3581.231s][debug][gc,phases      ] GC(107)     Total                          Min: 0, Avg: 12.0, Max: 48, Diff: 48, Sum: 48, Workers: 4
[3581.231s][debug][gc,phases      ] GC(107)   StringDedup Table Weak         Min:  0.0, Avg:  0.0, Max:  0.0, Diff:  0.0, Sum:  0.0, Workers: 4
[3581.231s][debug][gc,phases      ] GC(107)     Dead                           Min: 0, Avg:  0.0, Max: 0, Diff: 0, Sum: 0, Workers: 4
[3581.231s][debug][gc,phases      ] GC(107)     Total                          Min: 0, Avg:  0.0, Max: 0, Diff: 0, Sum: 0, Workers: 4
[3581.231s][debug][gc,phases      ] GC(107)   StringDedup Requests0 Weak     Min:  0.0, Avg:  0.0, Max:  0.0, Diff:  0.0, Sum:  0.0, Workers: 4
[3581.231s][debug][gc,phases      ] GC(107)     Dead                           Min: 0, Avg:  0.0, Max: 0, Diff: 0, Sum: 0, Workers: 4
[3581.231s][debug][gc,phases      ] GC(107)     Total                          Min: 0, Avg:  0.0, Max: 0, Diff: 0, Sum: 0, Workers: 4
[3581.231s][debug][gc,phases      ] GC(107)   StringDedup Requests1 Weak     Min:  0.0, Avg:  0.0, Max:  0.0, Diff:  0.0, Sum:  0.0, Workers: 4
[3581.231s][debug][gc,phases      ] GC(107)     Dead                           Min: 0, Avg:  0.0, Max: 0, Diff: 0, Sum: 0, Workers: 4
[3581.231s][debug][gc,phases      ] GC(107)     Total                          Min: 0, Avg:  0.0, Max: 0, Diff: 0, Sum: 0, Workers: 4
[3581.231s][debug][gc,phases      ] GC(107)   Weak JFR Old Object Samples    Min:  0.0, Avg:  0.0, Max:  0.0, Diff:  0.0, Sum:  0.0, Workers: 4
[3581.231s][debug][gc,phases      ] GC(107)     Dead                           Min: 0, Avg:  0.0, Max: 0, Diff: 0, Sum: 0, Workers: 4
[3581.231s][debug][gc,phases      ] GC(107)     Total                          Min: 0, Avg:  0.0, Max: 0, Diff: 0, Sum: 0, Workers: 4
[3581.231s][debug][gc,phases      ] GC(107) Weak Processing 0.646ms
[3581.231s][debug][gc,age         ] GC(107) Desired survivor size 244842496 bytes, new threshold 15 (max threshold 15)
[3581.231s][info ][gc,heap        ] GC(107) PSYoungGen: 1763004K(1846784K)->162333K(1858048K) Eden: 1601536K(1601536K)->0K(1615872K) From: 161468K(245248K)->162333K(242176K)
[3581.231s][info ][gc,heap        ] GC(107) ParOldGen: 351257K(478720K)->351257K(478720K)
[3581.231s][info ][gc,metaspace   ] GC(107) Metaspace: 98364K(99712K)->98364K(99712K) NonClass: 84106K(84864K)->84106K(84864K) Class: 14257K(14848K)->14257K(14848K)
[3581.231s][info ][gc             ] GC(107) Pause Young (Allocation Failure) 2064M->501M(2282M) 45.980ms
[3581.231s][info ][gc,cpu         ] GC(107) User=0.17s Sys=0.00s Real=0.05s
[3581.231s][info ][safepoint      ] Safepoint "ParallelGCFailedAllocation", Time since last: 107510157 ns, Reaching safepoint: 9301 ns, Cleanup: 4200 ns, At safepoint: 46070538 ns, Total: 46084039 ns
[3582.231s][info ][safepoint      ] Safepoint "Cleanup", Time since last: 1000091030 ns, Reaching safepoint: 9300 ns, Cleanup: 12200 ns, At safepoint: 2300 ns, Total: 23800 ns
[3583.232s][info ][safepoint      ] Safepoint "Cleanup", Time since last: 1000112030 ns, Reaching safepoint: 11301 ns, Cleanup: 12000 ns, At safepoint: 3100 ns, Total: 26401 ns
[3593.232s][info ][safepoint      ] Safepoint "Cleanup", Time since last: 10000684199 ns, Reaching safepoint: 85703 ns, Cleanup: 14000 ns, At safepoint: 7500 ns, Total: 107203 ns
[3597.233s][info ][safepoint      ] Safepoint "Cleanup", Time since last: 4000333200 ns, Reaching safepoint: 80303 ns, Cleanup: 15800 ns, At safepoint: 5900 ns, Total: 102003 ns
[3598.233s][info ][safepoint      ] Safepoint "Cleanup", Time since last: 1000126802 ns, Reaching safepoint: 85502 ns, Cleanup: 11200 ns, At safepoint: 7101 ns, Total: 103803 ns
[3599.233s][info ][safepoint      ] Safepoint "Cleanup", Time since last: 1000133301 ns, Reaching safepoint: 85403 ns, Cleanup: 16700 ns, At safepoint: 8000 ns, Total: 110103 ns
[3602.091s][info ][safepoint      ] Safepoint "Cleanup", Time since last: 2857695769 ns, Reaching safepoint: 7700 ns, Cleanup: 16201 ns, At safepoint: 2500 ns, Total: 26401 ns
[3608.091s][info ][safepoint      ] Safepoint "Cleanup", Time since last: 6000473988 ns, Reaching safepoint: 9200 ns, Cleanup: 12700 ns, At safepoint: 2600 ns, Total: 24500 ns
[3609.092s][info ][safepoint      ] Safepoint "Cleanup", Time since last: 1000118349 ns, Reaching safepoint: 8401 ns, Cleanup: 10900 ns, At safepoint: 3000 ns, Total: 22301 ns
[3612.092s][info ][safepoint      ] Safepoint "Cleanup", Time since last: 3000254067 ns, Reaching safepoint: 8400 ns, Cleanup: 11700 ns, At safepoint: 2200 ns, Total: 22300 ns
[3613.092s][info ][safepoint      ] Safepoint "Cleanup", Time since last: 1000125721 ns, Reaching safepoint: 8700 ns, Cleanup: 12400 ns, At safepoint: 2300 ns, Total: 23400 ns
[3614.092s][info ][safepoint      ] Safepoint "Cleanup", Time since last: 1000117421 ns, Reaching safepoint: 9100 ns, Cleanup: 13200 ns, At safepoint: 2900 ns, Total: 25200 ns
[3621.093s][info ][safepoint      ] Safepoint "Cleanup", Time since last: 7000430644 ns, Reaching safepoint: 9300 ns, Cleanup: 9301 ns, At safepoint: 2600 ns, Total: 21201 ns
[3623.093s][info ][safepoint      ] Safepoint "Cleanup", Time since last: 2000175266 ns, Reaching safepoint: 10600 ns, Cleanup: 17301 ns, At safepoint: 2500 ns, Total: 30401 ns
[3638.992s][info ][gc,start       ] GC(108) Pause Young (Allocation Failure)
[3639.067s][debug][gc,phases      ] GC(108) Scavenge 74.877ms
[3639.068s][debug][gc,ref         ] GC(108) ReferenceProcessor::execute queues: 1, RefProcThreadModel::Single, marks_oops_alive: false
[3639.068s][debug][gc,ref         ] GC(108) Skipped KeepAliveFinalRefsPhase of Reference Processing: no references
[3639.068s][debug][gc,ref         ] GC(108) ReferenceProcessor::execute queues: 1, RefProcThreadModel::Single, marks_oops_alive: false
[3639.068s][debug][gc,phases      ] GC(108) Reference Processing 0.524ms
[3639.069s][debug][gc,phases      ] GC(108)   VM Weak                        Min:  0.0, Avg:  0.0, Max:  0.0, Diff:  0.0, Sum:  0.0, Workers: 4
[3639.069s][debug][gc,phases      ] GC(108)     Dead                           Min: 0, Avg:  0.0, Max: 0, Diff: 0, Sum: 0, Workers: 4
[3639.069s][debug][gc,phases      ] GC(108)     Total                          Min: 0, Avg: 253.8, Max: 1015, Diff: 1015, Sum: 1015, Workers: 4
[3639.069s][debug][gc,phases      ] GC(108)   ObjectSynchronizer Weak        Min:  0.0, Avg:  0.0, Max:  0.0, Diff:  0.0, Sum:  0.0, Workers: 4
[3639.069s][debug][gc,phases      ] GC(108)     Dead                           Min: 0, Avg:  0.0, Max: 0, Diff: 0, Sum: 0, Workers: 4
[3639.069s][debug][gc,phases      ] GC(108)     Total                          Min: 0, Avg:  1.0, Max: 4, Diff: 4, Sum: 4, Workers: 4
[3639.069s][debug][gc,phases      ] GC(108)   JVMTI Tag Weak OopStorage      Min:  0.0, Avg:  0.0, Max:  0.0, Diff:  0.0, Sum:  0.0, Workers: 4
[3639.069s][debug][gc,phases      ] GC(108)     Dead                           Min: 0, Avg:  0.0, Max: 0, Diff: 0, Sum: 0, Workers: 4
[3639.069s][debug][gc,phases      ] GC(108)     Total                          Min: 0, Avg:  0.0, Max: 0, Diff: 0, Sum: 0, Workers: 4
[3639.069s][debug][gc,phases      ] GC(108)   StringTable Weak               Min:  0.0, Avg:  0.1, Max:  0.3, Diff:  0.3, Sum:  0.6, Workers: 4
[3639.069s][debug][gc,phases      ] GC(108)     Dead                           Min: 0, Avg:  0.0, Max: 0, Diff: 0, Sum: 0, Workers: 4
[3639.069s][debug][gc,phases      ] GC(108)     Total                          Min: 0, Avg: 12313.2, Max: 25765, Diff: 25765, Sum: 49253, Workers: 4
[3639.069s][debug][gc,phases      ] GC(108)   ResolvedMethodTable Weak       Min:  0.0, Avg:  0.1, Max:  0.1, Diff:  0.1, Sum:  0.2, Workers: 4
[3639.069s][debug][gc,phases      ] GC(108)     Dead                           Min: 0, Avg:  0.0, Max: 0, Diff: 0, Sum: 0, Workers: 4
[3639.069s][debug][gc,phases      ] GC(108)     Total                          Min: 0, Avg: 3489.8, Max: 8519, Diff: 8519, Sum: 13959, Workers: 4
[3639.069s][debug][gc,phases      ] GC(108)   JNI Weak                       Min:  0.0, Avg:  0.0, Max:  0.0, Diff:  0.0, Sum:  0.0, Workers: 4
[3639.069s][debug][gc,phases      ] GC(108)     Dead                           Min: 0, Avg:  0.0, Max: 0, Diff: 0, Sum: 0, Workers: 4
[3639.069s][debug][gc,phases      ] GC(108)     Total                          Min: 0, Avg: 12.0, Max: 48, Diff: 48, Sum: 48, Workers: 4
[3639.069s][debug][gc,phases      ] GC(108)   StringDedup Table Weak         Min:  0.0, Avg:  0.0, Max:  0.0, Diff:  0.0, Sum:  0.0, Workers: 4
[3639.069s][debug][gc,phases      ] GC(108)     Dead                           Min: 0, Avg:  0.0, Max: 0, Diff: 0, Sum: 0, Workers: 4
[3639.069s][debug][gc,phases      ] GC(108)     Total                          Min: 0, Avg:  0.0, Max: 0, Diff: 0, Sum: 0, Workers: 4
[3639.069s][debug][gc,phases      ] GC(108)   StringDedup Requests0 Weak     Min:  0.0, Avg:  0.0, Max:  0.0, Diff:  0.0, Sum:  0.0, Workers: 4
[3639.069s][debug][gc,phases      ] GC(108)     Dead                           Min: 0, Avg:  0.0, Max: 0, Diff: 0, Sum: 0, Workers: 4
[3639.069s][debug][gc,phases      ] GC(108)     Total                          Min: 0, Avg:  0.0, Max: 0, Diff: 0, Sum: 0, Workers: 4
[3639.069s][debug][gc,phases      ] GC(108)   StringDedup Requests1 Weak     Min:  0.0, Avg:  0.0, Max:  0.0, Diff:  0.0, Sum:  0.0, Workers: 4
[3639.069s][debug][gc,phases      ] GC(108)     Dead                           Min: 0, Avg:  0.0, Max: 0, Diff: 0, Sum: 0, Workers: 4
[3639.069s][debug][gc,phases      ] GC(108)     Total                          Min: 0, Avg:  0.0, Max: 0, Diff: 0, Sum: 0, Workers: 4
[3639.069s][debug][gc,phases      ] GC(108)   Weak JFR Old Object Samples    Min:  0.0, Avg:  0.0, Max:  0.0, Diff:  0.0, Sum:  0.0, Workers: 4
[3639.069s][debug][gc,phases      ] GC(108)     Dead                           Min: 0, Avg:  0.0, Max: 0, Diff: 0, Sum: 0, Workers: 4
[3639.069s][debug][gc,phases      ] GC(108)     Total                          Min: 0, Avg:  0.0, Max: 0, Diff: 0, Sum: 0, Workers: 4
[3639.069s][debug][gc,phases      ] GC(108) Weak Processing 0.929ms
[3639.069s][debug][gc,age         ] GC(108) Desired survivor size 241696768 bytes, new threshold 15 (max threshold 15)
[3639.069s][info ][gc,heap        ] GC(108) PSYoungGen: 1778205K(1858048K)->161885K(1854976K) Eden: 1615872K(1615872K)->0K(1615872K) From: 162333K(242176K)->161885K(239104K)
[3639.069s][info ][gc,heap        ] GC(108) ParOldGen: 351257K(478720K)->351265K(478720K)
[3639.069s][info ][gc,metaspace   ] GC(108) Metaspace: 98384K(99712K)->98384K(99712K) NonClass: 84127K(84864K)->84127K(84864K) Class: 14257K(14848K)->14257K(14848K)
[3639.069s][info ][gc             ] GC(108) Pause Young (Allocation Failure) 2079M->501M(2279M) 76.547ms
[3639.069s][info ][gc,cpu         ] GC(108) User=0.15s Sys=0.01s Real=0.08s
[3639.069s][info ][safepoint      ] Safepoint "ParallelGCFailedAllocation", Time since last: 15898565156 ns, Reaching safepoint: 11901 ns, Cleanup: 4300 ns, At safepoint: 77658139 ns, Total: 77674340 ns
[3649.070s][info ][safepoint      ] Safepoint "Cleanup", Time since last: 10000808507 ns, Reaching safepoint: 9400 ns, Cleanup: 11601 ns, At safepoint: 6500 ns, Total: 27501 ns
[3654.070s][info ][safepoint      ] Safepoint "Cleanup", Time since last: 5000407978 ns, Reaching safepoint: 7901 ns, Cleanup: 10400 ns, At safepoint: 3000 ns, Total: 21301 ns
[3673.109s][info ][safepoint      ] Safepoint "Cleanup", Time since last: 19038783620 ns, Reaching safepoint: 8200 ns, Cleanup: 20601 ns, At safepoint: 47301 ns, Total: 76102 ns
[3678.110s][info ][safepoint      ] Safepoint "Cleanup", Time since last: 5000350900 ns, Reaching safepoint: 8000 ns, Cleanup: 12700 ns, At safepoint: 2600 ns, Total: 23300 ns
[3679.110s][info ][safepoint      ] Safepoint "Cleanup", Time since last: 1000078675 ns, Reaching safepoint: 7200 ns, Cleanup: 31201 ns, At safepoint: 2400 ns, Total: 40801 ns
[3680.110s][info ][safepoint      ] Safepoint "Cleanup", Time since last: 1000114675 ns, Reaching safepoint: 8300 ns, Cleanup: 14901 ns, At safepoint: 2100 ns, Total: 25301 ns
[3681.110s][info ][safepoint      ] Safepoint "Cleanup", Time since last: 1000113575 ns, Reaching safepoint: 8401 ns, Cleanup: 13900 ns, At safepoint: 2100 ns, Total: 24401 ns
[3682.110s][info ][safepoint      ] Safepoint "Cleanup", Time since last: 1000143822 ns, Reaching safepoint: 8500 ns, Cleanup: 9300 ns, At safepoint: 2200 ns, Total: 20000 ns
[3687.111s][info ][safepoint      ] Safepoint "Cleanup", Time since last: 5000372162 ns, Reaching safepoint: 9400 ns, Cleanup: 7000 ns, At safepoint: 2800 ns, Total: 19200 ns
[3688.844s][info ][safepoint      ] Safepoint "Cleanup", Time since last: 1733291943 ns, Reaching safepoint: 8501 ns, Cleanup: 12600 ns, At safepoint: 2300 ns, Total: 23401 ns
[3698.845s][info ][safepoint      ] Safepoint "Cleanup", Time since last: 10000723685 ns, Reaching safepoint: 9000 ns, Cleanup: 10300 ns, At safepoint: 26401 ns, Total: 45701 ns
[3704.136s][info ][gc,start       ] GC(109) Pause Young (Allocation Failure)
[3704.179s][debug][gc,phases      ] GC(109) Scavenge 42.396ms
[3704.179s][debug][gc,ref         ] GC(109) ReferenceProcessor::execute queues: 1, RefProcThreadModel::Single, marks_oops_alive: false
[3704.179s][debug][gc,ref         ] GC(109) Skipped KeepAliveFinalRefsPhase of Reference Processing: no references
[3704.179s][debug][gc,ref         ] GC(109) ReferenceProcessor::execute queues: 1, RefProcThreadModel::Single, marks_oops_alive: false
[3704.179s][debug][gc,phases      ] GC(109) Reference Processing 0.141ms
[3704.179s][debug][gc,phases      ] GC(109)   VM Weak                        Min:  0.0, Avg:  0.0, Max:  0.0, Diff:  0.0, Sum:  0.0, Workers: 4
[3704.179s][debug][gc,phases      ] GC(109)     Dead                           Min: 0, Avg:  0.0, Max: 0, Diff: 0, Sum: 0, Workers: 4
[3704.179s][debug][gc,phases      ] GC(109)     Total                          Min: 0, Avg: 254.8, Max: 448, Diff: 448, Sum: 1019, Workers: 4
[3704.179s][debug][gc,phases      ] GC(109)   ObjectSynchronizer Weak        Min:  0.0, Avg:  0.0, Max:  0.0, Diff:  0.0, Sum:  0.0, Workers: 4
[3704.179s][debug][gc,phases      ] GC(109)     Dead                           Min: 0, Avg:  0.0, Max: 0, Diff: 0, Sum: 0, Workers: 4
[3704.179s][debug][gc,phases      ] GC(109)     Total                          Min: 0, Avg:  0.8, Max: 3, Diff: 3, Sum: 3, Workers: 4
[3704.179s][debug][gc,phases      ] GC(109)   JVMTI Tag Weak OopStorage      Min:  0.0, Avg:  0.0, Max:  0.0, Diff:  0.0, Sum:  0.0, Workers: 4
[3704.179s][debug][gc,phases      ] GC(109)     Dead                           Min: 0, Avg:  0.0, Max: 0, Diff: 0, Sum: 0, Workers: 4
[3704.179s][debug][gc,phases      ] GC(109)     Total                          Min: 0, Avg:  0.0, Max: 0, Diff: 0, Sum: 0, Workers: 4
[3704.179s][debug][gc,phases      ] GC(109)   StringTable Weak               Min:  0.0, Avg:  0.1, Max:  0.2, Diff:  0.2, Sum:  0.5, Workers: 4
[3704.179s][debug][gc,phases      ] GC(109)     Dead                           Min: 0, Avg:  0.5, Max: 2, Diff: 2, Sum: 2, Workers: 4
[3704.179s][debug][gc,phases      ] GC(109)     Total                          Min: 0, Avg: 12316.5, Max: 16628, Diff: 16628, Sum: 49266, Workers: 4
[3704.179s][debug][gc,phases      ] GC(109)   ResolvedMethodTable Weak       Min:  0.0, Avg:  0.0, Max:  0.1, Diff:  0.1, Sum:  0.1, Workers: 4
[3704.179s][debug][gc,phases      ] GC(109)     Dead                           Min: 0, Avg:  0.5, Max: 2, Diff: 2, Sum: 2, Workers: 4
[3704.179s][debug][gc,phases      ] GC(109)     Total                          Min: 0, Avg: 3496.5, Max: 4963, Diff: 4963, Sum: 13986, Workers: 4
[3704.179s][debug][gc,phases      ] GC(109)   JNI Weak                       Min:  0.0, Avg:  0.0, Max:  0.0, Diff:  0.0, Sum:  0.0, Workers: 4
[3704.179s][debug][gc,phases      ] GC(109)     Dead                           Min: 0, Avg:  0.0, Max: 0, Diff: 0, Sum: 0, Workers: 4
[3704.179s][debug][gc,phases      ] GC(109)     Total                          Min: 0, Avg: 12.0, Max: 48, Diff: 48, Sum: 48, Workers: 4
[3704.179s][debug][gc,phases      ] GC(109)   StringDedup Table Weak         Min:  0.0, Avg:  0.0, Max:  0.0, Diff:  0.0, Sum:  0.0, Workers: 4
[3704.179s][debug][gc,phases      ] GC(109)     Dead                           Min: 0, Avg:  0.0, Max: 0, Diff: 0, Sum: 0, Workers: 4
[3704.179s][debug][gc,phases      ] GC(109)     Total                          Min: 0, Avg:  0.0, Max: 0, Diff: 0, Sum: 0, Workers: 4
[3704.179s][debug][gc,phases      ] GC(109)   StringDedup Requests0 Weak     Min:  0.0, Avg:  0.0, Max:  0.0, Diff:  0.0, Sum:  0.0, Workers: 4
[3704.179s][debug][gc,phases      ] GC(109)     Dead                           Min: 0, Avg:  0.0, Max: 0, Diff: 0, Sum: 0, Workers: 4
[3704.179s][debug][gc,phases      ] GC(109)     Total                          Min: 0, Avg:  0.0, Max: 0, Diff: 0, Sum: 0, Workers: 4
[3704.179s][debug][gc,phases      ] GC(109)   StringDedup Requests1 Weak     Min:  0.0, Avg:  0.0, Max:  0.0, Diff:  0.0, Sum:  0.0, Workers: 4
[3704.179s][debug][gc,phases      ] GC(109)     Dead                           Min: 0, Avg:  0.0, Max: 0, Diff: 0, Sum: 0, Workers: 4
[3704.179s][debug][gc,phases      ] GC(109)     Total                          Min: 0, Avg:  0.0, Max: 0, Diff: 0, Sum: 0, Workers: 4
[3704.179s][debug][gc,phases      ] GC(109)   Weak JFR Old Object Samples    Min:  0.0, Avg:  0.0, Max:  0.0, Diff:  0.0, Sum:  0.0, Workers: 4
[3704.179s][debug][gc,phases      ] GC(109)     Dead                           Min: 0, Avg:  0.0, Max: 0, Diff: 0, Sum: 0, Workers: 4
[3704.179s][debug][gc,phases      ] GC(109)     Total                          Min: 0, Avg:  0.0, Max: 0, Diff: 0, Sum: 0, Workers: 4
[3704.179s][debug][gc,phases      ] GC(109) Weak Processing 0.509ms
[3704.179s][debug][gc,age         ] GC(109) Desired survivor size 237502464 bytes, new threshold 15 (max threshold 15)
[3704.179s][info ][gc,heap        ] GC(109) PSYoungGen: 1777757K(1854976K)->159996K(1865216K) Eden: 1615872K(1615872K)->0K(1629184K) From: 161885K(239104K)->159996K(236032K)
[3704.180s][info ][gc,heap        ] GC(109) ParOldGen: 351265K(478720K)->351265K(478720K)
[3704.180s][info ][gc,metaspace   ] GC(109) Metaspace: 98431K(99776K)->98431K(99776K) NonClass: 84165K(84928K)->84165K(84928K) Class: 14266K(14848K)->14266K(14848K)
[3704.180s][info ][gc             ] GC(109) Pause Young (Allocation Failure) 2079M->499M(2289M) 43.212ms
[3704.180s][info ][gc,cpu         ] GC(109) User=0.16s Sys=0.00s Real=0.05s
[3704.180s][info ][safepoint      ] Safepoint "ParallelGCFailedAllocation", Time since last: 5291588755 ns, Reaching safepoint: 81602 ns, Cleanup: 4100 ns, At safepoint: 43312999 ns, Total: 43398701 ns
[3708.180s][info ][safepoint      ] Safepoint "Cleanup", Time since last: 4000314094 ns, Reaching safepoint: 9100 ns, Cleanup: 15300 ns, At safepoint: 3300 ns, Total: 27700 ns
[3710.180s][info ][safepoint      ] Safepoint "Cleanup", Time since last: 2000190604 ns, Reaching safepoint: 11000 ns, Cleanup: 16701 ns, At safepoint: 2500 ns, Total: 30201 ns
[3713.180s][info ][safepoint      ] Safepoint "Cleanup", Time since last: 3000222903 ns, Reaching safepoint: 9700 ns, Cleanup: 11901 ns, At safepoint: 2800 ns, Total: 24401 ns
[3719.181s][info ][safepoint      ] Safepoint "Cleanup", Time since last: 6000475388 ns, Reaching safepoint: 8000 ns, Cleanup: 11300 ns, At safepoint: 2301 ns, Total: 21601 ns
[3722.181s][info ][safepoint      ] Safepoint "Cleanup", Time since last: 3000258000 ns, Reaching safepoint: 12200 ns, Cleanup: 18801 ns, At safepoint: 2800 ns, Total: 33801 ns
[3730.182s][info ][safepoint      ] Safepoint "Cleanup", Time since last: 8000563820 ns, Reaching safepoint: 11700 ns, Cleanup: 15100 ns, At safepoint: 7801 ns, Total: 34601 ns
[3768.184s][info ][safepoint      ] Safepoint "Cleanup", Time since last: 38002595278 ns, Reaching safepoint: 80903 ns, Cleanup: 12700 ns, At safepoint: 6900 ns, Total: 100503 ns
[3768.435s][info ][gc,start       ] GC(110) Pause Young (Allocation Failure)
[3768.479s][debug][gc,phases      ] GC(110) Scavenge 44.225ms
[3768.479s][debug][gc,ref         ] GC(110) ReferenceProcessor::execute queues: 1, RefProcThreadModel::Single, marks_oops_alive: false
[3768.479s][debug][gc,ref         ] GC(110) Skipped KeepAliveFinalRefsPhase of Reference Processing: no references
[3768.479s][debug][gc,ref         ] GC(110) ReferenceProcessor::execute queues: 1, RefProcThreadModel::Single, marks_oops_alive: false
[3768.480s][debug][gc,phases      ] GC(110) Reference Processing 0.183ms
[3768.480s][debug][gc,phases      ] GC(110)   VM Weak                        Min:  0.0, Avg:  0.0, Max:  0.0, Diff:  0.0, Sum:  0.0, Workers: 4
[3768.480s][debug][gc,phases      ] GC(110)     Dead                           Min: 0, Avg:  0.0, Max: 0, Diff: 0, Sum: 0, Workers: 4
[3768.480s][debug][gc,phases      ] GC(110)     Total                          Min: 0, Avg: 254.8, Max: 512, Diff: 512, Sum: 1019, Workers: 4
[3768.480s][debug][gc,phases      ] GC(110)   ObjectSynchronizer Weak        Min:  0.0, Avg:  0.0, Max:  0.0, Diff:  0.0, Sum:  0.0, Workers: 4
[3768.480s][debug][gc,phases      ] GC(110)     Dead                           Min: 0, Avg:  0.0, Max: 0, Diff: 0, Sum: 0, Workers: 4
[3768.480s][debug][gc,phases      ] GC(110)     Total                          Min: 0, Avg:  0.8, Max: 3, Diff: 3, Sum: 3, Workers: 4
[3768.480s][debug][gc,phases      ] GC(110)   JVMTI Tag Weak OopStorage      Min:  0.0, Avg:  0.0, Max:  0.0, Diff:  0.0, Sum:  0.0, Workers: 4
[3768.480s][debug][gc,phases      ] GC(110)     Dead                           Min: 0, Avg:  0.0, Max: 0, Diff: 0, Sum: 0, Workers: 4
[3768.480s][debug][gc,phases      ] GC(110)     Total                          Min: 0, Avg:  0.0, Max: 0, Diff: 0, Sum: 0, Workers: 4
[3768.480s][debug][gc,phases      ] GC(110)   StringTable Weak               Min:  0.0, Avg:  0.1, Max:  0.2, Diff:  0.2, Sum:  0.5, Workers: 4
[3768.480s][debug][gc,phases      ] GC(110)     Dead                           Min: 0, Avg:  0.5, Max: 1, Diff: 1, Sum: 2, Workers: 4
[3768.480s][debug][gc,phases      ] GC(110)     Total                          Min: 0, Avg: 12333.0, Max: 17205, Diff: 17205, Sum: 49332, Workers: 4
[3768.480s][debug][gc,phases      ] GC(110)   ResolvedMethodTable Weak       Min:  0.0, Avg:  0.0, Max:  0.0, Diff:  0.0, Sum:  0.1, Workers: 4
[3768.480s][debug][gc,phases      ] GC(110)     Dead                           Min: 0, Avg:  2.2, Max: 9, Diff: 9, Sum: 9, Workers: 4
[3768.480s][debug][gc,phases      ] GC(110)     Total                          Min: 0, Avg: 3502.8, Max: 4862, Diff: 4862, Sum: 14011, Workers: 4
[3768.480s][debug][gc,phases      ] GC(110)   JNI Weak                       Min:  0.0, Avg:  0.0, Max:  0.0, Diff:  0.0, Sum:  0.0, Workers: 4
[3768.480s][debug][gc,phases      ] GC(110)     Dead                           Min: 0, Avg:  0.0, Max: 0, Diff: 0, Sum: 0, Workers: 4
[3768.480s][debug][gc,phases      ] GC(110)     Total                          Min: 0, Avg: 12.0, Max: 48, Diff: 48, Sum: 48, Workers: 4
[3768.480s][debug][gc,phases      ] GC(110)   StringDedup Table Weak         Min:  0.0, Avg:  0.0, Max:  0.0, Diff:  0.0, Sum:  0.0, Workers: 4
[3768.480s][debug][gc,phases      ] GC(110)     Dead                           Min: 0, Avg:  0.0, Max: 0, Diff: 0, Sum: 0, Workers: 4
[3768.480s][debug][gc,phases      ] GC(110)     Total                          Min: 0, Avg:  0.0, Max: 0, Diff: 0, Sum: 0, Workers: 4
[3768.480s][debug][gc,phases      ] GC(110)   StringDedup Requests0 Weak     Min:  0.0, Avg:  0.0, Max:  0.0, Diff:  0.0, Sum:  0.0, Workers: 4
[3768.480s][debug][gc,phases      ] GC(110)     Dead                           Min: 0, Avg:  0.0, Max: 0, Diff: 0, Sum: 0, Workers: 4
[3768.480s][debug][gc,phases      ] GC(110)     Total                          Min: 0, Avg:  0.0, Max: 0, Diff: 0, Sum: 0, Workers: 4
[3768.480s][debug][gc,phases      ] GC(110)   StringDedup Requests1 Weak     Min:  0.0, Avg:  0.0, Max:  0.0, Diff:  0.0, Sum:  0.0, Workers: 4
[3768.480s][debug][gc,phases      ] GC(110)     Dead                           Min: 0, Avg:  0.0, Max: 0, Diff: 0, Sum: 0, Workers: 4
[3768.480s][debug][gc,phases      ] GC(110)     Total                          Min: 0, Avg:  0.0, Max: 0, Diff: 0, Sum: 0, Workers: 4
[3768.480s][debug][gc,phases      ] GC(110)   Weak JFR Old Object Samples    Min:  0.0, Avg:  0.0, Max:  0.0, Diff:  0.0, Sum:  0.0, Workers: 4
[3768.480s][debug][gc,phases      ] GC(110)     Dead                           Min: 0, Avg:  0.0, Max: 0, Diff: 0, Sum: 0, Workers: 4
[3768.480s][debug][gc,phases      ] GC(110)     Total                          Min: 0, Avg:  0.0, Max: 0, Diff: 0, Sum: 0, Workers: 4
[3768.480s][debug][gc,phases      ] GC(110) Weak Processing 0.477ms
[3768.480s][debug][gc,age         ] GC(110) Desired survivor size 229638144 bytes, new threshold 15 (max threshold 15)
[3768.480s][info ][gc,heap        ] GC(110) PSYoungGen: 1789180K(1865216K)->144027K(1861120K) Eden: 1629184K(1629184K)->0K(1629184K) From: 159996K(236032K)->144027K(231936K)
[3768.480s][info ][gc,heap        ] GC(110) ParOldGen: 351265K(478720K)->369150K(478720K)
[3768.480s][info ][gc,metaspace   ] GC(110) Metaspace: 98510K(99776K)->98510K(99776K) NonClass: 84232K(84928K)->84232K(84928K) Class: 14277K(14848K)->14277K(14848K)
[3768.480s][info ][gc             ] GC(110) Pause Young (Allocation Failure) 2090M->501M(2285M) 45.046ms
[3768.480s][info ][gc,cpu         ] GC(110) User=0.14s Sys=0.00s Real=0.05s
[3768.480s][info ][safepoint      ] Safepoint "ParallelGCFailedAllocation", Time since last: 250471642 ns, Reaching safepoint: 7800 ns, Cleanup: 4700 ns, At safepoint: 45140259 ns, Total: 45152759 ns
[3772.480s][info ][safepoint      ] Safepoint "Cleanup", Time since last: 4000281268 ns, Reaching safepoint: 8700 ns, Cleanup: 13900 ns, At safepoint: 3801 ns, Total: 26401 ns
[3776.481s][info ][safepoint      ] Safepoint "Cleanup", Time since last: 4000321619 ns, Reaching safepoint: 8700 ns, Cleanup: 14301 ns, At safepoint: 2600 ns, Total: 25601 ns
[3782.481s][info ][safepoint      ] Safepoint "Cleanup", Time since last: 6000458825 ns, Reaching safepoint: 8800 ns, Cleanup: 20701 ns, At safepoint: 2700 ns, Total: 32201 ns
[3785.482s][info ][safepoint      ] Safepoint "Cleanup", Time since last: 3000265829 ns, Reaching safepoint: 10009 ns, Cleanup: 14314 ns, At safepoint: 3103 ns, Total: 27426 ns
[3803.483s][info ][safepoint      ] Safepoint "Cleanup", Time since last: 18001269587 ns, Reaching safepoint: 82104 ns, Cleanup: 12301 ns, At safepoint: 6500 ns, Total: 100905 ns
[3806.483s][info ][safepoint      ] Safepoint "Cleanup", Time since last: 3000276211 ns, Reaching safepoint: 61403 ns, Cleanup: 12401 ns, At safepoint: 7500 ns, Total: 81304 ns
[3816.015s][info ][gc,start       ] GC(111) Pause Young (Allocation Failure)
[3816.054s][debug][gc,phases      ] GC(111) Scavenge 38.389ms
[3816.054s][debug][gc,ref         ] GC(111) ReferenceProcessor::execute queues: 1, RefProcThreadModel::Single, marks_oops_alive: false
[3816.054s][debug][gc,ref         ] GC(111) Skipped KeepAliveFinalRefsPhase of Reference Processing: no references
[3816.054s][debug][gc,ref         ] GC(111) ReferenceProcessor::execute queues: 1, RefProcThreadModel::Single, marks_oops_alive: false
[3816.054s][debug][gc,phases      ] GC(111) Reference Processing 0.129ms
[3816.054s][debug][gc,phases      ] GC(111)   VM Weak                        Min:  0.0, Avg:  0.0, Max:  0.0, Diff:  0.0, Sum:  0.0, Workers: 4
[3816.054s][debug][gc,phases      ] GC(111)     Dead                           Min: 0, Avg:  0.0, Max: 0, Diff: 0, Sum: 0, Workers: 4
[3816.054s][debug][gc,phases      ] GC(111)     Total                          Min: 0, Avg: 254.8, Max: 512, Diff: 512, Sum: 1019, Workers: 4
[3816.054s][debug][gc,phases      ] GC(111)   ObjectSynchronizer Weak        Min:  0.0, Avg:  0.0, Max:  0.0, Diff:  0.0, Sum:  0.0, Workers: 4
[3816.054s][debug][gc,phases      ] GC(111)     Dead                           Min: 0, Avg:  0.0, Max: 0, Diff: 0, Sum: 0, Workers: 4
[3816.054s][debug][gc,phases      ] GC(111)     Total                          Min: 0, Avg:  1.0, Max: 4, Diff: 4, Sum: 4, Workers: 4
[3816.054s][debug][gc,phases      ] GC(111)   JVMTI Tag Weak OopStorage      Min:  0.0, Avg:  0.0, Max:  0.0, Diff:  0.0, Sum:  0.0, Workers: 4
[3816.054s][debug][gc,phases      ] GC(111)     Dead                           Min: 0, Avg:  0.0, Max: 0, Diff: 0, Sum: 0, Workers: 4
[3816.054s][debug][gc,phases      ] GC(111)     Total                          Min: 0, Avg:  0.0, Max: 0, Diff: 0, Sum: 0, Workers: 4
[3816.054s][debug][gc,phases      ] GC(111)   StringTable Weak               Min:  0.0, Avg:  0.1, Max:  0.2, Diff:  0.2, Sum:  0.5, Workers: 4
[3816.054s][debug][gc,phases      ] GC(111)     Dead                           Min: 0, Avg:  0.0, Max: 0, Diff: 0, Sum: 0, Workers: 4
[3816.054s][debug][gc,phases      ] GC(111)     Total                          Min: 0, Avg: 12333.0, Max: 16704, Diff: 16704, Sum: 49332, Workers: 4
[3816.054s][debug][gc,phases      ] GC(111)   ResolvedMethodTable Weak       Min:  0.0, Avg:  0.0, Max:  0.0, Diff:  0.0, Sum:  0.1, Workers: 4
[3816.054s][debug][gc,phases      ] GC(111)     Dead                           Min: 0, Avg:  0.0, Max: 0, Diff: 0, Sum: 0, Workers: 4
[3816.054s][debug][gc,phases      ] GC(111)     Total                          Min: 0, Avg: 3502.8, Max: 4799, Diff: 4799, Sum: 14011, Workers: 4
[3816.054s][debug][gc,phases      ] GC(111)   JNI Weak                       Min:  0.0, Avg:  0.0, Max:  0.0, Diff:  0.0, Sum:  0.0, Workers: 4
[3816.054s][debug][gc,phases      ] GC(111)     Dead                           Min: 0, Avg:  0.0, Max: 0, Diff: 0, Sum: 0, Workers: 4
[3816.054s][debug][gc,phases      ] GC(111)     Total                          Min: 0, Avg: 12.0, Max: 48, Diff: 48, Sum: 48, Workers: 4
[3816.054s][debug][gc,phases      ] GC(111)   StringDedup Table Weak         Min:  0.0, Avg:  0.0, Max:  0.0, Diff:  0.0, Sum:  0.0, Workers: 4
[3816.054s][debug][gc,phases      ] GC(111)     Dead                           Min: 0, Avg:  0.0, Max: 0, Diff: 0, Sum: 0, Workers: 4
[3816.054s][debug][gc,phases      ] GC(111)     Total                          Min: 0, Avg:  0.0, Max: 0, Diff: 0, Sum: 0, Workers: 4
[3816.054s][debug][gc,phases      ] GC(111)   StringDedup Requests0 Weak     Min:  0.0, Avg:  0.0, Max:  0.0, Diff:  0.0, Sum:  0.0, Workers: 4
[3816.054s][debug][gc,phases      ] GC(111)     Dead                           Min: 0, Avg:  0.0, Max: 0, Diff: 0, Sum: 0, Workers: 4
[3816.054s][debug][gc,phases      ] GC(111)     Total                          Min: 0, Avg:  0.0, Max: 0, Diff: 0, Sum: 0, Workers: 4
[3816.054s][debug][gc,phases      ] GC(111)   StringDedup Requests1 Weak     Min:  0.0, Avg:  0.0, Max:  0.0, Diff:  0.0, Sum:  0.0, Workers: 4
[3816.054s][debug][gc,phases      ] GC(111)     Dead                           Min: 0, Avg:  0.0, Max: 0, Diff: 0, Sum: 0, Workers: 4
[3816.054s][debug][gc,phases      ] GC(111)     Total                          Min: 0, Avg:  0.0, Max: 0, Diff: 0, Sum: 0, Workers: 4
[3816.054s][debug][gc,phases      ] GC(111)   Weak JFR Old Object Samples    Min:  0.0, Avg:  0.0, Max:  0.0, Diff:  0.0, Sum:  0.0, Workers: 4
[3816.054s][debug][gc,phases      ] GC(111)     Dead                           Min: 0, Avg:  0.0, Max: 0, Diff: 0, Sum: 0, Workers: 4
[3816.054s][debug][gc,phases      ] GC(111)     Total                          Min: 0, Avg:  0.0, Max: 0, Diff: 0, Sum: 0, Workers: 4
[3816.054s][debug][gc,phases      ] GC(111) Weak Processing 0.480ms
[3816.054s][debug][gc,age         ] GC(111) Desired survivor size 227540992 bytes, new threshold 15 (max threshold 15)
[3816.054s][info ][gc,heap        ] GC(111) PSYoungGen: 1773211K(1861120K)->114476K(1874944K) Eden: 1629184K(1629184K)->0K(1650688K) From: 144027K(231936K)->114476K(224256K)
[3816.054s][info ][gc,heap        ] GC(111) ParOldGen: 369150K(478720K)->401747K(478720K)
[3816.054s][info ][gc,metaspace   ] GC(111) Metaspace: 98535K(99840K)->98535K(99840K) NonClass: 84257K(84992K)->84257K(84992K) Class: 14277K(14848K)->14277K(14848K)
[3816.054s][info ][gc             ] GC(111) Pause Young (Allocation Failure) 2092M->504M(2298M) 39.165ms
[3816.054s][info ][gc,cpu         ] GC(111) User=0.14s Sys=0.02s Real=0.04s
[3816.054s][info ][safepoint      ] Safepoint "ParallelGCFailedAllocation", Time since last: 9531706991 ns, Reaching safepoint: 10801 ns, Cleanup: 4800 ns, At safepoint: 39272451 ns, Total: 39288052 ns
[3819.054s][info ][safepoint      ] Safepoint "Cleanup", Time since last: 3000197858 ns, Reaching safepoint: 10601 ns, Cleanup: 9600 ns, At safepoint: 2301 ns, Total: 22502 ns
[3821.055s][info ][safepoint      ] Safepoint "Cleanup", Time since last: 2000176464 ns, Reaching safepoint: 7301 ns, Cleanup: 14300 ns, At safepoint: 2400 ns, Total: 24001 ns
[3842.156s][info ][safepoint      ] Safepoint "Cleanup", Time since last: 21101072537 ns, Reaching safepoint: 7401 ns, Cleanup: 11700 ns, At safepoint: 5801 ns, Total: 24902 ns
[3845.156s][info ][safepoint      ] Safepoint "Cleanup", Time since last: 3000211366 ns, Reaching safepoint: 8300 ns, Cleanup: 12901 ns, At safepoint: 2800 ns, Total: 24001 ns
[3846.156s][info ][safepoint      ] Safepoint "Cleanup", Time since last: 1000118191 ns, Reaching safepoint: 11501 ns, Cleanup: 10800 ns, At safepoint: 2800 ns, Total: 25101 ns
[3847.156s][info ][safepoint      ] Safepoint "Cleanup", Time since last: 1000104391 ns, Reaching safepoint: 8100 ns, Cleanup: 14001 ns, At safepoint: 2100 ns, Total: 24201 ns
[3873.289s][info ][gc,start       ] GC(112) Pause Young (Allocation Failure)
[3873.319s][debug][gc,phases      ] GC(112) Scavenge 30.472ms
[3873.319s][debug][gc,ref         ] GC(112) ReferenceProcessor::execute queues: 1, RefProcThreadModel::Single, marks_oops_alive: false
[3873.319s][debug][gc,ref         ] GC(112) Skipped KeepAliveFinalRefsPhase of Reference Processing: no references
[3873.319s][debug][gc,ref         ] GC(112) ReferenceProcessor::execute queues: 1, RefProcThreadModel::Single, marks_oops_alive: false
[3873.320s][debug][gc,phases      ] GC(112) Reference Processing 0.156ms
[3873.320s][debug][gc,phases      ] GC(112)   VM Weak                        Min:  0.0, Avg:  0.0, Max:  0.0, Diff:  0.0, Sum:  0.0, Workers: 4
[3873.320s][debug][gc,phases      ] GC(112)     Dead                           Min: 0, Avg:  0.0, Max: 0, Diff: 0, Sum: 0, Workers: 4
[3873.320s][debug][gc,phases      ] GC(112)     Total                          Min: 0, Avg: 254.8, Max: 635, Diff: 635, Sum: 1019, Workers: 4
[3873.320s][debug][gc,phases      ] GC(112)   ObjectSynchronizer Weak        Min:  0.0, Avg:  0.0, Max:  0.0, Diff:  0.0, Sum:  0.0, Workers: 4
[3873.320s][debug][gc,phases      ] GC(112)     Dead                           Min: 0, Avg:  0.0, Max: 0, Diff: 0, Sum: 0, Workers: 4
[3873.320s][debug][gc,phases      ] GC(112)     Total                          Min: 0, Avg:  1.0, Max: 4, Diff: 4, Sum: 4, Workers: 4
[3873.320s][debug][gc,phases      ] GC(112)   JVMTI Tag Weak OopStorage      Min:  0.0, Avg:  0.0, Max:  0.0, Diff:  0.0, Sum:  0.0, Workers: 4
[3873.320s][debug][gc,phases      ] GC(112)     Dead                           Min: 0, Avg:  0.0, Max: 0, Diff: 0, Sum: 0, Workers: 4
[3873.320s][debug][gc,phases      ] GC(112)     Total                          Min: 0, Avg:  0.0, Max: 0, Diff: 0, Sum: 0, Workers: 4
[3873.320s][debug][gc,phases      ] GC(112)   StringTable Weak               Min:  0.0, Avg:  0.1, Max:  0.2, Diff:  0.2, Sum:  0.5, Workers: 4
[3873.320s][debug][gc,phases      ] GC(112)     Dead                           Min: 0, Avg:  0.0, Max: 0, Diff: 0, Sum: 0, Workers: 4
[3873.320s][debug][gc,phases      ] GC(112)     Total                          Min: 0, Avg: 12333.0, Max: 17781, Diff: 17781, Sum: 49332, Workers: 4
[3873.320s][debug][gc,phases      ] GC(112)   ResolvedMethodTable Weak       Min:  0.0, Avg:  0.0, Max:  0.0, Diff:  0.0, Sum:  0.1, Workers: 4
[3873.320s][debug][gc,phases      ] GC(112)     Dead                           Min: 0, Avg:  0.0, Max: 0, Diff: 0, Sum: 0, Workers: 4
[3873.320s][debug][gc,phases      ] GC(112)     Total                          Min: 0, Avg: 3502.8, Max: 4798, Diff: 4798, Sum: 14011, Workers: 4
[3873.320s][debug][gc,phases      ] GC(112)   JNI Weak                       Min:  0.0, Avg:  0.0, Max:  0.0, Diff:  0.0, Sum:  0.0, Workers: 4
[3873.320s][debug][gc,phases      ] GC(112)     Dead                           Min: 0, Avg:  0.0, Max: 0, Diff: 0, Sum: 0, Workers: 4
[3873.320s][debug][gc,phases      ] GC(112)     Total                          Min: 0, Avg: 12.0, Max: 48, Diff: 48, Sum: 48, Workers: 4
[3873.320s][debug][gc,phases      ] GC(112)   StringDedup Table Weak         Min:  0.0, Avg:  0.0, Max:  0.0, Diff:  0.0, Sum:  0.0, Workers: 4
[3873.320s][debug][gc,phases      ] GC(112)     Dead                           Min: 0, Avg:  0.0, Max: 0, Diff: 0, Sum: 0, Workers: 4
[3873.320s][debug][gc,phases      ] GC(112)     Total                          Min: 0, Avg:  0.0, Max: 0, Diff: 0, Sum: 0, Workers: 4
[3873.320s][debug][gc,phases      ] GC(112)   StringDedup Requests0 Weak     Min:  0.0, Avg:  0.0, Max:  0.0, Diff:  0.0, Sum:  0.0, Workers: 4
[3873.320s][debug][gc,phases      ] GC(112)     Dead                           Min: 0, Avg:  0.0, Max: 0, Diff: 0, Sum: 0, Workers: 4
[3873.320s][debug][gc,phases      ] GC(112)     Total                          Min: 0, Avg:  0.0, Max: 0, Diff: 0, Sum: 0, Workers: 4
[3873.320s][debug][gc,phases      ] GC(112)   StringDedup Requests1 Weak     Min:  0.0, Avg:  0.0, Max:  0.0, Diff:  0.0, Sum:  0.0, Workers: 4
[3873.320s][debug][gc,phases      ] GC(112)     Dead                           Min: 0, Avg:  0.0, Max: 0, Diff: 0, Sum: 0, Workers: 4
[3873.320s][debug][gc,phases      ] GC(112)     Total                          Min: 0, Avg:  0.0, Max: 0, Diff: 0, Sum: 0, Workers: 4
[3873.320s][debug][gc,phases      ] GC(112)   Weak JFR Old Object Samples    Min:  0.0, Avg:  0.0, Max:  0.0, Diff:  0.0, Sum:  0.0, Workers: 4
[3873.320s][debug][gc,phases      ] GC(112)     Dead                           Min: 0, Avg:  0.0, Max: 0, Diff: 0, Sum: 0, Workers: 4
[3873.320s][debug][gc,phases      ] GC(112)     Total                          Min: 0, Avg:  0.0, Max: 0, Diff: 0, Sum: 0, Workers: 4
[3873.320s][debug][gc,phases      ] GC(112) Weak Processing 0.477ms
[3873.320s][debug][gc,age         ] GC(112) Desired survivor size 234356736 bytes, new threshold 15 (max threshold 15)
[3873.320s][info ][gc,heap        ] GC(112) PSYoungGen: 1765164K(1874944K)->61882K(1712640K) Eden: 1650688K(1650688K)->0K(1650688K) From: 114476K(224256K)->61882K(61952K)
[3873.320s][info ][gc,heap        ] GC(112) ParOldGen: 401747K(478720K)->452639K(478720K)
[3873.320s][info ][gc,metaspace   ] GC(112) Metaspace: 98546K(99840K)->98546K(99840K) NonClass: 84269K(84992K)->84269K(84992K) Class: 14277K(14848K)->14277K(14848K)
[3873.320s][info ][gc             ] GC(112) Pause Young (Allocation Failure) 2116M->502M(2140M) 31.291ms
[3873.320s][info ][gc,cpu         ] GC(112) User=0.11s Sys=0.00s Real=0.03s
[3873.320s][debug][gc,phases      ] GC(113) Pre Compact 0.010ms
[3873.320s][info ][gc,start       ] GC(113) Pause Full (Ergonomics)
[3873.320s][info ][gc,phases,start] GC(113) Marking Phase
[3873.424s][debug][gc,phases      ] GC(113) Par Mark 103.953ms
[3873.425s][debug][gc,ref         ] GC(113) ReferenceProcessor::execute queues: 4, RefProcThreadModel::Multi, marks_oops_alive: false
[3873.425s][debug][gc,ref         ] GC(113) Skipped KeepAliveFinalRefsPhase of Reference Processing: no references
[3873.425s][debug][gc,ref         ] GC(113) ReferenceProcessor::execute queues: 1, RefProcThreadModel::Single, marks_oops_alive: false
[3873.425s][debug][gc,phases      ] GC(113) Reference Processing 1.060ms
[3873.426s][debug][gc,phases      ] GC(113)   VM Weak                        Min:  0.0, Avg:  0.0, Max:  0.0, Diff:  0.0, Sum:  0.0, Workers: 4
[3873.426s][debug][gc,phases      ] GC(113)     Dead                           Min: 0, Avg:  0.0, Max: 0, Diff: 0, Sum: 0, Workers: 4
[3873.426s][debug][gc,phases      ] GC(113)     Total                          Min: 0, Avg: 254.8, Max: 443, Diff: 443, Sum: 1019, Workers: 4
[3873.426s][debug][gc,phases      ] GC(113)   ObjectSynchronizer Weak        Min:  0.0, Avg:  0.0, Max:  0.0, Diff:  0.0, Sum:  0.0, Workers: 4
[3873.426s][debug][gc,phases      ] GC(113)     Dead                           Min: 0, Avg:  0.0, Max: 0, Diff: 0, Sum: 0, Workers: 4
[3873.426s][debug][gc,phases      ] GC(113)     Total                          Min: 0, Avg:  1.0, Max: 4, Diff: 4, Sum: 4, Workers: 4
[3873.426s][debug][gc,phases      ] GC(113)   JVMTI Tag Weak OopStorage      Min:  0.0, Avg:  0.0, Max:  0.0, Diff:  0.0, Sum:  0.0, Workers: 4
[3873.426s][debug][gc,phases      ] GC(113)     Dead                           Min: 0, Avg:  0.0, Max: 0, Diff: 0, Sum: 0, Workers: 4
[3873.426s][debug][gc,phases      ] GC(113)     Total                          Min: 0, Avg:  0.0, Max: 0, Diff: 0, Sum: 0, Workers: 4
[3873.426s][debug][gc,phases      ] GC(113)   StringTable Weak               Min:  0.0, Avg:  0.2, Max:  0.3, Diff:  0.3, Sum:  0.8, Workers: 4
[3873.426s][debug][gc,phases      ] GC(113)     Dead                           Min: 0, Avg:  0.0, Max: 0, Diff: 0, Sum: 0, Workers: 4
[3873.426s][debug][gc,phases      ] GC(113)     Total                          Min: 0, Avg: 12333.0, Max: 18239, Diff: 18239, Sum: 49332, Workers: 4
[3873.426s][debug][gc,phases      ] GC(113)   ResolvedMethodTable Weak       Min:  0.0, Avg:  0.0, Max:  0.1, Diff:  0.1, Sum:  0.2, Workers: 4
[3873.426s][debug][gc,phases      ] GC(113)     Dead                           Min: 0, Avg:  0.0, Max: 0, Diff: 0, Sum: 0, Workers: 4
[3873.426s][debug][gc,phases      ] GC(113)     Total                          Min: 0, Avg: 3502.8, Max: 5311, Diff: 5311, Sum: 14011, Workers: 4
[3873.426s][debug][gc,phases      ] GC(113)   JNI Weak                       Min:  0.0, Avg:  0.0, Max:  0.0, Diff:  0.0, Sum:  0.0, Workers: 4
[3873.426s][debug][gc,phases      ] GC(113)     Dead                           Min: 0, Avg:  0.0, Max: 0, Diff: 0, Sum: 0, Workers: 4
[3873.426s][debug][gc,phases      ] GC(113)     Total                          Min: 0, Avg: 12.0, Max: 48, Diff: 48, Sum: 48, Workers: 4
[3873.426s][debug][gc,phases      ] GC(113)   StringDedup Table Weak         Min:  0.0, Avg:  0.0, Max:  0.0, Diff:  0.0, Sum:  0.0, Workers: 4
[3873.426s][debug][gc,phases      ] GC(113)     Dead                           Min: 0, Avg:  0.0, Max: 0, Diff: 0, Sum: 0, Workers: 4
[3873.426s][debug][gc,phases      ] GC(113)     Total                          Min: 0, Avg:  0.0, Max: 0, Diff: 0, Sum: 0, Workers: 4
[3873.426s][debug][gc,phases      ] GC(113)   StringDedup Requests0 Weak     Min:  0.0, Avg:  0.0, Max:  0.0, Diff:  0.0, Sum:  0.0, Workers: 4
[3873.426s][debug][gc,phases      ] GC(113)     Dead                           Min: 0, Avg:  0.0, Max: 0, Diff: 0, Sum: 0, Workers: 4
[3873.426s][debug][gc,phases      ] GC(113)     Total                          Min: 0, Avg:  0.0, Max: 0, Diff: 0, Sum: 0, Workers: 4
[3873.426s][debug][gc,phases      ] GC(113)   StringDedup Requests1 Weak     Min:  0.0, Avg:  0.0, Max:  0.0, Diff:  0.0, Sum:  0.0, Workers: 4
[3873.426s][debug][gc,phases      ] GC(113)     Dead                           Min: 0, Avg:  0.0, Max: 0, Diff: 0, Sum: 0, Workers: 4
[3873.426s][debug][gc,phases      ] GC(113)     Total                          Min: 0, Avg:  0.0, Max: 0, Diff: 0, Sum: 0, Workers: 4
[3873.426s][debug][gc,phases      ] GC(113)   Weak JFR Old Object Samples    Min:  0.0, Avg:  0.0, Max:  0.0, Diff:  0.0, Sum:  0.0, Workers: 4
[3873.426s][debug][gc,phases      ] GC(113)     Dead                           Min: 0, Avg:  0.0, Max: 0, Diff: 0, Sum: 0, Workers: 4
[3873.426s][debug][gc,phases      ] GC(113)     Total                          Min: 0, Avg:  0.0, Max: 0, Diff: 0, Sum: 0, Workers: 4
[3873.426s][debug][gc,phases      ] GC(113) Weak Processing 0.611ms
[3873.426s][debug][gc,phases      ] GC(113) ClassLoaderData 0.161ms
[3873.426s][debug][gc,phases      ] GC(113) Trigger cleanups 0.000ms
[3873.461s][debug][gc,phases      ] GC(113) Class Unloading 35.060ms
[3873.461s][debug][gc,phases      ] GC(113) Report Object Count 0.002ms
[3873.461s][info ][gc,phases      ] GC(113) Marking Phase 140.801ms
[3873.461s][info ][gc,phases,start] GC(113) Summary Phase
[3873.461s][info ][gc,phases      ] GC(113) Summary Phase 0.019ms
[3873.461s][info ][gc,phases,start] GC(113) Adjust Roots
[3873.476s][info ][gc,phases      ] GC(113) Adjust Roots 15.173ms
[3873.476s][info ][gc,phases,start] GC(113) Compaction Phase
[3873.550s][info ][gc,phases      ] GC(113) Compaction Phase 74.090ms
[3873.550s][info ][gc,phases,start] GC(113) Post Compact
[3873.553s][info ][gc,phases      ] GC(113) Post Compact 2.204ms
[3873.553s][info ][gc,heap        ] GC(113) PSYoungGen: 61882K(1712640K)->0K(1868288K) Eden: 0K(1650688K)->0K(1639424K) From: 61882K(61952K)->0K(228864K)
[3873.553s][info ][gc,heap        ] GC(113) ParOldGen: 452639K(478720K)->297164K(435712K)
[3873.553s][info ][gc,metaspace   ] GC(113) Metaspace: 98546K(99840K)->98546K(99840K) NonClass: 84269K(84992K)->84269K(84992K) Class: 14277K(14848K)->14277K(14848K)
[3873.553s][info ][gc             ] GC(113) Pause Full (Ergonomics) 502M->290M(2250M) 233.103ms
[3873.553s][info ][gc,cpu         ] GC(113) User=0.70s Sys=0.00s Real=0.23s
[3873.554s][info ][safepoint      ] Safepoint "ParallelGCFailedAllocation", Time since last: 26132408545 ns, Reaching safepoint: 8601 ns, Cleanup: 4400 ns, At safepoint: 264950106 ns, Total: 264963107 ns
[3883.554s][info ][safepoint      ] Safepoint "Cleanup", Time since last: 10000700225 ns, Reaching safepoint: 7601 ns, Cleanup: 36702 ns, At safepoint: 27401 ns, Total: 71704 ns
[3884.555s][info ][safepoint      ] Safepoint "Cleanup", Time since last: 1000115305 ns, Reaching safepoint: 9901 ns, Cleanup: 12700 ns, At safepoint: 6601 ns, Total: 29202 ns
[3895.555s][info ][safepoint      ] Safepoint "Cleanup", Time since last: 11000742849 ns, Reaching safepoint: 11301 ns, Cleanup: 26701 ns, At safepoint: 3800 ns, Total: 41802 ns
[3903.172s][info ][safepoint      ] Safepoint "Cleanup", Time since last: 7616492084 ns, Reaching safepoint: 12001 ns, Cleanup: 13500 ns, At safepoint: 3300 ns, Total: 28801 ns
[3906.172s][info ][safepoint      ] Safepoint "Cleanup", Time since last: 3000205805 ns, Reaching safepoint: 13201 ns, Cleanup: 16800 ns, At safepoint: 11701 ns, Total: 41702 ns
[3908.172s][info ][safepoint      ] Safepoint "Cleanup", Time since last: 2000187482 ns, Reaching safepoint: 19301 ns, Cleanup: 13300 ns, At safepoint: 7400 ns, Total: 40001 ns
[3913.173s][info ][safepoint      ] Safepoint "Cleanup", Time since last: 5000395152 ns, Reaching safepoint: 8500 ns, Cleanup: 25701 ns, At safepoint: 2200 ns, Total: 36401 ns
[3937.174s][info ][safepoint      ] Safepoint "Cleanup", Time since last: 24001569207 ns, Reaching safepoint: 9300 ns, Cleanup: 11701 ns, At safepoint: 2900 ns, Total: 23901 ns
[3938.667s][info ][gc,start       ] GC(114) Pause Young (Allocation Failure)
[3938.675s][debug][gc,phases      ] GC(114) Scavenge 7.938ms
[3938.676s][debug][gc,ref         ] GC(114) ReferenceProcessor::execute queues: 1, RefProcThreadModel::Single, marks_oops_alive: false
[3938.676s][debug][gc,ref         ] GC(114) Skipped KeepAliveFinalRefsPhase of Reference Processing: no references
[3938.676s][debug][gc,ref         ] GC(114) ReferenceProcessor::execute queues: 1, RefProcThreadModel::Single, marks_oops_alive: false
[3938.676s][debug][gc,phases      ] GC(114) Reference Processing 0.123ms
[3938.676s][debug][gc,phases      ] GC(114)   VM Weak                        Min:  0.0, Avg:  0.0, Max:  0.0, Diff:  0.0, Sum:  0.0, Workers: 4
[3938.676s][debug][gc,phases      ] GC(114)     Dead                           Min: 0, Avg:  0.0, Max: 0, Diff: 0, Sum: 0, Workers: 4
[3938.676s][debug][gc,phases      ] GC(114)     Total                          Min: 0, Avg: 254.8, Max: 635, Diff: 635, Sum: 1019, Workers: 4
[3938.676s][debug][gc,phases      ] GC(114)   ObjectSynchronizer Weak        Min:  0.0, Avg:  0.0, Max:  0.0, Diff:  0.0, Sum:  0.0, Workers: 4
[3938.676s][debug][gc,phases      ] GC(114)     Dead                           Min: 0, Avg:  0.0, Max: 0, Diff: 0, Sum: 0, Workers: 4
[3938.676s][debug][gc,phases      ] GC(114)     Total                          Min: 0, Avg:  1.0, Max: 4, Diff: 4, Sum: 4, Workers: 4
[3938.676s][debug][gc,phases      ] GC(114)   JVMTI Tag Weak OopStorage      Min:  0.0, Avg:  0.0, Max:  0.0, Diff:  0.0, Sum:  0.0, Workers: 4
[3938.676s][debug][gc,phases      ] GC(114)     Dead                           Min: 0, Avg:  0.0, Max: 0, Diff: 0, Sum: 0, Workers: 4
[3938.676s][debug][gc,phases      ] GC(114)     Total                          Min: 0, Avg:  0.0, Max: 0, Diff: 0, Sum: 0, Workers: 4
[3938.676s][debug][gc,phases      ] GC(114)   StringTable Weak               Min:  0.0, Avg:  0.1, Max:  0.2, Diff:  0.2, Sum:  0.5, Workers: 4
[3938.676s][debug][gc,phases      ] GC(114)     Dead                           Min: 0, Avg:  0.0, Max: 0, Diff: 0, Sum: 0, Workers: 4
[3938.676s][debug][gc,phases      ] GC(114)     Total                          Min: 0, Avg: 12333.2, Max: 17142, Diff: 17142, Sum: 49333, Workers: 4
[3938.676s][debug][gc,phases      ] GC(114)   ResolvedMethodTable Weak       Min:  0.0, Avg:  0.0, Max:  0.0, Diff:  0.0, Sum:  0.1, Workers: 4
[3938.676s][debug][gc,phases      ] GC(114)     Dead                           Min: 0, Avg:  0.0, Max: 0, Diff: 0, Sum: 0, Workers: 4
[3938.676s][debug][gc,phases      ] GC(114)     Total                          Min: 0, Avg: 3502.8, Max: 4863, Diff: 4863, Sum: 14011, Workers: 4
[3938.676s][debug][gc,phases      ] GC(114)   JNI Weak                       Min:  0.0, Avg:  0.0, Max:  0.0, Diff:  0.0, Sum:  0.0, Workers: 4
[3938.676s][debug][gc,phases      ] GC(114)     Dead                           Min: 0, Avg:  0.0, Max: 0, Diff: 0, Sum: 0, Workers: 4
[3938.676s][debug][gc,phases      ] GC(114)     Total                          Min: 0, Avg: 12.0, Max: 48, Diff: 48, Sum: 48, Workers: 4
[3938.676s][debug][gc,phases      ] GC(114)   StringDedup Table Weak         Min:  0.0, Avg:  0.0, Max:  0.0, Diff:  0.0, Sum:  0.0, Workers: 4
[3938.676s][debug][gc,phases      ] GC(114)     Dead                           Min: 0, Avg:  0.0, Max: 0, Diff: 0, Sum: 0, Workers: 4
[3938.676s][debug][gc,phases      ] GC(114)     Total                          Min: 0, Avg:  0.0, Max: 0, Diff: 0, Sum: 0, Workers: 4
[3938.676s][debug][gc,phases      ] GC(114)   StringDedup Requests0 Weak     Min:  0.0, Avg:  0.0, Max:  0.0, Diff:  0.0, Sum:  0.0, Workers: 4
[3938.676s][debug][gc,phases      ] GC(114)     Dead                           Min: 0, Avg:  0.0, Max: 0, Diff: 0, Sum: 0, Workers: 4
[3938.676s][debug][gc,phases      ] GC(114)     Total                          Min: 0, Avg:  0.0, Max: 0, Diff: 0, Sum: 0, Workers: 4
[3938.676s][debug][gc,phases      ] GC(114)   StringDedup Requests1 Weak     Min:  0.0, Avg:  0.0, Max:  0.0, Diff:  0.0, Sum:  0.0, Workers: 4
[3938.676s][debug][gc,phases      ] GC(114)     Dead                           Min: 0, Avg:  0.0, Max: 0, Diff: 0, Sum: 0, Workers: 4
[3938.676s][debug][gc,phases      ] GC(114)     Total                          Min: 0, Avg:  0.0, Max: 0, Diff: 0, Sum: 0, Workers: 4
[3938.676s][debug][gc,phases      ] GC(114)   Weak JFR Old Object Samples    Min:  0.0, Avg:  0.0, Max:  0.0, Diff:  0.0, Sum:  0.0, Workers: 4
[3938.676s][debug][gc,phases      ] GC(114)     Dead                           Min: 0, Avg:  0.0, Max: 0, Diff: 0, Sum: 0, Workers: 4
[3938.676s][debug][gc,phases      ] GC(114)     Total                          Min: 0, Avg:  0.0, Max: 0, Diff: 0, Sum: 0, Workers: 4
[3938.676s][debug][gc,phases      ] GC(114) Weak Processing 0.467ms
[3938.676s][debug][gc,age         ] GC(114) Desired survivor size 243793920 bytes, new threshold 15 (max threshold 15)
[3938.676s][info ][gc,heap        ] GC(114) PSYoungGen: 1639424K(1868288K)->25271K(1665024K) Eden: 1639424K(1639424K)->0K(1639424K) From: 0K(228864K)->25271K(25600K)
[3938.676s][info ][gc,heap        ] GC(114) ParOldGen: 297164K(435712K)->297164K(435712K)
[3938.676s][info ][gc,metaspace   ] GC(114) Metaspace: 98565K(99840K)->98565K(99840K) NonClass: 84287K(84992K)->84287K(84992K) Class: 14278K(14848K)->14278K(14848K)
[3938.676s][info ][gc             ] GC(114) Pause Young (Allocation Failure) 1891M->314M(2051M) 8.673ms
[3938.676s][info ][gc,cpu         ] GC(114) User=0.02s Sys=0.01s Real=0.00s
[3938.676s][info ][safepoint      ] Safepoint "ParallelGCFailedAllocation", Time since last: 1492980837 ns, Reaching safepoint: 10201 ns, Cleanup: 4100 ns, At safepoint: 8774753 ns, Total: 8789054 ns
[3944.677s][info ][safepoint      ] Safepoint "Cleanup", Time since last: 6000433219 ns, Reaching safepoint: 7900 ns, Cleanup: 10500 ns, At safepoint: 2901 ns, Total: 21301 ns
[3946.677s][info ][safepoint      ] Safepoint "Cleanup", Time since last: 2000172375 ns, Reaching safepoint: 8300 ns, Cleanup: 9801 ns, At safepoint: 2600 ns, Total: 20701 ns
[3952.677s][info ][safepoint      ] Safepoint "Cleanup", Time since last: 6000425389 ns, Reaching safepoint: 7600 ns, Cleanup: 9300 ns, At safepoint: 2401 ns, Total: 19301 ns
[3953.677s][info ][safepoint      ] Safepoint "Cleanup", Time since last: 1000106161 ns, Reaching safepoint: 8701 ns, Cleanup: 9900 ns, At safepoint: 2900 ns, Total: 21501 ns
[3956.678s][info ][safepoint      ] Safepoint "Cleanup", Time since last: 3000209192 ns, Reaching safepoint: 8101 ns, Cleanup: 12500 ns, At safepoint: 2100 ns, Total: 22701 ns
[3980.189s][info ][safepoint      ] Safepoint "Cleanup", Time since last: 23511407368 ns, Reaching safepoint: 8000 ns, Cleanup: 12401 ns, At safepoint: 2500 ns, Total: 22901 ns
[3992.334s][info ][gc,start       ] GC(115) Pause Young (Allocation Failure)
[3992.343s][debug][gc,phases      ] GC(115) Scavenge 9.057ms
[3992.343s][debug][gc,ref         ] GC(115) ReferenceProcessor::execute queues: 1, RefProcThreadModel::Single, marks_oops_alive: false
[3992.343s][debug][gc,ref         ] GC(115) Skipped KeepAliveFinalRefsPhase of Reference Processing: no references
[3992.343s][debug][gc,ref         ] GC(115) ReferenceProcessor::execute queues: 1, RefProcThreadModel::Single, marks_oops_alive: false
[3992.343s][debug][gc,phases      ] GC(115) Reference Processing 0.134ms
[3992.343s][debug][gc,phases      ] GC(115)   VM Weak                        Min:  0.0, Avg:  0.0, Max:  0.0, Diff:  0.0, Sum:  0.0, Workers: 4
[3992.343s][debug][gc,phases      ] GC(115)     Dead                           Min: 0, Avg:  0.0, Max: 0, Diff: 0, Sum: 0, Workers: 4
[3992.343s][debug][gc,phases      ] GC(115)     Total                          Min: 0, Avg: 254.8, Max: 640, Diff: 640, Sum: 1019, Workers: 4
[3992.343s][debug][gc,phases      ] GC(115)   ObjectSynchronizer Weak        Min:  0.0, Avg:  0.0, Max:  0.0, Diff:  0.0, Sum:  0.0, Workers: 4
[3992.343s][debug][gc,phases      ] GC(115)     Dead                           Min: 0, Avg:  0.0, Max: 0, Diff: 0, Sum: 0, Workers: 4
[3992.343s][debug][gc,phases      ] GC(115)     Total                          Min: 0, Avg:  1.0, Max: 4, Diff: 4, Sum: 4, Workers: 4
[3992.343s][debug][gc,phases      ] GC(115)   JVMTI Tag Weak OopStorage      Min:  0.0, Avg:  0.0, Max:  0.0, Diff:  0.0, Sum:  0.0, Workers: 4
[3992.343s][debug][gc,phases      ] GC(115)     Dead                           Min: 0, Avg:  0.0, Max: 0, Diff: 0, Sum: 0, Workers: 4
[3992.343s][debug][gc,phases      ] GC(115)     Total                          Min: 0, Avg:  0.0, Max: 0, Diff: 0, Sum: 0, Workers: 4
[3992.343s][debug][gc,phases      ] GC(115)   StringTable Weak               Min:  0.0, Avg:  0.1, Max:  0.2, Diff:  0.2, Sum:  0.5, Workers: 4
[3992.343s][debug][gc,phases      ] GC(115)     Dead                           Min: 0, Avg:  0.0, Max: 0, Diff: 0, Sum: 0, Workers: 4
[3992.343s][debug][gc,phases      ] GC(115)     Total                          Min: 0, Avg: 12334.5, Max: 17787, Diff: 17787, Sum: 49338, Workers: 4
[3992.343s][debug][gc,phases      ] GC(115)   ResolvedMethodTable Weak       Min:  0.0, Avg:  0.0, Max:  0.0, Diff:  0.0, Sum:  0.1, Workers: 4
[3992.343s][debug][gc,phases      ] GC(115)     Dead                           Min: 0, Avg:  0.0, Max: 0, Diff: 0, Sum: 0, Workers: 4
[3992.343s][debug][gc,phases      ] GC(115)     Total                          Min: 0, Avg: 3502.8, Max: 4927, Diff: 4927, Sum: 14011, Workers: 4
[3992.343s][debug][gc,phases      ] GC(115)   JNI Weak                       Min:  0.0, Avg:  0.0, Max:  0.0, Diff:  0.0, Sum:  0.0, Workers: 4
[3992.343s][debug][gc,phases      ] GC(115)     Dead                           Min: 0, Avg:  0.0, Max: 0, Diff: 0, Sum: 0, Workers: 4
[3992.343s][debug][gc,phases      ] GC(115)     Total                          Min: 0, Avg: 12.0, Max: 48, Diff: 48, Sum: 48, Workers: 4
[3992.343s][debug][gc,phases      ] GC(115)   StringDedup Table Weak         Min:  0.0, Avg:  0.0, Max:  0.0, Diff:  0.0, Sum:  0.0, Workers: 4
[3992.343s][debug][gc,phases      ] GC(115)     Dead                           Min: 0, Avg:  0.0, Max: 0, Diff: 0, Sum: 0, Workers: 4
[3992.343s][debug][gc,phases      ] GC(115)     Total                          Min: 0, Avg:  0.0, Max: 0, Diff: 0, Sum: 0, Workers: 4
[3992.343s][debug][gc,phases      ] GC(115)   StringDedup Requests0 Weak     Min:  0.0, Avg:  0.0, Max:  0.0, Diff:  0.0, Sum:  0.0, Workers: 4
[3992.343s][debug][gc,phases      ] GC(115)     Dead                           Min: 0, Avg:  0.0, Max: 0, Diff: 0, Sum: 0, Workers: 4
[3992.343s][debug][gc,phases      ] GC(115)     Total                          Min: 0, Avg:  0.0, Max: 0, Diff: 0, Sum: 0, Workers: 4
[3992.343s][debug][gc,phases      ] GC(115)   StringDedup Requests1 Weak     Min:  0.0, Avg:  0.0, Max:  0.0, Diff:  0.0, Sum:  0.0, Workers: 4
[3992.343s][debug][gc,phases      ] GC(115)     Dead                           Min: 0, Avg:  0.0, Max: 0, Diff: 0, Sum: 0, Workers: 4
[3992.343s][debug][gc,phases      ] GC(115)     Total                          Min: 0, Avg:  0.0, Max: 0, Diff: 0, Sum: 0, Workers: 4
[3992.343s][debug][gc,phases      ] GC(115)   Weak JFR Old Object Samples    Min:  0.0, Avg:  0.0, Max:  0.0, Diff:  0.0, Sum:  0.0, Workers: 4
[3992.343s][debug][gc,phases      ] GC(115)     Dead                           Min: 0, Avg:  0.0, Max: 0, Diff: 0, Sum: 0, Workers: 4
[3992.343s][debug][gc,phases      ] GC(115)     Total                          Min: 0, Avg:  0.0, Max: 0, Diff: 0, Sum: 0, Workers: 4
[3992.343s][debug][gc,phases      ] GC(115) Weak Processing 0.501ms
[3992.343s][debug][gc,age         ] GC(115) Desired survivor size 248512512 bytes, new threshold 15 (max threshold 15)
[3992.343s][info ][gc,heap        ] GC(115) PSYoungGen: 1664695K(1665024K)->33737K(1849856K) Eden: 1639424K(1639424K)->0K(1611776K) From: 25271K(25600K)->33737K(238080K)
[3992.343s][info ][gc,heap        ] GC(115) ParOldGen: 297164K(435712K)->297172K(435712K)
[3992.343s][info ][gc,metaspace   ] GC(115) Metaspace: 98606K(99904K)->98606K(99904K) NonClass: 84328K(85056K)->84328K(85056K) Class: 14278K(14848K)->14278K(14848K)
[3992.343s][info ][gc             ] GC(115) Pause Young (Allocation Failure) 1915M->323M(2232M) 9.851ms
[3992.343s][info ][gc,cpu         ] GC(115) User=0.02s Sys=0.00s Real=0.01s
[3992.344s][info ][safepoint      ] Safepoint "ParallelGCFailedAllocation", Time since last: 12144437959 ns, Reaching safepoint: 85903 ns, Cleanup: 3900 ns, At safepoint: 9944905 ns, Total: 10034708 ns
[3999.344s][info ][safepoint      ] Safepoint "Cleanup", Time since last: 7000452763 ns, Reaching safepoint: 8000 ns, Cleanup: 11201 ns, At safepoint: 2700 ns, Total: 21901 ns
[4052.584s][info ][gc,start       ] GC(116) Pause Young (Allocation Failure)
[4052.590s][debug][gc,phases      ] GC(116) Scavenge 6.446ms
[4052.590s][debug][gc,ref         ] GC(116) ReferenceProcessor::execute queues: 1, RefProcThreadModel::Single, marks_oops_alive: false
[4052.590s][debug][gc,ref         ] GC(116) Skipped KeepAliveFinalRefsPhase of Reference Processing: no references
[4052.590s][debug][gc,ref         ] GC(116) ReferenceProcessor::execute queues: 1, RefProcThreadModel::Single, marks_oops_alive: false
[4052.590s][debug][gc,phases      ] GC(116) Reference Processing 0.211ms
[4052.591s][debug][gc,phases      ] GC(116)   VM Weak                        Min:  0.0, Avg:  0.0, Max:  0.0, Diff:  0.0, Sum:  0.0, Workers: 4
[4052.591s][debug][gc,phases      ] GC(116)     Dead                           Min: 0, Avg:  0.0, Max: 0, Diff: 0, Sum: 0, Workers: 4
[4052.591s][debug][gc,phases      ] GC(116)     Total                          Min: 0, Avg: 254.8, Max: 443, Diff: 443, Sum: 1019, Workers: 4
[4052.591s][debug][gc,phases      ] GC(116)   ObjectSynchronizer Weak        Min:  0.0, Avg:  0.0, Max:  0.0, Diff:  0.0, Sum:  0.0, Workers: 4
[4052.591s][debug][gc,phases      ] GC(116)     Dead                           Min: 0, Avg:  0.0, Max: 0, Diff: 0, Sum: 0, Workers: 4
[4052.591s][debug][gc,phases      ] GC(116)     Total                          Min: 0, Avg:  0.8, Max: 3, Diff: 3, Sum: 3, Workers: 4
[4052.591s][debug][gc,phases      ] GC(116)   JVMTI Tag Weak OopStorage      Min:  0.0, Avg:  0.0, Max:  0.0, Diff:  0.0, Sum:  0.0, Workers: 4
[4052.591s][debug][gc,phases      ] GC(116)     Dead                           Min: 0, Avg:  0.0, Max: 0, Diff: 0, Sum: 0, Workers: 4
[4052.591s][debug][gc,phases      ] GC(116)     Total                          Min: 0, Avg:  0.0, Max: 0, Diff: 0, Sum: 0, Workers: 4
[4052.591s][debug][gc,phases      ] GC(116)   StringTable Weak               Min:  0.0, Avg:  0.1, Max:  0.2, Diff:  0.2, Sum:  0.5, Workers: 4
[4052.591s][debug][gc,phases      ] GC(116)     Dead                           Min: 0, Avg:  0.0, Max: 0, Diff: 0, Sum: 0, Workers: 4
[4052.591s][debug][gc,phases      ] GC(116)     Total                          Min: 0, Avg: 12335.0, Max: 17024, Diff: 17024, Sum: 49340, Workers: 4
[4052.591s][debug][gc,phases      ] GC(116)   ResolvedMethodTable Weak       Min:  0.0, Avg:  0.0, Max:  0.0, Diff:  0.0, Sum:  0.1, Workers: 4
[4052.591s][debug][gc,phases      ] GC(116)     Dead                           Min: 0, Avg:  0.0, Max: 0, Diff: 0, Sum: 0, Workers: 4
[4052.591s][debug][gc,phases      ] GC(116)     Total                          Min: 0, Avg: 3503.2, Max: 4991, Diff: 4991, Sum: 14013, Workers: 4
[4052.591s][debug][gc,phases      ] GC(116)   JNI Weak                       Min:  0.0, Avg:  0.0, Max:  0.0, Diff:  0.0, Sum:  0.0, Workers: 4
[4052.591s][debug][gc,phases      ] GC(116)     Dead                           Min: 0, Avg:  0.0, Max: 0, Diff: 0, Sum: 0, Workers: 4
[4052.591s][debug][gc,phases      ] GC(116)     Total                          Min: 0, Avg: 12.0, Max: 48, Diff: 48, Sum: 48, Workers: 4
[4052.591s][debug][gc,phases      ] GC(116)   StringDedup Table Weak         Min:  0.0, Avg:  0.0, Max:  0.0, Diff:  0.0, Sum:  0.0, Workers: 4
[4052.591s][debug][gc,phases      ] GC(116)     Dead                           Min: 0, Avg:  0.0, Max: 0, Diff: 0, Sum: 0, Workers: 4
[4052.591s][debug][gc,phases      ] GC(116)     Total                          Min: 0, Avg:  0.0, Max: 0, Diff: 0, Sum: 0, Workers: 4
[4052.591s][debug][gc,phases      ] GC(116)   StringDedup Requests0 Weak     Min:  0.0, Avg:  0.0, Max:  0.0, Diff:  0.0, Sum:  0.0, Workers: 4
[4052.591s][debug][gc,phases      ] GC(116)     Dead                           Min: 0, Avg:  0.0, Max: 0, Diff: 0, Sum: 0, Workers: 4
[4052.591s][debug][gc,phases      ] GC(116)     Total                          Min: 0, Avg:  0.0, Max: 0, Diff: 0, Sum: 0, Workers: 4
[4052.591s][debug][gc,phases      ] GC(116)   StringDedup Requests1 Weak     Min:  0.0, Avg:  0.0, Max:  0.0, Diff:  0.0, Sum:  0.0, Workers: 4
[4052.591s][debug][gc,phases      ] GC(116)     Dead                           Min: 0, Avg:  0.0, Max: 0, Diff: 0, Sum: 0, Workers: 4
[4052.591s][debug][gc,phases      ] GC(116)     Total                          Min: 0, Avg:  0.0, Max: 0, Diff: 0, Sum: 0, Workers: 4
[4052.591s][debug][gc,phases      ] GC(116)   Weak JFR Old Object Samples    Min:  0.0, Avg:  0.0, Max:  0.0, Diff:  0.0, Sum:  0.0, Workers: 4
[4052.591s][debug][gc,phases      ] GC(116)     Dead                           Min: 0, Avg:  0.0, Max: 0, Diff: 0, Sum: 0, Workers: 4
[4052.591s][debug][gc,phases      ] GC(116)     Total                          Min: 0, Avg:  0.0, Max: 0, Diff: 0, Sum: 0, Workers: 4
[4052.591s][debug][gc,phases      ] GC(116) Weak Processing 0.461ms
[4052.591s][debug][gc,age         ] GC(116) Desired survivor size 251133952 bytes, new threshold 15 (max threshold 15)
[4052.591s][info ][gc,heap        ] GC(116) PSYoungGen: 1645513K(1849856K)->27591K(1639424K) Eden: 1611776K(1611776K)->0K(1611776K) From: 33737K(238080K)->27591K(27648K)
[4052.591s][info ][gc,heap        ] GC(116) ParOldGen: 297172K(435712K)->297172K(435712K)
[4052.591s][info ][gc,metaspace   ] GC(116) Metaspace: 98613K(99904K)->98613K(99904K) NonClass: 84334K(85056K)->84334K(85056K) Class: 14279K(14848K)->14279K(14848K)
[4052.591s][info ][gc             ] GC(116) Pause Young (Allocation Failure) 1897M->317M(2026M) 7.271ms
[4052.591s][info ][gc,cpu         ] GC(116) User=0.03s Sys=0.00s Real=0.01s
[4052.591s][info ][safepoint      ] Safepoint "ParallelGCFailedAllocation", Time since last: 53239461380 ns, Reaching safepoint: 88603 ns, Cleanup: 4300 ns, At safepoint: 7389733 ns, Total: 7482636 ns
[4060.592s][info ][safepoint      ] Safepoint "Cleanup", Time since last: 8000568041 ns, Reaching safepoint: 7900 ns, Cleanup: 10400 ns, At safepoint: 2701 ns, Total: 21001 ns
[4062.592s][info ][safepoint      ] Safepoint "Cleanup", Time since last: 2000178741 ns, Reaching safepoint: 8500 ns, Cleanup: 15301 ns, At safepoint: 2500 ns, Total: 26301 ns
[4063.592s][info ][safepoint      ] Safepoint "Cleanup", Time since last: 1000113671 ns, Reaching safepoint: 9101 ns, Cleanup: 10900 ns, At safepoint: 2500 ns, Total: 22501 ns
[4071.592s][info ][safepoint      ] Safepoint "Cleanup", Time since last: 8000562556 ns, Reaching safepoint: 7801 ns, Cleanup: 10000 ns, At safepoint: 2700 ns, Total: 20501 ns
[4075.593s][info ][safepoint      ] Safepoint "Cleanup", Time since last: 4000297531 ns, Reaching safepoint: 8501 ns, Cleanup: 11100 ns, At safepoint: 2500 ns, Total: 22101 ns
[4097.221s][info ][safepoint      ] Safepoint "Cleanup", Time since last: 21627999357 ns, Reaching safepoint: 9400 ns, Cleanup: 11900 ns, At safepoint: 2500 ns, Total: 23800 ns
[4105.221s][info ][safepoint      ] Safepoint "Cleanup", Time since last: 8000524248 ns, Reaching safepoint: 12000 ns, Cleanup: 12000 ns, At safepoint: 3201 ns, Total: 27201 ns
[4107.222s][info ][safepoint      ] Safepoint "Cleanup", Time since last: 2000203803 ns, Reaching safepoint: 12301 ns, Cleanup: 11600 ns, At safepoint: 3200 ns, Total: 27101 ns
[4111.484s][info ][gc,start       ] GC(117) Pause Young (Allocation Failure)
[4111.492s][debug][gc,phases      ] GC(117) Scavenge 8.510ms
[4111.493s][debug][gc,ref         ] GC(117) ReferenceProcessor::execute queues: 1, RefProcThreadModel::Single, marks_oops_alive: false
[4111.493s][debug][gc,ref         ] GC(117) Skipped KeepAliveFinalRefsPhase of Reference Processing: no references
[4111.493s][debug][gc,ref         ] GC(117) ReferenceProcessor::execute queues: 1, RefProcThreadModel::Single, marks_oops_alive: false
[4111.493s][debug][gc,phases      ] GC(117) Reference Processing 0.137ms
[4111.493s][debug][gc,phases      ] GC(117)   VM Weak                        Min:  0.0, Avg:  0.0, Max:  0.0, Diff:  0.0, Sum:  0.0, Workers: 4
[4111.493s][debug][gc,phases      ] GC(117)     Dead                           Min: 0, Avg:  0.0, Max: 0, Diff: 0, Sum: 0, Workers: 4
[4111.493s][debug][gc,phases      ] GC(117)     Total                          Min: 0, Avg: 254.8, Max: 507, Diff: 507, Sum: 1019, Workers: 4
[4111.493s][debug][gc,phases      ] GC(117)   ObjectSynchronizer Weak        Min:  0.0, Avg:  0.0, Max:  0.0, Diff:  0.0, Sum:  0.0, Workers: 4
[4111.493s][debug][gc,phases      ] GC(117)     Dead                           Min: 0, Avg:  0.0, Max: 0, Diff: 0, Sum: 0, Workers: 4
[4111.493s][debug][gc,phases      ] GC(117)     Total                          Min: 0, Avg:  1.0, Max: 4, Diff: 4, Sum: 4, Workers: 4
[4111.493s][debug][gc,phases      ] GC(117)   JVMTI Tag Weak OopStorage      Min:  0.0, Avg:  0.0, Max:  0.0, Diff:  0.0, Sum:  0.0, Workers: 4
[4111.493s][debug][gc,phases      ] GC(117)     Dead                           Min: 0, Avg:  0.0, Max: 0, Diff: 0, Sum: 0, Workers: 4
[4111.493s][debug][gc,phases      ] GC(117)     Total                          Min: 0, Avg:  0.0, Max: 0, Diff: 0, Sum: 0, Workers: 4
[4111.493s][debug][gc,phases      ] GC(117)   StringTable Weak               Min:  0.0, Avg:  0.1, Max:  0.2, Diff:  0.2, Sum:  0.5, Workers: 4
[4111.493s][debug][gc,phases      ] GC(117)     Dead                           Min: 0, Avg:  0.0, Max: 0, Diff: 0, Sum: 0, Workers: 4
[4111.493s][debug][gc,phases      ] GC(117)     Total                          Min: 0, Avg: 12335.8, Max: 17664, Diff: 17664, Sum: 49343, Workers: 4
[4111.493s][debug][gc,phases      ] GC(117)   ResolvedMethodTable Weak       Min:  0.0, Avg:  0.0, Max:  0.0, Diff:  0.0, Sum:  0.1, Workers: 4
[4111.493s][debug][gc,phases      ] GC(117)     Dead                           Min: 0, Avg:  0.0, Max: 0, Diff: 0, Sum: 0, Workers: 4
[4111.493s][debug][gc,phases      ] GC(117)     Total                          Min: 0, Avg: 3503.2, Max: 4798, Diff: 4798, Sum: 14013, Workers: 4
[4111.493s][debug][gc,phases      ] GC(117)   JNI Weak                       Min:  0.0, Avg:  0.0, Max:  0.0, Diff:  0.0, Sum:  0.0, Workers: 4
[4111.493s][debug][gc,phases      ] GC(117)     Dead                           Min: 0, Avg:  0.0, Max: 0, Diff: 0, Sum: 0, Workers: 4
[4111.493s][debug][gc,phases      ] GC(117)     Total                          Min: 0, Avg: 12.0, Max: 48, Diff: 48, Sum: 48, Workers: 4
[4111.493s][debug][gc,phases      ] GC(117)   StringDedup Table Weak         Min:  0.0, Avg:  0.0, Max:  0.0, Diff:  0.0, Sum:  0.0, Workers: 4
[4111.493s][debug][gc,phases      ] GC(117)     Dead                           Min: 0, Avg:  0.0, Max: 0, Diff: 0, Sum: 0, Workers: 4
[4111.493s][debug][gc,phases      ] GC(117)     Total                          Min: 0, Avg:  0.0, Max: 0, Diff: 0, Sum: 0, Workers: 4
[4111.493s][debug][gc,phases      ] GC(117)   StringDedup Requests0 Weak     Min:  0.0, Avg:  0.0, Max:  0.0, Diff:  0.0, Sum:  0.0, Workers: 4
[4111.493s][debug][gc,phases      ] GC(117)     Dead                           Min: 0, Avg:  0.0, Max: 0, Diff: 0, Sum: 0, Workers: 4
[4111.493s][debug][gc,phases      ] GC(117)     Total                          Min: 0, Avg:  0.0, Max: 0, Diff: 0, Sum: 0, Workers: 4
[4111.493s][debug][gc,phases      ] GC(117)   StringDedup Requests1 Weak     Min:  0.0, Avg:  0.0, Max:  0.0, Diff:  0.0, Sum:  0.0, Workers: 4
[4111.493s][debug][gc,phases      ] GC(117)     Dead                           Min: 0, Avg:  0.0, Max: 0, Diff: 0, Sum: 0, Workers: 4
[4111.493s][debug][gc,phases      ] GC(117)     Total                          Min: 0, Avg:  0.0, Max: 0, Diff: 0, Sum: 0, Workers: 4
[4111.493s][debug][gc,phases      ] GC(117)   Weak JFR Old Object Samples    Min:  0.0, Avg:  0.0, Max:  0.0, Diff:  0.0, Sum:  0.0, Workers: 4
[4111.493s][debug][gc,phases      ] GC(117)     Dead                           Min: 0, Avg:  0.0, Max: 0, Diff: 0, Sum: 0, Workers: 4
[4111.493s][debug][gc,phases      ] GC(117)     Total                          Min: 0, Avg:  0.0, Max: 0, Diff: 0, Sum: 0, Workers: 4
[4111.493s][debug][gc,phases      ] GC(117) Weak Processing 0.485ms
[4111.493s][debug][gc,age         ] GC(117) Desired survivor size 249561088 bytes, new threshold 15 (max threshold 15)
[4111.493s][info ][gc,heap        ] GC(117) PSYoungGen: 1639367K(1639424K)->34281K(1853440K) Eden: 1611776K(1611776K)->0K(1608192K) From: 27591K(27648K)->34281K(245248K)
[4111.493s][info ][gc,heap        ] GC(117) ParOldGen: 297172K(435712K)->297172K(435712K)
[4111.493s][info ][gc,metaspace   ] GC(117) Metaspace: 98617K(99904K)->98617K(99904K) NonClass: 84338K(85056K)->84338K(85056K) Class: 14279K(14848K)->14279K(14848K)
[4111.493s][info ][gc             ] GC(117) Pause Young (Allocation Failure) 1891M->323M(2235M) 9.290ms
[4111.493s][info ][gc,cpu         ] GC(117) User=0.04s Sys=0.00s Real=0.01s
[4111.493s][info ][safepoint      ] Safepoint "ParallelGCFailedAllocation", Time since last: 4262215296 ns, Reaching safepoint: 83903 ns, Cleanup: 3700 ns, At safepoint: 9383936 ns, Total: 9471539 ns
[4135.495s][info ][safepoint      ] Safepoint "Cleanup", Time since last: 24001525585 ns, Reaching safepoint: 8100 ns, Cleanup: 12101 ns, At safepoint: 3000 ns, Total: 23201 ns
[4155.237s][info ][safepoint      ] Safepoint "Cleanup", Time since last: 19741836769 ns, Reaching safepoint: 8700 ns, Cleanup: 11601 ns, At safepoint: 2700 ns, Total: 23001 ns
[4170.719s][info ][gc,start       ] GC(118) Pause Young (Allocation Failure)
[4170.726s][debug][gc,phases      ] GC(118) Scavenge 6.231ms
[4170.726s][debug][gc,ref         ] GC(118) ReferenceProcessor::execute queues: 1, RefProcThreadModel::Single, marks_oops_alive: false
[4170.726s][debug][gc,ref         ] GC(118) Skipped KeepAliveFinalRefsPhase of Reference Processing: no references
[4170.726s][debug][gc,ref         ] GC(118) ReferenceProcessor::execute queues: 1, RefProcThreadModel::Single, marks_oops_alive: false
[4170.726s][debug][gc,phases      ] GC(118) Reference Processing 0.138ms
[4170.726s][debug][gc,phases      ] GC(118)   VM Weak                        Min:  0.0, Avg:  0.0, Max:  0.0, Diff:  0.0, Sum:  0.0, Workers: 4
[4170.726s][debug][gc,phases      ] GC(118)     Dead                           Min: 0, Avg:  0.0, Max: 0, Diff: 0, Sum: 0, Workers: 4
[4170.726s][debug][gc,phases      ] GC(118)     Total                          Min: 0, Avg: 254.8, Max: 507, Diff: 507, Sum: 1019, Workers: 4
[4170.726s][debug][gc,phases      ] GC(118)   ObjectSynchronizer Weak        Min:  0.0, Avg:  0.0, Max:  0.0, Diff:  0.0, Sum:  0.0, Workers: 4
[4170.726s][debug][gc,phases      ] GC(118)     Dead                           Min: 0, Avg:  0.0, Max: 0, Diff: 0, Sum: 0, Workers: 4
[4170.726s][debug][gc,phases      ] GC(118)     Total                          Min: 0, Avg:  1.0, Max: 4, Diff: 4, Sum: 4, Workers: 4
[4170.726s][debug][gc,phases      ] GC(118)   JVMTI Tag Weak OopStorage      Min:  0.0, Avg:  0.0, Max:  0.0, Diff:  0.0, Sum:  0.0, Workers: 4
[4170.726s][debug][gc,phases      ] GC(118)     Dead                           Min: 0, Avg:  0.0, Max: 0, Diff: 0, Sum: 0, Workers: 4
[4170.726s][debug][gc,phases      ] GC(118)     Total                          Min: 0, Avg:  0.0, Max: 0, Diff: 0, Sum: 0, Workers: 4
[4170.726s][debug][gc,phases      ] GC(118)   StringTable Weak               Min:  0.0, Avg:  0.1, Max:  0.2, Diff:  0.2, Sum:  0.5, Workers: 4
[4170.726s][debug][gc,phases      ] GC(118)     Dead                           Min: 0, Avg:  0.0, Max: 0, Diff: 0, Sum: 0, Workers: 4
[4170.726s][debug][gc,phases      ] GC(118)     Total                          Min: 0, Avg: 12335.8, Max: 17151, Diff: 17151, Sum: 49343, Workers: 4
[4170.726s][debug][gc,phases      ] GC(118)   ResolvedMethodTable Weak       Min:  0.0, Avg:  0.0, Max:  0.1, Diff:  0.1, Sum:  0.1, Workers: 4
[4170.726s][debug][gc,phases      ] GC(118)     Dead                           Min: 0, Avg:  0.0, Max: 0, Diff: 0, Sum: 0, Workers: 4
[4170.726s][debug][gc,phases      ] GC(118)     Total                          Min: 0, Avg: 3503.2, Max: 4735, Diff: 4735, Sum: 14013, Workers: 4
[4170.726s][debug][gc,phases      ] GC(118)   JNI Weak                       Min:  0.0, Avg:  0.0, Max:  0.0, Diff:  0.0, Sum:  0.0, Workers: 4
[4170.726s][debug][gc,phases      ] GC(118)     Dead                           Min: 0, Avg:  0.0, Max: 0, Diff: 0, Sum: 0, Workers: 4
[4170.726s][debug][gc,phases      ] GC(118)     Total                          Min: 0, Avg: 12.0, Max: 48, Diff: 48, Sum: 48, Workers: 4
[4170.726s][debug][gc,phases      ] GC(118)   StringDedup Table Weak         Min:  0.0, Avg:  0.0, Max:  0.0, Diff:  0.0, Sum:  0.0, Workers: 4
[4170.726s][debug][gc,phases      ] GC(118)     Dead                           Min: 0, Avg:  0.0, Max: 0, Diff: 0, Sum: 0, Workers: 4
[4170.726s][debug][gc,phases      ] GC(118)     Total                          Min: 0, Avg:  0.0, Max: 0, Diff: 0, Sum: 0, Workers: 4
[4170.726s][debug][gc,phases      ] GC(118)   StringDedup Requests0 Weak     Min:  0.0, Avg:  0.0, Max:  0.0, Diff:  0.0, Sum:  0.0, Workers: 4
[4170.726s][debug][gc,phases      ] GC(118)     Dead                           Min: 0, Avg:  0.0, Max: 0, Diff: 0, Sum: 0, Workers: 4
[4170.726s][debug][gc,phases      ] GC(118)     Total                          Min: 0, Avg:  0.0, Max: 0, Diff: 0, Sum: 0, Workers: 4
[4170.726s][debug][gc,phases      ] GC(118)   StringDedup Requests1 Weak     Min:  0.0, Avg:  0.0, Max:  0.0, Diff:  0.0, Sum:  0.0, Workers: 4
[4170.726s][debug][gc,phases      ] GC(118)     Dead                           Min: 0, Avg:  0.0, Max: 0, Diff: 0, Sum: 0, Workers: 4
[4170.726s][debug][gc,phases      ] GC(118)     Total                          Min: 0, Avg:  0.0, Max: 0, Diff: 0, Sum: 0, Workers: 4
[4170.726s][debug][gc,phases      ] GC(118)   Weak JFR Old Object Samples    Min:  0.0, Avg:  0.0, Max:  0.0, Diff:  0.0, Sum:  0.0, Workers: 4
[4170.726s][debug][gc,phases      ] GC(118)     Dead                           Min: 0, Avg:  0.0, Max: 0, Diff: 0, Sum: 0, Workers: 4
[4170.726s][debug][gc,phases      ] GC(118)     Total                          Min: 0, Avg:  0.0, Max: 0, Diff: 0, Sum: 0, Workers: 4
[4170.726s][debug][gc,phases      ] GC(118) Weak Processing 0.485ms
[4170.726s][debug][gc,age         ] GC(118) Desired survivor size 246939648 bytes, new threshold 15 (max threshold 15)
[4170.726s][info ][gc,heap        ] GC(118) PSYoungGen: 1642473K(1853440K)->31209K(1851904K) Eden: 1608192K(1608192K)->0K(1608192K) From: 34281K(245248K)->31209K(243712K)
[4170.726s][info ][gc,heap        ] GC(118) ParOldGen: 297172K(435712K)->297172K(435712K)
[4170.726s][info ][gc,metaspace   ] GC(118) Metaspace: 98622K(99968K)->98622K(99968K) NonClass: 84343K(85120K)->84343K(85120K) Class: 14279K(14848K)->14279K(14848K)
[4170.726s][info ][gc             ] GC(118) Pause Young (Allocation Failure) 1894M->320M(2234M) 7.034ms
[4170.726s][info ][gc,cpu         ] GC(118) User=0.03s Sys=0.00s Real=0.00s
[4170.726s][info ][safepoint      ] Safepoint "ParallelGCFailedAllocation", Time since last: 15482693067 ns, Reaching safepoint: 8000 ns, Cleanup: 14100 ns, At safepoint: 7121020 ns, Total: 7143120 ns
[4180.727s][info ][safepoint      ] Safepoint "Cleanup", Time since last: 10000658439 ns, Reaching safepoint: 8200 ns, Cleanup: 8701 ns, At safepoint: 18000 ns, Total: 34901 ns
[4190.728s][info ][safepoint      ] Safepoint "Cleanup", Time since last: 10000661346 ns, Reaching safepoint: 9900 ns, Cleanup: 7100 ns, At safepoint: 2600 ns, Total: 19600 ns
[4192.728s][info ][safepoint      ] Safepoint "Cleanup", Time since last: 2000179092 ns, Reaching safepoint: 10701 ns, Cleanup: 9500 ns, At safepoint: 2800 ns, Total: 23001 ns
[4200.729s][info ][safepoint      ] Safepoint "Cleanup", Time since last: 8000571384 ns, Reaching safepoint: 8400 ns, Cleanup: 6401 ns, At safepoint: 2600 ns, Total: 17401 ns
[4208.252s][info ][safepoint      ] Safepoint "Cleanup", Time since last: 7523711281 ns, Reaching safepoint: 8200 ns, Cleanup: 11400 ns, At safepoint: 2300 ns, Total: 21900 ns
[4213.253s][info ][safepoint      ] Safepoint "Cleanup", Time since last: 5000393702 ns, Reaching safepoint: 8400 ns, Cleanup: 16901 ns, At safepoint: 3600 ns, Total: 28901 ns
[4232.284s][info ][gc,start       ] GC(119) Pause Young (Allocation Failure)
[4232.293s][debug][gc,phases      ] GC(119) Scavenge 8.934ms
[4232.293s][debug][gc,ref         ] GC(119) ReferenceProcessor::execute queues: 1, RefProcThreadModel::Single, marks_oops_alive: false
[4232.293s][debug][gc,ref         ] GC(119) Skipped KeepAliveFinalRefsPhase of Reference Processing: no references
[4232.293s][debug][gc,ref         ] GC(119) ReferenceProcessor::execute queues: 1, RefProcThreadModel::Single, marks_oops_alive: false
[4232.293s][debug][gc,phases      ] GC(119) Reference Processing 0.136ms
[4232.293s][debug][gc,phases      ] GC(119)   VM Weak                        Min:  0.0, Avg:  0.0, Max:  0.0, Diff:  0.0, Sum:  0.0, Workers: 4
[4232.293s][debug][gc,phases      ] GC(119)     Dead                           Min: 0, Avg:  0.0, Max: 0, Diff: 0, Sum: 0, Workers: 4
[4232.293s][debug][gc,phases      ] GC(119)     Total                          Min: 0, Avg: 254.8, Max: 635, Diff: 635, Sum: 1019, Workers: 4
[4232.293s][debug][gc,phases      ] GC(119)   ObjectSynchronizer Weak        Min:  0.0, Avg:  0.0, Max:  0.0, Diff:  0.0, Sum:  0.0, Workers: 4
[4232.293s][debug][gc,phases      ] GC(119)     Dead                           Min: 0, Avg:  0.0, Max: 0, Diff: 0, Sum: 0, Workers: 4
[4232.293s][debug][gc,phases      ] GC(119)     Total                          Min: 0, Avg:  1.0, Max: 4, Diff: 4, Sum: 4, Workers: 4
[4232.293s][debug][gc,phases      ] GC(119)   JVMTI Tag Weak OopStorage      Min:  0.0, Avg:  0.0, Max:  0.0, Diff:  0.0, Sum:  0.0, Workers: 4
[4232.293s][debug][gc,phases      ] GC(119)     Dead                           Min: 0, Avg:  0.0, Max: 0, Diff: 0, Sum: 0, Workers: 4
[4232.293s][debug][gc,phases      ] GC(119)     Total                          Min: 0, Avg:  0.0, Max: 0, Diff: 0, Sum: 0, Workers: 4
[4232.293s][debug][gc,phases      ] GC(119)   StringTable Weak               Min:  0.0, Avg:  0.1, Max:  0.2, Diff:  0.2, Sum:  0.5, Workers: 4
[4232.293s][debug][gc,phases      ] GC(119)     Dead                           Min: 0, Avg:  0.0, Max: 0, Diff: 0, Sum: 0, Workers: 4
[4232.293s][debug][gc,phases      ] GC(119)     Total                          Min: 0, Avg: 12336.0, Max: 17536, Diff: 17536, Sum: 49344, Workers: 4
[4232.293s][debug][gc,phases      ] GC(119)   ResolvedMethodTable Weak       Min:  0.0, Avg:  0.0, Max:  0.0, Diff:  0.0, Sum:  0.1, Workers: 4
[4232.293s][debug][gc,phases      ] GC(119)     Dead                           Min: 0, Avg:  0.0, Max: 0, Diff: 0, Sum: 0, Workers: 4
[4232.293s][debug][gc,phases      ] GC(119)     Total                          Min: 0, Avg: 3503.2, Max: 5054, Diff: 5054, Sum: 14013, Workers: 4
[4232.293s][debug][gc,phases      ] GC(119)   JNI Weak                       Min:  0.0, Avg:  0.0, Max:  0.0, Diff:  0.0, Sum:  0.0, Workers: 4
[4232.293s][debug][gc,phases      ] GC(119)     Dead                           Min: 0, Avg:  0.0, Max: 0, Diff: 0, Sum: 0, Workers: 4
[4232.293s][debug][gc,phases      ] GC(119)     Total                          Min: 0, Avg: 12.0, Max: 48, Diff: 48, Sum: 48, Workers: 4
[4232.293s][debug][gc,phases      ] GC(119)   StringDedup Table Weak         Min:  0.0, Avg:  0.0, Max:  0.0, Diff:  0.0, Sum:  0.0, Workers: 4
[4232.293s][debug][gc,phases      ] GC(119)     Dead                           Min: 0, Avg:  0.0, Max: 0, Diff: 0, Sum: 0, Workers: 4
[4232.293s][debug][gc,phases      ] GC(119)     Total                          Min: 0, Avg:  0.0, Max: 0, Diff: 0, Sum: 0, Workers: 4
[4232.293s][debug][gc,phases      ] GC(119)   StringDedup Requests0 Weak     Min:  0.0, Avg:  0.0, Max:  0.0, Diff:  0.0, Sum:  0.0, Workers: 4
[4232.293s][debug][gc,phases      ] GC(119)     Dead                           Min: 0, Avg:  0.0, Max: 0, Diff: 0, Sum: 0, Workers: 4
[4232.293s][debug][gc,phases      ] GC(119)     Total                          Min: 0, Avg:  0.0, Max: 0, Diff: 0, Sum: 0, Workers: 4
[4232.293s][debug][gc,phases      ] GC(119)   StringDedup Requests1 Weak     Min:  0.0, Avg:  0.0, Max:  0.0, Diff:  0.0, Sum:  0.0, Workers: 4
[4232.293s][debug][gc,phases      ] GC(119)     Dead                           Min: 0, Avg:  0.0, Max: 0, Diff: 0, Sum: 0, Workers: 4
[4232.293s][debug][gc,phases      ] GC(119)     Total                          Min: 0, Avg:  0.0, Max: 0, Diff: 0, Sum: 0, Workers: 4
[4232.293s][debug][gc,phases      ] GC(119)   Weak JFR Old Object Samples    Min:  0.0, Avg:  0.0, Max:  0.0, Diff:  0.0, Sum:  0.0, Workers: 4
[4232.293s][debug][gc,phases      ] GC(119)     Dead                           Min: 0, Avg:  0.0, Max: 0, Diff: 0, Sum: 0, Workers: 4
[4232.293s][debug][gc,phases      ] GC(119)     Total                          Min: 0, Avg:  0.0, Max: 0, Diff: 0, Sum: 0, Workers: 4
[4232.293s][debug][gc,phases      ] GC(119) Weak Processing 0.473ms
[4232.293s][debug][gc,age         ] GC(119) Desired survivor size 241696768 bytes, new threshold 15 (max threshold 15)
[4232.293s][info ][gc,heap        ] GC(119) PSYoungGen: 1639401K(1851904K)->35145K(1861120K) Eden: 1608192K(1608192K)->0K(1619968K) From: 31209K(243712K)->35145K(241152K)
[4232.293s][info ][gc,heap        ] GC(119) ParOldGen: 297172K(435712K)->297172K(435712K)
[4232.293s][info ][gc,metaspace   ] GC(119) Metaspace: 98635K(99968K)->98635K(99968K) NonClass: 84355K(85120K)->84355K(85120K) Class: 14279K(14848K)->14279K(14848K)
[4232.294s][info ][gc             ] GC(119) Pause Young (Allocation Failure) 1891M->324M(2243M) 9.714ms
[4232.294s][info ][gc,cpu         ] GC(119) User=0.04s Sys=0.00s Real=0.01s
[4232.294s][info ][safepoint      ] Safepoint "ParallelGCFailedAllocation", Time since last: 19030844507 ns, Reaching safepoint: 86502 ns, Cleanup: 4301 ns, At safepoint: 9808224 ns, Total: 9899027 ns
[4255.295s][info ][safepoint      ] Safepoint "Cleanup", Time since last: 23001555775 ns, Reaching safepoint: 8500 ns, Cleanup: 10501 ns, At safepoint: 2700 ns, Total: 21701 ns
[4272.268s][info ][safepoint      ] Safepoint "Cleanup", Time since last: 16973194824 ns, Reaching safepoint: 12700 ns, Cleanup: 11701 ns, At safepoint: 3400 ns, Total: 27801 ns
[4273.269s][info ][safepoint      ] Safepoint "Cleanup", Time since last: 1000145007 ns, Reaching safepoint: 9401 ns, Cleanup: 12000 ns, At safepoint: 2600 ns, Total: 24001 ns
[4296.746s][info ][gc,start       ] GC(120) Pause Young (Allocation Failure)
[4296.752s][debug][gc,phases      ] GC(120) Scavenge 6.164ms
[4296.752s][debug][gc,ref         ] GC(120) ReferenceProcessor::execute queues: 1, RefProcThreadModel::Single, marks_oops_alive: false
[4296.752s][debug][gc,ref         ] GC(120) Skipped KeepAliveFinalRefsPhase of Reference Processing: no references
[4296.752s][debug][gc,ref         ] GC(120) ReferenceProcessor::execute queues: 1, RefProcThreadModel::Single, marks_oops_alive: false
[4296.752s][debug][gc,phases      ] GC(120) Reference Processing 0.143ms
[4296.753s][debug][gc,phases      ] GC(120)   VM Weak                        Min:  0.0, Avg:  0.0, Max:  0.0, Diff:  0.0, Sum:  0.0, Workers: 4
[4296.753s][debug][gc,phases      ] GC(120)     Dead                           Min: 0, Avg:  0.0, Max: 0, Diff: 0, Sum: 0, Workers: 4
[4296.753s][debug][gc,phases      ] GC(120)     Total                          Min: 0, Avg: 254.8, Max: 960, Diff: 960, Sum: 1019, Workers: 4
[4296.753s][debug][gc,phases      ] GC(120)   ObjectSynchronizer Weak        Min:  0.0, Avg:  0.0, Max:  0.0, Diff:  0.0, Sum:  0.0, Workers: 4
[4296.753s][debug][gc,phases      ] GC(120)     Dead                           Min: 0, Avg:  0.0, Max: 0, Diff: 0, Sum: 0, Workers: 4
[4296.753s][debug][gc,phases      ] GC(120)     Total                          Min: 0, Avg:  1.0, Max: 4, Diff: 4, Sum: 4, Workers: 4
[4296.753s][debug][gc,phases      ] GC(120)   JVMTI Tag Weak OopStorage      Min:  0.0, Avg:  0.0, Max:  0.0, Diff:  0.0, Sum:  0.0, Workers: 4
[4296.753s][debug][gc,phases      ] GC(120)     Dead                           Min: 0, Avg:  0.0, Max: 0, Diff: 0, Sum: 0, Workers: 4
[4296.753s][debug][gc,phases      ] GC(120)     Total                          Min: 0, Avg:  0.0, Max: 0, Diff: 0, Sum: 0, Workers: 4
[4296.753s][debug][gc,phases      ] GC(120)   StringTable Weak               Min:  0.0, Avg:  0.1, Max:  0.2, Diff:  0.2, Sum:  0.5, Workers: 4
[4296.753s][debug][gc,phases      ] GC(120)     Dead                           Min: 0, Avg:  0.0, Max: 0, Diff: 0, Sum: 0, Workers: 4
[4296.753s][debug][gc,phases      ] GC(120)     Total                          Min: 0, Avg: 12336.0, Max: 17408, Diff: 17408, Sum: 49344, Workers: 4
[4296.753s][debug][gc,phases      ] GC(120)   ResolvedMethodTable Weak       Min:  0.0, Avg:  0.0, Max:  0.0, Diff:  0.0, Sum:  0.1, Workers: 4
[4296.753s][debug][gc,phases      ] GC(120)     Dead                           Min: 0, Avg:  0.0, Max: 0, Diff: 0, Sum: 0, Workers: 4
[4296.753s][debug][gc,phases      ] GC(120)     Total                          Min: 0, Avg: 3503.2, Max: 4863, Diff: 4863, Sum: 14013, Workers: 4
[4296.753s][debug][gc,phases      ] GC(120)   JNI Weak                       Min:  0.0, Avg:  0.0, Max:  0.0, Diff:  0.0, Sum:  0.0, Workers: 4
[4296.753s][debug][gc,phases      ] GC(120)     Dead                           Min: 0, Avg:  0.0, Max: 0, Diff: 0, Sum: 0, Workers: 4
[4296.753s][debug][gc,phases      ] GC(120)     Total                          Min: 0, Avg: 12.0, Max: 48, Diff: 48, Sum: 48, Workers: 4
[4296.753s][debug][gc,phases      ] GC(120)   StringDedup Table Weak         Min:  0.0, Avg:  0.0, Max:  0.0, Diff:  0.0, Sum:  0.0, Workers: 4
[4296.753s][debug][gc,phases      ] GC(120)     Dead                           Min: 0, Avg:  0.0, Max: 0, Diff: 0, Sum: 0, Workers: 4
[4296.753s][debug][gc,phases      ] GC(120)     Total                          Min: 0, Avg:  0.0, Max: 0, Diff: 0, Sum: 0, Workers: 4
[4296.753s][debug][gc,phases      ] GC(120)   StringDedup Requests0 Weak     Min:  0.0, Avg:  0.0, Max:  0.0, Diff:  0.0, Sum:  0.0, Workers: 4
[4296.753s][debug][gc,phases      ] GC(120)     Dead                           Min: 0, Avg:  0.0, Max: 0, Diff: 0, Sum: 0, Workers: 4
[4296.753s][debug][gc,phases      ] GC(120)     Total                          Min: 0, Avg:  0.0, Max: 0, Diff: 0, Sum: 0, Workers: 4
[4296.753s][debug][gc,phases      ] GC(120)   StringDedup Requests1 Weak     Min:  0.0, Avg:  0.0, Max:  0.0, Diff:  0.0, Sum:  0.0, Workers: 4
[4296.753s][debug][gc,phases      ] GC(120)     Dead                           Min: 0, Avg:  0.0, Max: 0, Diff: 0, Sum: 0, Workers: 4
[4296.753s][debug][gc,phases      ] GC(120)     Total                          Min: 0, Avg:  0.0, Max: 0, Diff: 0, Sum: 0, Workers: 4
[4296.753s][debug][gc,phases      ] GC(120)   Weak JFR Old Object Samples    Min:  0.0, Avg:  0.0, Max:  0.0, Diff:  0.0, Sum:  0.0, Workers: 4
[4296.753s][debug][gc,phases      ] GC(120)     Dead                           Min: 0, Avg:  0.0, Max: 0, Diff: 0, Sum: 0, Workers: 4
[4296.753s][debug][gc,phases      ] GC(120)     Total                          Min: 0, Avg:  0.0, Max: 0, Diff: 0, Sum: 0, Workers: 4
[4296.753s][debug][gc,phases      ] GC(120) Weak Processing 0.480ms
[4296.753s][debug][gc,age         ] GC(120) Desired survivor size 236978176 bytes, new threshold 15 (max threshold 15)
[4296.753s][info ][gc,heap        ] GC(120) PSYoungGen: 1655113K(1861120K)->27063K(1856000K) Eden: 1619968K(1619968K)->0K(1619968K) From: 35145K(241152K)->27063K(236032K)
[4296.753s][info ][gc,heap        ] GC(120) ParOldGen: 297172K(435712K)->297172K(435712K)
[4296.753s][info ][gc,metaspace   ] GC(120) Metaspace: 98635K(99968K)->98635K(99968K) NonClass: 84355K(85120K)->84355K(85120K) Class: 14279K(14848K)->14279K(14848K)
[4296.753s][info ][gc             ] GC(120) Pause Young (Allocation Failure) 1906M->316M(2238M) 6.953ms
[4296.753s][info ][gc,cpu         ] GC(120) User=0.02s Sys=0.00s Real=0.01s
[4296.753s][info ][safepoint      ] Safepoint "ParallelGCFailedAllocation", Time since last: 23477272034 ns, Reaching safepoint: 7400 ns, Cleanup: 4201 ns, At safepoint: 7044049 ns, Total: 7055650 ns
[4327.284s][info ][safepoint      ] Safepoint "Cleanup", Time since last: 30530800545 ns, Reaching safepoint: 81503 ns, Cleanup: 10900 ns, At safepoint: 5600 ns, Total: 98003 ns
[4352.286s][info ][safepoint      ] Safepoint "Cleanup", Time since last: 25001851252 ns, Reaching safepoint: 75203 ns, Cleanup: 10900 ns, At safepoint: 7700 ns, Total: 93803 ns
[4356.350s][info ][gc,start       ] GC(121) Pause Young (Allocation Failure)
[4356.358s][debug][gc,phases      ] GC(121) Scavenge 8.362ms
[4356.358s][debug][gc,ref         ] GC(121) ReferenceProcessor::execute queues: 1, RefProcThreadModel::Single, marks_oops_alive: false
[4356.358s][debug][gc,ref         ] GC(121) Skipped KeepAliveFinalRefsPhase of Reference Processing: no references
[4356.358s][debug][gc,ref         ] GC(121) ReferenceProcessor::execute queues: 1, RefProcThreadModel::Single, marks_oops_alive: false
[4356.358s][debug][gc,phases      ] GC(121) Reference Processing 0.126ms
[4356.359s][debug][gc,phases      ] GC(121)   VM Weak                        Min:  0.0, Avg:  0.0, Max:  0.0, Diff:  0.0, Sum:  0.0, Workers: 4
[4356.359s][debug][gc,phases      ] GC(121)     Dead                           Min: 0, Avg:  0.0, Max: 0, Diff: 0, Sum: 0, Workers: 4
[4356.359s][debug][gc,phases      ] GC(121)     Total                          Min: 0, Avg: 254.8, Max: 1019, Diff: 1019, Sum: 1019, Workers: 4
[4356.359s][debug][gc,phases      ] GC(121)   ObjectSynchronizer Weak        Min:  0.0, Avg:  0.0, Max:  0.0, Diff:  0.0, Sum:  0.0, Workers: 4
[4356.359s][debug][gc,phases      ] GC(121)     Dead                           Min: 0, Avg:  0.0, Max: 0, Diff: 0, Sum: 0, Workers: 4
[4356.359s][debug][gc,phases      ] GC(121)     Total                          Min: 0, Avg:  1.0, Max: 4, Diff: 4, Sum: 4, Workers: 4
[4356.359s][debug][gc,phases      ] GC(121)   JVMTI Tag Weak OopStorage      Min:  0.0, Avg:  0.0, Max:  0.0, Diff:  0.0, Sum:  0.0, Workers: 4
[4356.359s][debug][gc,phases      ] GC(121)     Dead                           Min: 0, Avg:  0.0, Max: 0, Diff: 0, Sum: 0, Workers: 4
[4356.359s][debug][gc,phases      ] GC(121)     Total                          Min: 0, Avg:  0.0, Max: 0, Diff: 0, Sum: 0, Workers: 4
[4356.359s][debug][gc,phases      ] GC(121)   StringTable Weak               Min:  0.0, Avg:  0.1, Max:  0.2, Diff:  0.2, Sum:  0.5, Workers: 4
[4356.359s][debug][gc,phases      ] GC(121)     Dead                           Min: 0, Avg:  0.0, Max: 0, Diff: 0, Sum: 0, Workers: 4
[4356.359s][debug][gc,phases      ] GC(121)     Total                          Min: 0, Avg: 12341.5, Max: 17814, Diff: 17814, Sum: 49366, Workers: 4
[4356.359s][debug][gc,phases      ] GC(121)   ResolvedMethodTable Weak       Min:  0.0, Avg:  0.0, Max:  0.0, Diff:  0.0, Sum:  0.1, Workers: 4
[4356.359s][debug][gc,phases      ] GC(121)     Dead                           Min: 0, Avg:  0.0, Max: 0, Diff: 0, Sum: 0, Workers: 4
[4356.359s][debug][gc,phases      ] GC(121)     Total                          Min: 0, Avg: 3503.2, Max: 4736, Diff: 4736, Sum: 14013, Workers: 4
[4356.359s][debug][gc,phases      ] GC(121)   JNI Weak                       Min:  0.0, Avg:  0.0, Max:  0.0, Diff:  0.0, Sum:  0.0, Workers: 4
[4356.359s][debug][gc,phases      ] GC(121)     Dead                           Min: 0, Avg:  0.0, Max: 0, Diff: 0, Sum: 0, Workers: 4
[4356.359s][debug][gc,phases      ] GC(121)     Total                          Min: 0, Avg: 12.0, Max: 48, Diff: 48, Sum: 48, Workers: 4
[4356.359s][debug][gc,phases      ] GC(121)   StringDedup Table Weak         Min:  0.0, Avg:  0.0, Max:  0.0, Diff:  0.0, Sum:  0.0, Workers: 4
[4356.359s][debug][gc,phases      ] GC(121)     Dead                           Min: 0, Avg:  0.0, Max: 0, Diff: 0, Sum: 0, Workers: 4
[4356.359s][debug][gc,phases      ] GC(121)     Total                          Min: 0, Avg:  0.0, Max: 0, Diff: 0, Sum: 0, Workers: 4
[4356.359s][debug][gc,phases      ] GC(121)   StringDedup Requests0 Weak     Min:  0.0, Avg:  0.0, Max:  0.0, Diff:  0.0, Sum:  0.0, Workers: 4
[4356.359s][debug][gc,phases      ] GC(121)     Dead                           Min: 0, Avg:  0.0, Max: 0, Diff: 0, Sum: 0, Workers: 4
[4356.359s][debug][gc,phases      ] GC(121)     Total                          Min: 0, Avg:  0.0, Max: 0, Diff: 0, Sum: 0, Workers: 4
[4356.359s][debug][gc,phases      ] GC(121)   StringDedup Requests1 Weak     Min:  0.0, Avg:  0.0, Max:  0.0, Diff:  0.0, Sum:  0.0, Workers: 4
[4356.359s][debug][gc,phases      ] GC(121)     Dead                           Min: 0, Avg:  0.0, Max: 0, Diff: 0, Sum: 0, Workers: 4
[4356.359s][debug][gc,phases      ] GC(121)     Total                          Min: 0, Avg:  0.0, Max: 0, Diff: 0, Sum: 0, Workers: 4
[4356.359s][debug][gc,phases      ] GC(121)   Weak JFR Old Object Samples    Min:  0.0, Avg:  0.0, Max:  0.0, Diff:  0.0, Sum:  0.0, Workers: 4
[4356.359s][debug][gc,phases      ] GC(121)     Dead                           Min: 0, Avg:  0.0, Max: 0, Diff: 0, Sum: 0, Workers: 4
[4356.359s][debug][gc,phases      ] GC(121)     Total                          Min: 0, Avg:  0.0, Max: 0, Diff: 0, Sum: 0, Workers: 4
[4356.359s][debug][gc,phases      ] GC(121) Weak Processing 0.474ms
[4356.359s][debug][gc,age         ] GC(121) Desired survivor size 230162432 bytes, new threshold 15 (max threshold 15)
[4356.359s][info ][gc,heap        ] GC(121) PSYoungGen: 1647031K(1856000K)->33881K(1872384K) Eden: 1619968K(1619968K)->0K(1640960K) From: 27063K(236032K)->33881K(231424K)
[4356.359s][info ][gc,heap        ] GC(121) ParOldGen: 297172K(435712K)->297172K(435712K)
[4356.359s][info ][gc,metaspace   ] GC(121) Metaspace: 98643K(99968K)->98643K(99968K) NonClass: 84363K(85120K)->84363K(85120K) Class: 14279K(14848K)->14279K(14848K)
[4356.359s][info ][gc             ] GC(121) Pause Young (Allocation Failure) 1898M->323M(2254M) 9.103ms
[4356.359s][info ][gc,cpu         ] GC(121) User=0.03s Sys=0.00s Real=0.00s
[4356.359s][info ][safepoint      ] Safepoint "ParallelGCFailedAllocation", Time since last: 4064040932 ns, Reaching safepoint: 10500 ns, Cleanup: 4100 ns, At safepoint: 9213599 ns, Total: 9228199 ns
[4361.359s][info ][safepoint      ] Safepoint "Cleanup", Time since last: 5000383843 ns, Reaching safepoint: 83003 ns, Cleanup: 7600 ns, At safepoint: 5500 ns, Total: 96103 ns
[4363.360s][info ][safepoint      ] Safepoint "Cleanup", Time since last: 2000184728 ns, Reaching safepoint: 7500 ns, Cleanup: 10300 ns, At safepoint: 2800 ns, Total: 20600 ns
[4370.360s][info ][safepoint      ] Safepoint "Cleanup", Time since last: 7000514753 ns, Reaching safepoint: 8000 ns, Cleanup: 10300 ns, At safepoint: 2500 ns, Total: 20800 ns
[4381.299s][info ][safepoint      ] Safepoint "Cleanup", Time since last: 10939285937 ns, Reaching safepoint: 4200 ns, Cleanup: 12001 ns, At safepoint: 4900 ns, Total: 21101 ns
[4382.300s][info ][safepoint      ] Safepoint "Cleanup", Time since last: 1000147832 ns, Reaching safepoint: 11000 ns, Cleanup: 14901 ns, At safepoint: 2400 ns, Total: 28301 ns
[4391.300s][info ][safepoint      ] Safepoint "Cleanup", Time since last: 9000610973 ns, Reaching safepoint: 8900 ns, Cleanup: 11500 ns, At safepoint: 2200 ns, Total: 22600 ns
[4405.301s][info ][safepoint      ] Safepoint "Cleanup", Time since last: 14001009496 ns, Reaching safepoint: 7000 ns, Cleanup: 13501 ns, At safepoint: 2600 ns, Total: 23101 ns
[4406.301s][info ][safepoint      ] Safepoint "Cleanup", Time since last: 1000121614 ns, Reaching safepoint: 8900 ns, Cleanup: 11801 ns, At safepoint: 2400 ns, Total: 23101 ns
[4413.035s][info ][gc,start       ] GC(122) Pause Young (Allocation Failure)
[4413.043s][debug][gc,phases      ] GC(122) Scavenge 8.030ms
[4413.043s][debug][gc,ref         ] GC(122) ReferenceProcessor::execute queues: 1, RefProcThreadModel::Single, marks_oops_alive: false
[4413.043s][debug][gc,ref         ] GC(122) Skipped KeepAliveFinalRefsPhase of Reference Processing: no references
[4413.043s][debug][gc,ref         ] GC(122) Skipped PhantomRefsPhase of Reference Processing: no references
[4413.043s][debug][gc,phases      ] GC(122) Reference Processing 0.127ms
[4413.043s][debug][gc,phases      ] GC(122)   VM Weak                        Min:  0.0, Avg:  0.0, Max:  0.0, Diff:  0.0, Sum:  0.0, Workers: 4
[4413.043s][debug][gc,phases      ] GC(122)     Dead                           Min: 0, Avg:  0.0, Max: 0, Diff: 0, Sum: 0, Workers: 4
[4413.043s][debug][gc,phases      ] GC(122)     Total                          Min: 0, Avg: 254.8, Max: 635, Diff: 635, Sum: 1019, Workers: 4
[4413.043s][debug][gc,phases      ] GC(122)   ObjectSynchronizer Weak        Min:  0.0, Avg:  0.0, Max:  0.0, Diff:  0.0, Sum:  0.0, Workers: 4
[4413.043s][debug][gc,phases      ] GC(122)     Dead                           Min: 0, Avg:  0.0, Max: 0, Diff: 0, Sum: 0, Workers: 4
[4413.043s][debug][gc,phases      ] GC(122)     Total                          Min: 0, Avg:  1.0, Max: 4, Diff: 4, Sum: 4, Workers: 4
[4413.043s][debug][gc,phases      ] GC(122)   JVMTI Tag Weak OopStorage      Min:  0.0, Avg:  0.0, Max:  0.0, Diff:  0.0, Sum:  0.0, Workers: 4
[4413.043s][debug][gc,phases      ] GC(122)     Dead                           Min: 0, Avg:  0.0, Max: 0, Diff: 0, Sum: 0, Workers: 4
[4413.043s][debug][gc,phases      ] GC(122)     Total                          Min: 0, Avg:  0.0, Max: 0, Diff: 0, Sum: 0, Workers: 4
[4413.043s][debug][gc,phases      ] GC(122)   StringTable Weak               Min:  0.1, Avg:  0.1, Max:  0.1, Diff:  0.0, Sum:  0.5, Workers: 4
[4413.043s][debug][gc,phases      ] GC(122)     Dead                           Min: 0, Avg:  0.0, Max: 0, Diff: 0, Sum: 0, Workers: 4
[4413.043s][debug][gc,phases      ] GC(122)     Total                          Min: 11328, Avg: 12341.5, Max: 12992, Diff: 1664, Sum: 49366, Workers: 4
[4413.043s][debug][gc,phases      ] GC(122)   ResolvedMethodTable Weak       Min:  0.0, Avg:  0.0, Max:  0.0, Diff:  0.0, Sum:  0.1, Workers: 4
[4413.043s][debug][gc,phases      ] GC(122)     Dead                           Min: 0, Avg:  0.0, Max: 0, Diff: 0, Sum: 0, Workers: 4
[4413.043s][debug][gc,phases      ] GC(122)     Total                          Min: 3135, Avg: 3503.2, Max: 3904, Diff: 769, Sum: 14013, Workers: 4
[4413.043s][debug][gc,phases      ] GC(122)   JNI Weak                       Min:  0.0, Avg:  0.0, Max:  0.0, Diff:  0.0, Sum:  0.0, Workers: 4
[4413.043s][debug][gc,phases      ] GC(122)     Dead                           Min: 0, Avg:  0.0, Max: 0, Diff: 0, Sum: 0, Workers: 4
[4413.043s][debug][gc,phases      ] GC(122)     Total                          Min: 0, Avg: 12.0, Max: 48, Diff: 48, Sum: 48, Workers: 4
[4413.043s][debug][gc,phases      ] GC(122)   StringDedup Table Weak         Min:  0.0, Avg:  0.0, Max:  0.0, Diff:  0.0, Sum:  0.0, Workers: 4
[4413.043s][debug][gc,phases      ] GC(122)     Dead                           Min: 0, Avg:  0.0, Max: 0, Diff: 0, Sum: 0, Workers: 4
[4413.043s][debug][gc,phases      ] GC(122)     Total                          Min: 0, Avg:  0.0, Max: 0, Diff: 0, Sum: 0, Workers: 4
[4413.043s][debug][gc,phases      ] GC(122)   StringDedup Requests0 Weak     Min:  0.0, Avg:  0.0, Max:  0.0, Diff:  0.0, Sum:  0.0, Workers: 4
[4413.043s][debug][gc,phases      ] GC(122)     Dead                           Min: 0, Avg:  0.0, Max: 0, Diff: 0, Sum: 0, Workers: 4
[4413.043s][debug][gc,phases      ] GC(122)     Total                          Min: 0, Avg:  0.0, Max: 0, Diff: 0, Sum: 0, Workers: 4
[4413.043s][debug][gc,phases      ] GC(122)   StringDedup Requests1 Weak     Min:  0.0, Avg:  0.0, Max:  0.0, Diff:  0.0, Sum:  0.0, Workers: 4
[4413.043s][debug][gc,phases      ] GC(122)     Dead                           Min: 0, Avg:  0.0, Max: 0, Diff: 0, Sum: 0, Workers: 4
[4413.043s][debug][gc,phases      ] GC(122)     Total                          Min: 0, Avg:  0.0, Max: 0, Diff: 0, Sum: 0, Workers: 4
[4413.043s][debug][gc,phases      ] GC(122)   Weak JFR Old Object Samples    Min:  0.0, Avg:  0.0, Max:  0.0, Diff:  0.0, Sum:  0.0, Workers: 4
[4413.043s][debug][gc,phases      ] GC(122)     Dead                           Min: 0, Avg:  0.0, Max: 0, Diff: 0, Sum: 0, Workers: 4
[4413.043s][debug][gc,phases      ] GC(122)     Total                          Min: 0, Avg:  0.0, Max: 0, Diff: 0, Sum: 0, Workers: 4
[4413.043s][debug][gc,phases      ] GC(122) Weak Processing 0.413ms
[4413.043s][debug][gc,age         ] GC(122) Desired survivor size 222298112 bytes, new threshold 15 (max threshold 15)
[4413.043s][info ][gc,heap        ] GC(122) PSYoungGen: 1674841K(1872384K)->33561K(1865728K) Eden: 1640960K(1640960K)->0K(1640960K) From: 33881K(231424K)->33561K(224768K)
[4413.043s][info ][gc,heap        ] GC(122) ParOldGen: 297172K(435712K)->297172K(435712K)
[4413.043s][info ][gc,metaspace   ] GC(122) Metaspace: 98655K(99968K)->98655K(99968K) NonClass: 84376K(85120K)->84376K(85120K) Class: 14279K(14848K)->14279K(14848K)
[4413.043s][info ][gc             ] GC(122) Pause Young (Allocation Failure) 1925M->322M(2247M) 8.751ms
[4413.043s][info ][gc,cpu         ] GC(122) User=0.03s Sys=0.01s Real=0.01s
[4413.043s][info ][safepoint      ] Safepoint "ParallelGCFailedAllocation", Time since last: 6733047433 ns, Reaching safepoint: 80102 ns, Cleanup: 3900 ns, At safepoint: 8835369 ns, Total: 8919371 ns
[4414.044s][info ][safepoint      ] Safepoint "Cleanup", Time since last: 1000092865 ns, Reaching safepoint: 8600 ns, Cleanup: 13800 ns, At safepoint: 2200 ns, Total: 24600 ns
[4423.044s][info ][safepoint      ] Safepoint "Cleanup", Time since last: 9000582038 ns, Reaching safepoint: 7700 ns, Cleanup: 13601 ns, At safepoint: 2400 ns, Total: 23701 ns
[4435.045s][info ][safepoint      ] Safepoint "Cleanup", Time since last: 12000828961 ns, Reaching safepoint: 7700 ns, Cleanup: 13601 ns, At safepoint: 3100 ns, Total: 24401 ns
[4442.315s][info ][safepoint      ] Safepoint "Cleanup", Time since last: 7270253090 ns, Reaching safepoint: 8600 ns, Cleanup: 14400 ns, At safepoint: 2200 ns, Total: 25200 ns
[4451.316s][info ][safepoint      ] Safepoint "Cleanup", Time since last: 9000723936 ns, Reaching safepoint: 29201 ns, Cleanup: 12101 ns, At safepoint: 4800 ns, Total: 46102 ns
[4475.684s][info ][gc,start       ] GC(123) Pause Young (Allocation Failure)
[4475.692s][debug][gc,phases      ] GC(123) Scavenge 7.738ms
[4475.692s][debug][gc,ref         ] GC(123) ReferenceProcessor::execute queues: 1, RefProcThreadModel::Single, marks_oops_alive: false
[4475.692s][debug][gc,ref         ] GC(123) Skipped KeepAliveFinalRefsPhase of Reference Processing: no references
[4475.692s][debug][gc,ref         ] GC(123) ReferenceProcessor::execute queues: 1, RefProcThreadModel::Single, marks_oops_alive: false
[4475.692s][debug][gc,phases      ] GC(123) Reference Processing 0.150ms
[4475.692s][debug][gc,phases      ] GC(123)   VM Weak                        Min:  0.0, Avg:  0.0, Max:  0.0, Diff:  0.0, Sum:  0.0, Workers: 4
[4475.692s][debug][gc,phases      ] GC(123)     Dead                           Min: 0, Avg:  0.0, Max: 0, Diff: 0, Sum: 0, Workers: 4
[4475.692s][debug][gc,phases      ] GC(123)     Total                          Min: 0, Avg: 254.8, Max: 576, Diff: 576, Sum: 1019, Workers: 4
[4475.692s][debug][gc,phases      ] GC(123)   ObjectSynchronizer Weak        Min:  0.0, Avg:  0.0, Max:  0.0, Diff:  0.0, Sum:  0.0, Workers: 4
[4475.692s][debug][gc,phases      ] GC(123)     Dead                           Min: 0, Avg:  0.0, Max: 0, Diff: 0, Sum: 0, Workers: 4
[4475.692s][debug][gc,phases      ] GC(123)     Total                          Min: 0, Avg:  1.0, Max: 4, Diff: 4, Sum: 4, Workers: 4
[4475.692s][debug][gc,phases      ] GC(123)   JVMTI Tag Weak OopStorage      Min:  0.0, Avg:  0.0, Max:  0.0, Diff:  0.0, Sum:  0.0, Workers: 4
[4475.692s][debug][gc,phases      ] GC(123)     Dead                           Min: 0, Avg:  0.0, Max: 0, Diff: 0, Sum: 0, Workers: 4
[4475.692s][debug][gc,phases      ] GC(123)     Total                          Min: 0, Avg:  0.0, Max: 0, Diff: 0, Sum: 0, Workers: 4
[4475.692s][debug][gc,phases      ] GC(123)   StringTable Weak               Min:  0.0, Avg:  0.1, Max:  0.2, Diff:  0.2, Sum:  0.5, Workers: 4
[4475.692s][debug][gc,phases      ] GC(123)     Dead                           Min: 0, Avg:  0.0, Max: 0, Diff: 0, Sum: 0, Workers: 4
[4475.692s][debug][gc,phases      ] GC(123)     Total                          Min: 0, Avg: 12342.2, Max: 18304, Diff: 18304, Sum: 49369, Workers: 4
[4475.692s][debug][gc,phases      ] GC(123)   ResolvedMethodTable Weak       Min:  0.0, Avg:  0.0, Max:  0.0, Diff:  0.0, Sum:  0.1, Workers: 4
[4475.692s][debug][gc,phases      ] GC(123)     Dead                           Min: 0, Avg:  0.0, Max: 0, Diff: 0, Sum: 0, Workers: 4
[4475.692s][debug][gc,phases      ] GC(123)     Total                          Min: 0, Avg: 3503.2, Max: 4799, Diff: 4799, Sum: 14013, Workers: 4
[4475.692s][debug][gc,phases      ] GC(123)   JNI Weak                       Min:  0.0, Avg:  0.0, Max:  0.0, Diff:  0.0, Sum:  0.0, Workers: 4
[4475.692s][debug][gc,phases      ] GC(123)     Dead                           Min: 0, Avg:  0.0, Max: 0, Diff: 0, Sum: 0, Workers: 4
[4475.692s][debug][gc,phases      ] GC(123)     Total                          Min: 0, Avg: 12.0, Max: 48, Diff: 48, Sum: 48, Workers: 4
[4475.692s][debug][gc,phases      ] GC(123)   StringDedup Table Weak         Min:  0.0, Avg:  0.0, Max:  0.0, Diff:  0.0, Sum:  0.0, Workers: 4
[4475.692s][debug][gc,phases      ] GC(123)     Dead                           Min: 0, Avg:  0.0, Max: 0, Diff: 0, Sum: 0, Workers: 4
[4475.692s][debug][gc,phases      ] GC(123)     Total                          Min: 0, Avg:  0.0, Max: 0, Diff: 0, Sum: 0, Workers: 4
[4475.692s][debug][gc,phases      ] GC(123)   StringDedup Requests0 Weak     Min:  0.0, Avg:  0.0, Max:  0.0, Diff:  0.0, Sum:  0.0, Workers: 4
[4475.692s][debug][gc,phases      ] GC(123)     Dead                           Min: 0, Avg:  0.0, Max: 0, Diff: 0, Sum: 0, Workers: 4
[4475.692s][debug][gc,phases      ] GC(123)     Total                          Min: 0, Avg:  0.0, Max: 0, Diff: 0, Sum: 0, Workers: 4
[4475.692s][debug][gc,phases      ] GC(123)   StringDedup Requests1 Weak     Min:  0.0, Avg:  0.0, Max:  0.0, Diff:  0.0, Sum:  0.0, Workers: 4
[4475.692s][debug][gc,phases      ] GC(123)     Dead                           Min: 0, Avg:  0.0, Max: 0, Diff: 0, Sum: 0, Workers: 4
[4475.692s][debug][gc,phases      ] GC(123)     Total                          Min: 0, Avg:  0.0, Max: 0, Diff: 0, Sum: 0, Workers: 4
[4475.692s][debug][gc,phases      ] GC(123)   Weak JFR Old Object Samples    Min:  0.0, Avg:  0.0, Max:  0.0, Diff:  0.0, Sum:  0.0, Workers: 4
[4475.692s][debug][gc,phases      ] GC(123)     Dead                           Min: 0, Avg:  0.0, Max: 0, Diff: 0, Sum: 0, Workers: 4
[4475.692s][debug][gc,phases      ] GC(123)     Total                          Min: 0, Avg:  0.0, Max: 0, Diff: 0, Sum: 0, Workers: 4
[4475.692s][debug][gc,phases      ] GC(123) Weak Processing 0.472ms
[4475.692s][debug][gc,age         ] GC(123) Desired survivor size 214433792 bytes, new threshold 15 (max threshold 15)
[4475.692s][info ][gc,heap        ] GC(123) PSYoungGen: 1674521K(1865728K)->33305K(1887744K) Eden: 1640960K(1640960K)->0K(1670656K) From: 33561K(224768K)->33305K(217088K)
[4475.692s][info ][gc,heap        ] GC(123) ParOldGen: 297172K(435712K)->297180K(435712K)
[4475.692s][info ][gc,metaspace   ] GC(123) Metaspace: 98678K(100032K)->98678K(100032K) NonClass: 84399K(85184K)->84399K(85184K) Class: 14279K(14848K)->14279K(14848K)
[4475.692s][info ][gc             ] GC(123) Pause Young (Allocation Failure) 1925M->322M(2269M) 8.519ms
[4475.693s][info ][gc,cpu         ] GC(123) User=0.03s Sys=0.00s Real=0.01s
[4475.693s][info ][safepoint      ] Safepoint "ParallelGCFailedAllocation", Time since last: 24367776014 ns, Reaching safepoint: 83502 ns, Cleanup: 3800 ns, At safepoint: 8611352 ns, Total: 8698654 ns
[4503.331s][info ][safepoint      ] Safepoint "Cleanup", Time since last: 27638589194 ns, Reaching safepoint: 9100 ns, Cleanup: 23601 ns, At safepoint: 30901 ns, Total: 63602 ns
[4507.332s][info ][safepoint      ] Safepoint "Cleanup", Time since last: 4000319098 ns, Reaching safepoint: 8800 ns, Cleanup: 14200 ns, At safepoint: 3100 ns, Total: 26100 ns
[4513.332s][info ][safepoint      ] Safepoint "Cleanup", Time since last: 6000436724 ns, Reaching safepoint: 8800 ns, Cleanup: 18500 ns, At safepoint: 2601 ns, Total: 29901 ns
[4532.333s][info ][safepoint      ] Safepoint "Cleanup", Time since last: 19001345689 ns, Reaching safepoint: 88302 ns, Cleanup: 11201 ns, At safepoint: 6800 ns, Total: 106303 ns
[4536.984s][info ][gc,start       ] GC(124) Pause Young (Allocation Failure)
[4536.993s][debug][gc,phases      ] GC(124) Scavenge 8.646ms
[4536.993s][debug][gc,ref         ] GC(124) ReferenceProcessor::execute queues: 1, RefProcThreadModel::Single, marks_oops_alive: false
[4536.993s][debug][gc,ref         ] GC(124) Skipped KeepAliveFinalRefsPhase of Reference Processing: no references
[4536.993s][debug][gc,ref         ] GC(124) ReferenceProcessor::execute queues: 1, RefProcThreadModel::Single, marks_oops_alive: false
[4536.993s][debug][gc,phases      ] GC(124) Reference Processing 0.128ms
[4536.993s][debug][gc,phases      ] GC(124)   VM Weak                        Min:  0.0, Avg:  0.0, Max:  0.0, Diff:  0.0, Sum:  0.0, Workers: 4
[4536.993s][debug][gc,phases      ] GC(124)     Dead                           Min: 0, Avg:  0.0, Max: 0, Diff: 0, Sum: 0, Workers: 4
[4536.993s][debug][gc,phases      ] GC(124)     Total                          Min: 0, Avg: 254.8, Max: 512, Diff: 512, Sum: 1019, Workers: 4
[4536.993s][debug][gc,phases      ] GC(124)   ObjectSynchronizer Weak        Min:  0.0, Avg:  0.0, Max:  0.0, Diff:  0.0, Sum:  0.0, Workers: 4
[4536.993s][debug][gc,phases      ] GC(124)     Dead                           Min: 0, Avg:  0.0, Max: 0, Diff: 0, Sum: 0, Workers: 4
[4536.993s][debug][gc,phases      ] GC(124)     Total                          Min: 0, Avg:  1.0, Max: 4, Diff: 4, Sum: 4, Workers: 4
[4536.993s][debug][gc,phases      ] GC(124)   JVMTI Tag Weak OopStorage      Min:  0.0, Avg:  0.0, Max:  0.0, Diff:  0.0, Sum:  0.0, Workers: 4
[4536.993s][debug][gc,phases      ] GC(124)     Dead                           Min: 0, Avg:  0.0, Max: 0, Diff: 0, Sum: 0, Workers: 4
[4536.993s][debug][gc,phases      ] GC(124)     Total                          Min: 0, Avg:  0.0, Max: 0, Diff: 0, Sum: 0, Workers: 4
[4536.993s][debug][gc,phases      ] GC(124)   StringTable Weak               Min:  0.0, Avg:  0.1, Max:  0.2, Diff:  0.2, Sum:  0.5, Workers: 4
[4536.993s][debug][gc,phases      ] GC(124)     Dead                           Min: 0, Avg:  0.0, Max: 0, Diff: 0, Sum: 0, Workers: 4
[4536.993s][debug][gc,phases      ] GC(124)     Total                          Min: 0, Avg: 12347.2, Max: 17133, Diff: 17133, Sum: 49389, Workers: 4
[4536.993s][debug][gc,phases      ] GC(124)   ResolvedMethodTable Weak       Min:  0.0, Avg:  0.0, Max:  0.0, Diff:  0.0, Sum:  0.1, Workers: 4
[4536.993s][debug][gc,phases      ] GC(124)     Dead                           Min: 0, Avg:  0.0, Max: 0, Diff: 0, Sum: 0, Workers: 4
[4536.993s][debug][gc,phases      ] GC(124)     Total                          Min: 0, Avg: 3503.2, Max: 4928, Diff: 4928, Sum: 14013, Workers: 4
[4536.993s][debug][gc,phases      ] GC(124)   JNI Weak                       Min:  0.0, Avg:  0.0, Max:  0.0, Diff:  0.0, Sum:  0.0, Workers: 4
[4536.993s][debug][gc,phases      ] GC(124)     Dead                           Min: 0, Avg:  0.0, Max: 0, Diff: 0, Sum: 0, Workers: 4
[4536.993s][debug][gc,phases      ] GC(124)     Total                          Min: 0, Avg: 12.0, Max: 48, Diff: 48, Sum: 48, Workers: 4
[4536.993s][debug][gc,phases      ] GC(124)   StringDedup Table Weak         Min:  0.0, Avg:  0.0, Max:  0.0, Diff:  0.0, Sum:  0.0, Workers: 4
[4536.993s][debug][gc,phases      ] GC(124)     Dead                           Min: 0, Avg:  0.0, Max: 0, Diff: 0, Sum: 0, Workers: 4
[4536.993s][debug][gc,phases      ] GC(124)     Total                          Min: 0, Avg:  0.0, Max: 0, Diff: 0, Sum: 0, Workers: 4
[4536.993s][debug][gc,phases      ] GC(124)   StringDedup Requests0 Weak     Min:  0.0, Avg:  0.0, Max:  0.0, Diff:  0.0, Sum:  0.0, Workers: 4
[4536.993s][debug][gc,phases      ] GC(124)     Dead                           Min: 0, Avg:  0.0, Max: 0, Diff: 0, Sum: 0, Workers: 4
[4536.993s][debug][gc,phases      ] GC(124)     Total                          Min: 0, Avg:  0.0, Max: 0, Diff: 0, Sum: 0, Workers: 4
[4536.993s][debug][gc,phases      ] GC(124)   StringDedup Requests1 Weak     Min:  0.0, Avg:  0.0, Max:  0.0, Diff:  0.0, Sum:  0.0, Workers: 4
[4536.993s][debug][gc,phases      ] GC(124)     Dead                           Min: 0, Avg:  0.0, Max: 0, Diff: 0, Sum: 0, Workers: 4
[4536.993s][debug][gc,phases      ] GC(124)     Total                          Min: 0, Avg:  0.0, Max: 0, Diff: 0, Sum: 0, Workers: 4
[4536.993s][debug][gc,phases      ] GC(124)   Weak JFR Old Object Samples    Min:  0.0, Avg:  0.0, Max:  0.0, Diff:  0.0, Sum:  0.0, Workers: 4
[4536.993s][debug][gc,phases      ] GC(124)     Dead                           Min: 0, Avg:  0.0, Max: 0, Diff: 0, Sum: 0, Workers: 4
[4536.993s][debug][gc,phases      ] GC(124)     Total                          Min: 0, Avg:  0.0, Max: 0, Diff: 0, Sum: 0, Workers: 4
[4536.993s][debug][gc,phases      ] GC(124) Weak Processing 0.477ms
[4536.993s][debug][gc,age         ] GC(124) Desired survivor size 206045184 bytes, new threshold 15 (max threshold 15)
[4536.993s][info ][gc,heap        ] GC(124) PSYoungGen: 1703961K(1887744K)->34137K(1880064K) Eden: 1670656K(1670656K)->0K(1670656K) From: 33305K(217088K)->34137K(209408K)
[4536.993s][info ][gc,heap        ] GC(124) ParOldGen: 297180K(435712K)->297180K(435712K)
[4536.993s][info ][gc,metaspace   ] GC(124) Metaspace: 98727K(100032K)->98727K(100032K) NonClass: 84448K(85184K)->84448K(85184K) Class: 14279K(14848K)->14279K(14848K)
[4536.993s][info ][gc             ] GC(124) Pause Young (Allocation Failure) 1954M->323M(2261M) 9.406ms
[4536.993s][info ][gc,cpu         ] GC(124) User=0.03s Sys=0.00s Real=0.01s
[4536.994s][info ][safepoint      ] Safepoint "ParallelGCFailedAllocation", Time since last: 4650424152 ns, Reaching safepoint: 85503 ns, Cleanup: 3800 ns, At safepoint: 9523404 ns, Total: 9612707 ns
[4544.994s][info ][safepoint      ] Safepoint "Cleanup", Time since last: 8000562519 ns, Reaching safepoint: 8700 ns, Cleanup: 12501 ns, At safepoint: 2300 ns, Total: 23501 ns
[4564.347s][info ][safepoint      ] Safepoint "Cleanup", Time since last: 19353241050 ns, Reaching safepoint: 19901 ns, Cleanup: 10700 ns, At safepoint: 5800 ns, Total: 36401 ns
[4578.348s][info ][safepoint      ] Safepoint "Cleanup", Time since last: 14000938785 ns, Reaching safepoint: 8100 ns, Cleanup: 11001 ns, At safepoint: 2800 ns, Total: 21901 ns
[4590.349s][info ][safepoint      ] Safepoint "Cleanup", Time since last: 12000826885 ns, Reaching safepoint: 7700 ns, Cleanup: 11100 ns, At safepoint: 2500 ns, Total: 21300 ns
[4597.350s][info ][safepoint      ] Safepoint "Cleanup", Time since last: 7000517325 ns, Reaching safepoint: 7900 ns, Cleanup: 6200 ns, At safepoint: 2100 ns, Total: 16200 ns
[4598.134s][info ][gc,start       ] GC(125) Pause Young (Allocation Failure)
[4598.141s][debug][gc,phases      ] GC(125) Scavenge 7.623ms
[4598.142s][debug][gc,ref         ] GC(125) ReferenceProcessor::execute queues: 1, RefProcThreadModel::Single, marks_oops_alive: false
[4598.142s][debug][gc,ref         ] GC(125) Skipped KeepAliveFinalRefsPhase of Reference Processing: no references
[4598.142s][debug][gc,ref         ] GC(125) ReferenceProcessor::execute queues: 1, RefProcThreadModel::Single, marks_oops_alive: false
[4598.142s][debug][gc,phases      ] GC(125) Reference Processing 0.134ms
[4598.142s][debug][gc,phases      ] GC(125)   VM Weak                        Min:  0.0, Avg:  0.0, Max:  0.0, Diff:  0.0, Sum:  0.0, Workers: 4
[4598.142s][debug][gc,phases      ] GC(125)     Dead                           Min: 0, Avg:  0.0, Max: 0, Diff: 0, Sum: 0, Workers: 4
[4598.142s][debug][gc,phases      ] GC(125)     Total                          Min: 0, Avg: 254.8, Max: 635, Diff: 635, Sum: 1019, Workers: 4
[4598.142s][debug][gc,phases      ] GC(125)   ObjectSynchronizer Weak        Min:  0.0, Avg:  0.0, Max:  0.0, Diff:  0.0, Sum:  0.0, Workers: 4
[4598.142s][debug][gc,phases      ] GC(125)     Dead                           Min: 0, Avg:  0.0, Max: 0, Diff: 0, Sum: 0, Workers: 4
[4598.142s][debug][gc,phases      ] GC(125)     Total                          Min: 0, Avg:  1.0, Max: 4, Diff: 4, Sum: 4, Workers: 4
[4598.142s][debug][gc,phases      ] GC(125)   JVMTI Tag Weak OopStorage      Min:  0.0, Avg:  0.0, Max:  0.0, Diff:  0.0, Sum:  0.0, Workers: 4
[4598.142s][debug][gc,phases      ] GC(125)     Dead                           Min: 0, Avg:  0.0, Max: 0, Diff: 0, Sum: 0, Workers: 4
[4598.142s][debug][gc,phases      ] GC(125)     Total                          Min: 0, Avg:  0.0, Max: 0, Diff: 0, Sum: 0, Workers: 4
[4598.142s][debug][gc,phases      ] GC(125)   StringTable Weak               Min:  0.0, Avg:  0.1, Max:  0.2, Diff:  0.2, Sum:  0.5, Workers: 4
[4598.142s][debug][gc,phases      ] GC(125)     Dead                           Min: 0, Avg:  0.0, Max: 0, Diff: 0, Sum: 0, Workers: 4
[4598.142s][debug][gc,phases      ] GC(125)     Total                          Min: 0, Avg: 12347.2, Max: 17152, Diff: 17152, Sum: 49389, Workers: 4
[4598.142s][debug][gc,phases      ] GC(125)   ResolvedMethodTable Weak       Min:  0.0, Avg:  0.0, Max:  0.0, Diff:  0.0, Sum:  0.1, Workers: 4
[4598.142s][debug][gc,phases      ] GC(125)     Dead                           Min: 0, Avg:  0.0, Max: 0, Diff: 0, Sum: 0, Workers: 4
[4598.142s][debug][gc,phases      ] GC(125)     Total                          Min: 0, Avg: 3503.2, Max: 5696, Diff: 5696, Sum: 14013, Workers: 4
[4598.142s][debug][gc,phases      ] GC(125)   JNI Weak                       Min:  0.0, Avg:  0.0, Max:  0.0, Diff:  0.0, Sum:  0.0, Workers: 4
[4598.142s][debug][gc,phases      ] GC(125)     Dead                           Min: 0, Avg:  0.0, Max: 0, Diff: 0, Sum: 0, Workers: 4
[4598.142s][debug][gc,phases      ] GC(125)     Total                          Min: 0, Avg: 12.0, Max: 48, Diff: 48, Sum: 48, Workers: 4
[4598.142s][debug][gc,phases      ] GC(125)   StringDedup Table Weak         Min:  0.0, Avg:  0.0, Max:  0.0, Diff:  0.0, Sum:  0.0, Workers: 4
[4598.142s][debug][gc,phases      ] GC(125)     Dead                           Min: 0, Avg:  0.0, Max: 0, Diff: 0, Sum: 0, Workers: 4
[4598.142s][debug][gc,phases      ] GC(125)     Total                          Min: 0, Avg:  0.0, Max: 0, Diff: 0, Sum: 0, Workers: 4
[4598.142s][debug][gc,phases      ] GC(125)   StringDedup Requests0 Weak     Min:  0.0, Avg:  0.0, Max:  0.0, Diff:  0.0, Sum:  0.0, Workers: 4
[4598.142s][debug][gc,phases      ] GC(125)     Dead                           Min: 0, Avg:  0.0, Max: 0, Diff: 0, Sum: 0, Workers: 4
[4598.142s][debug][gc,phases      ] GC(125)     Total                          Min: 0, Avg:  0.0, Max: 0, Diff: 0, Sum: 0, Workers: 4
[4598.142s][debug][gc,phases      ] GC(125)   StringDedup Requests1 Weak     Min:  0.0, Avg:  0.0, Max:  0.0, Diff:  0.0, Sum:  0.0, Workers: 4
[4598.142s][debug][gc,phases      ] GC(125)     Dead                           Min: 0, Avg:  0.0, Max: 0, Diff: 0, Sum: 0, Workers: 4
[4598.142s][debug][gc,phases      ] GC(125)     Total                          Min: 0, Avg:  0.0, Max: 0, Diff: 0, Sum: 0, Workers: 4
[4598.142s][debug][gc,phases      ] GC(125)   Weak JFR Old Object Samples    Min:  0.0, Avg:  0.0, Max:  0.0, Diff:  0.0, Sum:  0.0, Workers: 4
[4598.142s][debug][gc,phases      ] GC(125)     Dead                           Min: 0, Avg:  0.0, Max: 0, Diff: 0, Sum: 0, Workers: 4
[4598.142s][debug][gc,phases      ] GC(125)     Total                          Min: 0, Avg:  0.0, Max: 0, Diff: 0, Sum: 0, Workers: 4
[4598.142s][debug][gc,phases      ] GC(125) Weak Processing 0.485ms
[4598.142s][debug][gc,age         ] GC(125) Desired survivor size 197656576 bytes, new threshold 15 (max threshold 15)
[4598.142s][info ][gc,heap        ] GC(125) PSYoungGen: 1704793K(1880064K)->33257K(1904128K) Eden: 1670656K(1670656K)->0K(1702912K) From: 34137K(209408K)->33257K(201216K)
[4598.142s][info ][gc,heap        ] GC(125) ParOldGen: 297180K(435712K)->297180K(435712K)
[4598.142s][info ][gc,metaspace   ] GC(125) Metaspace: 98728K(100032K)->98728K(100032K) NonClass: 84449K(85184K)->84449K(85184K) Class: 14279K(14848K)->14279K(14848K)
[4598.142s][info ][gc             ] GC(125) Pause Young (Allocation Failure) 1955M->322M(2285M) 8.413ms
[4598.142s][info ][gc,cpu         ] GC(125) User=0.03s Sys=0.00s Real=0.01s
[4598.142s][info ][safepoint      ] Safepoint "ParallelGCFailedAllocation", Time since last: 783873568 ns, Reaching safepoint: 85603 ns, Cleanup: 4100 ns, At safepoint: 8507860 ns, Total: 8597563 ns
[4612.143s][info ][safepoint      ] Safepoint "Cleanup", Time since last: 14000951703 ns, Reaching safepoint: 8401 ns, Cleanup: 10500 ns, At safepoint: 2800 ns, Total: 21701 ns
[4653.365s][info ][safepoint      ] Safepoint "Cleanup", Time since last: 41221807416 ns, Reaching safepoint: 9001 ns, Cleanup: 12100 ns, At safepoint: 26801 ns, Total: 47902 ns
[4662.366s][info ][safepoint      ] Safepoint "Cleanup", Time since last: 9000721491 ns, Reaching safepoint: 12400 ns, Cleanup: 14001 ns, At safepoint: 2800 ns, Total: 29201 ns
[4663.384s][info ][gc,start       ] GC(126) Pause Young (Allocation Failure)
[4663.390s][debug][gc,phases      ] GC(126) Scavenge 6.505ms
[4663.391s][debug][gc,ref         ] GC(126) ReferenceProcessor::execute queues: 1, RefProcThreadModel::Single, marks_oops_alive: false
[4663.391s][debug][gc,ref         ] GC(126) Skipped KeepAliveFinalRefsPhase of Reference Processing: no references
[4663.391s][debug][gc,ref         ] GC(126) ReferenceProcessor::execute queues: 1, RefProcThreadModel::Single, marks_oops_alive: false
[4663.391s][debug][gc,phases      ] GC(126) Reference Processing 0.144ms
[4663.391s][debug][gc,phases      ] GC(126)   VM Weak                        Min:  0.0, Avg:  0.0, Max:  0.0, Diff:  0.0, Sum:  0.0, Workers: 4
[4663.391s][debug][gc,phases      ] GC(126)     Dead                           Min: 0, Avg:  0.0, Max: 0, Diff: 0, Sum: 0, Workers: 4
[4663.391s][debug][gc,phases      ] GC(126)     Total                          Min: 0, Avg: 254.8, Max: 827, Diff: 827, Sum: 1019, Workers: 4
[4663.391s][debug][gc,phases      ] GC(126)   ObjectSynchronizer Weak        Min:  0.0, Avg:  0.0, Max:  0.0, Diff:  0.0, Sum:  0.0, Workers: 4
[4663.391s][debug][gc,phases      ] GC(126)     Dead                           Min: 0, Avg:  0.0, Max: 0, Diff: 0, Sum: 0, Workers: 4
[4663.391s][debug][gc,phases      ] GC(126)     Total                          Min: 0, Avg:  1.0, Max: 4, Diff: 4, Sum: 4, Workers: 4
[4663.391s][debug][gc,phases      ] GC(126)   JVMTI Tag Weak OopStorage      Min:  0.0, Avg:  0.0, Max:  0.0, Diff:  0.0, Sum:  0.0, Workers: 4
[4663.391s][debug][gc,phases      ] GC(126)     Dead                           Min: 0, Avg:  0.0, Max: 0, Diff: 0, Sum: 0, Workers: 4
[4663.391s][debug][gc,phases      ] GC(126)     Total                          Min: 0, Avg:  0.0, Max: 0, Diff: 0, Sum: 0, Workers: 4
[4663.391s][debug][gc,phases      ] GC(126)   StringTable Weak               Min:  0.1, Avg:  0.1, Max:  0.1, Diff:  0.0, Sum:  0.5, Workers: 4
[4663.391s][debug][gc,phases      ] GC(126)     Dead                           Min: 0, Avg:  0.0, Max: 0, Diff: 0, Sum: 0, Workers: 4
[4663.391s][debug][gc,phases      ] GC(126)     Total                          Min: 9920, Avg: 12347.2, Max: 13376, Diff: 3456, Sum: 49389, Workers: 4
[4663.391s][debug][gc,phases      ] GC(126)   ResolvedMethodTable Weak       Min:  0.0, Avg:  0.0, Max:  0.0, Diff:  0.0, Sum:  0.1, Workers: 4
[4663.391s][debug][gc,phases      ] GC(126)     Dead                           Min: 0, Avg:  0.0, Max: 0, Diff: 0, Sum: 0, Workers: 4
[4663.391s][debug][gc,phases      ] GC(126)     Total                          Min: 3135, Avg: 3503.2, Max: 4096, Diff: 961, Sum: 14013, Workers: 4
[4663.391s][debug][gc,phases      ] GC(126)   JNI Weak                       Min:  0.0, Avg:  0.0, Max:  0.0, Diff:  0.0, Sum:  0.0, Workers: 4
[4663.391s][debug][gc,phases      ] GC(126)     Dead                           Min: 0, Avg:  0.0, Max: 0, Diff: 0, Sum: 0, Workers: 4
[4663.391s][debug][gc,phases      ] GC(126)     Total                          Min: 0, Avg: 12.0, Max: 48, Diff: 48, Sum: 48, Workers: 4
[4663.391s][debug][gc,phases      ] GC(126)   StringDedup Table Weak         Min:  0.0, Avg:  0.0, Max:  0.0, Diff:  0.0, Sum:  0.0, Workers: 4
[4663.391s][debug][gc,phases      ] GC(126)     Dead                           Min: 0, Avg:  0.0, Max: 0, Diff: 0, Sum: 0, Workers: 4
[4663.391s][debug][gc,phases      ] GC(126)     Total                          Min: 0, Avg:  0.0, Max: 0, Diff: 0, Sum: 0, Workers: 4
[4663.391s][debug][gc,phases      ] GC(126)   StringDedup Requests0 Weak     Min:  0.0, Avg:  0.0, Max:  0.0, Diff:  0.0, Sum:  0.0, Workers: 4
[4663.391s][debug][gc,phases      ] GC(126)     Dead                           Min: 0, Avg:  0.0, Max: 0, Diff: 0, Sum: 0, Workers: 4
[4663.391s][debug][gc,phases      ] GC(126)     Total                          Min: 0, Avg:  0.0, Max: 0, Diff: 0, Sum: 0, Workers: 4
[4663.391s][debug][gc,phases      ] GC(126)   StringDedup Requests1 Weak     Min:  0.0, Avg:  0.0, Max:  0.0, Diff:  0.0, Sum:  0.0, Workers: 4
[4663.391s][debug][gc,phases      ] GC(126)     Dead                           Min: 0, Avg:  0.0, Max: 0, Diff: 0, Sum: 0, Workers: 4
[4663.391s][debug][gc,phases      ] GC(126)     Total                          Min: 0, Avg:  0.0, Max: 0, Diff: 0, Sum: 0, Workers: 4
[4663.391s][debug][gc,phases      ] GC(126)   Weak JFR Old Object Samples    Min:  0.0, Avg:  0.0, Max:  0.0, Diff:  0.0, Sum:  0.0, Workers: 4
[4663.391s][debug][gc,phases      ] GC(126)     Dead                           Min: 0, Avg:  0.0, Max: 0, Diff: 0, Sum: 0, Workers: 4
[4663.391s][debug][gc,phases      ] GC(126)     Total                          Min: 0, Avg:  0.0, Max: 0, Diff: 0, Sum: 0, Workers: 4
[4663.391s][debug][gc,phases      ] GC(126) Weak Processing 0.439ms
[4663.391s][debug][gc,age         ] GC(126) Desired survivor size 189792256 bytes, new threshold 15 (max threshold 15)
[4663.391s][info ][gc,heap        ] GC(126) PSYoungGen: 1736169K(1904128K)->28215K(1895936K) Eden: 1702912K(1702912K)->0K(1702912K) From: 33257K(201216K)->28215K(193024K)
[4663.391s][info ][gc,heap        ] GC(126) ParOldGen: 297180K(435712K)->297180K(435712K)
[4663.391s][info ][gc,metaspace   ] GC(126) Metaspace: 98732K(100032K)->98732K(100032K) NonClass: 84453K(85184K)->84453K(85184K) Class: 14279K(14848K)->14279K(14848K)
[4663.391s][info ][gc             ] GC(126) Pause Young (Allocation Failure) 1985M->317M(2277M) 7.265ms
[4663.391s][info ][gc,cpu         ] GC(126) User=0.02s Sys=0.00s Real=0.01s
[4663.391s][info ][safepoint      ] Safepoint "ParallelGCFailedAllocation", Time since last: 1018014108 ns, Reaching safepoint: 80802 ns, Cleanup: 4000 ns, At safepoint: 7356025 ns, Total: 7440827 ns
[4670.392s][info ][safepoint      ] Safepoint "Cleanup", Time since last: 7000527635 ns, Reaching safepoint: 7601 ns, Cleanup: 10100 ns, At safepoint: 2800 ns, Total: 20501 ns
[4675.392s][info ][safepoint      ] Safepoint "Cleanup", Time since last: 5000387961 ns, Reaching safepoint: 87402 ns, Cleanup: 24901 ns, At safepoint: 6200 ns, Total: 118503 ns
[4689.379s][info ][safepoint      ] Safepoint "Cleanup", Time since last: 13987026733 ns, Reaching safepoint: 10700 ns, Cleanup: 10901 ns, At safepoint: 2300 ns, Total: 23901 ns
[4699.380s][info ][safepoint      ] Safepoint "Cleanup", Time since last: 10000741483 ns, Reaching safepoint: 8500 ns, Cleanup: 12901 ns, At safepoint: 27800 ns, Total: 49201 ns
[4715.381s][info ][safepoint      ] Safepoint "Cleanup", Time since last: 16001003387 ns, Reaching safepoint: 9000 ns, Cleanup: 12201 ns, At safepoint: 2800 ns, Total: 24001 ns
[4716.484s][info ][gc,start       ] GC(127) Pause Young (Allocation Failure)
[4716.492s][debug][gc,phases      ] GC(127) Scavenge 8.453ms
[4716.492s][debug][gc,ref         ] GC(127) ReferenceProcessor::execute queues: 1, RefProcThreadModel::Single, marks_oops_alive: false
[4716.492s][debug][gc,ref         ] GC(127) Skipped KeepAliveFinalRefsPhase of Reference Processing: no references
[4716.492s][debug][gc,ref         ] GC(127) Skipped PhantomRefsPhase of Reference Processing: no references
[4716.492s][debug][gc,phases      ] GC(127) Reference Processing 0.123ms
[4716.493s][debug][gc,phases      ] GC(127)   VM Weak                        Min:  0.0, Avg:  0.0, Max:  0.0, Diff:  0.0, Sum:  0.0, Workers: 4
[4716.493s][debug][gc,phases      ] GC(127)     Dead                           Min: 0, Avg:  0.0, Max: 0, Diff: 0, Sum: 0, Workers: 4
[4716.493s][debug][gc,phases      ] GC(127)     Total                          Min: 0, Avg: 254.8, Max: 891, Diff: 891, Sum: 1019, Workers: 4
[4716.493s][debug][gc,phases      ] GC(127)   ObjectSynchronizer Weak        Min:  0.0, Avg:  0.0, Max:  0.0, Diff:  0.0, Sum:  0.0, Workers: 4
[4716.493s][debug][gc,phases      ] GC(127)     Dead                           Min: 0, Avg:  0.0, Max: 0, Diff: 0, Sum: 0, Workers: 4
[4716.493s][debug][gc,phases      ] GC(127)     Total                          Min: 0, Avg:  1.0, Max: 4, Diff: 4, Sum: 4, Workers: 4
[4716.493s][debug][gc,phases      ] GC(127)   JVMTI Tag Weak OopStorage      Min:  0.0, Avg:  0.0, Max:  0.0, Diff:  0.0, Sum:  0.0, Workers: 4
[4716.493s][debug][gc,phases      ] GC(127)     Dead                           Min: 0, Avg:  0.0, Max: 0, Diff: 0, Sum: 0, Workers: 4
[4716.493s][debug][gc,phases      ] GC(127)     Total                          Min: 0, Avg:  0.0, Max: 0, Diff: 0, Sum: 0, Workers: 4
[4716.493s][debug][gc,phases      ] GC(127)   StringTable Weak               Min:  0.0, Avg:  0.1, Max:  0.2, Diff:  0.2, Sum:  0.5, Workers: 4
[4716.493s][debug][gc,phases      ] GC(127)     Dead                           Min: 0, Avg:  0.0, Max: 0, Diff: 0, Sum: 0, Workers: 4
[4716.493s][debug][gc,phases      ] GC(127)     Total                          Min: 0, Avg: 12351.5, Max: 17918, Diff: 17918, Sum: 49406, Workers: 4
[4716.493s][debug][gc,phases      ] GC(127)   ResolvedMethodTable Weak       Min:  0.0, Avg:  0.0, Max:  0.0, Diff:  0.0, Sum:  0.1, Workers: 4
[4716.493s][debug][gc,phases      ] GC(127)     Dead                           Min: 0, Avg:  0.0, Max: 0, Diff: 0, Sum: 0, Workers: 4
[4716.493s][debug][gc,phases      ] GC(127)     Total                          Min: 0, Avg: 3503.2, Max: 4863, Diff: 4863, Sum: 14013, Workers: 4
[4716.493s][debug][gc,phases      ] GC(127)   JNI Weak                       Min:  0.0, Avg:  0.0, Max:  0.0, Diff:  0.0, Sum:  0.0, Workers: 4
[4716.493s][debug][gc,phases      ] GC(127)     Dead                           Min: 0, Avg:  0.0, Max: 0, Diff: 0, Sum: 0, Workers: 4
[4716.493s][debug][gc,phases      ] GC(127)     Total                          Min: 0, Avg: 12.0, Max: 48, Diff: 48, Sum: 48, Workers: 4
[4716.493s][debug][gc,phases      ] GC(127)   StringDedup Table Weak         Min:  0.0, Avg:  0.0, Max:  0.0, Diff:  0.0, Sum:  0.0, Workers: 4
[4716.493s][debug][gc,phases      ] GC(127)     Dead                           Min: 0, Avg:  0.0, Max: 0, Diff: 0, Sum: 0, Workers: 4
[4716.493s][debug][gc,phases      ] GC(127)     Total                          Min: 0, Avg:  0.0, Max: 0, Diff: 0, Sum: 0, Workers: 4
[4716.493s][debug][gc,phases      ] GC(127)   StringDedup Requests0 Weak     Min:  0.0, Avg:  0.0, Max:  0.0, Diff:  0.0, Sum:  0.0, Workers: 4
[4716.493s][debug][gc,phases      ] GC(127)     Dead                           Min: 0, Avg:  0.0, Max: 0, Diff: 0, Sum: 0, Workers: 4
[4716.493s][debug][gc,phases      ] GC(127)     Total                          Min: 0, Avg:  0.0, Max: 0, Diff: 0, Sum: 0, Workers: 4
[4716.493s][debug][gc,phases      ] GC(127)   StringDedup Requests1 Weak     Min:  0.0, Avg:  0.0, Max:  0.0, Diff:  0.0, Sum:  0.0, Workers: 4
[4716.493s][debug][gc,phases      ] GC(127)     Dead                           Min: 0, Avg:  0.0, Max: 0, Diff: 0, Sum: 0, Workers: 4
[4716.493s][debug][gc,phases      ] GC(127)     Total                          Min: 0, Avg:  0.0, Max: 0, Diff: 0, Sum: 0, Workers: 4
[4716.493s][debug][gc,phases      ] GC(127)   Weak JFR Old Object Samples    Min:  0.0, Avg:  0.0, Max:  0.0, Diff:  0.0, Sum:  0.0, Workers: 4
[4716.493s][debug][gc,phases      ] GC(127)     Dead                           Min: 0, Avg:  0.0, Max: 0, Diff: 0, Sum: 0, Workers: 4
[4716.493s][debug][gc,phases      ] GC(127)     Total                          Min: 0, Avg:  0.0, Max: 0, Diff: 0, Sum: 0, Workers: 4
[4716.493s][debug][gc,phases      ] GC(127) Weak Processing 0.469ms
[4716.493s][debug][gc,age         ] GC(127) Desired survivor size 181927936 bytes, new threshold 15 (max threshold 15)
[4716.493s][info ][gc,heap        ] GC(127) PSYoungGen: 1731127K(1895936K)->29928K(1919488K) Eden: 1702912K(1702912K)->0K(1734144K) From: 28215K(193024K)->29928K(185344K)
[4716.493s][info ][gc,heap        ] GC(127) ParOldGen: 297180K(435712K)->297180K(435712K)
[4716.493s][info ][gc,metaspace   ] GC(127) Metaspace: 98736K(100032K)->98736K(100032K) NonClass: 84457K(85184K)->84457K(85184K) Class: 14279K(14848K)->14279K(14848K)
[4716.493s][info ][gc             ] GC(127) Pause Young (Allocation Failure) 1980M->319M(2300M) 9.203ms
[4716.493s][info ][gc,cpu         ] GC(127) User=0.03s Sys=0.00s Real=0.01s
[4716.493s][info ][safepoint      ] Safepoint "ParallelGCFailedAllocation", Time since last: 1102493502 ns, Reaching safepoint: 83602 ns, Cleanup: 4600 ns, At safepoint: 9301881 ns, Total: 9390083 ns
[4718.493s][info ][safepoint      ] Safepoint "Cleanup", Time since last: 2000150917 ns, Reaching safepoint: 8600 ns, Cleanup: 10100 ns, At safepoint: 2500 ns, Total: 21200 ns
[4730.494s][info ][safepoint      ] Safepoint "Cleanup", Time since last: 12000833861 ns, Reaching safepoint: 7700 ns, Cleanup: 11300 ns, At safepoint: 2200 ns, Total: 21200 ns
[4731.494s][info ][safepoint      ] Safepoint "Cleanup", Time since last: 1000124428 ns, Reaching safepoint: 7700 ns, Cleanup: 9700 ns, At safepoint: 2400 ns, Total: 19800 ns
[4732.494s][info ][safepoint      ] Safepoint "Cleanup", Time since last: 1000127128 ns, Reaching safepoint: 83702 ns, Cleanup: 11400 ns, At safepoint: 12701 ns, Total: 107803 ns
[4734.495s][info ][safepoint      ] Safepoint "Cleanup", Time since last: 2000187653 ns, Reaching safepoint: 8700 ns, Cleanup: 15301 ns, At safepoint: 2300 ns, Total: 26301 ns
[4756.396s][info ][safepoint      ] Safepoint "Cleanup", Time since last: 21901137825 ns, Reaching safepoint: 7500 ns, Cleanup: 10801 ns, At safepoint: 3500 ns, Total: 21801 ns
[4765.847s][info ][gc,start       ] GC(128) Pause Young (Allocation Failure)
[4765.855s][debug][gc,phases      ] GC(128) Scavenge 8.306ms
[4765.855s][debug][gc,ref         ] GC(128) ReferenceProcessor::execute queues: 1, RefProcThreadModel::Single, marks_oops_alive: false
[4765.855s][debug][gc,ref         ] GC(128) Skipped KeepAliveFinalRefsPhase of Reference Processing: no references
[4765.855s][debug][gc,ref         ] GC(128) ReferenceProcessor::execute queues: 1, RefProcThreadModel::Single, marks_oops_alive: false
[4765.855s][debug][gc,phases      ] GC(128) Reference Processing 0.150ms
[4765.855s][debug][gc,phases      ] GC(128)   VM Weak                        Min:  0.0, Avg:  0.0, Max:  0.0, Diff:  0.0, Sum:  0.0, Workers: 4
[4765.855s][debug][gc,phases      ] GC(128)     Dead                           Min: 0, Avg:  0.0, Max: 0, Diff: 0, Sum: 0, Workers: 4
[4765.855s][debug][gc,phases      ] GC(128)     Total                          Min: 0, Avg: 254.8, Max: 1019, Diff: 1019, Sum: 1019, Workers: 4
[4765.855s][debug][gc,phases      ] GC(128)   ObjectSynchronizer Weak        Min:  0.0, Avg:  0.0, Max:  0.0, Diff:  0.0, Sum:  0.0, Workers: 4
[4765.855s][debug][gc,phases      ] GC(128)     Dead                           Min: 0, Avg:  0.0, Max: 0, Diff: 0, Sum: 0, Workers: 4
[4765.855s][debug][gc,phases      ] GC(128)     Total                          Min: 0, Avg:  0.8, Max: 3, Diff: 3, Sum: 3, Workers: 4
[4765.855s][debug][gc,phases      ] GC(128)   JVMTI Tag Weak OopStorage      Min:  0.0, Avg:  0.0, Max:  0.0, Diff:  0.0, Sum:  0.0, Workers: 4
[4765.855s][debug][gc,phases      ] GC(128)     Dead                           Min: 0, Avg:  0.0, Max: 0, Diff: 0, Sum: 0, Workers: 4
[4765.855s][debug][gc,phases      ] GC(128)     Total                          Min: 0, Avg:  0.0, Max: 0, Diff: 0, Sum: 0, Workers: 4
[4765.855s][debug][gc,phases      ] GC(128)   StringTable Weak               Min:  0.1, Avg:  0.1, Max:  0.2, Diff:  0.1, Sum:  0.5, Workers: 4
[4765.855s][debug][gc,phases      ] GC(128)     Dead                           Min: 0, Avg:  0.0, Max: 0, Diff: 0, Sum: 0, Workers: 4
[4765.855s][debug][gc,phases      ] GC(128)     Total                          Min: 5760, Avg: 12351.8, Max: 14847, Diff: 9087, Sum: 49407, Workers: 4
[4765.855s][debug][gc,phases      ] GC(128)   ResolvedMethodTable Weak       Min:  0.0, Avg:  0.0, Max:  0.0, Diff:  0.0, Sum:  0.1, Workers: 4
[4765.855s][debug][gc,phases      ] GC(128)     Dead                           Min: 0, Avg:  0.0, Max: 0, Diff: 0, Sum: 0, Workers: 4
[4765.855s][debug][gc,phases      ] GC(128)     Total                          Min: 3263, Avg: 3503.2, Max: 3712, Diff: 449, Sum: 14013, Workers: 4
[4765.855s][debug][gc,phases      ] GC(128)   JNI Weak                       Min:  0.0, Avg:  0.0, Max:  0.0, Diff:  0.0, Sum:  0.0, Workers: 4
[4765.855s][debug][gc,phases      ] GC(128)     Dead                           Min: 0, Avg:  0.0, Max: 0, Diff: 0, Sum: 0, Workers: 4
[4765.855s][debug][gc,phases      ] GC(128)     Total                          Min: 0, Avg: 12.0, Max: 48, Diff: 48, Sum: 48, Workers: 4
[4765.855s][debug][gc,phases      ] GC(128)   StringDedup Table Weak         Min:  0.0, Avg:  0.0, Max:  0.0, Diff:  0.0, Sum:  0.0, Workers: 4
[4765.855s][debug][gc,phases      ] GC(128)     Dead                           Min: 0, Avg:  0.0, Max: 0, Diff: 0, Sum: 0, Workers: 4
[4765.855s][debug][gc,phases      ] GC(128)     Total                          Min: 0, Avg:  0.0, Max: 0, Diff: 0, Sum: 0, Workers: 4
[4765.855s][debug][gc,phases      ] GC(128)   StringDedup Requests0 Weak     Min:  0.0, Avg:  0.0, Max:  0.0, Diff:  0.0, Sum:  0.0, Workers: 4
[4765.855s][debug][gc,phases      ] GC(128)     Dead                           Min: 0, Avg:  0.0, Max: 0, Diff: 0, Sum: 0, Workers: 4
[4765.855s][debug][gc,phases      ] GC(128)     Total                          Min: 0, Avg:  0.0, Max: 0, Diff: 0, Sum: 0, Workers: 4
[4765.856s][debug][gc,phases      ] GC(128)   StringDedup Requests1 Weak     Min:  0.0, Avg:  0.0, Max:  0.0, Diff:  0.0, Sum:  0.0, Workers: 4
[4765.856s][debug][gc,phases      ] GC(128)     Dead                           Min: 0, Avg:  0.0, Max: 0, Diff: 0, Sum: 0, Workers: 4
[4765.856s][debug][gc,phases      ] GC(128)     Total                          Min: 0, Avg:  0.0, Max: 0, Diff: 0, Sum: 0, Workers: 4
[4765.856s][debug][gc,phases      ] GC(128)   Weak JFR Old Object Samples    Min:  0.0, Avg:  0.0, Max:  0.0, Diff:  0.0, Sum:  0.0, Workers: 4
[4765.856s][debug][gc,phases      ] GC(128)     Dead                           Min: 0, Avg:  0.0, Max: 0, Diff: 0, Sum: 0, Workers: 4
[4765.856s][debug][gc,phases      ] GC(128)     Total                          Min: 0, Avg:  0.0, Max: 0, Diff: 0, Sum: 0, Workers: 4
[4765.856s][debug][gc,phases      ] GC(128) Weak Processing 0.471ms
[4765.856s][debug][gc,age         ] GC(128) Desired survivor size 173015040 bytes, new threshold 15 (max threshold 15)
[4765.856s][info ][gc,heap        ] GC(128) PSYoungGen: 1764072K(1919488K)->34057K(1911808K) Eden: 1734144K(1734144K)->0K(1734144K) From: 29928K(185344K)->34057K(177664K)
[4765.856s][info ][gc,heap        ] GC(128) ParOldGen: 297180K(435712K)->297180K(435712K)
[4765.856s][info ][gc,metaspace   ] GC(128) Metaspace: 98747K(100032K)->98747K(100032K) NonClass: 84468K(85184K)->84468K(85184K) Class: 14279K(14848K)->14279K(14848K)
[4765.856s][info ][gc             ] GC(128) Pause Young (Allocation Failure) 2012M->323M(2292M) 9.076ms
[4765.856s][info ][gc,cpu         ] GC(128) User=0.03s Sys=0.00s Real=0.01s
[4765.856s][info ][safepoint      ] Safepoint "ParallelGCFailedAllocation", Time since last: 9450674537 ns, Reaching safepoint: 7900 ns, Cleanup: 4200 ns, At safepoint: 9168476 ns, Total: 9180576 ns
[4771.856s][info ][safepoint      ] Safepoint "Cleanup", Time since last: 6000375739 ns, Reaching safepoint: 10000 ns, Cleanup: 9900 ns, At safepoint: 19701 ns, Total: 39601 ns
[4786.857s][info ][safepoint      ] Safepoint "Cleanup", Time since last: 15000983934 ns, Reaching safepoint: 7300 ns, Cleanup: 9801 ns, At safepoint: 2700 ns, Total: 19801 ns
[4813.411s][info ][safepoint      ] Safepoint "Cleanup", Time since last: 26554254121 ns, Reaching safepoint: 21700 ns, Cleanup: 13201 ns, At safepoint: 3100 ns, Total: 38001 ns
[4822.600s][info ][gc,start       ] GC(129) Pause Young (Allocation Failure)
[4822.609s][debug][gc,phases      ] GC(129) Scavenge 9.466ms
[4822.610s][debug][gc,ref         ] GC(129) ReferenceProcessor::execute queues: 1, RefProcThreadModel::Single, marks_oops_alive: false
[4822.610s][debug][gc,ref         ] GC(129) Skipped KeepAliveFinalRefsPhase of Reference Processing: no references
[4822.610s][debug][gc,ref         ] GC(129) ReferenceProcessor::execute queues: 1, RefProcThreadModel::Single, marks_oops_alive: false
[4822.610s][debug][gc,phases      ] GC(129) Reference Processing 0.163ms
[4822.610s][debug][gc,phases      ] GC(129)   VM Weak                        Min:  0.0, Avg:  0.0, Max:  0.0, Diff:  0.0, Sum:  0.0, Workers: 4
[4822.610s][debug][gc,phases      ] GC(129)     Dead                           Min: 0, Avg:  0.0, Max: 0, Diff: 0, Sum: 0, Workers: 4
[4822.610s][debug][gc,phases      ] GC(129)     Total                          Min: 0, Avg: 254.8, Max: 704, Diff: 704, Sum: 1019, Workers: 4
[4822.610s][debug][gc,phases      ] GC(129)   ObjectSynchronizer Weak        Min:  0.0, Avg:  0.0, Max:  0.0, Diff:  0.0, Sum:  0.0, Workers: 4
[4822.610s][debug][gc,phases      ] GC(129)     Dead                           Min: 0, Avg:  0.0, Max: 0, Diff: 0, Sum: 0, Workers: 4
[4822.610s][debug][gc,phases      ] GC(129)     Total                          Min: 0, Avg:  0.8, Max: 3, Diff: 3, Sum: 3, Workers: 4
[4822.610s][debug][gc,phases      ] GC(129)   JVMTI Tag Weak OopStorage      Min:  0.0, Avg:  0.0, Max:  0.0, Diff:  0.0, Sum:  0.0, Workers: 4
[4822.610s][debug][gc,phases      ] GC(129)     Dead                           Min: 0, Avg:  0.0, Max: 0, Diff: 0, Sum: 0, Workers: 4
[4822.610s][debug][gc,phases      ] GC(129)     Total                          Min: 0, Avg:  0.0, Max: 0, Diff: 0, Sum: 0, Workers: 4
[4822.610s][debug][gc,phases      ] GC(129)   StringTable Weak               Min:  0.0, Avg:  0.1, Max:  0.2, Diff:  0.2, Sum:  0.5, Workers: 4
[4822.610s][debug][gc,phases      ] GC(129)     Dead                           Min: 0, Avg:  0.0, Max: 0, Diff: 0, Sum: 0, Workers: 4
[4822.610s][debug][gc,phases      ] GC(129)     Total                          Min: 0, Avg: 12351.8, Max: 17856, Diff: 17856, Sum: 49407, Workers: 4
[4822.610s][debug][gc,phases      ] GC(129)   ResolvedMethodTable Weak       Min:  0.0, Avg:  0.0, Max:  0.0, Diff:  0.0, Sum:  0.1, Workers: 4
[4822.610s][debug][gc,phases      ] GC(129)     Dead                           Min: 0, Avg:  0.0, Max: 0, Diff: 0, Sum: 0, Workers: 4
[4822.610s][debug][gc,phases      ] GC(129)     Total                          Min: 0, Avg: 3503.2, Max: 4991, Diff: 4991, Sum: 14013, Workers: 4
[4822.610s][debug][gc,phases      ] GC(129)   JNI Weak                       Min:  0.0, Avg:  0.0, Max:  0.0, Diff:  0.0, Sum:  0.0, Workers: 4
[4822.610s][debug][gc,phases      ] GC(129)     Dead                           Min: 0, Avg:  0.0, Max: 0, Diff: 0, Sum: 0, Workers: 4
[4822.610s][debug][gc,phases      ] GC(129)     Total                          Min: 0, Avg: 12.0, Max: 48, Diff: 48, Sum: 48, Workers: 4
[4822.610s][debug][gc,phases      ] GC(129)   StringDedup Table Weak         Min:  0.0, Avg:  0.0, Max:  0.0, Diff:  0.0, Sum:  0.0, Workers: 4
[4822.610s][debug][gc,phases      ] GC(129)     Dead                           Min: 0, Avg:  0.0, Max: 0, Diff: 0, Sum: 0, Workers: 4
[4822.610s][debug][gc,phases      ] GC(129)     Total                          Min: 0, Avg:  0.0, Max: 0, Diff: 0, Sum: 0, Workers: 4
[4822.610s][debug][gc,phases      ] GC(129)   StringDedup Requests0 Weak     Min:  0.0, Avg:  0.0, Max:  0.0, Diff:  0.0, Sum:  0.0, Workers: 4
[4822.610s][debug][gc,phases      ] GC(129)     Dead                           Min: 0, Avg:  0.0, Max: 0, Diff: 0, Sum: 0, Workers: 4
[4822.610s][debug][gc,phases      ] GC(129)     Total                          Min: 0, Avg:  0.0, Max: 0, Diff: 0, Sum: 0, Workers: 4
[4822.610s][debug][gc,phases      ] GC(129)   StringDedup Requests1 Weak     Min:  0.0, Avg:  0.0, Max:  0.0, Diff:  0.0, Sum:  0.0, Workers: 4
[4822.610s][debug][gc,phases      ] GC(129)     Dead                           Min: 0, Avg:  0.0, Max: 0, Diff: 0, Sum: 0, Workers: 4
[4822.610s][debug][gc,phases      ] GC(129)     Total                          Min: 0, Avg:  0.0, Max: 0, Diff: 0, Sum: 0, Workers: 4
[4822.610s][debug][gc,phases      ] GC(129)   Weak JFR Old Object Samples    Min:  0.0, Avg:  0.0, Max:  0.0, Diff:  0.0, Sum:  0.0, Workers: 4
[4822.610s][debug][gc,phases      ] GC(129)     Dead                           Min: 0, Avg:  0.0, Max: 0, Diff: 0, Sum: 0, Workers: 4
[4822.610s][debug][gc,phases      ] GC(129)     Total                          Min: 0, Avg:  0.0, Max: 0, Diff: 0, Sum: 0, Workers: 4
[4822.610s][debug][gc,phases      ] GC(129) Weak Processing 0.474ms
[4822.610s][debug][gc,age         ] GC(129) Desired survivor size 168820736 bytes, new threshold 15 (max threshold 15)
[4822.610s][info ][gc,heap        ] GC(129) PSYoungGen: 1768201K(1911808K)->10210K(1932288K) Eden: 1734144K(1734144K)->0K(1763328K) From: 34057K(177664K)->10210K(168960K)
[4822.610s][info ][gc,heap        ] GC(129) ParOldGen: 297180K(435712K)->317736K(435712K)
[4822.610s][info ][gc,metaspace   ] GC(129) Metaspace: 98756K(100032K)->98756K(100032K) NonClass: 84477K(85184K)->84477K(85184K) Class: 14279K(14848K)->14279K(14848K)
[4822.610s][info ][gc             ] GC(129) Pause Young (Allocation Failure) 2016M->320M(2312M) 10.263ms
[4822.610s][info ][gc,cpu         ] GC(129) User=0.03s Sys=0.00s Real=0.01s
[4822.610s][info ][safepoint      ] Safepoint "ParallelGCFailedAllocation", Time since last: 9188440699 ns, Reaching safepoint: 8301 ns, Cleanup: 4300 ns, At safepoint: 10351605 ns, Total: 10364206 ns
[4836.611s][info ][safepoint      ] Safepoint "Cleanup", Time since last: 14000920682 ns, Reaching safepoint: 9301 ns, Cleanup: 9500 ns, At safepoint: 2301 ns, Total: 21102 ns
[4838.611s][info ][safepoint      ] Safepoint "Cleanup", Time since last: 2000189280 ns, Reaching safepoint: 11400 ns, Cleanup: 11901 ns, At safepoint: 2700 ns, Total: 26001 ns
[4839.612s][info ][safepoint      ] Safepoint "Cleanup", Time since last: 1000132692 ns, Reaching safepoint: 8801 ns, Cleanup: 73503 ns, At safepoint: 6501 ns, Total: 88805 ns
[4840.612s][info ][safepoint      ] Safepoint "Cleanup", Time since last: 1000115091 ns, Reaching safepoint: 10200 ns, Cleanup: 9501 ns, At safepoint: 3100 ns, Total: 22801 ns
[4846.612s][info ][safepoint      ] Safepoint "Cleanup", Time since last: 6000452168 ns, Reaching safepoint: 11601 ns, Cleanup: 14501 ns, At safepoint: 7100 ns, Total: 33202 ns
[4872.523s][info ][gc,start       ] GC(130) Pause Young (Allocation Failure)
[4872.528s][debug][gc,phases      ] GC(130) Scavenge 4.665ms
[4872.528s][debug][gc,ref         ] GC(130) ReferenceProcessor::execute queues: 1, RefProcThreadModel::Single, marks_oops_alive: false
[4872.528s][debug][gc,ref         ] GC(130) Skipped KeepAliveFinalRefsPhase of Reference Processing: no references
[4872.528s][debug][gc,ref         ] GC(130) ReferenceProcessor::execute queues: 1, RefProcThreadModel::Single, marks_oops_alive: false
[4872.528s][debug][gc,phases      ] GC(130) Reference Processing 0.138ms
[4872.528s][debug][gc,phases      ] GC(130)   VM Weak                        Min:  0.0, Avg:  0.0, Max:  0.0, Diff:  0.0, Sum:  0.0, Workers: 4
[4872.528s][debug][gc,phases      ] GC(130)     Dead                           Min: 0, Avg:  0.0, Max: 0, Diff: 0, Sum: 0, Workers: 4
[4872.528s][debug][gc,phases      ] GC(130)     Total                          Min: 0, Avg: 255.0, Max: 892, Diff: 892, Sum: 1020, Workers: 4
[4872.528s][debug][gc,phases      ] GC(130)   ObjectSynchronizer Weak        Min:  0.0, Avg:  0.0, Max:  0.0, Diff:  0.0, Sum:  0.0, Workers: 4
[4872.528s][debug][gc,phases      ] GC(130)     Dead                           Min: 0, Avg:  0.0, Max: 0, Diff: 0, Sum: 0, Workers: 4
[4872.528s][debug][gc,phases      ] GC(130)     Total                          Min: 0, Avg:  0.8, Max: 3, Diff: 3, Sum: 3, Workers: 4
[4872.528s][debug][gc,phases      ] GC(130)   JVMTI Tag Weak OopStorage      Min:  0.0, Avg:  0.0, Max:  0.0, Diff:  0.0, Sum:  0.0, Workers: 4
[4872.528s][debug][gc,phases      ] GC(130)     Dead                           Min: 0, Avg:  0.0, Max: 0, Diff: 0, Sum: 0, Workers: 4
[4872.528s][debug][gc,phases      ] GC(130)     Total                          Min: 0, Avg:  0.0, Max: 0, Diff: 0, Sum: 0, Workers: 4
[4872.528s][debug][gc,phases      ] GC(130)   StringTable Weak               Min:  0.0, Avg:  0.1, Max:  0.2, Diff:  0.2, Sum:  0.5, Workers: 4
[4872.528s][debug][gc,phases      ] GC(130)     Dead                           Min: 0, Avg:  0.0, Max: 0, Diff: 0, Sum: 0, Workers: 4
[4872.528s][debug][gc,phases      ] GC(130)     Total                          Min: 0, Avg: 12352.2, Max: 17537, Diff: 17537, Sum: 49409, Workers: 4
[4872.528s][debug][gc,phases      ] GC(130)   ResolvedMethodTable Weak       Min:  0.0, Avg:  0.0, Max:  0.0, Diff:  0.0, Sum:  0.1, Workers: 4
[4872.528s][debug][gc,phases      ] GC(130)     Dead                           Min: 0, Avg:  0.0, Max: 0, Diff: 0, Sum: 0, Workers: 4
[4872.528s][debug][gc,phases      ] GC(130)     Total                          Min: 0, Avg: 3503.5, Max: 5055, Diff: 5055, Sum: 14014, Workers: 4
[4872.528s][debug][gc,phases      ] GC(130)   JNI Weak                       Min:  0.0, Avg:  0.0, Max:  0.0, Diff:  0.0, Sum:  0.0, Workers: 4
[4872.528s][debug][gc,phases      ] GC(130)     Dead                           Min: 0, Avg:  0.0, Max: 0, Diff: 0, Sum: 0, Workers: 4
[4872.528s][debug][gc,phases      ] GC(130)     Total                          Min: 0, Avg: 12.0, Max: 48, Diff: 48, Sum: 48, Workers: 4
[4872.528s][debug][gc,phases      ] GC(130)   StringDedup Table Weak         Min:  0.0, Avg:  0.0, Max:  0.0, Diff:  0.0, Sum:  0.0, Workers: 4
[4872.528s][debug][gc,phases      ] GC(130)     Dead                           Min: 0, Avg:  0.0, Max: 0, Diff: 0, Sum: 0, Workers: 4
[4872.528s][debug][gc,phases      ] GC(130)     Total                          Min: 0, Avg:  0.0, Max: 0, Diff: 0, Sum: 0, Workers: 4
[4872.528s][debug][gc,phases      ] GC(130)   StringDedup Requests0 Weak     Min:  0.0, Avg:  0.0, Max:  0.0, Diff:  0.0, Sum:  0.0, Workers: 4
[4872.528s][debug][gc,phases      ] GC(130)     Dead                           Min: 0, Avg:  0.0, Max: 0, Diff: 0, Sum: 0, Workers: 4
[4872.528s][debug][gc,phases      ] GC(130)     Total                          Min: 0, Avg:  0.0, Max: 0, Diff: 0, Sum: 0, Workers: 4
[4872.528s][debug][gc,phases      ] GC(130)   StringDedup Requests1 Weak     Min:  0.0, Avg:  0.0, Max:  0.0, Diff:  0.0, Sum:  0.0, Workers: 4
[4872.528s][debug][gc,phases      ] GC(130)     Dead                           Min: 0, Avg:  0.0, Max: 0, Diff: 0, Sum: 0, Workers: 4
[4872.528s][debug][gc,phases      ] GC(130)     Total                          Min: 0, Avg:  0.0, Max: 0, Diff: 0, Sum: 0, Workers: 4
[4872.528s][debug][gc,phases      ] GC(130)   Weak JFR Old Object Samples    Min:  0.0, Avg:  0.0, Max:  0.0, Diff:  0.0, Sum:  0.0, Workers: 4
[4872.528s][debug][gc,phases      ] GC(130)     Dead                           Min: 0, Avg:  0.0, Max: 0, Diff: 0, Sum: 0, Workers: 4
[4872.528s][debug][gc,phases      ] GC(130)     Total                          Min: 0, Avg:  0.0, Max: 0, Diff: 0, Sum: 0, Workers: 4
[4872.528s][debug][gc,phases      ] GC(130) Weak Processing 0.452ms
[4872.528s][debug][gc,age         ] GC(130) Desired survivor size 163577856 bytes, new threshold 15 (max threshold 15)
[4872.528s][info ][gc,heap        ] GC(130) PSYoungGen: 1773538K(1932288K)->10657K(1928192K) Eden: 1763328K(1763328K)->0K(1763328K) From: 10210K(168960K)->10657K(164864K)
[4872.528s][info ][gc,heap        ] GC(130) ParOldGen: 317736K(435712K)->317768K(435712K)
[4872.528s][info ][gc,metaspace   ] GC(130) Metaspace: 98785K(100160K)->98785K(100160K) NonClass: 84505K(85312K)->84505K(85312K) Class: 14279K(14848K)->14279K(14848K)
[4872.529s][info ][gc             ] GC(130) Pause Young (Allocation Failure) 2042M->320M(2308M) 5.419ms
[4872.529s][info ][gc,cpu         ] GC(130) User=0.02s Sys=0.00s Real=0.01s
[4872.529s][info ][safepoint      ] Safepoint "ParallelGCFailedAllocation", Time since last: 25910860561 ns, Reaching safepoint: 7100 ns, Cleanup: 3900 ns, At safepoint: 5504071 ns, Total: 5515071 ns
[4881.529s][info ][safepoint      ] Safepoint "Cleanup", Time since last: 9000628562 ns, Reaching safepoint: 9500 ns, Cleanup: 10701 ns, At safepoint: 26201 ns, Total: 46402 ns
[4921.736s][info ][gc,start       ] GC(131) Pause Young (Allocation Failure)
[4921.742s][debug][gc,phases      ] GC(131) Scavenge 5.886ms
[4921.742s][debug][gc,ref         ] GC(131) ReferenceProcessor::execute queues: 1, RefProcThreadModel::Single, marks_oops_alive: false
[4921.742s][debug][gc,ref         ] GC(131) Skipped KeepAliveFinalRefsPhase of Reference Processing: no references
[4921.742s][debug][gc,ref         ] GC(131) ReferenceProcessor::execute queues: 1, RefProcThreadModel::Single, marks_oops_alive: false
[4921.742s][debug][gc,phases      ] GC(131) Reference Processing 0.116ms
[4921.743s][debug][gc,phases      ] GC(131)   VM Weak                        Min:  0.0, Avg:  0.0, Max:  0.0, Diff:  0.0, Sum:  0.0, Workers: 4
[4921.743s][debug][gc,phases      ] GC(131)     Dead                           Min: 0, Avg:  0.0, Max: 0, Diff: 0, Sum: 0, Workers: 4
[4921.743s][debug][gc,phases      ] GC(131)     Total                          Min: 0, Avg: 255.0, Max: 700, Diff: 700, Sum: 1020, Workers: 4
[4921.743s][debug][gc,phases      ] GC(131)   ObjectSynchronizer Weak        Min:  0.0, Avg:  0.0, Max:  0.0, Diff:  0.0, Sum:  0.0, Workers: 4
[4921.743s][debug][gc,phases      ] GC(131)     Dead                           Min: 0, Avg:  0.0, Max: 0, Diff: 0, Sum: 0, Workers: 4
[4921.743s][debug][gc,phases      ] GC(131)     Total                          Min: 0, Avg:  0.8, Max: 3, Diff: 3, Sum: 3, Workers: 4
[4921.743s][debug][gc,phases      ] GC(131)   JVMTI Tag Weak OopStorage      Min:  0.0, Avg:  0.0, Max:  0.0, Diff:  0.0, Sum:  0.0, Workers: 4
[4921.743s][debug][gc,phases      ] GC(131)     Dead                           Min: 0, Avg:  0.0, Max: 0, Diff: 0, Sum: 0, Workers: 4
[4921.743s][debug][gc,phases      ] GC(131)     Total                          Min: 0, Avg:  0.0, Max: 0, Diff: 0, Sum: 0, Workers: 4
[4921.743s][debug][gc,phases      ] GC(131)   StringTable Weak               Min:  0.0, Avg:  0.1, Max:  0.2, Diff:  0.2, Sum:  0.5, Workers: 4
[4921.743s][debug][gc,phases      ] GC(131)     Dead                           Min: 0, Avg:  0.0, Max: 0, Diff: 0, Sum: 0, Workers: 4
[4921.743s][debug][gc,phases      ] GC(131)     Total                          Min: 0, Avg: 12352.2, Max: 16513, Diff: 16513, Sum: 49409, Workers: 4
[4921.743s][debug][gc,phases      ] GC(131)   ResolvedMethodTable Weak       Min:  0.0, Avg:  0.0, Max:  0.0, Diff:  0.0, Sum:  0.1, Workers: 4
[4921.743s][debug][gc,phases      ] GC(131)     Dead                           Min: 0, Avg:  0.0, Max: 0, Diff: 0, Sum: 0, Workers: 4
[4921.743s][debug][gc,phases      ] GC(131)     Total                          Min: 0, Avg: 3503.5, Max: 5056, Diff: 5056, Sum: 14014, Workers: 4
[4921.743s][debug][gc,phases      ] GC(131)   JNI Weak                       Min:  0.0, Avg:  0.0, Max:  0.0, Diff:  0.0, Sum:  0.0, Workers: 4
[4921.743s][debug][gc,phases      ] GC(131)     Dead                           Min: 0, Avg:  0.0, Max: 0, Diff: 0, Sum: 0, Workers: 4
[4921.743s][debug][gc,phases      ] GC(131)     Total                          Min: 0, Avg: 12.0, Max: 48, Diff: 48, Sum: 48, Workers: 4
[4921.743s][debug][gc,phases      ] GC(131)   StringDedup Table Weak         Min:  0.0, Avg:  0.0, Max:  0.0, Diff:  0.0, Sum:  0.0, Workers: 4
[4921.743s][debug][gc,phases      ] GC(131)     Dead                           Min: 0, Avg:  0.0, Max: 0, Diff: 0, Sum: 0, Workers: 4
[4921.743s][debug][gc,phases      ] GC(131)     Total                          Min: 0, Avg:  0.0, Max: 0, Diff: 0, Sum: 0, Workers: 4
[4921.743s][debug][gc,phases      ] GC(131)   StringDedup Requests0 Weak     Min:  0.0, Avg:  0.0, Max:  0.0, Diff:  0.0, Sum:  0.0, Workers: 4
[4921.743s][debug][gc,phases      ] GC(131)     Dead                           Min: 0, Avg:  0.0, Max: 0, Diff: 0, Sum: 0, Workers: 4
[4921.743s][debug][gc,phases      ] GC(131)     Total                          Min: 0, Avg:  0.0, Max: 0, Diff: 0, Sum: 0, Workers: 4
[4921.743s][debug][gc,phases      ] GC(131)   StringDedup Requests1 Weak     Min:  0.0, Avg:  0.0, Max:  0.0, Diff:  0.0, Sum:  0.0, Workers: 4
[4921.743s][debug][gc,phases      ] GC(131)     Dead                           Min: 0, Avg:  0.0, Max: 0, Diff: 0, Sum: 0, Workers: 4
[4921.743s][debug][gc,phases      ] GC(131)     Total                          Min: 0, Avg:  0.0, Max: 0, Diff: 0, Sum: 0, Workers: 4
[4921.743s][debug][gc,phases      ] GC(131)   Weak JFR Old Object Samples    Min:  0.0, Avg:  0.0, Max:  0.0, Diff:  0.0, Sum:  0.0, Workers: 4
[4921.743s][debug][gc,phases      ] GC(131)     Dead                           Min: 0, Avg:  0.0, Max: 0, Diff: 0, Sum: 0, Workers: 4
[4921.743s][debug][gc,phases      ] GC(131)     Total                          Min: 0, Avg:  0.0, Max: 0, Diff: 0, Sum: 0, Workers: 4
[4921.743s][debug][gc,phases      ] GC(131) Weak Processing 0.472ms
[4921.743s][debug][gc,age         ] GC(131) Desired survivor size 157286400 bytes, new threshold 15 (max threshold 15)
[4921.743s][info ][gc,heap        ] GC(131) PSYoungGen: 1773985K(1928192K)->14177K(1943552K) Eden: 1763328K(1763328K)->0K(1783808K) From: 10657K(164864K)->14177K(159744K)
[4921.743s][info ][gc,heap        ] GC(131) ParOldGen: 317768K(435712K)->317800K(435712K)
[4921.743s][info ][gc,metaspace   ] GC(131) Metaspace: 98788K(100160K)->98788K(100160K) NonClass: 84508K(85312K)->84508K(85312K) Class: 14279K(14848K)->14279K(14848K)
[4921.743s][info ][gc             ] GC(131) Pause Young (Allocation Failure) 2042M->324M(2323M) 6.625ms
[4921.743s][info ][gc,cpu         ] GC(131) User=0.02s Sys=0.00s Real=0.01s
[4921.743s][info ][safepoint      ] Safepoint "ParallelGCFailedAllocation", Time since last: 40207076783 ns, Reaching safepoint: 8400 ns, Cleanup: 3200 ns, At safepoint: 6698598 ns, Total: 6710198 ns
[4922.743s][info ][safepoint      ] Safepoint "Cleanup", Time since last: 1000095230 ns, Reaching safepoint: 8401 ns, Cleanup: 10900 ns, At safepoint: 2900 ns, Total: 22201 ns
[4972.893s][info ][gc,start       ] GC(132) Pause Young (Allocation Failure)
[4972.897s][debug][gc,phases      ] GC(132) Scavenge 4.304ms
[4972.897s][debug][gc,ref         ] GC(132) ReferenceProcessor::execute queues: 1, RefProcThreadModel::Single, marks_oops_alive: false
[4972.897s][debug][gc,ref         ] GC(132) Skipped KeepAliveFinalRefsPhase of Reference Processing: no references
[4972.897s][debug][gc,ref         ] GC(132) ReferenceProcessor::execute queues: 1, RefProcThreadModel::Single, marks_oops_alive: false
[4972.897s][debug][gc,phases      ] GC(132) Reference Processing 0.141ms
[4972.898s][debug][gc,phases      ] GC(132)   VM Weak                        Min:  0.0, Avg:  0.0, Max:  0.0, Diff:  0.0, Sum:  0.0, Workers: 4
[4972.898s][debug][gc,phases      ] GC(132)     Dead                           Min: 0, Avg:  0.0, Max: 0, Diff: 0, Sum: 0, Workers: 4
[4972.898s][debug][gc,phases      ] GC(132)     Total                          Min: 0, Avg: 255.0, Max: 896, Diff: 896, Sum: 1020, Workers: 4
[4972.898s][debug][gc,phases      ] GC(132)   ObjectSynchronizer Weak        Min:  0.0, Avg:  0.0, Max:  0.0, Diff:  0.0, Sum:  0.0, Workers: 4
[4972.898s][debug][gc,phases      ] GC(132)     Dead                           Min: 0, Avg:  0.0, Max: 0, Diff: 0, Sum: 0, Workers: 4
[4972.898s][debug][gc,phases      ] GC(132)     Total                          Min: 0, Avg:  0.8, Max: 3, Diff: 3, Sum: 3, Workers: 4
[4972.898s][debug][gc,phases      ] GC(132)   JVMTI Tag Weak OopStorage      Min:  0.0, Avg:  0.0, Max:  0.0, Diff:  0.0, Sum:  0.0, Workers: 4
[4972.898s][debug][gc,phases      ] GC(132)     Dead                           Min: 0, Avg:  0.0, Max: 0, Diff: 0, Sum: 0, Workers: 4
[4972.898s][debug][gc,phases      ] GC(132)     Total                          Min: 0, Avg:  0.0, Max: 0, Diff: 0, Sum: 0, Workers: 4
[4972.898s][debug][gc,phases      ] GC(132)   StringTable Weak               Min:  0.0, Avg:  0.1, Max:  0.2, Diff:  0.2, Sum:  0.5, Workers: 4
[4972.898s][debug][gc,phases      ] GC(132)     Dead                           Min: 0, Avg:  0.0, Max: 0, Diff: 0, Sum: 0, Workers: 4
[4972.898s][debug][gc,phases      ] GC(132)     Total                          Min: 0, Avg: 12352.2, Max: 17537, Diff: 17537, Sum: 49409, Workers: 4
[4972.898s][debug][gc,phases      ] GC(132)   ResolvedMethodTable Weak       Min:  0.0, Avg:  0.0, Max:  0.0, Diff:  0.0, Sum:  0.1, Workers: 4
[4972.898s][debug][gc,phases      ] GC(132)     Dead                           Min: 0, Avg:  0.0, Max: 0, Diff: 0, Sum: 0, Workers: 4
[4972.898s][debug][gc,phases      ] GC(132)     Total                          Min: 0, Avg: 3503.5, Max: 4735, Diff: 4735, Sum: 14014, Workers: 4
[4972.898s][debug][gc,phases      ] GC(132)   JNI Weak                       Min:  0.0, Avg:  0.0, Max:  0.0, Diff:  0.0, Sum:  0.0, Workers: 4
[4972.898s][debug][gc,phases      ] GC(132)     Dead                           Min: 0, Avg:  0.0, Max: 0, Diff: 0, Sum: 0, Workers: 4
[4972.898s][debug][gc,phases      ] GC(132)     Total                          Min: 0, Avg: 12.0, Max: 48, Diff: 48, Sum: 48, Workers: 4
[4972.898s][debug][gc,phases      ] GC(132)   StringDedup Table Weak         Min:  0.0, Avg:  0.0, Max:  0.0, Diff:  0.0, Sum:  0.0, Workers: 4
[4972.898s][debug][gc,phases      ] GC(132)     Dead                           Min: 0, Avg:  0.0, Max: 0, Diff: 0, Sum: 0, Workers: 4
[4972.898s][debug][gc,phases      ] GC(132)     Total                          Min: 0, Avg:  0.0, Max: 0, Diff: 0, Sum: 0, Workers: 4
[4972.898s][debug][gc,phases      ] GC(132)   StringDedup Requests0 Weak     Min:  0.0, Avg:  0.0, Max:  0.0, Diff:  0.0, Sum:  0.0, Workers: 4
[4972.898s][debug][gc,phases      ] GC(132)     Dead                           Min: 0, Avg:  0.0, Max: 0, Diff: 0, Sum: 0, Workers: 4
[4972.898s][debug][gc,phases      ] GC(132)     Total                          Min: 0, Avg:  0.0, Max: 0, Diff: 0, Sum: 0, Workers: 4
[4972.898s][debug][gc,phases      ] GC(132)   StringDedup Requests1 Weak     Min:  0.0, Avg:  0.0, Max:  0.0, Diff:  0.0, Sum:  0.0, Workers: 4
[4972.898s][debug][gc,phases      ] GC(132)     Dead                           Min: 0, Avg:  0.0, Max: 0, Diff: 0, Sum: 0, Workers: 4
[4972.898s][debug][gc,phases      ] GC(132)     Total                          Min: 0, Avg:  0.0, Max: 0, Diff: 0, Sum: 0, Workers: 4
[4972.898s][debug][gc,phases      ] GC(132)   Weak JFR Old Object Samples    Min:  0.0, Avg:  0.0, Max:  0.0, Diff:  0.0, Sum:  0.0, Workers: 4
[4972.898s][debug][gc,phases      ] GC(132)     Dead                           Min: 0, Avg:  0.0, Max: 0, Diff: 0, Sum: 0, Workers: 4
[4972.898s][debug][gc,phases      ] GC(132)     Total                          Min: 0, Avg:  0.0, Max: 0, Diff: 0, Sum: 0, Workers: 4
[4972.898s][debug][gc,phases      ] GC(132) Weak Processing 0.454ms
[4972.898s][debug][gc,age         ] GC(132) Desired survivor size 151519232 bytes, new threshold 15 (max threshold 15)
[4972.898s][info ][gc,heap        ] GC(132) PSYoungGen: 1797985K(1943552K)->9824K(1937408K) Eden: 1783808K(1783808K)->0K(1783808K) From: 14177K(159744K)->9824K(153600K)
[4972.898s][info ][gc,heap        ] GC(132) ParOldGen: 317800K(435712K)->317856K(435712K)
[4972.898s][info ][gc,metaspace   ] GC(132) Metaspace: 98789K(100160K)->98789K(100160K) NonClass: 84509K(85312K)->84509K(85312K) Class: 14279K(14848K)->14279K(14848K)
[4972.898s][info ][gc             ] GC(132) Pause Young (Allocation Failure) 2066M->320M(2317M) 5.059ms
[4972.898s][info ][gc,cpu         ] GC(132) User=0.01s Sys=0.00s Real=0.00s
[4972.898s][info ][safepoint      ] Safepoint "ParallelGCFailedAllocation", Time since last: 50149619048 ns, Reaching safepoint: 9500 ns, Cleanup: 4101 ns, At safepoint: 5144982 ns, Total: 5158583 ns
[4983.899s][info ][safepoint      ] Safepoint "Cleanup", Time since last: 11000747672 ns, Reaching safepoint: 6801 ns, Cleanup: 9300 ns, At safepoint: 2600 ns, Total: 18701 ns
[4986.899s][info ][safepoint      ] Safepoint "Cleanup", Time since last: 3000249606 ns, Reaching safepoint: 7200 ns, Cleanup: 9700 ns, At safepoint: 2500 ns, Total: 19400 ns
[4987.899s][info ][safepoint      ] Safepoint "Cleanup", Time since last: 1000084720 ns, Reaching safepoint: 7301 ns, Cleanup: 12800 ns, At safepoint: 2500 ns, Total: 22601 ns
[4988.899s][info ][safepoint      ] Safepoint "Cleanup", Time since last: 1000103021 ns, Reaching safepoint: 7000 ns, Cleanup: 12101 ns, At safepoint: 2500 ns, Total: 21601 ns
[4990.899s][info ][safepoint      ] Safepoint "Cleanup", Time since last: 2000176540 ns, Reaching safepoint: 6101 ns, Cleanup: 9400 ns, At safepoint: 2500 ns, Total: 18001 ns
[4992.900s][info ][safepoint      ] Safepoint "Cleanup", Time since last: 2000181741 ns, Reaching safepoint: 7100 ns, Cleanup: 9500 ns, At safepoint: 2200 ns, Total: 18800 ns
[4993.900s][info ][safepoint      ] Safepoint "Cleanup", Time since last: 1000104121 ns, Reaching safepoint: 7100 ns, Cleanup: 9501 ns, At safepoint: 2400 ns, Total: 19001 ns
[4996.900s][info ][safepoint      ] Safepoint "Cleanup", Time since last: 3000226598 ns, Reaching safepoint: 6300 ns, Cleanup: 10000 ns, At safepoint: 2600 ns, Total: 18900 ns
[5001.900s][info ][safepoint      ] Safepoint "Cleanup", Time since last: 5000323938 ns, Reaching safepoint: 7200 ns, Cleanup: 12201 ns, At safepoint: 3300 ns, Total: 22701 ns
[5023.712s][info ][gc,start       ] GC(133) Pause Young (Allocation Failure)
[5023.721s][debug][gc,phases      ] GC(133) Scavenge 9.493ms
[5023.721s][debug][gc,ref         ] GC(133) ReferenceProcessor::execute queues: 1, RefProcThreadModel::Single, marks_oops_alive: false
[5023.721s][debug][gc,ref         ] GC(133) Skipped KeepAliveFinalRefsPhase of Reference Processing: no references
[5023.721s][debug][gc,ref         ] GC(133) ReferenceProcessor::execute queues: 1, RefProcThreadModel::Single, marks_oops_alive: false
[5023.721s][debug][gc,phases      ] GC(133) Reference Processing 0.144ms
[5023.722s][debug][gc,phases      ] GC(133)   VM Weak                        Min:  0.0, Avg:  0.0, Max:  0.0, Diff:  0.0, Sum:  0.0, Workers: 4
[5023.722s][debug][gc,phases      ] GC(133)     Dead                           Min: 0, Avg:  0.0, Max: 0, Diff: 0, Sum: 0, Workers: 4
[5023.722s][debug][gc,phases      ] GC(133)     Total                          Min: 0, Avg: 255.0, Max: 512, Diff: 512, Sum: 1020, Workers: 4
[5023.722s][debug][gc,phases      ] GC(133)   ObjectSynchronizer Weak        Min:  0.0, Avg:  0.0, Max:  0.0, Diff:  0.0, Sum:  0.0, Workers: 4
[5023.722s][debug][gc,phases      ] GC(133)     Dead                           Min: 0, Avg:  0.0, Max: 0, Diff: 0, Sum: 0, Workers: 4
[5023.722s][debug][gc,phases      ] GC(133)     Total                          Min: 0, Avg:  0.8, Max: 3, Diff: 3, Sum: 3, Workers: 4
[5023.722s][debug][gc,phases      ] GC(133)   JVMTI Tag Weak OopStorage      Min:  0.0, Avg:  0.0, Max:  0.0, Diff:  0.0, Sum:  0.0, Workers: 4
[5023.722s][debug][gc,phases      ] GC(133)     Dead                           Min: 0, Avg:  0.0, Max: 0, Diff: 0, Sum: 0, Workers: 4
[5023.722s][debug][gc,phases      ] GC(133)     Total                          Min: 0, Avg:  0.0, Max: 0, Diff: 0, Sum: 0, Workers: 4
[5023.722s][debug][gc,phases      ] GC(133)   StringTable Weak               Min:  0.0, Avg:  0.1, Max:  0.2, Diff:  0.2, Sum:  0.5, Workers: 4
[5023.722s][debug][gc,phases      ] GC(133)     Dead                           Min: 0, Avg:  0.2, Max: 1, Diff: 1, Sum: 1, Workers: 4
[5023.722s][debug][gc,phases      ] GC(133)     Total                          Min: 0, Avg: 12356.5, Max: 24832, Diff: 24832, Sum: 49426, Workers: 4
[5023.722s][debug][gc,phases      ] GC(133)   ResolvedMethodTable Weak       Min:  0.0, Avg:  0.0, Max:  0.1, Diff:  0.1, Sum:  0.1, Workers: 4
[5023.722s][debug][gc,phases      ] GC(133)     Dead                           Min: 0, Avg:  1.8, Max: 6, Diff: 6, Sum: 7, Workers: 4
[5023.722s][debug][gc,phases      ] GC(133)     Total                          Min: 0, Avg: 3508.2, Max: 7378, Diff: 7378, Sum: 14033, Workers: 4
[5023.722s][debug][gc,phases      ] GC(133)   JNI Weak                       Min:  0.0, Avg:  0.0, Max:  0.0, Diff:  0.0, Sum:  0.0, Workers: 4
[5023.722s][debug][gc,phases      ] GC(133)     Dead                           Min: 0, Avg:  0.0, Max: 0, Diff: 0, Sum: 0, Workers: 4
[5023.722s][debug][gc,phases      ] GC(133)     Total                          Min: 0, Avg: 12.0, Max: 48, Diff: 48, Sum: 48, Workers: 4
[5023.722s][debug][gc,phases      ] GC(133)   StringDedup Table Weak         Min:  0.0, Avg:  0.0, Max:  0.0, Diff:  0.0, Sum:  0.0, Workers: 4
[5023.722s][debug][gc,phases      ] GC(133)     Dead                           Min: 0, Avg:  0.0, Max: 0, Diff: 0, Sum: 0, Workers: 4
[5023.722s][debug][gc,phases      ] GC(133)     Total                          Min: 0, Avg:  0.0, Max: 0, Diff: 0, Sum: 0, Workers: 4
[5023.722s][debug][gc,phases      ] GC(133)   StringDedup Requests0 Weak     Min:  0.0, Avg:  0.0, Max:  0.0, Diff:  0.0, Sum:  0.0, Workers: 4
[5023.722s][debug][gc,phases      ] GC(133)     Dead                           Min: 0, Avg:  0.0, Max: 0, Diff: 0, Sum: 0, Workers: 4
[5023.722s][debug][gc,phases      ] GC(133)     Total                          Min: 0, Avg:  0.0, Max: 0, Diff: 0, Sum: 0, Workers: 4
[5023.722s][debug][gc,phases      ] GC(133)   StringDedup Requests1 Weak     Min:  0.0, Avg:  0.0, Max:  0.0, Diff:  0.0, Sum:  0.0, Workers: 4
[5023.722s][debug][gc,phases      ] GC(133)     Dead                           Min: 0, Avg:  0.0, Max: 0, Diff: 0, Sum: 0, Workers: 4
[5023.722s][debug][gc,phases      ] GC(133)     Total                          Min: 0, Avg:  0.0, Max: 0, Diff: 0, Sum: 0, Workers: 4
[5023.722s][debug][gc,phases      ] GC(133)   Weak JFR Old Object Samples    Min:  0.0, Avg:  0.0, Max:  0.0, Diff:  0.0, Sum:  0.0, Workers: 4
[5023.722s][debug][gc,phases      ] GC(133)     Dead                           Min: 0, Avg:  0.0, Max: 0, Diff: 0, Sum: 0, Workers: 4
[5023.722s][debug][gc,phases      ] GC(133)     Total                          Min: 0, Avg:  0.0, Max: 0, Diff: 0, Sum: 0, Workers: 4
[5023.722s][debug][gc,phases      ] GC(133) Weak Processing 0.635ms
[5023.722s][debug][gc,age         ] GC(133) Desired survivor size 144179200 bytes, new threshold 15 (max threshold 15)
[5023.722s][info ][gc,heap        ] GC(133) PSYoungGen: 1793632K(1937408K)->17954K(1956352K) Eden: 1783808K(1783808K)->0K(1808384K) From: 9824K(153600K)->17954K(147968K)
[5023.722s][info ][gc,heap        ] GC(133) ParOldGen: 317856K(435712K)->317880K(435712K)
[5023.722s][info ][gc,metaspace   ] GC(133) Metaspace: 98840K(100160K)->98840K(100160K) NonClass: 84552K(85312K)->84552K(85312K) Class: 14287K(14848K)->14287K(14848K)
[5023.722s][info ][gc             ] GC(133) Pause Young (Allocation Failure) 2062M->327M(2336M) 10.448ms
[5023.722s][info ][gc,cpu         ] GC(133) User=0.02s Sys=0.00s Real=0.01s
[5023.722s][info ][safepoint      ] Safepoint "ParallelGCFailedAllocation", Time since last: 21811341022 ns, Reaching safepoint: 9300 ns, Cleanup: 4000 ns, At safepoint: 10542428 ns, Total: 10555728 ns
[5024.722s][info ][safepoint      ] Safepoint "Cleanup", Time since last: 1000093297 ns, Reaching safepoint: 11301 ns, Cleanup: 16700 ns, At safepoint: 7101 ns, Total: 35102 ns
[5025.722s][info ][safepoint      ] Safepoint "Cleanup", Time since last: 1000123698 ns, Reaching safepoint: 10000 ns, Cleanup: 23801 ns, At safepoint: 3200 ns, Total: 37001 ns
[5030.723s][info ][safepoint      ] Safepoint "Cleanup", Time since last: 5000400443 ns, Reaching safepoint: 7001 ns, Cleanup: 20500 ns, At safepoint: 3100 ns, Total: 30601 ns
[5066.725s][info ][safepoint      ] Safepoint "Cleanup", Time since last: 36002351884 ns, Reaching safepoint: 8600 ns, Cleanup: 12300 ns, At safepoint: 2101 ns, Total: 23001 ns
[5071.726s][info ][safepoint      ] Safepoint "Cleanup", Time since last: 5000387156 ns, Reaching safepoint: 8700 ns, Cleanup: 13701 ns, At safepoint: 2800 ns, Total: 25201 ns
[5072.726s][info ][safepoint      ] Safepoint "Cleanup", Time since last: 1000106252 ns, Reaching safepoint: 8301 ns, Cleanup: 15700 ns, At safepoint: 2900 ns, Total: 26901 ns
[5075.726s][info ][safepoint      ] Safepoint "Cleanup", Time since last: 3000247547 ns, Reaching safepoint: 11300 ns, Cleanup: 12901 ns, At safepoint: 3200 ns, Total: 27401 ns
[5082.284s][info ][gc,start       ] GC(134) Pause Young (Allocation Failure)
[5082.289s][debug][gc,phases      ] GC(134) Scavenge 4.626ms
[5082.289s][debug][gc,ref         ] GC(134) ReferenceProcessor::execute queues: 1, RefProcThreadModel::Single, marks_oops_alive: false
[5082.289s][debug][gc,ref         ] GC(134) Skipped KeepAliveFinalRefsPhase of Reference Processing: no references
[5082.289s][debug][gc,ref         ] GC(134) ReferenceProcessor::execute queues: 1, RefProcThreadModel::Single, marks_oops_alive: false
[5082.289s][debug][gc,phases      ] GC(134) Reference Processing 0.135ms
[5082.289s][debug][gc,phases      ] GC(134)   VM Weak                        Min:  0.0, Avg:  0.0, Max:  0.0, Diff:  0.0, Sum:  0.0, Workers: 4
[5082.289s][debug][gc,phases      ] GC(134)     Dead                           Min: 0, Avg:  0.0, Max: 0, Diff: 0, Sum: 0, Workers: 4
[5082.289s][debug][gc,phases      ] GC(134)     Total                          Min: 0, Avg: 255.0, Max: 956, Diff: 956, Sum: 1020, Workers: 4
[5082.289s][debug][gc,phases      ] GC(134)   ObjectSynchronizer Weak        Min:  0.0, Avg:  0.0, Max:  0.0, Diff:  0.0, Sum:  0.0, Workers: 4
[5082.289s][debug][gc,phases      ] GC(134)     Dead                           Min: 0, Avg:  0.0, Max: 0, Diff: 0, Sum: 0, Workers: 4
[5082.289s][debug][gc,phases      ] GC(134)     Total                          Min: 0, Avg:  0.8, Max: 3, Diff: 3, Sum: 3, Workers: 4
[5082.289s][debug][gc,phases      ] GC(134)   JVMTI Tag Weak OopStorage      Min:  0.0, Avg:  0.0, Max:  0.0, Diff:  0.0, Sum:  0.0, Workers: 4
[5082.289s][debug][gc,phases      ] GC(134)     Dead                           Min: 0, Avg:  0.0, Max: 0, Diff: 0, Sum: 0, Workers: 4
[5082.289s][debug][gc,phases      ] GC(134)     Total                          Min: 0, Avg:  0.0, Max: 0, Diff: 0, Sum: 0, Workers: 4
[5082.289s][debug][gc,phases      ] GC(134)   StringTable Weak               Min:  0.0, Avg:  0.1, Max:  0.2, Diff:  0.2, Sum:  0.5, Workers: 4
[5082.289s][debug][gc,phases      ] GC(134)     Dead                           Min: 0, Avg:  0.0, Max: 0, Diff: 0, Sum: 0, Workers: 4
[5082.289s][debug][gc,phases      ] GC(134)     Total                          Min: 0, Avg: 12362.2, Max: 17024, Diff: 17024, Sum: 49449, Workers: 4
[5082.289s][debug][gc,phases      ] GC(134)   ResolvedMethodTable Weak       Min:  0.0, Avg:  0.0, Max:  0.0, Diff:  0.0, Sum:  0.1, Workers: 4
[5082.289s][debug][gc,phases      ] GC(134)     Dead                           Min: 0, Avg:  0.0, Max: 0, Diff: 0, Sum: 0, Workers: 4
[5082.289s][debug][gc,phases      ] GC(134)     Total                          Min: 0, Avg: 3508.2, Max: 4863, Diff: 4863, Sum: 14033, Workers: 4
[5082.289s][debug][gc,phases      ] GC(134)   JNI Weak                       Min:  0.0, Avg:  0.0, Max:  0.0, Diff:  0.0, Sum:  0.0, Workers: 4
[5082.289s][debug][gc,phases      ] GC(134)     Dead                           Min: 0, Avg:  0.0, Max: 0, Diff: 0, Sum: 0, Workers: 4
[5082.289s][debug][gc,phases      ] GC(134)     Total                          Min: 0, Avg: 12.0, Max: 48, Diff: 48, Sum: 48, Workers: 4
[5082.289s][debug][gc,phases      ] GC(134)   StringDedup Table Weak         Min:  0.0, Avg:  0.0, Max:  0.0, Diff:  0.0, Sum:  0.0, Workers: 4
[5082.289s][debug][gc,phases      ] GC(134)     Dead                           Min: 0, Avg:  0.0, Max: 0, Diff: 0, Sum: 0, Workers: 4
[5082.289s][debug][gc,phases      ] GC(134)     Total                          Min: 0, Avg:  0.0, Max: 0, Diff: 0, Sum: 0, Workers: 4
[5082.289s][debug][gc,phases      ] GC(134)   StringDedup Requests0 Weak     Min:  0.0, Avg:  0.0, Max:  0.0, Diff:  0.0, Sum:  0.0, Workers: 4
[5082.289s][debug][gc,phases      ] GC(134)     Dead                           Min: 0, Avg:  0.0, Max: 0, Diff: 0, Sum: 0, Workers: 4
[5082.289s][debug][gc,phases      ] GC(134)     Total                          Min: 0, Avg:  0.0, Max: 0, Diff: 0, Sum: 0, Workers: 4
[5082.289s][debug][gc,phases      ] GC(134)   StringDedup Requests1 Weak     Min:  0.0, Avg:  0.0, Max:  0.0, Diff:  0.0, Sum:  0.0, Workers: 4
[5082.289s][debug][gc,phases      ] GC(134)     Dead                           Min: 0, Avg:  0.0, Max: 0, Diff: 0, Sum: 0, Workers: 4
[5082.289s][debug][gc,phases      ] GC(134)     Total                          Min: 0, Avg:  0.0, Max: 0, Diff: 0, Sum: 0, Workers: 4
[5082.289s][debug][gc,phases      ] GC(134)   Weak JFR Old Object Samples    Min:  0.0, Avg:  0.0, Max:  0.0, Diff:  0.0, Sum:  0.0, Workers: 4
[5082.289s][debug][gc,phases      ] GC(134)     Dead                           Min: 0, Avg:  0.0, Max: 0, Diff: 0, Sum: 0, Workers: 4
[5082.289s][debug][gc,phases      ] GC(134)     Total                          Min: 0, Avg:  0.0, Max: 0, Diff: 0, Sum: 0, Workers: 4
[5082.289s][debug][gc,phases      ] GC(134) Weak Processing 0.472ms
[5082.289s][debug][gc,age         ] GC(134) Desired survivor size 136839168 bytes, new threshold 15 (max threshold 15)
[5082.289s][info ][gc,heap        ] GC(134) PSYoungGen: 1826338K(1956352K)->16579K(1949184K) Eden: 1808384K(1808384K)->0K(1808384K) From: 17954K(147968K)->16579K(140800K)
[5082.289s][info ][gc,heap        ] GC(134) ParOldGen: 317880K(435712K)->317904K(435712K)
[5082.289s][info ][gc,metaspace   ] GC(134) Metaspace: 98878K(100224K)->98878K(100224K) NonClass: 84590K(85376K)->84590K(85376K) Class: 14287K(14848K)->14287K(14848K)
[5082.289s][info ][gc             ] GC(134) Pause Young (Allocation Failure) 2093M->326M(2329M) 5.382ms
[5082.289s][info ][gc,cpu         ] GC(134) User=0.02s Sys=0.00s Real=0.01s
[5082.289s][info ][safepoint      ] Safepoint "ParallelGCFailedAllocation", Time since last: 6557702926 ns, Reaching safepoint: 85703 ns, Cleanup: 4000 ns, At safepoint: 5466203 ns, Total: 5555906 ns
[5112.291s][info ][safepoint      ] Safepoint "Cleanup", Time since last: 30001851596 ns, Reaching safepoint: 10601 ns, Cleanup: 12200 ns, At safepoint: 32701 ns, Total: 55502 ns
[5113.291s][info ][safepoint      ] Safepoint "Cleanup", Time since last: 1000110137 ns, Reaching safepoint: 7601 ns, Cleanup: 12700 ns, At safepoint: 2500 ns, Total: 22801 ns
[5119.292s][info ][safepoint      ] Safepoint "Cleanup", Time since last: 6000440308 ns, Reaching safepoint: 8701 ns, Cleanup: 12100 ns, At safepoint: 2300 ns, Total: 23101 ns
[5133.293s][info ][safepoint      ] Safepoint "Cleanup", Time since last: 14001056067 ns, Reaching safepoint: 9400 ns, Cleanup: 11500 ns, At safepoint: 2200 ns, Total: 23100 ns
[5135.293s][info ][safepoint      ] Safepoint "Cleanup", Time since last: 2000201080 ns, Reaching safepoint: 9200 ns, Cleanup: 6201 ns, At safepoint: 2400 ns, Total: 17801 ns
[5136.293s][info ][safepoint      ] Safepoint "Cleanup", Time since last: 1000121390 ns, Reaching safepoint: 9201 ns, Cleanup: 8500 ns, At safepoint: 2200 ns, Total: 19901 ns
[5139.234s][info ][gc,start       ] GC(135) Pause Young (Allocation Failure)
[5139.238s][debug][gc,phases      ] GC(135) Scavenge 4.232ms
[5139.238s][debug][gc,ref         ] GC(135) ReferenceProcessor::execute queues: 1, RefProcThreadModel::Single, marks_oops_alive: false
[5139.238s][debug][gc,ref         ] GC(135) Skipped KeepAliveFinalRefsPhase of Reference Processing: no references
[5139.238s][debug][gc,ref         ] GC(135) ReferenceProcessor::execute queues: 1, RefProcThreadModel::Single, marks_oops_alive: false
[5139.238s][debug][gc,phases      ] GC(135) Reference Processing 0.127ms
[5139.238s][debug][gc,phases      ] GC(135)   VM Weak                        Min:  0.0, Avg:  0.0, Max:  0.0, Diff:  0.0, Sum:  0.0, Workers: 4
[5139.238s][debug][gc,phases      ] GC(135)     Dead                           Min: 0, Avg:  0.0, Max: 0, Diff: 0, Sum: 0, Workers: 4
[5139.238s][debug][gc,phases      ] GC(135)     Total                          Min: 0, Avg: 255.0, Max: 832, Diff: 832, Sum: 1020, Workers: 4
[5139.238s][debug][gc,phases      ] GC(135)   ObjectSynchronizer Weak        Min:  0.0, Avg:  0.0, Max:  0.0, Diff:  0.0, Sum:  0.0, Workers: 4
[5139.239s][debug][gc,phases      ] GC(135)     Dead                           Min: 0, Avg:  0.0, Max: 0, Diff: 0, Sum: 0, Workers: 4
[5139.239s][debug][gc,phases      ] GC(135)     Total                          Min: 0, Avg:  1.0, Max: 4, Diff: 4, Sum: 4, Workers: 4
[5139.239s][debug][gc,phases      ] GC(135)   JVMTI Tag Weak OopStorage      Min:  0.0, Avg:  0.0, Max:  0.0, Diff:  0.0, Sum:  0.0, Workers: 4
[5139.239s][debug][gc,phases      ] GC(135)     Dead                           Min: 0, Avg:  0.0, Max: 0, Diff: 0, Sum: 0, Workers: 4
[5139.239s][debug][gc,phases      ] GC(135)     Total                          Min: 0, Avg:  0.0, Max: 0, Diff: 0, Sum: 0, Workers: 4
[5139.239s][debug][gc,phases      ] GC(135)   StringTable Weak               Min:  0.0, Avg:  0.1, Max:  0.2, Diff:  0.2, Sum:  0.5, Workers: 4
[5139.239s][debug][gc,phases      ] GC(135)     Dead                           Min: 0, Avg:  0.0, Max: 0, Diff: 0, Sum: 0, Workers: 4
[5139.239s][debug][gc,phases      ] GC(135)     Total                          Min: 0, Avg: 12362.8, Max: 16940, Diff: 16940, Sum: 49451, Workers: 4
[5139.239s][debug][gc,phases      ] GC(135)   ResolvedMethodTable Weak       Min:  0.0, Avg:  0.0, Max:  0.0, Diff:  0.0, Sum:  0.1, Workers: 4
[5139.239s][debug][gc,phases      ] GC(135)     Dead                           Min: 0, Avg:  0.0, Max: 0, Diff: 0, Sum: 0, Workers: 4
[5139.239s][debug][gc,phases      ] GC(135)     Total                          Min: 0, Avg: 3508.2, Max: 4736, Diff: 4736, Sum: 14033, Workers: 4
[5139.239s][debug][gc,phases      ] GC(135)   JNI Weak                       Min:  0.0, Avg:  0.0, Max:  0.0, Diff:  0.0, Sum:  0.0, Workers: 4
[5139.239s][debug][gc,phases      ] GC(135)     Dead                           Min: 0, Avg:  0.0, Max: 0, Diff: 0, Sum: 0, Workers: 4
[5139.239s][debug][gc,phases      ] GC(135)     Total                          Min: 0, Avg: 12.0, Max: 48, Diff: 48, Sum: 48, Workers: 4
[5139.239s][debug][gc,phases      ] GC(135)   StringDedup Table Weak         Min:  0.0, Avg:  0.0, Max:  0.0, Diff:  0.0, Sum:  0.0, Workers: 4
[5139.239s][debug][gc,phases      ] GC(135)     Dead                           Min: 0, Avg:  0.0, Max: 0, Diff: 0, Sum: 0, Workers: 4
[5139.239s][debug][gc,phases      ] GC(135)     Total                          Min: 0, Avg:  0.0, Max: 0, Diff: 0, Sum: 0, Workers: 4
[5139.239s][debug][gc,phases      ] GC(135)   StringDedup Requests0 Weak     Min:  0.0, Avg:  0.0, Max:  0.0, Diff:  0.0, Sum:  0.0, Workers: 4
[5139.239s][debug][gc,phases      ] GC(135)     Dead                           Min: 0, Avg:  0.0, Max: 0, Diff: 0, Sum: 0, Workers: 4
[5139.239s][debug][gc,phases      ] GC(135)     Total                          Min: 0, Avg:  0.0, Max: 0, Diff: 0, Sum: 0, Workers: 4
[5139.239s][debug][gc,phases      ] GC(135)   StringDedup Requests1 Weak     Min:  0.0, Avg:  0.0, Max:  0.0, Diff:  0.0, Sum:  0.0, Workers: 4
[5139.239s][debug][gc,phases      ] GC(135)     Dead                           Min: 0, Avg:  0.0, Max: 0, Diff: 0, Sum: 0, Workers: 4
[5139.239s][debug][gc,phases      ] GC(135)     Total                          Min: 0, Avg:  0.0, Max: 0, Diff: 0, Sum: 0, Workers: 4
[5139.239s][debug][gc,phases      ] GC(135)   Weak JFR Old Object Samples    Min:  0.0, Avg:  0.0, Max:  0.0, Diff:  0.0, Sum:  0.0, Workers: 4
[5139.239s][debug][gc,phases      ] GC(135)     Dead                           Min: 0, Avg:  0.0, Max: 0, Diff: 0, Sum: 0, Workers: 4
[5139.239s][debug][gc,phases      ] GC(135)     Total                          Min: 0, Avg:  0.0, Max: 0, Diff: 0, Sum: 0, Workers: 4
[5139.239s][debug][gc,phases      ] GC(135) Weak Processing 0.467ms
[5139.239s][debug][gc,age         ] GC(135) Desired survivor size 130023424 bytes, new threshold 15 (max threshold 15)
[5139.239s][info ][gc,heap        ] GC(135) PSYoungGen: 1824963K(1949184K)->15795K(1970176K) Eden: 1808384K(1808384K)->0K(1836544K) From: 16579K(140800K)->15795K(133632K)
[5139.239s][info ][gc,heap        ] GC(135) ParOldGen: 317904K(435712K)->317944K(435712K)
[5139.239s][info ][gc,metaspace   ] GC(135) Metaspace: 98894K(100224K)->98894K(100224K) NonClass: 84606K(85376K)->84606K(85376K) Class: 14287K(14848K)->14287K(14848K)
[5139.239s][info ][gc             ] GC(135) Pause Young (Allocation Failure) 2092M->325M(2349M) 4.974ms
[5139.239s][info ][gc,cpu         ] GC(135) User=0.02s Sys=0.00s Real=0.00s
[5139.239s][info ][safepoint      ] Safepoint "ParallelGCFailedAllocation", Time since last: 2940298251 ns, Reaching safepoint: 86803 ns, Cleanup: 10800 ns, At safepoint: 5088083 ns, Total: 5185686 ns
[5145.239s][info ][safepoint      ] Safepoint "Cleanup", Time since last: 6000432734 ns, Reaching safepoint: 81003 ns, Cleanup: 14501 ns, At safepoint: 6500 ns, Total: 102004 ns
[5154.240s][info ][safepoint      ] Safepoint "Cleanup", Time since last: 9000613465 ns, Reaching safepoint: 8001 ns, Cleanup: 10700 ns, At safepoint: 2400 ns, Total: 21101 ns
[5156.240s][info ][safepoint      ] Safepoint "Cleanup", Time since last: 2000194894 ns, Reaching safepoint: 7801 ns, Cleanup: 11600 ns, At safepoint: 2200 ns, Total: 21601 ns
[5160.240s][info ][safepoint      ] Safepoint "Cleanup", Time since last: 4000270273 ns, Reaching safepoint: 8401 ns, Cleanup: 11000 ns, At safepoint: 2300 ns, Total: 21701 ns
[5179.507s][info ][safepoint      ] Safepoint "Cleanup", Time since last: 19266435199 ns, Reaching safepoint: 7100 ns, Cleanup: 13201 ns, At safepoint: 26401 ns, Total: 46702 ns
[5201.940s][info ][gc,start       ] GC(136) Pause Young (Allocation Failure)
[5201.946s][debug][gc,phases      ] GC(136) Scavenge 5.492ms
[5201.946s][debug][gc,ref         ] GC(136) ReferenceProcessor::execute queues: 1, RefProcThreadModel::Single, marks_oops_alive: false
[5201.946s][debug][gc,ref         ] GC(136) Skipped KeepAliveFinalRefsPhase of Reference Processing: no references
[5201.946s][debug][gc,ref         ] GC(136) ReferenceProcessor::execute queues: 1, RefProcThreadModel::Single, marks_oops_alive: false
[5201.946s][debug][gc,phases      ] GC(136) Reference Processing 0.125ms
[5201.946s][debug][gc,phases      ] GC(136)   VM Weak                        Min:  0.0, Avg:  0.0, Max:  0.0, Diff:  0.0, Sum:  0.0, Workers: 4
[5201.946s][debug][gc,phases      ] GC(136)     Dead                           Min: 0, Avg:  0.0, Max: 0, Diff: 0, Sum: 0, Workers: 4
[5201.946s][debug][gc,phases      ] GC(136)     Total                          Min: 0, Avg: 255.0, Max: 704, Diff: 704, Sum: 1020, Workers: 4
[5201.946s][debug][gc,phases      ] GC(136)   ObjectSynchronizer Weak        Min:  0.0, Avg:  0.0, Max:  0.0, Diff:  0.0, Sum:  0.0, Workers: 4
[5201.946s][debug][gc,phases      ] GC(136)     Dead                           Min: 0, Avg:  0.0, Max: 0, Diff: 0, Sum: 0, Workers: 4
[5201.946s][debug][gc,phases      ] GC(136)     Total                          Min: 0, Avg:  0.8, Max: 3, Diff: 3, Sum: 3, Workers: 4
[5201.946s][debug][gc,phases      ] GC(136)   JVMTI Tag Weak OopStorage      Min:  0.0, Avg:  0.0, Max:  0.0, Diff:  0.0, Sum:  0.0, Workers: 4
[5201.946s][debug][gc,phases      ] GC(136)     Dead                           Min: 0, Avg:  0.0, Max: 0, Diff: 0, Sum: 0, Workers: 4
[5201.946s][debug][gc,phases      ] GC(136)     Total                          Min: 0, Avg:  0.0, Max: 0, Diff: 0, Sum: 0, Workers: 4
[5201.946s][debug][gc,phases      ] GC(136)   StringTable Weak               Min:  0.0, Avg:  0.1, Max:  0.2, Diff:  0.2, Sum:  0.5, Workers: 4
[5201.946s][debug][gc,phases      ] GC(136)     Dead                           Min: 0, Avg:  0.0, Max: 0, Diff: 0, Sum: 0, Workers: 4
[5201.946s][debug][gc,phases      ] GC(136)     Total                          Min: 0, Avg: 12362.8, Max: 16768, Diff: 16768, Sum: 49451, Workers: 4
[5201.946s][debug][gc,phases      ] GC(136)   ResolvedMethodTable Weak       Min:  0.0, Avg:  0.0, Max:  0.0, Diff:  0.0, Sum:  0.1, Workers: 4
[5201.946s][debug][gc,phases      ] GC(136)     Dead                           Min: 0, Avg:  0.0, Max: 0, Diff: 0, Sum: 0, Workers: 4
[5201.946s][debug][gc,phases      ] GC(136)     Total                          Min: 0, Avg: 3508.2, Max: 5311, Diff: 5311, Sum: 14033, Workers: 4
[5201.946s][debug][gc,phases      ] GC(136)   JNI Weak                       Min:  0.0, Avg:  0.0, Max:  0.0, Diff:  0.0, Sum:  0.0, Workers: 4
[5201.946s][debug][gc,phases      ] GC(136)     Dead                           Min: 0, Avg:  0.0, Max: 0, Diff: 0, Sum: 0, Workers: 4
[5201.946s][debug][gc,phases      ] GC(136)     Total                          Min: 0, Avg: 12.0, Max: 48, Diff: 48, Sum: 48, Workers: 4
[5201.946s][debug][gc,phases      ] GC(136)   StringDedup Table Weak         Min:  0.0, Avg:  0.0, Max:  0.0, Diff:  0.0, Sum:  0.0, Workers: 4
[5201.946s][debug][gc,phases      ] GC(136)     Dead                           Min: 0, Avg:  0.0, Max: 0, Diff: 0, Sum: 0, Workers: 4
[5201.946s][debug][gc,phases      ] GC(136)     Total                          Min: 0, Avg:  0.0, Max: 0, Diff: 0, Sum: 0, Workers: 4
[5201.946s][debug][gc,phases      ] GC(136)   StringDedup Requests0 Weak     Min:  0.0, Avg:  0.0, Max:  0.0, Diff:  0.0, Sum:  0.0, Workers: 4
[5201.946s][debug][gc,phases      ] GC(136)     Dead                           Min: 0, Avg:  0.0, Max: 0, Diff: 0, Sum: 0, Workers: 4
[5201.946s][debug][gc,phases      ] GC(136)     Total                          Min: 0, Avg:  0.0, Max: 0, Diff: 0, Sum: 0, Workers: 4
[5201.946s][debug][gc,phases      ] GC(136)   StringDedup Requests1 Weak     Min:  0.0, Avg:  0.0, Max:  0.0, Diff:  0.0, Sum:  0.0, Workers: 4
[5201.946s][debug][gc,phases      ] GC(136)     Dead                           Min: 0, Avg:  0.0, Max: 0, Diff: 0, Sum: 0, Workers: 4
[5201.946s][debug][gc,phases      ] GC(136)     Total                          Min: 0, Avg:  0.0, Max: 0, Diff: 0, Sum: 0, Workers: 4
[5201.946s][debug][gc,phases      ] GC(136)   Weak JFR Old Object Samples    Min:  0.0, Avg:  0.0, Max:  0.0, Diff:  0.0, Sum:  0.0, Workers: 4
[5201.946s][debug][gc,phases      ] GC(136)     Dead                           Min: 0, Avg:  0.0, Max: 0, Diff: 0, Sum: 0, Workers: 4
[5201.946s][debug][gc,phases      ] GC(136)     Total                          Min: 0, Avg:  0.0, Max: 0, Diff: 0, Sum: 0, Workers: 4
[5201.946s][debug][gc,phases      ] GC(136) Weak Processing 0.473ms
[5201.946s][debug][gc,age         ] GC(136) Desired survivor size 123207680 bytes, new threshold 15 (max threshold 15)
[5201.946s][info ][gc,heap        ] GC(136) PSYoungGen: 1852339K(1970176K)->17954K(1963520K) Eden: 1836544K(1836544K)->0K(1836544K) From: 15795K(133632K)->17954K(126976K)
[5201.946s][info ][gc,heap        ] GC(136) ParOldGen: 317944K(435712K)->317960K(435712K)
[5201.946s][info ][gc,metaspace   ] GC(136) Metaspace: 98901K(100224K)->98901K(100224K) NonClass: 84613K(85376K)->84613K(85376K) Class: 14287K(14848K)->14287K(14848K)
[5201.946s][info ][gc             ] GC(136) Pause Young (Allocation Failure) 2119M->328M(2343M) 6.242ms
[5201.946s][info ][gc,cpu         ] GC(136) User=0.02s Sys=0.00s Real=0.00s
[5201.947s][info ][safepoint      ] Safepoint "ParallelGCFailedAllocation", Time since last: 22433218042 ns, Reaching safepoint: 7900 ns, Cleanup: 3700 ns, At safepoint: 6342409 ns, Total: 6354009 ns
[5215.947s][info ][safepoint      ] Safepoint "Cleanup", Time since last: 14000957296 ns, Reaching safepoint: 7400 ns, Cleanup: 11901 ns, At safepoint: 2600 ns, Total: 21901 ns
[5230.949s][info ][safepoint      ] Safepoint "Cleanup", Time since last: 15001038621 ns, Reaching safepoint: 7000 ns, Cleanup: 9700 ns, At safepoint: 2300 ns, Total: 19000 ns
[5231.949s][info ][safepoint      ] Safepoint "Cleanup", Time since last: 1000109736 ns, Reaching safepoint: 6900 ns, Cleanup: 13500 ns, At safepoint: 2300 ns, Total: 22700 ns
[5260.951s][info ][safepoint      ] Safepoint "Cleanup", Time since last: 29002024219 ns, Reaching safepoint: 7900 ns, Cleanup: 13100 ns, At safepoint: 2500 ns, Total: 23500 ns
[5269.385s][info ][gc,start       ] GC(137) Pause Young (Allocation Failure)
[5269.389s][debug][gc,phases      ] GC(137) Scavenge 3.713ms
[5269.389s][debug][gc,ref         ] GC(137) ReferenceProcessor::execute queues: 1, RefProcThreadModel::Single, marks_oops_alive: false
[5269.389s][debug][gc,ref         ] GC(137) Skipped KeepAliveFinalRefsPhase of Reference Processing: no references
[5269.389s][debug][gc,ref         ] GC(137) ReferenceProcessor::execute queues: 1, RefProcThreadModel::Single, marks_oops_alive: false
[5269.389s][debug][gc,phases      ] GC(137) Reference Processing 0.130ms
[5269.389s][debug][gc,phases      ] GC(137)   VM Weak                        Min:  0.0, Avg:  0.0, Max:  0.0, Diff:  0.0, Sum:  0.0, Workers: 4
[5269.389s][debug][gc,phases      ] GC(137)     Dead                           Min: 0, Avg:  0.0, Max: 0, Diff: 0, Sum: 0, Workers: 4
[5269.389s][debug][gc,phases      ] GC(137)     Total                          Min: 0, Avg: 255.0, Max: 508, Diff: 508, Sum: 1020, Workers: 4
[5269.389s][debug][gc,phases      ] GC(137)   ObjectSynchronizer Weak        Min:  0.0, Avg:  0.0, Max:  0.0, Diff:  0.0, Sum:  0.0, Workers: 4
[5269.389s][debug][gc,phases      ] GC(137)     Dead                           Min: 0, Avg:  0.0, Max: 0, Diff: 0, Sum: 0, Workers: 4
[5269.389s][debug][gc,phases      ] GC(137)     Total                          Min: 0, Avg:  1.0, Max: 4, Diff: 4, Sum: 4, Workers: 4
[5269.389s][debug][gc,phases      ] GC(137)   JVMTI Tag Weak OopStorage      Min:  0.0, Avg:  0.0, Max:  0.0, Diff:  0.0, Sum:  0.0, Workers: 4
[5269.389s][debug][gc,phases      ] GC(137)     Dead                           Min: 0, Avg:  0.0, Max: 0, Diff: 0, Sum: 0, Workers: 4
[5269.389s][debug][gc,phases      ] GC(137)     Total                          Min: 0, Avg:  0.0, Max: 0, Diff: 0, Sum: 0, Workers: 4
[5269.389s][debug][gc,phases      ] GC(137)   StringTable Weak               Min:  0.0, Avg:  0.1, Max:  0.2, Diff:  0.2, Sum:  0.5, Workers: 4
[5269.389s][debug][gc,phases      ] GC(137)     Dead                           Min: 0, Avg:  0.0, Max: 0, Diff: 0, Sum: 0, Workers: 4
[5269.389s][debug][gc,phases      ] GC(137)     Total                          Min: 0, Avg: 12363.8, Max: 16512, Diff: 16512, Sum: 49455, Workers: 4
[5269.389s][debug][gc,phases      ] GC(137)   ResolvedMethodTable Weak       Min:  0.0, Avg:  0.0, Max:  0.0, Diff:  0.0, Sum:  0.1, Workers: 4
[5269.389s][debug][gc,phases      ] GC(137)     Dead                           Min: 0, Avg:  0.0, Max: 0, Diff: 0, Sum: 0, Workers: 4
[5269.389s][debug][gc,phases      ] GC(137)     Total                          Min: 0, Avg: 3508.2, Max: 4799, Diff: 4799, Sum: 14033, Workers: 4
[5269.389s][debug][gc,phases      ] GC(137)   JNI Weak                       Min:  0.0, Avg:  0.0, Max:  0.0, Diff:  0.0, Sum:  0.0, Workers: 4
[5269.389s][debug][gc,phases      ] GC(137)     Dead                           Min: 0, Avg:  0.0, Max: 0, Diff: 0, Sum: 0, Workers: 4
[5269.389s][debug][gc,phases      ] GC(137)     Total                          Min: 0, Avg: 12.0, Max: 48, Diff: 48, Sum: 48, Workers: 4
[5269.389s][debug][gc,phases      ] GC(137)   StringDedup Table Weak         Min:  0.0, Avg:  0.0, Max:  0.0, Diff:  0.0, Sum:  0.0, Workers: 4
[5269.389s][debug][gc,phases      ] GC(137)     Dead                           Min: 0, Avg:  0.0, Max: 0, Diff: 0, Sum: 0, Workers: 4
[5269.389s][debug][gc,phases      ] GC(137)     Total                          Min: 0, Avg:  0.0, Max: 0, Diff: 0, Sum: 0, Workers: 4
[5269.389s][debug][gc,phases      ] GC(137)   StringDedup Requests0 Weak     Min:  0.0, Avg:  0.0, Max:  0.0, Diff:  0.0, Sum:  0.0, Workers: 4
[5269.389s][debug][gc,phases      ] GC(137)     Dead                           Min: 0, Avg:  0.0, Max: 0, Diff: 0, Sum: 0, Workers: 4
[5269.389s][debug][gc,phases      ] GC(137)     Total                          Min: 0, Avg:  0.0, Max: 0, Diff: 0, Sum: 0, Workers: 4
[5269.389s][debug][gc,phases      ] GC(137)   StringDedup Requests1 Weak     Min:  0.0, Avg:  0.0, Max:  0.0, Diff:  0.0, Sum:  0.0, Workers: 4
[5269.389s][debug][gc,phases      ] GC(137)     Dead                           Min: 0, Avg:  0.0, Max: 0, Diff: 0, Sum: 0, Workers: 4
[5269.389s][debug][gc,phases      ] GC(137)     Total                          Min: 0, Avg:  0.0, Max: 0, Diff: 0, Sum: 0, Workers: 4
[5269.389s][debug][gc,phases      ] GC(137)   Weak JFR Old Object Samples    Min:  0.0, Avg:  0.0, Max:  0.0, Diff:  0.0, Sum:  0.0, Workers: 4
[5269.389s][debug][gc,phases      ] GC(137)     Dead                           Min: 0, Avg:  0.0, Max: 0, Diff: 0, Sum: 0, Workers: 4
[5269.389s][debug][gc,phases      ] GC(137)     Total                          Min: 0, Avg:  0.0, Max: 0, Diff: 0, Sum: 0, Workers: 4
[5269.389s][debug][gc,phases      ] GC(137) Weak Processing 0.471ms
[5269.389s][debug][gc,age         ] GC(137) Desired survivor size 117440512 bytes, new threshold 15 (max threshold 15)
[5269.389s][info ][gc,heap        ] GC(137) PSYoungGen: 1854498K(1963520K)->11441K(1982464K) Eden: 1836544K(1836544K)->0K(1862144K) From: 17954K(126976K)->11441K(120320K)
[5269.389s][info ][gc,heap        ] GC(137) ParOldGen: 317960K(435712K)->317992K(435712K)
[5269.389s][info ][gc,metaspace   ] GC(137) Metaspace: 98912K(100224K)->98912K(100224K) NonClass: 84624K(85376K)->84624K(85376K) Class: 14287K(14848K)->14287K(14848K)
[5269.389s][info ][gc             ] GC(137) Pause Young (Allocation Failure) 2121M->321M(2361M) 4.472ms
[5269.389s][info ][gc,cpu         ] GC(137) User=0.01s Sys=0.00s Real=0.01s
[5269.389s][info ][safepoint      ] Safepoint "ParallelGCFailedAllocation", Time since last: 8434117433 ns, Reaching safepoint: 8301 ns, Cleanup: 4600 ns, At safepoint: 4552450 ns, Total: 4565351 ns
[5281.390s][info ][safepoint      ] Safepoint "Cleanup", Time since last: 12000829855 ns, Reaching safepoint: 113504 ns, Cleanup: 11500 ns, At safepoint: 8301 ns, Total: 133305 ns
[5283.538s][info ][safepoint      ] Safepoint "Cleanup", Time since last: 2147859607 ns, Reaching safepoint: 11401 ns, Cleanup: 14400 ns, At safepoint: 8900 ns, Total: 34701 ns
[5287.539s][info ][safepoint      ] Safepoint "Cleanup", Time since last: 4000335711 ns, Reaching safepoint: 10400 ns, Cleanup: 11801 ns, At safepoint: 10300 ns, Total: 32501 ns
[5302.540s][info ][safepoint      ] Safepoint "Cleanup", Time since last: 15001022708 ns, Reaching safepoint: 82904 ns, Cleanup: 12600 ns, At safepoint: 40502 ns, Total: 136006 ns
[5303.540s][info ][safepoint      ] Safepoint "Cleanup", Time since last: 1000113549 ns, Reaching safepoint: 8800 ns, Cleanup: 11501 ns, At safepoint: 2800 ns, Total: 23101 ns
[5304.540s][info ][safepoint      ] Safepoint "Cleanup", Time since last: 1000125062 ns, Reaching safepoint: 11000 ns, Cleanup: 12401 ns, At safepoint: 7500 ns, Total: 30901 ns
[5308.540s][info ][safepoint      ] Safepoint "Cleanup", Time since last: 4000287916 ns, Reaching safepoint: 7600 ns, Cleanup: 11801 ns, At safepoint: 2300 ns, Total: 21701 ns
[5312.541s][info ][safepoint      ] Safepoint "Cleanup", Time since last: 4000361941 ns, Reaching safepoint: 8800 ns, Cleanup: 9600 ns, At safepoint: 2500 ns, Total: 20900 ns
[5321.666s][info ][gc,start       ] GC(138) Pause Young (Allocation Failure)
[5321.675s][debug][gc,phases      ] GC(138) Scavenge 8.236ms
[5321.675s][debug][gc,ref         ] GC(138) ReferenceProcessor::execute queues: 1, RefProcThreadModel::Single, marks_oops_alive: false
[5321.675s][debug][gc,ref         ] GC(138) Skipped KeepAliveFinalRefsPhase of Reference Processing: no references
[5321.675s][debug][gc,ref         ] GC(138) ReferenceProcessor::execute queues: 1, RefProcThreadModel::Single, marks_oops_alive: false
[5321.675s][debug][gc,phases      ] GC(138) Reference Processing 0.173ms
[5321.675s][debug][gc,phases      ] GC(138)   VM Weak                        Min:  0.0, Avg:  0.0, Max:  0.0, Diff:  0.0, Sum:  0.0, Workers: 4
[5321.675s][debug][gc,phases      ] GC(138)     Dead                           Min: 0, Avg:  0.0, Max: 0, Diff: 0, Sum: 0, Workers: 4
[5321.675s][debug][gc,phases      ] GC(138)     Total                          Min: 0, Avg: 255.0, Max: 704, Diff: 704, Sum: 1020, Workers: 4
[5321.675s][debug][gc,phases      ] GC(138)   ObjectSynchronizer Weak        Min:  0.0, Avg:  0.0, Max:  0.0, Diff:  0.0, Sum:  0.0, Workers: 4
[5321.675s][debug][gc,phases      ] GC(138)     Dead                           Min: 0, Avg:  0.0, Max: 0, Diff: 0, Sum: 0, Workers: 4
[5321.675s][debug][gc,phases      ] GC(138)     Total                          Min: 0, Avg:  1.0, Max: 4, Diff: 4, Sum: 4, Workers: 4
[5321.675s][debug][gc,phases      ] GC(138)   JVMTI Tag Weak OopStorage      Min:  0.0, Avg:  0.0, Max:  0.0, Diff:  0.0, Sum:  0.0, Workers: 4
[5321.675s][debug][gc,phases      ] GC(138)     Dead                           Min: 0, Avg:  0.0, Max: 0, Diff: 0, Sum: 0, Workers: 4
[5321.675s][debug][gc,phases      ] GC(138)     Total                          Min: 0, Avg:  0.0, Max: 0, Diff: 0, Sum: 0, Workers: 4
[5321.675s][debug][gc,phases      ] GC(138)   StringTable Weak               Min:  0.0, Avg:  0.1, Max:  0.2, Diff:  0.2, Sum:  0.5, Workers: 4
[5321.675s][debug][gc,phases      ] GC(138)     Dead                           Min: 0, Avg:  0.0, Max: 0, Diff: 0, Sum: 0, Workers: 4
[5321.675s][debug][gc,phases      ] GC(138)     Total                          Min: 0, Avg: 12363.8, Max: 17152, Diff: 17152, Sum: 49455, Workers: 4
[5321.675s][debug][gc,phases      ] GC(138)   ResolvedMethodTable Weak       Min:  0.0, Avg:  0.0, Max:  0.0, Diff:  0.0, Sum:  0.1, Workers: 4
[5321.675s][debug][gc,phases      ] GC(138)     Dead                           Min: 0, Avg:  0.0, Max: 0, Diff: 0, Sum: 0, Workers: 4
[5321.675s][debug][gc,phases      ] GC(138)     Total                          Min: 0, Avg: 3508.2, Max: 5266, Diff: 5266, Sum: 14033, Workers: 4
[5321.675s][debug][gc,phases      ] GC(138)   JNI Weak                       Min:  0.0, Avg:  0.0, Max:  0.0, Diff:  0.0, Sum:  0.0, Workers: 4
[5321.675s][debug][gc,phases      ] GC(138)     Dead                           Min: 0, Avg:  0.0, Max: 0, Diff: 0, Sum: 0, Workers: 4
[5321.675s][debug][gc,phases      ] GC(138)     Total                          Min: 0, Avg: 12.0, Max: 48, Diff: 48, Sum: 48, Workers: 4
[5321.675s][debug][gc,phases      ] GC(138)   StringDedup Table Weak         Min:  0.0, Avg:  0.0, Max:  0.0, Diff:  0.0, Sum:  0.0, Workers: 4
[5321.675s][debug][gc,phases      ] GC(138)     Dead                           Min: 0, Avg:  0.0, Max: 0, Diff: 0, Sum: 0, Workers: 4
[5321.675s][debug][gc,phases      ] GC(138)     Total                          Min: 0, Avg:  0.0, Max: 0, Diff: 0, Sum: 0, Workers: 4
[5321.675s][debug][gc,phases      ] GC(138)   StringDedup Requests0 Weak     Min:  0.0, Avg:  0.0, Max:  0.0, Diff:  0.0, Sum:  0.0, Workers: 4
[5321.675s][debug][gc,phases      ] GC(138)     Dead                           Min: 0, Avg:  0.0, Max: 0, Diff: 0, Sum: 0, Workers: 4
[5321.675s][debug][gc,phases      ] GC(138)     Total                          Min: 0, Avg:  0.0, Max: 0, Diff: 0, Sum: 0, Workers: 4
[5321.675s][debug][gc,phases      ] GC(138)   StringDedup Requests1 Weak     Min:  0.0, Avg:  0.0, Max:  0.0, Diff:  0.0, Sum:  0.0, Workers: 4
[5321.675s][debug][gc,phases      ] GC(138)     Dead                           Min: 0, Avg:  0.0, Max: 0, Diff: 0, Sum: 0, Workers: 4
[5321.675s][debug][gc,phases      ] GC(138)     Total                          Min: 0, Avg:  0.0, Max: 0, Diff: 0, Sum: 0, Workers: 4
[5321.675s][debug][gc,phases      ] GC(138)   Weak JFR Old Object Samples    Min:  0.0, Avg:  0.0, Max:  0.0, Diff:  0.0, Sum:  0.0, Workers: 4
[5321.675s][debug][gc,phases      ] GC(138)     Dead                           Min: 0, Avg:  0.0, Max: 0, Diff: 0, Sum: 0, Workers: 4
[5321.675s][debug][gc,phases      ] GC(138)     Total                          Min: 0, Avg:  0.0, Max: 0, Diff: 0, Sum: 0, Workers: 4
[5321.675s][debug][gc,phases      ] GC(138) Weak Processing 0.492ms
[5321.675s][debug][gc,age         ] GC(138) Desired survivor size 110624768 bytes, new threshold 15 (max threshold 15)
[5321.675s][info ][gc,heap        ] GC(138) PSYoungGen: 1873585K(1982464K)->18401K(1976832K) Eden: 1862144K(1862144K)->0K(1862144K) From: 11441K(120320K)->18401K(114688K)
[5321.675s][info ][gc,heap        ] GC(138) ParOldGen: 317992K(435712K)->318024K(435712K)
[5321.675s][info ][gc,metaspace   ] GC(138) Metaspace: 98925K(100224K)->98925K(100224K) NonClass: 84637K(85376K)->84637K(85376K) Class: 14287K(14848K)->14287K(14848K)
[5321.675s][info ][gc             ] GC(138) Pause Young (Allocation Failure) 2140M->328M(2356M) 9.079ms
[5321.675s][info ][gc,cpu         ] GC(138) User=0.02s Sys=0.00s Real=0.01s
[5321.675s][info ][safepoint      ] Safepoint "ParallelGCFailedAllocation", Time since last: 9125397184 ns, Reaching safepoint: 8600 ns, Cleanup: 4800 ns, At safepoint: 9178536 ns, Total: 9191936 ns
[5332.676s][info ][safepoint      ] Safepoint "Cleanup", Time since last: 11000753348 ns, Reaching safepoint: 8200 ns, Cleanup: 10000 ns, At safepoint: 6400 ns, Total: 24600 ns
[5340.677s][info ][safepoint      ] Safepoint "Cleanup", Time since last: 8000596034 ns, Reaching safepoint: 86403 ns, Cleanup: 54802 ns, At safepoint: 18101 ns, Total: 159306 ns
[5340.978s][info ][safepoint      ] Safepoint "ParallelGCFailedAllocation", Time since last: 300465855 ns, Reaching safepoint: 98203 ns, Cleanup: 12001 ns, At safepoint: 17001 ns, Total: 127205 ns
[5340.978s][info ][gc,start       ] GC(139) Pause Young (GCLocker Initiated GC)
[5341.003s][debug][gc,phases      ] GC(139) Scavenge 25.184ms
[5341.003s][debug][gc,ref         ] GC(139) ReferenceProcessor::execute queues: 1, RefProcThreadModel::Single, marks_oops_alive: false
[5341.003s][debug][gc,ref         ] GC(139) Skipped KeepAliveFinalRefsPhase of Reference Processing: no references
[5341.003s][debug][gc,ref         ] GC(139) ReferenceProcessor::execute queues: 1, RefProcThreadModel::Single, marks_oops_alive: false
[5341.004s][debug][gc,phases      ] GC(139) Reference Processing 0.123ms
[5341.004s][debug][gc,phases      ] GC(139)   VM Weak                        Min:  0.0, Avg:  0.0, Max:  0.0, Diff:  0.0, Sum:  0.0, Workers: 4
[5341.004s][debug][gc,phases      ] GC(139)     Dead                           Min: 0, Avg:  0.0, Max: 0, Diff: 0, Sum: 0, Workers: 4
[5341.004s][debug][gc,phases      ] GC(139)     Total                          Min: 0, Avg: 255.0, Max: 704, Diff: 704, Sum: 1020, Workers: 4
[5341.004s][debug][gc,phases      ] GC(139)   ObjectSynchronizer Weak        Min:  0.0, Avg:  0.0, Max:  0.0, Diff:  0.0, Sum:  0.0, Workers: 4
[5341.004s][debug][gc,phases      ] GC(139)     Dead                           Min: 0, Avg:  0.0, Max: 0, Diff: 0, Sum: 0, Workers: 4
[5341.004s][debug][gc,phases      ] GC(139)     Total                          Min: 0, Avg:  1.2, Max: 5, Diff: 5, Sum: 5, Workers: 4
[5341.004s][debug][gc,phases      ] GC(139)   JVMTI Tag Weak OopStorage      Min:  0.0, Avg:  0.0, Max:  0.0, Diff:  0.0, Sum:  0.0, Workers: 4
[5341.004s][debug][gc,phases      ] GC(139)     Dead                           Min: 0, Avg:  0.0, Max: 0, Diff: 0, Sum: 0, Workers: 4
[5341.004s][debug][gc,phases      ] GC(139)     Total                          Min: 0, Avg:  0.0, Max: 0, Diff: 0, Sum: 0, Workers: 4
[5341.004s][debug][gc,phases      ] GC(139)   StringTable Weak               Min:  0.0, Avg:  0.1, Max:  0.2, Diff:  0.2, Sum:  0.5, Workers: 4
[5341.004s][debug][gc,phases      ] GC(139)     Dead                           Min: 0, Avg:  0.2, Max: 1, Diff: 1, Sum: 1, Workers: 4
[5341.004s][debug][gc,phases      ] GC(139)     Total                          Min: 0, Avg: 12366.0, Max: 18233, Diff: 18233, Sum: 49464, Workers: 4
[5341.004s][debug][gc,phases      ] GC(139)   ResolvedMethodTable Weak       Min:  0.0, Avg:  0.0, Max:  0.0, Diff:  0.0, Sum:  0.1, Workers: 4
[5341.004s][debug][gc,phases      ] GC(139)     Dead                           Min: 0, Avg:  1.0, Max: 4, Diff: 4, Sum: 4, Workers: 4
[5341.004s][debug][gc,phases      ] GC(139)     Total                          Min: 0, Avg: 3510.5, Max: 4800, Diff: 4800, Sum: 14042, Workers: 4
[5341.004s][debug][gc,phases      ] GC(139)   JNI Weak                       Min:  0.0, Avg:  0.0, Max:  0.0, Diff:  0.0, Sum:  0.0, Workers: 4
[5341.004s][debug][gc,phases      ] GC(139)     Dead                           Min: 0, Avg:  0.0, Max: 0, Diff: 0, Sum: 0, Workers: 4
[5341.004s][debug][gc,phases      ] GC(139)     Total                          Min: 0, Avg: 12.0, Max: 48, Diff: 48, Sum: 48, Workers: 4
[5341.004s][debug][gc,phases      ] GC(139)   StringDedup Table Weak         Min:  0.0, Avg:  0.0, Max:  0.0, Diff:  0.0, Sum:  0.0, Workers: 4
[5341.004s][debug][gc,phases      ] GC(139)     Dead                           Min: 0, Avg:  0.0, Max: 0, Diff: 0, Sum: 0, Workers: 4
[5341.004s][debug][gc,phases      ] GC(139)     Total                          Min: 0, Avg:  0.0, Max: 0, Diff: 0, Sum: 0, Workers: 4
[5341.004s][debug][gc,phases      ] GC(139)   StringDedup Requests0 Weak     Min:  0.0, Avg:  0.0, Max:  0.0, Diff:  0.0, Sum:  0.0, Workers: 4
[5341.004s][debug][gc,phases      ] GC(139)     Dead                           Min: 0, Avg:  0.0, Max: 0, Diff: 0, Sum: 0, Workers: 4
[5341.004s][debug][gc,phases      ] GC(139)     Total                          Min: 0, Avg:  0.0, Max: 0, Diff: 0, Sum: 0, Workers: 4
[5341.004s][debug][gc,phases      ] GC(139)   StringDedup Requests1 Weak     Min:  0.0, Avg:  0.0, Max:  0.0, Diff:  0.0, Sum:  0.0, Workers: 4
[5341.004s][debug][gc,phases      ] GC(139)     Dead                           Min: 0, Avg:  0.0, Max: 0, Diff: 0, Sum: 0, Workers: 4
[5341.004s][debug][gc,phases      ] GC(139)     Total                          Min: 0, Avg:  0.0, Max: 0, Diff: 0, Sum: 0, Workers: 4
[5341.004s][debug][gc,phases      ] GC(139)   Weak JFR Old Object Samples    Min:  0.0, Avg:  0.0, Max:  0.0, Diff:  0.0, Sum:  0.0, Workers: 4
[5341.004s][debug][gc,phases      ] GC(139)     Dead                           Min: 0, Avg:  0.0, Max: 0, Diff: 0, Sum: 0, Workers: 4
[5341.004s][debug][gc,phases      ] GC(139)     Total                          Min: 0, Avg:  0.0, Max: 0, Diff: 0, Sum: 0, Workers: 4
[5341.004s][debug][gc,phases      ] GC(139) Weak Processing 0.458ms
[5341.004s][debug][gc,age         ] GC(139) Desired survivor size 118489088 bytes, new threshold 15 (max threshold 15)
[5341.004s][info ][gc,heap        ] GC(139) PSYoungGen: 1880545K(1976832K)->70827K(1973760K) Eden: 1862144K(1862144K)->0K(1865728K) From: 18401K(114688K)->70827K(108032K)
[5341.004s][info ][gc,heap        ] GC(139) ParOldGen: 318818K(435712K)->318850K(435712K)
[5341.004s][info ][gc,metaspace   ] GC(139) Metaspace: 98983K(100288K)->98983K(100288K) NonClass: 84691K(85440K)->84691K(85440K) Class: 14292K(14848K)->14292K(14848K)
[5341.004s][info ][gc             ] GC(139) Pause Young (GCLocker Initiated GC) 2147M->380M(2353M) 25.907ms
[5341.004s][info ][gc,cpu         ] GC(139) User=0.09s Sys=0.00s Real=0.03s
[5341.004s][info ][safepoint      ] Safepoint "ParallelGCSystemGC", Time since last: 567220 ns, Reaching safepoint: 14701 ns, Cleanup: 1600 ns, At safepoint: 25994539 ns, Total: 26010840 ns
[5342.554s][info ][safepoint      ] Safepoint "Cleanup", Time since last: 1549987998 ns, Reaching safepoint: 85204 ns, Cleanup: 30201 ns, At safepoint: 6400 ns, Total: 121805 ns
[5343.554s][info ][safepoint      ] Safepoint "Cleanup", Time since last: 1000062731 ns, Reaching safepoint: 8800 ns, Cleanup: 14500 ns, At safepoint: 2600 ns, Total: 25900 ns
[5344.554s][info ][safepoint      ] Safepoint "Cleanup", Time since last: 1000099933 ns, Reaching safepoint: 9800 ns, Cleanup: 11500 ns, At safepoint: 2300 ns, Total: 23600 ns
[5345.555s][info ][safepoint      ] Safepoint "Cleanup", Time since last: 1000109233 ns, Reaching safepoint: 8300 ns, Cleanup: 13401 ns, At safepoint: 2200 ns, Total: 23901 ns
[5346.555s][info ][safepoint      ] Safepoint "Cleanup", Time since last: 1000076831 ns, Reaching safepoint: 8400 ns, Cleanup: 11101 ns, At safepoint: 2700 ns, Total: 22201 ns
[5348.440s][info ][gc,start       ] GC(140) Pause Young (Allocation Failure)
[5348.472s][debug][gc,phases      ] GC(140) Scavenge 32.780ms
[5348.473s][debug][gc,ref         ] GC(140) ReferenceProcessor::execute queues: 1, RefProcThreadModel::Single, marks_oops_alive: false
[5348.473s][debug][gc,ref         ] GC(140) Skipped KeepAliveFinalRefsPhase of Reference Processing: no references
[5348.473s][debug][gc,ref         ] GC(140) ReferenceProcessor::execute queues: 1, RefProcThreadModel::Single, marks_oops_alive: false
[5348.473s][debug][gc,phases      ] GC(140) Reference Processing 0.131ms
[5348.473s][debug][gc,phases      ] GC(140)   VM Weak                        Min:  0.0, Avg:  0.0, Max:  0.0, Diff:  0.0, Sum:  0.0, Workers: 4
[5348.473s][debug][gc,phases      ] GC(140)     Dead                           Min: 0, Avg:  0.0, Max: 0, Diff: 0, Sum: 0, Workers: 4
[5348.473s][debug][gc,phases      ] GC(140)     Total                          Min: 0, Avg: 255.0, Max: 512, Diff: 512, Sum: 1020, Workers: 4
[5348.473s][debug][gc,phases      ] GC(140)   ObjectSynchronizer Weak        Min:  0.0, Avg:  0.0, Max:  0.0, Diff:  0.0, Sum:  0.0, Workers: 4
[5348.473s][debug][gc,phases      ] GC(140)     Dead                           Min: 0, Avg:  0.0, Max: 0, Diff: 0, Sum: 0, Workers: 4
[5348.473s][debug][gc,phases      ] GC(140)     Total                          Min: 0, Avg:  1.0, Max: 4, Diff: 4, Sum: 4, Workers: 4
[5348.473s][debug][gc,phases      ] GC(140)   JVMTI Tag Weak OopStorage      Min:  0.0, Avg:  0.0, Max:  0.0, Diff:  0.0, Sum:  0.0, Workers: 4
[5348.473s][debug][gc,phases      ] GC(140)     Dead                           Min: 0, Avg:  0.0, Max: 0, Diff: 0, Sum: 0, Workers: 4
[5348.473s][debug][gc,phases      ] GC(140)     Total                          Min: 0, Avg:  0.0, Max: 0, Diff: 0, Sum: 0, Workers: 4
[5348.473s][debug][gc,phases      ] GC(140)   StringTable Weak               Min:  0.0, Avg:  0.1, Max:  0.2, Diff:  0.2, Sum:  0.5, Workers: 4
[5348.473s][debug][gc,phases      ] GC(140)     Dead                           Min: 0, Avg:  0.0, Max: 0, Diff: 0, Sum: 0, Workers: 4
[5348.473s][debug][gc,phases      ] GC(140)     Total                          Min: 0, Avg: 12366.0, Max: 16960, Diff: 16960, Sum: 49464, Workers: 4
[5348.473s][debug][gc,phases      ] GC(140)   ResolvedMethodTable Weak       Min:  0.0, Avg:  0.0, Max:  0.0, Diff:  0.0, Sum:  0.1, Workers: 4
[5348.473s][debug][gc,phases      ] GC(140)     Dead                           Min: 0, Avg:  0.0, Max: 0, Diff: 0, Sum: 0, Workers: 4
[5348.473s][debug][gc,phases      ] GC(140)     Total                          Min: 0, Avg: 3510.5, Max: 4862, Diff: 4862, Sum: 14042, Workers: 4
[5348.473s][debug][gc,phases      ] GC(140)   JNI Weak                       Min:  0.0, Avg:  0.0, Max:  0.0, Diff:  0.0, Sum:  0.0, Workers: 4
[5348.473s][debug][gc,phases      ] GC(140)     Dead                           Min: 0, Avg:  0.0, Max: 0, Diff: 0, Sum: 0, Workers: 4
[5348.473s][debug][gc,phases      ] GC(140)     Total                          Min: 0, Avg: 12.0, Max: 48, Diff: 48, Sum: 48, Workers: 4
[5348.473s][debug][gc,phases      ] GC(140)   StringDedup Table Weak         Min:  0.0, Avg:  0.0, Max:  0.0, Diff:  0.0, Sum:  0.0, Workers: 4
[5348.473s][debug][gc,phases      ] GC(140)     Dead                           Min: 0, Avg:  0.0, Max: 0, Diff: 0, Sum: 0, Workers: 4
[5348.473s][debug][gc,phases      ] GC(140)     Total                          Min: 0, Avg:  0.0, Max: 0, Diff: 0, Sum: 0, Workers: 4
[5348.473s][debug][gc,phases      ] GC(140)   StringDedup Requests0 Weak     Min:  0.0, Avg:  0.0, Max:  0.0, Diff:  0.0, Sum:  0.0, Workers: 4
[5348.473s][debug][gc,phases      ] GC(140)     Dead                           Min: 0, Avg:  0.0, Max: 0, Diff: 0, Sum: 0, Workers: 4
[5348.473s][debug][gc,phases      ] GC(140)     Total                          Min: 0, Avg:  0.0, Max: 0, Diff: 0, Sum: 0, Workers: 4
[5348.473s][debug][gc,phases      ] GC(140)   StringDedup Requests1 Weak     Min:  0.0, Avg:  0.0, Max:  0.0, Diff:  0.0, Sum:  0.0, Workers: 4
[5348.473s][debug][gc,phases      ] GC(140)     Dead                           Min: 0, Avg:  0.0, Max: 0, Diff: 0, Sum: 0, Workers: 4
[5348.473s][debug][gc,phases      ] GC(140)     Total                          Min: 0, Avg:  0.0, Max: 0, Diff: 0, Sum: 0, Workers: 4
[5348.473s][debug][gc,phases      ] GC(140)   Weak JFR Old Object Samples    Min:  0.0, Avg:  0.0, Max:  0.0, Diff:  0.0, Sum:  0.0, Workers: 4
[5348.473s][debug][gc,phases      ] GC(140)     Dead                           Min: 0, Avg:  0.0, Max: 0, Diff: 0, Sum: 0, Workers: 4
[5348.473s][debug][gc,phases      ] GC(140)     Total                          Min: 0, Avg:  0.0, Max: 0, Diff: 0, Sum: 0, Workers: 4
[5348.473s][debug][gc,phases      ] GC(140) Weak Processing 0.479ms
[5348.473s][debug][gc,age         ] GC(140) Desired survivor size 140509184 bytes, new threshold 15 (max threshold 15)
[5348.473s][info ][gc,heap        ] GC(140) PSYoungGen: 1936555K(1973760K)->111860K(1977856K) Eden: 1865728K(1865728K)->0K(1865728K) From: 70827K(108032K)->111860K(112128K)
[5348.473s][info ][gc,heap        ] GC(140) ParOldGen: 318852K(435712K)->318876K(435712K)
[5348.473s][info ][gc,metaspace   ] GC(140) Metaspace: 98991K(100288K)->98991K(100288K) NonClass: 84699K(85440K)->84699K(85440K) Class: 14292K(14848K)->14292K(14848K)
[5348.473s][info ][gc             ] GC(140) Pause Young (Allocation Failure) 2202M->420M(2357M) 33.533ms
[5348.473s][info ][gc,cpu         ] GC(140) User=0.12s Sys=0.00s Real=0.03s
[5348.473s][info ][safepoint      ] Safepoint "ParallelGCFailedAllocation", Time since last: 1884836041 ns, Reaching safepoint: 84703 ns, Cleanup: 9900 ns, At safepoint: 33651494 ns, Total: 33746097 ns
[5349.473s][info ][safepoint      ] Safepoint "Cleanup", Time since last: 1000097478 ns, Reaching safepoint: 8900 ns, Cleanup: 14101 ns, At safepoint: 3400 ns, Total: 26401 ns
[5350.473s][info ][safepoint      ] Safepoint "Cleanup", Time since last: 1000080477 ns, Reaching safepoint: 9401 ns, Cleanup: 34301 ns, At safepoint: 2400 ns, Total: 46102 ns
[5352.474s][info ][safepoint      ] Safepoint "Cleanup", Time since last: 2000191556 ns, Reaching safepoint: 10400 ns, Cleanup: 22401 ns, At safepoint: 2600 ns, Total: 35401 ns
[5355.474s][info ][safepoint      ] Safepoint "Cleanup", Time since last: 3000246364 ns, Reaching safepoint: 8800 ns, Cleanup: 13900 ns, At safepoint: 2400 ns, Total: 25100 ns
[5359.512s][info ][safepoint      ] Safepoint "Cleanup", Time since last: 4037891403 ns, Reaching safepoint: 8400 ns, Cleanup: 23401 ns, At safepoint: 5700 ns, Total: 37501 ns
[5362.512s][info ][safepoint      ] Safepoint "Cleanup", Time since last: 3000240051 ns, Reaching safepoint: 12100 ns, Cleanup: 11301 ns, At safepoint: 3300 ns, Total: 26701 ns
[5363.512s][info ][safepoint      ] Safepoint "Cleanup", Time since last: 1000112653 ns, Reaching safepoint: 8901 ns, Cleanup: 13300 ns, At safepoint: 2200 ns, Total: 24401 ns
[5369.977s][info ][gc,start       ] GC(141) Pause Young (Allocation Failure)
[5370.020s][debug][gc,phases      ] GC(141) Scavenge 43.093ms
[5370.020s][debug][gc,ref         ] GC(141) ReferenceProcessor::execute queues: 1, RefProcThreadModel::Single, marks_oops_alive: false
[5370.020s][debug][gc,ref         ] GC(141) Skipped KeepAliveFinalRefsPhase of Reference Processing: no references
[5370.020s][debug][gc,ref         ] GC(141) ReferenceProcessor::execute queues: 1, RefProcThreadModel::Single, marks_oops_alive: false
[5370.020s][debug][gc,phases      ] GC(141) Reference Processing 0.143ms
[5370.020s][debug][gc,phases      ] GC(141)   VM Weak                        Min:  0.0, Avg:  0.0, Max:  0.0, Diff:  0.0, Sum:  0.0, Workers: 4
[5370.020s][debug][gc,phases      ] GC(141)     Dead                           Min: 0, Avg:  0.0, Max: 0, Diff: 0, Sum: 0, Workers: 4
[5370.020s][debug][gc,phases      ] GC(141)     Total                          Min: 0, Avg: 255.0, Max: 640, Diff: 640, Sum: 1020, Workers: 4
[5370.020s][debug][gc,phases      ] GC(141)   ObjectSynchronizer Weak        Min:  0.0, Avg:  0.0, Max:  0.0, Diff:  0.0, Sum:  0.0, Workers: 4
[5370.020s][debug][gc,phases      ] GC(141)     Dead                           Min: 0, Avg:  0.0, Max: 0, Diff: 0, Sum: 0, Workers: 4
[5370.020s][debug][gc,phases      ] GC(141)     Total                          Min: 0, Avg:  1.2, Max: 5, Diff: 5, Sum: 5, Workers: 4
[5370.020s][debug][gc,phases      ] GC(141)   JVMTI Tag Weak OopStorage      Min:  0.0, Avg:  0.0, Max:  0.0, Diff:  0.0, Sum:  0.0, Workers: 4
[5370.020s][debug][gc,phases      ] GC(141)     Dead                           Min: 0, Avg:  0.0, Max: 0, Diff: 0, Sum: 0, Workers: 4
[5370.020s][debug][gc,phases      ] GC(141)     Total                          Min: 0, Avg:  0.0, Max: 0, Diff: 0, Sum: 0, Workers: 4
[5370.020s][debug][gc,phases      ] GC(141)   StringTable Weak               Min:  0.0, Avg:  0.1, Max:  0.2, Diff:  0.2, Sum:  0.5, Workers: 4
[5370.020s][debug][gc,phases      ] GC(141)     Dead                           Min: 0, Avg:  0.0, Max: 0, Diff: 0, Sum: 0, Workers: 4
[5370.020s][debug][gc,phases      ] GC(141)     Total                          Min: 0, Avg: 12368.5, Max: 17216, Diff: 17216, Sum: 49474, Workers: 4
[5370.020s][debug][gc,phases      ] GC(141)   ResolvedMethodTable Weak       Min:  0.0, Avg:  0.0, Max:  0.1, Diff:  0.1, Sum:  0.1, Workers: 4
[5370.020s][debug][gc,phases      ] GC(141)     Dead                           Min: 0, Avg:  0.5, Max: 2, Diff: 2, Sum: 2, Workers: 4
[5370.020s][debug][gc,phases      ] GC(141)     Total                          Min: 0, Avg: 3513.2, Max: 4776, Diff: 4776, Sum: 14053, Workers: 4
[5370.020s][debug][gc,phases      ] GC(141)   JNI Weak                       Min:  0.0, Avg:  0.0, Max:  0.0, Diff:  0.0, Sum:  0.0, Workers: 4
[5370.020s][debug][gc,phases      ] GC(141)     Dead                           Min: 0, Avg:  0.0, Max: 0, Diff: 0, Sum: 0, Workers: 4
[5370.020s][debug][gc,phases      ] GC(141)     Total                          Min: 0, Avg: 12.0, Max: 48, Diff: 48, Sum: 48, Workers: 4
[5370.020s][debug][gc,phases      ] GC(141)   StringDedup Table Weak         Min:  0.0, Avg:  0.0, Max:  0.0, Diff:  0.0, Sum:  0.0, Workers: 4
[5370.020s][debug][gc,phases      ] GC(141)     Dead                           Min: 0, Avg:  0.0, Max: 0, Diff: 0, Sum: 0, Workers: 4
[5370.020s][debug][gc,phases      ] GC(141)     Total                          Min: 0, Avg:  0.0, Max: 0, Diff: 0, Sum: 0, Workers: 4
[5370.020s][debug][gc,phases      ] GC(141)   StringDedup Requests0 Weak     Min:  0.0, Avg:  0.0, Max:  0.0, Diff:  0.0, Sum:  0.0, Workers: 4
[5370.020s][debug][gc,phases      ] GC(141)     Dead                           Min: 0, Avg:  0.0, Max: 0, Diff: 0, Sum: 0, Workers: 4
[5370.020s][debug][gc,phases      ] GC(141)     Total                          Min: 0, Avg:  0.0, Max: 0, Diff: 0, Sum: 0, Workers: 4
[5370.020s][debug][gc,phases      ] GC(141)   StringDedup Requests1 Weak     Min:  0.0, Avg:  0.0, Max:  0.0, Diff:  0.0, Sum:  0.0, Workers: 4
[5370.020s][debug][gc,phases      ] GC(141)     Dead                           Min: 0, Avg:  0.0, Max: 0, Diff: 0, Sum: 0, Workers: 4
[5370.020s][debug][gc,phases      ] GC(141)     Total                          Min: 0, Avg:  0.0, Max: 0, Diff: 0, Sum: 0, Workers: 4
[5370.020s][debug][gc,phases      ] GC(141)   Weak JFR Old Object Samples    Min:  0.0, Avg:  0.0, Max:  0.0, Diff:  0.0, Sum:  0.0, Workers: 4
[5370.020s][debug][gc,phases      ] GC(141)     Dead                           Min: 0, Avg:  0.0, Max: 0, Diff: 0, Sum: 0, Workers: 4
[5370.020s][debug][gc,phases      ] GC(141)     Total                          Min: 0, Avg:  0.0, Max: 0, Diff: 0, Sum: 0, Workers: 4
[5370.020s][debug][gc,phases      ] GC(141) Weak Processing 0.463ms
[5370.020s][debug][gc,age         ] GC(141) Desired survivor size 161480704 bytes, new threshold 14 (max threshold 15)
[5370.020s][info ][gc,heap        ] GC(141) PSYoungGen: 1977588K(1977856K)->119266K(1901056K) Eden: 1865728K(1865728K)->0K(1781760K) From: 111860K(112128K)->119266K(119296K)
[5370.020s][info ][gc,heap        ] GC(141) ParOldGen: 318876K(435712K)->321588K(435712K)
[5370.020s][info ][gc,metaspace   ] GC(141) Metaspace: 99024K(100352K)->99024K(100352K) NonClass: 84728K(85504K)->84728K(85504K) Class: 14296K(14848K)->14296K(14848K)
[5370.020s][info ][gc             ] GC(141) Pause Young (Allocation Failure) 2242M->430M(2282M) 43.849ms
[5370.021s][info ][gc,cpu         ] GC(141) User=0.12s Sys=0.01s Real=0.05s
[5370.021s][info ][safepoint      ] Safepoint "ParallelGCFailedAllocation", Time since last: 6464231167 ns, Reaching safepoint: 80703 ns, Cleanup: 3600 ns, At safepoint: 43950657 ns, Total: 44034960 ns
[5371.021s][info ][safepoint      ] Safepoint "Cleanup", Time since last: 1000128569 ns, Reaching safepoint: 84403 ns, Cleanup: 11500 ns, At safepoint: 9100 ns, Total: 105003 ns
[5374.021s][info ][safepoint      ] Safepoint "Cleanup", Time since last: 3000256804 ns, Reaching safepoint: 11100 ns, Cleanup: 15201 ns, At safepoint: 8000 ns, Total: 34301 ns
[5375.021s][info ][safepoint      ] Safepoint "Cleanup", Time since last: 1000126669 ns, Reaching safepoint: 8500 ns, Cleanup: 15301 ns, At safepoint: 3000 ns, Total: 26801 ns
[5376.021s][info ][safepoint      ] Safepoint "Cleanup", Time since last: 1000123369 ns, Reaching safepoint: 8300 ns, Cleanup: 11600 ns, At safepoint: 3101 ns, Total: 23001 ns
[5381.022s][info ][safepoint      ] Safepoint "Cleanup", Time since last: 5000407671 ns, Reaching safepoint: 8700 ns, Cleanup: 17501 ns, At safepoint: 3000 ns, Total: 29201 ns
[5382.022s][info ][safepoint      ] Safepoint "Cleanup", Time since last: 1000125369 ns, Reaching safepoint: 12701 ns, Cleanup: 13400 ns, At safepoint: 7000 ns, Total: 33101 ns
[5384.022s][info ][safepoint      ] Safepoint "Cleanup", Time since last: 2000188437 ns, Reaching safepoint: 8400 ns, Cleanup: 12201 ns, At safepoint: 28200 ns, Total: 48801 ns
[5385.022s][info ][safepoint      ] Safepoint "Cleanup", Time since last: 1000120570 ns, Reaching safepoint: 8400 ns, Cleanup: 19100 ns, At safepoint: 2801 ns, Total: 30301 ns
[5389.023s][info ][safepoint      ] Safepoint "Cleanup", Time since last: 4000281363 ns, Reaching safepoint: 9201 ns, Cleanup: 14400 ns, At safepoint: 2400 ns, Total: 26001 ns
[5391.023s][info ][safepoint      ] Safepoint "Cleanup", Time since last: 2000146511 ns, Reaching safepoint: 9300 ns, Cleanup: 11201 ns, At safepoint: 3800 ns, Total: 24301 ns
[5392.114s][info ][gc,start       ] GC(142) Pause Young (Allocation Failure)
[5392.148s][debug][gc,phases      ] GC(142) Scavenge 33.740ms
[5392.148s][debug][gc,ref         ] GC(142) ReferenceProcessor::execute queues: 1, RefProcThreadModel::Single, marks_oops_alive: false
[5392.148s][debug][gc,ref         ] GC(142) Skipped KeepAliveFinalRefsPhase of Reference Processing: no references
[5392.148s][debug][gc,ref         ] GC(142) ReferenceProcessor::execute queues: 1, RefProcThreadModel::Single, marks_oops_alive: false
[5392.148s][debug][gc,phases      ] GC(142) Reference Processing 0.128ms
[5392.148s][debug][gc,phases      ] GC(142)   VM Weak                        Min:  0.0, Avg:  0.0, Max:  0.0, Diff:  0.0, Sum:  0.0, Workers: 4
[5392.148s][debug][gc,phases      ] GC(142)     Dead                           Min: 0, Avg:  0.0, Max: 0, Diff: 0, Sum: 0, Workers: 4
[5392.148s][debug][gc,phases      ] GC(142)     Total                          Min: 0, Avg: 255.0, Max: 640, Diff: 640, Sum: 1020, Workers: 4
[5392.149s][debug][gc,phases      ] GC(142)   ObjectSynchronizer Weak        Min:  0.0, Avg:  0.0, Max:  0.0, Diff:  0.0, Sum:  0.0, Workers: 4
[5392.149s][debug][gc,phases      ] GC(142)     Dead                           Min: 0, Avg:  0.0, Max: 0, Diff: 0, Sum: 0, Workers: 4
[5392.149s][debug][gc,phases      ] GC(142)     Total                          Min: 0, Avg:  1.2, Max: 5, Diff: 5, Sum: 5, Workers: 4
[5392.149s][debug][gc,phases      ] GC(142)   JVMTI Tag Weak OopStorage      Min:  0.0, Avg:  0.0, Max:  0.0, Diff:  0.0, Sum:  0.0, Workers: 4
[5392.149s][debug][gc,phases      ] GC(142)     Dead                           Min: 0, Avg:  0.0, Max: 0, Diff: 0, Sum: 0, Workers: 4
[5392.149s][debug][gc,phases      ] GC(142)     Total                          Min: 0, Avg:  0.0, Max: 0, Diff: 0, Sum: 0, Workers: 4
[5392.149s][debug][gc,phases      ] GC(142)   StringTable Weak               Min:  0.0, Avg:  0.1, Max:  0.2, Diff:  0.2, Sum:  0.5, Workers: 4
[5392.149s][debug][gc,phases      ] GC(142)     Dead                           Min: 0, Avg:  0.0, Max: 0, Diff: 0, Sum: 0, Workers: 4
[5392.149s][debug][gc,phases      ] GC(142)     Total                          Min: 0, Avg: 12374.5, Max: 17280, Diff: 17280, Sum: 49498, Workers: 4
[5392.149s][debug][gc,phases      ] GC(142)   ResolvedMethodTable Weak       Min:  0.0, Avg:  0.0, Max:  0.0, Diff:  0.0, Sum:  0.1, Workers: 4
[5392.149s][debug][gc,phases      ] GC(142)     Dead                           Min: 0, Avg:  0.0, Max: 0, Diff: 0, Sum: 0, Workers: 4
[5392.149s][debug][gc,phases      ] GC(142)     Total                          Min: 0, Avg: 3514.0, Max: 4798, Diff: 4798, Sum: 14056, Workers: 4
[5392.149s][debug][gc,phases      ] GC(142)   JNI Weak                       Min:  0.0, Avg:  0.0, Max:  0.0, Diff:  0.0, Sum:  0.0, Workers: 4
[5392.149s][debug][gc,phases      ] GC(142)     Dead                           Min: 0, Avg:  0.0, Max: 0, Diff: 0, Sum: 0, Workers: 4
[5392.149s][debug][gc,phases      ] GC(142)     Total                          Min: 0, Avg: 12.0, Max: 48, Diff: 48, Sum: 48, Workers: 4
[5392.149s][debug][gc,phases      ] GC(142)   StringDedup Table Weak         Min:  0.0, Avg:  0.0, Max:  0.0, Diff:  0.0, Sum:  0.0, Workers: 4
[5392.149s][debug][gc,phases      ] GC(142)     Dead                           Min: 0, Avg:  0.0, Max: 0, Diff: 0, Sum: 0, Workers: 4
[5392.149s][debug][gc,phases      ] GC(142)     Total                          Min: 0, Avg:  0.0, Max: 0, Diff: 0, Sum: 0, Workers: 4
[5392.149s][debug][gc,phases      ] GC(142)   StringDedup Requests0 Weak     Min:  0.0, Avg:  0.0, Max:  0.0, Diff:  0.0, Sum:  0.0, Workers: 4
[5392.149s][debug][gc,phases      ] GC(142)     Dead                           Min: 0, Avg:  0.0, Max: 0, Diff: 0, Sum: 0, Workers: 4
[5392.149s][debug][gc,phases      ] GC(142)     Total                          Min: 0, Avg:  0.0, Max: 0, Diff: 0, Sum: 0, Workers: 4
[5392.149s][debug][gc,phases      ] GC(142)   StringDedup Requests1 Weak     Min:  0.0, Avg:  0.0, Max:  0.0, Diff:  0.0, Sum:  0.0, Workers: 4
[5392.149s][debug][gc,phases      ] GC(142)     Dead                           Min: 0, Avg:  0.0, Max: 0, Diff: 0, Sum: 0, Workers: 4
[5392.149s][debug][gc,phases      ] GC(142)     Total                          Min: 0, Avg:  0.0, Max: 0, Diff: 0, Sum: 0, Workers: 4
[5392.149s][debug][gc,phases      ] GC(142)   Weak JFR Old Object Samples    Min:  0.0, Avg:  0.0, Max:  0.0, Diff:  0.0, Sum:  0.0, Workers: 4
[5392.149s][debug][gc,phases      ] GC(142)     Dead                           Min: 0, Avg:  0.0, Max: 0, Diff: 0, Sum: 0, Workers: 4
[5392.149s][debug][gc,phases      ] GC(142)     Total                          Min: 0, Avg:  0.0, Max: 0, Diff: 0, Sum: 0, Workers: 4
[5392.149s][debug][gc,phases      ] GC(142) Weak Processing 0.483ms
[5392.149s][debug][gc,age         ] GC(142) Desired survivor size 180355072 bytes, new threshold 15 (max threshold 15)
[5392.149s][info ][gc,heap        ] GC(142) PSYoungGen: 1901026K(1901056K)->128082K(1910272K) Eden: 1781760K(1781760K)->0K(1781760K) From: 119266K(119296K)->128082K(128512K)
[5392.149s][info ][gc,heap        ] GC(142) ParOldGen: 321588K(435712K)->321740K(435712K)
[5392.149s][info ][gc,metaspace   ] GC(142) Metaspace: 99034K(100352K)->99034K(100352K) NonClass: 84737K(85504K)->84737K(85504K) Class: 14297K(14848K)->14297K(14848K)
[5392.149s][info ][gc             ] GC(142) Pause Young (Allocation Failure) 2170M->439M(2291M) 34.502ms
[5392.149s][info ][gc,cpu         ] GC(142) User=0.13s Sys=0.00s Real=0.04s
[5392.149s][info ][safepoint      ] Safepoint "ParallelGCFailedAllocation", Time since last: 1091250478 ns, Reaching safepoint: 87003 ns, Cleanup: 4001 ns, At safepoint: 34600866 ns, Total: 34691870 ns
[5393.149s][info ][safepoint      ] Safepoint "Cleanup", Time since last: 1000047504 ns, Reaching safepoint: 8501 ns, Cleanup: 13400 ns, At safepoint: 3200 ns, Total: 25101 ns
[5394.149s][info ][safepoint      ] Safepoint "Cleanup", Time since last: 1000111007 ns, Reaching safepoint: 8400 ns, Cleanup: 31201 ns, At safepoint: 3000 ns, Total: 42601 ns
[5395.149s][info ][safepoint      ] Safepoint "Cleanup", Time since last: 1000118499 ns, Reaching safepoint: 8900 ns, Cleanup: 35501 ns, At safepoint: 3200 ns, Total: 47601 ns
[5397.149s][info ][safepoint      ] Safepoint "Cleanup", Time since last: 2000184399 ns, Reaching safepoint: 8901 ns, Cleanup: 9800 ns, At safepoint: 2600 ns, Total: 21301 ns
[5398.150s][info ][safepoint      ] Safepoint "Cleanup", Time since last: 1000126251 ns, Reaching safepoint: 8400 ns, Cleanup: 10400 ns, At safepoint: 2800 ns, Total: 21600 ns
[5401.150s][info ][safepoint      ] Safepoint "Cleanup", Time since last: 3000257848 ns, Reaching safepoint: 10600 ns, Cleanup: 22801 ns, At safepoint: 3200 ns, Total: 36601 ns
[5402.575s][info ][safepoint      ] Safepoint "Cleanup", Time since last: 1425326870 ns, Reaching safepoint: 8700 ns, Cleanup: 12601 ns, At safepoint: 3100 ns, Total: 24401 ns
[5405.575s][info ][safepoint      ] Safepoint "Cleanup", Time since last: 3000269904 ns, Reaching safepoint: 9100 ns, Cleanup: 10901 ns, At safepoint: 2900 ns, Total: 22901 ns
[5406.576s][info ][safepoint      ] Safepoint "Cleanup", Time since last: 1000112847 ns, Reaching safepoint: 10400 ns, Cleanup: 23301 ns, At safepoint: 3000 ns, Total: 36701 ns
[5412.576s][info ][safepoint      ] Safepoint "Cleanup", Time since last: 6000460668 ns, Reaching safepoint: 8701 ns, Cleanup: 9900 ns, At safepoint: 6400 ns, Total: 25001 ns
[5413.576s][info ][safepoint      ] Safepoint "Cleanup", Time since last: 1000107702 ns, Reaching safepoint: 9900 ns, Cleanup: 13900 ns, At safepoint: 3200 ns, Total: 27000 ns
[5415.576s][info ][safepoint      ] Safepoint "Cleanup", Time since last: 2000174492 ns, Reaching safepoint: 13101 ns, Cleanup: 14800 ns, At safepoint: 6401 ns, Total: 34302 ns
[5416.584s][info ][gc,start       ] GC(143) Pause Young (Allocation Failure)
[5416.623s][debug][gc,phases      ] GC(143) Scavenge 39.218ms
[5416.624s][debug][gc,ref         ] GC(143) ReferenceProcessor::execute queues: 1, RefProcThreadModel::Single, marks_oops_alive: false
[5416.624s][debug][gc,ref         ] GC(143) Skipped KeepAliveFinalRefsPhase of Reference Processing: no references
[5416.624s][debug][gc,ref         ] GC(143) ReferenceProcessor::execute queues: 1, RefProcThreadModel::Single, marks_oops_alive: false
[5416.624s][debug][gc,phases      ] GC(143) Reference Processing 0.135ms
[5416.624s][debug][gc,phases      ] GC(143)   VM Weak                        Min:  0.0, Avg:  0.0, Max:  0.0, Diff:  0.0, Sum:  0.0, Workers: 4
[5416.624s][debug][gc,phases      ] GC(143)     Dead                           Min: 0, Avg:  0.0, Max: 0, Diff: 0, Sum: 0, Workers: 4
[5416.624s][debug][gc,phases      ] GC(143)     Total                          Min: 0, Avg: 255.0, Max: 640, Diff: 640, Sum: 1020, Workers: 4
[5416.624s][debug][gc,phases      ] GC(143)   ObjectSynchronizer Weak        Min:  0.0, Avg:  0.0, Max:  0.0, Diff:  0.0, Sum:  0.0, Workers: 4
[5416.624s][debug][gc,phases      ] GC(143)     Dead                           Min: 0, Avg:  0.0, Max: 0, Diff: 0, Sum: 0, Workers: 4
[5416.624s][debug][gc,phases      ] GC(143)     Total                          Min: 0, Avg:  1.0, Max: 4, Diff: 4, Sum: 4, Workers: 4
[5416.624s][debug][gc,phases      ] GC(143)   JVMTI Tag Weak OopStorage      Min:  0.0, Avg:  0.0, Max:  0.0, Diff:  0.0, Sum:  0.0, Workers: 4
[5416.624s][debug][gc,phases      ] GC(143)     Dead                           Min: 0, Avg:  0.0, Max: 0, Diff: 0, Sum: 0, Workers: 4
[5416.624s][debug][gc,phases      ] GC(143)     Total                          Min: 0, Avg:  0.0, Max: 0, Diff: 0, Sum: 0, Workers: 4
[5416.624s][debug][gc,phases      ] GC(143)   StringTable Weak               Min:  0.0, Avg:  0.1, Max:  0.2, Diff:  0.2, Sum:  0.5, Workers: 4
[5416.624s][debug][gc,phases      ] GC(143)     Dead                           Min: 0, Avg:  0.2, Max: 1, Diff: 1, Sum: 1, Workers: 4
[5416.624s][debug][gc,phases      ] GC(143)     Total                          Min: 0, Avg: 12379.5, Max: 16896, Diff: 16896, Sum: 49518, Workers: 4
[5416.624s][debug][gc,phases      ] GC(143)   ResolvedMethodTable Weak       Min:  0.0, Avg:  0.0, Max:  0.1, Diff:  0.1, Sum:  0.1, Workers: 4
[5416.624s][debug][gc,phases      ] GC(143)     Dead                           Min: 0, Avg:  0.0, Max: 0, Diff: 0, Sum: 0, Workers: 4
[5416.624s][debug][gc,phases      ] GC(143)     Total                          Min: 0, Avg: 3516.0, Max: 4915, Diff: 4915, Sum: 14064, Workers: 4
[5416.624s][debug][gc,phases      ] GC(143)   JNI Weak                       Min:  0.0, Avg:  0.0, Max:  0.0, Diff:  0.0, Sum:  0.0, Workers: 4
[5416.624s][debug][gc,phases      ] GC(143)     Dead                           Min: 0, Avg:  0.0, Max: 0, Diff: 0, Sum: 0, Workers: 4
[5416.624s][debug][gc,phases      ] GC(143)     Total                          Min: 0, Avg: 12.0, Max: 48, Diff: 48, Sum: 48, Workers: 4
[5416.624s][debug][gc,phases      ] GC(143)   StringDedup Table Weak         Min:  0.0, Avg:  0.0, Max:  0.0, Diff:  0.0, Sum:  0.0, Workers: 4
[5416.624s][debug][gc,phases      ] GC(143)     Dead                           Min: 0, Avg:  0.0, Max: 0, Diff: 0, Sum: 0, Workers: 4
[5416.624s][debug][gc,phases      ] GC(143)     Total                          Min: 0, Avg:  0.0, Max: 0, Diff: 0, Sum: 0, Workers: 4
[5416.624s][debug][gc,phases      ] GC(143)   StringDedup Requests0 Weak     Min:  0.0, Avg:  0.0, Max:  0.0, Diff:  0.0, Sum:  0.0, Workers: 4
[5416.624s][debug][gc,phases      ] GC(143)     Dead                           Min: 0, Avg:  0.0, Max: 0, Diff: 0, Sum: 0, Workers: 4
[5416.624s][debug][gc,phases      ] GC(143)     Total                          Min: 0, Avg:  0.0, Max: 0, Diff: 0, Sum: 0, Workers: 4
[5416.624s][debug][gc,phases      ] GC(143)   StringDedup Requests1 Weak     Min:  0.0, Avg:  0.0, Max:  0.0, Diff:  0.0, Sum:  0.0, Workers: 4
[5416.624s][debug][gc,phases      ] GC(143)     Dead                           Min: 0, Avg:  0.0, Max: 0, Diff: 0, Sum: 0, Workers: 4
[5416.624s][debug][gc,phases      ] GC(143)     Total                          Min: 0, Avg:  0.0, Max: 0, Diff: 0, Sum: 0, Workers: 4
[5416.624s][debug][gc,phases      ] GC(143)   Weak JFR Old Object Samples    Min:  0.0, Avg:  0.0, Max:  0.0, Diff:  0.0, Sum:  0.0, Workers: 4
[5416.624s][debug][gc,phases      ] GC(143)     Dead                           Min: 0, Avg:  0.0, Max: 0, Diff: 0, Sum: 0, Workers: 4
[5416.624s][debug][gc,phases      ] GC(143)     Total                          Min: 0, Avg:  0.0, Max: 0, Diff: 0, Sum: 0, Workers: 4
[5416.624s][debug][gc,phases      ] GC(143) Weak Processing 0.498ms
[5416.624s][debug][gc,age         ] GC(143) Desired survivor size 198705152 bytes, new threshold 15 (max threshold 15)
[5416.624s][info ][gc,heap        ] GC(143) PSYoungGen: 1909842K(1910272K)->137155K(1885184K) Eden: 1781760K(1781760K)->0K(1709056K) From: 128082K(128512K)->137155K(176128K)
[5416.624s][info ][gc,heap        ] GC(143) ParOldGen: 321740K(435712K)->321748K(435712K)
[5416.624s][info ][gc,metaspace   ] GC(143) Metaspace: 99096K(100352K)->99096K(100352K) NonClass: 84794K(85504K)->84794K(85504K) Class: 14301K(14848K)->14301K(14848K)
[5416.624s][info ][gc             ] GC(143) Pause Young (Allocation Failure) 2179M->448M(2266M) 40.005ms
[5416.624s][info ][gc,cpu         ] GC(143) User=0.14s Sys=0.00s Real=0.04s
[5416.624s][info ][safepoint      ] Safepoint "ParallelGCFailedAllocation", Time since last: 1007520505 ns, Reaching safepoint: 89103 ns, Cleanup: 3900 ns, At safepoint: 40115794 ns, Total: 40208797 ns
[5417.624s][info ][safepoint      ] Safepoint "Cleanup", Time since last: 1000092347 ns, Reaching safepoint: 9100 ns, Cleanup: 9900 ns, At safepoint: 3000 ns, Total: 22000 ns
[5423.625s][info ][safepoint      ] Safepoint "Cleanup", Time since last: 6000449936 ns, Reaching safepoint: 8801 ns, Cleanup: 15900 ns, At safepoint: 2500 ns, Total: 27201 ns
[5427.625s][info ][safepoint      ] Safepoint "Cleanup", Time since last: 4000293884 ns, Reaching safepoint: 9700 ns, Cleanup: 10801 ns, At safepoint: 2500 ns, Total: 23001 ns
[5433.626s][info ][safepoint      ] Safepoint "Cleanup", Time since last: 6000465398 ns, Reaching safepoint: 9400 ns, Cleanup: 20401 ns, At safepoint: 2900 ns, Total: 32701 ns
[5435.626s][info ][safepoint      ] Safepoint "Cleanup", Time since last: 2000179125 ns, Reaching safepoint: 10101 ns, Cleanup: 12100 ns, At safepoint: 3100 ns, Total: 25301 ns
[5440.626s][info ][safepoint      ] Safepoint "Cleanup", Time since last: 5000396249 ns, Reaching safepoint: 9200 ns, Cleanup: 18601 ns, At safepoint: 2600 ns, Total: 30401 ns
[5442.626s][info ][safepoint      ] Safepoint "Cleanup", Time since last: 2000185050 ns, Reaching safepoint: 12701 ns, Cleanup: 12700 ns, At safepoint: 8601 ns, Total: 34002 ns
[5443.092s][info ][gc,start       ] GC(144) Pause Young (Allocation Failure)
[5443.175s][debug][gc,phases      ] GC(144) Scavenge 82.920ms
[5443.176s][debug][gc,ref         ] GC(144) ReferenceProcessor::execute queues: 1, RefProcThreadModel::Single, marks_oops_alive: false
[5443.176s][debug][gc,ref         ] GC(144) Skipped KeepAliveFinalRefsPhase of Reference Processing: no references
[5443.176s][debug][gc,ref         ] GC(144) ReferenceProcessor::execute queues: 1, RefProcThreadModel::Single, marks_oops_alive: false
[5443.176s][debug][gc,phases      ] GC(144) Reference Processing 0.169ms
[5443.176s][debug][gc,phases      ] GC(144)   VM Weak                        Min:  0.0, Avg:  0.0, Max:  0.0, Diff:  0.0, Sum:  0.0, Workers: 4
[5443.176s][debug][gc,phases      ] GC(144)     Dead                           Min: 0, Avg:  0.0, Max: 0, Diff: 0, Sum: 0, Workers: 4
[5443.176s][debug][gc,phases      ] GC(144)     Total                          Min: 0, Avg: 255.0, Max: 1020, Diff: 1020, Sum: 1020, Workers: 4
[5443.176s][debug][gc,phases      ] GC(144)   ObjectSynchronizer Weak        Min:  0.0, Avg:  0.0, Max:  0.0, Diff:  0.0, Sum:  0.0, Workers: 4
[5443.176s][debug][gc,phases      ] GC(144)     Dead                           Min: 0, Avg:  0.0, Max: 0, Diff: 0, Sum: 0, Workers: 4
[5443.176s][debug][gc,phases      ] GC(144)     Total                          Min: 0, Avg:  1.0, Max: 4, Diff: 4, Sum: 4, Workers: 4
[5443.176s][debug][gc,phases      ] GC(144)   JVMTI Tag Weak OopStorage      Min:  0.0, Avg:  0.0, Max:  0.0, Diff:  0.0, Sum:  0.0, Workers: 4
[5443.176s][debug][gc,phases      ] GC(144)     Dead                           Min: 0, Avg:  0.0, Max: 0, Diff: 0, Sum: 0, Workers: 4
[5443.176s][debug][gc,phases      ] GC(144)     Total                          Min: 0, Avg:  0.0, Max: 0, Diff: 0, Sum: 0, Workers: 4
[5443.176s][debug][gc,phases      ] GC(144)   StringTable Weak               Min:  0.0, Avg:  0.1, Max:  0.2, Diff:  0.2, Sum:  0.5, Workers: 4
[5443.176s][debug][gc,phases      ] GC(144)     Dead                           Min: 0, Avg:  0.0, Max: 0, Diff: 0, Sum: 0, Workers: 4
[5443.176s][debug][gc,phases      ] GC(144)     Total                          Min: 0, Avg: 12379.5, Max: 16832, Diff: 16832, Sum: 49518, Workers: 4
[5443.176s][debug][gc,phases      ] GC(144)   ResolvedMethodTable Weak       Min:  0.0, Avg:  0.0, Max:  0.1, Diff:  0.1, Sum:  0.2, Workers: 4
[5443.176s][debug][gc,phases      ] GC(144)     Dead                           Min: 0, Avg:  0.0, Max: 0, Diff: 0, Sum: 0, Workers: 4
[5443.176s][debug][gc,phases      ] GC(144)     Total                          Min: 0, Avg: 3516.0, Max: 5181, Diff: 5181, Sum: 14064, Workers: 4
[5443.176s][debug][gc,phases      ] GC(144)   JNI Weak                       Min:  0.0, Avg:  0.0, Max:  0.0, Diff:  0.0, Sum:  0.0, Workers: 4
[5443.176s][debug][gc,phases      ] GC(144)     Dead                           Min: 0, Avg:  0.0, Max: 0, Diff: 0, Sum: 0, Workers: 4
[5443.176s][debug][gc,phases      ] GC(144)     Total                          Min: 0, Avg: 12.0, Max: 48, Diff: 48, Sum: 48, Workers: 4
[5443.176s][debug][gc,phases      ] GC(144)   StringDedup Table Weak         Min:  0.0, Avg:  0.0, Max:  0.0, Diff:  0.0, Sum:  0.0, Workers: 4
[5443.176s][debug][gc,phases      ] GC(144)     Dead                           Min: 0, Avg:  0.0, Max: 0, Diff: 0, Sum: 0, Workers: 4
[5443.176s][debug][gc,phases      ] GC(144)     Total                          Min: 0, Avg:  0.0, Max: 0, Diff: 0, Sum: 0, Workers: 4
[5443.176s][debug][gc,phases      ] GC(144)   StringDedup Requests0 Weak     Min:  0.0, Avg:  0.0, Max:  0.0, Diff:  0.0, Sum:  0.0, Workers: 4
[5443.176s][debug][gc,phases      ] GC(144)     Dead                           Min: 0, Avg:  0.0, Max: 0, Diff: 0, Sum: 0, Workers: 4
[5443.176s][debug][gc,phases      ] GC(144)     Total                          Min: 0, Avg:  0.0, Max: 0, Diff: 0, Sum: 0, Workers: 4
[5443.176s][debug][gc,phases      ] GC(144)   StringDedup Requests1 Weak     Min:  0.0, Avg:  0.0, Max:  0.0, Diff:  0.0, Sum:  0.0, Workers: 4
[5443.176s][debug][gc,phases      ] GC(144)     Dead                           Min: 0, Avg:  0.0, Max: 0, Diff: 0, Sum: 0, Workers: 4
[5443.176s][debug][gc,phases      ] GC(144)     Total                          Min: 0, Avg:  0.0, Max: 0, Diff: 0, Sum: 0, Workers: 4
[5443.176s][debug][gc,phases      ] GC(144)   Weak JFR Old Object Samples    Min:  0.0, Avg:  0.0, Max:  0.0, Diff:  0.0, Sum:  0.0, Workers: 4
[5443.176s][debug][gc,phases      ] GC(144)     Dead                           Min: 0, Avg:  0.0, Max: 0, Diff: 0, Sum: 0, Workers: 4
[5443.176s][debug][gc,phases      ] GC(144)     Total                          Min: 0, Avg:  0.0, Max: 0, Diff: 0, Sum: 0, Workers: 4
[5443.176s][debug][gc,phases      ] GC(144) Weak Processing 0.528ms
[5443.176s][debug][gc,age         ] GC(144) Desired survivor size 214958080 bytes, new threshold 15 (max threshold 15)
[5443.176s][info ][gc,heap        ] GC(144) PSYoungGen: 1846211K(1885184K)->143076K(1852416K) Eden: 1709056K(1709056K)->0K(1709056K) From: 137155K(176128K)->143076K(143360K)
[5443.176s][info ][gc,heap        ] GC(144) ParOldGen: 321748K(435712K)->321788K(435712K)
[5443.176s][info ][gc,metaspace   ] GC(144) Metaspace: 99122K(100480K)->99122K(100480K) NonClass: 84821K(85632K)->84821K(85632K) Class: 14301K(14848K)->14301K(14848K)
[5443.176s][info ][gc             ] GC(144) Pause Young (Allocation Failure) 2117M->453M(2234M) 83.800ms
[5443.176s][info ][gc,cpu         ] GC(144) User=0.14s Sys=0.00s Real=0.08s
[5443.176s][info ][safepoint      ] Safepoint "ParallelGCFailedAllocation", Time since last: 465886098 ns, Reaching safepoint: 82703 ns, Cleanup: 11400 ns, At safepoint: 83907895 ns, Total: 84001998 ns
[5447.177s][info ][safepoint      ] Safepoint "Cleanup", Time since last: 4000323224 ns, Reaching safepoint: 14000 ns, Cleanup: 21201 ns, At safepoint: 2600 ns, Total: 37801 ns
[5450.177s][info ][safepoint      ] Safepoint "Cleanup", Time since last: 3000252518 ns, Reaching safepoint: 90203 ns, Cleanup: 12001 ns, At safepoint: 8900 ns, Total: 111104 ns
[5451.177s][info ][safepoint      ] Safepoint "Cleanup", Time since last: 1000111146 ns, Reaching safepoint: 11800 ns, Cleanup: 22301 ns, At safepoint: 3000 ns, Total: 37101 ns
[5456.178s][info ][safepoint      ] Safepoint "Cleanup", Time since last: 5000389811 ns, Reaching safepoint: 15200 ns, Cleanup: 19701 ns, At safepoint: 2800 ns, Total: 37701 ns
[5458.178s][info ][safepoint      ] Safepoint "Cleanup", Time since last: 2000186895 ns, Reaching safepoint: 8801 ns, Cleanup: 10900 ns, At safepoint: 3300 ns, Total: 23001 ns
[5459.178s][info ][safepoint      ] Safepoint "Cleanup", Time since last: 1000166248 ns, Reaching safepoint: 11301 ns, Cleanup: 12200 ns, At safepoint: 3300 ns, Total: 26801 ns
[5460.179s][info ][safepoint      ] Safepoint "Cleanup", Time since last: 1000444700 ns, Reaching safepoint: 91203 ns, Cleanup: 11600 ns, At safepoint: 29801 ns, Total: 132604 ns
[5465.592s][info ][safepoint      ] Safepoint "Cleanup", Time since last: 5413656572 ns, Reaching safepoint: 80403 ns, Cleanup: 10101 ns, At safepoint: 6800 ns, Total: 97304 ns
[5466.593s][info ][safepoint      ] Safepoint "Cleanup", Time since last: 1000113388 ns, Reaching safepoint: 79303 ns, Cleanup: 11300 ns, At safepoint: 6700 ns, Total: 97303 ns
[5477.284s][info ][gc,start       ] GC(145) Pause Young (Allocation Failure)
[5477.325s][debug][gc,phases      ] GC(145) Scavenge 41.292ms
[5477.326s][debug][gc,ref         ] GC(145) ReferenceProcessor::execute queues: 1, RefProcThreadModel::Single, marks_oops_alive: false
[5477.326s][debug][gc,ref         ] GC(145) Skipped KeepAliveFinalRefsPhase of Reference Processing: no references
[5477.326s][debug][gc,ref         ] GC(145) ReferenceProcessor::execute queues: 1, RefProcThreadModel::Single, marks_oops_alive: false
[5477.326s][debug][gc,phases      ] GC(145) Reference Processing 0.125ms
[5477.326s][debug][gc,phases      ] GC(145)   VM Weak                        Min:  0.0, Avg:  0.0, Max:  0.0, Diff:  0.0, Sum:  0.0, Workers: 4
[5477.326s][debug][gc,phases      ] GC(145)     Dead                           Min: 0, Avg:  0.0, Max: 0, Diff: 0, Sum: 0, Workers: 4
[5477.326s][debug][gc,phases      ] GC(145)     Total                          Min: 0, Avg: 255.0, Max: 768, Diff: 768, Sum: 1020, Workers: 4
[5477.326s][debug][gc,phases      ] GC(145)   ObjectSynchronizer Weak        Min:  0.0, Avg:  0.0, Max:  0.0, Diff:  0.0, Sum:  0.0, Workers: 4
[5477.326s][debug][gc,phases      ] GC(145)     Dead                           Min: 0, Avg:  0.0, Max: 0, Diff: 0, Sum: 0, Workers: 4
[5477.326s][debug][gc,phases      ] GC(145)     Total                          Min: 0, Avg:  1.0, Max: 4, Diff: 4, Sum: 4, Workers: 4
[5477.326s][debug][gc,phases      ] GC(145)   JVMTI Tag Weak OopStorage      Min:  0.0, Avg:  0.0, Max:  0.0, Diff:  0.0, Sum:  0.0, Workers: 4
[5477.326s][debug][gc,phases      ] GC(145)     Dead                           Min: 0, Avg:  0.0, Max: 0, Diff: 0, Sum: 0, Workers: 4
[5477.326s][debug][gc,phases      ] GC(145)     Total                          Min: 0, Avg:  0.0, Max: 0, Diff: 0, Sum: 0, Workers: 4
[5477.326s][debug][gc,phases      ] GC(145)   StringTable Weak               Min:  0.0, Avg:  0.1, Max:  0.2, Diff:  0.2, Sum:  0.5, Workers: 4
[5477.326s][debug][gc,phases      ] GC(145)     Dead                           Min: 0, Avg:  0.0, Max: 0, Diff: 0, Sum: 0, Workers: 4
[5477.326s][debug][gc,phases      ] GC(145)     Total                          Min: 0, Avg: 12380.0, Max: 25905, Diff: 25905, Sum: 49520, Workers: 4
[5477.326s][debug][gc,phases      ] GC(145)   ResolvedMethodTable Weak       Min:  0.0, Avg:  0.0, Max:  0.1, Diff:  0.1, Sum:  0.1, Workers: 4
[5477.326s][debug][gc,phases      ] GC(145)     Dead                           Min: 0, Avg:  0.0, Max: 0, Diff: 0, Sum: 0, Workers: 4
[5477.326s][debug][gc,phases      ] GC(145)     Total                          Min: 0, Avg: 3516.0, Max: 7218, Diff: 7218, Sum: 14064, Workers: 4
[5477.326s][debug][gc,phases      ] GC(145)   JNI Weak                       Min:  0.0, Avg:  0.0, Max:  0.0, Diff:  0.0, Sum:  0.0, Workers: 4
[5477.326s][debug][gc,phases      ] GC(145)     Dead                           Min: 0, Avg:  0.0, Max: 0, Diff: 0, Sum: 0, Workers: 4
[5477.326s][debug][gc,phases      ] GC(145)     Total                          Min: 0, Avg: 12.0, Max: 48, Diff: 48, Sum: 48, Workers: 4
[5477.326s][debug][gc,phases      ] GC(145)   StringDedup Table Weak         Min:  0.0, Avg:  0.0, Max:  0.0, Diff:  0.0, Sum:  0.0, Workers: 4
[5477.326s][debug][gc,phases      ] GC(145)     Dead                           Min: 0, Avg:  0.0, Max: 0, Diff: 0, Sum: 0, Workers: 4
[5477.326s][debug][gc,phases      ] GC(145)     Total                          Min: 0, Avg:  0.0, Max: 0, Diff: 0, Sum: 0, Workers: 4
[5477.326s][debug][gc,phases      ] GC(145)   StringDedup Requests0 Weak     Min:  0.0, Avg:  0.0, Max:  0.0, Diff:  0.0, Sum:  0.0, Workers: 4
[5477.326s][debug][gc,phases      ] GC(145)     Dead                           Min: 0, Avg:  0.0, Max: 0, Diff: 0, Sum: 0, Workers: 4
[5477.326s][debug][gc,phases      ] GC(145)     Total                          Min: 0, Avg:  0.0, Max: 0, Diff: 0, Sum: 0, Workers: 4
[5477.326s][debug][gc,phases      ] GC(145)   StringDedup Requests1 Weak     Min:  0.0, Avg:  0.0, Max:  0.0, Diff:  0.0, Sum:  0.0, Workers: 4
[5477.326s][debug][gc,phases      ] GC(145)     Dead                           Min: 0, Avg:  0.0, Max: 0, Diff: 0, Sum: 0, Workers: 4
[5477.326s][debug][gc,phases      ] GC(145)     Total                          Min: 0, Avg:  0.0, Max: 0, Diff: 0, Sum: 0, Workers: 4
[5477.326s][debug][gc,phases      ] GC(145)   Weak JFR Old Object Samples    Min:  0.0, Avg:  0.0, Max:  0.0, Diff:  0.0, Sum:  0.0, Workers: 4
[5477.326s][debug][gc,phases      ] GC(145)     Dead                           Min: 0, Avg:  0.0, Max: 0, Diff: 0, Sum: 0, Workers: 4
[5477.326s][debug][gc,phases      ] GC(145)     Total                          Min: 0, Avg:  0.0, Max: 0, Diff: 0, Sum: 0, Workers: 4
[5477.326s][debug][gc,phases      ] GC(145) Weak Processing 0.542ms
[5477.326s][debug][gc,age         ] GC(145) Desired survivor size 224919552 bytes, new threshold 15 (max threshold 15)
[5477.326s][info ][gc,heap        ] GC(145) PSYoungGen: 1852132K(1852416K)->135124K(1867776K) Eden: 1709056K(1709056K)->0K(1657856K) From: 143076K(143360K)->135124K(209920K)
[5477.326s][info ][gc,heap        ] GC(145) ParOldGen: 321788K(435712K)->327052K(435712K)
[5477.326s][info ][gc,metaspace   ] GC(145) Metaspace: 99141K(100480K)->99141K(100480K) NonClass: 84840K(85632K)->84840K(85632K) Class: 14301K(14848K)->14301K(14848K)
[5477.326s][info ][gc             ] GC(145) Pause Young (Allocation Failure) 2122M->451M(2249M) 42.113ms
[5477.326s][info ][gc,cpu         ] GC(145) User=0.12s Sys=0.00s Real=0.04s
[5477.326s][info ][safepoint      ] Safepoint "ParallelGCFailedAllocation", Time since last: 10691361461 ns, Reaching safepoint: 89403 ns, Cleanup: 3600 ns, At safepoint: 42205373 ns, Total: 42298376 ns
[5481.327s][info ][safepoint      ] Safepoint "Cleanup", Time since last: 4000288548 ns, Reaching safepoint: 8401 ns, Cleanup: 10300 ns, At safepoint: 2800 ns, Total: 21501 ns
[5484.327s][info ][safepoint      ] Safepoint "Cleanup", Time since last: 3000248499 ns, Reaching safepoint: 8300 ns, Cleanup: 9700 ns, At safepoint: 2500 ns, Total: 20500 ns
[5491.327s][info ][safepoint      ] Safepoint "Cleanup", Time since last: 7000480355 ns, Reaching safepoint: 8700 ns, Cleanup: 10100 ns, At safepoint: 2601 ns, Total: 21401 ns
[5512.005s][info ][gc,start       ] GC(146) Pause Young (Allocation Failure)
[5512.041s][debug][gc,phases      ] GC(146) Scavenge 35.797ms
[5512.041s][debug][gc,ref         ] GC(146) ReferenceProcessor::execute queues: 1, RefProcThreadModel::Single, marks_oops_alive: false
[5512.041s][debug][gc,ref         ] GC(146) Skipped KeepAliveFinalRefsPhase of Reference Processing: no references
[5512.041s][debug][gc,ref         ] GC(146) ReferenceProcessor::execute queues: 1, RefProcThreadModel::Single, marks_oops_alive: false
[5512.041s][debug][gc,phases      ] GC(146) Reference Processing 0.143ms
[5512.041s][debug][gc,phases      ] GC(146)   VM Weak                        Min:  0.0, Avg:  0.0, Max:  0.0, Diff:  0.0, Sum:  0.0, Workers: 4
[5512.041s][debug][gc,phases      ] GC(146)     Dead                           Min: 0, Avg:  0.0, Max: 0, Diff: 0, Sum: 0, Workers: 4
[5512.041s][debug][gc,phases      ] GC(146)     Total                          Min: 0, Avg: 255.0, Max: 636, Diff: 636, Sum: 1020, Workers: 4
[5512.041s][debug][gc,phases      ] GC(146)   ObjectSynchronizer Weak        Min:  0.0, Avg:  0.0, Max:  0.0, Diff:  0.0, Sum:  0.0, Workers: 4
[5512.041s][debug][gc,phases      ] GC(146)     Dead                           Min: 0, Avg:  0.0, Max: 0, Diff: 0, Sum: 0, Workers: 4
[5512.042s][debug][gc,phases      ] GC(146)     Total                          Min: 0, Avg:  1.0, Max: 4, Diff: 4, Sum: 4, Workers: 4
[5512.042s][debug][gc,phases      ] GC(146)   JVMTI Tag Weak OopStorage      Min:  0.0, Avg:  0.0, Max:  0.0, Diff:  0.0, Sum:  0.0, Workers: 4
[5512.042s][debug][gc,phases      ] GC(146)     Dead                           Min: 0, Avg:  0.0, Max: 0, Diff: 0, Sum: 0, Workers: 4
[5512.042s][debug][gc,phases      ] GC(146)     Total                          Min: 0, Avg:  0.0, Max: 0, Diff: 0, Sum: 0, Workers: 4
[5512.042s][debug][gc,phases      ] GC(146)   StringTable Weak               Min:  0.1, Avg:  0.1, Max:  0.1, Diff:  0.0, Sum:  0.5, Workers: 4
[5512.042s][debug][gc,phases      ] GC(146)     Dead                           Min: 0, Avg:  0.0, Max: 0, Diff: 0, Sum: 0, Workers: 4
[5512.042s][debug][gc,phases      ] GC(146)     Total                          Min: 10559, Avg: 12380.8, Max: 13428, Diff: 2869, Sum: 49523, Workers: 4
[5512.042s][debug][gc,phases      ] GC(146)   ResolvedMethodTable Weak       Min:  0.0, Avg:  0.0, Max:  0.0, Diff:  0.0, Sum:  0.1, Workers: 4
[5512.042s][debug][gc,phases      ] GC(146)     Dead                           Min: 0, Avg:  0.0, Max: 0, Diff: 0, Sum: 0, Workers: 4
[5512.042s][debug][gc,phases      ] GC(146)     Total                          Min: 3136, Avg: 3516.0, Max: 3957, Diff: 821, Sum: 14064, Workers: 4
[5512.042s][debug][gc,phases      ] GC(146)   JNI Weak                       Min:  0.0, Avg:  0.0, Max:  0.0, Diff:  0.0, Sum:  0.0, Workers: 4
[5512.042s][debug][gc,phases      ] GC(146)     Dead                           Min: 0, Avg:  0.0, Max: 0, Diff: 0, Sum: 0, Workers: 4
[5512.042s][debug][gc,phases      ] GC(146)     Total                          Min: 0, Avg: 12.0, Max: 48, Diff: 48, Sum: 48, Workers: 4
[5512.042s][debug][gc,phases      ] GC(146)   StringDedup Table Weak         Min:  0.0, Avg:  0.0, Max:  0.0, Diff:  0.0, Sum:  0.0, Workers: 4
[5512.042s][debug][gc,phases      ] GC(146)     Dead                           Min: 0, Avg:  0.0, Max: 0, Diff: 0, Sum: 0, Workers: 4
[5512.042s][debug][gc,phases      ] GC(146)     Total                          Min: 0, Avg:  0.0, Max: 0, Diff: 0, Sum: 0, Workers: 4
[5512.042s][debug][gc,phases      ] GC(146)   StringDedup Requests0 Weak     Min:  0.0, Avg:  0.0, Max:  0.0, Diff:  0.0, Sum:  0.0, Workers: 4
[5512.042s][debug][gc,phases      ] GC(146)     Dead                           Min: 0, Avg:  0.0, Max: 0, Diff: 0, Sum: 0, Workers: 4
[5512.042s][debug][gc,phases      ] GC(146)     Total                          Min: 0, Avg:  0.0, Max: 0, Diff: 0, Sum: 0, Workers: 4
[5512.042s][debug][gc,phases      ] GC(146)   StringDedup Requests1 Weak     Min:  0.0, Avg:  0.0, Max:  0.0, Diff:  0.0, Sum:  0.0, Workers: 4
[5512.042s][debug][gc,phases      ] GC(146)     Dead                           Min: 0, Avg:  0.0, Max: 0, Diff: 0, Sum: 0, Workers: 4
[5512.042s][debug][gc,phases      ] GC(146)     Total                          Min: 0, Avg:  0.0, Max: 0, Diff: 0, Sum: 0, Workers: 4
[5512.042s][debug][gc,phases      ] GC(146)   Weak JFR Old Object Samples    Min:  0.0, Avg:  0.0, Max:  0.0, Diff:  0.0, Sum:  0.0, Workers: 4
[5512.042s][debug][gc,phases      ] GC(146)     Dead                           Min: 0, Avg:  0.0, Max: 0, Diff: 0, Sum: 0, Workers: 4
[5512.042s][debug][gc,phases      ] GC(146)     Total                          Min: 0, Avg:  0.0, Max: 0, Diff: 0, Sum: 0, Workers: 4
[5512.042s][debug][gc,phases      ] GC(146) Weak Processing 0.433ms
[5512.042s][debug][gc,age         ] GC(146) Desired survivor size 231735296 bytes, new threshold 15 (max threshold 15)
[5512.042s][info ][gc,heap        ] GC(146) PSYoungGen: 1792980K(1867776K)->135587K(1793536K) Eden: 1657856K(1657856K)->0K(1657856K) From: 135124K(209920K)->135587K(135680K)
[5512.042s][info ][gc,heap        ] GC(146) ParOldGen: 327052K(435712K)->327084K(435712K)
[5512.042s][info ][gc,metaspace   ] GC(146) Metaspace: 99150K(100480K)->99150K(100480K) NonClass: 84849K(85632K)->84849K(85632K) Class: 14301K(14848K)->14301K(14848K)
[5512.042s][info ][gc             ] GC(146) Pause Young (Allocation Failure) 2070M->451M(2177M) 36.530ms
[5512.042s][info ][gc,cpu         ] GC(146) User=0.13s Sys=0.00s Real=0.04s
[5512.042s][info ][safepoint      ] Safepoint "ParallelGCFailedAllocation", Time since last: 20677811903 ns, Reaching safepoint: 7000 ns, Cleanup: 4200 ns, At safepoint: 36623185 ns, Total: 36634385 ns
[5517.042s][info ][safepoint      ] Safepoint "Cleanup", Time since last: 5000365726 ns, Reaching safepoint: 81102 ns, Cleanup: 13600 ns, At safepoint: 6201 ns, Total: 100903 ns
[5518.042s][info ][safepoint      ] Safepoint "Cleanup", Time since last: 1000111943 ns, Reaching safepoint: 77602 ns, Cleanup: 8500 ns, At safepoint: 6601 ns, Total: 92703 ns
[5519.043s][info ][safepoint      ] Safepoint "Cleanup", Time since last: 1000101200 ns, Reaching safepoint: 8200 ns, Cleanup: 12601 ns, At safepoint: 12500 ns, Total: 33301 ns
[5544.339s][info ][gc,start       ] GC(147) Pause Young (Allocation Failure)
[5544.377s][debug][gc,phases      ] GC(147) Scavenge 37.980ms
[5544.377s][debug][gc,ref         ] GC(147) ReferenceProcessor::execute queues: 1, RefProcThreadModel::Single, marks_oops_alive: false
[5544.377s][debug][gc,ref         ] GC(147) Skipped KeepAliveFinalRefsPhase of Reference Processing: no references
[5544.377s][debug][gc,ref         ] GC(147) ReferenceProcessor::execute queues: 1, RefProcThreadModel::Single, marks_oops_alive: false
[5544.377s][debug][gc,phases      ] GC(147) Reference Processing 0.145ms
[5544.378s][debug][gc,phases      ] GC(147)   VM Weak                        Min:  0.0, Avg:  0.0, Max:  0.0, Diff:  0.0, Sum:  0.0, Workers: 4
[5544.378s][debug][gc,phases      ] GC(147)     Dead                           Min: 0, Avg:  0.0, Max: 0, Diff: 0, Sum: 0, Workers: 4
[5544.378s][debug][gc,phases      ] GC(147)     Total                          Min: 0, Avg: 255.0, Max: 828, Diff: 828, Sum: 1020, Workers: 4
[5544.378s][debug][gc,phases      ] GC(147)   ObjectSynchronizer Weak        Min:  0.0, Avg:  0.0, Max:  0.0, Diff:  0.0, Sum:  0.0, Workers: 4
[5544.378s][debug][gc,phases      ] GC(147)     Dead                           Min: 0, Avg:  0.0, Max: 0, Diff: 0, Sum: 0, Workers: 4
[5544.378s][debug][gc,phases      ] GC(147)     Total                          Min: 0, Avg:  0.8, Max: 3, Diff: 3, Sum: 3, Workers: 4
[5544.378s][debug][gc,phases      ] GC(147)   JVMTI Tag Weak OopStorage      Min:  0.0, Avg:  0.0, Max:  0.0, Diff:  0.0, Sum:  0.0, Workers: 4
[5544.378s][debug][gc,phases      ] GC(147)     Dead                           Min: 0, Avg:  0.0, Max: 0, Diff: 0, Sum: 0, Workers: 4
[5544.378s][debug][gc,phases      ] GC(147)     Total                          Min: 0, Avg:  0.0, Max: 0, Diff: 0, Sum: 0, Workers: 4
[5544.378s][debug][gc,phases      ] GC(147)   StringTable Weak               Min:  0.0, Avg:  0.1, Max:  0.2, Diff:  0.2, Sum:  0.5, Workers: 4
[5544.378s][debug][gc,phases      ] GC(147)     Dead                           Min: 0, Avg:  0.0, Max: 0, Diff: 0, Sum: 0, Workers: 4
[5544.378s][debug][gc,phases      ] GC(147)     Total                          Min: 0, Avg: 12381.0, Max: 16949, Diff: 16949, Sum: 49524, Workers: 4
[5544.378s][debug][gc,phases      ] GC(147)   ResolvedMethodTable Weak       Min:  0.0, Avg:  0.0, Max:  0.0, Diff:  0.0, Sum:  0.1, Workers: 4
[5544.378s][debug][gc,phases      ] GC(147)     Dead                           Min: 0, Avg:  0.0, Max: 0, Diff: 0, Sum: 0, Workers: 4
[5544.378s][debug][gc,phases      ] GC(147)     Total                          Min: 0, Avg: 3516.0, Max: 4786, Diff: 4786, Sum: 14064, Workers: 4
[5544.378s][debug][gc,phases      ] GC(147)   JNI Weak                       Min:  0.0, Avg:  0.0, Max:  0.0, Diff:  0.0, Sum:  0.0, Workers: 4
[5544.378s][debug][gc,phases      ] GC(147)     Dead                           Min: 0, Avg:  0.0, Max: 0, Diff: 0, Sum: 0, Workers: 4
[5544.378s][debug][gc,phases      ] GC(147)     Total                          Min: 0, Avg: 12.0, Max: 48, Diff: 48, Sum: 48, Workers: 4
[5544.378s][debug][gc,phases      ] GC(147)   StringDedup Table Weak         Min:  0.0, Avg:  0.0, Max:  0.0, Diff:  0.0, Sum:  0.0, Workers: 4
[5544.378s][debug][gc,phases      ] GC(147)     Dead                           Min: 0, Avg:  0.0, Max: 0, Diff: 0, Sum: 0, Workers: 4
[5544.378s][debug][gc,phases      ] GC(147)     Total                          Min: 0, Avg:  0.0, Max: 0, Diff: 0, Sum: 0, Workers: 4
[5544.378s][debug][gc,phases      ] GC(147)   StringDedup Requests0 Weak     Min:  0.0, Avg:  0.0, Max:  0.0, Diff:  0.0, Sum:  0.0, Workers: 4
[5544.378s][debug][gc,phases      ] GC(147)     Dead                           Min: 0, Avg:  0.0, Max: 0, Diff: 0, Sum: 0, Workers: 4
[5544.378s][debug][gc,phases      ] GC(147)     Total                          Min: 0, Avg:  0.0, Max: 0, Diff: 0, Sum: 0, Workers: 4
[5544.378s][debug][gc,phases      ] GC(147)   StringDedup Requests1 Weak     Min:  0.0, Avg:  0.0, Max:  0.0, Diff:  0.0, Sum:  0.0, Workers: 4
[5544.378s][debug][gc,phases      ] GC(147)     Dead                           Min: 0, Avg:  0.0, Max: 0, Diff: 0, Sum: 0, Workers: 4
[5544.378s][debug][gc,phases      ] GC(147)     Total                          Min: 0, Avg:  0.0, Max: 0, Diff: 0, Sum: 0, Workers: 4
[5544.378s][debug][gc,phases      ] GC(147)   Weak JFR Old Object Samples    Min:  0.0, Avg:  0.0, Max:  0.0, Diff:  0.0, Sum:  0.0, Workers: 4
[5544.378s][debug][gc,phases      ] GC(147)     Dead                           Min: 0, Avg:  0.0, Max: 0, Diff: 0, Sum: 0, Workers: 4
[5544.378s][debug][gc,phases      ] GC(147)     Total                          Min: 0, Avg:  0.0, Max: 0, Diff: 0, Sum: 0, Workers: 4
[5544.378s][debug][gc,phases      ] GC(147) Weak Processing 0.477ms
[5544.378s][debug][gc,age         ] GC(147) Desired survivor size 236453888 bytes, new threshold 15 (max threshold 15)
[5544.378s][info ][gc,heap        ] GC(147) PSYoungGen: 1793443K(1793536K)->135220K(1861632K) Eden: 1657856K(1657856K)->0K(1635328K) From: 135587K(135680K)->135220K(226304K)
[5544.378s][info ][gc,heap        ] GC(147) ParOldGen: 327084K(435712K)->327140K(435712K)
[5544.378s][info ][gc,metaspace   ] GC(147) Metaspace: 99152K(100480K)->99152K(100480K) NonClass: 84851K(85632K)->84851K(85632K) Class: 14301K(14848K)->14301K(14848K)
[5544.378s][info ][gc             ] GC(147) Pause Young (Allocation Failure) 2070M->451M(2243M) 38.761ms
[5544.378s][info ][gc,cpu         ] GC(147) User=0.14s Sys=0.00s Real=0.04s
[5544.378s][info ][safepoint      ] Safepoint "ParallelGCFailedAllocation", Time since last: 25296393467 ns, Reaching safepoint: 80903 ns, Cleanup: 3900 ns, At safepoint: 38846335 ns, Total: 38931138 ns
[5548.378s][info ][safepoint      ] Safepoint "Cleanup", Time since last: 4000288824 ns, Reaching safepoint: 8600 ns, Cleanup: 19901 ns, At safepoint: 2700 ns, Total: 31201 ns
[5558.379s][info ][safepoint      ] Safepoint "Cleanup", Time since last: 10000707234 ns, Reaching safepoint: 8000 ns, Cleanup: 10000 ns, At safepoint: 2700 ns, Total: 20700 ns
[5559.379s][info ][safepoint      ] Safepoint "Cleanup", Time since last: 1000122377 ns, Reaching safepoint: 7900 ns, Cleanup: 10901 ns, At safepoint: 2300 ns, Total: 21101 ns
[5561.379s][info ][safepoint      ] Safepoint "Cleanup", Time since last: 2000136449 ns, Reaching safepoint: 8500 ns, Cleanup: 12101 ns, At safepoint: 2300 ns, Total: 22901 ns
[5566.380s][info ][safepoint      ] Safepoint "Cleanup", Time since last: 5000364116 ns, Reaching safepoint: 11200 ns, Cleanup: 23701 ns, At safepoint: 6300 ns, Total: 41201 ns
[5567.380s][info ][safepoint      ] Safepoint "Cleanup", Time since last: 1000106102 ns, Reaching safepoint: 7101 ns, Cleanup: 11600 ns, At safepoint: 2800 ns, Total: 21501 ns
[5568.380s][info ][safepoint      ] Safepoint "Cleanup", Time since last: 1000112702 ns, Reaching safepoint: 10601 ns, Cleanup: 10600 ns, At safepoint: 3000 ns, Total: 24201 ns
[5572.380s][info ][safepoint      ] Safepoint "Cleanup", Time since last: 4000314861 ns, Reaching safepoint: 9501 ns, Cleanup: 9000 ns, At safepoint: 5900 ns, Total: 24401 ns
[5576.381s][info ][safepoint      ] Safepoint "Cleanup", Time since last: 4000315624 ns, Reaching safepoint: 8900 ns, Cleanup: 11400 ns, At safepoint: 2400 ns, Total: 22700 ns
[5577.381s][info ][safepoint      ] Safepoint "Cleanup", Time since last: 1000124408 ns, Reaching safepoint: 9400 ns, Cleanup: 12300 ns, At safepoint: 2700 ns, Total: 24400 ns
[5581.540s][info ][gc,start       ] GC(148) Pause Young (Allocation Failure)
[5581.574s][debug][gc,phases      ] GC(148) Scavenge 34.655ms
[5581.574s][debug][gc,ref         ] GC(148) ReferenceProcessor::execute queues: 1, RefProcThreadModel::Single, marks_oops_alive: false
[5581.574s][debug][gc,ref         ] GC(148) Skipped KeepAliveFinalRefsPhase of Reference Processing: no references
[5581.574s][debug][gc,ref         ] GC(148) ReferenceProcessor::execute queues: 1, RefProcThreadModel::Single, marks_oops_alive: false
[5581.574s][debug][gc,phases      ] GC(148) Reference Processing 0.126ms
[5581.575s][debug][gc,phases      ] GC(148)   VM Weak                        Min:  0.0, Avg:  0.0, Max:  0.0, Diff:  0.0, Sum:  0.0, Workers: 4
[5581.575s][debug][gc,phases      ] GC(148)     Dead                           Min: 0, Avg:  0.0, Max: 0, Diff: 0, Sum: 0, Workers: 4
[5581.575s][debug][gc,phases      ] GC(148)     Total                          Min: 0, Avg: 255.0, Max: 1020, Diff: 1020, Sum: 1020, Workers: 4
[5581.575s][debug][gc,phases      ] GC(148)   ObjectSynchronizer Weak        Min:  0.0, Avg:  0.0, Max:  0.0, Diff:  0.0, Sum:  0.0, Workers: 4
[5581.575s][debug][gc,phases      ] GC(148)     Dead                           Min: 0, Avg:  0.0, Max: 0, Diff: 0, Sum: 0, Workers: 4
[5581.575s][debug][gc,phases      ] GC(148)     Total                          Min: 0, Avg:  1.0, Max: 4, Diff: 4, Sum: 4, Workers: 4
[5581.575s][debug][gc,phases      ] GC(148)   JVMTI Tag Weak OopStorage      Min:  0.0, Avg:  0.0, Max:  0.0, Diff:  0.0, Sum:  0.0, Workers: 4
[5581.575s][debug][gc,phases      ] GC(148)     Dead                           Min: 0, Avg:  0.0, Max: 0, Diff: 0, Sum: 0, Workers: 4
[5581.575s][debug][gc,phases      ] GC(148)     Total                          Min: 0, Avg:  0.0, Max: 0, Diff: 0, Sum: 0, Workers: 4
[5581.575s][debug][gc,phases      ] GC(148)   StringTable Weak               Min:  0.0, Avg:  0.1, Max:  0.2, Diff:  0.2, Sum:  0.5, Workers: 4
[5581.575s][debug][gc,phases      ] GC(148)     Dead                           Min: 0, Avg:  0.5, Max: 2, Diff: 2, Sum: 2, Workers: 4
[5581.575s][debug][gc,phases      ] GC(148)     Total                          Min: 0, Avg: 12384.0, Max: 17664, Diff: 17664, Sum: 49536, Workers: 4
[5581.575s][debug][gc,phases      ] GC(148)   ResolvedMethodTable Weak       Min:  0.0, Avg:  0.0, Max:  0.0, Diff:  0.0, Sum:  0.1, Workers: 4
[5581.575s][debug][gc,phases      ] GC(148)     Dead                           Min: 0, Avg:  5.5, Max: 19, Diff: 19, Sum: 22, Workers: 4
[5581.575s][debug][gc,phases      ] GC(148)     Total                          Min: 0, Avg: 3521.5, Max: 4992, Diff: 4992, Sum: 14086, Workers: 4
[5581.575s][debug][gc,phases      ] GC(148)   JNI Weak                       Min:  0.0, Avg:  0.0, Max:  0.0, Diff:  0.0, Sum:  0.0, Workers: 4
[5581.575s][debug][gc,phases      ] GC(148)     Dead                           Min: 0, Avg:  0.0, Max: 0, Diff: 0, Sum: 0, Workers: 4
[5581.575s][debug][gc,phases      ] GC(148)     Total                          Min: 0, Avg: 12.0, Max: 48, Diff: 48, Sum: 48, Workers: 4
[5581.575s][debug][gc,phases      ] GC(148)   StringDedup Table Weak         Min:  0.0, Avg:  0.0, Max:  0.0, Diff:  0.0, Sum:  0.0, Workers: 4
[5581.575s][debug][gc,phases      ] GC(148)     Dead                           Min: 0, Avg:  0.0, Max: 0, Diff: 0, Sum: 0, Workers: 4
[5581.575s][debug][gc,phases      ] GC(148)     Total                          Min: 0, Avg:  0.0, Max: 0, Diff: 0, Sum: 0, Workers: 4
[5581.575s][debug][gc,phases      ] GC(148)   StringDedup Requests0 Weak     Min:  0.0, Avg:  0.0, Max:  0.0, Diff:  0.0, Sum:  0.0, Workers: 4
[5581.575s][debug][gc,phases      ] GC(148)     Dead                           Min: 0, Avg:  0.0, Max: 0, Diff: 0, Sum: 0, Workers: 4
[5581.575s][debug][gc,phases      ] GC(148)     Total                          Min: 0, Avg:  0.0, Max: 0, Diff: 0, Sum: 0, Workers: 4
[5581.575s][debug][gc,phases      ] GC(148)   StringDedup Requests1 Weak     Min:  0.0, Avg:  0.0, Max:  0.0, Diff:  0.0, Sum:  0.0, Workers: 4
[5581.575s][debug][gc,phases      ] GC(148)     Dead                           Min: 0, Avg:  0.0, Max: 0, Diff: 0, Sum: 0, Workers: 4
[5581.575s][debug][gc,phases      ] GC(148)     Total                          Min: 0, Avg:  0.0, Max: 0, Diff: 0, Sum: 0, Workers: 4
[5581.575s][debug][gc,phases      ] GC(148)   Weak JFR Old Object Samples    Min:  0.0, Avg:  0.0, Max:  0.0, Diff:  0.0, Sum:  0.0, Workers: 4
[5581.575s][debug][gc,phases      ] GC(148)     Dead                           Min: 0, Avg:  0.0, Max: 0, Diff: 0, Sum: 0, Workers: 4
[5581.575s][debug][gc,phases      ] GC(148)     Total                          Min: 0, Avg:  0.0, Max: 0, Diff: 0, Sum: 0, Workers: 4
[5581.575s][debug][gc,phases      ] GC(148) Weak Processing 0.485ms
[5581.575s][debug][gc,age         ] GC(148) Desired survivor size 239599616 bytes, new threshold 15 (max threshold 15)
[5581.575s][info ][gc,heap        ] GC(148) PSYoungGen: 1770548K(1861632K)->134852K(1770496K) Eden: 1635328K(1635328K)->0K(1635328K) From: 135220K(226304K)->134852K(135168K)
[5581.575s][info ][gc,heap        ] GC(148) ParOldGen: 327140K(435712K)->327204K(435712K)
[5581.575s][info ][gc,metaspace   ] GC(148) Metaspace: 99191K(100480K)->99191K(100480K) NonClass: 84883K(85632K)->84883K(85632K) Class: 14307K(14848K)->14307K(14848K)
[5581.575s][info ][gc             ] GC(148) Pause Young (Allocation Failure) 2048M->451M(2154M) 35.410ms
[5581.575s][info ][gc,cpu         ] GC(148) User=0.13s Sys=0.00s Real=0.03s
[5581.575s][info ][safepoint      ] Safepoint "ParallelGCFailedAllocation", Time since last: 4158725958 ns, Reaching safepoint: 8100 ns, Cleanup: 3700 ns, At safepoint: 35495923 ns, Total: 35507723 ns
[5584.624s][info ][safepoint      ] Safepoint "Cleanup", Time since last: 3049042249 ns, Reaching safepoint: 9200 ns, Cleanup: 16801 ns, At safepoint: 2300 ns, Total: 28301 ns
[5586.624s][info ][safepoint      ] Safepoint "Cleanup", Time since last: 2000189871 ns, Reaching safepoint: 9401 ns, Cleanup: 19000 ns, At safepoint: 3300 ns, Total: 31701 ns
[5591.625s][info ][safepoint      ] Safepoint "Cleanup", Time since last: 5000384180 ns, Reaching safepoint: 8800 ns, Cleanup: 12201 ns, At safepoint: 2900 ns, Total: 23901 ns
[5595.625s][info ][safepoint      ] Safepoint "Cleanup", Time since last: 4000325106 ns, Reaching safepoint: 10600 ns, Cleanup: 12700 ns, At safepoint: 36902 ns, Total: 60202 ns
[5601.626s][info ][safepoint      ] Safepoint "Cleanup", Time since last: 6000453929 ns, Reaching safepoint: 12701 ns, Cleanup: 12500 ns, At safepoint: 7500 ns, Total: 32701 ns
[5606.626s][info ][safepoint      ] Safepoint "Cleanup", Time since last: 5000398435 ns, Reaching safepoint: 8800 ns, Cleanup: 11600 ns, At safepoint: 2400 ns, Total: 22800 ns
[5608.626s][info ][safepoint      ] Safepoint "Cleanup", Time since last: 2000191059 ns, Reaching safepoint: 8800 ns, Cleanup: 13900 ns, At safepoint: 3100 ns, Total: 25800 ns
[5615.484s][info ][gc,start       ] GC(149) Pause Young (Allocation Failure)
[5615.522s][debug][gc,phases      ] GC(149) Scavenge 38.095ms
[5615.522s][debug][gc,ref         ] GC(149) ReferenceProcessor::execute queues: 1, RefProcThreadModel::Single, marks_oops_alive: false
[5615.522s][debug][gc,ref         ] GC(149) Skipped KeepAliveFinalRefsPhase of Reference Processing: no references
[5615.522s][debug][gc,ref         ] GC(149) ReferenceProcessor::execute queues: 1, RefProcThreadModel::Single, marks_oops_alive: false
[5615.522s][debug][gc,phases      ] GC(149) Reference Processing 0.128ms
[5615.523s][debug][gc,phases      ] GC(149)   VM Weak                        Min:  0.0, Avg:  0.0, Max:  0.0, Diff:  0.0, Sum:  0.0, Workers: 4
[5615.523s][debug][gc,phases      ] GC(149)     Dead                           Min: 0, Avg:  0.0, Max: 0, Diff: 0, Sum: 0, Workers: 4
[5615.523s][debug][gc,phases      ] GC(149)     Total                          Min: 0, Avg: 255.0, Max: 832, Diff: 832, Sum: 1020, Workers: 4
[5615.523s][debug][gc,phases      ] GC(149)   ObjectSynchronizer Weak        Min:  0.0, Avg:  0.0, Max:  0.0, Diff:  0.0, Sum:  0.0, Workers: 4
[5615.523s][debug][gc,phases      ] GC(149)     Dead                           Min: 0, Avg:  0.0, Max: 0, Diff: 0, Sum: 0, Workers: 4
[5615.523s][debug][gc,phases      ] GC(149)     Total                          Min: 0, Avg:  1.0, Max: 4, Diff: 4, Sum: 4, Workers: 4
[5615.523s][debug][gc,phases      ] GC(149)   JVMTI Tag Weak OopStorage      Min:  0.0, Avg:  0.0, Max:  0.0, Diff:  0.0, Sum:  0.0, Workers: 4
[5615.523s][debug][gc,phases      ] GC(149)     Dead                           Min: 0, Avg:  0.0, Max: 0, Diff: 0, Sum: 0, Workers: 4
[5615.523s][debug][gc,phases      ] GC(149)     Total                          Min: 0, Avg:  0.0, Max: 0, Diff: 0, Sum: 0, Workers: 4
[5615.523s][debug][gc,phases      ] GC(149)   StringTable Weak               Min:  0.0, Avg:  0.1, Max:  0.2, Diff:  0.2, Sum:  0.5, Workers: 4
[5615.523s][debug][gc,phases      ] GC(149)     Dead                           Min: 0, Avg:  0.0, Max: 0, Diff: 0, Sum: 0, Workers: 4
[5615.523s][debug][gc,phases      ] GC(149)     Total                          Min: 0, Avg: 12385.0, Max: 17216, Diff: 17216, Sum: 49540, Workers: 4
[5615.523s][debug][gc,phases      ] GC(149)   ResolvedMethodTable Weak       Min:  0.0, Avg:  0.0, Max:  0.0, Diff:  0.0, Sum:  0.1, Workers: 4
[5615.523s][debug][gc,phases      ] GC(149)     Dead                           Min: 0, Avg:  0.0, Max: 0, Diff: 0, Sum: 0, Workers: 4
[5615.523s][debug][gc,phases      ] GC(149)     Total                          Min: 0, Avg: 3522.0, Max: 4809, Diff: 4809, Sum: 14088, Workers: 4
[5615.523s][debug][gc,phases      ] GC(149)   JNI Weak                       Min:  0.0, Avg:  0.0, Max:  0.0, Diff:  0.0, Sum:  0.0, Workers: 4
[5615.523s][debug][gc,phases      ] GC(149)     Dead                           Min: 0, Avg:  0.0, Max: 0, Diff: 0, Sum: 0, Workers: 4
[5615.523s][debug][gc,phases      ] GC(149)     Total                          Min: 0, Avg: 12.0, Max: 48, Diff: 48, Sum: 48, Workers: 4
[5615.523s][debug][gc,phases      ] GC(149)   StringDedup Table Weak         Min:  0.0, Avg:  0.0, Max:  0.0, Diff:  0.0, Sum:  0.0, Workers: 4
[5615.523s][debug][gc,phases      ] GC(149)     Dead                           Min: 0, Avg:  0.0, Max: 0, Diff: 0, Sum: 0, Workers: 4
[5615.523s][debug][gc,phases      ] GC(149)     Total                          Min: 0, Avg:  0.0, Max: 0, Diff: 0, Sum: 0, Workers: 4
[5615.523s][debug][gc,phases      ] GC(149)   StringDedup Requests0 Weak     Min:  0.0, Avg:  0.0, Max:  0.0, Diff:  0.0, Sum:  0.0, Workers: 4
[5615.523s][debug][gc,phases      ] GC(149)     Dead                           Min: 0, Avg:  0.0, Max: 0, Diff: 0, Sum: 0, Workers: 4
[5615.523s][debug][gc,phases      ] GC(149)     Total                          Min: 0, Avg:  0.0, Max: 0, Diff: 0, Sum: 0, Workers: 4
[5615.523s][debug][gc,phases      ] GC(149)   StringDedup Requests1 Weak     Min:  0.0, Avg:  0.0, Max:  0.0, Diff:  0.0, Sum:  0.0, Workers: 4
[5615.523s][debug][gc,phases      ] GC(149)     Dead                           Min: 0, Avg:  0.0, Max: 0, Diff: 0, Sum: 0, Workers: 4
[5615.523s][debug][gc,phases      ] GC(149)     Total                          Min: 0, Avg:  0.0, Max: 0, Diff: 0, Sum: 0, Workers: 4
[5615.523s][debug][gc,phases      ] GC(149)   Weak JFR Old Object Samples    Min:  0.0, Avg:  0.0, Max:  0.0, Diff:  0.0, Sum:  0.0, Workers: 4
[5615.523s][debug][gc,phases      ] GC(149)     Dead                           Min: 0, Avg:  0.0, Max: 0, Diff: 0, Sum: 0, Workers: 4
[5615.523s][debug][gc,phases      ] GC(149)     Total                          Min: 0, Avg:  0.0, Max: 0, Diff: 0, Sum: 0, Workers: 4
[5615.523s][debug][gc,phases      ] GC(149) Weak Processing 0.476ms
[5615.523s][debug][gc,age         ] GC(149) Desired survivor size 239599616 bytes, new threshold 15 (max threshold 15)
[5615.523s][info ][gc,heap        ] GC(149) PSYoungGen: 1770180K(1770496K)->132947K(1863168K) Eden: 1635328K(1635328K)->0K(1629184K) From: 134852K(135168K)->132947K(233984K)
[5615.523s][info ][gc,heap        ] GC(149) ParOldGen: 327204K(435712K)->327252K(435712K)
[5615.523s][info ][gc,metaspace   ] GC(149) Metaspace: 99217K(100544K)->99217K(100544K) NonClass: 84909K(85696K)->84909K(85696K) Class: 14307K(14848K)->14307K(14848K)
[5615.523s][info ][gc             ] GC(149) Pause Young (Allocation Failure) 2048M->449M(2245M) 38.870ms
[5615.523s][info ][gc,cpu         ] GC(149) User=0.13s Sys=0.00s Real=0.04s
[5615.523s][info ][safepoint      ] Safepoint "ParallelGCFailedAllocation", Time since last: 6857740673 ns, Reaching safepoint: 89002 ns, Cleanup: 3700 ns, At safepoint: 38960340 ns, Total: 39053042 ns
[5616.523s][info ][safepoint      ] Safepoint "Cleanup", Time since last: 1000094260 ns, Reaching safepoint: 8500 ns, Cleanup: 21300 ns, At safepoint: 2300 ns, Total: 32100 ns
[5617.523s][info ][safepoint      ] Safepoint "Cleanup", Time since last: 1000076688 ns, Reaching safepoint: 9800 ns, Cleanup: 17201 ns, At safepoint: 3000 ns, Total: 30001 ns
[5618.523s][info ][safepoint      ] Safepoint "Cleanup", Time since last: 1000107312 ns, Reaching safepoint: 8501 ns, Cleanup: 10200 ns, At safepoint: 13901 ns, Total: 32602 ns
[5621.524s][info ][safepoint      ] Safepoint "Cleanup", Time since last: 3000261416 ns, Reaching safepoint: 9101 ns, Cleanup: 11900 ns, At safepoint: 2800 ns, Total: 23801 ns
[5624.524s][info ][safepoint      ] Safepoint "Cleanup", Time since last: 3000194866 ns, Reaching safepoint: 8101 ns, Cleanup: 15900 ns, At safepoint: 2900 ns, Total: 26901 ns
[5638.525s][info ][safepoint      ] Safepoint "Cleanup", Time since last: 14000976960 ns, Reaching safepoint: 8900 ns, Cleanup: 13101 ns, At safepoint: 2700 ns, Total: 24701 ns
[5639.525s][info ][safepoint      ] Safepoint "Cleanup", Time since last: 1000118453 ns, Reaching safepoint: 8300 ns, Cleanup: 10600 ns, At safepoint: 3200 ns, Total: 22100 ns
[5644.641s][info ][safepoint      ] Safepoint "Cleanup", Time since last: 5115654144 ns, Reaching safepoint: 85502 ns, Cleanup: 12001 ns, At safepoint: 6700 ns, Total: 104203 ns
[5645.490s][info ][gc,start       ] GC(150) Pause Young (Allocation Failure)
[5645.527s][debug][gc,phases      ] GC(150) Scavenge 36.778ms
[5645.527s][debug][gc,ref         ] GC(150) ReferenceProcessor::execute queues: 1, RefProcThreadModel::Single, marks_oops_alive: false
[5645.527s][debug][gc,ref         ] GC(150) Skipped KeepAliveFinalRefsPhase of Reference Processing: no references
[5645.527s][debug][gc,ref         ] GC(150) ReferenceProcessor::execute queues: 1, RefProcThreadModel::Single, marks_oops_alive: false
[5645.527s][debug][gc,phases      ] GC(150) Reference Processing 0.167ms
[5645.528s][debug][gc,phases      ] GC(150)   VM Weak                        Min:  0.0, Avg:  0.0, Max:  0.0, Diff:  0.0, Sum:  0.0, Workers: 4
[5645.528s][debug][gc,phases      ] GC(150)     Dead                           Min: 0, Avg:  0.0, Max: 0, Diff: 0, Sum: 0, Workers: 4
[5645.528s][debug][gc,phases      ] GC(150)     Total                          Min: 0, Avg: 255.0, Max: 576, Diff: 576, Sum: 1020, Workers: 4
[5645.528s][debug][gc,phases      ] GC(150)   ObjectSynchronizer Weak        Min:  0.0, Avg:  0.0, Max:  0.0, Diff:  0.0, Sum:  0.0, Workers: 4
[5645.528s][debug][gc,phases      ] GC(150)     Dead                           Min: 0, Avg:  0.0, Max: 0, Diff: 0, Sum: 0, Workers: 4
[5645.528s][debug][gc,phases      ] GC(150)     Total                          Min: 0, Avg:  0.8, Max: 3, Diff: 3, Sum: 3, Workers: 4
[5645.528s][debug][gc,phases      ] GC(150)   JVMTI Tag Weak OopStorage      Min:  0.0, Avg:  0.0, Max:  0.0, Diff:  0.0, Sum:  0.0, Workers: 4
[5645.528s][debug][gc,phases      ] GC(150)     Dead                           Min: 0, Avg:  0.0, Max: 0, Diff: 0, Sum: 0, Workers: 4
[5645.528s][debug][gc,phases      ] GC(150)     Total                          Min: 0, Avg:  0.0, Max: 0, Diff: 0, Sum: 0, Workers: 4
[5645.528s][debug][gc,phases      ] GC(150)   StringTable Weak               Min:  0.1, Avg:  0.1, Max:  0.1, Diff:  0.0, Sum:  0.5, Workers: 4
[5645.528s][debug][gc,phases      ] GC(150)     Dead                           Min: 0, Avg:  0.0, Max: 0, Diff: 0, Sum: 0, Workers: 4
[5645.528s][debug][gc,phases      ] GC(150)     Total                          Min: 11136, Avg: 12385.0, Max: 12928, Diff: 1792, Sum: 49540, Workers: 4
[5645.528s][debug][gc,phases      ] GC(150)   ResolvedMethodTable Weak       Min:  0.0, Avg:  0.0, Max:  0.0, Diff:  0.0, Sum:  0.2, Workers: 4
[5645.528s][debug][gc,phases      ] GC(150)     Dead                           Min: 0, Avg:  0.0, Max: 0, Diff: 0, Sum: 0, Workers: 4
[5645.528s][debug][gc,phases      ] GC(150)     Total                          Min: 3327, Avg: 3522.0, Max: 3968, Diff: 641, Sum: 14088, Workers: 4
[5645.528s][debug][gc,phases      ] GC(150)   JNI Weak                       Min:  0.0, Avg:  0.0, Max:  0.0, Diff:  0.0, Sum:  0.0, Workers: 4
[5645.528s][debug][gc,phases      ] GC(150)     Dead                           Min: 0, Avg:  0.0, Max: 0, Diff: 0, Sum: 0, Workers: 4
[5645.528s][debug][gc,phases      ] GC(150)     Total                          Min: 0, Avg: 12.0, Max: 48, Diff: 48, Sum: 48, Workers: 4
[5645.528s][debug][gc,phases      ] GC(150)   StringDedup Table Weak         Min:  0.0, Avg:  0.0, Max:  0.0, Diff:  0.0, Sum:  0.0, Workers: 4
[5645.528s][debug][gc,phases      ] GC(150)     Dead                           Min: 0, Avg:  0.0, Max: 0, Diff: 0, Sum: 0, Workers: 4
[5645.528s][debug][gc,phases      ] GC(150)     Total                          Min: 0, Avg:  0.0, Max: 0, Diff: 0, Sum: 0, Workers: 4
[5645.528s][debug][gc,phases      ] GC(150)   StringDedup Requests0 Weak     Min:  0.0, Avg:  0.0, Max:  0.0, Diff:  0.0, Sum:  0.0, Workers: 4
[5645.528s][debug][gc,phases      ] GC(150)     Dead                           Min: 0, Avg:  0.0, Max: 0, Diff: 0, Sum: 0, Workers: 4
[5645.528s][debug][gc,phases      ] GC(150)     Total                          Min: 0, Avg:  0.0, Max: 0, Diff: 0, Sum: 0, Workers: 4
[5645.528s][debug][gc,phases      ] GC(150)   StringDedup Requests1 Weak     Min:  0.0, Avg:  0.0, Max:  0.0, Diff:  0.0, Sum:  0.0, Workers: 4
[5645.528s][debug][gc,phases      ] GC(150)     Dead                           Min: 0, Avg:  0.0, Max: 0, Diff: 0, Sum: 0, Workers: 4
[5645.528s][debug][gc,phases      ] GC(150)     Total                          Min: 0, Avg:  0.0, Max: 0, Diff: 0, Sum: 0, Workers: 4
[5645.528s][debug][gc,phases      ] GC(150)   Weak JFR Old Object Samples    Min:  0.0, Avg:  0.0, Max:  0.0, Diff:  0.0, Sum:  0.0, Workers: 4
[5645.528s][debug][gc,phases      ] GC(150)     Dead                           Min: 0, Avg:  0.0, Max: 0, Diff: 0, Sum: 0, Workers: 4
[5645.528s][debug][gc,phases      ] GC(150)     Total                          Min: 0, Avg:  0.0, Max: 0, Diff: 0, Sum: 0, Workers: 4
[5645.528s][debug][gc,phases      ] GC(150) Weak Processing 0.449ms
[5645.528s][debug][gc,age         ] GC(150) Desired survivor size 238551040 bytes, new threshold 15 (max threshold 15)
[5645.528s][info ][gc,heap        ] GC(150) PSYoungGen: 1762131K(1863168K)->131202K(1863168K) Eden: 1629184K(1629184K)->0K(1629184K) From: 132947K(233984K)->131202K(233984K)
[5645.528s][info ][gc,heap        ] GC(150) ParOldGen: 327252K(435712K)->327332K(435712K)
[5645.528s][info ][gc,metaspace   ] GC(150) Metaspace: 99242K(100544K)->99242K(100544K) NonClass: 84934K(85696K)->84934K(85696K) Class: 14307K(14848K)->14307K(14848K)
[5645.528s][info ][gc             ] GC(150) Pause Young (Allocation Failure) 2040M->447M(2245M) 37.560ms
[5645.528s][info ][gc,cpu         ] GC(150) User=0.13s Sys=0.01s Real=0.04s
[5645.528s][info ][safepoint      ] Safepoint "ParallelGCFailedAllocation", Time since last: 849556838 ns, Reaching safepoint: 8100 ns, Cleanup: 4400 ns, At safepoint: 37644547 ns, Total: 37657047 ns
[5653.529s][info ][safepoint      ] Safepoint "Cleanup", Time since last: 8000562948 ns, Reaching safepoint: 8400 ns, Cleanup: 10900 ns, At safepoint: 3000 ns, Total: 22300 ns
[5658.529s][info ][safepoint      ] Safepoint "Cleanup", Time since last: 5000406550 ns, Reaching safepoint: 8900 ns, Cleanup: 10900 ns, At safepoint: 2901 ns, Total: 22701 ns
[5660.529s][info ][safepoint      ] Safepoint "Cleanup", Time since last: 2000186694 ns, Reaching safepoint: 7600 ns, Cleanup: 10401 ns, At safepoint: 3000 ns, Total: 21001 ns
[5664.530s][info ][safepoint      ] Safepoint "Cleanup", Time since last: 4000321380 ns, Reaching safepoint: 11200 ns, Cleanup: 12001 ns, At safepoint: 5900 ns, Total: 29101 ns
[5667.530s][info ][safepoint      ] Safepoint "Cleanup", Time since last: 3000264447 ns, Reaching safepoint: 8800 ns, Cleanup: 12500 ns, At safepoint: 2500 ns, Total: 23800 ns
[5673.530s][info ][safepoint      ] Safepoint "Cleanup", Time since last: 6000439720 ns, Reaching safepoint: 9000 ns, Cleanup: 14600 ns, At safepoint: 2901 ns, Total: 26501 ns
[5675.531s][info ][safepoint      ] Safepoint "Cleanup", Time since last: 2000188161 ns, Reaching safepoint: 7400 ns, Cleanup: 10401 ns, At safepoint: 2900 ns, Total: 20701 ns
[5678.040s][info ][gc,start       ] GC(151) Pause Young (Allocation Failure)
[5678.079s][debug][gc,phases      ] GC(151) Scavenge 39.042ms
[5678.079s][debug][gc,ref         ] GC(151) ReferenceProcessor::execute queues: 1, RefProcThreadModel::Single, marks_oops_alive: false
[5678.079s][debug][gc,ref         ] GC(151) Skipped KeepAliveFinalRefsPhase of Reference Processing: no references
[5678.079s][debug][gc,ref         ] GC(151) ReferenceProcessor::execute queues: 1, RefProcThreadModel::Single, marks_oops_alive: false
[5678.079s][debug][gc,phases      ] GC(151) Reference Processing 0.161ms
[5678.080s][debug][gc,phases      ] GC(151)   VM Weak                        Min:  0.0, Avg:  0.0, Max:  0.0, Diff:  0.0, Sum:  0.0, Workers: 4
[5678.080s][debug][gc,phases      ] GC(151)     Dead                           Min: 0, Avg:  0.0, Max: 0, Diff: 0, Sum: 0, Workers: 4
[5678.080s][debug][gc,phases      ] GC(151)     Total                          Min: 0, Avg: 255.0, Max: 576, Diff: 576, Sum: 1020, Workers: 4
[5678.080s][debug][gc,phases      ] GC(151)   ObjectSynchronizer Weak        Min:  0.0, Avg:  0.0, Max:  0.0, Diff:  0.0, Sum:  0.0, Workers: 4
[5678.080s][debug][gc,phases      ] GC(151)     Dead                           Min: 0, Avg:  0.0, Max: 0, Diff: 0, Sum: 0, Workers: 4
[5678.080s][debug][gc,phases      ] GC(151)     Total                          Min: 0, Avg:  1.0, Max: 4, Diff: 4, Sum: 4, Workers: 4
[5678.080s][debug][gc,phases      ] GC(151)   JVMTI Tag Weak OopStorage      Min:  0.0, Avg:  0.0, Max:  0.0, Diff:  0.0, Sum:  0.0, Workers: 4
[5678.080s][debug][gc,phases      ] GC(151)     Dead                           Min: 0, Avg:  0.0, Max: 0, Diff: 0, Sum: 0, Workers: 4
[5678.080s][debug][gc,phases      ] GC(151)     Total                          Min: 0, Avg:  0.0, Max: 0, Diff: 0, Sum: 0, Workers: 4
[5678.080s][debug][gc,phases      ] GC(151)   StringTable Weak               Min:  0.0, Avg:  0.1, Max:  0.2, Diff:  0.2, Sum:  0.5, Workers: 4
[5678.080s][debug][gc,phases      ] GC(151)     Dead                           Min: 0, Avg:  0.0, Max: 0, Diff: 0, Sum: 0, Workers: 4
[5678.080s][debug][gc,phases      ] GC(151)     Total                          Min: 0, Avg: 12385.5, Max: 17088, Diff: 17088, Sum: 49542, Workers: 4
[5678.080s][debug][gc,phases      ] GC(151)   ResolvedMethodTable Weak       Min:  0.0, Avg:  0.0, Max:  0.0, Diff:  0.0, Sum:  0.1, Workers: 4
[5678.080s][debug][gc,phases      ] GC(151)     Dead                           Min: 0, Avg:  0.0, Max: 0, Diff: 0, Sum: 0, Workers: 4
[5678.080s][debug][gc,phases      ] GC(151)     Total                          Min: 0, Avg: 3522.0, Max: 5129, Diff: 5129, Sum: 14088, Workers: 4
[5678.080s][debug][gc,phases      ] GC(151)   JNI Weak                       Min:  0.0, Avg:  0.0, Max:  0.0, Diff:  0.0, Sum:  0.0, Workers: 4
[5678.080s][debug][gc,phases      ] GC(151)     Dead                           Min: 0, Avg:  0.0, Max: 0, Diff: 0, Sum: 0, Workers: 4
[5678.080s][debug][gc,phases      ] GC(151)     Total                          Min: 0, Avg: 12.0, Max: 48, Diff: 48, Sum: 48, Workers: 4
[5678.080s][debug][gc,phases      ] GC(151)   StringDedup Table Weak         Min:  0.0, Avg:  0.0, Max:  0.0, Diff:  0.0, Sum:  0.0, Workers: 4
[5678.080s][debug][gc,phases      ] GC(151)     Dead                           Min: 0, Avg:  0.0, Max: 0, Diff: 0, Sum: 0, Workers: 4
[5678.080s][debug][gc,phases      ] GC(151)     Total                          Min: 0, Avg:  0.0, Max: 0, Diff: 0, Sum: 0, Workers: 4
[5678.080s][debug][gc,phases      ] GC(151)   StringDedup Requests0 Weak     Min:  0.0, Avg:  0.0, Max:  0.0, Diff:  0.0, Sum:  0.0, Workers: 4
[5678.080s][debug][gc,phases      ] GC(151)     Dead                           Min: 0, Avg:  0.0, Max: 0, Diff: 0, Sum: 0, Workers: 4
[5678.080s][debug][gc,phases      ] GC(151)     Total                          Min: 0, Avg:  0.0, Max: 0, Diff: 0, Sum: 0, Workers: 4
[5678.080s][debug][gc,phases      ] GC(151)   StringDedup Requests1 Weak     Min:  0.0, Avg:  0.0, Max:  0.0, Diff:  0.0, Sum:  0.0, Workers: 4
[5678.080s][debug][gc,phases      ] GC(151)     Dead                           Min: 0, Avg:  0.0, Max: 0, Diff: 0, Sum: 0, Workers: 4
[5678.080s][debug][gc,phases      ] GC(151)     Total                          Min: 0, Avg:  0.0, Max: 0, Diff: 0, Sum: 0, Workers: 4
[5678.080s][debug][gc,phases      ] GC(151)   Weak JFR Old Object Samples    Min:  0.0, Avg:  0.0, Max:  0.0, Diff:  0.0, Sum:  0.0, Workers: 4
[5678.080s][debug][gc,phases      ] GC(151)     Dead                           Min: 0, Avg:  0.0, Max: 0, Diff: 0, Sum: 0, Workers: 4
[5678.080s][debug][gc,phases      ] GC(151)     Total                          Min: 0, Avg:  0.0, Max: 0, Diff: 0, Sum: 0, Workers: 4
[5678.080s][debug][gc,phases      ] GC(151) Weak Processing 0.489ms
[5678.080s][debug][gc,age         ] GC(151) Desired survivor size 238551040 bytes, new threshold 15 (max threshold 15)
[5678.080s][info ][gc,heap        ] GC(151) PSYoungGen: 1760386K(1863168K)->136404K(1864192K) Eden: 1629184K(1629184K)->0K(1631232K) From: 131202K(233984K)->136404K(232960K)
[5678.080s][info ][gc,heap        ] GC(151) ParOldGen: 327332K(435712K)->327388K(435712K)
[5678.080s][info ][gc,metaspace   ] GC(151) Metaspace: 99245K(100544K)->99245K(100544K) NonClass: 84937K(85696K)->84937K(85696K) Class: 14307K(14848K)->14307K(14848K)
[5678.080s][info ][gc             ] GC(151) Pause Young (Allocation Failure) 2038M->452M(2246M) 39.853ms
[5678.080s][info ][gc,cpu         ] GC(151) User=0.12s Sys=0.01s Real=0.04s
[5678.080s][info ][safepoint      ] Safepoint "ParallelGCFailedAllocation", Time since last: 2509593334 ns, Reaching safepoint: 15000 ns, Cleanup: 3101 ns, At safepoint: 39937619 ns, Total: 39955720 ns
[5684.081s][info ][safepoint      ] Safepoint "Cleanup", Time since last: 6000425785 ns, Reaching safepoint: 8100 ns, Cleanup: 12301 ns, At safepoint: 2100 ns, Total: 22501 ns
[5688.081s][info ][safepoint      ] Safepoint "Cleanup", Time since last: 4000317762 ns, Reaching safepoint: 8600 ns, Cleanup: 13700 ns, At safepoint: 3100 ns, Total: 25400 ns
[5689.081s][info ][safepoint      ] Safepoint "Cleanup", Time since last: 1000129217 ns, Reaching safepoint: 8400 ns, Cleanup: 11201 ns, At safepoint: 3100 ns, Total: 22701 ns
[5712.528s][info ][gc,start       ] GC(152) Pause Young (Allocation Failure)
[5712.567s][debug][gc,phases      ] GC(152) Scavenge 39.913ms
[5712.568s][debug][gc,ref         ] GC(152) ReferenceProcessor::execute queues: 1, RefProcThreadModel::Single, marks_oops_alive: false
[5712.568s][debug][gc,ref         ] GC(152) Skipped KeepAliveFinalRefsPhase of Reference Processing: no references
[5712.568s][debug][gc,ref         ] GC(152) ReferenceProcessor::execute queues: 1, RefProcThreadModel::Single, marks_oops_alive: false
[5712.568s][debug][gc,phases      ] GC(152) Reference Processing 0.130ms
[5712.568s][debug][gc,phases      ] GC(152)   VM Weak                        Min:  0.0, Avg:  0.0, Max:  0.0, Diff:  0.0, Sum:  0.0, Workers: 4
[5712.568s][debug][gc,phases      ] GC(152)     Dead                           Min: 0, Avg:  0.0, Max: 0, Diff: 0, Sum: 0, Workers: 4
[5712.568s][debug][gc,phases      ] GC(152)     Total                          Min: 0, Avg: 255.0, Max: 636, Diff: 636, Sum: 1020, Workers: 4
[5712.568s][debug][gc,phases      ] GC(152)   ObjectSynchronizer Weak        Min:  0.0, Avg:  0.0, Max:  0.0, Diff:  0.0, Sum:  0.0, Workers: 4
[5712.568s][debug][gc,phases      ] GC(152)     Dead                           Min: 0, Avg:  0.0, Max: 0, Diff: 0, Sum: 0, Workers: 4
[5712.568s][debug][gc,phases      ] GC(152)     Total                          Min: 0, Avg:  0.8, Max: 3, Diff: 3, Sum: 3, Workers: 4
[5712.568s][debug][gc,phases      ] GC(152)   JVMTI Tag Weak OopStorage      Min:  0.0, Avg:  0.0, Max:  0.0, Diff:  0.0, Sum:  0.0, Workers: 4
[5712.568s][debug][gc,phases      ] GC(152)     Dead                           Min: 0, Avg:  0.0, Max: 0, Diff: 0, Sum: 0, Workers: 4
[5712.568s][debug][gc,phases      ] GC(152)     Total                          Min: 0, Avg:  0.0, Max: 0, Diff: 0, Sum: 0, Workers: 4
[5712.568s][debug][gc,phases      ] GC(152)   StringTable Weak               Min:  0.0, Avg:  0.1, Max:  0.2, Diff:  0.2, Sum:  0.5, Workers: 4
[5712.568s][debug][gc,phases      ] GC(152)     Dead                           Min: 0, Avg:  0.0, Max: 0, Diff: 0, Sum: 0, Workers: 4
[5712.568s][debug][gc,phases      ] GC(152)     Total                          Min: 0, Avg: 12388.0, Max: 25872, Diff: 25872, Sum: 49552, Workers: 4
[5712.568s][debug][gc,phases      ] GC(152)   ResolvedMethodTable Weak       Min:  0.0, Avg:  0.0, Max:  0.1, Diff:  0.1, Sum:  0.1, Workers: 4
[5712.568s][debug][gc,phases      ] GC(152)     Dead                           Min: 0, Avg:  0.0, Max: 0, Diff: 0, Sum: 0, Workers: 4
[5712.568s][debug][gc,phases      ] GC(152)     Total                          Min: 0, Avg: 3522.0, Max: 7305, Diff: 7305, Sum: 14088, Workers: 4
[5712.568s][debug][gc,phases      ] GC(152)   JNI Weak                       Min:  0.0, Avg:  0.0, Max:  0.0, Diff:  0.0, Sum:  0.0, Workers: 4
[5712.568s][debug][gc,phases      ] GC(152)     Dead                           Min: 0, Avg:  0.0, Max: 0, Diff: 0, Sum: 0, Workers: 4
[5712.568s][debug][gc,phases      ] GC(152)     Total                          Min: 0, Avg: 12.2, Max: 49, Diff: 49, Sum: 49, Workers: 4
[5712.568s][debug][gc,phases      ] GC(152)   StringDedup Table Weak         Min:  0.0, Avg:  0.0, Max:  0.0, Diff:  0.0, Sum:  0.0, Workers: 4
[5712.568s][debug][gc,phases      ] GC(152)     Dead                           Min: 0, Avg:  0.0, Max: 0, Diff: 0, Sum: 0, Workers: 4
[5712.568s][debug][gc,phases      ] GC(152)     Total                          Min: 0, Avg:  0.0, Max: 0, Diff: 0, Sum: 0, Workers: 4
[5712.568s][debug][gc,phases      ] GC(152)   StringDedup Requests0 Weak     Min:  0.0, Avg:  0.0, Max:  0.0, Diff:  0.0, Sum:  0.0, Workers: 4
[5712.568s][debug][gc,phases      ] GC(152)     Dead                           Min: 0, Avg:  0.0, Max: 0, Diff: 0, Sum: 0, Workers: 4
[5712.568s][debug][gc,phases      ] GC(152)     Total                          Min: 0, Avg:  0.0, Max: 0, Diff: 0, Sum: 0, Workers: 4
[5712.568s][debug][gc,phases      ] GC(152)   StringDedup Requests1 Weak     Min:  0.0, Avg:  0.0, Max:  0.0, Diff:  0.0, Sum:  0.0, Workers: 4
[5712.568s][debug][gc,phases      ] GC(152)     Dead                           Min: 0, Avg:  0.0, Max: 0, Diff: 0, Sum: 0, Workers: 4
[5712.568s][debug][gc,phases      ] GC(152)     Total                          Min: 0, Avg:  0.0, Max: 0, Diff: 0, Sum: 0, Workers: 4
[5712.568s][debug][gc,phases      ] GC(152)   Weak JFR Old Object Samples    Min:  0.0, Avg:  0.0, Max:  0.0, Diff:  0.0, Sum:  0.0, Workers: 4
[5712.568s][debug][gc,phases      ] GC(152)     Dead                           Min: 0, Avg:  0.0, Max: 0, Diff: 0, Sum: 0, Workers: 4
[5712.568s][debug][gc,phases      ] GC(152)     Total                          Min: 0, Avg:  0.0, Max: 0, Diff: 0, Sum: 0, Workers: 4
[5712.568s][debug][gc,phases      ] GC(152) Weak Processing 0.557ms
[5712.568s][debug][gc,age         ] GC(152) Desired survivor size 239599616 bytes, new threshold 15 (max threshold 15)
[5712.568s][info ][gc,heap        ] GC(152) PSYoungGen: 1767636K(1864192K)->142021K(1773568K) Eden: 1631232K(1631232K)->0K(1631232K) From: 136404K(232960K)->142021K(142336K)
[5712.568s][info ][gc,heap        ] GC(152) ParOldGen: 327388K(435712K)->327444K(435712K)
[5712.568s][info ][gc,metaspace   ] GC(152) Metaspace: 99254K(100544K)->99254K(100544K) NonClass: 84947K(85696K)->84947K(85696K) Class: 14307K(14848K)->14307K(14848K)
[5712.568s][info ][gc             ] GC(152) Pause Young (Allocation Failure) 2045M->458M(2157M) 40.748ms
[5712.568s][info ][gc,cpu         ] GC(152) User=0.13s Sys=0.00s Real=0.04s
[5712.568s][info ][safepoint      ] Safepoint "ParallelGCFailedAllocation", Time since last: 23446415650 ns, Reaching safepoint: 83303 ns, Cleanup: 3300 ns, At safepoint: 40843834 ns, Total: 40930437 ns
[5713.568s][info ][safepoint      ] Safepoint "Cleanup", Time since last: 1000093326 ns, Reaching safepoint: 9301 ns, Cleanup: 12400 ns, At safepoint: 2800 ns, Total: 24501 ns
[5715.569s][info ][safepoint      ] Safepoint "Cleanup", Time since last: 2000183855 ns, Reaching safepoint: 11401 ns, Cleanup: 10600 ns, At safepoint: 3300 ns, Total: 25301 ns
[5716.569s][info ][safepoint      ] Safepoint "Cleanup", Time since last: 1000116232 ns, Reaching safepoint: 84903 ns, Cleanup: 11500 ns, At safepoint: 13101 ns, Total: 109504 ns
[5717.569s][info ][safepoint      ] Safepoint "Cleanup", Time since last: 1000108232 ns, Reaching safepoint: 11200 ns, Cleanup: 13301 ns, At safepoint: 3100 ns, Total: 27601 ns
[5718.569s][info ][safepoint      ] Safepoint "Cleanup", Time since last: 1000111332 ns, Reaching safepoint: 13800 ns, Cleanup: 15901 ns, At safepoint: 2600 ns, Total: 32301 ns
[5719.569s][info ][safepoint      ] Safepoint "Cleanup", Time since last: 1000115532 ns, Reaching safepoint: 11201 ns, Cleanup: 11100 ns, At safepoint: 2500 ns, Total: 24801 ns
[5728.570s][info ][safepoint      ] Safepoint "Cleanup", Time since last: 9000663811 ns, Reaching safepoint: 88503 ns, Cleanup: 21001 ns, At safepoint: 11100 ns, Total: 120604 ns
[5730.570s][info ][safepoint      ] Safepoint "Cleanup", Time since last: 2000200319 ns, Reaching safepoint: 11700 ns, Cleanup: 21001 ns, At safepoint: 2900 ns, Total: 35601 ns
[5731.570s][info ][safepoint      ] Safepoint "Cleanup", Time since last: 1000107412 ns, Reaching safepoint: 9900 ns, Cleanup: 24601 ns, At safepoint: 2900 ns, Total: 37401 ns
[5733.571s][info ][safepoint      ] Safepoint "Cleanup", Time since last: 2000186293 ns, Reaching safepoint: 12400 ns, Cleanup: 13100 ns, At safepoint: 2800 ns, Total: 28300 ns
[5739.571s][info ][safepoint      ] Safepoint "Cleanup", Time since last: 6000452672 ns, Reaching safepoint: 22101 ns, Cleanup: 14100 ns, At safepoint: 31301 ns, Total: 67502 ns
[5743.572s][info ][safepoint      ] Safepoint "Cleanup", Time since last: 4000296457 ns, Reaching safepoint: 8601 ns, Cleanup: 11900 ns, At safepoint: 2700 ns, Total: 23201 ns
[5746.621s][info ][gc,start       ] GC(153) Pause Young (Allocation Failure)
[5746.659s][debug][gc,phases      ] GC(153) Scavenge 38.137ms
[5746.659s][debug][gc,ref         ] GC(153) ReferenceProcessor::execute queues: 1, RefProcThreadModel::Single, marks_oops_alive: false
[5746.659s][debug][gc,ref         ] GC(153) Skipped KeepAliveFinalRefsPhase of Reference Processing: no references
[5746.659s][debug][gc,ref         ] GC(153) ReferenceProcessor::execute queues: 1, RefProcThreadModel::Single, marks_oops_alive: false
[5746.659s][debug][gc,phases      ] GC(153) Reference Processing 0.129ms
[5746.660s][debug][gc,phases      ] GC(153)   VM Weak                        Min:  0.0, Avg:  0.0, Max:  0.0, Diff:  0.0, Sum:  0.0, Workers: 4
[5746.660s][debug][gc,phases      ] GC(153)     Dead                           Min: 0, Avg:  0.0, Max: 0, Diff: 0, Sum: 0, Workers: 4
[5746.660s][debug][gc,phases      ] GC(153)     Total                          Min: 0, Avg: 255.0, Max: 700, Diff: 700, Sum: 1020, Workers: 4
[5746.660s][debug][gc,phases      ] GC(153)   ObjectSynchronizer Weak        Min:  0.0, Avg:  0.0, Max:  0.0, Diff:  0.0, Sum:  0.0, Workers: 4
[5746.660s][debug][gc,phases      ] GC(153)     Dead                           Min: 0, Avg:  0.0, Max: 0, Diff: 0, Sum: 0, Workers: 4
[5746.660s][debug][gc,phases      ] GC(153)     Total                          Min: 0, Avg:  1.0, Max: 4, Diff: 4, Sum: 4, Workers: 4
[5746.660s][debug][gc,phases      ] GC(153)   JVMTI Tag Weak OopStorage      Min:  0.0, Avg:  0.0, Max:  0.0, Diff:  0.0, Sum:  0.0, Workers: 4
[5746.660s][debug][gc,phases      ] GC(153)     Dead                           Min: 0, Avg:  0.0, Max: 0, Diff: 0, Sum: 0, Workers: 4
[5746.660s][debug][gc,phases      ] GC(153)     Total                          Min: 0, Avg:  0.0, Max: 0, Diff: 0, Sum: 0, Workers: 4
[5746.660s][debug][gc,phases      ] GC(153)   StringTable Weak               Min:  0.0, Avg:  0.1, Max:  0.2, Diff:  0.2, Sum:  0.6, Workers: 4
[5746.660s][debug][gc,phases      ] GC(153)     Dead                           Min: 0, Avg:  0.0, Max: 0, Diff: 0, Sum: 0, Workers: 4
[5746.660s][debug][gc,phases      ] GC(153)     Total                          Min: 0, Avg: 12388.0, Max: 17552, Diff: 17552, Sum: 49552, Workers: 4
[5746.660s][debug][gc,phases      ] GC(153)   ResolvedMethodTable Weak       Min:  0.0, Avg:  0.0, Max:  0.0, Diff:  0.0, Sum:  0.1, Workers: 4
[5746.660s][debug][gc,phases      ] GC(153)     Dead                           Min: 0, Avg:  0.0, Max: 0, Diff: 0, Sum: 0, Workers: 4
[5746.660s][debug][gc,phases      ] GC(153)     Total                          Min: 0, Avg: 3522.0, Max: 4864, Diff: 4864, Sum: 14088, Workers: 4
[5746.660s][debug][gc,phases      ] GC(153)   JNI Weak                       Min:  0.0, Avg:  0.0, Max:  0.0, Diff:  0.0, Sum:  0.0, Workers: 4
[5746.660s][debug][gc,phases      ] GC(153)     Dead                           Min: 0, Avg:  0.0, Max: 0, Diff: 0, Sum: 0, Workers: 4
[5746.660s][debug][gc,phases      ] GC(153)     Total                          Min: 0, Avg: 12.0, Max: 48, Diff: 48, Sum: 48, Workers: 4
[5746.660s][debug][gc,phases      ] GC(153)   StringDedup Table Weak         Min:  0.0, Avg:  0.0, Max:  0.0, Diff:  0.0, Sum:  0.0, Workers: 4
[5746.660s][debug][gc,phases      ] GC(153)     Dead                           Min: 0, Avg:  0.0, Max: 0, Diff: 0, Sum: 0, Workers: 4
[5746.660s][debug][gc,phases      ] GC(153)     Total                          Min: 0, Avg:  0.0, Max: 0, Diff: 0, Sum: 0, Workers: 4
[5746.660s][debug][gc,phases      ] GC(153)   StringDedup Requests0 Weak     Min:  0.0, Avg:  0.0, Max:  0.0, Diff:  0.0, Sum:  0.0, Workers: 4
[5746.660s][debug][gc,phases      ] GC(153)     Dead                           Min: 0, Avg:  0.0, Max: 0, Diff: 0, Sum: 0, Workers: 4
[5746.660s][debug][gc,phases      ] GC(153)     Total                          Min: 0, Avg:  0.0, Max: 0, Diff: 0, Sum: 0, Workers: 4
[5746.660s][debug][gc,phases      ] GC(153)   StringDedup Requests1 Weak     Min:  0.0, Avg:  0.0, Max:  0.0, Diff:  0.0, Sum:  0.0, Workers: 4
[5746.660s][debug][gc,phases      ] GC(153)     Dead                           Min: 0, Avg:  0.0, Max: 0, Diff: 0, Sum: 0, Workers: 4
[5746.660s][debug][gc,phases      ] GC(153)     Total                          Min: 0, Avg:  0.0, Max: 0, Diff: 0, Sum: 0, Workers: 4
[5746.660s][debug][gc,phases      ] GC(153)   Weak JFR Old Object Samples    Min:  0.0, Avg:  0.0, Max:  0.0, Diff:  0.0, Sum:  0.0, Workers: 4
[5746.660s][debug][gc,phases      ] GC(153)     Dead                           Min: 0, Avg:  0.0, Max: 0, Diff: 0, Sum: 0, Workers: 4
[5746.660s][debug][gc,phases      ] GC(153)     Total                          Min: 0, Avg:  0.0, Max: 0, Diff: 0, Sum: 0, Workers: 4
[5746.660s][debug][gc,phases      ] GC(153) Weak Processing 0.485ms
[5746.660s][debug][gc,age         ] GC(153) Desired survivor size 238026752 bytes, new threshold 15 (max threshold 15)
[5746.660s][info ][gc,heap        ] GC(153) PSYoungGen: 1773253K(1773568K)->138806K(1864704K) Eden: 1631232K(1631232K)->0K(1630720K) From: 142021K(142336K)->138806K(233984K)
[5746.660s][info ][gc,heap        ] GC(153) ParOldGen: 327444K(435712K)->333053K(435712K)
[5746.660s][info ][gc,metaspace   ] GC(153) Metaspace: 99266K(100544K)->99266K(100544K) NonClass: 84958K(85696K)->84958K(85696K) Class: 14307K(14848K)->14307K(14848K)
[5746.660s][info ][gc             ] GC(153) Pause Young (Allocation Failure) 2051M->460M(2246M) 38.911ms
[5746.660s][info ][gc,cpu         ] GC(153) User=0.15s Sys=0.00s Real=0.04s
[5746.660s][info ][safepoint      ] Safepoint "ParallelGCFailedAllocation", Time since last: 3049280154 ns, Reaching safepoint: 9400 ns, Cleanup: 3300 ns, At safepoint: 39002481 ns, Total: 39015181 ns
[5752.660s][info ][safepoint      ] Safepoint "Cleanup", Time since last: 6000437523 ns, Reaching safepoint: 7701 ns, Cleanup: 10100 ns, At safepoint: 3000 ns, Total: 20801 ns
[5755.661s][info ][safepoint      ] Safepoint "Cleanup", Time since last: 3000260863 ns, Reaching safepoint: 8101 ns, Cleanup: 11100 ns, At safepoint: 2800 ns, Total: 22001 ns
[5777.063s][info ][gc,start       ] GC(154) Pause Young (Allocation Failure)
[5777.100s][debug][gc,phases      ] GC(154) Scavenge 37.096ms
[5777.101s][debug][gc,ref         ] GC(154) ReferenceProcessor::execute queues: 1, RefProcThreadModel::Single, marks_oops_alive: false
[5777.101s][debug][gc,ref         ] GC(154) Skipped KeepAliveFinalRefsPhase of Reference Processing: no references
[5777.101s][debug][gc,ref         ] GC(154) Skipped PhantomRefsPhase of Reference Processing: no references
[5777.101s][debug][gc,phases      ] GC(154) Reference Processing 0.123ms
[5777.101s][debug][gc,phases      ] GC(154)   VM Weak                        Min:  0.0, Avg:  0.0, Max:  0.0, Diff:  0.0, Sum:  0.0, Workers: 4
[5777.101s][debug][gc,phases      ] GC(154)     Dead                           Min: 0, Avg:  0.0, Max: 0, Diff: 0, Sum: 0, Workers: 4
[5777.101s][debug][gc,phases      ] GC(154)     Total                          Min: 0, Avg: 255.0, Max: 896, Diff: 896, Sum: 1020, Workers: 4
[5777.101s][debug][gc,phases      ] GC(154)   ObjectSynchronizer Weak        Min:  0.0, Avg:  0.0, Max:  0.0, Diff:  0.0, Sum:  0.0, Workers: 4
[5777.101s][debug][gc,phases      ] GC(154)     Dead                           Min: 0, Avg:  0.0, Max: 0, Diff: 0, Sum: 0, Workers: 4
[5777.101s][debug][gc,phases      ] GC(154)     Total                          Min: 0, Avg:  1.0, Max: 4, Diff: 4, Sum: 4, Workers: 4
[5777.101s][debug][gc,phases      ] GC(154)   JVMTI Tag Weak OopStorage      Min:  0.0, Avg:  0.0, Max:  0.0, Diff:  0.0, Sum:  0.0, Workers: 4
[5777.101s][debug][gc,phases      ] GC(154)     Dead                           Min: 0, Avg:  0.0, Max: 0, Diff: 0, Sum: 0, Workers: 4
[5777.101s][debug][gc,phases      ] GC(154)     Total                          Min: 0, Avg:  0.0, Max: 0, Diff: 0, Sum: 0, Workers: 4
[5777.101s][debug][gc,phases      ] GC(154)   StringTable Weak               Min:  0.0, Avg:  0.1, Max:  0.2, Diff:  0.2, Sum:  0.5, Workers: 4
[5777.101s][debug][gc,phases      ] GC(154)     Dead                           Min: 0, Avg:  0.0, Max: 0, Diff: 0, Sum: 0, Workers: 4
[5777.101s][debug][gc,phases      ] GC(154)     Total                          Min: 0, Avg: 12388.0, Max: 20288, Diff: 20288, Sum: 49552, Workers: 4
[5777.101s][debug][gc,phases      ] GC(154)   ResolvedMethodTable Weak       Min:  0.0, Avg:  0.0, Max:  0.0, Diff:  0.0, Sum:  0.1, Workers: 4
[5777.101s][debug][gc,phases      ] GC(154)     Dead                           Min: 0, Avg:  0.0, Max: 0, Diff: 0, Sum: 0, Workers: 4
[5777.101s][debug][gc,phases      ] GC(154)     Total                          Min: 0, Avg: 3522.0, Max: 5248, Diff: 5248, Sum: 14088, Workers: 4
[5777.101s][debug][gc,phases      ] GC(154)   JNI Weak                       Min:  0.0, Avg:  0.0, Max:  0.0, Diff:  0.0, Sum:  0.0, Workers: 4
[5777.101s][debug][gc,phases      ] GC(154)     Dead                           Min: 0, Avg:  0.0, Max: 0, Diff: 0, Sum: 0, Workers: 4
[5777.101s][debug][gc,phases      ] GC(154)     Total                          Min: 0, Avg: 12.0, Max: 48, Diff: 48, Sum: 48, Workers: 4
[5777.101s][debug][gc,phases      ] GC(154)   StringDedup Table Weak         Min:  0.0, Avg:  0.0, Max:  0.0, Diff:  0.0, Sum:  0.0, Workers: 4
[5777.101s][debug][gc,phases      ] GC(154)     Dead                           Min: 0, Avg:  0.0, Max: 0, Diff: 0, Sum: 0, Workers: 4
[5777.101s][debug][gc,phases      ] GC(154)     Total                          Min: 0, Avg:  0.0, Max: 0, Diff: 0, Sum: 0, Workers: 4
[5777.101s][debug][gc,phases      ] GC(154)   StringDedup Requests0 Weak     Min:  0.0, Avg:  0.0, Max:  0.0, Diff:  0.0, Sum:  0.0, Workers: 4
[5777.101s][debug][gc,phases      ] GC(154)     Dead                           Min: 0, Avg:  0.0, Max: 0, Diff: 0, Sum: 0, Workers: 4
[5777.101s][debug][gc,phases      ] GC(154)     Total                          Min: 0, Avg:  0.0, Max: 0, Diff: 0, Sum: 0, Workers: 4
[5777.101s][debug][gc,phases      ] GC(154)   StringDedup Requests1 Weak     Min:  0.0, Avg:  0.0, Max:  0.0, Diff:  0.0, Sum:  0.0, Workers: 4
[5777.101s][debug][gc,phases      ] GC(154)     Dead                           Min: 0, Avg:  0.0, Max: 0, Diff: 0, Sum: 0, Workers: 4
[5777.101s][debug][gc,phases      ] GC(154)     Total                          Min: 0, Avg:  0.0, Max: 0, Diff: 0, Sum: 0, Workers: 4
[5777.101s][debug][gc,phases      ] GC(154)   Weak JFR Old Object Samples    Min:  0.0, Avg:  0.0, Max:  0.0, Diff:  0.0, Sum:  0.0, Workers: 4
[5777.101s][debug][gc,phases      ] GC(154)     Dead                           Min: 0, Avg:  0.0, Max: 0, Diff: 0, Sum: 0, Workers: 4
[5777.101s][debug][gc,phases      ] GC(154)     Total                          Min: 0, Avg:  0.0, Max: 0, Diff: 0, Sum: 0, Workers: 4
[5777.101s][debug][gc,phases      ] GC(154) Weak Processing 0.491ms
[5777.101s][debug][gc,age         ] GC(154) Desired survivor size 228065280 bytes, new threshold 15 (max threshold 15)
[5777.101s][info ][gc,heap        ] GC(154) PSYoungGen: 1769526K(1864704K)->98775K(1863168K) Eden: 1630720K(1630720K)->0K(1630720K) From: 138806K(233984K)->98775K(232448K)
[5777.101s][info ][gc,heap        ] GC(154) ParOldGen: 333053K(435712K)->379465K(435712K)
[5777.101s][info ][gc,metaspace   ] GC(154) Metaspace: 99274K(100544K)->99274K(100544K) NonClass: 84966K(85696K)->84966K(85696K) Class: 14307K(14848K)->14307K(14848K)
[5777.101s][info ][gc             ] GC(154) Pause Young (Allocation Failure) 2053M->467M(2245M) 37.874ms
[5777.101s][info ][gc,cpu         ] GC(154) User=0.13s Sys=0.01s Real=0.04s
[5777.101s][info ][safepoint      ] Safepoint "ParallelGCFailedAllocation", Time since last: 21402661026 ns, Reaching safepoint: 7000 ns, Cleanup: 4200 ns, At safepoint: 37959926 ns, Total: 37971126 ns
[5778.101s][info ][safepoint      ] Safepoint "Cleanup", Time since last: 1000120450 ns, Reaching safepoint: 7600 ns, Cleanup: 11800 ns, At safepoint: 5200 ns, Total: 24600 ns
[5783.102s][info ][safepoint      ] Safepoint "Cleanup", Time since last: 5000391972 ns, Reaching safepoint: 7700 ns, Cleanup: 9601 ns, At safepoint: 2200 ns, Total: 19501 ns
[5784.102s][info ][safepoint      ] Safepoint "Cleanup", Time since last: 1000117503 ns, Reaching safepoint: 7200 ns, Cleanup: 11100 ns, At safepoint: 2400 ns, Total: 20700 ns
[5792.103s][info ][safepoint      ] Safepoint "Cleanup", Time since last: 8000590351 ns, Reaching safepoint: 6800 ns, Cleanup: 13801 ns, At safepoint: 2800 ns, Total: 23401 ns
[5801.103s][info ][safepoint      ] Safepoint "Cleanup", Time since last: 9000560928 ns, Reaching safepoint: 8100 ns, Cleanup: 11601 ns, At safepoint: 6400 ns, Total: 26101 ns
[5809.385s][info ][gc,start       ] GC(155) Pause Young (Allocation Failure)
[5809.411s][debug][gc,phases      ] GC(155) Scavenge 25.667ms
[5809.411s][debug][gc,ref         ] GC(155) ReferenceProcessor::execute queues: 1, RefProcThreadModel::Single, marks_oops_alive: false
[5809.411s][debug][gc,ref         ] GC(155) Skipped KeepAliveFinalRefsPhase of Reference Processing: no references
[5809.411s][debug][gc,ref         ] GC(155) ReferenceProcessor::execute queues: 1, RefProcThreadModel::Single, marks_oops_alive: false
[5809.411s][debug][gc,phases      ] GC(155) Reference Processing 0.128ms
[5809.411s][debug][gc,phases      ] GC(155)   VM Weak                        Min:  0.0, Avg:  0.0, Max:  0.0, Diff:  0.0, Sum:  0.0, Workers: 4
[5809.411s][debug][gc,phases      ] GC(155)     Dead                           Min: 0, Avg:  0.0, Max: 0, Diff: 0, Sum: 0, Workers: 4
[5809.411s][debug][gc,phases      ] GC(155)     Total                          Min: 0, Avg: 255.0, Max: 960, Diff: 960, Sum: 1020, Workers: 4
[5809.411s][debug][gc,phases      ] GC(155)   ObjectSynchronizer Weak        Min:  0.0, Avg:  0.0, Max:  0.0, Diff:  0.0, Sum:  0.0, Workers: 4
[5809.411s][debug][gc,phases      ] GC(155)     Dead                           Min: 0, Avg:  0.0, Max: 0, Diff: 0, Sum: 0, Workers: 4
[5809.411s][debug][gc,phases      ] GC(155)     Total                          Min: 0, Avg:  1.0, Max: 4, Diff: 4, Sum: 4, Workers: 4
[5809.411s][debug][gc,phases      ] GC(155)   JVMTI Tag Weak OopStorage      Min:  0.0, Avg:  0.0, Max:  0.0, Diff:  0.0, Sum:  0.0, Workers: 4
[5809.411s][debug][gc,phases      ] GC(155)     Dead                           Min: 0, Avg:  0.0, Max: 0, Diff: 0, Sum: 0, Workers: 4
[5809.411s][debug][gc,phases      ] GC(155)     Total                          Min: 0, Avg:  0.0, Max: 0, Diff: 0, Sum: 0, Workers: 4
[5809.411s][debug][gc,phases      ] GC(155)   StringTable Weak               Min:  0.0, Avg:  0.1, Max:  0.2, Diff:  0.2, Sum:  0.5, Workers: 4
[5809.411s][debug][gc,phases      ] GC(155)     Dead                           Min: 0, Avg:  0.0, Max: 0, Diff: 0, Sum: 0, Workers: 4
[5809.411s][debug][gc,phases      ] GC(155)     Total                          Min: 0, Avg: 12388.0, Max: 17168, Diff: 17168, Sum: 49552, Workers: 4
[5809.411s][debug][gc,phases      ] GC(155)   ResolvedMethodTable Weak       Min:  0.0, Avg:  0.0, Max:  0.0, Diff:  0.0, Sum:  0.1, Workers: 4
[5809.411s][debug][gc,phases      ] GC(155)     Dead                           Min: 0, Avg:  0.0, Max: 0, Diff: 0, Sum: 0, Workers: 4
[5809.411s][debug][gc,phases      ] GC(155)     Total                          Min: 0, Avg: 3522.0, Max: 5184, Diff: 5184, Sum: 14088, Workers: 4
[5809.411s][debug][gc,phases      ] GC(155)   JNI Weak                       Min:  0.0, Avg:  0.0, Max:  0.0, Diff:  0.0, Sum:  0.0, Workers: 4
[5809.411s][debug][gc,phases      ] GC(155)     Dead                           Min: 0, Avg:  0.0, Max: 0, Diff: 0, Sum: 0, Workers: 4
[5809.411s][debug][gc,phases      ] GC(155)     Total                          Min: 0, Avg: 12.0, Max: 48, Diff: 48, Sum: 48, Workers: 4
[5809.411s][debug][gc,phases      ] GC(155)   StringDedup Table Weak         Min:  0.0, Avg:  0.0, Max:  0.0, Diff:  0.0, Sum:  0.0, Workers: 4
[5809.411s][debug][gc,phases      ] GC(155)     Dead                           Min: 0, Avg:  0.0, Max: 0, Diff: 0, Sum: 0, Workers: 4
[5809.411s][debug][gc,phases      ] GC(155)     Total                          Min: 0, Avg:  0.0, Max: 0, Diff: 0, Sum: 0, Workers: 4
[5809.411s][debug][gc,phases      ] GC(155)   StringDedup Requests0 Weak     Min:  0.0, Avg:  0.0, Max:  0.0, Diff:  0.0, Sum:  0.0, Workers: 4
[5809.411s][debug][gc,phases      ] GC(155)     Dead                           Min: 0, Avg:  0.0, Max: 0, Diff: 0, Sum: 0, Workers: 4
[5809.411s][debug][gc,phases      ] GC(155)     Total                          Min: 0, Avg:  0.0, Max: 0, Diff: 0, Sum: 0, Workers: 4
[5809.411s][debug][gc,phases      ] GC(155)   StringDedup Requests1 Weak     Min:  0.0, Avg:  0.0, Max:  0.0, Diff:  0.0, Sum:  0.0, Workers: 4
[5809.411s][debug][gc,phases      ] GC(155)     Dead                           Min: 0, Avg:  0.0, Max: 0, Diff: 0, Sum: 0, Workers: 4
[5809.411s][debug][gc,phases      ] GC(155)     Total                          Min: 0, Avg:  0.0, Max: 0, Diff: 0, Sum: 0, Workers: 4
[5809.411s][debug][gc,phases      ] GC(155)   Weak JFR Old Object Samples    Min:  0.0, Avg:  0.0, Max:  0.0, Diff:  0.0, Sum:  0.0, Workers: 4
[5809.411s][debug][gc,phases      ] GC(155)     Dead                           Min: 0, Avg:  0.0, Max: 0, Diff: 0, Sum: 0, Workers: 4
[5809.411s][debug][gc,phases      ] GC(155)     Total                          Min: 0, Avg:  0.0, Max: 0, Diff: 0, Sum: 0, Workers: 4
[5809.411s][debug][gc,phases      ] GC(155) Weak Processing 0.483ms
[5809.411s][debug][gc,age         ] GC(155) Desired survivor size 225443840 bytes, new threshold 15 (max threshold 15)
[5809.411s][info ][gc,heap        ] GC(155) PSYoungGen: 1729495K(1863168K)->59798K(1876992K) Eden: 1630720K(1630720K)->0K(1654272K) From: 98775K(232448K)->59798K(222720K)
[5809.411s][info ][gc,heap        ] GC(155) ParOldGen: 379465K(435712K)->420285K(435712K)
[5809.411s][info ][gc,metaspace   ] GC(155) Metaspace: 99285K(100608K)->99285K(100608K) NonClass: 84978K(85760K)->84978K(85760K) Class: 14307K(14848K)->14307K(14848K)
[5809.411s][info ][gc             ] GC(155) Pause Young (Allocation Failure) 2059M->468M(2258M) 26.494ms
[5809.411s][info ][gc,cpu         ] GC(155) User=0.10s Sys=0.00s Real=0.03s
[5809.411s][debug][gc,phases      ] GC(156) Pre Compact 0.011ms
[5809.411s][info ][gc,start       ] GC(156) Pause Full (Ergonomics)
[5809.411s][info ][gc,phases,start] GC(156) Marking Phase
[5809.546s][debug][gc,phases      ] GC(156) Par Mark 134.691ms
[5809.547s][debug][gc,ref         ] GC(156) ReferenceProcessor::execute queues: 4, RefProcThreadModel::Multi, marks_oops_alive: false
[5809.547s][debug][gc,ref         ] GC(156) ReferenceProcessor::execute queues: 4, RefProcThreadModel::Multi, marks_oops_alive: true
[5809.547s][debug][gc,ref         ] GC(156) ReferenceProcessor::execute queues: 1, RefProcThreadModel::Single, marks_oops_alive: false
[5809.547s][debug][gc,phases      ] GC(156) Reference Processing 0.896ms
[5809.547s][debug][gc,phases      ] GC(156)   VM Weak                        Min:  0.0, Avg:  0.0, Max:  0.0, Diff:  0.0, Sum:  0.0, Workers: 4
[5809.547s][debug][gc,phases      ] GC(156)     Dead                           Min: 0, Avg: 41.0, Max: 92, Diff: 92, Sum: 164, Workers: 4
[5809.547s][debug][gc,phases      ] GC(156)     Total                          Min: 124, Avg: 255.0, Max: 448, Diff: 324, Sum: 1020, Workers: 4
[5809.547s][debug][gc,phases      ] GC(156)   ObjectSynchronizer Weak        Min:  0.0, Avg:  0.0, Max:  0.0, Diff:  0.0, Sum:  0.0, Workers: 4
[5809.547s][debug][gc,phases      ] GC(156)     Dead                           Min: 0, Avg:  0.0, Max: 0, Diff: 0, Sum: 0, Workers: 4
[5809.548s][debug][gc,phases      ] GC(156)     Total                          Min: 0, Avg:  1.0, Max: 4, Diff: 4, Sum: 4, Workers: 4
[5809.548s][debug][gc,phases      ] GC(156)   JVMTI Tag Weak OopStorage      Min:  0.0, Avg:  0.0, Max:  0.0, Diff:  0.0, Sum:  0.0, Workers: 4
[5809.548s][debug][gc,phases      ] GC(156)     Dead                           Min: 0, Avg:  0.0, Max: 0, Diff: 0, Sum: 0, Workers: 4
[5809.548s][debug][gc,phases      ] GC(156)     Total                          Min: 0, Avg:  0.0, Max: 0, Diff: 0, Sum: 0, Workers: 4
[5809.548s][debug][gc,phases      ] GC(156)   StringTable Weak               Min:  0.2, Avg:  0.3, Max:  0.3, Diff:  0.1, Sum:  1.0, Workers: 4
[5809.548s][debug][gc,phases      ] GC(156)     Dead                           Min: 132, Avg: 286.2, Max: 560, Diff: 428, Sum: 1145, Workers: 4
[5809.548s][debug][gc,phases      ] GC(156)     Total                          Min: 11776, Avg: 12388.0, Max: 12752, Diff: 976, Sum: 49552, Workers: 4
[5809.548s][debug][gc,phases      ] GC(156)   ResolvedMethodTable Weak       Min:  0.0, Avg:  0.1, Max:  0.1, Diff:  0.1, Sum:  0.2, Workers: 4
[5809.548s][debug][gc,phases      ] GC(156)     Dead                           Min: 0, Avg: 98.5, Max: 195, Diff: 195, Sum: 394, Workers: 4
[5809.548s][debug][gc,phases      ] GC(156)     Total                          Min: 0, Avg: 3522.0, Max: 5439, Diff: 5439, Sum: 14088, Workers: 4
[5809.548s][debug][gc,phases      ] GC(156)   JNI Weak                       Min:  0.0, Avg:  0.0, Max:  0.0, Diff:  0.0, Sum:  0.0, Workers: 4
[5809.548s][debug][gc,phases      ] GC(156)     Dead                           Min: 0, Avg:  0.0, Max: 0, Diff: 0, Sum: 0, Workers: 4
[5809.548s][debug][gc,phases      ] GC(156)     Total                          Min: 0, Avg: 12.0, Max: 48, Diff: 48, Sum: 48, Workers: 4
[5809.548s][debug][gc,phases      ] GC(156)   StringDedup Table Weak         Min:  0.0, Avg:  0.0, Max:  0.0, Diff:  0.0, Sum:  0.0, Workers: 4
[5809.548s][debug][gc,phases      ] GC(156)     Dead                           Min: 0, Avg:  0.0, Max: 0, Diff: 0, Sum: 0, Workers: 4
[5809.548s][debug][gc,phases      ] GC(156)     Total                          Min: 0, Avg:  0.0, Max: 0, Diff: 0, Sum: 0, Workers: 4
[5809.548s][debug][gc,phases      ] GC(156)   StringDedup Requests0 Weak     Min:  0.0, Avg:  0.0, Max:  0.0, Diff:  0.0, Sum:  0.0, Workers: 4
[5809.548s][debug][gc,phases      ] GC(156)     Dead                           Min: 0, Avg:  0.0, Max: 0, Diff: 0, Sum: 0, Workers: 4
[5809.548s][debug][gc,phases      ] GC(156)     Total                          Min: 0, Avg:  0.0, Max: 0, Diff: 0, Sum: 0, Workers: 4
[5809.548s][debug][gc,phases      ] GC(156)   StringDedup Requests1 Weak     Min:  0.0, Avg:  0.0, Max:  0.0, Diff:  0.0, Sum:  0.0, Workers: 4
[5809.548s][debug][gc,phases      ] GC(156)     Dead                           Min: 0, Avg:  0.0, Max: 0, Diff: 0, Sum: 0, Workers: 4
[5809.548s][debug][gc,phases      ] GC(156)     Total                          Min: 0, Avg:  0.0, Max: 0, Diff: 0, Sum: 0, Workers: 4
[5809.548s][debug][gc,phases      ] GC(156)   Weak JFR Old Object Samples    Min:  0.0, Avg:  0.0, Max:  0.0, Diff:  0.0, Sum:  0.0, Workers: 4
[5809.548s][debug][gc,phases      ] GC(156)     Dead                           Min: 0, Avg:  0.0, Max: 0, Diff: 0, Sum: 0, Workers: 4
[5809.548s][debug][gc,phases      ] GC(156)     Total                          Min: 0, Avg:  0.0, Max: 0, Diff: 0, Sum: 0, Workers: 4
[5809.548s][debug][gc,phases      ] GC(156) Weak Processing 0.559ms
[5809.548s][debug][gc,phases      ] GC(156) ClassLoaderData 0.359ms
[5809.548s][debug][gc,phases      ] GC(156) Trigger cleanups 0.008ms
[5809.598s][debug][gc,phases      ] GC(156) Class Unloading 50.497ms
[5809.598s][debug][gc,phases      ] GC(156) Report Object Count 0.002ms
[5809.598s][info ][gc,phases      ] GC(156) Marking Phase 186.762ms
[5809.598s][info ][gc,phases,start] GC(156) Summary Phase
[5809.598s][info ][gc,phases      ] GC(156) Summary Phase 0.018ms
[5809.598s][info ][gc,phases,start] GC(156) Adjust Roots
[5809.613s][info ][gc,phases      ] GC(156) Adjust Roots 14.716ms
[5809.613s][info ][gc,phases,start] GC(156) Compaction Phase
[5809.742s][info ][gc,phases      ] GC(156) Compaction Phase 129.086ms
[5809.742s][info ][gc,phases,start] GC(156) Post Compact
[5809.744s][info ][gc,phases      ] GC(156) Post Compact 1.955ms
[5809.744s][info ][gc,heap        ] GC(156) PSYoungGen: 59798K(1876992K)->0K(1874432K) Eden: 0K(1654272K)->0K(1654272K) From: 59798K(222720K)->0K(220160K)
[5809.744s][info ][gc,heap        ] GC(156) ParOldGen: 420285K(435712K)->413397K(538112K)
[5809.744s][info ][gc,metaspace   ] GC(156) Metaspace: 99285K(100608K)->98984K(100608K) NonClass: 84978K(85760K)->84759K(85760K) Class: 14307K(14848K)->14225K(14848K)
[5809.744s][info ][gc             ] GC(156) Pause Full (Ergonomics) 468M->403M(2356M) 332.958ms
[5809.744s][info ][gc,cpu         ] GC(156) User=1.03s Sys=0.00s Real=0.33s
[5809.744s][info ][safepoint      ] Safepoint "ParallelGCFailedAllocation", Time since last: 8281660341 ns, Reaching safepoint: 87102 ns, Cleanup: 3700 ns, At safepoint: 359615648 ns, Total: 359706450 ns
[5818.745s][info ][safepoint      ] Safepoint "Cleanup", Time since last: 9000601978 ns, Reaching safepoint: 7801 ns, Cleanup: 24700 ns, At safepoint: 2401 ns, Total: 34902 ns
[5820.745s][info ][safepoint      ] Safepoint "Cleanup", Time since last: 2000154195 ns, Reaching safepoint: 7401 ns, Cleanup: 11100 ns, At safepoint: 2600 ns, Total: 21101 ns
[5826.689s][info ][safepoint      ] Safepoint "Cleanup", Time since last: 5943568752 ns, Reaching safepoint: 80503 ns, Cleanup: 9100 ns, At safepoint: 6600 ns, Total: 96203 ns
[5834.690s][info ][safepoint      ] Safepoint "Cleanup", Time since last: 8000649965 ns, Reaching safepoint: 86003 ns, Cleanup: 10400 ns, At safepoint: 34101 ns, Total: 130504 ns
[5836.077s][info ][gc,start       ] GC(157) Pause Young (Allocation Failure)
[5836.088s][debug][gc,phases      ] GC(157) Scavenge 11.445ms
[5836.088s][debug][gc,ref         ] GC(157) ReferenceProcessor::execute queues: 1, RefProcThreadModel::Single, marks_oops_alive: false
[5836.088s][debug][gc,ref         ] GC(157) Skipped KeepAliveFinalRefsPhase of Reference Processing: no references
[5836.088s][debug][gc,ref         ] GC(157) ReferenceProcessor::execute queues: 1, RefProcThreadModel::Single, marks_oops_alive: false
[5836.088s][debug][gc,phases      ] GC(157) Reference Processing 0.136ms
[5836.089s][debug][gc,phases      ] GC(157)   VM Weak                        Min:  0.0, Avg:  0.0, Max:  0.0, Diff:  0.0, Sum:  0.0, Workers: 4
[5836.089s][debug][gc,phases      ] GC(157)     Dead                           Min: 0, Avg:  0.0, Max: 0, Diff: 0, Sum: 0, Workers: 4
[5836.089s][debug][gc,phases      ] GC(157)     Total                          Min: 0, Avg: 214.0, Max: 615, Diff: 615, Sum: 856, Workers: 4
[5836.089s][debug][gc,phases      ] GC(157)   ObjectSynchronizer Weak        Min:  0.0, Avg:  0.0, Max:  0.0, Diff:  0.0, Sum:  0.0, Workers: 4
[5836.089s][debug][gc,phases      ] GC(157)     Dead                           Min: 0, Avg:  0.0, Max: 0, Diff: 0, Sum: 0, Workers: 4
[5836.089s][debug][gc,phases      ] GC(157)     Total                          Min: 0, Avg:  1.2, Max: 5, Diff: 5, Sum: 5, Workers: 4
[5836.089s][debug][gc,phases      ] GC(157)   JVMTI Tag Weak OopStorage      Min:  0.0, Avg:  0.0, Max:  0.0, Diff:  0.0, Sum:  0.0, Workers: 4
[5836.089s][debug][gc,phases      ] GC(157)     Dead                           Min: 0, Avg:  0.0, Max: 0, Diff: 0, Sum: 0, Workers: 4
[5836.089s][debug][gc,phases      ] GC(157)     Total                          Min: 0, Avg:  0.0, Max: 0, Diff: 0, Sum: 0, Workers: 4
[5836.089s][debug][gc,phases      ] GC(157)   StringTable Weak               Min:  0.1, Avg:  0.2, Max:  0.3, Diff:  0.2, Sum:  0.8, Workers: 4
[5836.089s][debug][gc,phases      ] GC(157)     Dead                           Min: 0, Avg:  0.0, Max: 0, Diff: 0, Sum: 0, Workers: 4
[5836.089s][debug][gc,phases      ] GC(157)     Total                          Min: 8256, Avg: 12388.0, Max: 17616, Diff: 9360, Sum: 49552, Workers: 4
[5836.089s][debug][gc,phases      ] GC(157)   ResolvedMethodTable Weak       Min:  0.0, Avg:  0.0, Max:  0.1, Diff:  0.1, Sum:  0.1, Workers: 4
[5836.089s][debug][gc,phases      ] GC(157)     Dead                           Min: 0, Avg:  0.0, Max: 0, Diff: 0, Sum: 0, Workers: 4
[5836.089s][debug][gc,phases      ] GC(157)     Total                          Min: 0, Avg: 3522.0, Max: 7305, Diff: 7305, Sum: 14088, Workers: 4
[5836.089s][debug][gc,phases      ] GC(157)   JNI Weak                       Min:  0.0, Avg:  0.0, Max:  0.0, Diff:  0.0, Sum:  0.0, Workers: 4
[5836.089s][debug][gc,phases      ] GC(157)     Dead                           Min: 0, Avg:  0.0, Max: 0, Diff: 0, Sum: 0, Workers: 4
[5836.089s][debug][gc,phases      ] GC(157)     Total                          Min: 0, Avg: 12.0, Max: 48, Diff: 48, Sum: 48, Workers: 4
[5836.089s][debug][gc,phases      ] GC(157)   StringDedup Table Weak         Min:  0.0, Avg:  0.0, Max:  0.0, Diff:  0.0, Sum:  0.0, Workers: 4
[5836.089s][debug][gc,phases      ] GC(157)     Dead                           Min: 0, Avg:  0.0, Max: 0, Diff: 0, Sum: 0, Workers: 4
[5836.089s][debug][gc,phases      ] GC(157)     Total                          Min: 0, Avg:  0.0, Max: 0, Diff: 0, Sum: 0, Workers: 4
[5836.089s][debug][gc,phases      ] GC(157)   StringDedup Requests0 Weak     Min:  0.0, Avg:  0.0, Max:  0.0, Diff:  0.0, Sum:  0.0, Workers: 4
[5836.089s][debug][gc,phases      ] GC(157)     Dead                           Min: 0, Avg:  0.0, Max: 0, Diff: 0, Sum: 0, Workers: 4
[5836.089s][debug][gc,phases      ] GC(157)     Total                          Min: 0, Avg:  0.0, Max: 0, Diff: 0, Sum: 0, Workers: 4
[5836.089s][debug][gc,phases      ] GC(157)   StringDedup Requests1 Weak     Min:  0.0, Avg:  0.0, Max:  0.0, Diff:  0.0, Sum:  0.0, Workers: 4
[5836.089s][debug][gc,phases      ] GC(157)     Dead                           Min: 0, Avg:  0.0, Max: 0, Diff: 0, Sum: 0, Workers: 4
[5836.089s][debug][gc,phases      ] GC(157)     Total                          Min: 0, Avg:  0.0, Max: 0, Diff: 0, Sum: 0, Workers: 4
[5836.089s][debug][gc,phases      ] GC(157)   Weak JFR Old Object Samples    Min:  0.0, Avg:  0.0, Max:  0.0, Diff:  0.0, Sum:  0.0, Workers: 4
[5836.089s][debug][gc,phases      ] GC(157)     Dead                           Min: 0, Avg:  0.0, Max: 0, Diff: 0, Sum: 0, Workers: 4
[5836.089s][debug][gc,phases      ] GC(157)     Total                          Min: 0, Avg:  0.0, Max: 0, Diff: 0, Sum: 0, Workers: 4
[5836.089s][debug][gc,phases      ] GC(157) Weak Processing 0.533ms
[5836.089s][debug][gc,age         ] GC(157) Desired survivor size 228065280 bytes, new threshold 15 (max threshold 15)
[5836.089s][info ][gc,heap        ] GC(157) PSYoungGen: 1654272K(1874432K)->21603K(1871872K) Eden: 1654272K(1654272K)->0K(1651712K) From: 0K(220160K)->21603K(220160K)
[5836.089s][info ][gc,heap        ] GC(157) ParOldGen: 413397K(538112K)->413397K(538112K)
[5836.089s][info ][gc,metaspace   ] GC(157) Metaspace: 98986K(100608K)->98986K(100608K) NonClass: 84760K(85760K)->84760K(85760K) Class: 14225K(14848K)->14225K(14848K)
[5836.089s][info ][gc             ] GC(157) Pause Young (Allocation Failure) 2019M->424M(2353M) 12.263ms
[5836.089s][info ][gc,cpu         ] GC(157) User=0.04s Sys=0.00s Real=0.02s
[5836.089s][info ][safepoint      ] Safepoint "ParallelGCFailedAllocation", Time since last: 1387041059 ns, Reaching safepoint: 7807 ns, Cleanup: 4204 ns, At safepoint: 12348609 ns, Total: 12360620 ns
[5841.090s][info ][safepoint      ] Safepoint "Cleanup", Time since last: 5000363764 ns, Reaching safepoint: 54702 ns, Cleanup: 10400 ns, At safepoint: 7501 ns, Total: 72603 ns
[5845.090s][info ][safepoint      ] Safepoint "Cleanup", Time since last: 4000764814 ns, Reaching safepoint: 83505 ns, Cleanup: 8300 ns, At safepoint: 6900 ns, Total: 98705 ns
[5846.091s][info ][safepoint      ] Safepoint "Cleanup", Time since last: 1000114467 ns, Reaching safepoint: 79904 ns, Cleanup: 13701 ns, At safepoint: 8300 ns, Total: 101905 ns
[5849.091s][info ][safepoint      ] Safepoint "Cleanup", Time since last: 3000286298 ns, Reaching safepoint: 85505 ns, Cleanup: 12000 ns, At safepoint: 7001 ns, Total: 104506 ns
[5854.092s][info ][safepoint      ] Safepoint "Cleanup", Time since last: 5000373684 ns, Reaching safepoint: 82704 ns, Cleanup: 8900 ns, At safepoint: 7701 ns, Total: 99305 ns
[5857.092s][info ][safepoint      ] Safepoint "Cleanup", Time since last: 3000245754 ns, Reaching safepoint: 79503 ns, Cleanup: 26802 ns, At safepoint: 6000 ns, Total: 112305 ns
[5869.093s][info ][safepoint      ] Safepoint "Cleanup", Time since last: 12000866777 ns, Reaching safepoint: 8601 ns, Cleanup: 7400 ns, At safepoint: 2100 ns, Total: 18101 ns
[5869.703s][info ][gc,start       ] GC(158) Pause Young (Allocation Failure)
[5869.717s][debug][gc,phases      ] GC(158) Scavenge 13.784ms
[5869.717s][debug][gc,ref         ] GC(158) ReferenceProcessor::execute queues: 1, RefProcThreadModel::Single, marks_oops_alive: false
[5869.717s][debug][gc,ref         ] GC(158) Skipped KeepAliveFinalRefsPhase of Reference Processing: no references
[5869.717s][debug][gc,ref         ] GC(158) ReferenceProcessor::execute queues: 1, RefProcThreadModel::Single, marks_oops_alive: false
[5869.717s][debug][gc,phases      ] GC(158) Reference Processing 0.146ms
[5869.717s][debug][gc,phases      ] GC(158)   VM Weak                        Min:  0.0, Avg:  0.0, Max:  0.0, Diff:  0.0, Sum:  0.0, Workers: 4
[5869.717s][debug][gc,phases      ] GC(158)     Dead                           Min: 0, Avg:  0.0, Max: 0, Diff: 0, Sum: 0, Workers: 4
[5869.717s][debug][gc,phases      ] GC(158)     Total                          Min: 0, Avg: 214.0, Max: 468, Diff: 468, Sum: 856, Workers: 4
[5869.717s][debug][gc,phases      ] GC(158)   ObjectSynchronizer Weak        Min:  0.0, Avg:  0.0, Max:  0.0, Diff:  0.0, Sum:  0.0, Workers: 4
[5869.717s][debug][gc,phases      ] GC(158)     Dead                           Min: 0, Avg:  0.0, Max: 0, Diff: 0, Sum: 0, Workers: 4
[5869.717s][debug][gc,phases      ] GC(158)     Total                          Min: 0, Avg:  1.2, Max: 5, Diff: 5, Sum: 5, Workers: 4
[5869.717s][debug][gc,phases      ] GC(158)   JVMTI Tag Weak OopStorage      Min:  0.0, Avg:  0.0, Max:  0.0, Diff:  0.0, Sum:  0.0, Workers: 4
[5869.717s][debug][gc,phases      ] GC(158)     Dead                           Min: 0, Avg:  0.0, Max: 0, Diff: 0, Sum: 0, Workers: 4
[5869.717s][debug][gc,phases      ] GC(158)     Total                          Min: 0, Avg:  0.0, Max: 0, Diff: 0, Sum: 0, Workers: 4
[5869.717s][debug][gc,phases      ] GC(158)   StringTable Weak               Min:  0.0, Avg:  0.1, Max:  0.2, Diff:  0.2, Sum:  0.5, Workers: 4
[5869.717s][debug][gc,phases      ] GC(158)     Dead                           Min: 0, Avg:  0.0, Max: 0, Diff: 0, Sum: 0, Workers: 4
[5869.717s][debug][gc,phases      ] GC(158)     Total                          Min: 0, Avg: 12388.0, Max: 17024, Diff: 17024, Sum: 49552, Workers: 4
[5869.717s][debug][gc,phases      ] GC(158)   ResolvedMethodTable Weak       Min:  0.0, Avg:  0.0, Max:  0.0, Diff:  0.0, Sum:  0.1, Workers: 4
[5869.717s][debug][gc,phases      ] GC(158)     Dead                           Min: 0, Avg:  0.0, Max: 0, Diff: 0, Sum: 0, Workers: 4
[5869.717s][debug][gc,phases      ] GC(158)     Total                          Min: 0, Avg: 3522.0, Max: 5120, Diff: 5120, Sum: 14088, Workers: 4
[5869.717s][debug][gc,phases      ] GC(158)   JNI Weak                       Min:  0.0, Avg:  0.0, Max:  0.0, Diff:  0.0, Sum:  0.0, Workers: 4
[5869.717s][debug][gc,phases      ] GC(158)     Dead                           Min: 0, Avg:  0.0, Max: 0, Diff: 0, Sum: 0, Workers: 4
[5869.717s][debug][gc,phases      ] GC(158)     Total                          Min: 0, Avg: 12.0, Max: 48, Diff: 48, Sum: 48, Workers: 4
[5869.717s][debug][gc,phases      ] GC(158)   StringDedup Table Weak         Min:  0.0, Avg:  0.0, Max:  0.0, Diff:  0.0, Sum:  0.0, Workers: 4
[5869.717s][debug][gc,phases      ] GC(158)     Dead                           Min: 0, Avg:  0.0, Max: 0, Diff: 0, Sum: 0, Workers: 4
[5869.717s][debug][gc,phases      ] GC(158)     Total                          Min: 0, Avg:  0.0, Max: 0, Diff: 0, Sum: 0, Workers: 4
[5869.717s][debug][gc,phases      ] GC(158)   StringDedup Requests0 Weak     Min:  0.0, Avg:  0.0, Max:  0.0, Diff:  0.0, Sum:  0.0, Workers: 4
[5869.717s][debug][gc,phases      ] GC(158)     Dead                           Min: 0, Avg:  0.0, Max: 0, Diff: 0, Sum: 0, Workers: 4
[5869.717s][debug][gc,phases      ] GC(158)     Total                          Min: 0, Avg:  0.0, Max: 0, Diff: 0, Sum: 0, Workers: 4
[5869.717s][debug][gc,phases      ] GC(158)   StringDedup Requests1 Weak     Min:  0.0, Avg:  0.0, Max:  0.0, Diff:  0.0, Sum:  0.0, Workers: 4
[5869.717s][debug][gc,phases      ] GC(158)     Dead                           Min: 0, Avg:  0.0, Max: 0, Diff: 0, Sum: 0, Workers: 4
[5869.717s][debug][gc,phases      ] GC(158)     Total                          Min: 0, Avg:  0.0, Max: 0, Diff: 0, Sum: 0, Workers: 4
[5869.717s][debug][gc,phases      ] GC(158)   Weak JFR Old Object Samples    Min:  0.0, Avg:  0.0, Max:  0.0, Diff:  0.0, Sum:  0.0, Workers: 4
[5869.717s][debug][gc,phases      ] GC(158)     Dead                           Min: 0, Avg:  0.0, Max: 0, Diff: 0, Sum: 0, Workers: 4
[5869.717s][debug][gc,phases      ] GC(158)     Total                          Min: 0, Avg:  0.0, Max: 0, Diff: 0, Sum: 0, Workers: 4
[5869.717s][debug][gc,phases      ] GC(158) Weak Processing 0.464ms
[5869.717s][debug][gc,age         ] GC(158) Desired survivor size 228589568 bytes, new threshold 15 (max threshold 15)
[5869.717s][info ][gc,heap        ] GC(158) PSYoungGen: 1673315K(1871872K)->19852K(1671680K) Eden: 1651712K(1651712K)->0K(1651712K) From: 21603K(220160K)->19852K(19968K)
[5869.717s][info ][gc,heap        ] GC(158) ParOldGen: 413397K(538112K)->413397K(538112K)
[5869.717s][info ][gc,metaspace   ] GC(158) Metaspace: 98990K(100608K)->98990K(100608K) NonClass: 84764K(85760K)->84764K(85760K) Class: 14225K(14848K)->14225K(14848K)
[5869.717s][info ][gc             ] GC(158) Pause Young (Allocation Failure) 2037M->423M(2158M) 14.553ms
[5869.717s][info ][gc,cpu         ] GC(158) User=0.05s Sys=0.00s Real=0.01s
[5869.717s][info ][safepoint      ] Safepoint "ParallelGCFailedAllocation", Time since last: 609856048 ns, Reaching safepoint: 9100 ns, Cleanup: 3700 ns, At safepoint: 14656020 ns, Total: 14668820 ns
[5871.717s][info ][safepoint      ] Safepoint "Cleanup", Time since last: 2000158219 ns, Reaching safepoint: 10401 ns, Cleanup: 17801 ns, At safepoint: 2700 ns, Total: 30902 ns
[5873.718s][info ][safepoint      ] Safepoint "Cleanup", Time since last: 2000630743 ns, Reaching safepoint: 10100 ns, Cleanup: 16801 ns, At safepoint: 2800 ns, Total: 29701 ns
[5876.718s][info ][safepoint      ] Safepoint "Cleanup", Time since last: 3000257786 ns, Reaching safepoint: 9501 ns, Cleanup: 18001 ns, At safepoint: 2600 ns, Total: 30102 ns
[5880.719s][info ][safepoint      ] Safepoint "Cleanup", Time since last: 4000373138 ns, Reaching safepoint: 10500 ns, Cleanup: 40502 ns, At safepoint: 6801 ns, Total: 57803 ns
[5882.705s][info ][safepoint      ] Safepoint "Cleanup", Time since last: 1986131127 ns, Reaching safepoint: 9701 ns, Cleanup: 35902 ns, At safepoint: 2500 ns, Total: 48103 ns
[5883.705s][info ][safepoint      ] Safepoint "Cleanup", Time since last: 1000121330 ns, Reaching safepoint: 9101 ns, Cleanup: 11300 ns, At safepoint: 3000 ns, Total: 23401 ns
[5886.705s][info ][safepoint      ] Safepoint "Cleanup", Time since last: 3000250190 ns, Reaching safepoint: 9400 ns, Cleanup: 11001 ns, At safepoint: 5600 ns, Total: 26001 ns
[5894.706s][info ][safepoint      ] Safepoint "Cleanup", Time since last: 8000551229 ns, Reaching safepoint: 10200 ns, Cleanup: 17601 ns, At safepoint: 6901 ns, Total: 34702 ns
[5895.706s][info ][safepoint      ] Safepoint "Cleanup", Time since last: 1000087341 ns, Reaching safepoint: 8400 ns, Cleanup: 12601 ns, At safepoint: 2200 ns, Total: 23201 ns
[5915.708s][info ][safepoint      ] Safepoint "Cleanup", Time since last: 20001349136 ns, Reaching safepoint: 7701 ns, Cleanup: 10100 ns, At safepoint: 3100 ns, Total: 20901 ns
[5919.708s][info ][safepoint      ] Safepoint "Cleanup", Time since last: 4000286901 ns, Reaching safepoint: 49602 ns, Cleanup: 14401 ns, At safepoint: 18501 ns, Total: 82504 ns
[5919.756s][info ][gc,start       ] GC(159) Pause Young (Allocation Failure)
[5919.773s][debug][gc,phases      ] GC(159) Scavenge 17.306ms
[5919.774s][debug][gc,ref         ] GC(159) ReferenceProcessor::execute queues: 1, RefProcThreadModel::Single, marks_oops_alive: false
[5919.774s][debug][gc,ref         ] GC(159) Skipped KeepAliveFinalRefsPhase of Reference Processing: no references
[5919.774s][debug][gc,ref         ] GC(159) ReferenceProcessor::execute queues: 1, RefProcThreadModel::Single, marks_oops_alive: false
[5919.774s][debug][gc,phases      ] GC(159) Reference Processing 0.131ms
[5919.774s][debug][gc,phases      ] GC(159)   VM Weak                        Min:  0.0, Avg:  0.0, Max:  0.0, Diff:  0.0, Sum:  0.0, Workers: 4
[5919.774s][debug][gc,phases      ] GC(159)     Dead                           Min: 0, Avg:  0.0, Max: 0, Diff: 0, Sum: 0, Workers: 4
[5919.774s][debug][gc,phases      ] GC(159)     Total                          Min: 0, Avg: 214.0, Max: 565, Diff: 565, Sum: 856, Workers: 4
[5919.774s][debug][gc,phases      ] GC(159)   ObjectSynchronizer Weak        Min:  0.0, Avg:  0.0, Max:  0.0, Diff:  0.0, Sum:  0.0, Workers: 4
[5919.774s][debug][gc,phases      ] GC(159)     Dead                           Min: 0, Avg:  0.0, Max: 0, Diff: 0, Sum: 0, Workers: 4
[5919.774s][debug][gc,phases      ] GC(159)     Total                          Min: 0, Avg:  1.0, Max: 4, Diff: 4, Sum: 4, Workers: 4
[5919.774s][debug][gc,phases      ] GC(159)   JVMTI Tag Weak OopStorage      Min:  0.0, Avg:  0.0, Max:  0.0, Diff:  0.0, Sum:  0.0, Workers: 4
[5919.774s][debug][gc,phases      ] GC(159)     Dead                           Min: 0, Avg:  0.0, Max: 0, Diff: 0, Sum: 0, Workers: 4
[5919.774s][debug][gc,phases      ] GC(159)     Total                          Min: 0, Avg:  0.0, Max: 0, Diff: 0, Sum: 0, Workers: 4
[5919.774s][debug][gc,phases      ] GC(159)   StringTable Weak               Min:  0.0, Avg:  0.1, Max:  0.2, Diff:  0.2, Sum:  0.5, Workers: 4
[5919.774s][debug][gc,phases      ] GC(159)     Dead                           Min: 0, Avg:  0.2, Max: 1, Diff: 1, Sum: 1, Workers: 4
[5919.774s][debug][gc,phases      ] GC(159)     Total                          Min: 0, Avg: 12390.0, Max: 18137, Diff: 18137, Sum: 49560, Workers: 4
[5919.774s][debug][gc,phases      ] GC(159)   ResolvedMethodTable Weak       Min:  0.0, Avg:  0.0, Max:  0.0, Diff:  0.0, Sum:  0.1, Workers: 4
[5919.774s][debug][gc,phases      ] GC(159)     Dead                           Min: 0, Avg:  1.0, Max: 4, Diff: 4, Sum: 4, Workers: 4
[5919.774s][debug][gc,phases      ] GC(159)     Total                          Min: 0, Avg: 3525.2, Max: 5718, Diff: 5718, Sum: 14101, Workers: 4
[5919.774s][debug][gc,phases      ] GC(159)   JNI Weak                       Min:  0.0, Avg:  0.0, Max:  0.0, Diff:  0.0, Sum:  0.0, Workers: 4
[5919.774s][debug][gc,phases      ] GC(159)     Dead                           Min: 0, Avg:  0.0, Max: 0, Diff: 0, Sum: 0, Workers: 4
[5919.774s][debug][gc,phases      ] GC(159)     Total                          Min: 0, Avg: 12.0, Max: 48, Diff: 48, Sum: 48, Workers: 4
[5919.774s][debug][gc,phases      ] GC(159)   StringDedup Table Weak         Min:  0.0, Avg:  0.0, Max:  0.0, Diff:  0.0, Sum:  0.0, Workers: 4
[5919.774s][debug][gc,phases      ] GC(159)     Dead                           Min: 0, Avg:  0.0, Max: 0, Diff: 0, Sum: 0, Workers: 4
[5919.774s][debug][gc,phases      ] GC(159)     Total                          Min: 0, Avg:  0.0, Max: 0, Diff: 0, Sum: 0, Workers: 4
[5919.774s][debug][gc,phases      ] GC(159)   StringDedup Requests0 Weak     Min:  0.0, Avg:  0.0, Max:  0.0, Diff:  0.0, Sum:  0.0, Workers: 4
[5919.774s][debug][gc,phases      ] GC(159)     Dead                           Min: 0, Avg:  0.0, Max: 0, Diff: 0, Sum: 0, Workers: 4
[5919.774s][debug][gc,phases      ] GC(159)     Total                          Min: 0, Avg:  0.0, Max: 0, Diff: 0, Sum: 0, Workers: 4
[5919.774s][debug][gc,phases      ] GC(159)   StringDedup Requests1 Weak     Min:  0.0, Avg:  0.0, Max:  0.0, Diff:  0.0, Sum:  0.0, Workers: 4
[5919.774s][debug][gc,phases      ] GC(159)     Dead                           Min: 0, Avg:  0.0, Max: 0, Diff: 0, Sum: 0, Workers: 4
[5919.774s][debug][gc,phases      ] GC(159)     Total                          Min: 0, Avg:  0.0, Max: 0, Diff: 0, Sum: 0, Workers: 4
[5919.774s][debug][gc,phases      ] GC(159)   Weak JFR Old Object Samples    Min:  0.0, Avg:  0.0, Max:  0.0, Diff:  0.0, Sum:  0.0, Workers: 4
[5919.774s][debug][gc,phases      ] GC(159)     Dead                           Min: 0, Avg:  0.0, Max: 0, Diff: 0, Sum: 0, Workers: 4
[5919.774s][debug][gc,phases      ] GC(159)     Total                          Min: 0, Avg:  0.0, Max: 0, Diff: 0, Sum: 0, Workers: 4
[5919.774s][debug][gc,phases      ] GC(159) Weak Processing 0.469ms
[5919.774s][debug][gc,age         ] GC(159) Desired survivor size 224395264 bytes, new threshold 15 (max threshold 15)
[5919.774s][info ][gc,heap        ] GC(159) PSYoungGen: 1671564K(1671680K)->33334K(1878016K) Eden: 1651712K(1651712K)->0K(1654784K) From: 19852K(19968K)->33334K(223232K)
[5919.774s][info ][gc,heap        ] GC(159) ParOldGen: 413397K(538112K)->413397K(538112K)
[5919.774s][info ][gc,metaspace   ] GC(159) Metaspace: 99007K(100608K)->99007K(100608K) NonClass: 84778K(85760K)->84778K(85760K) Class: 14229K(14848K)->14229K(14848K)
[5919.774s][info ][gc             ] GC(159) Pause Young (Allocation Failure) 2036M->436M(2359M) 18.060ms
[5919.774s][info ][gc,cpu         ] GC(159) User=0.05s Sys=0.00s Real=0.02s
[5919.774s][info ][safepoint      ] Safepoint "ParallelGCFailedAllocation", Time since last: 48103474 ns, Reaching safepoint: 83304 ns, Cleanup: 9700 ns, At safepoint: 18155959 ns, Total: 18248963 ns
[5920.774s][info ][safepoint      ] Safepoint "Cleanup", Time since last: 1000093276 ns, Reaching safepoint: 12700 ns, Cleanup: 20001 ns, At safepoint: 2801 ns, Total: 35502 ns
[5923.775s][info ][safepoint      ] Safepoint "Cleanup", Time since last: 3000189255 ns, Reaching safepoint: 9800 ns, Cleanup: 12400 ns, At safepoint: 2600 ns, Total: 24800 ns
[5931.775s][info ][safepoint      ] Safepoint "Cleanup", Time since last: 8000574041 ns, Reaching safepoint: 10900 ns, Cleanup: 12601 ns, At safepoint: 3100 ns, Total: 26601 ns
[5937.776s][info ][safepoint      ] Safepoint "Cleanup", Time since last: 6000414961 ns, Reaching safepoint: 8501 ns, Cleanup: 12000 ns, At safepoint: 2600 ns, Total: 23101 ns
[5948.721s][info ][safepoint      ] Safepoint "Cleanup", Time since last: 10945739427 ns, Reaching safepoint: 8700 ns, Cleanup: 10300 ns, At safepoint: 2900 ns, Total: 21900 ns
[5951.434s][info ][gc,start       ] GC(160) Pause Young (Allocation Failure)
[5951.449s][debug][gc,phases      ] GC(160) Scavenge 14.446ms
[5951.449s][debug][gc,ref         ] GC(160) ReferenceProcessor::execute queues: 1, RefProcThreadModel::Single, marks_oops_alive: false
[5951.449s][debug][gc,ref         ] GC(160) Skipped KeepAliveFinalRefsPhase of Reference Processing: no references
[5951.449s][debug][gc,ref         ] GC(160) ReferenceProcessor::execute queues: 1, RefProcThreadModel::Single, marks_oops_alive: false
[5951.449s][debug][gc,phases      ] GC(160) Reference Processing 0.124ms
[5951.449s][debug][gc,phases      ] GC(160)   VM Weak                        Min:  0.0, Avg:  0.0, Max:  0.0, Diff:  0.0, Sum:  0.0, Workers: 4
[5951.449s][debug][gc,phases      ] GC(160)     Dead                           Min: 0, Avg:  0.0, Max: 0, Diff: 0, Sum: 0, Workers: 4
[5951.449s][debug][gc,phases      ] GC(160)     Total                          Min: 0, Avg: 214.0, Max: 794, Diff: 794, Sum: 856, Workers: 4
[5951.449s][debug][gc,phases      ] GC(160)   ObjectSynchronizer Weak        Min:  0.0, Avg:  0.0, Max:  0.0, Diff:  0.0, Sum:  0.0, Workers: 4
[5951.449s][debug][gc,phases      ] GC(160)     Dead                           Min: 0, Avg:  0.0, Max: 0, Diff: 0, Sum: 0, Workers: 4
[5951.449s][debug][gc,phases      ] GC(160)     Total                          Min: 0, Avg:  1.0, Max: 4, Diff: 4, Sum: 4, Workers: 4
[5951.449s][debug][gc,phases      ] GC(160)   JVMTI Tag Weak OopStorage      Min:  0.0, Avg:  0.0, Max:  0.0, Diff:  0.0, Sum:  0.0, Workers: 4
[5951.449s][debug][gc,phases      ] GC(160)     Dead                           Min: 0, Avg:  0.0, Max: 0, Diff: 0, Sum: 0, Workers: 4
[5951.449s][debug][gc,phases      ] GC(160)     Total                          Min: 0, Avg:  0.0, Max: 0, Diff: 0, Sum: 0, Workers: 4
[5951.449s][debug][gc,phases      ] GC(160)   StringTable Weak               Min:  0.0, Avg:  0.1, Max:  0.2, Diff:  0.2, Sum:  0.5, Workers: 4
[5951.449s][debug][gc,phases      ] GC(160)     Dead                           Min: 0, Avg:  0.0, Max: 0, Diff: 0, Sum: 0, Workers: 4
[5951.449s][debug][gc,phases      ] GC(160)     Total                          Min: 0, Avg: 12390.5, Max: 18495, Diff: 18495, Sum: 49562, Workers: 4
[5951.449s][debug][gc,phases      ] GC(160)   ResolvedMethodTable Weak       Min:  0.0, Avg:  0.0, Max:  0.0, Diff:  0.0, Sum:  0.1, Workers: 4
[5951.449s][debug][gc,phases      ] GC(160)     Dead                           Min: 0, Avg:  0.0, Max: 0, Diff: 0, Sum: 0, Workers: 4
[5951.449s][debug][gc,phases      ] GC(160)     Total                          Min: 0, Avg: 3525.2, Max: 4886, Diff: 4886, Sum: 14101, Workers: 4
[5951.449s][debug][gc,phases      ] GC(160)   JNI Weak                       Min:  0.0, Avg:  0.0, Max:  0.0, Diff:  0.0, Sum:  0.0, Workers: 4
[5951.449s][debug][gc,phases      ] GC(160)     Dead                           Min: 0, Avg:  0.0, Max: 0, Diff: 0, Sum: 0, Workers: 4
[5951.449s][debug][gc,phases      ] GC(160)     Total                          Min: 0, Avg: 12.0, Max: 48, Diff: 48, Sum: 48, Workers: 4
[5951.449s][debug][gc,phases      ] GC(160)   StringDedup Table Weak         Min:  0.0, Avg:  0.0, Max:  0.0, Diff:  0.0, Sum:  0.0, Workers: 4
[5951.449s][debug][gc,phases      ] GC(160)     Dead                           Min: 0, Avg:  0.0, Max: 0, Diff: 0, Sum: 0, Workers: 4
[5951.449s][debug][gc,phases      ] GC(160)     Total                          Min: 0, Avg:  0.0, Max: 0, Diff: 0, Sum: 0, Workers: 4
[5951.449s][debug][gc,phases      ] GC(160)   StringDedup Requests0 Weak     Min:  0.0, Avg:  0.0, Max:  0.0, Diff:  0.0, Sum:  0.0, Workers: 4
[5951.449s][debug][gc,phases      ] GC(160)     Dead                           Min: 0, Avg:  0.0, Max: 0, Diff: 0, Sum: 0, Workers: 4
[5951.449s][debug][gc,phases      ] GC(160)     Total                          Min: 0, Avg:  0.0, Max: 0, Diff: 0, Sum: 0, Workers: 4
[5951.449s][debug][gc,phases      ] GC(160)   StringDedup Requests1 Weak     Min:  0.0, Avg:  0.0, Max:  0.0, Diff:  0.0, Sum:  0.0, Workers: 4
[5951.449s][debug][gc,phases      ] GC(160)     Dead                           Min: 0, Avg:  0.0, Max: 0, Diff: 0, Sum: 0, Workers: 4
[5951.449s][debug][gc,phases      ] GC(160)     Total                          Min: 0, Avg:  0.0, Max: 0, Diff: 0, Sum: 0, Workers: 4
[5951.449s][debug][gc,phases      ] GC(160)   Weak JFR Old Object Samples    Min:  0.0, Avg:  0.0, Max:  0.0, Diff:  0.0, Sum:  0.0, Workers: 4
[5951.449s][debug][gc,phases      ] GC(160)     Dead                           Min: 0, Avg:  0.0, Max: 0, Diff: 0, Sum: 0, Workers: 4
[5951.449s][debug][gc,phases      ] GC(160)     Total                          Min: 0, Avg:  0.0, Max: 0, Diff: 0, Sum: 0, Workers: 4
[5951.449s][debug][gc,phases      ] GC(160) Weak Processing 0.472ms
[5951.449s][debug][gc,age         ] GC(160) Desired survivor size 219152384 bytes, new threshold 15 (max threshold 15)
[5951.449s][info ][gc,heap        ] GC(160) PSYoungGen: 1688118K(1878016K)->35553K(1873920K) Eden: 1654784K(1654784K)->0K(1654784K) From: 33334K(223232K)->35553K(219136K)
[5951.449s][info ][gc,heap        ] GC(160) ParOldGen: 413397K(538112K)->413397K(538112K)
[5951.449s][info ][gc,metaspace   ] GC(160) Metaspace: 99015K(100608K)->99015K(100608K) NonClass: 84785K(85760K)->84785K(85760K) Class: 14229K(14848K)->14229K(14848K)
[5951.449s][info ][gc             ] GC(160) Pause Young (Allocation Failure) 2052M->438M(2355M) 15.201ms
[5951.449s][info ][gc,cpu         ] GC(160) User=0.06s Sys=0.01s Real=0.02s
[5951.450s][info ][safepoint      ] Safepoint "ParallelGCFailedAllocation", Time since last: 2712755153 ns, Reaching safepoint: 85804 ns, Cleanup: 4200 ns, At safepoint: 15293646 ns, Total: 15383650 ns
[5953.450s][info ][safepoint      ] Safepoint "Cleanup", Time since last: 2000165162 ns, Reaching safepoint: 12000 ns, Cleanup: 11301 ns, At safepoint: 30301 ns, Total: 53602 ns
[5958.450s][info ][safepoint      ] Safepoint "Cleanup", Time since last: 5000387942 ns, Reaching safepoint: 8800 ns, Cleanup: 12601 ns, At safepoint: 2400 ns, Total: 23801 ns
[5965.451s][info ][safepoint      ] Safepoint "Cleanup", Time since last: 7000506494 ns, Reaching safepoint: 8300 ns, Cleanup: 11801 ns, At safepoint: 2700 ns, Total: 22801 ns
[5966.451s][info ][safepoint      ] Safepoint "Cleanup", Time since last: 1000115543 ns, Reaching safepoint: 8000 ns, Cleanup: 7400 ns, At safepoint: 2201 ns, Total: 17601 ns
[5967.451s][info ][safepoint      ] Safepoint "Cleanup", Time since last: 1000105642 ns, Reaching safepoint: 7300 ns, Cleanup: 8701 ns, At safepoint: 2500 ns, Total: 18501 ns
[5972.451s][info ][safepoint      ] Safepoint "Cleanup", Time since last: 5000332525 ns, Reaching safepoint: 7501 ns, Cleanup: 6300 ns, At safepoint: 2400 ns, Total: 16201 ns
[5973.451s][info ][safepoint      ] Safepoint "Cleanup", Time since last: 1000105992 ns, Reaching safepoint: 7701 ns, Cleanup: 9800 ns, At safepoint: 2300 ns, Total: 19801 ns
[5975.452s][info ][safepoint      ] Safepoint "Cleanup", Time since last: 2000173084 ns, Reaching safepoint: 7800 ns, Cleanup: 11000 ns, At safepoint: 2300 ns, Total: 21100 ns
[5976.452s][info ][safepoint      ] Safepoint "Cleanup", Time since last: 1000125136 ns, Reaching safepoint: 8900 ns, Cleanup: 14501 ns, At safepoint: 3300 ns, Total: 26701 ns
[5980.452s][info ][safepoint      ] Safepoint "Cleanup", Time since last: 4000275032 ns, Reaching safepoint: 8301 ns, Cleanup: 9200 ns, At safepoint: 2400 ns, Total: 19901 ns
[5985.452s][info ][safepoint      ] Safepoint "Cleanup", Time since last: 5000400834 ns, Reaching safepoint: 7801 ns, Cleanup: 11300 ns, At safepoint: 2500 ns, Total: 21601 ns
[5986.453s][info ][safepoint      ] Safepoint "Cleanup", Time since last: 1000106693 ns, Reaching safepoint: 8501 ns, Cleanup: 12500 ns, At safepoint: 3100 ns, Total: 24101 ns
[5987.453s][info ][safepoint      ] Safepoint "Cleanup", Time since last: 1000122121 ns, Reaching safepoint: 7801 ns, Cleanup: 8700 ns, At safepoint: 2500 ns, Total: 19001 ns
[5988.787s][info ][gc,start       ] GC(161) Pause Young (Allocation Failure)
[5988.801s][debug][gc,phases      ] GC(161) Scavenge 14.787ms
[5988.802s][debug][gc,ref         ] GC(161) ReferenceProcessor::execute queues: 1, RefProcThreadModel::Single, marks_oops_alive: false
[5988.802s][debug][gc,ref         ] GC(161) Skipped KeepAliveFinalRefsPhase of Reference Processing: no references
[5988.802s][debug][gc,ref         ] GC(161) ReferenceProcessor::execute queues: 1, RefProcThreadModel::Single, marks_oops_alive: false
[5988.802s][debug][gc,phases      ] GC(161) Reference Processing 0.126ms
[5988.802s][debug][gc,phases      ] GC(161)   VM Weak                        Min:  0.0, Avg:  0.0, Max:  0.0, Diff:  0.0, Sum:  0.0, Workers: 4
[5988.802s][debug][gc,phases      ] GC(161)     Dead                           Min: 0, Avg:  0.0, Max: 0, Diff: 0, Sum: 0, Workers: 4
[5988.802s][debug][gc,phases      ] GC(161)     Total                          Min: 0, Avg: 214.0, Max: 440, Diff: 440, Sum: 856, Workers: 4
[5988.802s][debug][gc,phases      ] GC(161)   ObjectSynchronizer Weak        Min:  0.0, Avg:  0.0, Max:  0.0, Diff:  0.0, Sum:  0.0, Workers: 4
[5988.802s][debug][gc,phases      ] GC(161)     Dead                           Min: 0, Avg:  0.0, Max: 0, Diff: 0, Sum: 0, Workers: 4
[5988.802s][debug][gc,phases      ] GC(161)     Total                          Min: 0, Avg:  1.0, Max: 4, Diff: 4, Sum: 4, Workers: 4
[5988.802s][debug][gc,phases      ] GC(161)   JVMTI Tag Weak OopStorage      Min:  0.0, Avg:  0.0, Max:  0.0, Diff:  0.0, Sum:  0.0, Workers: 4
[5988.802s][debug][gc,phases      ] GC(161)     Dead                           Min: 0, Avg:  0.0, Max: 0, Diff: 0, Sum: 0, Workers: 4
[5988.802s][debug][gc,phases      ] GC(161)     Total                          Min: 0, Avg:  0.0, Max: 0, Diff: 0, Sum: 0, Workers: 4
[5988.802s][debug][gc,phases      ] GC(161)   StringTable Weak               Min:  0.0, Avg:  0.1, Max:  0.1, Diff:  0.1, Sum:  0.4, Workers: 4
[5988.802s][debug][gc,phases      ] GC(161)     Dead                           Min: 0, Avg:  0.0, Max: 0, Diff: 0, Sum: 0, Workers: 4
[5988.802s][debug][gc,phases      ] GC(161)     Total                          Min: 0, Avg: 12391.2, Max: 18590, Diff: 18590, Sum: 49565, Workers: 4
[5988.802s][debug][gc,phases      ] GC(161)   ResolvedMethodTable Weak       Min:  0.0, Avg:  0.0, Max:  0.0, Diff:  0.0, Sum:  0.1, Workers: 4
[5988.802s][debug][gc,phases      ] GC(161)     Dead                           Min: 0, Avg:  0.0, Max: 0, Diff: 0, Sum: 0, Workers: 4
[5988.802s][debug][gc,phases      ] GC(161)     Total                          Min: 0, Avg: 3525.8, Max: 4927, Diff: 4927, Sum: 14103, Workers: 4
[5988.802s][debug][gc,phases      ] GC(161)   JNI Weak                       Min:  0.0, Avg:  0.0, Max:  0.0, Diff:  0.0, Sum:  0.0, Workers: 4
[5988.802s][debug][gc,phases      ] GC(161)     Dead                           Min: 0, Avg:  0.0, Max: 0, Diff: 0, Sum: 0, Workers: 4
[5988.802s][debug][gc,phases      ] GC(161)     Total                          Min: 0, Avg: 12.0, Max: 48, Diff: 48, Sum: 48, Workers: 4
[5988.802s][debug][gc,phases      ] GC(161)   StringDedup Table Weak         Min:  0.0, Avg:  0.0, Max:  0.0, Diff:  0.0, Sum:  0.0, Workers: 4
[5988.802s][debug][gc,phases      ] GC(161)     Dead                           Min: 0, Avg:  0.0, Max: 0, Diff: 0, Sum: 0, Workers: 4
[5988.802s][debug][gc,phases      ] GC(161)     Total                          Min: 0, Avg:  0.0, Max: 0, Diff: 0, Sum: 0, Workers: 4
[5988.802s][debug][gc,phases      ] GC(161)   StringDedup Requests0 Weak     Min:  0.0, Avg:  0.0, Max:  0.0, Diff:  0.0, Sum:  0.0, Workers: 4
[5988.802s][debug][gc,phases      ] GC(161)     Dead                           Min: 0, Avg:  0.0, Max: 0, Diff: 0, Sum: 0, Workers: 4
[5988.802s][debug][gc,phases      ] GC(161)     Total                          Min: 0, Avg:  0.0, Max: 0, Diff: 0, Sum: 0, Workers: 4
[5988.802s][debug][gc,phases      ] GC(161)   StringDedup Requests1 Weak     Min:  0.0, Avg:  0.0, Max:  0.0, Diff:  0.0, Sum:  0.0, Workers: 4
[5988.802s][debug][gc,phases      ] GC(161)     Dead                           Min: 0, Avg:  0.0, Max: 0, Diff: 0, Sum: 0, Workers: 4
[5988.802s][debug][gc,phases      ] GC(161)     Total                          Min: 0, Avg:  0.0, Max: 0, Diff: 0, Sum: 0, Workers: 4
[5988.802s][debug][gc,phases      ] GC(161)   Weak JFR Old Object Samples    Min:  0.0, Avg:  0.0, Max:  0.0, Diff:  0.0, Sum:  0.0, Workers: 4
[5988.802s][debug][gc,phases      ] GC(161)     Dead                           Min: 0, Avg:  0.0, Max: 0, Diff: 0, Sum: 0, Workers: 4
[5988.802s][debug][gc,phases      ] GC(161)     Total                          Min: 0, Avg:  0.0, Max: 0, Diff: 0, Sum: 0, Workers: 4
[5988.802s][debug][gc,phases      ] GC(161) Weak Processing 0.452ms
[5988.802s][debug][gc,age         ] GC(161) Desired survivor size 212336640 bytes, new threshold 15 (max threshold 15)
[5988.802s][info ][gc,heap        ] GC(161) PSYoungGen: 1690337K(1873920K)->38929K(1889792K) Eden: 1654784K(1654784K)->0K(1675776K) From: 35553K(219136K)->38929K(214016K)
[5988.802s][info ][gc,heap        ] GC(161) ParOldGen: 413397K(538112K)->413397K(538112K)
[5988.802s][info ][gc,metaspace   ] GC(161) Metaspace: 99023K(100608K)->99023K(100608K) NonClass: 84793K(85760K)->84793K(85760K) Class: 14230K(14848K)->14230K(14848K)
[5988.802s][info ][gc             ] GC(161) Pause Young (Allocation Failure) 2054M->441M(2371M) 15.523ms
[5988.802s][info ][gc,cpu         ] GC(161) User=0.06s Sys=0.00s Real=0.02s
[5988.802s][info ][safepoint      ] Safepoint "ParallelGCFailedAllocation", Time since last: 1333781150 ns, Reaching safepoint: 21901 ns, Cleanup: 4800 ns, At safepoint: 15611299 ns, Total: 15638000 ns
[5991.802s][info ][safepoint      ] Safepoint "Cleanup", Time since last: 3000229658 ns, Reaching safepoint: 8900 ns, Cleanup: 11300 ns, At safepoint: 2600 ns, Total: 22800 ns
[5993.803s][info ][safepoint      ] Safepoint "Cleanup", Time since last: 2000179806 ns, Reaching safepoint: 8400 ns, Cleanup: 8701 ns, At safepoint: 2400 ns, Total: 19501 ns
[5994.803s][info ][safepoint      ] Safepoint "Cleanup", Time since last: 1000111915 ns, Reaching safepoint: 8700 ns, Cleanup: 10601 ns, At safepoint: 2700 ns, Total: 22001 ns
[5996.803s][info ][safepoint      ] Safepoint "Cleanup", Time since last: 2000162184 ns, Reaching safepoint: 8800 ns, Cleanup: 12201 ns, At safepoint: 2700 ns, Total: 23701 ns
[6000.803s][info ][safepoint      ] Safepoint "Cleanup", Time since last: 4000321200 ns, Reaching safepoint: 8500 ns, Cleanup: 10300 ns, At safepoint: 2400 ns, Total: 21200 ns
[6002.737s][info ][safepoint      ] Safepoint "Cleanup", Time since last: 1933755465 ns, Reaching safepoint: 80203 ns, Cleanup: 31601 ns, At safepoint: 6101 ns, Total: 117905 ns
[6003.737s][info ][safepoint      ] Safepoint "Cleanup", Time since last: 1000117481 ns, Reaching safepoint: 82703 ns, Cleanup: 25901 ns, At safepoint: 6300 ns, Total: 114904 ns
[6004.738s][info ][safepoint      ] Safepoint "Cleanup", Time since last: 1000129906 ns, Reaching safepoint: 87203 ns, Cleanup: 10600 ns, At safepoint: 7201 ns, Total: 105004 ns
[6006.738s][info ][safepoint      ] Safepoint "Cleanup", Time since last: 2000212509 ns, Reaching safepoint: 85603 ns, Cleanup: 9001 ns, At safepoint: 7100 ns, Total: 101704 ns
[6012.581s][info ][gc,start       ] GC(162) Pause Young (Allocation Failure)
[6012.600s][debug][gc,phases      ] GC(162) Scavenge 19.077ms
[6012.600s][debug][gc,ref         ] GC(162) ReferenceProcessor::execute queues: 1, RefProcThreadModel::Single, marks_oops_alive: false
[6012.600s][debug][gc,ref         ] GC(162) Skipped KeepAliveFinalRefsPhase of Reference Processing: no references
[6012.600s][debug][gc,ref         ] GC(162) ReferenceProcessor::execute queues: 1, RefProcThreadModel::Single, marks_oops_alive: false
[6012.600s][debug][gc,phases      ] GC(162) Reference Processing 0.147ms
[6012.601s][debug][gc,phases      ] GC(162)   VM Weak                        Min:  0.0, Avg:  0.0, Max:  0.0, Diff:  0.0, Sum:  0.0, Workers: 4
[6012.601s][debug][gc,phases      ] GC(162)     Dead                           Min: 0, Avg:  0.0, Max: 0, Diff: 0, Sum: 0, Workers: 4
[6012.601s][debug][gc,phases      ] GC(162)     Total                          Min: 0, Avg: 214.2, Max: 512, Diff: 512, Sum: 857, Workers: 4
[6012.601s][debug][gc,phases      ] GC(162)   ObjectSynchronizer Weak        Min:  0.0, Avg:  0.0, Max:  0.0, Diff:  0.0, Sum:  0.0, Workers: 4
[6012.601s][debug][gc,phases      ] GC(162)     Dead                           Min: 0, Avg:  0.0, Max: 0, Diff: 0, Sum: 0, Workers: 4
[6012.601s][debug][gc,phases      ] GC(162)     Total                          Min: 0, Avg:  1.0, Max: 4, Diff: 4, Sum: 4, Workers: 4
[6012.601s][debug][gc,phases      ] GC(162)   JVMTI Tag Weak OopStorage      Min:  0.0, Avg:  0.0, Max:  0.0, Diff:  0.0, Sum:  0.0, Workers: 4
[6012.601s][debug][gc,phases      ] GC(162)     Dead                           Min: 0, Avg:  0.0, Max: 0, Diff: 0, Sum: 0, Workers: 4
[6012.601s][debug][gc,phases      ] GC(162)     Total                          Min: 0, Avg:  0.0, Max: 0, Diff: 0, Sum: 0, Workers: 4
[6012.601s][debug][gc,phases      ] GC(162)   StringTable Weak               Min:  0.0, Avg:  0.1, Max:  0.2, Diff:  0.2, Sum:  0.5, Workers: 4
[6012.601s][debug][gc,phases      ] GC(162)     Dead                           Min: 0, Avg:  0.5, Max: 2, Diff: 2, Sum: 2, Workers: 4
[6012.601s][debug][gc,phases      ] GC(162)     Total                          Min: 0, Avg: 12394.8, Max: 16941, Diff: 16941, Sum: 49579, Workers: 4
[6012.601s][debug][gc,phases      ] GC(162)   ResolvedMethodTable Weak       Min:  0.0, Avg:  0.0, Max:  0.0, Diff:  0.0, Sum:  0.1, Workers: 4
[6012.601s][debug][gc,phases      ] GC(162)     Dead                           Min: 0, Avg:  0.5, Max: 2, Diff: 2, Sum: 2, Workers: 4
[6012.601s][debug][gc,phases      ] GC(162)     Total                          Min: 0, Avg: 3529.5, Max: 5693, Diff: 5693, Sum: 14118, Workers: 4
[6012.601s][debug][gc,phases      ] GC(162)   JNI Weak                       Min:  0.0, Avg:  0.0, Max:  0.0, Diff:  0.0, Sum:  0.0, Workers: 4
[6012.601s][debug][gc,phases      ] GC(162)     Dead                           Min: 0, Avg:  0.0, Max: 0, Diff: 0, Sum: 0, Workers: 4
[6012.601s][debug][gc,phases      ] GC(162)     Total                          Min: 0, Avg: 12.0, Max: 48, Diff: 48, Sum: 48, Workers: 4
[6012.601s][debug][gc,phases      ] GC(162)   StringDedup Table Weak         Min:  0.0, Avg:  0.0, Max:  0.0, Diff:  0.0, Sum:  0.0, Workers: 4
[6012.601s][debug][gc,phases      ] GC(162)     Dead                           Min: 0, Avg:  0.0, Max: 0, Diff: 0, Sum: 0, Workers: 4
[6012.601s][debug][gc,phases      ] GC(162)     Total                          Min: 0, Avg:  0.0, Max: 0, Diff: 0, Sum: 0, Workers: 4
[6012.601s][debug][gc,phases      ] GC(162)   StringDedup Requests0 Weak     Min:  0.0, Avg:  0.0, Max:  0.0, Diff:  0.0, Sum:  0.0, Workers: 4
[6012.601s][debug][gc,phases      ] GC(162)     Dead                           Min: 0, Avg:  0.0, Max: 0, Diff: 0, Sum: 0, Workers: 4
[6012.601s][debug][gc,phases      ] GC(162)     Total                          Min: 0, Avg:  0.0, Max: 0, Diff: 0, Sum: 0, Workers: 4
[6012.601s][debug][gc,phases      ] GC(162)   StringDedup Requests1 Weak     Min:  0.0, Avg:  0.0, Max:  0.0, Diff:  0.0, Sum:  0.0, Workers: 4
[6012.601s][debug][gc,phases      ] GC(162)     Dead                           Min: 0, Avg:  0.0, Max: 0, Diff: 0, Sum: 0, Workers: 4
[6012.601s][debug][gc,phases      ] GC(162)     Total                          Min: 0, Avg:  0.0, Max: 0, Diff: 0, Sum: 0, Workers: 4
[6012.601s][debug][gc,phases      ] GC(162)   Weak JFR Old Object Samples    Min:  0.0, Avg:  0.0, Max:  0.0, Diff:  0.0, Sum:  0.0, Workers: 4
[6012.601s][debug][gc,phases      ] GC(162)     Dead                           Min: 0, Avg:  0.0, Max: 0, Diff: 0, Sum: 0, Workers: 4
[6012.601s][debug][gc,phases      ] GC(162)     Total                          Min: 0, Avg:  0.0, Max: 0, Diff: 0, Sum: 0, Workers: 4
[6012.601s][debug][gc,phases      ] GC(162) Weak Processing 0.443ms
[6012.601s][debug][gc,age         ] GC(162) Desired survivor size 202375168 bytes, new threshold 15 (max threshold 15)
[6012.601s][info ][gc,heap        ] GC(162) PSYoungGen: 1714705K(1889792K)->52557K(1883136K) Eden: 1675776K(1675776K)->0K(1675776K) From: 38929K(214016K)->52557K(207360K)
[6012.601s][info ][gc,heap        ] GC(162) ParOldGen: 413397K(538112K)->413397K(538112K)
[6012.601s][info ][gc,metaspace   ] GC(162) Metaspace: 99079K(100608K)->99079K(100608K) NonClass: 84840K(85760K)->84840K(85760K) Class: 14238K(14848K)->14238K(14848K)
[6012.601s][info ][gc             ] GC(162) Pause Young (Allocation Failure) 2078M->455M(2364M) 19.824ms
[6012.601s][info ][gc,cpu         ] GC(162) User=0.07s Sys=0.00s Real=0.02s
[6012.601s][info ][safepoint      ] Safepoint "ParallelGCFailedAllocation", Time since last: 5842960913 ns, Reaching safepoint: 87003 ns, Cleanup: 11401 ns, At safepoint: 19911874 ns, Total: 20010278 ns
[6013.601s][info ][safepoint      ] Safepoint "Cleanup", Time since last: 1000043359 ns, Reaching safepoint: 9100 ns, Cleanup: 11300 ns, At safepoint: 2600 ns, Total: 23000 ns
[6025.602s][info ][safepoint      ] Safepoint "Cleanup", Time since last: 12000830899 ns, Reaching safepoint: 8500 ns, Cleanup: 10201 ns, At safepoint: 3100 ns, Total: 21801 ns
[6028.019s][info ][gc,start       ] GC(163) Pause Young (Allocation Failure)
[6028.047s][debug][gc,phases      ] GC(163) Scavenge 27.410ms
[6028.047s][debug][gc,ref         ] GC(163) ReferenceProcessor::execute queues: 1, RefProcThreadModel::Single, marks_oops_alive: false
[6028.047s][debug][gc,ref         ] GC(163) Skipped KeepAliveFinalRefsPhase of Reference Processing: no references
[6028.047s][debug][gc,ref         ] GC(163) ReferenceProcessor::execute queues: 1, RefProcThreadModel::Single, marks_oops_alive: false
[6028.047s][debug][gc,phases      ] GC(163) Reference Processing 0.151ms
[6028.047s][debug][gc,phases      ] GC(163)   VM Weak                        Min:  0.0, Avg:  0.0, Max:  0.0, Diff:  0.0, Sum:  0.0, Workers: 4
[6028.047s][debug][gc,phases      ] GC(163)     Dead                           Min: 0, Avg:  0.0, Max: 0, Diff: 0, Sum: 0, Workers: 4
[6028.047s][debug][gc,phases      ] GC(163)     Total                          Min: 0, Avg: 214.2, Max: 468, Diff: 468, Sum: 857, Workers: 4
[6028.047s][debug][gc,phases      ] GC(163)   ObjectSynchronizer Weak        Min:  0.0, Avg:  0.0, Max:  0.0, Diff:  0.0, Sum:  0.0, Workers: 4
[6028.047s][debug][gc,phases      ] GC(163)     Dead                           Min: 0, Avg:  0.0, Max: 0, Diff: 0, Sum: 0, Workers: 4
[6028.047s][debug][gc,phases      ] GC(163)     Total                          Min: 0, Avg:  1.0, Max: 4, Diff: 4, Sum: 4, Workers: 4
[6028.047s][debug][gc,phases      ] GC(163)   JVMTI Tag Weak OopStorage      Min:  0.0, Avg:  0.0, Max:  0.0, Diff:  0.0, Sum:  0.0, Workers: 4
[6028.047s][debug][gc,phases      ] GC(163)     Dead                           Min: 0, Avg:  0.0, Max: 0, Diff: 0, Sum: 0, Workers: 4
[6028.047s][debug][gc,phases      ] GC(163)     Total                          Min: 0, Avg:  0.0, Max: 0, Diff: 0, Sum: 0, Workers: 4
[6028.047s][debug][gc,phases      ] GC(163)   StringTable Weak               Min:  0.0, Avg:  0.1, Max:  0.2, Diff:  0.2, Sum:  0.5, Workers: 4
[6028.047s][debug][gc,phases      ] GC(163)     Dead                           Min: 0, Avg:  0.0, Max: 0, Diff: 0, Sum: 0, Workers: 4
[6028.047s][debug][gc,phases      ] GC(163)     Total                          Min: 0, Avg: 12394.8, Max: 16959, Diff: 16959, Sum: 49579, Workers: 4
[6028.047s][debug][gc,phases      ] GC(163)   ResolvedMethodTable Weak       Min:  0.0, Avg:  0.0, Max:  0.0, Diff:  0.0, Sum:  0.1, Workers: 4
[6028.047s][debug][gc,phases      ] GC(163)     Dead                           Min: 0, Avg:  0.0, Max: 0, Diff: 0, Sum: 0, Workers: 4
[6028.047s][debug][gc,phases      ] GC(163)     Total                          Min: 0, Avg: 3529.5, Max: 5181, Diff: 5181, Sum: 14118, Workers: 4
[6028.047s][debug][gc,phases      ] GC(163)   JNI Weak                       Min:  0.0, Avg:  0.0, Max:  0.0, Diff:  0.0, Sum:  0.0, Workers: 4
[6028.047s][debug][gc,phases      ] GC(163)     Dead                           Min: 0, Avg:  0.0, Max: 0, Diff: 0, Sum: 0, Workers: 4
[6028.047s][debug][gc,phases      ] GC(163)     Total                          Min: 0, Avg: 12.0, Max: 48, Diff: 48, Sum: 48, Workers: 4
[6028.047s][debug][gc,phases      ] GC(163)   StringDedup Table Weak         Min:  0.0, Avg:  0.0, Max:  0.0, Diff:  0.0, Sum:  0.0, Workers: 4
[6028.047s][debug][gc,phases      ] GC(163)     Dead                           Min: 0, Avg:  0.0, Max: 0, Diff: 0, Sum: 0, Workers: 4
[6028.047s][debug][gc,phases      ] GC(163)     Total                          Min: 0, Avg:  0.0, Max: 0, Diff: 0, Sum: 0, Workers: 4
[6028.047s][debug][gc,phases      ] GC(163)   StringDedup Requests0 Weak     Min:  0.0, Avg:  0.0, Max:  0.0, Diff:  0.0, Sum:  0.0, Workers: 4
[6028.047s][debug][gc,phases      ] GC(163)     Dead                           Min: 0, Avg:  0.0, Max: 0, Diff: 0, Sum: 0, Workers: 4
[6028.047s][debug][gc,phases      ] GC(163)     Total                          Min: 0, Avg:  0.0, Max: 0, Diff: 0, Sum: 0, Workers: 4
[6028.047s][debug][gc,phases      ] GC(163)   StringDedup Requests1 Weak     Min:  0.0, Avg:  0.0, Max:  0.0, Diff:  0.0, Sum:  0.0, Workers: 4
[6028.047s][debug][gc,phases      ] GC(163)     Dead                           Min: 0, Avg:  0.0, Max: 0, Diff: 0, Sum: 0, Workers: 4
[6028.047s][debug][gc,phases      ] GC(163)     Total                          Min: 0, Avg:  0.0, Max: 0, Diff: 0, Sum: 0, Workers: 4
[6028.047s][debug][gc,phases      ] GC(163)   Weak JFR Old Object Samples    Min:  0.0, Avg:  0.0, Max:  0.0, Diff:  0.0, Sum:  0.0, Workers: 4
[6028.047s][debug][gc,phases      ] GC(163)     Dead                           Min: 0, Avg:  0.0, Max: 0, Diff: 0, Sum: 0, Workers: 4
[6028.047s][debug][gc,phases      ] GC(163)     Total                          Min: 0, Avg:  0.0, Max: 0, Diff: 0, Sum: 0, Workers: 4
[6028.047s][debug][gc,phases      ] GC(163) Weak Processing 0.492ms
[6028.047s][debug][gc,age         ] GC(163) Desired survivor size 189792256 bytes, new threshold 15 (max threshold 15)
[6028.047s][info ][gc,heap        ] GC(163) PSYoungGen: 1728152K(1883136K)->71950K(1911808K) Eden: 1675595K(1675776K)->0K(1714176K) From: 52557K(207360K)->71950K(197632K)
[6028.047s][info ][gc,heap        ] GC(163) ParOldGen: 413397K(538112K)->413397K(538112K)
[6028.047s][info ][gc,metaspace   ] GC(163) Metaspace: 99088K(100608K)->99088K(100608K) NonClass: 84850K(85760K)->84850K(85760K) Class: 14238K(14848K)->14238K(14848K)
[6028.047s][info ][gc             ] GC(163) Pause Young (Allocation Failure) 2091M->473M(2392M) 28.219ms
[6028.047s][info ][gc,cpu         ] GC(163) User=0.09s Sys=0.00s Real=0.04s
[6028.047s][info ][safepoint      ] Safepoint "ParallelGCFailedAllocation", Time since last: 2417193095 ns, Reaching safepoint: 158006 ns, Cleanup: 13300 ns, At safepoint: 28314433 ns, Total: 28485739 ns
[6029.048s][info ][safepoint      ] Safepoint "Cleanup", Time since last: 1000095099 ns, Reaching safepoint: 8401 ns, Cleanup: 11700 ns, At safepoint: 3100 ns, Total: 23201 ns
[6032.048s][info ][safepoint      ] Safepoint "Cleanup", Time since last: 3000248897 ns, Reaching safepoint: 8201 ns, Cleanup: 10200 ns, At safepoint: 2500 ns, Total: 20901 ns
[6033.048s][info ][safepoint      ] Safepoint "Cleanup", Time since last: 1000116601 ns, Reaching safepoint: 7400 ns, Cleanup: 13900 ns, At safepoint: 2700 ns, Total: 24000 ns
[6035.048s][info ][safepoint      ] Safepoint "Cleanup", Time since last: 2000177599 ns, Reaching safepoint: 10900 ns, Cleanup: 13501 ns, At safepoint: 6900 ns, Total: 31301 ns
[6046.841s][info ][gc,start       ] GC(164) Pause Young (Allocation Failure)
[6046.871s][debug][gc,phases      ] GC(164) Scavenge 29.860ms
[6046.871s][debug][gc,ref         ] GC(164) ReferenceProcessor::execute queues: 1, RefProcThreadModel::Single, marks_oops_alive: false
[6046.871s][debug][gc,ref         ] GC(164) Skipped KeepAliveFinalRefsPhase of Reference Processing: no references
[6046.871s][debug][gc,ref         ] GC(164) ReferenceProcessor::execute queues: 1, RefProcThreadModel::Single, marks_oops_alive: false
[6046.871s][debug][gc,phases      ] GC(164) Reference Processing 0.136ms
[6046.872s][debug][gc,phases      ] GC(164)   VM Weak                        Min:  0.0, Avg:  0.0, Max:  0.0, Diff:  0.0, Sum:  0.0, Workers: 4
[6046.872s][debug][gc,phases      ] GC(164)     Dead                           Min: 0, Avg:  0.0, Max: 0, Diff: 0, Sum: 0, Workers: 4
[6046.872s][debug][gc,phases      ] GC(164)     Total                          Min: 0, Avg: 214.2, Max: 678, Diff: 678, Sum: 857, Workers: 4
[6046.872s][debug][gc,phases      ] GC(164)   ObjectSynchronizer Weak        Min:  0.0, Avg:  0.0, Max:  0.0, Diff:  0.0, Sum:  0.0, Workers: 4
[6046.872s][debug][gc,phases      ] GC(164)     Dead                           Min: 0, Avg:  0.0, Max: 0, Diff: 0, Sum: 0, Workers: 4
[6046.872s][debug][gc,phases      ] GC(164)     Total                          Min: 0, Avg:  1.0, Max: 4, Diff: 4, Sum: 4, Workers: 4
[6046.872s][debug][gc,phases      ] GC(164)   JVMTI Tag Weak OopStorage      Min:  0.0, Avg:  0.0, Max:  0.0, Diff:  0.0, Sum:  0.0, Workers: 4
[6046.872s][debug][gc,phases      ] GC(164)     Dead                           Min: 0, Avg:  0.0, Max: 0, Diff: 0, Sum: 0, Workers: 4
[6046.872s][debug][gc,phases      ] GC(164)     Total                          Min: 0, Avg:  0.0, Max: 0, Diff: 0, Sum: 0, Workers: 4
[6046.872s][debug][gc,phases      ] GC(164)   StringTable Weak               Min:  0.0, Avg:  0.1, Max:  0.2, Diff:  0.2, Sum:  0.5, Workers: 4
[6046.872s][debug][gc,phases      ] GC(164)     Dead                           Min: 0, Avg:  0.0, Max: 0, Diff: 0, Sum: 0, Workers: 4
[6046.872s][debug][gc,phases      ] GC(164)     Total                          Min: 0, Avg: 12394.8, Max: 16704, Diff: 16704, Sum: 49579, Workers: 4
[6046.872s][debug][gc,phases      ] GC(164)   ResolvedMethodTable Weak       Min:  0.0, Avg:  0.0, Max:  0.0, Diff:  0.0, Sum:  0.1, Workers: 4
[6046.872s][debug][gc,phases      ] GC(164)     Dead                           Min: 0, Avg:  0.0, Max: 0, Diff: 0, Sum: 0, Workers: 4
[6046.872s][debug][gc,phases      ] GC(164)     Total                          Min: 0, Avg: 3529.5, Max: 4862, Diff: 4862, Sum: 14118, Workers: 4
[6046.872s][debug][gc,phases      ] GC(164)   JNI Weak                       Min:  0.0, Avg:  0.0, Max:  0.0, Diff:  0.0, Sum:  0.0, Workers: 4
[6046.872s][debug][gc,phases      ] GC(164)     Dead                           Min: 0, Avg:  0.0, Max: 0, Diff: 0, Sum: 0, Workers: 4
[6046.872s][debug][gc,phases      ] GC(164)     Total                          Min: 0, Avg: 12.0, Max: 48, Diff: 48, Sum: 48, Workers: 4
[6046.872s][debug][gc,phases      ] GC(164)   StringDedup Table Weak         Min:  0.0, Avg:  0.0, Max:  0.0, Diff:  0.0, Sum:  0.0, Workers: 4
[6046.872s][debug][gc,phases      ] GC(164)     Dead                           Min: 0, Avg:  0.0, Max: 0, Diff: 0, Sum: 0, Workers: 4
[6046.872s][debug][gc,phases      ] GC(164)     Total                          Min: 0, Avg:  0.0, Max: 0, Diff: 0, Sum: 0, Workers: 4
[6046.872s][debug][gc,phases      ] GC(164)   StringDedup Requests0 Weak     Min:  0.0, Avg:  0.0, Max:  0.0, Diff:  0.0, Sum:  0.0, Workers: 4
[6046.872s][debug][gc,phases      ] GC(164)     Dead                           Min: 0, Avg:  0.0, Max: 0, Diff: 0, Sum: 0, Workers: 4
[6046.872s][debug][gc,phases      ] GC(164)     Total                          Min: 0, Avg:  0.0, Max: 0, Diff: 0, Sum: 0, Workers: 4
[6046.872s][debug][gc,phases      ] GC(164)   StringDedup Requests1 Weak     Min:  0.0, Avg:  0.0, Max:  0.0, Diff:  0.0, Sum:  0.0, Workers: 4
[6046.872s][debug][gc,phases      ] GC(164)     Dead                           Min: 0, Avg:  0.0, Max: 0, Diff: 0, Sum: 0, Workers: 4
[6046.872s][debug][gc,phases      ] GC(164)     Total                          Min: 0, Avg:  0.0, Max: 0, Diff: 0, Sum: 0, Workers: 4
[6046.872s][debug][gc,phases      ] GC(164)   Weak JFR Old Object Samples    Min:  0.0, Avg:  0.0, Max:  0.0, Diff:  0.0, Sum:  0.0, Workers: 4
[6046.872s][debug][gc,phases      ] GC(164)     Dead                           Min: 0, Avg:  0.0, Max: 0, Diff: 0, Sum: 0, Workers: 4
[6046.872s][debug][gc,phases      ] GC(164)     Total                          Min: 0, Avg:  0.0, Max: 0, Diff: 0, Sum: 0, Workers: 4
[6046.872s][debug][gc,phases      ] GC(164) Weak Processing 0.550ms
[6046.872s][debug][gc,age         ] GC(164) Desired survivor size 183500800 bytes, new threshold 15 (max threshold 15)
[6046.872s][info ][gc,heap        ] GC(164) PSYoungGen: 1786126K(1911808K)->86561K(1899520K) Eden: 1714176K(1714176K)->0K(1714176K) From: 71950K(197632K)->86561K(185344K)
[6046.872s][info ][gc,heap        ] GC(164) ParOldGen: 413397K(538112K)->413397K(538112K)
[6046.872s][info ][gc,metaspace   ] GC(164) Metaspace: 99090K(100608K)->99090K(100608K) NonClass: 84851K(85760K)->84851K(85760K) Class: 14238K(14848K)->14238K(14848K)
[6046.872s][info ][gc             ] GC(164) Pause Young (Allocation Failure) 2147M->488M(2380M) 30.716ms
[6046.872s][info ][gc,cpu         ] GC(164) User=0.11s Sys=0.00s Real=0.03s
[6046.872s][info ][safepoint      ] Safepoint "ParallelGCFailedAllocation", Time since last: 11792756183 ns, Reaching safepoint: 79004 ns, Cleanup: 4000 ns, At safepoint: 30806512 ns, Total: 30889516 ns
[6055.873s][info ][safepoint      ] Safepoint "Cleanup", Time since last: 9000637866 ns, Reaching safepoint: 78503 ns, Cleanup: 15701 ns, At safepoint: 5600 ns, Total: 99804 ns
[6062.754s][info ][safepoint      ] Safepoint "Cleanup", Time since last: 6881161048 ns, Reaching safepoint: 83403 ns, Cleanup: 26801 ns, At safepoint: 9701 ns, Total: 119905 ns
[6063.754s][info ][safepoint      ] Safepoint "Cleanup", Time since last: 1000128235 ns, Reaching safepoint: 9300 ns, Cleanup: 27301 ns, At safepoint: 2401 ns, Total: 39002 ns
[6064.754s][info ][safepoint      ] Safepoint "Cleanup", Time since last: 1000118135 ns, Reaching safepoint: 8900 ns, Cleanup: 12000 ns, At safepoint: 2500 ns, Total: 23400 ns
[6065.754s][info ][safepoint      ] Safepoint "Cleanup", Time since last: 1000119135 ns, Reaching safepoint: 8901 ns, Cleanup: 10400 ns, At safepoint: 2700 ns, Total: 22001 ns
[6068.205s][info ][safepoint      ] Safepoint "ParallelGCFailedAllocation", Time since last: 2450331830 ns, Reaching safepoint: 85703 ns, Cleanup: 8900 ns, At safepoint: 23201 ns, Total: 117804 ns
[6068.205s][info ][gc,start       ] GC(165) Pause Young (GCLocker Initiated GC)
[6068.237s][debug][gc,phases      ] GC(165) Scavenge 32.407ms
[6068.238s][debug][gc,ref         ] GC(165) ReferenceProcessor::execute queues: 1, RefProcThreadModel::Single, marks_oops_alive: false
[6068.238s][debug][gc,ref         ] GC(165) Skipped KeepAliveFinalRefsPhase of Reference Processing: no references
[6068.238s][debug][gc,ref         ] GC(165) ReferenceProcessor::execute queues: 1, RefProcThreadModel::Single, marks_oops_alive: false
[6068.238s][debug][gc,phases      ] GC(165) Reference Processing 0.123ms
[6068.238s][debug][gc,phases      ] GC(165)   VM Weak                        Min:  0.0, Avg:  0.0, Max:  0.0, Diff:  0.0, Sum:  0.0, Workers: 4
[6068.238s][debug][gc,phases      ] GC(165)     Dead                           Min: 0, Avg:  0.0, Max: 0, Diff: 0, Sum: 0, Workers: 4
[6068.238s][debug][gc,phases      ] GC(165)     Total                          Min: 0, Avg: 214.2, Max: 376, Diff: 376, Sum: 857, Workers: 4
[6068.238s][debug][gc,phases      ] GC(165)   ObjectSynchronizer Weak        Min:  0.0, Avg:  0.0, Max:  0.0, Diff:  0.0, Sum:  0.0, Workers: 4
[6068.238s][debug][gc,phases      ] GC(165)     Dead                           Min: 0, Avg:  0.0, Max: 0, Diff: 0, Sum: 0, Workers: 4
[6068.238s][debug][gc,phases      ] GC(165)     Total                          Min: 0, Avg:  1.0, Max: 4, Diff: 4, Sum: 4, Workers: 4
[6068.238s][debug][gc,phases      ] GC(165)   JVMTI Tag Weak OopStorage      Min:  0.0, Avg:  0.0, Max:  0.0, Diff:  0.0, Sum:  0.0, Workers: 4
[6068.238s][debug][gc,phases      ] GC(165)     Dead                           Min: 0, Avg:  0.0, Max: 0, Diff: 0, Sum: 0, Workers: 4
[6068.238s][debug][gc,phases      ] GC(165)     Total                          Min: 0, Avg:  0.0, Max: 0, Diff: 0, Sum: 0, Workers: 4
[6068.238s][debug][gc,phases      ] GC(165)   StringTable Weak               Min:  0.0, Avg:  0.1, Max:  0.2, Diff:  0.2, Sum:  0.5, Workers: 4
[6068.238s][debug][gc,phases      ] GC(165)     Dead                           Min: 0, Avg:  0.0, Max: 0, Diff: 0, Sum: 0, Workers: 4
[6068.238s][debug][gc,phases      ] GC(165)     Total                          Min: 0, Avg: 12394.8, Max: 17790, Diff: 17790, Sum: 49579, Workers: 4
[6068.238s][debug][gc,phases      ] GC(165)   ResolvedMethodTable Weak       Min:  0.0, Avg:  0.0, Max:  0.0, Diff:  0.0, Sum:  0.1, Workers: 4
[6068.238s][debug][gc,phases      ] GC(165)     Dead                           Min: 0, Avg:  0.0, Max: 0, Diff: 0, Sum: 0, Workers: 4
[6068.238s][debug][gc,phases      ] GC(165)     Total                          Min: 0, Avg: 3529.5, Max: 4990, Diff: 4990, Sum: 14118, Workers: 4
[6068.238s][debug][gc,phases      ] GC(165)   JNI Weak                       Min:  0.0, Avg:  0.0, Max:  0.0, Diff:  0.0, Sum:  0.0, Workers: 4
[6068.238s][debug][gc,phases      ] GC(165)     Dead                           Min: 0, Avg:  0.0, Max: 0, Diff: 0, Sum: 0, Workers: 4
[6068.238s][debug][gc,phases      ] GC(165)     Total                          Min: 0, Avg: 12.0, Max: 48, Diff: 48, Sum: 48, Workers: 4
[6068.238s][debug][gc,phases      ] GC(165)   StringDedup Table Weak         Min:  0.0, Avg:  0.0, Max:  0.0, Diff:  0.0, Sum:  0.0, Workers: 4
[6068.238s][debug][gc,phases      ] GC(165)     Dead                           Min: 0, Avg:  0.0, Max: 0, Diff: 0, Sum: 0, Workers: 4
[6068.238s][debug][gc,phases      ] GC(165)     Total                          Min: 0, Avg:  0.0, Max: 0, Diff: 0, Sum: 0, Workers: 4
[6068.238s][debug][gc,phases      ] GC(165)   StringDedup Requests0 Weak     Min:  0.0, Avg:  0.0, Max:  0.0, Diff:  0.0, Sum:  0.0, Workers: 4
[6068.238s][debug][gc,phases      ] GC(165)     Dead                           Min: 0, Avg:  0.0, Max: 0, Diff: 0, Sum: 0, Workers: 4
[6068.238s][debug][gc,phases      ] GC(165)     Total                          Min: 0, Avg:  0.0, Max: 0, Diff: 0, Sum: 0, Workers: 4
[6068.238s][debug][gc,phases      ] GC(165)   StringDedup Requests1 Weak     Min:  0.0, Avg:  0.0, Max:  0.0, Diff:  0.0, Sum:  0.0, Workers: 4
[6068.238s][debug][gc,phases      ] GC(165)     Dead                           Min: 0, Avg:  0.0, Max: 0, Diff: 0, Sum: 0, Workers: 4
[6068.238s][debug][gc,phases      ] GC(165)     Total                          Min: 0, Avg:  0.0, Max: 0, Diff: 0, Sum: 0, Workers: 4
[6068.238s][debug][gc,phases      ] GC(165)   Weak JFR Old Object Samples    Min:  0.0, Avg:  0.0, Max:  0.0, Diff:  0.0, Sum:  0.0, Workers: 4
[6068.238s][debug][gc,phases      ] GC(165)     Dead                           Min: 0, Avg:  0.0, Max: 0, Diff: 0, Sum: 0, Workers: 4
[6068.238s][debug][gc,phases      ] GC(165)     Total                          Min: 0, Avg:  0.0, Max: 0, Diff: 0, Sum: 0, Workers: 4
[6068.238s][debug][gc,phases      ] GC(165) Weak Processing 0.471ms
[6068.238s][debug][gc,age         ] GC(165) Desired survivor size 181927936 bytes, new threshold 15 (max threshold 15)
[6068.238s][info ][gc,heap        ] GC(165) PSYoungGen: 1800737K(1899520K)->98321K(1919488K) Eden: 1714176K(1714176K)->0K(1740288K) From: 86561K(185344K)->98321K(179200K)
[6068.238s][info ][gc,heap        ] GC(165) ParOldGen: 413653K(538112K)->413653K(538112K)
[6068.238s][info ][gc,metaspace   ] GC(165) Metaspace: 99091K(100608K)->99091K(100608K) NonClass: 84852K(85760K)->84852K(85760K) Class: 14238K(14848K)->14238K(14848K)
[6068.238s][info ][gc             ] GC(165) Pause Young (GCLocker Initiated GC) 2162M->499M(2400M) 33.136ms
[6068.238s][info ][gc,cpu         ] GC(165) User=0.11s Sys=0.00s Real=0.03s
[6068.238s][info ][safepoint      ] Safepoint "ParallelGCSystemGC", Time since last: 75703 ns, Reaching safepoint: 77503 ns, Cleanup: 800 ns, At safepoint: 33224640 ns, Total: 33302943 ns
[6072.239s][info ][safepoint      ] Safepoint "Cleanup", Time since last: 4000271278 ns, Reaching safepoint: 88003 ns, Cleanup: 13201 ns, At safepoint: 8400 ns, Total: 109604 ns
[6083.239s][info ][safepoint      ] Safepoint "Cleanup", Time since last: 11000815672 ns, Reaching safepoint: 80303 ns, Cleanup: 10100 ns, At safepoint: 6401 ns, Total: 96804 ns
[6086.240s][info ][safepoint      ] Safepoint "Cleanup", Time since last: 3000274178 ns, Reaching safepoint: 52701 ns, Cleanup: 11101 ns, At safepoint: 7900 ns, Total: 71702 ns
[6091.240s][info ][safepoint      ] Safepoint "Cleanup", Time since last: 5000410689 ns, Reaching safepoint: 81203 ns, Cleanup: 10601 ns, At safepoint: 6600 ns, Total: 98404 ns
[6093.241s][info ][safepoint      ] Safepoint "Cleanup", Time since last: 2000203695 ns, Reaching safepoint: 86102 ns, Cleanup: 10601 ns, At safepoint: 7600 ns, Total: 104303 ns
[6093.636s][info ][gc,start       ] GC(166) Pause Young (Allocation Failure)
[6093.666s][debug][gc,phases      ] GC(166) Scavenge 30.339ms
[6093.666s][debug][gc,ref         ] GC(166) ReferenceProcessor::execute queues: 1, RefProcThreadModel::Single, marks_oops_alive: false
[6093.666s][debug][gc,ref         ] GC(166) Skipped KeepAliveFinalRefsPhase of Reference Processing: no references
[6093.666s][debug][gc,ref         ] GC(166) ReferenceProcessor::execute queues: 1, RefProcThreadModel::Single, marks_oops_alive: false
[6093.666s][debug][gc,phases      ] GC(166) Reference Processing 0.139ms
[6093.667s][debug][gc,phases      ] GC(166)   VM Weak                        Min:  0.0, Avg:  0.0, Max:  0.0, Diff:  0.0, Sum:  0.0, Workers: 4
[6093.667s][debug][gc,phases      ] GC(166)     Dead                           Min: 0, Avg:  0.0, Max: 0, Diff: 0, Sum: 0, Workers: 4
[6093.667s][debug][gc,phases      ] GC(166)     Total                          Min: 0, Avg: 214.2, Max: 857, Diff: 857, Sum: 857, Workers: 4
[6093.667s][debug][gc,phases      ] GC(166)   ObjectSynchronizer Weak        Min:  0.0, Avg:  0.0, Max:  0.0, Diff:  0.0, Sum:  0.0, Workers: 4
[6093.667s][debug][gc,phases      ] GC(166)     Dead                           Min: 0, Avg:  0.0, Max: 0, Diff: 0, Sum: 0, Workers: 4
[6093.667s][debug][gc,phases      ] GC(166)     Total                          Min: 0, Avg:  1.0, Max: 4, Diff: 4, Sum: 4, Workers: 4
[6093.667s][debug][gc,phases      ] GC(166)   JVMTI Tag Weak OopStorage      Min:  0.0, Avg:  0.0, Max:  0.0, Diff:  0.0, Sum:  0.0, Workers: 4
[6093.667s][debug][gc,phases      ] GC(166)     Dead                           Min: 0, Avg:  0.0, Max: 0, Diff: 0, Sum: 0, Workers: 4
[6093.667s][debug][gc,phases      ] GC(166)     Total                          Min: 0, Avg:  0.0, Max: 0, Diff: 0, Sum: 0, Workers: 4
[6093.667s][debug][gc,phases      ] GC(166)   StringTable Weak               Min:  0.0, Avg:  0.2, Max:  0.3, Diff:  0.3, Sum:  0.8, Workers: 4
[6093.667s][debug][gc,phases      ] GC(166)     Dead                           Min: 0, Avg:  0.0, Max: 0, Diff: 0, Sum: 0, Workers: 4
[6093.667s][debug][gc,phases      ] GC(166)     Total                          Min: 0, Avg: 12394.8, Max: 26412, Diff: 26412, Sum: 49579, Workers: 4
[6093.667s][debug][gc,phases      ] GC(166)   ResolvedMethodTable Weak       Min:  0.0, Avg:  0.0, Max:  0.1, Diff:  0.1, Sum:  0.1, Workers: 4
[6093.667s][debug][gc,phases      ] GC(166)     Dead                           Min: 0, Avg:  0.0, Max: 0, Diff: 0, Sum: 0, Workers: 4
[6093.667s][debug][gc,phases      ] GC(166)     Total                          Min: 0, Avg: 3529.5, Max: 7550, Diff: 7550, Sum: 14118, Workers: 4
[6093.667s][debug][gc,phases      ] GC(166)   JNI Weak                       Min:  0.0, Avg:  0.0, Max:  0.0, Diff:  0.0, Sum:  0.0, Workers: 4
[6093.667s][debug][gc,phases      ] GC(166)     Dead                           Min: 0, Avg:  0.0, Max: 0, Diff: 0, Sum: 0, Workers: 4
[6093.667s][debug][gc,phases      ] GC(166)     Total                          Min: 0, Avg: 12.0, Max: 48, Diff: 48, Sum: 48, Workers: 4
[6093.667s][debug][gc,phases      ] GC(166)   StringDedup Table Weak         Min:  0.0, Avg:  0.0, Max:  0.0, Diff:  0.0, Sum:  0.0, Workers: 4
[6093.667s][debug][gc,phases      ] GC(166)     Dead                           Min: 0, Avg:  0.0, Max: 0, Diff: 0, Sum: 0, Workers: 4
[6093.667s][debug][gc,phases      ] GC(166)     Total                          Min: 0, Avg:  0.0, Max: 0, Diff: 0, Sum: 0, Workers: 4
[6093.667s][debug][gc,phases      ] GC(166)   StringDedup Requests0 Weak     Min:  0.0, Avg:  0.0, Max:  0.0, Diff:  0.0, Sum:  0.0, Workers: 4
[6093.667s][debug][gc,phases      ] GC(166)     Dead                           Min: 0, Avg:  0.0, Max: 0, Diff: 0, Sum: 0, Workers: 4
[6093.667s][debug][gc,phases      ] GC(166)     Total                          Min: 0, Avg:  0.0, Max: 0, Diff: 0, Sum: 0, Workers: 4
[6093.667s][debug][gc,phases      ] GC(166)   StringDedup Requests1 Weak     Min:  0.0, Avg:  0.0, Max:  0.0, Diff:  0.0, Sum:  0.0, Workers: 4
[6093.667s][debug][gc,phases      ] GC(166)     Dead                           Min: 0, Avg:  0.0, Max: 0, Diff: 0, Sum: 0, Workers: 4
[6093.667s][debug][gc,phases      ] GC(166)     Total                          Min: 0, Avg:  0.0, Max: 0, Diff: 0, Sum: 0, Workers: 4
[6093.667s][debug][gc,phases      ] GC(166)   Weak JFR Old Object Samples    Min:  0.0, Avg:  0.0, Max:  0.0, Diff:  0.0, Sum:  0.0, Workers: 4
[6093.667s][debug][gc,phases      ] GC(166)     Dead                           Min: 0, Avg:  0.0, Max: 0, Diff: 0, Sum: 0, Workers: 4
[6093.667s][debug][gc,phases      ] GC(166)     Total                          Min: 0, Avg:  0.0, Max: 0, Diff: 0, Sum: 0, Workers: 4
[6093.667s][debug][gc,phases      ] GC(166) Weak Processing 0.584ms
[6093.667s][debug][gc,age         ] GC(166) Desired survivor size 181403648 bytes, new threshold 15 (max threshold 15)
[6093.667s][info ][gc,heap        ] GC(166) PSYoungGen: 1838609K(1919488K)->102465K(1917952K) Eden: 1740288K(1740288K)->0K(1740288K) From: 98321K(179200K)->102465K(177664K)
[6093.667s][info ][gc,heap        ] GC(166) ParOldGen: 414423K(538112K)->414423K(538112K)
[6093.667s][info ][gc,metaspace   ] GC(166) Metaspace: 99098K(100608K)->99098K(100608K) NonClass: 84859K(85760K)->84859K(85760K) Class: 14238K(14848K)->14238K(14848K)
[6093.667s][info ][gc             ] GC(166) Pause Young (Allocation Failure) 2200M->504M(2398M) 31.215ms
[6093.667s][info ][gc,cpu         ] GC(166) User=0.11s Sys=0.00s Real=0.03s
[6093.667s][info ][safepoint      ] Safepoint "ParallelGCFailedAllocation", Time since last: 395025548 ns, Reaching safepoint: 89803 ns, Cleanup: 3600 ns, At safepoint: 31302395 ns, Total: 31395798 ns
[6099.667s][info ][safepoint      ] Safepoint "Cleanup", Time since last: 6000396195 ns, Reaching safepoint: 8500 ns, Cleanup: 10501 ns, At safepoint: 2100 ns, Total: 21101 ns
[6107.668s][info ][safepoint      ] Safepoint "Cleanup", Time since last: 8000601387 ns, Reaching safepoint: 8500 ns, Cleanup: 10901 ns, At safepoint: 2600 ns, Total: 22001 ns
[6113.669s][info ][safepoint      ] Safepoint "Cleanup", Time since last: 6000460803 ns, Reaching safepoint: 12301 ns, Cleanup: 12500 ns, At safepoint: 3301 ns, Total: 28102 ns
[6114.669s][info ][safepoint      ] Safepoint "Cleanup", Time since last: 1000112668 ns, Reaching safepoint: 11401 ns, Cleanup: 13400 ns, At safepoint: 3800 ns, Total: 28601 ns
[6115.669s][info ][safepoint      ] Safepoint "Cleanup", Time since last: 1000117144 ns, Reaching safepoint: 11401 ns, Cleanup: 11700 ns, At safepoint: 3200 ns, Total: 26301 ns
[6118.337s][info ][gc,start       ] GC(167) Pause Young (Allocation Failure)
[6118.372s][debug][gc,phases      ] GC(167) Scavenge 34.338ms
[6118.372s][debug][gc,ref         ] GC(167) ReferenceProcessor::execute queues: 1, RefProcThreadModel::Single, marks_oops_alive: false
[6118.372s][debug][gc,ref         ] GC(167) Skipped KeepAliveFinalRefsPhase of Reference Processing: no references
[6118.372s][debug][gc,ref         ] GC(167) ReferenceProcessor::execute queues: 1, RefProcThreadModel::Single, marks_oops_alive: false
[6118.372s][debug][gc,phases      ] GC(167) Reference Processing 0.152ms
[6118.372s][debug][gc,phases      ] GC(167)   VM Weak                        Min:  0.0, Avg:  0.0, Max:  0.0, Diff:  0.0, Sum:  0.0, Workers: 4
[6118.372s][debug][gc,phases      ] GC(167)     Dead                           Min: 0, Avg:  0.0, Max: 0, Diff: 0, Sum: 0, Workers: 4
[6118.372s][debug][gc,phases      ] GC(167)     Total                          Min: 0, Avg: 214.2, Max: 678, Diff: 678, Sum: 857, Workers: 4
[6118.372s][debug][gc,phases      ] GC(167)   ObjectSynchronizer Weak        Min:  0.0, Avg:  0.0, Max:  0.0, Diff:  0.0, Sum:  0.0, Workers: 4
[6118.372s][debug][gc,phases      ] GC(167)     Dead                           Min: 0, Avg:  0.0, Max: 0, Diff: 0, Sum: 0, Workers: 4
[6118.372s][debug][gc,phases      ] GC(167)     Total                          Min: 0, Avg:  1.0, Max: 4, Diff: 4, Sum: 4, Workers: 4
[6118.372s][debug][gc,phases      ] GC(167)   JVMTI Tag Weak OopStorage      Min:  0.0, Avg:  0.0, Max:  0.0, Diff:  0.0, Sum:  0.0, Workers: 4
[6118.372s][debug][gc,phases      ] GC(167)     Dead                           Min: 0, Avg:  0.0, Max: 0, Diff: 0, Sum: 0, Workers: 4
[6118.372s][debug][gc,phases      ] GC(167)     Total                          Min: 0, Avg:  0.0, Max: 0, Diff: 0, Sum: 0, Workers: 4
[6118.372s][debug][gc,phases      ] GC(167)   StringTable Weak               Min:  0.0, Avg:  0.1, Max:  0.2, Diff:  0.2, Sum:  0.5, Workers: 4
[6118.372s][debug][gc,phases      ] GC(167)     Dead                           Min: 0, Avg:  0.0, Max: 0, Diff: 0, Sum: 0, Workers: 4
[6118.372s][debug][gc,phases      ] GC(167)     Total                          Min: 0, Avg: 12394.8, Max: 17278, Diff: 17278, Sum: 49579, Workers: 4
[6118.372s][debug][gc,phases      ] GC(167)   ResolvedMethodTable Weak       Min:  0.0, Avg:  0.0, Max:  0.0, Diff:  0.0, Sum:  0.1, Workers: 4
[6118.372s][debug][gc,phases      ] GC(167)     Dead                           Min: 0, Avg:  0.0, Max: 0, Diff: 0, Sum: 0, Workers: 4
[6118.372s][debug][gc,phases      ] GC(167)     Total                          Min: 0, Avg: 3529.5, Max: 4776, Diff: 4776, Sum: 14118, Workers: 4
[6118.372s][debug][gc,phases      ] GC(167)   JNI Weak                       Min:  0.0, Avg:  0.0, Max:  0.0, Diff:  0.0, Sum:  0.0, Workers: 4
[6118.372s][debug][gc,phases      ] GC(167)     Dead                           Min: 0, Avg:  0.0, Max: 0, Diff: 0, Sum: 0, Workers: 4
[6118.372s][debug][gc,phases      ] GC(167)     Total                          Min: 0, Avg: 12.0, Max: 48, Diff: 48, Sum: 48, Workers: 4
[6118.372s][debug][gc,phases      ] GC(167)   StringDedup Table Weak         Min:  0.0, Avg:  0.0, Max:  0.0, Diff:  0.0, Sum:  0.0, Workers: 4
[6118.372s][debug][gc,phases      ] GC(167)     Dead                           Min: 0, Avg:  0.0, Max: 0, Diff: 0, Sum: 0, Workers: 4
[6118.372s][debug][gc,phases      ] GC(167)     Total                          Min: 0, Avg:  0.0, Max: 0, Diff: 0, Sum: 0, Workers: 4
[6118.372s][debug][gc,phases      ] GC(167)   StringDedup Requests0 Weak     Min:  0.0, Avg:  0.0, Max:  0.0, Diff:  0.0, Sum:  0.0, Workers: 4
[6118.372s][debug][gc,phases      ] GC(167)     Dead                           Min: 0, Avg:  0.0, Max: 0, Diff: 0, Sum: 0, Workers: 4
[6118.372s][debug][gc,phases      ] GC(167)     Total                          Min: 0, Avg:  0.0, Max: 0, Diff: 0, Sum: 0, Workers: 4
[6118.372s][debug][gc,phases      ] GC(167)   StringDedup Requests1 Weak     Min:  0.0, Avg:  0.0, Max:  0.0, Diff:  0.0, Sum:  0.0, Workers: 4
[6118.372s][debug][gc,phases      ] GC(167)     Dead                           Min: 0, Avg:  0.0, Max: 0, Diff: 0, Sum: 0, Workers: 4
[6118.372s][debug][gc,phases      ] GC(167)     Total                          Min: 0, Avg:  0.0, Max: 0, Diff: 0, Sum: 0, Workers: 4
[6118.372s][debug][gc,phases      ] GC(167)   Weak JFR Old Object Samples    Min:  0.0, Avg:  0.0, Max:  0.0, Diff:  0.0, Sum:  0.0, Workers: 4
[6118.372s][debug][gc,phases      ] GC(167)     Dead                           Min: 0, Avg:  0.0, Max: 0, Diff: 0, Sum: 0, Workers: 4
[6118.372s][debug][gc,phases      ] GC(167)     Total                          Min: 0, Avg:  0.0, Max: 0, Diff: 0, Sum: 0, Workers: 4
[6118.372s][debug][gc,phases      ] GC(167) Weak Processing 0.458ms
[6118.372s][debug][gc,age         ] GC(167) Desired survivor size 182976512 bytes, new threshold 15 (max threshold 15)
[6118.372s][info ][gc,heap        ] GC(167) PSYoungGen: 1842753K(1917952K)->109202K(1916928K) Eden: 1740288K(1740288K)->0K(1739776K) From: 102465K(177664K)->109202K(177152K)
[6118.372s][info ][gc,heap        ] GC(167) ParOldGen: 414423K(538112K)->414423K(538112K)
[6118.372s][info ][gc,metaspace   ] GC(167) Metaspace: 99103K(100608K)->99103K(100608K) NonClass: 84864K(85760K)->84864K(85760K) Class: 14238K(14848K)->14238K(14848K)
[6118.372s][info ][gc             ] GC(167) Pause Young (Allocation Failure) 2204M->511M(2397M) 35.102ms
[6118.372s][info ][gc,cpu         ] GC(167) User=0.13s Sys=0.00s Real=0.04s
[6118.372s][info ][safepoint      ] Safepoint "ParallelGCFailedAllocation", Time since last: 2668229606 ns, Reaching safepoint: 121204 ns, Cleanup: 3800 ns, At safepoint: 35190882 ns, Total: 35315886 ns
[6119.373s][info ][safepoint      ] Safepoint "Cleanup", Time since last: 1000093435 ns, Reaching safepoint: 9600 ns, Cleanup: 14500 ns, At safepoint: 7201 ns, Total: 31301 ns
[6121.373s][info ][safepoint      ] Safepoint "Cleanup", Time since last: 2000183568 ns, Reaching safepoint: 7900 ns, Cleanup: 14101 ns, At safepoint: 3200 ns, Total: 25201 ns
[6130.771s][info ][safepoint      ] Safepoint "Cleanup", Time since last: 9397721712 ns, Reaching safepoint: 9100 ns, Cleanup: 21101 ns, At safepoint: 2700 ns, Total: 32901 ns
[6134.771s][info ][safepoint      ] Safepoint "Cleanup", Time since last: 4000329008 ns, Reaching safepoint: 8600 ns, Cleanup: 20901 ns, At safepoint: 2500 ns, Total: 32001 ns
[6135.771s][info ][safepoint      ] Safepoint "Cleanup", Time since last: 1000087598 ns, Reaching safepoint: 9101 ns, Cleanup: 13600 ns, At safepoint: 2800 ns, Total: 25501 ns
[6139.771s][info ][safepoint      ] Safepoint "Cleanup", Time since last: 4000326972 ns, Reaching safepoint: 9400 ns, Cleanup: 12401 ns, At safepoint: 3600 ns, Total: 25401 ns
[6141.772s][info ][safepoint      ] Safepoint "Cleanup", Time since last: 2000213104 ns, Reaching safepoint: 9101 ns, Cleanup: 12900 ns, At safepoint: 3000 ns, Total: 25001 ns
[6142.772s][info ][safepoint      ] Safepoint "Cleanup", Time since last: 1000068201 ns, Reaching safepoint: 8300 ns, Cleanup: 11901 ns, At safepoint: 2600 ns, Total: 22801 ns
[6143.036s][info ][gc,start       ] GC(168) Pause Young (Allocation Failure)
[6143.072s][debug][gc,phases      ] GC(168) Scavenge 35.615ms
[6143.072s][debug][gc,ref         ] GC(168) ReferenceProcessor::execute queues: 1, RefProcThreadModel::Single, marks_oops_alive: false
[6143.072s][debug][gc,ref         ] GC(168) Skipped KeepAliveFinalRefsPhase of Reference Processing: no references
[6143.072s][debug][gc,ref         ] GC(168) ReferenceProcessor::execute queues: 1, RefProcThreadModel::Single, marks_oops_alive: false
[6143.072s][debug][gc,phases      ] GC(168) Reference Processing 0.130ms
[6143.072s][debug][gc,phases      ] GC(168)   VM Weak                        Min:  0.0, Avg:  0.0, Max:  0.0, Diff:  0.0, Sum:  0.0, Workers: 4
[6143.072s][debug][gc,phases      ] GC(168)     Dead                           Min: 0, Avg:  0.0, Max: 0, Diff: 0, Sum: 0, Workers: 4
[6143.072s][debug][gc,phases      ] GC(168)     Total                          Min: 0, Avg: 214.2, Max: 386, Diff: 386, Sum: 857, Workers: 4
[6143.072s][debug][gc,phases      ] GC(168)   ObjectSynchronizer Weak        Min:  0.0, Avg:  0.0, Max:  0.0, Diff:  0.0, Sum:  0.0, Workers: 4
[6143.072s][debug][gc,phases      ] GC(168)     Dead                           Min: 0, Avg:  0.0, Max: 0, Diff: 0, Sum: 0, Workers: 4
[6143.072s][debug][gc,phases      ] GC(168)     Total                          Min: 0, Avg:  1.0, Max: 4, Diff: 4, Sum: 4, Workers: 4
[6143.072s][debug][gc,phases      ] GC(168)   JVMTI Tag Weak OopStorage      Min:  0.0, Avg:  0.0, Max:  0.0, Diff:  0.0, Sum:  0.0, Workers: 4
[6143.072s][debug][gc,phases      ] GC(168)     Dead                           Min: 0, Avg:  0.0, Max: 0, Diff: 0, Sum: 0, Workers: 4
[6143.072s][debug][gc,phases      ] GC(168)     Total                          Min: 0, Avg:  0.0, Max: 0, Diff: 0, Sum: 0, Workers: 4
[6143.072s][debug][gc,phases      ] GC(168)   StringTable Weak               Min:  0.0, Avg:  0.1, Max:  0.2, Diff:  0.2, Sum:  0.5, Workers: 4
[6143.072s][debug][gc,phases      ] GC(168)     Dead                           Min: 0, Avg:  0.0, Max: 0, Diff: 0, Sum: 0, Workers: 4
[6143.072s][debug][gc,phases      ] GC(168)     Total                          Min: 0, Avg: 12394.8, Max: 18879, Diff: 18879, Sum: 49579, Workers: 4
[6143.072s][debug][gc,phases      ] GC(168)   ResolvedMethodTable Weak       Min:  0.0, Avg:  0.0, Max:  0.1, Diff:  0.1, Sum:  0.2, Workers: 4
[6143.072s][debug][gc,phases      ] GC(168)     Dead                           Min: 0, Avg:  0.0, Max: 0, Diff: 0, Sum: 0, Workers: 4
[6143.072s][debug][gc,phases      ] GC(168)     Total                          Min: 0, Avg: 3529.5, Max: 4991, Diff: 4991, Sum: 14118, Workers: 4
[6143.072s][debug][gc,phases      ] GC(168)   JNI Weak                       Min:  0.0, Avg:  0.0, Max:  0.0, Diff:  0.0, Sum:  0.0, Workers: 4
[6143.072s][debug][gc,phases      ] GC(168)     Dead                           Min: 0, Avg:  0.0, Max: 0, Diff: 0, Sum: 0, Workers: 4
[6143.072s][debug][gc,phases      ] GC(168)     Total                          Min: 0, Avg: 12.0, Max: 48, Diff: 48, Sum: 48, Workers: 4
[6143.072s][debug][gc,phases      ] GC(168)   StringDedup Table Weak         Min:  0.0, Avg:  0.0, Max:  0.0, Diff:  0.0, Sum:  0.0, Workers: 4
[6143.072s][debug][gc,phases      ] GC(168)     Dead                           Min: 0, Avg:  0.0, Max: 0, Diff: 0, Sum: 0, Workers: 4
[6143.072s][debug][gc,phases      ] GC(168)     Total                          Min: 0, Avg:  0.0, Max: 0, Diff: 0, Sum: 0, Workers: 4
[6143.072s][debug][gc,phases      ] GC(168)   StringDedup Requests0 Weak     Min:  0.0, Avg:  0.0, Max:  0.0, Diff:  0.0, Sum:  0.0, Workers: 4
[6143.072s][debug][gc,phases      ] GC(168)     Dead                           Min: 0, Avg:  0.0, Max: 0, Diff: 0, Sum: 0, Workers: 4
[6143.072s][debug][gc,phases      ] GC(168)     Total                          Min: 0, Avg:  0.0, Max: 0, Diff: 0, Sum: 0, Workers: 4
[6143.072s][debug][gc,phases      ] GC(168)   StringDedup Requests1 Weak     Min:  0.0, Avg:  0.0, Max:  0.0, Diff:  0.0, Sum:  0.0, Workers: 4
[6143.072s][debug][gc,phases      ] GC(168)     Dead                           Min: 0, Avg:  0.0, Max: 0, Diff: 0, Sum: 0, Workers: 4
[6143.072s][debug][gc,phases      ] GC(168)     Total                          Min: 0, Avg:  0.0, Max: 0, Diff: 0, Sum: 0, Workers: 4
[6143.072s][debug][gc,phases      ] GC(168)   Weak JFR Old Object Samples    Min:  0.0, Avg:  0.0, Max:  0.0, Diff:  0.0, Sum:  0.0, Workers: 4
[6143.072s][debug][gc,phases      ] GC(168)     Dead                           Min: 0, Avg:  0.0, Max: 0, Diff: 0, Sum: 0, Workers: 4
[6143.072s][debug][gc,phases      ] GC(168)     Total                          Min: 0, Avg:  0.0, Max: 0, Diff: 0, Sum: 0, Workers: 4
[6143.072s][debug][gc,phases      ] GC(168) Weak Processing 0.484ms
[6143.072s][debug][gc,age         ] GC(168) Desired survivor size 185073664 bytes, new threshold 15 (max threshold 15)
[6143.072s][info ][gc,heap        ] GC(168) PSYoungGen: 1848978K(1916928K)->114034K(1853952K) Eden: 1739776K(1739776K)->0K(1739776K) From: 109202K(177152K)->114034K(114176K)
[6143.072s][info ][gc,heap        ] GC(168) ParOldGen: 414423K(538112K)->414423K(538112K)
[6143.072s][info ][gc,metaspace   ] GC(168) Metaspace: 99104K(100608K)->99104K(100608K) NonClass: 84865K(85760K)->84865K(85760K) Class: 14238K(14848K)->14238K(14848K)
[6143.072s][info ][gc             ] GC(168) Pause Young (Allocation Failure) 2210M->516M(2336M) 36.380ms
[6143.072s][info ][gc,cpu         ] GC(168) User=0.13s Sys=0.00s Real=0.04s
[6143.073s][info ][safepoint      ] Safepoint "ParallelGCFailedAllocation", Time since last: 264283119 ns, Reaching safepoint: 81003 ns, Cleanup: 3801 ns, At safepoint: 36482227 ns, Total: 36567031 ns
[6144.073s][info ][safepoint      ] Safepoint "Cleanup", Time since last: 1000088102 ns, Reaching safepoint: 9200 ns, Cleanup: 11201 ns, At safepoint: 2100 ns, Total: 22501 ns
[6146.073s][info ][safepoint      ] Safepoint "Cleanup", Time since last: 2000186903 ns, Reaching safepoint: 12601 ns, Cleanup: 13400 ns, At safepoint: 2600 ns, Total: 28601 ns
[6147.073s][info ][safepoint      ] Safepoint "Cleanup", Time since last: 1000110203 ns, Reaching safepoint: 8300 ns, Cleanup: 14401 ns, At safepoint: 2800 ns, Total: 25501 ns
[6149.073s][info ][safepoint      ] Safepoint "Cleanup", Time since last: 2000169082 ns, Reaching safepoint: 12800 ns, Cleanup: 12901 ns, At safepoint: 6900 ns, Total: 32601 ns
[6150.073s][info ][safepoint      ] Safepoint "Cleanup", Time since last: 1000134011 ns, Reaching safepoint: 12500 ns, Cleanup: 14501 ns, At safepoint: 3000 ns, Total: 30001 ns
[6151.073s][info ][safepoint      ] Safepoint "Cleanup", Time since last: 1000126111 ns, Reaching safepoint: 8600 ns, Cleanup: 16000 ns, At safepoint: 2501 ns, Total: 27101 ns
[6152.074s][info ][safepoint      ] Safepoint "Cleanup", Time since last: 1000089937 ns, Reaching safepoint: 8800 ns, Cleanup: 20301 ns, At safepoint: 33701 ns, Total: 62802 ns
[6155.074s][info ][safepoint      ] Safepoint "Cleanup", Time since last: 3000243071 ns, Reaching safepoint: 12100 ns, Cleanup: 13901 ns, At safepoint: 2900 ns, Total: 28901 ns
[6157.074s][info ][safepoint      ] Safepoint "Cleanup", Time since last: 2000145846 ns, Reaching safepoint: 7800 ns, Cleanup: 11800 ns, At safepoint: 2300 ns, Total: 21900 ns
[6159.074s][info ][safepoint      ] Safepoint "Cleanup", Time since last: 2000202530 ns, Reaching safepoint: 7600 ns, Cleanup: 11300 ns, At safepoint: 2301 ns, Total: 21201 ns
[6171.085s][info ][gc,start       ] GC(169) Pause Young (Allocation Failure)
[6171.122s][debug][gc,phases      ] GC(169) Scavenge 36.947ms
[6171.122s][debug][gc,ref         ] GC(169) ReferenceProcessor::execute queues: 1, RefProcThreadModel::Single, marks_oops_alive: false
[6171.122s][debug][gc,ref         ] GC(169) Skipped KeepAliveFinalRefsPhase of Reference Processing: no references
[6171.122s][debug][gc,ref         ] GC(169) ReferenceProcessor::execute queues: 1, RefProcThreadModel::Single, marks_oops_alive: false
[6171.122s][debug][gc,phases      ] GC(169) Reference Processing 0.126ms
[6171.122s][debug][gc,phases      ] GC(169)   VM Weak                        Min:  0.0, Avg:  0.0, Max:  0.0, Diff:  0.0, Sum:  0.0, Workers: 4
[6171.122s][debug][gc,phases      ] GC(169)     Dead                           Min: 0, Avg:  0.0, Max: 0, Diff: 0, Sum: 0, Workers: 4
[6171.122s][debug][gc,phases      ] GC(169)     Total                          Min: 0, Avg: 214.2, Max: 857, Diff: 857, Sum: 857, Workers: 4
[6171.122s][debug][gc,phases      ] GC(169)   ObjectSynchronizer Weak        Min:  0.0, Avg:  0.0, Max:  0.0, Diff:  0.0, Sum:  0.0, Workers: 4
[6171.122s][debug][gc,phases      ] GC(169)     Dead                           Min: 0, Avg:  0.0, Max: 0, Diff: 0, Sum: 0, Workers: 4
[6171.122s][debug][gc,phases      ] GC(169)     Total                          Min: 0, Avg:  1.0, Max: 4, Diff: 4, Sum: 4, Workers: 4
[6171.122s][debug][gc,phases      ] GC(169)   JVMTI Tag Weak OopStorage      Min:  0.0, Avg:  0.0, Max:  0.0, Diff:  0.0, Sum:  0.0, Workers: 4
[6171.122s][debug][gc,phases      ] GC(169)     Dead                           Min: 0, Avg:  0.0, Max: 0, Diff: 0, Sum: 0, Workers: 4
[6171.122s][debug][gc,phases      ] GC(169)     Total                          Min: 0, Avg:  0.0, Max: 0, Diff: 0, Sum: 0, Workers: 4
[6171.122s][debug][gc,phases      ] GC(169)   StringTable Weak               Min:  0.0, Avg:  0.1, Max:  0.2, Diff:  0.2, Sum:  0.5, Workers: 4
[6171.122s][debug][gc,phases      ] GC(169)     Dead                           Min: 0, Avg:  0.0, Max: 0, Diff: 0, Sum: 0, Workers: 4
[6171.122s][debug][gc,phases      ] GC(169)     Total                          Min: 0, Avg: 12394.8, Max: 17087, Diff: 17087, Sum: 49579, Workers: 4
[6171.122s][debug][gc,phases      ] GC(169)   ResolvedMethodTable Weak       Min:  0.0, Avg:  0.0, Max:  0.0, Diff:  0.0, Sum:  0.1, Workers: 4
[6171.122s][debug][gc,phases      ] GC(169)     Dead                           Min: 0, Avg:  0.0, Max: 0, Diff: 0, Sum: 0, Workers: 4
[6171.122s][debug][gc,phases      ] GC(169)     Total                          Min: 0, Avg: 3529.5, Max: 4926, Diff: 4926, Sum: 14118, Workers: 4
[6171.122s][debug][gc,phases      ] GC(169)   JNI Weak                       Min:  0.0, Avg:  0.0, Max:  0.0, Diff:  0.0, Sum:  0.0, Workers: 4
[6171.122s][debug][gc,phases      ] GC(169)     Dead                           Min: 0, Avg:  0.0, Max: 0, Diff: 0, Sum: 0, Workers: 4
[6171.122s][debug][gc,phases      ] GC(169)     Total                          Min: 0, Avg: 12.0, Max: 48, Diff: 48, Sum: 48, Workers: 4
[6171.122s][debug][gc,phases      ] GC(169)   StringDedup Table Weak         Min:  0.0, Avg:  0.0, Max:  0.0, Diff:  0.0, Sum:  0.0, Workers: 4
[6171.122s][debug][gc,phases      ] GC(169)     Dead                           Min: 0, Avg:  0.0, Max: 0, Diff: 0, Sum: 0, Workers: 4
[6171.122s][debug][gc,phases      ] GC(169)     Total                          Min: 0, Avg:  0.0, Max: 0, Diff: 0, Sum: 0, Workers: 4
[6171.122s][debug][gc,phases      ] GC(169)   StringDedup Requests0 Weak     Min:  0.0, Avg:  0.0, Max:  0.0, Diff:  0.0, Sum:  0.0, Workers: 4
[6171.122s][debug][gc,phases      ] GC(169)     Dead                           Min: 0, Avg:  0.0, Max: 0, Diff: 0, Sum: 0, Workers: 4
[6171.122s][debug][gc,phases      ] GC(169)     Total                          Min: 0, Avg:  0.0, Max: 0, Diff: 0, Sum: 0, Workers: 4
[6171.122s][debug][gc,phases      ] GC(169)   StringDedup Requests1 Weak     Min:  0.0, Avg:  0.0, Max:  0.0, Diff:  0.0, Sum:  0.0, Workers: 4
[6171.122s][debug][gc,phases      ] GC(169)     Dead                           Min: 0, Avg:  0.0, Max: 0, Diff: 0, Sum: 0, Workers: 4
[6171.122s][debug][gc,phases      ] GC(169)     Total                          Min: 0, Avg:  0.0, Max: 0, Diff: 0, Sum: 0, Workers: 4
[6171.122s][debug][gc,phases      ] GC(169)   Weak JFR Old Object Samples    Min:  0.0, Avg:  0.0, Max:  0.0, Diff:  0.0, Sum:  0.0, Workers: 4
[6171.123s][debug][gc,phases      ] GC(169)     Dead                           Min: 0, Avg:  0.0, Max: 0, Diff: 0, Sum: 0, Workers: 4
[6171.123s][debug][gc,phases      ] GC(169)     Total                          Min: 0, Avg:  0.0, Max: 0, Diff: 0, Sum: 0, Workers: 4
[6171.123s][debug][gc,phases      ] GC(169) Weak Processing 0.462ms
[6171.123s][debug][gc,age         ] GC(169) Desired survivor size 187695104 bytes, new threshold 15 (max threshold 15)
[6171.123s][info ][gc,heap        ] GC(169) PSYoungGen: 1853810K(1853952K)->116930K(1911296K) Eden: 1739776K(1739776K)->0K(1730560K) From: 114034K(114176K)->116930K(180736K)
[6171.123s][info ][gc,heap        ] GC(169) ParOldGen: 414423K(538112K)->414423K(538112K)
[6171.123s][info ][gc,metaspace   ] GC(169) Metaspace: 99110K(100608K)->99110K(100608K) NonClass: 84871K(85760K)->84871K(85760K) Class: 14238K(14848K)->14238K(14848K)
[6171.123s][info ][gc             ] GC(169) Pause Young (Allocation Failure) 2215M->518M(2392M) 37.685ms
[6171.123s][info ][gc,cpu         ] GC(169) User=0.13s Sys=0.00s Real=0.04s
[6171.123s][info ][safepoint      ] Safepoint "ParallelGCFailedAllocation", Time since last: 12010449978 ns, Reaching safepoint: 83203 ns, Cleanup: 4000 ns, At safepoint: 37770839 ns, Total: 37858042 ns
[6174.123s][info ][safepoint      ] Safepoint "Cleanup", Time since last: 3000217433 ns, Reaching safepoint: 8901 ns, Cleanup: 21600 ns, At safepoint: 2601 ns, Total: 33102 ns
[6175.123s][info ][safepoint      ] Safepoint "Cleanup", Time since last: 1000132691 ns, Reaching safepoint: 9301 ns, Cleanup: 12800 ns, At safepoint: 2400 ns, Total: 24501 ns
[6176.123s][info ][safepoint      ] Safepoint "Cleanup", Time since last: 1000119191 ns, Reaching safepoint: 8601 ns, Cleanup: 16000 ns, At safepoint: 2400 ns, Total: 27001 ns
[6177.123s][info ][safepoint      ] Safepoint "Cleanup", Time since last: 1000134313 ns, Reaching safepoint: 8600 ns, Cleanup: 12801 ns, At safepoint: 2700 ns, Total: 24101 ns
[6179.124s][info ][safepoint      ] Safepoint "Cleanup", Time since last: 2000191447 ns, Reaching safepoint: 8801 ns, Cleanup: 11500 ns, At safepoint: 5500 ns, Total: 25801 ns
[6182.787s][info ][safepoint      ] Safepoint "Cleanup", Time since last: 3662955600 ns, Reaching safepoint: 80403 ns, Cleanup: 9800 ns, At safepoint: 6801 ns, Total: 97004 ns
[6183.787s][info ][safepoint      ] Safepoint "Cleanup", Time since last: 1000119414 ns, Reaching safepoint: 80303 ns, Cleanup: 12001 ns, At safepoint: 5800 ns, Total: 98104 ns
[6190.787s][info ][safepoint      ] Safepoint "Cleanup", Time since last: 7000547901 ns, Reaching safepoint: 81302 ns, Cleanup: 14401 ns, At safepoint: 6000 ns, Total: 101703 ns
[6204.156s][info ][gc,start       ] GC(170) Pause Young (Allocation Failure)
[6204.188s][debug][gc,phases      ] GC(170) Scavenge 32.137ms
[6204.188s][debug][gc,ref         ] GC(170) ReferenceProcessor::execute queues: 1, RefProcThreadModel::Single, marks_oops_alive: false
[6204.188s][debug][gc,ref         ] GC(170) Skipped KeepAliveFinalRefsPhase of Reference Processing: no references
[6204.188s][debug][gc,ref         ] GC(170) ReferenceProcessor::execute queues: 1, RefProcThreadModel::Single, marks_oops_alive: false
[6204.188s][debug][gc,phases      ] GC(170) Reference Processing 0.135ms
[6204.188s][debug][gc,phases      ] GC(170)   VM Weak                        Min:  0.0, Avg:  0.0, Max:  0.0, Diff:  0.0, Sum:  0.0, Workers: 4
[6204.188s][debug][gc,phases      ] GC(170)     Dead                           Min: 0, Avg:  0.0, Max: 0, Diff: 0, Sum: 0, Workers: 4
[6204.188s][debug][gc,phases      ] GC(170)     Total                          Min: 0, Avg: 214.2, Max: 678, Diff: 678, Sum: 857, Workers: 4
[6204.188s][debug][gc,phases      ] GC(170)   ObjectSynchronizer Weak        Min:  0.0, Avg:  0.0, Max:  0.0, Diff:  0.0, Sum:  0.0, Workers: 4
[6204.188s][debug][gc,phases      ] GC(170)     Dead                           Min: 0, Avg:  0.0, Max: 0, Diff: 0, Sum: 0, Workers: 4
[6204.188s][debug][gc,phases      ] GC(170)     Total                          Min: 0, Avg:  1.0, Max: 4, Diff: 4, Sum: 4, Workers: 4
[6204.188s][debug][gc,phases      ] GC(170)   JVMTI Tag Weak OopStorage      Min:  0.0, Avg:  0.0, Max:  0.0, Diff:  0.0, Sum:  0.0, Workers: 4
[6204.188s][debug][gc,phases      ] GC(170)     Dead                           Min: 0, Avg:  0.0, Max: 0, Diff: 0, Sum: 0, Workers: 4
[6204.188s][debug][gc,phases      ] GC(170)     Total                          Min: 0, Avg:  0.0, Max: 0, Diff: 0, Sum: 0, Workers: 4
[6204.188s][debug][gc,phases      ] GC(170)   StringTable Weak               Min:  0.0, Avg:  0.1, Max:  0.2, Diff:  0.2, Sum:  0.5, Workers: 4
[6204.188s][debug][gc,phases      ] GC(170)     Dead                           Min: 0, Avg:  0.0, Max: 0, Diff: 0, Sum: 0, Workers: 4
[6204.188s][debug][gc,phases      ] GC(170)     Total                          Min: 0, Avg: 12394.8, Max: 17343, Diff: 17343, Sum: 49579, Workers: 4
[6204.188s][debug][gc,phases      ] GC(170)   ResolvedMethodTable Weak       Min:  0.0, Avg:  0.0, Max:  0.0, Diff:  0.0, Sum:  0.1, Workers: 4
[6204.188s][debug][gc,phases      ] GC(170)     Dead                           Min: 0, Avg:  0.0, Max: 0, Diff: 0, Sum: 0, Workers: 4
[6204.188s][debug][gc,phases      ] GC(170)     Total                          Min: 0, Avg: 3529.5, Max: 4840, Diff: 4840, Sum: 14118, Workers: 4
[6204.188s][debug][gc,phases      ] GC(170)   JNI Weak                       Min:  0.0, Avg:  0.0, Max:  0.0, Diff:  0.0, Sum:  0.0, Workers: 4
[6204.188s][debug][gc,phases      ] GC(170)     Dead                           Min: 0, Avg:  0.0, Max: 0, Diff: 0, Sum: 0, Workers: 4
[6204.188s][debug][gc,phases      ] GC(170)     Total                          Min: 0, Avg: 12.0, Max: 48, Diff: 48, Sum: 48, Workers: 4
[6204.188s][debug][gc,phases      ] GC(170)   StringDedup Table Weak         Min:  0.0, Avg:  0.0, Max:  0.0, Diff:  0.0, Sum:  0.0, Workers: 4
[6204.188s][debug][gc,phases      ] GC(170)     Dead                           Min: 0, Avg:  0.0, Max: 0, Diff: 0, Sum: 0, Workers: 4
[6204.188s][debug][gc,phases      ] GC(170)     Total                          Min: 0, Avg:  0.0, Max: 0, Diff: 0, Sum: 0, Workers: 4
[6204.188s][debug][gc,phases      ] GC(170)   StringDedup Requests0 Weak     Min:  0.0, Avg:  0.0, Max:  0.0, Diff:  0.0, Sum:  0.0, Workers: 4
[6204.188s][debug][gc,phases      ] GC(170)     Dead                           Min: 0, Avg:  0.0, Max: 0, Diff: 0, Sum: 0, Workers: 4
[6204.188s][debug][gc,phases      ] GC(170)     Total                          Min: 0, Avg:  0.0, Max: 0, Diff: 0, Sum: 0, Workers: 4
[6204.188s][debug][gc,phases      ] GC(170)   StringDedup Requests1 Weak     Min:  0.0, Avg:  0.0, Max:  0.0, Diff:  0.0, Sum:  0.0, Workers: 4
[6204.188s][debug][gc,phases      ] GC(170)     Dead                           Min: 0, Avg:  0.0, Max: 0, Diff: 0, Sum: 0, Workers: 4
[6204.188s][debug][gc,phases      ] GC(170)     Total                          Min: 0, Avg:  0.0, Max: 0, Diff: 0, Sum: 0, Workers: 4
[6204.188s][debug][gc,phases      ] GC(170)   Weak JFR Old Object Samples    Min:  0.0, Avg:  0.0, Max:  0.0, Diff:  0.0, Sum:  0.0, Workers: 4
[6204.188s][debug][gc,phases      ] GC(170)     Dead                           Min: 0, Avg:  0.0, Max: 0, Diff: 0, Sum: 0, Workers: 4
[6204.188s][debug][gc,phases      ] GC(170)     Total                          Min: 0, Avg:  0.0, Max: 0, Diff: 0, Sum: 0, Workers: 4
[6204.188s][debug][gc,phases      ] GC(170) Weak Processing 0.475ms
[6204.188s][debug][gc,age         ] GC(170) Desired survivor size 181403648 bytes, new threshold 15 (max threshold 15)
[6204.189s][info ][gc,heap        ] GC(170) PSYoungGen: 1847490K(1911296K)->97938K(1913856K) Eden: 1730560K(1730560K)->0K(1730560K) From: 116930K(180736K)->97938K(183296K)
[6204.189s][info ][gc,heap        ] GC(170) ParOldGen: 414423K(538112K)->414423K(538112K)
[6204.189s][info ][gc,metaspace   ] GC(170) Metaspace: 99115K(100608K)->99115K(100608K) NonClass: 84876K(85760K)->84876K(85760K) Class: 14238K(14848K)->14238K(14848K)
[6204.189s][info ][gc             ] GC(170) Pause Young (Allocation Failure) 2208M->500M(2394M) 32.908ms
[6204.189s][info ][gc,cpu         ] GC(170) User=0.11s Sys=0.00s Real=0.04s
[6204.189s][info ][safepoint      ] Safepoint "ParallelGCFailedAllocation", Time since last: 13368116836 ns, Reaching safepoint: 6701 ns, Cleanup: 4000 ns, At safepoint: 32997048 ns, Total: 33007749 ns
[6206.189s][info ][safepoint      ] Safepoint "Cleanup", Time since last: 2000187491 ns, Reaching safepoint: 86603 ns, Cleanup: 14000 ns, At safepoint: 6801 ns, Total: 107404 ns
[6219.190s][info ][safepoint      ] Safepoint "Cleanup", Time since last: 13001030205 ns, Reaching safepoint: 84703 ns, Cleanup: 12301 ns, At safepoint: 6700 ns, Total: 103704 ns
[6222.190s][info ][safepoint      ] Safepoint "Cleanup", Time since last: 3000272123 ns, Reaching safepoint: 84803 ns, Cleanup: 10400 ns, At safepoint: 6100 ns, Total: 101303 ns
[6223.191s][info ][safepoint      ] Safepoint "Cleanup", Time since last: 1000133986 ns, Reaching safepoint: 86103 ns, Cleanup: 11400 ns, At safepoint: 10800 ns, Total: 108303 ns
[6226.191s][info ][safepoint      ] Safepoint "Cleanup", Time since last: 3000211250 ns, Reaching safepoint: 8700 ns, Cleanup: 11400 ns, At safepoint: 3000 ns, Total: 23100 ns
[6237.192s][info ][safepoint      ] Safepoint "Cleanup", Time since last: 11000787245 ns, Reaching safepoint: 7701 ns, Cleanup: 11200 ns, At safepoint: 2400 ns, Total: 21301 ns
[6238.192s][info ][safepoint      ] Safepoint "Cleanup", Time since last: 1000129673 ns, Reaching safepoint: 7301 ns, Cleanup: 10500 ns, At safepoint: 10200 ns, Total: 28001 ns
[6242.685s][info ][gc,start       ] GC(171) Pause Young (Allocation Failure)
[6242.715s][debug][gc,phases      ] GC(171) Scavenge 30.610ms
[6242.716s][debug][gc,ref         ] GC(171) ReferenceProcessor::execute queues: 1, RefProcThreadModel::Single, marks_oops_alive: false
[6242.716s][debug][gc,ref         ] GC(171) Skipped KeepAliveFinalRefsPhase of Reference Processing: no references
[6242.716s][debug][gc,ref         ] GC(171) ReferenceProcessor::execute queues: 1, RefProcThreadModel::Single, marks_oops_alive: false
[6242.716s][debug][gc,phases      ] GC(171) Reference Processing 0.174ms
[6242.716s][debug][gc,phases      ] GC(171)   VM Weak                        Min:  0.0, Avg:  0.0, Max:  0.0, Diff:  0.0, Sum:  0.0, Workers: 4
[6242.716s][debug][gc,phases      ] GC(171)     Dead                           Min: 0, Avg:  0.0, Max: 0, Diff: 0, Sum: 0, Workers: 4
[6242.716s][debug][gc,phases      ] GC(171)     Total                          Min: 0, Avg: 214.2, Max: 565, Diff: 565, Sum: 857, Workers: 4
[6242.716s][debug][gc,phases      ] GC(171)   ObjectSynchronizer Weak        Min:  0.0, Avg:  0.0, Max:  0.0, Diff:  0.0, Sum:  0.0, Workers: 4
[6242.716s][debug][gc,phases      ] GC(171)     Dead                           Min: 0, Avg:  0.0, Max: 0, Diff: 0, Sum: 0, Workers: 4
[6242.716s][debug][gc,phases      ] GC(171)     Total                          Min: 0, Avg:  0.8, Max: 3, Diff: 3, Sum: 3, Workers: 4
[6242.716s][debug][gc,phases      ] GC(171)   JVMTI Tag Weak OopStorage      Min:  0.0, Avg:  0.0, Max:  0.0, Diff:  0.0, Sum:  0.0, Workers: 4
[6242.716s][debug][gc,phases      ] GC(171)     Dead                           Min: 0, Avg:  0.0, Max: 0, Diff: 0, Sum: 0, Workers: 4
[6242.716s][debug][gc,phases      ] GC(171)     Total                          Min: 0, Avg:  0.0, Max: 0, Diff: 0, Sum: 0, Workers: 4
[6242.716s][debug][gc,phases      ] GC(171)   StringTable Weak               Min:  0.0, Avg:  0.1, Max:  0.2, Diff:  0.2, Sum:  0.5, Workers: 4
[6242.716s][debug][gc,phases      ] GC(171)     Dead                           Min: 0, Avg:  0.0, Max: 0, Diff: 0, Sum: 0, Workers: 4
[6242.716s][debug][gc,phases      ] GC(171)     Total                          Min: 0, Avg: 12394.8, Max: 17069, Diff: 17069, Sum: 49579, Workers: 4
[6242.716s][debug][gc,phases      ] GC(171)   ResolvedMethodTable Weak       Min:  0.0, Avg:  0.0, Max:  0.0, Diff:  0.0, Sum:  0.1, Workers: 4
[6242.716s][debug][gc,phases      ] GC(171)     Dead                           Min: 0, Avg:  0.0, Max: 0, Diff: 0, Sum: 0, Workers: 4
[6242.716s][debug][gc,phases      ] GC(171)     Total                          Min: 0, Avg: 3529.5, Max: 4904, Diff: 4904, Sum: 14118, Workers: 4
[6242.716s][debug][gc,phases      ] GC(171)   JNI Weak                       Min:  0.0, Avg:  0.0, Max:  0.0, Diff:  0.0, Sum:  0.0, Workers: 4
[6242.716s][debug][gc,phases      ] GC(171)     Dead                           Min: 0, Avg:  0.0, Max: 0, Diff: 0, Sum: 0, Workers: 4
[6242.716s][debug][gc,phases      ] GC(171)     Total                          Min: 0, Avg: 12.0, Max: 48, Diff: 48, Sum: 48, Workers: 4
[6242.716s][debug][gc,phases      ] GC(171)   StringDedup Table Weak         Min:  0.0, Avg:  0.0, Max:  0.0, Diff:  0.0, Sum:  0.0, Workers: 4
[6242.716s][debug][gc,phases      ] GC(171)     Dead                           Min: 0, Avg:  0.0, Max: 0, Diff: 0, Sum: 0, Workers: 4
[6242.716s][debug][gc,phases      ] GC(171)     Total                          Min: 0, Avg:  0.0, Max: 0, Diff: 0, Sum: 0, Workers: 4
[6242.716s][debug][gc,phases      ] GC(171)   StringDedup Requests0 Weak     Min:  0.0, Avg:  0.0, Max:  0.0, Diff:  0.0, Sum:  0.0, Workers: 4
[6242.716s][debug][gc,phases      ] GC(171)     Dead                           Min: 0, Avg:  0.0, Max: 0, Diff: 0, Sum: 0, Workers: 4
[6242.716s][debug][gc,phases      ] GC(171)     Total                          Min: 0, Avg:  0.0, Max: 0, Diff: 0, Sum: 0, Workers: 4
[6242.716s][debug][gc,phases      ] GC(171)   StringDedup Requests1 Weak     Min:  0.0, Avg:  0.0, Max:  0.0, Diff:  0.0, Sum:  0.0, Workers: 4
[6242.716s][debug][gc,phases      ] GC(171)     Dead                           Min: 0, Avg:  0.0, Max: 0, Diff: 0, Sum: 0, Workers: 4
[6242.716s][debug][gc,phases      ] GC(171)     Total                          Min: 0, Avg:  0.0, Max: 0, Diff: 0, Sum: 0, Workers: 4
[6242.716s][debug][gc,phases      ] GC(171)   Weak JFR Old Object Samples    Min:  0.0, Avg:  0.0, Max:  0.0, Diff:  0.0, Sum:  0.0, Workers: 4
[6242.716s][debug][gc,phases      ] GC(171)     Dead                           Min: 0, Avg:  0.0, Max: 0, Diff: 0, Sum: 0, Workers: 4
[6242.716s][debug][gc,phases      ] GC(171)     Total                          Min: 0, Avg:  0.0, Max: 0, Diff: 0, Sum: 0, Workers: 4
[6242.716s][debug][gc,phases      ] GC(171) Weak Processing 0.521ms
[6242.716s][debug][gc,age         ] GC(171) Desired survivor size 173015040 bytes, new threshold 15 (max threshold 15)
[6242.716s][info ][gc,heap        ] GC(171) PSYoungGen: 1828498K(1913856K)->91106K(1928192K) Eden: 1730560K(1730560K)->0K(1751040K) From: 97938K(183296K)->91106K(177152K)
[6242.716s][info ][gc,heap        ] GC(171) ParOldGen: 414423K(538112K)->414423K(538112K)
[6242.716s][info ][gc,metaspace   ] GC(171) Metaspace: 99118K(100608K)->99118K(100608K) NonClass: 84879K(85760K)->84879K(85760K) Class: 14238K(14848K)->14238K(14848K)
[6242.716s][info ][gc             ] GC(171) Pause Young (Allocation Failure) 2190M->493M(2408M) 31.480ms
[6242.716s][info ][gc,cpu         ] GC(171) User=0.11s Sys=0.01s Real=0.03s
[6242.716s][info ][safepoint      ] Safepoint "ParallelGCFailedAllocation", Time since last: 4492856868 ns, Reaching safepoint: 85603 ns, Cleanup: 3500 ns, At safepoint: 31581376 ns, Total: 31670479 ns
[6255.717s][info ][safepoint      ] Safepoint "Cleanup", Time since last: 13001039874 ns, Reaching safepoint: 13101 ns, Cleanup: 13100 ns, At safepoint: 3200 ns, Total: 29401 ns
[6264.718s][info ][safepoint      ] Safepoint "Cleanup", Time since last: 9000607985 ns, Reaching safepoint: 8300 ns, Cleanup: 17401 ns, At safepoint: 2500 ns, Total: 28201 ns
[6266.718s][info ][safepoint      ] Safepoint "Cleanup", Time since last: 2000186316 ns, Reaching safepoint: 8800 ns, Cleanup: 14800 ns, At safepoint: 2401 ns, Total: 26001 ns
[6267.718s][info ][safepoint      ] Safepoint "Cleanup", Time since last: 1000117866 ns, Reaching safepoint: 9101 ns, Cleanup: 11400 ns, At safepoint: 2600 ns, Total: 23101 ns
[6268.719s][info ][safepoint      ] Safepoint "Cleanup", Time since last: 1000124032 ns, Reaching safepoint: 12000 ns, Cleanup: 16401 ns, At safepoint: 3100 ns, Total: 31501 ns
[6269.719s][info ][safepoint      ] Safepoint "Cleanup", Time since last: 1000114931 ns, Reaching safepoint: 10500 ns, Cleanup: 17401 ns, At safepoint: 2300 ns, Total: 30201 ns
[6284.785s][info ][gc,start       ] GC(172) Pause Young (Allocation Failure)
[6284.812s][debug][gc,phases      ] GC(172) Scavenge 27.224ms
[6284.812s][debug][gc,ref         ] GC(172) ReferenceProcessor::execute queues: 1, RefProcThreadModel::Single, marks_oops_alive: false
[6284.812s][debug][gc,ref         ] GC(172) Skipped KeepAliveFinalRefsPhase of Reference Processing: no references
[6284.812s][debug][gc,ref         ] GC(172) ReferenceProcessor::execute queues: 1, RefProcThreadModel::Single, marks_oops_alive: false
[6284.812s][debug][gc,phases      ] GC(172) Reference Processing 0.128ms
[6284.813s][debug][gc,phases      ] GC(172)   VM Weak                        Min:  0.0, Avg:  0.0, Max:  0.0, Diff:  0.0, Sum:  0.0, Workers: 4
[6284.813s][debug][gc,phases      ] GC(172)     Dead                           Min: 0, Avg:  0.0, Max: 0, Diff: 0, Sum: 0, Workers: 4
[6284.813s][debug][gc,phases      ] GC(172)     Total                          Min: 0, Avg: 214.2, Max: 481, Diff: 481, Sum: 857, Workers: 4
[6284.813s][debug][gc,phases      ] GC(172)   ObjectSynchronizer Weak        Min:  0.0, Avg:  0.0, Max:  0.0, Diff:  0.0, Sum:  0.0, Workers: 4
[6284.813s][debug][gc,phases      ] GC(172)     Dead                           Min: 0, Avg:  0.0, Max: 0, Diff: 0, Sum: 0, Workers: 4
[6284.813s][debug][gc,phases      ] GC(172)     Total                          Min: 0, Avg:  1.0, Max: 4, Diff: 4, Sum: 4, Workers: 4
[6284.813s][debug][gc,phases      ] GC(172)   JVMTI Tag Weak OopStorage      Min:  0.0, Avg:  0.0, Max:  0.0, Diff:  0.0, Sum:  0.0, Workers: 4
[6284.813s][debug][gc,phases      ] GC(172)     Dead                           Min: 0, Avg:  0.0, Max: 0, Diff: 0, Sum: 0, Workers: 4
[6284.813s][debug][gc,phases      ] GC(172)     Total                          Min: 0, Avg:  0.0, Max: 0, Diff: 0, Sum: 0, Workers: 4
[6284.813s][debug][gc,phases      ] GC(172)   StringTable Weak               Min:  0.0, Avg:  0.1, Max:  0.2, Diff:  0.2, Sum:  0.5, Workers: 4
[6284.813s][debug][gc,phases      ] GC(172)     Dead                           Min: 0, Avg:  0.0, Max: 0, Diff: 0, Sum: 0, Workers: 4
[6284.813s][debug][gc,phases      ] GC(172)     Total                          Min: 0, Avg: 12395.0, Max: 25150, Diff: 25150, Sum: 49580, Workers: 4
[6284.813s][debug][gc,phases      ] GC(172)   ResolvedMethodTable Weak       Min:  0.0, Avg:  0.0, Max:  0.1, Diff:  0.1, Sum:  0.1, Workers: 4
[6284.813s][debug][gc,phases      ] GC(172)     Dead                           Min: 0, Avg:  0.0, Max: 0, Diff: 0, Sum: 0, Workers: 4
[6284.813s][debug][gc,phases      ] GC(172)     Total                          Min: 0, Avg: 3529.5, Max: 7550, Diff: 7550, Sum: 14118, Workers: 4
[6284.813s][debug][gc,phases      ] GC(172)   JNI Weak                       Min:  0.0, Avg:  0.0, Max:  0.0, Diff:  0.0, Sum:  0.0, Workers: 4
[6284.813s][debug][gc,phases      ] GC(172)     Dead                           Min: 0, Avg:  0.0, Max: 0, Diff: 0, Sum: 0, Workers: 4
[6284.813s][debug][gc,phases      ] GC(172)     Total                          Min: 0, Avg: 12.0, Max: 48, Diff: 48, Sum: 48, Workers: 4
[6284.813s][debug][gc,phases      ] GC(172)   StringDedup Table Weak         Min:  0.0, Avg:  0.0, Max:  0.0, Diff:  0.0, Sum:  0.0, Workers: 4
[6284.813s][debug][gc,phases      ] GC(172)     Dead                           Min: 0, Avg:  0.0, Max: 0, Diff: 0, Sum: 0, Workers: 4
[6284.813s][debug][gc,phases      ] GC(172)     Total                          Min: 0, Avg:  0.0, Max: 0, Diff: 0, Sum: 0, Workers: 4
[6284.813s][debug][gc,phases      ] GC(172)   StringDedup Requests0 Weak     Min:  0.0, Avg:  0.0, Max:  0.0, Diff:  0.0, Sum:  0.0, Workers: 4
[6284.813s][debug][gc,phases      ] GC(172)     Dead                           Min: 0, Avg:  0.0, Max: 0, Diff: 0, Sum: 0, Workers: 4
[6284.813s][debug][gc,phases      ] GC(172)     Total                          Min: 0, Avg:  0.0, Max: 0, Diff: 0, Sum: 0, Workers: 4
[6284.813s][debug][gc,phases      ] GC(172)   StringDedup Requests1 Weak     Min:  0.0, Avg:  0.0, Max:  0.0, Diff:  0.0, Sum:  0.0, Workers: 4
[6284.813s][debug][gc,phases      ] GC(172)     Dead                           Min: 0, Avg:  0.0, Max: 0, Diff: 0, Sum: 0, Workers: 4
[6284.813s][debug][gc,phases      ] GC(172)     Total                          Min: 0, Avg:  0.0, Max: 0, Diff: 0, Sum: 0, Workers: 4
[6284.813s][debug][gc,phases      ] GC(172)   Weak JFR Old Object Samples    Min:  0.0, Avg:  0.0, Max:  0.0, Diff:  0.0, Sum:  0.0, Workers: 4
[6284.813s][debug][gc,phases      ] GC(172)     Dead                           Min: 0, Avg:  0.0, Max: 0, Diff: 0, Sum: 0, Workers: 4
[6284.813s][debug][gc,phases      ] GC(172)     Total                          Min: 0, Avg:  0.0, Max: 0, Diff: 0, Sum: 0, Workers: 4
[6284.813s][debug][gc,phases      ] GC(172) Weak Processing 0.571ms
[6284.813s][debug][gc,age         ] GC(172) Desired survivor size 166199296 bytes, new threshold 15 (max threshold 15)
[6284.813s][info ][gc,heap        ] GC(172) PSYoungGen: 1842146K(1928192K)->83281K(1920000K) Eden: 1751040K(1751040K)->0K(1751040K) From: 91106K(177152K)->83281K(168960K)
[6284.813s][info ][gc,heap        ] GC(172) ParOldGen: 414423K(538112K)->422901K(538112K)
[6284.813s][info ][gc,metaspace   ] GC(172) Metaspace: 99119K(100608K)->99119K(100608K) NonClass: 84880K(85760K)->84880K(85760K) Class: 14238K(14848K)->14238K(14848K)
[6284.813s][info ][gc             ] GC(172) Pause Young (Allocation Failure) 2203M->494M(2400M) 28.093ms
[6284.813s][info ][gc,cpu         ] GC(172) User=0.11s Sys=0.00s Real=0.03s
[6284.813s][info ][safepoint      ] Safepoint "ParallelGCFailedAllocation", Time since last: 15065961602 ns, Reaching safepoint: 84403 ns, Cleanup: 4000 ns, At safepoint: 28219540 ns, Total: 28307943 ns
[6288.813s][info ][safepoint      ] Safepoint "Cleanup", Time since last: 4000446675 ns, Reaching safepoint: 8200 ns, Cleanup: 9601 ns, At safepoint: 2900 ns, Total: 20701 ns
[6295.814s][info ][safepoint      ] Safepoint "Cleanup", Time since last: 7000498269 ns, Reaching safepoint: 82403 ns, Cleanup: 10800 ns, At safepoint: 5600 ns, Total: 98803 ns
[6300.814s][info ][safepoint      ] Safepoint "Cleanup", Time since last: 5000403355 ns, Reaching safepoint: 11900 ns, Cleanup: 12001 ns, At safepoint: 2900 ns, Total: 26801 ns
[6320.821s][info ][safepoint      ] Safepoint "Cleanup", Time since last: 20006092242 ns, Reaching safepoint: 8901 ns, Cleanup: 13000 ns, At safepoint: 2800 ns, Total: 24701 ns
[6321.821s][info ][safepoint      ] Safepoint "Cleanup", Time since last: 1000122636 ns, Reaching safepoint: 9100 ns, Cleanup: 12501 ns, At safepoint: 2800 ns, Total: 24401 ns
[6322.821s][info ][safepoint      ] Safepoint "Cleanup", Time since last: 1000127929 ns, Reaching safepoint: 11601 ns, Cleanup: 11000 ns, At safepoint: 2700 ns, Total: 25301 ns
[6324.181s][info ][gc,start       ] GC(173) Pause Young (Allocation Failure)
[6324.207s][debug][gc,phases      ] GC(173) Scavenge 26.675ms
[6324.208s][debug][gc,ref         ] GC(173) ReferenceProcessor::execute queues: 1, RefProcThreadModel::Single, marks_oops_alive: false
[6324.208s][debug][gc,ref         ] GC(173) Skipped KeepAliveFinalRefsPhase of Reference Processing: no references
[6324.208s][debug][gc,ref         ] GC(173) ReferenceProcessor::execute queues: 1, RefProcThreadModel::Single, marks_oops_alive: false
[6324.208s][debug][gc,phases      ] GC(173) Reference Processing 0.252ms
[6324.208s][debug][gc,phases      ] GC(173)   VM Weak                        Min:  0.0, Avg:  0.0, Max:  0.0, Diff:  0.0, Sum:  0.0, Workers: 4
[6324.208s][debug][gc,phases      ] GC(173)     Dead                           Min: 0, Avg:  0.0, Max: 0, Diff: 0, Sum: 0, Workers: 4
[6324.208s][debug][gc,phases      ] GC(173)     Total                          Min: 0, Avg: 214.2, Max: 430, Diff: 430, Sum: 857, Workers: 4
[6324.208s][debug][gc,phases      ] GC(173)   ObjectSynchronizer Weak        Min:  0.0, Avg:  0.0, Max:  0.0, Diff:  0.0, Sum:  0.0, Workers: 4
[6324.208s][debug][gc,phases      ] GC(173)     Dead                           Min: 0, Avg:  0.0, Max: 0, Diff: 0, Sum: 0, Workers: 4
[6324.208s][debug][gc,phases      ] GC(173)     Total                          Min: 0, Avg:  1.0, Max: 4, Diff: 4, Sum: 4, Workers: 4
[6324.208s][debug][gc,phases      ] GC(173)   JVMTI Tag Weak OopStorage      Min:  0.0, Avg:  0.0, Max:  0.0, Diff:  0.0, Sum:  0.0, Workers: 4
[6324.208s][debug][gc,phases      ] GC(173)     Dead                           Min: 0, Avg:  0.0, Max: 0, Diff: 0, Sum: 0, Workers: 4
[6324.208s][debug][gc,phases      ] GC(173)     Total                          Min: 0, Avg:  0.0, Max: 0, Diff: 0, Sum: 0, Workers: 4
[6324.208s][debug][gc,phases      ] GC(173)   StringTable Weak               Min:  0.0, Avg:  0.1, Max:  0.2, Diff:  0.2, Sum:  0.5, Workers: 4
[6324.208s][debug][gc,phases      ] GC(173)     Dead                           Min: 0, Avg:  0.0, Max: 0, Diff: 0, Sum: 0, Workers: 4
[6324.208s][debug][gc,phases      ] GC(173)     Total                          Min: 0, Avg: 12395.2, Max: 16942, Diff: 16942, Sum: 49581, Workers: 4
[6324.208s][debug][gc,phases      ] GC(173)   ResolvedMethodTable Weak       Min:  0.0, Avg:  0.0, Max:  0.1, Diff:  0.1, Sum:  0.2, Workers: 4
[6324.208s][debug][gc,phases      ] GC(173)     Dead                           Min: 0, Avg:  0.0, Max: 0, Diff: 0, Sum: 0, Workers: 4
[6324.208s][debug][gc,phases      ] GC(173)     Total                          Min: 0, Avg: 3529.8, Max: 5115, Diff: 5115, Sum: 14119, Workers: 4
[6324.208s][debug][gc,phases      ] GC(173)   JNI Weak                       Min:  0.0, Avg:  0.0, Max:  0.0, Diff:  0.0, Sum:  0.0, Workers: 4
[6324.208s][debug][gc,phases      ] GC(173)     Dead                           Min: 0, Avg:  0.0, Max: 0, Diff: 0, Sum: 0, Workers: 4
[6324.208s][debug][gc,phases      ] GC(173)     Total                          Min: 0, Avg: 12.0, Max: 48, Diff: 48, Sum: 48, Workers: 4
[6324.208s][debug][gc,phases      ] GC(173)   StringDedup Table Weak         Min:  0.0, Avg:  0.0, Max:  0.0, Diff:  0.0, Sum:  0.0, Workers: 4
[6324.208s][debug][gc,phases      ] GC(173)     Dead                           Min: 0, Avg:  0.0, Max: 0, Diff: 0, Sum: 0, Workers: 4
[6324.208s][debug][gc,phases      ] GC(173)     Total                          Min: 0, Avg:  0.0, Max: 0, Diff: 0, Sum: 0, Workers: 4
[6324.208s][debug][gc,phases      ] GC(173)   StringDedup Requests0 Weak     Min:  0.0, Avg:  0.0, Max:  0.0, Diff:  0.0, Sum:  0.0, Workers: 4
[6324.208s][debug][gc,phases      ] GC(173)     Dead                           Min: 0, Avg:  0.0, Max: 0, Diff: 0, Sum: 0, Workers: 4
[6324.208s][debug][gc,phases      ] GC(173)     Total                          Min: 0, Avg:  0.0, Max: 0, Diff: 0, Sum: 0, Workers: 4
[6324.208s][debug][gc,phases      ] GC(173)   StringDedup Requests1 Weak     Min:  0.0, Avg:  0.0, Max:  0.0, Diff:  0.0, Sum:  0.0, Workers: 4
[6324.208s][debug][gc,phases      ] GC(173)     Dead                           Min: 0, Avg:  0.0, Max: 0, Diff: 0, Sum: 0, Workers: 4
[6324.208s][debug][gc,phases      ] GC(173)     Total                          Min: 0, Avg:  0.0, Max: 0, Diff: 0, Sum: 0, Workers: 4
[6324.208s][debug][gc,phases      ] GC(173)   Weak JFR Old Object Samples    Min:  0.0, Avg:  0.0, Max:  0.0, Diff:  0.0, Sum:  0.0, Workers: 4
[6324.208s][debug][gc,phases      ] GC(173)     Dead                           Min: 0, Avg:  0.0, Max: 0, Diff: 0, Sum: 0, Workers: 4
[6324.208s][debug][gc,phases      ] GC(173)     Total                          Min: 0, Avg:  0.0, Max: 0, Diff: 0, Sum: 0, Workers: 4
[6324.208s][debug][gc,phases      ] GC(173) Weak Processing 0.491ms
[6324.208s][debug][gc,age         ] GC(173) Desired survivor size 160432128 bytes, new threshold 15 (max threshold 15)
[6324.208s][info ][gc,heap        ] GC(173) PSYoungGen: 1834321K(1920000K)->77808K(1940480K) Eden: 1751040K(1751040K)->0K(1778176K) From: 83281K(168960K)->77808K(162304K)
[6324.208s][info ][gc,heap        ] GC(173) ParOldGen: 422901K(538112K)->429910K(538112K)
[6324.208s][info ][gc,metaspace   ] GC(173) Metaspace: 99132K(100608K)->99132K(100608K) NonClass: 84892K(85760K)->84892K(85760K) Class: 14240K(14848K)->14240K(14848K)
[6324.208s][info ][gc             ] GC(173) Pause Young (Allocation Failure) 2204M->495M(2420M) 27.586ms
[6324.208s][info ][gc,cpu         ] GC(173) User=0.09s Sys=0.00s Real=0.03s
[6324.208s][info ][safepoint      ] Safepoint "ParallelGCFailedAllocation", Time since last: 1359667417 ns, Reaching safepoint: 7600 ns, Cleanup: 3900 ns, At safepoint: 27677331 ns, Total: 27688831 ns
[6327.209s][info ][safepoint      ] Safepoint "Cleanup", Time since last: 3000237201 ns, Reaching safepoint: 7500 ns, Cleanup: 10601 ns, At safepoint: 2900 ns, Total: 21001 ns
[6328.209s][info ][safepoint      ] Safepoint "Cleanup", Time since last: 1000103634 ns, Reaching safepoint: 6901 ns, Cleanup: 10500 ns, At safepoint: 2800 ns, Total: 20201 ns
[6329.209s][info ][safepoint      ] Safepoint "Cleanup", Time since last: 1000109735 ns, Reaching safepoint: 7800 ns, Cleanup: 15201 ns, At safepoint: 2800 ns, Total: 25801 ns
[6330.209s][info ][safepoint      ] Safepoint "Cleanup", Time since last: 1000114035 ns, Reaching safepoint: 7000 ns, Cleanup: 9300 ns, At safepoint: 2900 ns, Total: 19200 ns
[6331.209s][info ][safepoint      ] Safepoint "Cleanup", Time since last: 1000107735 ns, Reaching safepoint: 7300 ns, Cleanup: 15301 ns, At safepoint: 2200 ns, Total: 24801 ns
[6335.209s][info ][safepoint      ] Safepoint "Cleanup", Time since last: 4000306495 ns, Reaching safepoint: 7000 ns, Cleanup: 12701 ns, At safepoint: 2400 ns, Total: 22101 ns
[6338.210s][info ][safepoint      ] Safepoint "Cleanup", Time since last: 3000238772 ns, Reaching safepoint: 9700 ns, Cleanup: 20101 ns, At safepoint: 2400 ns, Total: 32201 ns
[6340.210s][info ][safepoint      ] Safepoint "Cleanup", Time since last: 2000185680 ns, Reaching safepoint: 10600 ns, Cleanup: 34702 ns, At safepoint: 7800 ns, Total: 53102 ns
[6340.755s][info ][safepoint      ] Safepoint "ICBufferFull", Time since last: 544592121 ns, Reaching safepoint: 9301 ns, Cleanup: 144305 ns, At safepoint: 9401 ns, Total: 163007 ns
[6341.755s][info ][safepoint      ] Safepoint "Cleanup", Time since last: 1000122257 ns, Reaching safepoint: 84604 ns, Cleanup: 27701 ns, At safepoint: 10100 ns, Total: 122405 ns
[6342.647s][info ][gc,start       ] GC(174) Pause Young (Allocation Failure)
[6342.698s][debug][gc,phases      ] GC(174) Scavenge 51.644ms
[6342.698s][debug][gc,ref         ] GC(174) ReferenceProcessor::execute queues: 1, RefProcThreadModel::Single, marks_oops_alive: false
[6342.698s][debug][gc,ref         ] GC(174) Skipped KeepAliveFinalRefsPhase of Reference Processing: no references
[6342.698s][debug][gc,ref         ] GC(174) ReferenceProcessor::execute queues: 1, RefProcThreadModel::Single, marks_oops_alive: false
[6342.698s][debug][gc,phases      ] GC(174) Reference Processing 0.139ms
[6342.699s][debug][gc,phases      ] GC(174)   VM Weak                        Min:  0.0, Avg:  0.0, Max:  0.0, Diff:  0.0, Sum:  0.0, Workers: 4
[6342.699s][debug][gc,phases      ] GC(174)     Dead                           Min: 0, Avg:  0.0, Max: 0, Diff: 0, Sum: 0, Workers: 4
[6342.699s][debug][gc,phases      ] GC(174)     Total                          Min: 0, Avg: 214.5, Max: 513, Diff: 513, Sum: 858, Workers: 4
[6342.699s][debug][gc,phases      ] GC(174)   ObjectSynchronizer Weak        Min:  0.0, Avg:  0.0, Max:  0.0, Diff:  0.0, Sum:  0.0, Workers: 4
[6342.699s][debug][gc,phases      ] GC(174)     Dead                           Min: 0, Avg:  0.0, Max: 0, Diff: 0, Sum: 0, Workers: 4
[6342.699s][debug][gc,phases      ] GC(174)     Total                          Min: 0, Avg:  1.5, Max: 6, Diff: 6, Sum: 6, Workers: 4
[6342.699s][debug][gc,phases      ] GC(174)   JVMTI Tag Weak OopStorage      Min:  0.0, Avg:  0.0, Max:  0.0, Diff:  0.0, Sum:  0.0, Workers: 4
[6342.699s][debug][gc,phases      ] GC(174)     Dead                           Min: 0, Avg:  0.0, Max: 0, Diff: 0, Sum: 0, Workers: 4
[6342.699s][debug][gc,phases      ] GC(174)     Total                          Min: 0, Avg:  0.0, Max: 0, Diff: 0, Sum: 0, Workers: 4
[6342.699s][debug][gc,phases      ] GC(174)   StringTable Weak               Min:  0.0, Avg:  0.1, Max:  0.1, Diff:  0.1, Sum:  0.4, Workers: 4
[6342.699s][debug][gc,phases      ] GC(174)     Dead                           Min: 0, Avg:  0.5, Max: 1, Diff: 1, Sum: 2, Workers: 4
[6342.699s][debug][gc,phases      ] GC(174)     Total                          Min: 0, Avg: 12418.5, Max: 18176, Diff: 18176, Sum: 49674, Workers: 4
[6342.699s][debug][gc,phases      ] GC(174)   ResolvedMethodTable Weak       Min:  0.0, Avg:  0.0, Max:  0.0, Diff:  0.0, Sum:  0.1, Workers: 4
[6342.699s][debug][gc,phases      ] GC(174)     Dead                           Min: 0, Avg:  9.0, Max: 14, Diff: 14, Sum: 36, Workers: 4
[6342.699s][debug][gc,phases      ] GC(174)     Total                          Min: 0, Avg: 3551.2, Max: 5055, Diff: 5055, Sum: 14205, Workers: 4
[6342.699s][debug][gc,phases      ] GC(174)   JNI Weak                       Min:  0.0, Avg:  0.0, Max:  0.0, Diff:  0.0, Sum:  0.0, Workers: 4
[6342.699s][debug][gc,phases      ] GC(174)     Dead                           Min: 0, Avg:  0.0, Max: 0, Diff: 0, Sum: 0, Workers: 4
[6342.699s][debug][gc,phases      ] GC(174)     Total                          Min: 0, Avg: 12.0, Max: 48, Diff: 48, Sum: 48, Workers: 4
[6342.699s][debug][gc,phases      ] GC(174)   StringDedup Table Weak         Min:  0.0, Avg:  0.0, Max:  0.0, Diff:  0.0, Sum:  0.0, Workers: 4
[6342.699s][debug][gc,phases      ] GC(174)     Dead                           Min: 0, Avg:  0.0, Max: 0, Diff: 0, Sum: 0, Workers: 4
[6342.699s][debug][gc,phases      ] GC(174)     Total                          Min: 0, Avg:  0.0, Max: 0, Diff: 0, Sum: 0, Workers: 4
[6342.699s][debug][gc,phases      ] GC(174)   StringDedup Requests0 Weak     Min:  0.0, Avg:  0.0, Max:  0.0, Diff:  0.0, Sum:  0.0, Workers: 4
[6342.699s][debug][gc,phases      ] GC(174)     Dead                           Min: 0, Avg:  0.0, Max: 0, Diff: 0, Sum: 0, Workers: 4
[6342.699s][debug][gc,phases      ] GC(174)     Total                          Min: 0, Avg:  0.0, Max: 0, Diff: 0, Sum: 0, Workers: 4
[6342.699s][debug][gc,phases      ] GC(174)   StringDedup Requests1 Weak     Min:  0.0, Avg:  0.0, Max:  0.0, Diff:  0.0, Sum:  0.0, Workers: 4
[6342.699s][debug][gc,phases      ] GC(174)     Dead                           Min: 0, Avg:  0.0, Max: 0, Diff: 0, Sum: 0, Workers: 4
[6342.699s][debug][gc,phases      ] GC(174)     Total                          Min: 0, Avg:  0.0, Max: 0, Diff: 0, Sum: 0, Workers: 4
[6342.699s][debug][gc,phases      ] GC(174)   Weak JFR Old Object Samples    Min:  0.0, Avg:  0.0, Max:  0.0, Diff:  0.0, Sum:  0.0, Workers: 4
[6342.699s][debug][gc,phases      ] GC(174)     Dead                           Min: 0, Avg:  0.0, Max: 0, Diff: 0, Sum: 0, Workers: 4
[6342.699s][debug][gc,phases      ] GC(174)     Total                          Min: 0, Avg:  0.0, Max: 0, Diff: 0, Sum: 0, Workers: 4
[6342.699s][debug][gc,phases      ] GC(174) Weak Processing 0.460ms
[6342.699s][debug][gc,age         ] GC(174) Desired survivor size 174587904 bytes, new threshold 15 (max threshold 15)
[6342.699s][info ][gc,heap        ] GC(174) PSYoungGen: 1855984K(1940480K)->142769K(1921024K) Eden: 1778176K(1778176K)->0K(1778176K) From: 77808K(162304K)->142769K(142848K)
[6342.699s][info ][gc,heap        ] GC(174) ParOldGen: 429910K(538112K)->439130K(538112K)
[6342.699s][info ][gc,metaspace   ] GC(174) Metaspace: 99513K(100864K)->99513K(100864K) NonClass: 85216K(85952K)->85216K(85952K) Class: 14297K(14912K)->14297K(14912K)
[6342.699s][info ][gc             ] GC(174) Pause Young (Allocation Failure) 2232M->568M(2401M) 52.393ms
[6342.699s][info ][gc,cpu         ] GC(174) User=0.17s Sys=0.00s Real=0.05s
[6342.699s][info ][safepoint      ] Safepoint "ParallelGCFailedAllocation", Time since last: 891643991 ns, Reaching safepoint: 7800 ns, Cleanup: 3901 ns, At safepoint: 52479812 ns, Total: 52491513 ns
[6343.699s][info ][safepoint      ] Safepoint "Cleanup", Time since last: 1000092956 ns, Reaching safepoint: 7801 ns, Cleanup: 19200 ns, At safepoint: 3201 ns, Total: 30202 ns
[6344.699s][info ][safepoint      ] Safepoint "Cleanup", Time since last: 1000133457 ns, Reaching safepoint: 9301 ns, Cleanup: 24401 ns, At safepoint: 2800 ns, Total: 36502 ns
[6349.700s][info ][safepoint      ] Safepoint "Cleanup", Time since last: 5000408000 ns, Reaching safepoint: 8100 ns, Cleanup: 10801 ns, At safepoint: 2900 ns, Total: 21801 ns
[6351.700s][info ][safepoint      ] Safepoint "Cleanup", Time since last: 2000184545 ns, Reaching safepoint: 9000 ns, Cleanup: 10701 ns, At safepoint: 2400 ns, Total: 22101 ns
[6356.700s][info ][safepoint      ] Safepoint "Cleanup", Time since last: 5000297692 ns, Reaching safepoint: 8101 ns, Cleanup: 9100 ns, At safepoint: 2700 ns, Total: 19901 ns
[6357.700s][info ][safepoint      ] Safepoint "Cleanup", Time since last: 1000107739 ns, Reaching safepoint: 78703 ns, Cleanup: 20701 ns, At safepoint: 6000 ns, Total: 105404 ns
[6358.701s][info ][safepoint      ] Safepoint "Cleanup", Time since last: 1000109540 ns, Reaching safepoint: 86103 ns, Cleanup: 26901 ns, At safepoint: 9400 ns, Total: 122404 ns
[6359.355s][info ][gc,start       ] GC(175) Pause Young (Allocation Failure)
[6359.413s][debug][gc,phases      ] GC(175) Scavenge 58.345ms
[6359.413s][debug][gc,ref         ] GC(175) ReferenceProcessor::execute queues: 1, RefProcThreadModel::Single, marks_oops_alive: false
[6359.413s][debug][gc,ref         ] GC(175) Skipped KeepAliveFinalRefsPhase of Reference Processing: no references
[6359.413s][debug][gc,ref         ] GC(175) ReferenceProcessor::execute queues: 1, RefProcThreadModel::Single, marks_oops_alive: false
[6359.413s][debug][gc,phases      ] GC(175) Reference Processing 0.145ms
[6359.414s][debug][gc,phases      ] GC(175)   VM Weak                        Min:  0.0, Avg:  0.0, Max:  0.0, Diff:  0.0, Sum:  0.0, Workers: 4
[6359.414s][debug][gc,phases      ] GC(175)     Dead                           Min: 0, Avg:  0.0, Max: 0, Diff: 0, Sum: 0, Workers: 4
[6359.414s][debug][gc,phases      ] GC(175)     Total                          Min: 0, Avg: 214.5, Max: 796, Diff: 796, Sum: 858, Workers: 4
[6359.414s][debug][gc,phases      ] GC(175)   ObjectSynchronizer Weak        Min:  0.0, Avg:  0.0, Max:  0.0, Diff:  0.0, Sum:  0.0, Workers: 4
[6359.414s][debug][gc,phases      ] GC(175)     Dead                           Min: 0, Avg:  0.0, Max: 0, Diff: 0, Sum: 0, Workers: 4
[6359.414s][debug][gc,phases      ] GC(175)     Total                          Min: 0, Avg:  1.5, Max: 6, Diff: 6, Sum: 6, Workers: 4
[6359.414s][debug][gc,phases      ] GC(175)   JVMTI Tag Weak OopStorage      Min:  0.0, Avg:  0.0, Max:  0.0, Diff:  0.0, Sum:  0.0, Workers: 4
[6359.414s][debug][gc,phases      ] GC(175)     Dead                           Min: 0, Avg:  0.0, Max: 0, Diff: 0, Sum: 0, Workers: 4
[6359.414s][debug][gc,phases      ] GC(175)     Total                          Min: 0, Avg:  0.0, Max: 0, Diff: 0, Sum: 0, Workers: 4
[6359.414s][debug][gc,phases      ] GC(175)   StringTable Weak               Min:  0.0, Avg:  0.1, Max:  0.2, Diff:  0.2, Sum:  0.5, Workers: 4
[6359.414s][debug][gc,phases      ] GC(175)     Dead                           Min: 0, Avg:  0.2, Max: 1, Diff: 1, Sum: 1, Workers: 4
[6359.414s][debug][gc,phases      ] GC(175)     Total                          Min: 0, Avg: 12418.8, Max: 17024, Diff: 17024, Sum: 49675, Workers: 4
[6359.414s][debug][gc,phases      ] GC(175)   ResolvedMethodTable Weak       Min:  0.0, Avg:  0.0, Max:  0.0, Diff:  0.0, Sum:  0.1, Workers: 4
[6359.414s][debug][gc,phases      ] GC(175)     Dead                           Min: 0, Avg:  0.0, Max: 0, Diff: 0, Sum: 0, Workers: 4
[6359.414s][debug][gc,phases      ] GC(175)     Total                          Min: 0, Avg: 3551.8, Max: 4927, Diff: 4927, Sum: 14207, Workers: 4
[6359.414s][debug][gc,phases      ] GC(175)   JNI Weak                       Min:  0.0, Avg:  0.0, Max:  0.0, Diff:  0.0, Sum:  0.0, Workers: 4
[6359.414s][debug][gc,phases      ] GC(175)     Dead                           Min: 0, Avg:  0.0, Max: 0, Diff: 0, Sum: 0, Workers: 4
[6359.414s][debug][gc,phases      ] GC(175)     Total                          Min: 0, Avg: 12.0, Max: 48, Diff: 48, Sum: 48, Workers: 4
[6359.414s][debug][gc,phases      ] GC(175)   StringDedup Table Weak         Min:  0.0, Avg:  0.0, Max:  0.0, Diff:  0.0, Sum:  0.0, Workers: 4
[6359.414s][debug][gc,phases      ] GC(175)     Dead                           Min: 0, Avg:  0.0, Max: 0, Diff: 0, Sum: 0, Workers: 4
[6359.414s][debug][gc,phases      ] GC(175)     Total                          Min: 0, Avg:  0.0, Max: 0, Diff: 0, Sum: 0, Workers: 4
[6359.414s][debug][gc,phases      ] GC(175)   StringDedup Requests0 Weak     Min:  0.0, Avg:  0.0, Max:  0.0, Diff:  0.0, Sum:  0.0, Workers: 4
[6359.414s][debug][gc,phases      ] GC(175)     Dead                           Min: 0, Avg:  0.0, Max: 0, Diff: 0, Sum: 0, Workers: 4
[6359.414s][debug][gc,phases      ] GC(175)     Total                          Min: 0, Avg:  0.0, Max: 0, Diff: 0, Sum: 0, Workers: 4
[6359.414s][debug][gc,phases      ] GC(175)   StringDedup Requests1 Weak     Min:  0.0, Avg:  0.0, Max:  0.0, Diff:  0.0, Sum:  0.0, Workers: 4
[6359.414s][debug][gc,phases      ] GC(175)     Dead                           Min: 0, Avg:  0.0, Max: 0, Diff: 0, Sum: 0, Workers: 4
[6359.414s][debug][gc,phases      ] GC(175)     Total                          Min: 0, Avg:  0.0, Max: 0, Diff: 0, Sum: 0, Workers: 4
[6359.414s][debug][gc,phases      ] GC(175)   Weak JFR Old Object Samples    Min:  0.0, Avg:  0.0, Max:  0.0, Diff:  0.0, Sum:  0.0, Workers: 4
[6359.414s][debug][gc,phases      ] GC(175)     Dead                           Min: 0, Avg:  0.0, Max: 0, Diff: 0, Sum: 0, Workers: 4
[6359.414s][debug][gc,phases      ] GC(175)     Total                          Min: 0, Avg:  0.0, Max: 0, Diff: 0, Sum: 0, Workers: 4
[6359.414s][debug][gc,phases      ] GC(175) Weak Processing 0.494ms
[6359.414s][debug][gc,age         ] GC(175) Desired survivor size 199753728 bytes, new threshold 14 (max threshold 15)
[6359.414s][info ][gc,heap        ] GC(175) PSYoungGen: 1920945K(1921024K)->170482K(1877504K) Eden: 1778176K(1778176K)->0K(1707008K) From: 142769K(142848K)->170482K(170496K)
[6359.414s][info ][gc,heap        ] GC(175) ParOldGen: 439130K(538112K)->449263K(538112K)
[6359.414s][info ][gc,metaspace   ] GC(175) Metaspace: 99521K(100864K)->99521K(100864K) NonClass: 85223K(85952K)->85223K(85952K) Class: 14297K(14912K)->14297K(14912K)
[6359.414s][info ][gc             ] GC(175) Pause Young (Allocation Failure) 2304M->605M(2359M) 59.152ms
[6359.414s][info ][gc,cpu         ] GC(175) User=0.21s Sys=0.00s Real=0.06s
[6359.414s][info ][safepoint      ] Safepoint "ParallelGCFailedAllocation", Time since last: 654024768 ns, Reaching safepoint: 86703 ns, Cleanup: 25901 ns, At safepoint: 59252035 ns, Total: 59364639 ns
[6360.414s][info ][safepoint      ] Safepoint "Cleanup", Time since last: 1000091039 ns, Reaching safepoint: 13401 ns, Cleanup: 18000 ns, At safepoint: 3800 ns, Total: 35201 ns
[6362.837s][info ][safepoint      ] Safepoint "Cleanup", Time since last: 2422649502 ns, Reaching safepoint: 87503 ns, Cleanup: 12200 ns, At safepoint: 6901 ns, Total: 106604 ns
[6365.837s][info ][safepoint      ] Safepoint "Cleanup", Time since last: 3000259655 ns, Reaching safepoint: 80403 ns, Cleanup: 14100 ns, At safepoint: 11301 ns, Total: 105804 ns
[6370.838s][info ][safepoint      ] Safepoint "Cleanup", Time since last: 5000379239 ns, Reaching safepoint: 83003 ns, Cleanup: 11000 ns, At safepoint: 9501 ns, Total: 103504 ns
[6374.838s][info ][safepoint      ] Safepoint "Cleanup", Time since last: 4000347835 ns, Reaching safepoint: 85703 ns, Cleanup: 10400 ns, At safepoint: 6501 ns, Total: 102604 ns
[6375.839s][info ][safepoint      ] Safepoint "Cleanup", Time since last: 1000127002 ns, Reaching safepoint: 80603 ns, Cleanup: 15301 ns, At safepoint: 6300 ns, Total: 102204 ns
[6380.839s][info ][safepoint      ] Safepoint "Cleanup", Time since last: 5000436719 ns, Reaching safepoint: 85003 ns, Cleanup: 12201 ns, At safepoint: 7100 ns, Total: 104304 ns
[6383.839s][info ][safepoint      ] Safepoint "Cleanup", Time since last: 3000278770 ns, Reaching safepoint: 27801 ns, Cleanup: 14900 ns, At safepoint: 6000 ns, Total: 48701 ns
[6389.785s][info ][gc,start       ] GC(176) Pause Young (Allocation Failure)
[6389.821s][debug][gc,phases      ] GC(176) Scavenge 35.419ms
[6389.821s][debug][gc,ref         ] GC(176) ReferenceProcessor::execute queues: 1, RefProcThreadModel::Single, marks_oops_alive: false
[6389.821s][debug][gc,ref         ] GC(176) Skipped KeepAliveFinalRefsPhase of Reference Processing: no references
[6389.821s][debug][gc,ref         ] GC(176) ReferenceProcessor::execute queues: 1, RefProcThreadModel::Single, marks_oops_alive: false
[6389.821s][debug][gc,phases      ] GC(176) Reference Processing 0.139ms
[6389.821s][debug][gc,phases      ] GC(176)   VM Weak                        Min:  0.0, Avg:  0.0, Max:  0.0, Diff:  0.0, Sum:  0.0, Workers: 4
[6389.821s][debug][gc,phases      ] GC(176)     Dead                           Min: 0, Avg:  0.0, Max: 0, Diff: 0, Sum: 0, Workers: 4
[6389.821s][debug][gc,phases      ] GC(176)     Total                          Min: 0, Avg: 214.5, Max: 733, Diff: 733, Sum: 858, Workers: 4
[6389.821s][debug][gc,phases      ] GC(176)   ObjectSynchronizer Weak        Min:  0.0, Avg:  0.0, Max:  0.0, Diff:  0.0, Sum:  0.0, Workers: 4
[6389.821s][debug][gc,phases      ] GC(176)     Dead                           Min: 0, Avg:  0.0, Max: 0, Diff: 0, Sum: 0, Workers: 4
[6389.821s][debug][gc,phases      ] GC(176)     Total                          Min: 0, Avg:  1.2, Max: 5, Diff: 5, Sum: 5, Workers: 4
[6389.821s][debug][gc,phases      ] GC(176)   JVMTI Tag Weak OopStorage      Min:  0.0, Avg:  0.0, Max:  0.0, Diff:  0.0, Sum:  0.0, Workers: 4
[6389.821s][debug][gc,phases      ] GC(176)     Dead                           Min: 0, Avg:  0.0, Max: 0, Diff: 0, Sum: 0, Workers: 4
[6389.821s][debug][gc,phases      ] GC(176)     Total                          Min: 0, Avg:  0.0, Max: 0, Diff: 0, Sum: 0, Workers: 4
[6389.821s][debug][gc,phases      ] GC(176)   StringTable Weak               Min:  0.1, Avg:  0.1, Max:  0.1, Diff:  0.0, Sum:  0.5, Workers: 4
[6389.821s][debug][gc,phases      ] GC(176)     Dead                           Min: 0, Avg:  0.0, Max: 0, Diff: 0, Sum: 0, Workers: 4
[6389.821s][debug][gc,phases      ] GC(176)     Total                          Min: 11456, Avg: 12419.0, Max: 13389, Diff: 1933, Sum: 49676, Workers: 4
[6389.821s][debug][gc,phases      ] GC(176)   ResolvedMethodTable Weak       Min:  0.0, Avg:  0.0, Max:  0.0, Diff:  0.0, Sum:  0.1, Workers: 4
[6389.821s][debug][gc,phases      ] GC(176)     Dead                           Min: 0, Avg:  0.0, Max: 0, Diff: 0, Sum: 0, Workers: 4
[6389.821s][debug][gc,phases      ] GC(176)     Total                          Min: 3327, Avg: 3551.8, Max: 3904, Diff: 577, Sum: 14207, Workers: 4
[6389.821s][debug][gc,phases      ] GC(176)   JNI Weak                       Min:  0.0, Avg:  0.0, Max:  0.0, Diff:  0.0, Sum:  0.0, Workers: 4
[6389.821s][debug][gc,phases      ] GC(176)     Dead                           Min: 0, Avg:  0.0, Max: 0, Diff: 0, Sum: 0, Workers: 4
[6389.821s][debug][gc,phases      ] GC(176)     Total                          Min: 0, Avg: 12.0, Max: 48, Diff: 48, Sum: 48, Workers: 4
[6389.821s][debug][gc,phases      ] GC(176)   StringDedup Table Weak         Min:  0.0, Avg:  0.0, Max:  0.0, Diff:  0.0, Sum:  0.0, Workers: 4
[6389.821s][debug][gc,phases      ] GC(176)     Dead                           Min: 0, Avg:  0.0, Max: 0, Diff: 0, Sum: 0, Workers: 4
[6389.821s][debug][gc,phases      ] GC(176)     Total                          Min: 0, Avg:  0.0, Max: 0, Diff: 0, Sum: 0, Workers: 4
[6389.821s][debug][gc,phases      ] GC(176)   StringDedup Requests0 Weak     Min:  0.0, Avg:  0.0, Max:  0.0, Diff:  0.0, Sum:  0.0, Workers: 4
[6389.821s][debug][gc,phases      ] GC(176)     Dead                           Min: 0, Avg:  0.0, Max: 0, Diff: 0, Sum: 0, Workers: 4
[6389.821s][debug][gc,phases      ] GC(176)     Total                          Min: 0, Avg:  0.0, Max: 0, Diff: 0, Sum: 0, Workers: 4
[6389.821s][debug][gc,phases      ] GC(176)   StringDedup Requests1 Weak     Min:  0.0, Avg:  0.0, Max:  0.0, Diff:  0.0, Sum:  0.0, Workers: 4
[6389.821s][debug][gc,phases      ] GC(176)     Dead                           Min: 0, Avg:  0.0, Max: 0, Diff: 0, Sum: 0, Workers: 4
[6389.821s][debug][gc,phases      ] GC(176)     Total                          Min: 0, Avg:  0.0, Max: 0, Diff: 0, Sum: 0, Workers: 4
[6389.821s][debug][gc,phases      ] GC(176)   Weak JFR Old Object Samples    Min:  0.0, Avg:  0.0, Max:  0.0, Diff:  0.0, Sum:  0.0, Workers: 4
[6389.821s][debug][gc,phases      ] GC(176)     Dead                           Min: 0, Avg:  0.0, Max: 0, Diff: 0, Sum: 0, Workers: 4
[6389.821s][debug][gc,phases      ] GC(176)     Total                          Min: 0, Avg:  0.0, Max: 0, Diff: 0, Sum: 0, Workers: 4
[6389.821s][debug][gc,phases      ] GC(176) Weak Processing 0.410ms
[6389.821s][debug][gc,age         ] GC(176) Desired survivor size 190840832 bytes, new threshold 15 (max threshold 15)
[6389.821s][info ][gc,heap        ] GC(176) PSYoungGen: 1877490K(1877504K)->98608K(1902080K) Eden: 1707008K(1707008K)->0K(1707008K) From: 170482K(170496K)->98608K(195072K)
[6389.821s][info ][gc,heap        ] GC(176) ParOldGen: 449263K(538112K)->464224K(538112K)
[6389.821s][info ][gc,metaspace   ] GC(176) Metaspace: 99529K(100864K)->99529K(100864K) NonClass: 85231K(85952K)->85231K(85952K) Class: 14297K(14912K)->14297K(14912K)
[6389.821s][info ][gc             ] GC(176) Pause Young (Allocation Failure) 2272M->549M(2383M) 36.126ms
[6389.821s][info ][gc,cpu         ] GC(176) User=0.13s Sys=0.01s Real=0.04s
[6389.821s][info ][safepoint      ] Safepoint "ParallelGCFailedAllocation", Time since last: 5945583353 ns, Reaching safepoint: 85603 ns, Cleanup: 4100 ns, At safepoint: 36220849 ns, Total: 36310552 ns
[6390.821s][info ][safepoint      ] Safepoint "Cleanup", Time since last: 1000092065 ns, Reaching safepoint: 8401 ns, Cleanup: 12300 ns, At safepoint: 2300 ns, Total: 23001 ns
[6391.822s][info ][safepoint      ] Safepoint "Cleanup", Time since last: 1000137168 ns, Reaching safepoint: 9600 ns, Cleanup: 11500 ns, At safepoint: 11501 ns, Total: 32601 ns
[6392.822s][info ][safepoint      ] Safepoint "Cleanup", Time since last: 1000109666 ns, Reaching safepoint: 11601 ns, Cleanup: 10900 ns, At safepoint: 2400 ns, Total: 24901 ns
[6393.822s][info ][safepoint      ] Safepoint "Cleanup", Time since last: 1000112366 ns, Reaching safepoint: 9101 ns, Cleanup: 11800 ns, At safepoint: 2600 ns, Total: 23501 ns
[6395.822s][info ][safepoint      ] Safepoint "Cleanup", Time since last: 2000180525 ns, Reaching safepoint: 8900 ns, Cleanup: 13501 ns, At safepoint: 2700 ns, Total: 25101 ns
[6396.822s][info ][safepoint      ] Safepoint "Cleanup", Time since last: 1000061440 ns, Reaching safepoint: 8800 ns, Cleanup: 12101 ns, At safepoint: 2700 ns, Total: 23601 ns
[6400.822s][info ][safepoint      ] Safepoint "Cleanup", Time since last: 4000263287 ns, Reaching safepoint: 8200 ns, Cleanup: 10100 ns, At safepoint: 2900 ns, Total: 21200 ns
[6401.823s][info ][safepoint      ] Safepoint "Cleanup", Time since last: 1000116392 ns, Reaching safepoint: 8900 ns, Cleanup: 13301 ns, At safepoint: 2900 ns, Total: 25101 ns
[6402.823s][info ][safepoint      ] Safepoint "Cleanup", Time since last: 1000120692 ns, Reaching safepoint: 8200 ns, Cleanup: 11601 ns, At safepoint: 2300 ns, Total: 22101 ns
[6403.823s][info ][safepoint      ] Safepoint "Cleanup", Time since last: 1000099170 ns, Reaching safepoint: 8800 ns, Cleanup: 10901 ns, At safepoint: 2600 ns, Total: 22301 ns
[6409.823s][info ][safepoint      ] Safepoint "Cleanup", Time since last: 6000450048 ns, Reaching safepoint: 10201 ns, Cleanup: 18600 ns, At safepoint: 2700 ns, Total: 31501 ns
[6411.823s][info ][safepoint      ] Safepoint "Cleanup", Time since last: 2000189385 ns, Reaching safepoint: 7900 ns, Cleanup: 11600 ns, At safepoint: 2900 ns, Total: 22400 ns
[6419.824s][info ][safepoint      ] Safepoint "Cleanup", Time since last: 8000605247 ns, Reaching safepoint: 8500 ns, Cleanup: 12101 ns, At safepoint: 3200 ns, Total: 23801 ns
[6420.824s][info ][safepoint      ] Safepoint "Cleanup", Time since last: 1000109201 ns, Reaching safepoint: 8601 ns, Cleanup: 11600 ns, At safepoint: 2600 ns, Total: 22801 ns
[6421.824s][info ][safepoint      ] Safepoint "Cleanup", Time since last: 1000124602 ns, Reaching safepoint: 8100 ns, Cleanup: 13401 ns, At safepoint: 2600 ns, Total: 24101 ns
[6422.853s][info ][safepoint      ] Safepoint "Cleanup", Time since last: 1028729066 ns, Reaching safepoint: 7300 ns, Cleanup: 19500 ns, At safepoint: 2601 ns, Total: 29401 ns
[6427.202s][info ][gc,start       ] GC(177) Pause Young (Allocation Failure)
[6427.234s][debug][gc,phases      ] GC(177) Scavenge 31.883ms
[6427.234s][debug][gc,ref         ] GC(177) ReferenceProcessor::execute queues: 1, RefProcThreadModel::Single, marks_oops_alive: false
[6427.234s][debug][gc,ref         ] GC(177) Skipped KeepAliveFinalRefsPhase of Reference Processing: no references
[6427.234s][debug][gc,ref         ] GC(177) ReferenceProcessor::execute queues: 1, RefProcThreadModel::Single, marks_oops_alive: false
[6427.234s][debug][gc,phases      ] GC(177) Reference Processing 0.126ms
[6427.235s][debug][gc,phases      ] GC(177)   VM Weak                        Min:  0.0, Avg:  0.0, Max:  0.0, Diff:  0.0, Sum:  0.0, Workers: 4
[6427.235s][debug][gc,phases      ] GC(177)     Dead                           Min: 0, Avg:  0.0, Max: 0, Diff: 0, Sum: 0, Workers: 4
[6427.235s][debug][gc,phases      ] GC(177)     Total                          Min: 0, Avg: 214.5, Max: 565, Diff: 565, Sum: 858, Workers: 4
[6427.235s][debug][gc,phases      ] GC(177)   ObjectSynchronizer Weak        Min:  0.0, Avg:  0.0, Max:  0.0, Diff:  0.0, Sum:  0.0, Workers: 4
[6427.235s][debug][gc,phases      ] GC(177)     Dead                           Min: 0, Avg:  0.0, Max: 0, Diff: 0, Sum: 0, Workers: 4
[6427.235s][debug][gc,phases      ] GC(177)     Total                          Min: 0, Avg:  0.8, Max: 3, Diff: 3, Sum: 3, Workers: 4
[6427.235s][debug][gc,phases      ] GC(177)   JVMTI Tag Weak OopStorage      Min:  0.0, Avg:  0.0, Max:  0.0, Diff:  0.0, Sum:  0.0, Workers: 4
[6427.235s][debug][gc,phases      ] GC(177)     Dead                           Min: 0, Avg:  0.0, Max: 0, Diff: 0, Sum: 0, Workers: 4
[6427.235s][debug][gc,phases      ] GC(177)     Total                          Min: 0, Avg:  0.0, Max: 0, Diff: 0, Sum: 0, Workers: 4
[6427.235s][debug][gc,phases      ] GC(177)   StringTable Weak               Min:  0.0, Avg:  0.1, Max:  0.2, Diff:  0.2, Sum:  0.4, Workers: 4
[6427.235s][debug][gc,phases      ] GC(177)     Dead                           Min: 0, Avg:  0.0, Max: 0, Diff: 0, Sum: 0, Workers: 4
[6427.235s][debug][gc,phases      ] GC(177)     Total                          Min: 0, Avg: 12421.2, Max: 26710, Diff: 26710, Sum: 49685, Workers: 4
[6427.235s][debug][gc,phases      ] GC(177)   ResolvedMethodTable Weak       Min:  0.0, Avg:  0.0, Max:  0.1, Diff:  0.1, Sum:  0.1, Workers: 4
[6427.235s][debug][gc,phases      ] GC(177)     Dead                           Min: 0, Avg:  0.0, Max: 0, Diff: 0, Sum: 0, Workers: 4
[6427.235s][debug][gc,phases      ] GC(177)     Total                          Min: 0, Avg: 3552.8, Max: 7296, Diff: 7296, Sum: 14211, Workers: 4
[6427.235s][debug][gc,phases      ] GC(177)   JNI Weak                       Min:  0.0, Avg:  0.0, Max:  0.0, Diff:  0.0, Sum:  0.0, Workers: 4
[6427.235s][debug][gc,phases      ] GC(177)     Dead                           Min: 0, Avg:  0.0, Max: 0, Diff: 0, Sum: 0, Workers: 4
[6427.235s][debug][gc,phases      ] GC(177)     Total                          Min: 0, Avg: 12.0, Max: 48, Diff: 48, Sum: 48, Workers: 4
[6427.235s][debug][gc,phases      ] GC(177)   StringDedup Table Weak         Min:  0.0, Avg:  0.0, Max:  0.0, Diff:  0.0, Sum:  0.0, Workers: 4
[6427.235s][debug][gc,phases      ] GC(177)     Dead                           Min: 0, Avg:  0.0, Max: 0, Diff: 0, Sum: 0, Workers: 4
[6427.235s][debug][gc,phases      ] GC(177)     Total                          Min: 0, Avg:  0.0, Max: 0, Diff: 0, Sum: 0, Workers: 4
[6427.235s][debug][gc,phases      ] GC(177)   StringDedup Requests0 Weak     Min:  0.0, Avg:  0.0, Max:  0.0, Diff:  0.0, Sum:  0.0, Workers: 4
[6427.235s][debug][gc,phases      ] GC(177)     Dead                           Min: 0, Avg:  0.0, Max: 0, Diff: 0, Sum: 0, Workers: 4
[6427.235s][debug][gc,phases      ] GC(177)     Total                          Min: 0, Avg:  0.0, Max: 0, Diff: 0, Sum: 0, Workers: 4
[6427.235s][debug][gc,phases      ] GC(177)   StringDedup Requests1 Weak     Min:  0.0, Avg:  0.0, Max:  0.0, Diff:  0.0, Sum:  0.0, Workers: 4
[6427.235s][debug][gc,phases      ] GC(177)     Dead                           Min: 0, Avg:  0.0, Max: 0, Diff: 0, Sum: 0, Workers: 4
[6427.235s][debug][gc,phases      ] GC(177)     Total                          Min: 0, Avg:  0.0, Max: 0, Diff: 0, Sum: 0, Workers: 4
[6427.235s][debug][gc,phases      ] GC(177)   Weak JFR Old Object Samples    Min:  0.0, Avg:  0.0, Max:  0.0, Diff:  0.0, Sum:  0.0, Workers: 4
[6427.235s][debug][gc,phases      ] GC(177)     Dead                           Min: 0, Avg:  0.0, Max: 0, Diff: 0, Sum: 0, Workers: 4
[6427.235s][debug][gc,phases      ] GC(177)     Total                          Min: 0, Avg:  0.0, Max: 0, Diff: 0, Sum: 0, Workers: 4
[6427.235s][debug][gc,phases      ] GC(177) Weak Processing 0.517ms
[6427.235s][debug][gc,age         ] GC(177) Desired survivor size 182976512 bytes, new threshold 15 (max threshold 15)
[6427.235s][info ][gc,heap        ] GC(177) PSYoungGen: 1805616K(1902080K)->97824K(1918464K) Eden: 1707008K(1707008K)->0K(1732096K) From: 98608K(195072K)->97824K(186368K)
[6427.235s][info ][gc,heap        ] GC(177) ParOldGen: 464224K(538112K)->464224K(538112K)
[6427.235s][info ][gc,metaspace   ] GC(177) Metaspace: 99536K(100864K)->99536K(100864K) NonClass: 85237K(85952K)->85237K(85952K) Class: 14299K(14912K)->14299K(14912K)
[6427.235s][info ][gc             ] GC(177) Pause Young (Allocation Failure) 2216M->548M(2399M) 32.677ms
[6427.235s][info ][gc,cpu         ] GC(177) User=0.11s Sys=0.00s Real=0.03s
[6427.235s][info ][safepoint      ] Safepoint "ParallelGCFailedAllocation", Time since last: 4348911248 ns, Reaching safepoint: 7200 ns, Cleanup: 4300 ns, At safepoint: 32775705 ns, Total: 32787205 ns
[6432.235s][info ][safepoint      ] Safepoint "Cleanup", Time since last: 5000379991 ns, Reaching safepoint: 100404 ns, Cleanup: 13400 ns, At safepoint: 7300 ns, Total: 121104 ns
[6433.236s][info ][safepoint      ] Safepoint "Cleanup", Time since last: 1000135458 ns, Reaching safepoint: 85003 ns, Cleanup: 23900 ns, At safepoint: 6801 ns, Total: 115704 ns
[6435.236s][info ][safepoint      ] Safepoint "Cleanup", Time since last: 2000195236 ns, Reaching safepoint: 80903 ns, Cleanup: 16000 ns, At safepoint: 6000 ns, Total: 102903 ns
[6436.236s][info ][safepoint      ] Safepoint "Cleanup", Time since last: 1000125893 ns, Reaching safepoint: 83502 ns, Cleanup: 9501 ns, At safepoint: 6000 ns, Total: 99003 ns
[6437.236s][info ][safepoint      ] Safepoint "Cleanup", Time since last: 1000126663 ns, Reaching safepoint: 83602 ns, Cleanup: 12501 ns, At safepoint: 7500 ns, Total: 103603 ns
[6438.237s][info ][safepoint      ] Safepoint "Cleanup", Time since last: 1000109462 ns, Reaching safepoint: 84503 ns, Cleanup: 14800 ns, At safepoint: 8101 ns, Total: 107404 ns
[6439.237s][info ][safepoint      ] Safepoint "Cleanup", Time since last: 1000093461 ns, Reaching safepoint: 86503 ns, Cleanup: 14301 ns, At safepoint: 7900 ns, Total: 108704 ns
[6442.237s][info ][safepoint      ] Safepoint "Cleanup", Time since last: 3000283985 ns, Reaching safepoint: 81303 ns, Cleanup: 15400 ns, At safepoint: 6900 ns, Total: 103603 ns
[6445.238s][info ][safepoint      ] Safepoint "Cleanup", Time since last: 3000287701 ns, Reaching safepoint: 84403 ns, Cleanup: 13800 ns, At safepoint: 7000 ns, Total: 105203 ns
[6446.238s][info ][safepoint      ] Safepoint "Cleanup", Time since last: 1000121956 ns, Reaching safepoint: 79503 ns, Cleanup: 10100 ns, At safepoint: 6400 ns, Total: 96003 ns
[6447.238s][info ][safepoint      ] Safepoint "Cleanup", Time since last: 1000118656 ns, Reaching safepoint: 84302 ns, Cleanup: 10101 ns, At safepoint: 7200 ns, Total: 101603 ns
[6450.238s][info ][safepoint      ] Safepoint "Cleanup", Time since last: 3000273681 ns, Reaching safepoint: 90403 ns, Cleanup: 12800 ns, At safepoint: 7300 ns, Total: 110503 ns
[6453.239s][info ][safepoint      ] Safepoint "Cleanup", Time since last: 3000276234 ns, Reaching safepoint: 80203 ns, Cleanup: 17000 ns, At safepoint: 7101 ns, Total: 104304 ns
[6454.239s][info ][safepoint      ] Safepoint "Cleanup", Time since last: 1000135601 ns, Reaching safepoint: 87003 ns, Cleanup: 10000 ns, At safepoint: 7100 ns, Total: 104103 ns
[6456.239s][info ][safepoint      ] Safepoint "Cleanup", Time since last: 2000206901 ns, Reaching safepoint: 90003 ns, Cleanup: 9600 ns, At safepoint: 6100 ns, Total: 105703 ns
[6461.460s][info ][gc,start       ] GC(178) Pause Young (Allocation Failure)
[6461.495s][debug][gc,phases      ] GC(178) Scavenge 34.854ms
[6461.495s][debug][gc,ref         ] GC(178) ReferenceProcessor::execute queues: 1, RefProcThreadModel::Single, marks_oops_alive: false
[6461.495s][debug][gc,ref         ] GC(178) Skipped KeepAliveFinalRefsPhase of Reference Processing: no references
[6461.495s][debug][gc,ref         ] GC(178) ReferenceProcessor::execute queues: 1, RefProcThreadModel::Single, marks_oops_alive: false
[6461.495s][debug][gc,phases      ] GC(178) Reference Processing 0.181ms
[6461.495s][debug][gc,phases      ] GC(178)   VM Weak                        Min:  0.0, Avg:  0.0, Max:  0.0, Diff:  0.0, Sum:  0.0, Workers: 4
[6461.496s][debug][gc,phases      ] GC(178)     Dead                           Min: 0, Avg:  0.0, Max: 0, Diff: 0, Sum: 0, Workers: 4
[6461.496s][debug][gc,phases      ] GC(178)     Total                          Min: 0, Avg: 214.5, Max: 858, Diff: 858, Sum: 858, Workers: 4
[6461.496s][debug][gc,phases      ] GC(178)   ObjectSynchronizer Weak        Min:  0.0, Avg:  0.0, Max:  0.0, Diff:  0.0, Sum:  0.0, Workers: 4
[6461.496s][debug][gc,phases      ] GC(178)     Dead                           Min: 0, Avg:  0.0, Max: 0, Diff: 0, Sum: 0, Workers: 4
[6461.496s][debug][gc,phases      ] GC(178)     Total                          Min: 0, Avg:  1.0, Max: 4, Diff: 4, Sum: 4, Workers: 4
[6461.496s][debug][gc,phases      ] GC(178)   JVMTI Tag Weak OopStorage      Min:  0.0, Avg:  0.0, Max:  0.0, Diff:  0.0, Sum:  0.0, Workers: 4
[6461.496s][debug][gc,phases      ] GC(178)     Dead                           Min: 0, Avg:  0.0, Max: 0, Diff: 0, Sum: 0, Workers: 4
[6461.496s][debug][gc,phases      ] GC(178)     Total                          Min: 0, Avg:  0.0, Max: 0, Diff: 0, Sum: 0, Workers: 4
[6461.496s][debug][gc,phases      ] GC(178)   StringTable Weak               Min:  0.0, Avg:  0.1, Max:  0.2, Diff:  0.2, Sum:  0.5, Workers: 4
[6461.496s][debug][gc,phases      ] GC(178)     Dead                           Min: 0, Avg:  0.0, Max: 0, Diff: 0, Sum: 0, Workers: 4
[6461.496s][debug][gc,phases      ] GC(178)     Total                          Min: 0, Avg: 12421.8, Max: 18687, Diff: 18687, Sum: 49687, Workers: 4
[6461.496s][debug][gc,phases      ] GC(178)   ResolvedMethodTable Weak       Min:  0.0, Avg:  0.0, Max:  0.0, Diff:  0.0, Sum:  0.1, Workers: 4
[6461.496s][debug][gc,phases      ] GC(178)     Dead                           Min: 0, Avg:  0.0, Max: 0, Diff: 0, Sum: 0, Workers: 4
[6461.496s][debug][gc,phases      ] GC(178)     Total                          Min: 0, Avg: 3553.8, Max: 5056, Diff: 5056, Sum: 14215, Workers: 4
[6461.496s][debug][gc,phases      ] GC(178)   JNI Weak                       Min:  0.0, Avg:  0.0, Max:  0.0, Diff:  0.0, Sum:  0.0, Workers: 4
[6461.496s][debug][gc,phases      ] GC(178)     Dead                           Min: 0, Avg:  0.0, Max: 0, Diff: 0, Sum: 0, Workers: 4
[6461.496s][debug][gc,phases      ] GC(178)     Total                          Min: 0, Avg: 12.0, Max: 48, Diff: 48, Sum: 48, Workers: 4
[6461.496s][debug][gc,phases      ] GC(178)   StringDedup Table Weak         Min:  0.0, Avg:  0.0, Max:  0.0, Diff:  0.0, Sum:  0.0, Workers: 4
[6461.496s][debug][gc,phases      ] GC(178)     Dead                           Min: 0, Avg:  0.0, Max: 0, Diff: 0, Sum: 0, Workers: 4
[6461.496s][debug][gc,phases      ] GC(178)     Total                          Min: 0, Avg:  0.0, Max: 0, Diff: 0, Sum: 0, Workers: 4
[6461.496s][debug][gc,phases      ] GC(178)   StringDedup Requests0 Weak     Min:  0.0, Avg:  0.0, Max:  0.0, Diff:  0.0, Sum:  0.0, Workers: 4
[6461.496s][debug][gc,phases      ] GC(178)     Dead                           Min: 0, Avg:  0.0, Max: 0, Diff: 0, Sum: 0, Workers: 4
[6461.496s][debug][gc,phases      ] GC(178)     Total                          Min: 0, Avg:  0.0, Max: 0, Diff: 0, Sum: 0, Workers: 4
[6461.496s][debug][gc,phases      ] GC(178)   StringDedup Requests1 Weak     Min:  0.0, Avg:  0.0, Max:  0.0, Diff:  0.0, Sum:  0.0, Workers: 4
[6461.496s][debug][gc,phases      ] GC(178)     Dead                           Min: 0, Avg:  0.0, Max: 0, Diff: 0, Sum: 0, Workers: 4
[6461.496s][debug][gc,phases      ] GC(178)     Total                          Min: 0, Avg:  0.0, Max: 0, Diff: 0, Sum: 0, Workers: 4
[6461.496s][debug][gc,phases      ] GC(178)   Weak JFR Old Object Samples    Min:  0.0, Avg:  0.0, Max:  0.0, Diff:  0.0, Sum:  0.0, Workers: 4
[6461.496s][debug][gc,phases      ] GC(178)     Dead                           Min: 0, Avg:  0.0, Max: 0, Diff: 0, Sum: 0, Workers: 4
[6461.496s][debug][gc,phases      ] GC(178)     Total                          Min: 0, Avg:  0.0, Max: 0, Diff: 0, Sum: 0, Workers: 4
[6461.496s][debug][gc,phases      ] GC(178) Weak Processing 0.512ms
[6461.496s][debug][gc,age         ] GC(178) Desired survivor size 178257920 bytes, new threshold 15 (max threshold 15)
[6461.496s][info ][gc,heap        ] GC(178) PSYoungGen: 1829920K(1918464K)->81744K(1910784K) Eden: 1732096K(1732096K)->0K(1732096K) From: 97824K(186368K)->81744K(178688K)
[6461.496s][info ][gc,heap        ] GC(178) ParOldGen: 464224K(538112K)->482945K(538112K)
[6461.496s][info ][gc,metaspace   ] GC(178) Metaspace: 99562K(100928K)->99562K(100928K) NonClass: 85262K(86016K)->85262K(86016K) Class: 14300K(14912K)->14300K(14912K)
[6461.496s][info ][gc             ] GC(178) Pause Young (Allocation Failure) 2240M->551M(2391M) 35.706ms
[6461.496s][info ][gc,cpu         ] GC(178) User=0.10s Sys=0.00s Real=0.03s
[6461.496s][info ][safepoint      ] Safepoint "ParallelGCFailedAllocation", Time since last: 5220602521 ns, Reaching safepoint: 80203 ns, Cleanup: 3600 ns, At safepoint: 35796404 ns, Total: 35880207 ns
[6462.496s][info ][safepoint      ] Safepoint "Cleanup", Time since last: 1000089650 ns, Reaching safepoint: 7400 ns, Cleanup: 12701 ns, At safepoint: 2900 ns, Total: 23001 ns
[6468.496s][info ][safepoint      ] Safepoint "Cleanup", Time since last: 6000471515 ns, Reaching safepoint: 11000 ns, Cleanup: 11801 ns, At safepoint: 3500 ns, Total: 26301 ns
[6472.497s][info ][safepoint      ] Safepoint "Cleanup", Time since last: 4000279425 ns, Reaching safepoint: 10300 ns, Cleanup: 18201 ns, At safepoint: 3100 ns, Total: 31601 ns
[6478.497s][info ][safepoint      ] Safepoint "Cleanup", Time since last: 6000470171 ns, Reaching safepoint: 7100 ns, Cleanup: 10501 ns, At safepoint: 2400 ns, Total: 20001 ns
[6480.497s][info ][safepoint      ] Safepoint "Cleanup", Time since last: 2000150770 ns, Reaching safepoint: 11400 ns, Cleanup: 11701 ns, At safepoint: 2400 ns, Total: 25501 ns
[6482.873s][info ][safepoint      ] Safepoint "Cleanup", Time since last: 2375151951 ns, Reaching safepoint: 9300 ns, Cleanup: 12001 ns, At safepoint: 2400 ns, Total: 23701 ns
[6493.085s][info ][gc,start       ] GC(179) Pause Young (Allocation Failure)
[6493.112s][debug][gc,phases      ] GC(179) Scavenge 26.522ms
[6493.112s][debug][gc,ref         ] GC(179) ReferenceProcessor::execute queues: 1, RefProcThreadModel::Single, marks_oops_alive: false
[6493.112s][debug][gc,ref         ] GC(179) Skipped KeepAliveFinalRefsPhase of Reference Processing: no references
[6493.112s][debug][gc,ref         ] GC(179) ReferenceProcessor::execute queues: 1, RefProcThreadModel::Single, marks_oops_alive: false
[6493.112s][debug][gc,phases      ] GC(179) Reference Processing 0.144ms
[6493.112s][debug][gc,phases      ] GC(179)   VM Weak                        Min:  0.0, Avg:  0.0, Max:  0.0, Diff:  0.0, Sum:  0.0, Workers: 4
[6493.112s][debug][gc,phases      ] GC(179)     Dead                           Min: 0, Avg:  0.0, Max: 0, Diff: 0, Sum: 0, Workers: 4
[6493.112s][debug][gc,phases      ] GC(179)     Total                          Min: 0, Avg: 214.5, Max: 430, Diff: 430, Sum: 858, Workers: 4
[6493.112s][debug][gc,phases      ] GC(179)   ObjectSynchronizer Weak        Min:  0.0, Avg:  0.0, Max:  0.0, Diff:  0.0, Sum:  0.0, Workers: 4
[6493.112s][debug][gc,phases      ] GC(179)     Dead                           Min: 0, Avg:  0.0, Max: 0, Diff: 0, Sum: 0, Workers: 4
[6493.112s][debug][gc,phases      ] GC(179)     Total                          Min: 0, Avg:  1.0, Max: 4, Diff: 4, Sum: 4, Workers: 4
[6493.112s][debug][gc,phases      ] GC(179)   JVMTI Tag Weak OopStorage      Min:  0.0, Avg:  0.0, Max:  0.0, Diff:  0.0, Sum:  0.0, Workers: 4
[6493.112s][debug][gc,phases      ] GC(179)     Dead                           Min: 0, Avg:  0.0, Max: 0, Diff: 0, Sum: 0, Workers: 4
[6493.112s][debug][gc,phases      ] GC(179)     Total                          Min: 0, Avg:  0.0, Max: 0, Diff: 0, Sum: 0, Workers: 4
[6493.112s][debug][gc,phases      ] GC(179)   StringTable Weak               Min:  0.0, Avg:  0.1, Max:  0.2, Diff:  0.2, Sum:  0.5, Workers: 4
[6493.112s][debug][gc,phases      ] GC(179)     Dead                           Min: 0, Avg:  0.0, Max: 0, Diff: 0, Sum: 0, Workers: 4
[6493.112s][debug][gc,phases      ] GC(179)     Total                          Min: 0, Avg: 12422.0, Max: 17215, Diff: 17215, Sum: 49688, Workers: 4
[6493.112s][debug][gc,phases      ] GC(179)   ResolvedMethodTable Weak       Min:  0.0, Avg:  0.0, Max:  0.1, Diff:  0.1, Sum:  0.1, Workers: 4
[6493.112s][debug][gc,phases      ] GC(179)     Dead                           Min: 0, Avg:  0.0, Max: 0, Diff: 0, Sum: 0, Workers: 4
[6493.112s][debug][gc,phases      ] GC(179)     Total                          Min: 0, Avg: 3553.8, Max: 4999, Diff: 4999, Sum: 14215, Workers: 4
[6493.112s][debug][gc,phases      ] GC(179)   JNI Weak                       Min:  0.0, Avg:  0.0, Max:  0.0, Diff:  0.0, Sum:  0.0, Workers: 4
[6493.112s][debug][gc,phases      ] GC(179)     Dead                           Min: 0, Avg:  0.0, Max: 0, Diff: 0, Sum: 0, Workers: 4
[6493.112s][debug][gc,phases      ] GC(179)     Total                          Min: 0, Avg: 12.0, Max: 48, Diff: 48, Sum: 48, Workers: 4
[6493.112s][debug][gc,phases      ] GC(179)   StringDedup Table Weak         Min:  0.0, Avg:  0.0, Max:  0.0, Diff:  0.0, Sum:  0.0, Workers: 4
[6493.112s][debug][gc,phases      ] GC(179)     Dead                           Min: 0, Avg:  0.0, Max: 0, Diff: 0, Sum: 0, Workers: 4
[6493.112s][debug][gc,phases      ] GC(179)     Total                          Min: 0, Avg:  0.0, Max: 0, Diff: 0, Sum: 0, Workers: 4
[6493.112s][debug][gc,phases      ] GC(179)   StringDedup Requests0 Weak     Min:  0.0, Avg:  0.0, Max:  0.0, Diff:  0.0, Sum:  0.0, Workers: 4
[6493.112s][debug][gc,phases      ] GC(179)     Dead                           Min: 0, Avg:  0.0, Max: 0, Diff: 0, Sum: 0, Workers: 4
[6493.112s][debug][gc,phases      ] GC(179)     Total                          Min: 0, Avg:  0.0, Max: 0, Diff: 0, Sum: 0, Workers: 4
[6493.112s][debug][gc,phases      ] GC(179)   StringDedup Requests1 Weak     Min:  0.0, Avg:  0.0, Max:  0.0, Diff:  0.0, Sum:  0.0, Workers: 4
[6493.112s][debug][gc,phases      ] GC(179)     Dead                           Min: 0, Avg:  0.0, Max: 0, Diff: 0, Sum: 0, Workers: 4
[6493.112s][debug][gc,phases      ] GC(179)     Total                          Min: 0, Avg:  0.0, Max: 0, Diff: 0, Sum: 0, Workers: 4
[6493.112s][debug][gc,phases      ] GC(179)   Weak JFR Old Object Samples    Min:  0.0, Avg:  0.0, Max:  0.0, Diff:  0.0, Sum:  0.0, Workers: 4
[6493.112s][debug][gc,phases      ] GC(179)     Dead                           Min: 0, Avg:  0.0, Max: 0, Diff: 0, Sum: 0, Workers: 4
[6493.112s][debug][gc,phases      ] GC(179)     Total                          Min: 0, Avg:  0.0, Max: 0, Diff: 0, Sum: 0, Workers: 4
[6493.112s][debug][gc,phases      ] GC(179) Weak Processing 0.493ms
[6493.112s][debug][gc,age         ] GC(179) Desired survivor size 175112192 bytes, new threshold 15 (max threshold 15)
[6493.112s][info ][gc,heap        ] GC(179) PSYoungGen: 1813840K(1910784K)->73184K(1926144K) Eden: 1732096K(1732096K)->0K(1752064K) From: 81744K(178688K)->73184K(174080K)
[6493.112s][info ][gc,heap        ] GC(179) ParOldGen: 482945K(538112K)->493801K(538112K)
[6493.112s][info ][gc,metaspace   ] GC(179) Metaspace: 99564K(100928K)->99564K(100928K) NonClass: 85264K(86016K)->85264K(86016K) Class: 14300K(14912K)->14300K(14912K)
[6493.112s][info ][gc             ] GC(179) Pause Young (Allocation Failure) 2242M->553M(2406M) 27.345ms
[6493.112s][info ][gc,cpu         ] GC(179) User=0.10s Sys=0.00s Real=0.03s
[6493.113s][info ][safepoint      ] Safepoint "ParallelGCFailedAllocation", Time since last: 10212420152 ns, Reaching safepoint: 87102 ns, Cleanup: 4101 ns, At safepoint: 27451725 ns, Total: 27542928 ns
[6499.113s][info ][safepoint      ] Safepoint "Cleanup", Time since last: 6000419815 ns, Reaching safepoint: 9601 ns, Cleanup: 11000 ns, At safepoint: 2900 ns, Total: 23501 ns
[6500.113s][info ][safepoint      ] Safepoint "Cleanup", Time since last: 1000120788 ns, Reaching safepoint: 7700 ns, Cleanup: 10201 ns, At safepoint: 2900 ns, Total: 20801 ns
[6502.113s][info ][safepoint      ] Safepoint "Cleanup", Time since last: 2000189408 ns, Reaching safepoint: 10801 ns, Cleanup: 12200 ns, At safepoint: 2700 ns, Total: 25701 ns
[6512.114s][info ][safepoint      ] Safepoint "Cleanup", Time since last: 10000755649 ns, Reaching safepoint: 89603 ns, Cleanup: 86503 ns, At safepoint: 12200 ns, Total: 188306 ns
[6512.424s][info ][safepoint      ] Safepoint "ParallelGCFailedAllocation", Time since last: 309777262 ns, Reaching safepoint: 82702 ns, Cleanup: 3701 ns, At safepoint: 20500 ns, Total: 106903 ns
[6512.424s][info ][gc,start       ] GC(180) Pause Young (GCLocker Initiated GC)
[6512.467s][debug][gc,phases      ] GC(180) Scavenge 43.057ms
[6512.468s][debug][gc,ref         ] GC(180) ReferenceProcessor::execute queues: 1, RefProcThreadModel::Single, marks_oops_alive: false
[6512.468s][debug][gc,ref         ] GC(180) Skipped KeepAliveFinalRefsPhase of Reference Processing: no references
[6512.468s][debug][gc,ref         ] GC(180) ReferenceProcessor::execute queues: 1, RefProcThreadModel::Single, marks_oops_alive: false
[6512.468s][debug][gc,phases      ] GC(180) Reference Processing 0.159ms
[6512.468s][debug][gc,phases      ] GC(180)   VM Weak                        Min:  0.0, Avg:  0.0, Max:  0.0, Diff:  0.0, Sum:  0.0, Workers: 4
[6512.468s][debug][gc,phases      ] GC(180)     Dead                           Min: 0, Avg:  0.0, Max: 0, Diff: 0, Sum: 0, Workers: 4
[6512.468s][debug][gc,phases      ] GC(180)     Total                          Min: 0, Avg: 214.5, Max: 565, Diff: 565, Sum: 858, Workers: 4
[6512.468s][debug][gc,phases      ] GC(180)   ObjectSynchronizer Weak        Min:  0.0, Avg:  0.0, Max:  0.0, Diff:  0.0, Sum:  0.0, Workers: 4
[6512.468s][debug][gc,phases      ] GC(180)     Dead                           Min: 0, Avg:  0.0, Max: 0, Diff: 0, Sum: 0, Workers: 4
[6512.468s][debug][gc,phases      ] GC(180)     Total                          Min: 0, Avg:  1.5, Max: 6, Diff: 6, Sum: 6, Workers: 4
[6512.468s][debug][gc,phases      ] GC(180)   JVMTI Tag Weak OopStorage      Min:  0.0, Avg:  0.0, Max:  0.0, Diff:  0.0, Sum:  0.0, Workers: 4
[6512.468s][debug][gc,phases      ] GC(180)     Dead                           Min: 0, Avg:  0.0, Max: 0, Diff: 0, Sum: 0, Workers: 4
[6512.468s][debug][gc,phases      ] GC(180)     Total                          Min: 0, Avg:  0.0, Max: 0, Diff: 0, Sum: 0, Workers: 4
[6512.468s][debug][gc,phases      ] GC(180)   StringTable Weak               Min:  0.0, Avg:  0.1, Max:  0.2, Diff:  0.2, Sum:  0.5, Workers: 4
[6512.468s][debug][gc,phases      ] GC(180)     Dead                           Min: 0, Avg:  0.0, Max: 0, Diff: 0, Sum: 0, Workers: 4
[6512.468s][debug][gc,phases      ] GC(180)     Total                          Min: 0, Avg: 12422.0, Max: 18392, Diff: 18392, Sum: 49688, Workers: 4
[6512.468s][debug][gc,phases      ] GC(180)   ResolvedMethodTable Weak       Min:  0.0, Avg:  0.0, Max:  0.0, Diff:  0.0, Sum:  0.1, Workers: 4
[6512.468s][debug][gc,phases      ] GC(180)     Dead                           Min: 0, Avg:  0.0, Max: 0, Diff: 0, Sum: 0, Workers: 4
[6512.468s][debug][gc,phases      ] GC(180)     Total                          Min: 0, Avg: 3553.8, Max: 5056, Diff: 5056, Sum: 14215, Workers: 4
[6512.468s][debug][gc,phases      ] GC(180)   JNI Weak                       Min:  0.0, Avg:  0.0, Max:  0.0, Diff:  0.0, Sum:  0.0, Workers: 4
[6512.468s][debug][gc,phases      ] GC(180)     Dead                           Min: 0, Avg:  0.0, Max: 0, Diff: 0, Sum: 0, Workers: 4
[6512.468s][debug][gc,phases      ] GC(180)     Total                          Min: 0, Avg: 12.0, Max: 48, Diff: 48, Sum: 48, Workers: 4
[6512.468s][debug][gc,phases      ] GC(180)   StringDedup Table Weak         Min:  0.0, Avg:  0.0, Max:  0.0, Diff:  0.0, Sum:  0.0, Workers: 4
[6512.468s][debug][gc,phases      ] GC(180)     Dead                           Min: 0, Avg:  0.0, Max: 0, Diff: 0, Sum: 0, Workers: 4
[6512.468s][debug][gc,phases      ] GC(180)     Total                          Min: 0, Avg:  0.0, Max: 0, Diff: 0, Sum: 0, Workers: 4
[6512.468s][debug][gc,phases      ] GC(180)   StringDedup Requests0 Weak     Min:  0.0, Avg:  0.0, Max:  0.0, Diff:  0.0, Sum:  0.0, Workers: 4
[6512.468s][debug][gc,phases      ] GC(180)     Dead                           Min: 0, Avg:  0.0, Max: 0, Diff: 0, Sum: 0, Workers: 4
[6512.468s][debug][gc,phases      ] GC(180)     Total                          Min: 0, Avg:  0.0, Max: 0, Diff: 0, Sum: 0, Workers: 4
[6512.468s][debug][gc,phases      ] GC(180)   StringDedup Requests1 Weak     Min:  0.0, Avg:  0.0, Max:  0.0, Diff:  0.0, Sum:  0.0, Workers: 4
[6512.468s][debug][gc,phases      ] GC(180)     Dead                           Min: 0, Avg:  0.0, Max: 0, Diff: 0, Sum: 0, Workers: 4
[6512.468s][debug][gc,phases      ] GC(180)     Total                          Min: 0, Avg:  0.0, Max: 0, Diff: 0, Sum: 0, Workers: 4
[6512.468s][debug][gc,phases      ] GC(180)   Weak JFR Old Object Samples    Min:  0.0, Avg:  0.0, Max:  0.0, Diff:  0.0, Sum:  0.0, Workers: 4
[6512.468s][debug][gc,phases      ] GC(180)     Dead                           Min: 0, Avg:  0.0, Max: 0, Diff: 0, Sum: 0, Workers: 4
[6512.468s][debug][gc,phases      ] GC(180)     Total                          Min: 0, Avg:  0.0, Max: 0, Diff: 0, Sum: 0, Workers: 4
[6512.468s][debug][gc,phases      ] GC(180) Weak Processing 0.510ms
[6512.468s][debug][gc,age         ] GC(180) Desired survivor size 175636480 bytes, new threshold 15 (max threshold 15)
[6512.468s][info ][gc,heap        ] GC(180) PSYoungGen: 1825248K(1926144K)->118112K(1923072K) Eden: 1752064K(1752064K)->0K(1752064K) From: 73184K(174080K)->118112K(171008K)
[6512.468s][info ][gc,heap        ] GC(180) ParOldGen: 493929K(538112K)->500329K(538112K)
[6512.468s][info ][gc,metaspace   ] GC(180) Metaspace: 99579K(100928K)->99579K(100928K) NonClass: 85279K(86016K)->85279K(86016K) Class: 14300K(14912K)->14300K(14912K)
[6512.468s][info ][gc             ] GC(180) Pause Young (GCLocker Initiated GC) 2264M->603M(2403M) 43.900ms
[6512.468s][info ][gc,cpu         ] GC(180) User=0.14s Sys=0.01s Real=0.05s
[6512.468s][info ][safepoint      ] Safepoint "ParallelGCSystemGC", Time since last: 99303 ns, Reaching safepoint: 75703 ns, Cleanup: 900 ns, At safepoint: 44000472 ns, Total: 44077075 ns
[6514.469s][info ][safepoint      ] Safepoint "Cleanup", Time since last: 2000156902 ns, Reaching safepoint: 8500 ns, Cleanup: 11001 ns, At safepoint: 2200 ns, Total: 21701 ns
[6516.469s][info ][safepoint      ] Safepoint "Cleanup", Time since last: 2000192288 ns, Reaching safepoint: 8400 ns, Cleanup: 10200 ns, At safepoint: 2600 ns, Total: 21200 ns
[6517.469s][info ][safepoint      ] Safepoint "Cleanup", Time since last: 1000116675 ns, Reaching safepoint: 12100 ns, Cleanup: 12801 ns, At safepoint: 7200 ns, Total: 32101 ns
[6518.469s][info ][safepoint      ] Safepoint "Cleanup", Time since last: 1000134475 ns, Reaching safepoint: 10101 ns, Cleanup: 22300 ns, At safepoint: 5201 ns, Total: 37602 ns
[6519.469s][info ][safepoint      ] Safepoint "Cleanup", Time since last: 1000118975 ns, Reaching safepoint: 8300 ns, Cleanup: 18700 ns, At safepoint: 2700 ns, Total: 29700 ns
[6520.469s][info ][safepoint      ] Safepoint "Cleanup", Time since last: 1000132576 ns, Reaching safepoint: 8600 ns, Cleanup: 13901 ns, At safepoint: 2900 ns, Total: 25401 ns
[6526.470s][info ][safepoint      ] Safepoint "Cleanup", Time since last: 6000462331 ns, Reaching safepoint: 8901 ns, Cleanup: 10300 ns, At safepoint: 2600 ns, Total: 21801 ns
[6527.470s][info ][safepoint      ] Safepoint "Cleanup", Time since last: 1000071106 ns, Reaching safepoint: 8800 ns, Cleanup: 10901 ns, At safepoint: 2900 ns, Total: 22601 ns
[6534.471s][info ][safepoint      ] Safepoint "Cleanup", Time since last: 7000537150 ns, Reaching safepoint: 8200 ns, Cleanup: 18201 ns, At safepoint: 2700 ns, Total: 29101 ns
[6535.471s][info ][safepoint      ] Safepoint "Cleanup", Time since last: 1000124890 ns, Reaching safepoint: 9100 ns, Cleanup: 11400 ns, At safepoint: 29401 ns, Total: 49901 ns
[6536.471s][info ][safepoint      ] Safepoint "Cleanup", Time since last: 1000108890 ns, Reaching safepoint: 8400 ns, Cleanup: 11900 ns, At safepoint: 3100 ns, Total: 23400 ns
[6538.471s][info ][safepoint      ] Safepoint "Cleanup", Time since last: 2000181478 ns, Reaching safepoint: 9400 ns, Cleanup: 10601 ns, At safepoint: 2800 ns, Total: 22801 ns
[6538.684s][info ][gc,start       ] GC(181) Pause Young (Allocation Failure)
[6538.707s][debug][gc,phases      ] GC(181) Scavenge 22.208ms
[6538.707s][debug][gc,ref         ] GC(181) ReferenceProcessor::execute queues: 1, RefProcThreadModel::Single, marks_oops_alive: false
[6538.707s][debug][gc,ref         ] GC(181) Skipped KeepAliveFinalRefsPhase of Reference Processing: no references
[6538.707s][debug][gc,ref         ] GC(181) ReferenceProcessor::execute queues: 1, RefProcThreadModel::Single, marks_oops_alive: false
[6538.707s][debug][gc,phases      ] GC(181) Reference Processing 0.150ms
[6538.707s][debug][gc,phases      ] GC(181)   VM Weak                        Min:  0.0, Avg:  0.0, Max:  0.0, Diff:  0.0, Sum:  0.0, Workers: 4
[6538.707s][debug][gc,phases      ] GC(181)     Dead                           Min: 0, Avg:  0.0, Max: 0, Diff: 0, Sum: 0, Workers: 4
[6538.707s][debug][gc,phases      ] GC(181)     Total                          Min: 0, Avg: 214.5, Max: 430, Diff: 430, Sum: 858, Workers: 4
[6538.707s][debug][gc,phases      ] GC(181)   ObjectSynchronizer Weak        Min:  0.0, Avg:  0.0, Max:  0.0, Diff:  0.0, Sum:  0.0, Workers: 4
[6538.707s][debug][gc,phases      ] GC(181)     Dead                           Min: 0, Avg:  0.0, Max: 0, Diff: 0, Sum: 0, Workers: 4
[6538.707s][debug][gc,phases      ] GC(181)     Total                          Min: 0, Avg:  1.5, Max: 6, Diff: 6, Sum: 6, Workers: 4
[6538.707s][debug][gc,phases      ] GC(181)   JVMTI Tag Weak OopStorage      Min:  0.0, Avg:  0.0, Max:  0.0, Diff:  0.0, Sum:  0.0, Workers: 4
[6538.707s][debug][gc,phases      ] GC(181)     Dead                           Min: 0, Avg:  0.0, Max: 0, Diff: 0, Sum: 0, Workers: 4
[6538.707s][debug][gc,phases      ] GC(181)     Total                          Min: 0, Avg:  0.0, Max: 0, Diff: 0, Sum: 0, Workers: 4
[6538.707s][debug][gc,phases      ] GC(181)   StringTable Weak               Min:  0.0, Avg:  0.1, Max:  0.2, Diff:  0.2, Sum:  0.5, Workers: 4
[6538.707s][debug][gc,phases      ] GC(181)     Dead                           Min: 0, Avg:  0.0, Max: 0, Diff: 0, Sum: 0, Workers: 4
[6538.707s][debug][gc,phases      ] GC(181)     Total                          Min: 0, Avg: 12422.0, Max: 18008, Diff: 18008, Sum: 49688, Workers: 4
[6538.707s][debug][gc,phases      ] GC(181)   ResolvedMethodTable Weak       Min:  0.0, Avg:  0.0, Max:  0.0, Diff:  0.0, Sum:  0.1, Workers: 4
[6538.707s][debug][gc,phases      ] GC(181)     Dead                           Min: 0, Avg:  0.0, Max: 0, Diff: 0, Sum: 0, Workers: 4
[6538.707s][debug][gc,phases      ] GC(181)     Total                          Min: 0, Avg: 3553.8, Max: 5440, Diff: 5440, Sum: 14215, Workers: 4
[6538.707s][debug][gc,phases      ] GC(181)   JNI Weak                       Min:  0.0, Avg:  0.0, Max:  0.0, Diff:  0.0, Sum:  0.0, Workers: 4
[6538.707s][debug][gc,phases      ] GC(181)     Dead                           Min: 0, Avg:  0.0, Max: 0, Diff: 0, Sum: 0, Workers: 4
[6538.707s][debug][gc,phases      ] GC(181)     Total                          Min: 0, Avg: 12.0, Max: 48, Diff: 48, Sum: 48, Workers: 4
[6538.707s][debug][gc,phases      ] GC(181)   StringDedup Table Weak         Min:  0.0, Avg:  0.0, Max:  0.0, Diff:  0.0, Sum:  0.0, Workers: 4
[6538.707s][debug][gc,phases      ] GC(181)     Dead                           Min: 0, Avg:  0.0, Max: 0, Diff: 0, Sum: 0, Workers: 4
[6538.707s][debug][gc,phases      ] GC(181)     Total                          Min: 0, Avg:  0.0, Max: 0, Diff: 0, Sum: 0, Workers: 4
[6538.707s][debug][gc,phases      ] GC(181)   StringDedup Requests0 Weak     Min:  0.0, Avg:  0.0, Max:  0.0, Diff:  0.0, Sum:  0.0, Workers: 4
[6538.707s][debug][gc,phases      ] GC(181)     Dead                           Min: 0, Avg:  0.0, Max: 0, Diff: 0, Sum: 0, Workers: 4
[6538.707s][debug][gc,phases      ] GC(181)     Total                          Min: 0, Avg:  0.0, Max: 0, Diff: 0, Sum: 0, Workers: 4
[6538.707s][debug][gc,phases      ] GC(181)   StringDedup Requests1 Weak     Min:  0.0, Avg:  0.0, Max:  0.0, Diff:  0.0, Sum:  0.0, Workers: 4
[6538.707s][debug][gc,phases      ] GC(181)     Dead                           Min: 0, Avg:  0.0, Max: 0, Diff: 0, Sum: 0, Workers: 4
[6538.707s][debug][gc,phases      ] GC(181)     Total                          Min: 0, Avg:  0.0, Max: 0, Diff: 0, Sum: 0, Workers: 4
[6538.707s][debug][gc,phases      ] GC(181)   Weak JFR Old Object Samples    Min:  0.0, Avg:  0.0, Max:  0.0, Diff:  0.0, Sum:  0.0, Workers: 4
[6538.707s][debug][gc,phases      ] GC(181)     Dead                           Min: 0, Avg:  0.0, Max: 0, Diff: 0, Sum: 0, Workers: 4
[6538.707s][debug][gc,phases      ] GC(181)     Total                          Min: 0, Avg:  0.0, Max: 0, Diff: 0, Sum: 0, Workers: 4
[6538.707s][debug][gc,phases      ] GC(181) Weak Processing 0.445ms
[6538.707s][debug][gc,age         ] GC(181) Desired survivor size 174587904 bytes, new threshold 15 (max threshold 15)
[6538.707s][info ][gc,heap        ] GC(181) PSYoungGen: 1870176K(1923072K)->63344K(1926656K) Eden: 1752064K(1752064K)->0K(1755136K) From: 118112K(171008K)->63344K(171520K)
[6538.707s][info ][gc,heap        ] GC(181) ParOldGen: 500447K(538112K)->503311K(538112K)
[6538.707s][info ][gc,metaspace   ] GC(181) Metaspace: 99581K(100928K)->99581K(100928K) NonClass: 85280K(86016K)->85280K(86016K) Class: 14300K(14912K)->14300K(14912K)
[6538.707s][info ][gc             ] GC(181) Pause Young (Allocation Failure) 2315M->553M(2407M) 22.955ms
[6538.707s][info ][gc,cpu         ] GC(181) User=0.08s Sys=0.01s Real=0.03s
[6538.707s][info ][safepoint      ] Safepoint "ParallelGCFailedAllocation", Time since last: 213231656 ns, Reaching safepoint: 85503 ns, Cleanup: 3700 ns, At safepoint: 23077231 ns, Total: 23166434 ns
[6539.707s][info ][safepoint      ] Safepoint "Cleanup", Time since last: 1000048388 ns, Reaching safepoint: 7900 ns, Cleanup: 9700 ns, At safepoint: 2400 ns, Total: 20000 ns
[6556.890s][info ][safepoint      ] Safepoint "Cleanup", Time since last: 17182206149 ns, Reaching safepoint: 85103 ns, Cleanup: 35201 ns, At safepoint: 7500 ns, Total: 127804 ns
[6557.890s][info ][safepoint      ] Safepoint "Cleanup", Time since last: 1000119388 ns, Reaching safepoint: 81903 ns, Cleanup: 26000 ns, At safepoint: 6101 ns, Total: 114004 ns
[6559.890s][info ][safepoint      ] Safepoint "Cleanup", Time since last: 2000209975 ns, Reaching safepoint: 87102 ns, Cleanup: 11701 ns, At safepoint: 9700 ns, Total: 108503 ns
[6563.891s][info ][safepoint      ] Safepoint "Cleanup", Time since last: 4000363705 ns, Reaching safepoint: 80403 ns, Cleanup: 11200 ns, At safepoint: 5900 ns, Total: 97503 ns
[6571.891s][info ][safepoint      ] Safepoint "Cleanup", Time since last: 8000604855 ns, Reaching safepoint: 11801 ns, Cleanup: 12200 ns, At safepoint: 3900 ns, Total: 27901 ns
[6574.892s][info ][safepoint      ] Safepoint "Cleanup", Time since last: 3000220268 ns, Reaching safepoint: 8200 ns, Cleanup: 11701 ns, At safepoint: 6900 ns, Total: 26801 ns
[6576.892s][info ][safepoint      ] Safepoint "Cleanup", Time since last: 2000236048 ns, Reaching safepoint: 86102 ns, Cleanup: 43201 ns, At safepoint: 14201 ns, Total: 143504 ns
[6577.892s][info ][safepoint      ] Safepoint "Cleanup", Time since last: 1000109024 ns, Reaching safepoint: 7800 ns, Cleanup: 10800 ns, At safepoint: 2700 ns, Total: 21300 ns
[6578.387s][info ][gc,start       ] GC(182) Pause Young (Allocation Failure)
[6578.407s][debug][gc,phases      ] GC(182) Scavenge 20.472ms
[6578.408s][debug][gc,ref         ] GC(182) ReferenceProcessor::execute queues: 1, RefProcThreadModel::Single, marks_oops_alive: false
[6578.408s][debug][gc,ref         ] GC(182) Skipped KeepAliveFinalRefsPhase of Reference Processing: no references
[6578.408s][debug][gc,ref         ] GC(182) ReferenceProcessor::execute queues: 1, RefProcThreadModel::Single, marks_oops_alive: false
[6578.408s][debug][gc,phases      ] GC(182) Reference Processing 0.129ms
[6578.408s][debug][gc,phases      ] GC(182)   VM Weak                        Min:  0.0, Avg:  0.0, Max:  0.0, Diff:  0.0, Sum:  0.0, Workers: 4
[6578.408s][debug][gc,phases      ] GC(182)     Dead                           Min: 0, Avg:  0.0, Max: 0, Diff: 0, Sum: 0, Workers: 4
[6578.408s][debug][gc,phases      ] GC(182)     Total                          Min: 0, Avg: 214.5, Max: 629, Diff: 629, Sum: 858, Workers: 4
[6578.408s][debug][gc,phases      ] GC(182)   ObjectSynchronizer Weak        Min:  0.0, Avg:  0.0, Max:  0.0, Diff:  0.0, Sum:  0.0, Workers: 4
[6578.408s][debug][gc,phases      ] GC(182)     Dead                           Min: 0, Avg:  0.0, Max: 0, Diff: 0, Sum: 0, Workers: 4
[6578.408s][debug][gc,phases      ] GC(182)     Total                          Min: 0, Avg:  1.0, Max: 4, Diff: 4, Sum: 4, Workers: 4
[6578.408s][debug][gc,phases      ] GC(182)   JVMTI Tag Weak OopStorage      Min:  0.0, Avg:  0.0, Max:  0.0, Diff:  0.0, Sum:  0.0, Workers: 4
[6578.408s][debug][gc,phases      ] GC(182)     Dead                           Min: 0, Avg:  0.0, Max: 0, Diff: 0, Sum: 0, Workers: 4
[6578.408s][debug][gc,phases      ] GC(182)     Total                          Min: 0, Avg:  0.0, Max: 0, Diff: 0, Sum: 0, Workers: 4
[6578.408s][debug][gc,phases      ] GC(182)   StringTable Weak               Min:  0.0, Avg:  0.1, Max:  0.1, Diff:  0.1, Sum:  0.4, Workers: 4
[6578.408s][debug][gc,phases      ] GC(182)     Dead                           Min: 0, Avg:  0.0, Max: 0, Diff: 0, Sum: 0, Workers: 4
[6578.408s][debug][gc,phases      ] GC(182)     Total                          Min: 0, Avg: 12423.0, Max: 17180, Diff: 17180, Sum: 49692, Workers: 4
[6578.408s][debug][gc,phases      ] GC(182)   ResolvedMethodTable Weak       Min:  0.0, Avg:  0.0, Max:  0.0, Diff:  0.0, Sum:  0.1, Workers: 4
[6578.408s][debug][gc,phases      ] GC(182)     Dead                           Min: 0, Avg:  0.0, Max: 0, Diff: 0, Sum: 0, Workers: 4
[6578.408s][debug][gc,phases      ] GC(182)     Total                          Min: 0, Avg: 3554.2, Max: 4800, Diff: 4800, Sum: 14217, Workers: 4
[6578.408s][debug][gc,phases      ] GC(182)   JNI Weak                       Min:  0.0, Avg:  0.0, Max:  0.0, Diff:  0.0, Sum:  0.0, Workers: 4
[6578.408s][debug][gc,phases      ] GC(182)     Dead                           Min: 0, Avg:  0.0, Max: 0, Diff: 0, Sum: 0, Workers: 4
[6578.408s][debug][gc,phases      ] GC(182)     Total                          Min: 0, Avg: 12.0, Max: 48, Diff: 48, Sum: 48, Workers: 4
[6578.408s][debug][gc,phases      ] GC(182)   StringDedup Table Weak         Min:  0.0, Avg:  0.0, Max:  0.0, Diff:  0.0, Sum:  0.0, Workers: 4
[6578.408s][debug][gc,phases      ] GC(182)     Dead                           Min: 0, Avg:  0.0, Max: 0, Diff: 0, Sum: 0, Workers: 4
[6578.408s][debug][gc,phases      ] GC(182)     Total                          Min: 0, Avg:  0.0, Max: 0, Diff: 0, Sum: 0, Workers: 4
[6578.408s][debug][gc,phases      ] GC(182)   StringDedup Requests0 Weak     Min:  0.0, Avg:  0.0, Max:  0.0, Diff:  0.0, Sum:  0.0, Workers: 4
[6578.408s][debug][gc,phases      ] GC(182)     Dead                           Min: 0, Avg:  0.0, Max: 0, Diff: 0, Sum: 0, Workers: 4
[6578.408s][debug][gc,phases      ] GC(182)     Total                          Min: 0, Avg:  0.0, Max: 0, Diff: 0, Sum: 0, Workers: 4
[6578.408s][debug][gc,phases      ] GC(182)   StringDedup Requests1 Weak     Min:  0.0, Avg:  0.0, Max:  0.0, Diff:  0.0, Sum:  0.0, Workers: 4
[6578.408s][debug][gc,phases      ] GC(182)     Dead                           Min: 0, Avg:  0.0, Max: 0, Diff: 0, Sum: 0, Workers: 4
[6578.408s][debug][gc,phases      ] GC(182)     Total                          Min: 0, Avg:  0.0, Max: 0, Diff: 0, Sum: 0, Workers: 4
[6578.408s][debug][gc,phases      ] GC(182)   Weak JFR Old Object Samples    Min:  0.0, Avg:  0.0, Max:  0.0, Diff:  0.0, Sum:  0.0, Workers: 4
[6578.408s][debug][gc,phases      ] GC(182)     Dead                           Min: 0, Avg:  0.0, Max: 0, Diff: 0, Sum: 0, Workers: 4
[6578.408s][debug][gc,phases      ] GC(182)     Total                          Min: 0, Avg:  0.0, Max: 0, Diff: 0, Sum: 0, Workers: 4
[6578.408s][debug][gc,phases      ] GC(182) Weak Processing 0.456ms
[6578.408s][debug][gc,age         ] GC(182) Desired survivor size 171966464 bytes, new threshold 15 (max threshold 15)
[6578.408s][info ][gc,heap        ] GC(182) PSYoungGen: 1818480K(1926656K)->65312K(1925632K) Eden: 1755136K(1755136K)->0K(1755136K) From: 63344K(171520K)->65312K(170496K)
[6578.408s][info ][gc,heap        ] GC(182) ParOldGen: 503311K(538112K)->503663K(538112K)
[6578.408s][info ][gc,metaspace   ] GC(182) Metaspace: 99591K(100928K)->99591K(100928K) NonClass: 85289K(86016K)->85289K(86016K) Class: 14302K(14912K)->14302K(14912K)
[6578.408s][info ][gc             ] GC(182) Pause Young (Allocation Failure) 2267M->555M(2406M) 21.218ms
[6578.408s][info ][gc,cpu         ] GC(182) User=0.08s Sys=0.00s Real=0.03s
[6578.408s][info ][safepoint      ] Safepoint "ParallelGCFailedAllocation", Time since last: 494668301 ns, Reaching safepoint: 9300 ns, Cleanup: 4500 ns, At safepoint: 21310544 ns, Total: 21324344 ns
[6580.408s][info ][safepoint      ] Safepoint "Cleanup", Time since last: 2000161957 ns, Reaching safepoint: 9600 ns, Cleanup: 13000 ns, At safepoint: 3000 ns, Total: 25600 ns
[6588.409s][info ][safepoint      ] Safepoint "Cleanup", Time since last: 8000580115 ns, Reaching safepoint: 7701 ns, Cleanup: 13100 ns, At safepoint: 3000 ns, Total: 23801 ns
[6590.409s][info ][safepoint      ] Safepoint "Cleanup", Time since last: 2000177982 ns, Reaching safepoint: 7200 ns, Cleanup: 13800 ns, At safepoint: 2300 ns, Total: 23300 ns
[6598.410s][info ][safepoint      ] Safepoint "Cleanup", Time since last: 8000531178 ns, Reaching safepoint: 7600 ns, Cleanup: 11501 ns, At safepoint: 2100 ns, Total: 21201 ns
[6608.905s][info ][safepoint      ] Safepoint "Cleanup", Time since last: 10495380103 ns, Reaching safepoint: 6800 ns, Cleanup: 8701 ns, At safepoint: 2500 ns, Total: 18001 ns
[6609.905s][info ][safepoint      ] Safepoint "Cleanup", Time since last: 1000120213 ns, Reaching safepoint: 8100 ns, Cleanup: 9401 ns, At safepoint: 2700 ns, Total: 20201 ns
[6612.906s][info ][safepoint      ] Safepoint "Cleanup", Time since last: 3000239023 ns, Reaching safepoint: 7500 ns, Cleanup: 17501 ns, At safepoint: 2400 ns, Total: 27401 ns
[6619.834s][info ][gc,start       ] GC(183) Pause Young (Allocation Failure)
[6619.855s][debug][gc,phases      ] GC(183) Scavenge 20.395ms
[6619.855s][debug][gc,ref         ] GC(183) ReferenceProcessor::execute queues: 1, RefProcThreadModel::Single, marks_oops_alive: false
[6619.855s][debug][gc,ref         ] GC(183) Skipped KeepAliveFinalRefsPhase of Reference Processing: no references
[6619.855s][debug][gc,ref         ] GC(183) ReferenceProcessor::execute queues: 1, RefProcThreadModel::Single, marks_oops_alive: false
[6619.855s][debug][gc,phases      ] GC(183) Reference Processing 0.137ms
[6619.855s][debug][gc,phases      ] GC(183)   VM Weak                        Min:  0.0, Avg:  0.0, Max:  0.0, Diff:  0.0, Sum:  0.0, Workers: 4
[6619.855s][debug][gc,phases      ] GC(183)     Dead                           Min: 0, Avg:  0.0, Max: 0, Diff: 0, Sum: 0, Workers: 4
[6619.855s][debug][gc,phases      ] GC(183)     Total                          Min: 0, Avg: 214.5, Max: 679, Diff: 679, Sum: 858, Workers: 4
[6619.855s][debug][gc,phases      ] GC(183)   ObjectSynchronizer Weak        Min:  0.0, Avg:  0.0, Max:  0.0, Diff:  0.0, Sum:  0.0, Workers: 4
[6619.855s][debug][gc,phases      ] GC(183)     Dead                           Min: 0, Avg:  0.0, Max: 0, Diff: 0, Sum: 0, Workers: 4
[6619.855s][debug][gc,phases      ] GC(183)     Total                          Min: 0, Avg:  1.0, Max: 4, Diff: 4, Sum: 4, Workers: 4
[6619.855s][debug][gc,phases      ] GC(183)   JVMTI Tag Weak OopStorage      Min:  0.0, Avg:  0.0, Max:  0.0, Diff:  0.0, Sum:  0.0, Workers: 4
[6619.855s][debug][gc,phases      ] GC(183)     Dead                           Min: 0, Avg:  0.0, Max: 0, Diff: 0, Sum: 0, Workers: 4
[6619.855s][debug][gc,phases      ] GC(183)     Total                          Min: 0, Avg:  0.0, Max: 0, Diff: 0, Sum: 0, Workers: 4
[6619.855s][debug][gc,phases      ] GC(183)   StringTable Weak               Min:  0.1, Avg:  0.1, Max:  0.1, Diff:  0.0, Sum:  0.5, Workers: 4
[6619.855s][debug][gc,phases      ] GC(183)     Dead                           Min: 0, Avg:  0.0, Max: 0, Diff: 0, Sum: 0, Workers: 4
[6619.855s][debug][gc,phases      ] GC(183)     Total                          Min: 10368, Avg: 12423.0, Max: 13376, Diff: 3008, Sum: 49692, Workers: 4
[6619.855s][debug][gc,phases      ] GC(183)   ResolvedMethodTable Weak       Min:  0.0, Avg:  0.0, Max:  0.0, Diff:  0.0, Sum:  0.1, Workers: 4
[6619.855s][debug][gc,phases      ] GC(183)     Dead                           Min: 0, Avg:  0.0, Max: 0, Diff: 0, Sum: 0, Workers: 4
[6619.855s][debug][gc,phases      ] GC(183)     Total                          Min: 3328, Avg: 3554.2, Max: 3849, Diff: 521, Sum: 14217, Workers: 4
[6619.855s][debug][gc,phases      ] GC(183)   JNI Weak                       Min:  0.0, Avg:  0.0, Max:  0.0, Diff:  0.0, Sum:  0.0, Workers: 4
[6619.855s][debug][gc,phases      ] GC(183)     Dead                           Min: 0, Avg:  0.0, Max: 0, Diff: 0, Sum: 0, Workers: 4
[6619.855s][debug][gc,phases      ] GC(183)     Total                          Min: 0, Avg: 12.0, Max: 48, Diff: 48, Sum: 48, Workers: 4
[6619.855s][debug][gc,phases      ] GC(183)   StringDedup Table Weak         Min:  0.0, Avg:  0.0, Max:  0.0, Diff:  0.0, Sum:  0.0, Workers: 4
[6619.855s][debug][gc,phases      ] GC(183)     Dead                           Min: 0, Avg:  0.0, Max: 0, Diff: 0, Sum: 0, Workers: 4
[6619.855s][debug][gc,phases      ] GC(183)     Total                          Min: 0, Avg:  0.0, Max: 0, Diff: 0, Sum: 0, Workers: 4
[6619.855s][debug][gc,phases      ] GC(183)   StringDedup Requests0 Weak     Min:  0.0, Avg:  0.0, Max:  0.0, Diff:  0.0, Sum:  0.0, Workers: 4
[6619.855s][debug][gc,phases      ] GC(183)     Dead                           Min: 0, Avg:  0.0, Max: 0, Diff: 0, Sum: 0, Workers: 4
[6619.855s][debug][gc,phases      ] GC(183)     Total                          Min: 0, Avg:  0.0, Max: 0, Diff: 0, Sum: 0, Workers: 4
[6619.855s][debug][gc,phases      ] GC(183)   StringDedup Requests1 Weak     Min:  0.0, Avg:  0.0, Max:  0.0, Diff:  0.0, Sum:  0.0, Workers: 4
[6619.855s][debug][gc,phases      ] GC(183)     Dead                           Min: 0, Avg:  0.0, Max: 0, Diff: 0, Sum: 0, Workers: 4
[6619.855s][debug][gc,phases      ] GC(183)     Total                          Min: 0, Avg:  0.0, Max: 0, Diff: 0, Sum: 0, Workers: 4
[6619.855s][debug][gc,phases      ] GC(183)   Weak JFR Old Object Samples    Min:  0.0, Avg:  0.0, Max:  0.0, Diff:  0.0, Sum:  0.0, Workers: 4
[6619.855s][debug][gc,phases      ] GC(183)     Dead                           Min: 0, Avg:  0.0, Max: 0, Diff: 0, Sum: 0, Workers: 4
[6619.855s][debug][gc,phases      ] GC(183)     Total                          Min: 0, Avg:  0.0, Max: 0, Diff: 0, Sum: 0, Workers: 4
[6619.856s][debug][gc,phases      ] GC(183) Weak Processing 0.458ms
[6619.856s][debug][gc,age         ] GC(183) Desired survivor size 169345024 bytes, new threshold 15 (max threshold 15)
[6619.856s][info ][gc,heap        ] GC(183) PSYoungGen: 1820448K(1925632K)->64256K(1931776K) Eden: 1755136K(1755136K)->0K(1763840K) From: 65312K(170496K)->64256K(167936K)
[6619.856s][info ][gc,heap        ] GC(183) ParOldGen: 503663K(538112K)->504228K(538112K)
[6619.856s][info ][gc,metaspace   ] GC(183) Metaspace: 99599K(100928K)->99599K(100928K) NonClass: 85297K(86016K)->85297K(86016K) Class: 14302K(14912K)->14302K(14912K)
[6619.856s][info ][gc             ] GC(183) Pause Young (Allocation Failure) 2269M->555M(2412M) 21.153ms
[6619.856s][info ][gc,cpu         ] GC(183) User=0.07s Sys=0.01s Real=0.02s
[6619.856s][info ][safepoint      ] Safepoint "ParallelGCFailedAllocation", Time since last: 6928709061 ns, Reaching safepoint: 85803 ns, Cleanup: 4000 ns, At safepoint: 21249269 ns, Total: 21339072 ns
[6632.856s][info ][safepoint      ] Safepoint "Cleanup", Time since last: 13000863968 ns, Reaching safepoint: 7800 ns, Cleanup: 14000 ns, At safepoint: 2800 ns, Total: 24600 ns
[6634.857s][info ][safepoint      ] Safepoint "Cleanup", Time since last: 2000187722 ns, Reaching safepoint: 7900 ns, Cleanup: 12900 ns, At safepoint: 2600 ns, Total: 23400 ns
[6637.857s][info ][safepoint      ] Safepoint "Cleanup", Time since last: 3000266763 ns, Reaching safepoint: 8501 ns, Cleanup: 9600 ns, At safepoint: 2400 ns, Total: 20501 ns
[6639.857s][info ][safepoint      ] Safepoint "Cleanup", Time since last: 2000186979 ns, Reaching safepoint: 6900 ns, Cleanup: 10300 ns, At safepoint: 6200 ns, Total: 23400 ns
[6643.858s][info ][safepoint      ] Safepoint "Cleanup", Time since last: 4000286747 ns, Reaching safepoint: 7301 ns, Cleanup: 13900 ns, At safepoint: 28001 ns, Total: 49202 ns
[6647.858s][info ][safepoint      ] Safepoint "Cleanup", Time since last: 4000332817 ns, Reaching safepoint: 7100 ns, Cleanup: 9501 ns, At safepoint: 2700 ns, Total: 19301 ns
[6651.477s][info ][gc,start       ] GC(184) Pause Young (Allocation Failure)
[6651.508s][debug][gc,phases      ] GC(184) Scavenge 31.233ms
[6651.508s][debug][gc,ref         ] GC(184) ReferenceProcessor::execute queues: 1, RefProcThreadModel::Single, marks_oops_alive: false
[6651.508s][debug][gc,ref         ] GC(184) Skipped KeepAliveFinalRefsPhase of Reference Processing: no references
[6651.508s][debug][gc,ref         ] GC(184) ReferenceProcessor::execute queues: 1, RefProcThreadModel::Single, marks_oops_alive: false
[6651.508s][debug][gc,phases      ] GC(184) Reference Processing 0.128ms
[6651.509s][debug][gc,phases      ] GC(184)   VM Weak                        Min:  0.0, Avg:  0.0, Max:  0.0, Diff:  0.0, Sum:  0.0, Workers: 4
[6651.509s][debug][gc,phases      ] GC(184)     Dead                           Min: 0, Avg:  0.0, Max: 0, Diff: 0, Sum: 0, Workers: 4
[6651.509s][debug][gc,phases      ] GC(184)     Total                          Min: 0, Avg: 214.5, Max: 532, Diff: 532, Sum: 858, Workers: 4
[6651.509s][debug][gc,phases      ] GC(184)   ObjectSynchronizer Weak        Min:  0.0, Avg:  0.0, Max:  0.0, Diff:  0.0, Sum:  0.0, Workers: 4
[6651.509s][debug][gc,phases      ] GC(184)     Dead                           Min: 0, Avg:  0.0, Max: 0, Diff: 0, Sum: 0, Workers: 4
[6651.509s][debug][gc,phases      ] GC(184)     Total                          Min: 0, Avg:  1.2, Max: 5, Diff: 5, Sum: 5, Workers: 4
[6651.509s][debug][gc,phases      ] GC(184)   JVMTI Tag Weak OopStorage      Min:  0.0, Avg:  0.0, Max:  0.0, Diff:  0.0, Sum:  0.0, Workers: 4
[6651.509s][debug][gc,phases      ] GC(184)     Dead                           Min: 0, Avg:  0.0, Max: 0, Diff: 0, Sum: 0, Workers: 4
[6651.509s][debug][gc,phases      ] GC(184)     Total                          Min: 0, Avg:  0.0, Max: 0, Diff: 0, Sum: 0, Workers: 4
[6651.509s][debug][gc,phases      ] GC(184)   StringTable Weak               Min:  0.0, Avg:  0.1, Max:  0.2, Diff:  0.2, Sum:  0.5, Workers: 4
[6651.509s][debug][gc,phases      ] GC(184)     Dead                           Min: 0, Avg:  0.2, Max: 1, Diff: 1, Sum: 1, Workers: 4
[6651.509s][debug][gc,phases      ] GC(184)     Total                          Min: 0, Avg: 12423.5, Max: 17024, Diff: 17024, Sum: 49694, Workers: 4
[6651.509s][debug][gc,phases      ] GC(184)   ResolvedMethodTable Weak       Min:  0.0, Avg:  0.0, Max:  0.0, Diff:  0.0, Sum:  0.1, Workers: 4
[6651.509s][debug][gc,phases      ] GC(184)     Dead                           Min: 0, Avg:  0.0, Max: 0, Diff: 0, Sum: 0, Workers: 4
[6651.509s][debug][gc,phases      ] GC(184)     Total                          Min: 0, Avg: 3554.2, Max: 5120, Diff: 5120, Sum: 14217, Workers: 4
[6651.509s][debug][gc,phases      ] GC(184)   JNI Weak                       Min:  0.0, Avg:  0.0, Max:  0.0, Diff:  0.0, Sum:  0.0, Workers: 4
[6651.509s][debug][gc,phases      ] GC(184)     Dead                           Min: 0, Avg:  0.0, Max: 0, Diff: 0, Sum: 0, Workers: 4
[6651.509s][debug][gc,phases      ] GC(184)     Total                          Min: 0, Avg: 12.0, Max: 48, Diff: 48, Sum: 48, Workers: 4
[6651.509s][debug][gc,phases      ] GC(184)   StringDedup Table Weak         Min:  0.0, Avg:  0.0, Max:  0.0, Diff:  0.0, Sum:  0.0, Workers: 4
[6651.509s][debug][gc,phases      ] GC(184)     Dead                           Min: 0, Avg:  0.0, Max: 0, Diff: 0, Sum: 0, Workers: 4
[6651.509s][debug][gc,phases      ] GC(184)     Total                          Min: 0, Avg:  0.0, Max: 0, Diff: 0, Sum: 0, Workers: 4
[6651.509s][debug][gc,phases      ] GC(184)   StringDedup Requests0 Weak     Min:  0.0, Avg:  0.0, Max:  0.0, Diff:  0.0, Sum:  0.0, Workers: 4
[6651.509s][debug][gc,phases      ] GC(184)     Dead                           Min: 0, Avg:  0.0, Max: 0, Diff: 0, Sum: 0, Workers: 4
[6651.509s][debug][gc,phases      ] GC(184)     Total                          Min: 0, Avg:  0.0, Max: 0, Diff: 0, Sum: 0, Workers: 4
[6651.509s][debug][gc,phases      ] GC(184)   StringDedup Requests1 Weak     Min:  0.0, Avg:  0.0, Max:  0.0, Diff:  0.0, Sum:  0.0, Workers: 4
[6651.509s][debug][gc,phases      ] GC(184)     Dead                           Min: 0, Avg:  0.0, Max: 0, Diff: 0, Sum: 0, Workers: 4
[6651.509s][debug][gc,phases      ] GC(184)     Total                          Min: 0, Avg:  0.0, Max: 0, Diff: 0, Sum: 0, Workers: 4
[6651.509s][debug][gc,phases      ] GC(184)   Weak JFR Old Object Samples    Min:  0.0, Avg:  0.0, Max:  0.0, Diff:  0.0, Sum:  0.0, Workers: 4
[6651.509s][debug][gc,phases      ] GC(184)     Dead                           Min: 0, Avg:  0.0, Max: 0, Diff: 0, Sum: 0, Workers: 4
[6651.509s][debug][gc,phases      ] GC(184)     Total                          Min: 0, Avg:  0.0, Max: 0, Diff: 0, Sum: 0, Workers: 4
[6651.509s][debug][gc,phases      ] GC(184) Weak Processing 0.444ms
[6651.509s][debug][gc,age         ] GC(184) Desired survivor size 163053568 bytes, new threshold 15 (max threshold 15)
[6651.509s][info ][gc,heap        ] GC(184) PSYoungGen: 1828096K(1931776K)->93904K(1929216K) Eden: 1763840K(1763840K)->0K(1763840K) From: 64256K(167936K)->93904K(165376K)
[6651.509s][info ][gc,heap        ] GC(184) ParOldGen: 504228K(538112K)->504660K(538112K)
[6651.509s][info ][gc,metaspace   ] GC(184) Metaspace: 99618K(100928K)->99618K(100928K) NonClass: 85314K(86016K)->85314K(86016K) Class: 14303K(14912K)->14303K(14912K)
[6651.509s][info ][gc             ] GC(184) Pause Young (Allocation Failure) 2277M->584M(2409M) 31.962ms
[6651.509s][info ][gc,cpu         ] GC(184) User=0.12s Sys=0.00s Real=0.04s
[6651.509s][info ][safepoint      ] Safepoint "ParallelGCFailedAllocation", Time since last: 3618960527 ns, Reaching safepoint: 83003 ns, Cleanup: 17300 ns, At safepoint: 32049399 ns, Total: 32149702 ns
[6651.824s][info ][safepoint      ] Safepoint "ICBufferFull", Time since last: 314660011 ns, Reaching safepoint: 10600 ns, Cleanup: 123104 ns, At safepoint: 10000 ns, Total: 143704 ns
[6651.827s][info ][safepoint      ] Safepoint "ICBufferFull", Time since last: 3582012 ns, Reaching safepoint: 73002 ns, Cleanup: 4500 ns, At safepoint: 8800 ns, Total: 86302 ns
[6652.327s][info ][safepoint      ] Safepoint "ICBufferFull", Time since last: 499691241 ns, Reaching safepoint: 6800 ns, Cleanup: 136604 ns, At safepoint: 2900 ns, Total: 146304 ns
[6653.333s][info ][safepoint      ] Safepoint "Cleanup", Time since last: 1004062923 ns, Reaching safepoint: 1810955 ns, Cleanup: 25501 ns, At safepoint: 9800 ns, Total: 1846256 ns
[6657.334s][info ][safepoint      ] Safepoint "Cleanup", Time since last: 4000321805 ns, Reaching safepoint: 81003 ns, Cleanup: 9700 ns, At safepoint: 6100 ns, Total: 96803 ns
[6660.045s][info ][gc,start       ] GC(185) Pause Young (Allocation Failure)
[6660.088s][debug][gc,phases      ] GC(185) Scavenge 42.552ms
[6660.088s][debug][gc,ref         ] GC(185) ReferenceProcessor::execute queues: 1, RefProcThreadModel::Single, marks_oops_alive: false
[6660.088s][debug][gc,ref         ] GC(185) Skipped KeepAliveFinalRefsPhase of Reference Processing: no references
[6660.088s][debug][gc,ref         ] GC(185) ReferenceProcessor::execute queues: 1, RefProcThreadModel::Single, marks_oops_alive: false
[6660.088s][debug][gc,phases      ] GC(185) Reference Processing 0.160ms
[6660.088s][debug][gc,phases      ] GC(185)   VM Weak                        Min:  0.0, Avg:  0.0, Max:  0.0, Diff:  0.0, Sum:  0.0, Workers: 4
[6660.088s][debug][gc,phases      ] GC(185)     Dead                           Min: 0, Avg:  0.0, Max: 0, Diff: 0, Sum: 0, Workers: 4
[6660.088s][debug][gc,phases      ] GC(185)     Total                          Min: 0, Avg: 217.0, Max: 543, Diff: 543, Sum: 868, Workers: 4
[6660.088s][debug][gc,phases      ] GC(185)   ObjectSynchronizer Weak        Min:  0.0, Avg:  0.0, Max:  0.0, Diff:  0.0, Sum:  0.0, Workers: 4
[6660.088s][debug][gc,phases      ] GC(185)     Dead                           Min: 0, Avg:  0.2, Max: 1, Diff: 1, Sum: 1, Workers: 4
[6660.088s][debug][gc,phases      ] GC(185)     Total                          Min: 0, Avg:  2.2, Max: 9, Diff: 9, Sum: 9, Workers: 4
[6660.088s][debug][gc,phases      ] GC(185)   JVMTI Tag Weak OopStorage      Min:  0.0, Avg:  0.0, Max:  0.0, Diff:  0.0, Sum:  0.0, Workers: 4
[6660.088s][debug][gc,phases      ] GC(185)     Dead                           Min: 0, Avg:  0.0, Max: 0, Diff: 0, Sum: 0, Workers: 4
[6660.088s][debug][gc,phases      ] GC(185)     Total                          Min: 0, Avg:  0.0, Max: 0, Diff: 0, Sum: 0, Workers: 4
[6660.088s][debug][gc,phases      ] GC(185)   StringTable Weak               Min:  0.0, Avg:  0.1, Max:  0.2, Diff:  0.2, Sum:  0.5, Workers: 4
[6660.089s][debug][gc,phases      ] GC(185)     Dead                           Min: 0, Avg:  1.2, Max: 3, Diff: 3, Sum: 5, Workers: 4
[6660.089s][debug][gc,phases      ] GC(185)     Total                          Min: 0, Avg: 12458.0, Max: 17832, Diff: 17832, Sum: 49832, Workers: 4
[6660.089s][debug][gc,phases      ] GC(185)   ResolvedMethodTable Weak       Min:  0.0, Avg:  0.0, Max:  0.0, Diff:  0.0, Sum:  0.1, Workers: 4
[6660.089s][debug][gc,phases      ] GC(185)     Dead                           Min: 0, Avg:  5.2, Max: 14, Diff: 14, Sum: 21, Workers: 4
[6660.089s][debug][gc,phases      ] GC(185)     Total                          Min: 0, Avg: 3580.0, Max: 4976, Diff: 4976, Sum: 14320, Workers: 4
[6660.089s][debug][gc,phases      ] GC(185)   JNI Weak                       Min:  0.0, Avg:  0.0, Max:  0.0, Diff:  0.0, Sum:  0.0, Workers: 4
[6660.089s][debug][gc,phases      ] GC(185)     Dead                           Min: 0, Avg:  0.0, Max: 0, Diff: 0, Sum: 0, Workers: 4
[6660.089s][debug][gc,phases      ] GC(185)     Total                          Min: 0, Avg: 12.0, Max: 48, Diff: 48, Sum: 48, Workers: 4
[6660.089s][debug][gc,phases      ] GC(185)   StringDedup Table Weak         Min:  0.0, Avg:  0.0, Max:  0.0, Diff:  0.0, Sum:  0.0, Workers: 4
[6660.089s][debug][gc,phases      ] GC(185)     Dead                           Min: 0, Avg:  0.0, Max: 0, Diff: 0, Sum: 0, Workers: 4
[6660.089s][debug][gc,phases      ] GC(185)     Total                          Min: 0, Avg:  0.0, Max: 0, Diff: 0, Sum: 0, Workers: 4
[6660.089s][debug][gc,phases      ] GC(185)   StringDedup Requests0 Weak     Min:  0.0, Avg:  0.0, Max:  0.0, Diff:  0.0, Sum:  0.0, Workers: 4
[6660.089s][debug][gc,phases      ] GC(185)     Dead                           Min: 0, Avg:  0.0, Max: 0, Diff: 0, Sum: 0, Workers: 4
[6660.089s][debug][gc,phases      ] GC(185)     Total                          Min: 0, Avg:  0.0, Max: 0, Diff: 0, Sum: 0, Workers: 4
[6660.089s][debug][gc,phases      ] GC(185)   StringDedup Requests1 Weak     Min:  0.0, Avg:  0.0, Max:  0.0, Diff:  0.0, Sum:  0.0, Workers: 4
[6660.089s][debug][gc,phases      ] GC(185)     Dead                           Min: 0, Avg:  0.0, Max: 0, Diff: 0, Sum: 0, Workers: 4
[6660.089s][debug][gc,phases      ] GC(185)     Total                          Min: 0, Avg:  0.0, Max: 0, Diff: 0, Sum: 0, Workers: 4
[6660.089s][debug][gc,phases      ] GC(185)   Weak JFR Old Object Samples    Min:  0.0, Avg:  0.0, Max:  0.0, Diff:  0.0, Sum:  0.0, Workers: 4
[6660.089s][debug][gc,phases      ] GC(185)     Dead                           Min: 0, Avg:  0.0, Max: 0, Diff: 0, Sum: 0, Workers: 4
[6660.089s][debug][gc,phases      ] GC(185)     Total                          Min: 0, Avg:  0.0, Max: 0, Diff: 0, Sum: 0, Workers: 4
[6660.089s][debug][gc,phases      ] GC(185) Weak Processing 0.498ms
[6660.089s][debug][gc,age         ] GC(185) Desired survivor size 170393600 bytes, new threshold 15 (max threshold 15)
[6660.089s][info ][gc,heap        ] GC(185) PSYoungGen: 1857744K(1929216K)->127815K(1923584K) Eden: 1763840K(1763840K)->0K(1764352K) From: 93904K(165376K)->127815K(159232K)
[6660.089s][info ][gc,heap        ] GC(185) ParOldGen: 504660K(538112K)->505612K(538112K)
[6660.089s][info ][gc,metaspace   ] GC(185) Metaspace: 100107K(101248K)->100107K(101248K) NonClass: 85716K(86336K)->85716K(86336K) Class: 14390K(14912K)->14390K(14912K)
[6660.089s][info ][gc             ] GC(185) Pause Young (Allocation Failure) 2307M->618M(2404M) 43.375ms
[6660.089s][info ][gc,cpu         ] GC(185) User=0.16s Sys=0.00s Real=0.05s
[6660.089s][info ][safepoint      ] Safepoint "ParallelGCFailedAllocation", Time since last: 2711627892 ns, Reaching safepoint: 7900 ns, Cleanup: 3800 ns, At safepoint: 43469245 ns, Total: 43480945 ns
[6661.089s][info ][safepoint      ] Safepoint "Cleanup", Time since last: 1000087236 ns, Reaching safepoint: 81002 ns, Cleanup: 19701 ns, At safepoint: 5300 ns, Total: 106003 ns
[6662.924s][info ][safepoint      ] Safepoint "Cleanup", Time since last: 1835496778 ns, Reaching safepoint: 8500 ns, Cleanup: 20401 ns, At safepoint: 2300 ns, Total: 31201 ns
[6669.925s][info ][safepoint      ] Safepoint "Cleanup", Time since last: 7000485961 ns, Reaching safepoint: 8101 ns, Cleanup: 10800 ns, At safepoint: 2400 ns, Total: 21301 ns
[6671.925s][info ][safepoint      ] Safepoint "Cleanup", Time since last: 2000185613 ns, Reaching safepoint: 9000 ns, Cleanup: 12201 ns, At safepoint: 2400 ns, Total: 23601 ns
[6675.926s][info ][safepoint      ] Safepoint "Cleanup", Time since last: 4000321299 ns, Reaching safepoint: 10001 ns, Cleanup: 11500 ns, At safepoint: 3400 ns, Total: 24901 ns
[6676.646s][info ][gc,start       ] GC(186) Pause Young (Allocation Failure)
[6676.688s][debug][gc,phases      ] GC(186) Scavenge 41.426ms
[6676.688s][debug][gc,ref         ] GC(186) ReferenceProcessor::execute queues: 1, RefProcThreadModel::Single, marks_oops_alive: false
[6676.688s][debug][gc,ref         ] GC(186) Skipped KeepAliveFinalRefsPhase of Reference Processing: no references
[6676.688s][debug][gc,ref         ] GC(186) ReferenceProcessor::execute queues: 1, RefProcThreadModel::Single, marks_oops_alive: false
[6676.688s][debug][gc,phases      ] GC(186) Reference Processing 0.149ms
[6676.688s][debug][gc,phases      ] GC(186)   VM Weak                        Min:  0.0, Avg:  0.0, Max:  0.0, Diff:  0.0, Sum:  0.0, Workers: 4
[6676.688s][debug][gc,phases      ] GC(186)     Dead                           Min: 0, Avg:  0.0, Max: 0, Diff: 0, Sum: 0, Workers: 4
[6676.688s][debug][gc,phases      ] GC(186)     Total                          Min: 0, Avg: 217.2, Max: 491, Diff: 491, Sum: 869, Workers: 4
[6676.688s][debug][gc,phases      ] GC(186)   ObjectSynchronizer Weak        Min:  0.0, Avg:  0.0, Max:  0.0, Diff:  0.0, Sum:  0.0, Workers: 4
[6676.688s][debug][gc,phases      ] GC(186)     Dead                           Min: 0, Avg:  0.0, Max: 0, Diff: 0, Sum: 0, Workers: 4
[6676.688s][debug][gc,phases      ] GC(186)     Total                          Min: 0, Avg:  1.2, Max: 5, Diff: 5, Sum: 5, Workers: 4
[6676.688s][debug][gc,phases      ] GC(186)   JVMTI Tag Weak OopStorage      Min:  0.0, Avg:  0.0, Max:  0.0, Diff:  0.0, Sum:  0.0, Workers: 4
[6676.688s][debug][gc,phases      ] GC(186)     Dead                           Min: 0, Avg:  0.0, Max: 0, Diff: 0, Sum: 0, Workers: 4
[6676.688s][debug][gc,phases      ] GC(186)     Total                          Min: 0, Avg:  0.0, Max: 0, Diff: 0, Sum: 0, Workers: 4
[6676.688s][debug][gc,phases      ] GC(186)   StringTable Weak               Min:  0.0, Avg:  0.1, Max:  0.2, Diff:  0.2, Sum:  0.5, Workers: 4
[6676.688s][debug][gc,phases      ] GC(186)     Dead                           Min: 0, Avg:  0.5, Max: 2, Diff: 2, Sum: 2, Workers: 4
[6676.688s][debug][gc,phases      ] GC(186)     Total                          Min: 0, Avg: 12460.8, Max: 17279, Diff: 17279, Sum: 49843, Workers: 4
[6676.688s][debug][gc,phases      ] GC(186)   ResolvedMethodTable Weak       Min:  0.0, Avg:  0.0, Max:  0.0, Diff:  0.0, Sum:  0.1, Workers: 4
[6676.688s][debug][gc,phases      ] GC(186)     Dead                           Min: 0, Avg:  0.0, Max: 0, Diff: 0, Sum: 0, Workers: 4
[6676.688s][debug][gc,phases      ] GC(186)     Total                          Min: 0, Avg: 3582.0, Max: 5055, Diff: 5055, Sum: 14328, Workers: 4
[6676.688s][debug][gc,phases      ] GC(186)   JNI Weak                       Min:  0.0, Avg:  0.0, Max:  0.0, Diff:  0.0, Sum:  0.0, Workers: 4
[6676.688s][debug][gc,phases      ] GC(186)     Dead                           Min: 0, Avg:  0.0, Max: 0, Diff: 0, Sum: 0, Workers: 4
[6676.688s][debug][gc,phases      ] GC(186)     Total                          Min: 0, Avg: 12.0, Max: 48, Diff: 48, Sum: 48, Workers: 4
[6676.688s][debug][gc,phases      ] GC(186)   StringDedup Table Weak         Min:  0.0, Avg:  0.0, Max:  0.0, Diff:  0.0, Sum:  0.0, Workers: 4
[6676.688s][debug][gc,phases      ] GC(186)     Dead                           Min: 0, Avg:  0.0, Max: 0, Diff: 0, Sum: 0, Workers: 4
[6676.688s][debug][gc,phases      ] GC(186)     Total                          Min: 0, Avg:  0.0, Max: 0, Diff: 0, Sum: 0, Workers: 4
[6676.688s][debug][gc,phases      ] GC(186)   StringDedup Requests0 Weak     Min:  0.0, Avg:  0.0, Max:  0.0, Diff:  0.0, Sum:  0.0, Workers: 4
[6676.688s][debug][gc,phases      ] GC(186)     Dead                           Min: 0, Avg:  0.0, Max: 0, Diff: 0, Sum: 0, Workers: 4
[6676.688s][debug][gc,phases      ] GC(186)     Total                          Min: 0, Avg:  0.0, Max: 0, Diff: 0, Sum: 0, Workers: 4
[6676.688s][debug][gc,phases      ] GC(186)   StringDedup Requests1 Weak     Min:  0.0, Avg:  0.0, Max:  0.0, Diff:  0.0, Sum:  0.0, Workers: 4
[6676.688s][debug][gc,phases      ] GC(186)     Dead                           Min: 0, Avg:  0.0, Max: 0, Diff: 0, Sum: 0, Workers: 4
[6676.688s][debug][gc,phases      ] GC(186)     Total                          Min: 0, Avg:  0.0, Max: 0, Diff: 0, Sum: 0, Workers: 4
[6676.688s][debug][gc,phases      ] GC(186)   Weak JFR Old Object Samples    Min:  0.0, Avg:  0.0, Max:  0.0, Diff:  0.0, Sum:  0.0, Workers: 4
[6676.688s][debug][gc,phases      ] GC(186)     Dead                           Min: 0, Avg:  0.0, Max: 0, Diff: 0, Sum: 0, Workers: 4
[6676.688s][debug][gc,phases      ] GC(186)     Total                          Min: 0, Avg:  0.0, Max: 0, Diff: 0, Sum: 0, Workers: 4
[6676.688s][debug][gc,phases      ] GC(186) Weak Processing 0.468ms
[6676.688s][debug][gc,age         ] GC(186) Desired survivor size 180355072 bytes, new threshold 15 (max threshold 15)
[6676.688s][info ][gc,heap        ] GC(186) PSYoungGen: 1892167K(1923584K)->139719K(1904128K) Eden: 1764352K(1764352K)->0K(1764352K) From: 127815K(159232K)->139719K(139776K)
[6676.688s][info ][gc,heap        ] GC(186) ParOldGen: 505612K(538112K)->505708K(538112K)
[6676.688s][info ][gc,metaspace   ] GC(186) Metaspace: 100163K(101312K)->100163K(101312K) NonClass: 85765K(86400K)->85765K(86400K) Class: 14398K(14912K)->14398K(14912K)
[6676.688s][info ][gc             ] GC(186) Pause Young (Allocation Failure) 2341M->630M(2385M) 42.260ms
[6676.688s][info ][gc,cpu         ] GC(186) User=0.14s Sys=0.00s Real=0.05s
[6676.688s][info ][safepoint      ] Safepoint "ParallelGCFailedAllocation", Time since last: 720523794 ns, Reaching safepoint: 8101 ns, Cleanup: 3300 ns, At safepoint: 42342610 ns, Total: 42354011 ns
[6679.689s][info ][safepoint      ] Safepoint "Cleanup", Time since last: 3000204032 ns, Reaching safepoint: 87003 ns, Cleanup: 11100 ns, At safepoint: 7500 ns, Total: 105603 ns
[6680.689s][info ][safepoint      ] Safepoint "Cleanup", Time since last: 1000126346 ns, Reaching safepoint: 66202 ns, Cleanup: 13801 ns, At safepoint: 7800 ns, Total: 87803 ns
[6682.689s][info ][safepoint      ] Safepoint "Cleanup", Time since last: 2000191790 ns, Reaching safepoint: 80702 ns, Cleanup: 13401 ns, At safepoint: 7400 ns, Total: 101503 ns
[6688.690s][info ][safepoint      ] Safepoint "Cleanup", Time since last: 6000488263 ns, Reaching safepoint: 84003 ns, Cleanup: 11100 ns, At safepoint: 5400 ns, Total: 100503 ns
[6690.690s][info ][safepoint      ] Safepoint "Cleanup", Time since last: 2000184271 ns, Reaching safepoint: 86103 ns, Cleanup: 13600 ns, At safepoint: 7801 ns, Total: 107504 ns
[6695.691s][info ][safepoint      ] Safepoint "Cleanup", Time since last: 5000434355 ns, Reaching safepoint: 80303 ns, Cleanup: 11700 ns, At safepoint: 5500 ns, Total: 97503 ns
[6696.691s][info ][safepoint      ] Safepoint "Cleanup", Time since last: 1000128640 ns, Reaching safepoint: 85902 ns, Cleanup: 16701 ns, At safepoint: 7500 ns, Total: 110103 ns
[6697.691s][info ][safepoint      ] Safepoint "Cleanup", Time since last: 1000155541 ns, Reaching safepoint: 81402 ns, Cleanup: 11901 ns, At safepoint: 7000 ns, Total: 100303 ns
[6698.035s][info ][gc,start       ] GC(187) Pause Young (Allocation Failure)
[6698.076s][debug][gc,phases      ] GC(187) Scavenge 41.083ms
[6698.076s][debug][gc,ref         ] GC(187) ReferenceProcessor::execute queues: 1, RefProcThreadModel::Single, marks_oops_alive: false
[6698.076s][debug][gc,ref         ] GC(187) Skipped KeepAliveFinalRefsPhase of Reference Processing: no references
[6698.076s][debug][gc,ref         ] GC(187) ReferenceProcessor::execute queues: 1, RefProcThreadModel::Single, marks_oops_alive: false
[6698.076s][debug][gc,phases      ] GC(187) Reference Processing 0.161ms
[6698.077s][debug][gc,phases      ] GC(187)   VM Weak                        Min:  0.0, Avg:  0.0, Max:  0.0, Diff:  0.0, Sum:  0.0, Workers: 4
[6698.077s][debug][gc,phases      ] GC(187)     Dead                           Min: 0, Avg:  0.0, Max: 0, Diff: 0, Sum: 0, Workers: 4
[6698.077s][debug][gc,phases      ] GC(187)     Total                          Min: 0, Avg: 217.2, Max: 440, Diff: 440, Sum: 869, Workers: 4
[6698.077s][debug][gc,phases      ] GC(187)   ObjectSynchronizer Weak        Min:  0.0, Avg:  0.0, Max:  0.0, Diff:  0.0, Sum:  0.0, Workers: 4
[6698.077s][debug][gc,phases      ] GC(187)     Dead                           Min: 0, Avg:  0.0, Max: 0, Diff: 0, Sum: 0, Workers: 4
[6698.077s][debug][gc,phases      ] GC(187)     Total                          Min: 0, Avg:  1.2, Max: 5, Diff: 5, Sum: 5, Workers: 4
[6698.077s][debug][gc,phases      ] GC(187)   JVMTI Tag Weak OopStorage      Min:  0.0, Avg:  0.0, Max:  0.0, Diff:  0.0, Sum:  0.0, Workers: 4
[6698.077s][debug][gc,phases      ] GC(187)     Dead                           Min: 0, Avg:  0.0, Max: 0, Diff: 0, Sum: 0, Workers: 4
[6698.077s][debug][gc,phases      ] GC(187)     Total                          Min: 0, Avg:  0.0, Max: 0, Diff: 0, Sum: 0, Workers: 4
[6698.077s][debug][gc,phases      ] GC(187)   StringTable Weak               Min:  0.1, Avg:  0.1, Max:  0.1, Diff:  0.0, Sum:  0.5, Workers: 4
[6698.077s][debug][gc,phases      ] GC(187)     Dead                           Min: 0, Avg:  0.0, Max: 0, Diff: 0, Sum: 0, Workers: 4
[6698.077s][debug][gc,phases      ] GC(187)     Total                          Min: 10357, Avg: 12460.8, Max: 13567, Diff: 3210, Sum: 49843, Workers: 4
[6698.077s][debug][gc,phases      ] GC(187)   ResolvedMethodTable Weak       Min:  0.0, Avg:  0.0, Max:  0.0, Diff:  0.0, Sum:  0.1, Workers: 4
[6698.077s][debug][gc,phases      ] GC(187)     Dead                           Min: 0, Avg:  0.0, Max: 0, Diff: 0, Sum: 0, Workers: 4
[6698.077s][debug][gc,phases      ] GC(187)     Total                          Min: 3386, Avg: 3582.0, Max: 3775, Diff: 389, Sum: 14328, Workers: 4
[6698.077s][debug][gc,phases      ] GC(187)   JNI Weak                       Min:  0.0, Avg:  0.0, Max:  0.0, Diff:  0.0, Sum:  0.0, Workers: 4
[6698.077s][debug][gc,phases      ] GC(187)     Dead                           Min: 0, Avg:  0.0, Max: 0, Diff: 0, Sum: 0, Workers: 4
[6698.077s][debug][gc,phases      ] GC(187)     Total                          Min: 0, Avg: 12.0, Max: 48, Diff: 48, Sum: 48, Workers: 4
[6698.077s][debug][gc,phases      ] GC(187)   StringDedup Table Weak         Min:  0.0, Avg:  0.0, Max:  0.0, Diff:  0.0, Sum:  0.0, Workers: 4
[6698.077s][debug][gc,phases      ] GC(187)     Dead                           Min: 0, Avg:  0.0, Max: 0, Diff: 0, Sum: 0, Workers: 4
[6698.077s][debug][gc,phases      ] GC(187)     Total                          Min: 0, Avg:  0.0, Max: 0, Diff: 0, Sum: 0, Workers: 4
[6698.077s][debug][gc,phases      ] GC(187)   StringDedup Requests0 Weak     Min:  0.0, Avg:  0.0, Max:  0.0, Diff:  0.0, Sum:  0.0, Workers: 4
[6698.077s][debug][gc,phases      ] GC(187)     Dead                           Min: 0, Avg:  0.0, Max: 0, Diff: 0, Sum: 0, Workers: 4
[6698.077s][debug][gc,phases      ] GC(187)     Total                          Min: 0, Avg:  0.0, Max: 0, Diff: 0, Sum: 0, Workers: 4
[6698.077s][debug][gc,phases      ] GC(187)   StringDedup Requests1 Weak     Min:  0.0, Avg:  0.0, Max:  0.0, Diff:  0.0, Sum:  0.0, Workers: 4
[6698.077s][debug][gc,phases      ] GC(187)     Dead                           Min: 0, Avg:  0.0, Max: 0, Diff: 0, Sum: 0, Workers: 4
[6698.077s][debug][gc,phases      ] GC(187)     Total                          Min: 0, Avg:  0.0, Max: 0, Diff: 0, Sum: 0, Workers: 4
[6698.077s][debug][gc,phases      ] GC(187)   Weak JFR Old Object Samples    Min:  0.0, Avg:  0.0, Max:  0.0, Diff:  0.0, Sum:  0.0, Workers: 4
[6698.077s][debug][gc,phases      ] GC(187)     Dead                           Min: 0, Avg:  0.0, Max: 0, Diff: 0, Sum: 0, Workers: 4
[6698.077s][debug][gc,phases      ] GC(187)     Total                          Min: 0, Avg:  0.0, Max: 0, Diff: 0, Sum: 0, Workers: 4
[6698.077s][debug][gc,phases      ] GC(187) Weak Processing 0.421ms
[6698.077s][debug][gc,age         ] GC(187) Desired survivor size 189267968 bytes, new threshold 15 (max threshold 15)
[6698.077s][info ][gc,heap        ] GC(187) PSYoungGen: 1904071K(1904128K)->142535K(1903616K) Eden: 1764352K(1764352K)->0K(1727488K) From: 139719K(139776K)->142535K(176128K)
[6698.077s][info ][gc,heap        ] GC(187) ParOldGen: 505708K(538112K)->506344K(538112K)
[6698.077s][info ][gc,metaspace   ] GC(187) Metaspace: 100173K(101312K)->100173K(101312K) NonClass: 85775K(86400K)->85775K(86400K) Class: 14398K(14912K)->14398K(14912K)
[6698.077s][info ][gc             ] GC(187) Pause Young (Allocation Failure) 2353M->633M(2384M) 41.826ms
[6698.077s][info ][gc,cpu         ] GC(187) User=0.15s Sys=0.00s Real=0.04s
[6698.077s][info ][safepoint      ] Safepoint "ParallelGCFailedAllocation", Time since last: 343727433 ns, Reaching safepoint: 85603 ns, Cleanup: 4200 ns, At safepoint: 41918497 ns, Total: 42008300 ns
[6699.077s][info ][safepoint      ] Safepoint "Cleanup", Time since last: 1000093338 ns, Reaching safepoint: 9101 ns, Cleanup: 10400 ns, At safepoint: 3000 ns, Total: 22501 ns
[6701.077s][info ][safepoint      ] Safepoint "Cleanup", Time since last: 2000179372 ns, Reaching safepoint: 7701 ns, Cleanup: 22800 ns, At safepoint: 2300 ns, Total: 32801 ns
[6703.077s][info ][safepoint      ] Safepoint "Cleanup", Time since last: 2000181972 ns, Reaching safepoint: 12300 ns, Cleanup: 14101 ns, At safepoint: 7100 ns, Total: 33501 ns
[6705.078s][info ][safepoint      ] Safepoint "Cleanup", Time since last: 2000189872 ns, Reaching safepoint: 9300 ns, Cleanup: 15100 ns, At safepoint: 2200 ns, Total: 26600 ns
[6706.078s][info ][safepoint      ] Safepoint "Cleanup", Time since last: 1000110787 ns, Reaching safepoint: 8600 ns, Cleanup: 15901 ns, At safepoint: 2200 ns, Total: 26701 ns
[6711.078s][info ][safepoint      ] Safepoint "Cleanup", Time since last: 5000394197 ns, Reaching safepoint: 9000 ns, Cleanup: 13400 ns, At safepoint: 2701 ns, Total: 25101 ns
[6712.078s][info ][safepoint      ] Safepoint "Cleanup", Time since last: 1000131665 ns, Reaching safepoint: 12200 ns, Cleanup: 22901 ns, At safepoint: 2800 ns, Total: 37901 ns
[6714.079s][info ][safepoint      ] Safepoint "Cleanup", Time since last: 2000196928 ns, Reaching safepoint: 10700 ns, Cleanup: 10701 ns, At safepoint: 2500 ns, Total: 23901 ns
[6719.135s][info ][gc,start       ] GC(188) Pause Young (Allocation Failure)
[6719.174s][debug][gc,phases      ] GC(188) Scavenge 39.148ms
[6719.174s][debug][gc,ref         ] GC(188) ReferenceProcessor::execute queues: 1, RefProcThreadModel::Single, marks_oops_alive: false
[6719.174s][debug][gc,ref         ] GC(188) Skipped KeepAliveFinalRefsPhase of Reference Processing: no references
[6719.174s][debug][gc,ref         ] GC(188) ReferenceProcessor::execute queues: 1, RefProcThreadModel::Single, marks_oops_alive: false
[6719.174s][debug][gc,phases      ] GC(188) Reference Processing 0.134ms
[6719.174s][debug][gc,phases      ] GC(188)   VM Weak                        Min:  0.0, Avg:  0.0, Max:  0.0, Diff:  0.0, Sum:  0.0, Workers: 4
[6719.174s][debug][gc,phases      ] GC(188)     Dead                           Min: 0, Avg:  0.0, Max: 0, Diff: 0, Sum: 0, Workers: 4
[6719.174s][debug][gc,phases      ] GC(188)     Total                          Min: 0, Avg: 217.2, Max: 328, Diff: 328, Sum: 869, Workers: 4
[6719.174s][debug][gc,phases      ] GC(188)   ObjectSynchronizer Weak        Min:  0.0, Avg:  0.0, Max:  0.0, Diff:  0.0, Sum:  0.0, Workers: 4
[6719.174s][debug][gc,phases      ] GC(188)     Dead                           Min: 0, Avg:  0.0, Max: 0, Diff: 0, Sum: 0, Workers: 4
[6719.174s][debug][gc,phases      ] GC(188)     Total                          Min: 0, Avg:  1.2, Max: 5, Diff: 5, Sum: 5, Workers: 4
[6719.174s][debug][gc,phases      ] GC(188)   JVMTI Tag Weak OopStorage      Min:  0.0, Avg:  0.0, Max:  0.0, Diff:  0.0, Sum:  0.0, Workers: 4
[6719.174s][debug][gc,phases      ] GC(188)     Dead                           Min: 0, Avg:  0.0, Max: 0, Diff: 0, Sum: 0, Workers: 4
[6719.174s][debug][gc,phases      ] GC(188)     Total                          Min: 0, Avg:  0.0, Max: 0, Diff: 0, Sum: 0, Workers: 4
[6719.174s][debug][gc,phases      ] GC(188)   StringTable Weak               Min:  0.0, Avg:  0.1, Max:  0.2, Diff:  0.2, Sum:  0.5, Workers: 4
[6719.174s][debug][gc,phases      ] GC(188)     Dead                           Min: 0, Avg:  0.0, Max: 0, Diff: 0, Sum: 0, Workers: 4
[6719.174s][debug][gc,phases      ] GC(188)     Total                          Min: 0, Avg: 12460.8, Max: 18431, Diff: 18431, Sum: 49843, Workers: 4
[6719.174s][debug][gc,phases      ] GC(188)   ResolvedMethodTable Weak       Min:  0.0, Avg:  0.0, Max:  0.0, Diff:  0.0, Sum:  0.1, Workers: 4
[6719.174s][debug][gc,phases      ] GC(188)     Dead                           Min: 0, Avg:  0.0, Max: 0, Diff: 0, Sum: 0, Workers: 4
[6719.174s][debug][gc,phases      ] GC(188)     Total                          Min: 0, Avg: 3582.0, Max: 4857, Diff: 4857, Sum: 14328, Workers: 4
[6719.174s][debug][gc,phases      ] GC(188)   JNI Weak                       Min:  0.0, Avg:  0.0, Max:  0.0, Diff:  0.0, Sum:  0.0, Workers: 4
[6719.174s][debug][gc,phases      ] GC(188)     Dead                           Min: 0, Avg:  0.0, Max: 0, Diff: 0, Sum: 0, Workers: 4
[6719.175s][debug][gc,phases      ] GC(188)     Total                          Min: 0, Avg: 12.0, Max: 48, Diff: 48, Sum: 48, Workers: 4
[6719.175s][debug][gc,phases      ] GC(188)   StringDedup Table Weak         Min:  0.0, Avg:  0.0, Max:  0.0, Diff:  0.0, Sum:  0.0, Workers: 4
[6719.175s][debug][gc,phases      ] GC(188)     Dead                           Min: 0, Avg:  0.0, Max: 0, Diff: 0, Sum: 0, Workers: 4
[6719.175s][debug][gc,phases      ] GC(188)     Total                          Min: 0, Avg:  0.0, Max: 0, Diff: 0, Sum: 0, Workers: 4
[6719.175s][debug][gc,phases      ] GC(188)   StringDedup Requests0 Weak     Min:  0.0, Avg:  0.0, Max:  0.0, Diff:  0.0, Sum:  0.0, Workers: 4
[6719.175s][debug][gc,phases      ] GC(188)     Dead                           Min: 0, Avg:  0.0, Max: 0, Diff: 0, Sum: 0, Workers: 4
[6719.175s][debug][gc,phases      ] GC(188)     Total                          Min: 0, Avg:  0.0, Max: 0, Diff: 0, Sum: 0, Workers: 4
[6719.175s][debug][gc,phases      ] GC(188)   StringDedup Requests1 Weak     Min:  0.0, Avg:  0.0, Max:  0.0, Diff:  0.0, Sum:  0.0, Workers: 4
[6719.175s][debug][gc,phases      ] GC(188)     Dead                           Min: 0, Avg:  0.0, Max: 0, Diff: 0, Sum: 0, Workers: 4
[6719.175s][debug][gc,phases      ] GC(188)     Total                          Min: 0, Avg:  0.0, Max: 0, Diff: 0, Sum: 0, Workers: 4
[6719.175s][debug][gc,phases      ] GC(188)   Weak JFR Old Object Samples    Min:  0.0, Avg:  0.0, Max:  0.0, Diff:  0.0, Sum:  0.0, Workers: 4
[6719.175s][debug][gc,phases      ] GC(188)     Dead                           Min: 0, Avg:  0.0, Max: 0, Diff: 0, Sum: 0, Workers: 4
[6719.175s][debug][gc,phases      ] GC(188)     Total                          Min: 0, Avg:  0.0, Max: 0, Diff: 0, Sum: 0, Workers: 4
[6719.175s][debug][gc,phases      ] GC(188) Weak Processing 0.455ms
[6719.175s][debug][gc,age         ] GC(188) Desired survivor size 196083712 bytes, new threshold 15 (max threshold 15)
[6719.175s][info ][gc,heap        ] GC(188) PSYoungGen: 1870023K(1903616K)->143367K(1871360K) Eden: 1727488K(1727488K)->0K(1727488K) From: 142535K(176128K)->143367K(143872K)
[6719.175s][info ][gc,heap        ] GC(188) ParOldGen: 506344K(538112K)->506440K(538112K)
[6719.175s][info ][gc,metaspace   ] GC(188) Metaspace: 100176K(101312K)->100176K(101312K) NonClass: 85778K(86400K)->85778K(86400K) Class: 14398K(14912K)->14398K(14912K)
[6719.175s][info ][gc             ] GC(188) Pause Young (Allocation Failure) 2320M->634M(2353M) 39.902ms
[6719.175s][info ][gc,cpu         ] GC(188) User=0.14s Sys=0.00s Real=0.04s
[6719.175s][info ][safepoint      ] Safepoint "ParallelGCFailedAllocation", Time since last: 5056043357 ns, Reaching safepoint: 67702 ns, Cleanup: 4100 ns, At safepoint: 39988816 ns, Total: 40060618 ns
[6720.175s][info ][safepoint      ] Safepoint "Cleanup", Time since last: 1000096911 ns, Reaching safepoint: 13500 ns, Cleanup: 13101 ns, At safepoint: 25600 ns, Total: 52201 ns
[6721.175s][info ][safepoint      ] Safepoint "Cleanup", Time since last: 1000101911 ns, Reaching safepoint: 9200 ns, Cleanup: 16601 ns, At safepoint: 2500 ns, Total: 28301 ns
[6724.942s][info ][safepoint      ] Safepoint "Cleanup", Time since last: 3766624803 ns, Reaching safepoint: 79602 ns, Cleanup: 10301 ns, At safepoint: 6100 ns, Total: 96003 ns
[6729.942s][info ][safepoint      ] Safepoint "Cleanup", Time since last: 5000437283 ns, Reaching safepoint: 86802 ns, Cleanup: 13701 ns, At safepoint: 27101 ns, Total: 127604 ns
[6731.943s][info ][safepoint      ] Safepoint "Cleanup", Time since last: 2000310637 ns, Reaching safepoint: 81203 ns, Cleanup: 11500 ns, At safepoint: 5800 ns, Total: 98503 ns
[6738.943s][info ][safepoint      ] Safepoint "Cleanup", Time since last: 7000502837 ns, Reaching safepoint: 7501 ns, Cleanup: 10200 ns, At safepoint: 2200 ns, Total: 19901 ns
[6746.185s][info ][gc,start       ] GC(189) Pause Young (Allocation Failure)
[6746.227s][debug][gc,phases      ] GC(189) Scavenge 41.957ms
[6746.227s][debug][gc,ref         ] GC(189) ReferenceProcessor::execute queues: 1, RefProcThreadModel::Single, marks_oops_alive: false
[6746.227s][debug][gc,ref         ] GC(189) Skipped KeepAliveFinalRefsPhase of Reference Processing: no references
[6746.227s][debug][gc,ref         ] GC(189) ReferenceProcessor::execute queues: 1, RefProcThreadModel::Single, marks_oops_alive: false
[6746.227s][debug][gc,phases      ] GC(189) Reference Processing 0.124ms
[6746.227s][debug][gc,phases      ] GC(189)   VM Weak                        Min:  0.0, Avg:  0.0, Max:  0.0, Diff:  0.0, Sum:  0.0, Workers: 4
[6746.227s][debug][gc,phases      ] GC(189)     Dead                           Min: 0, Avg:  0.0, Max: 0, Diff: 0, Sum: 0, Workers: 4
[6746.227s][debug][gc,phases      ] GC(189)     Total                          Min: 0, Avg: 217.2, Max: 627, Diff: 627, Sum: 869, Workers: 4
[6746.227s][debug][gc,phases      ] GC(189)   ObjectSynchronizer Weak        Min:  0.0, Avg:  0.0, Max:  0.0, Diff:  0.0, Sum:  0.0, Workers: 4
[6746.227s][debug][gc,phases      ] GC(189)     Dead                           Min: 0, Avg:  0.0, Max: 0, Diff: 0, Sum: 0, Workers: 4
[6746.227s][debug][gc,phases      ] GC(189)     Total                          Min: 0, Avg:  1.0, Max: 4, Diff: 4, Sum: 4, Workers: 4
[6746.227s][debug][gc,phases      ] GC(189)   JVMTI Tag Weak OopStorage      Min:  0.0, Avg:  0.0, Max:  0.0, Diff:  0.0, Sum:  0.0, Workers: 4
[6746.227s][debug][gc,phases      ] GC(189)     Dead                           Min: 0, Avg:  0.0, Max: 0, Diff: 0, Sum: 0, Workers: 4
[6746.227s][debug][gc,phases      ] GC(189)     Total                          Min: 0, Avg:  0.0, Max: 0, Diff: 0, Sum: 0, Workers: 4
[6746.227s][debug][gc,phases      ] GC(189)   StringTable Weak               Min:  0.0, Avg:  0.1, Max:  0.2, Diff:  0.2, Sum:  0.5, Workers: 4
[6746.227s][debug][gc,phases      ] GC(189)     Dead                           Min: 0, Avg:  0.0, Max: 0, Diff: 0, Sum: 0, Workers: 4
[6746.227s][debug][gc,phases      ] GC(189)     Total                          Min: 0, Avg: 12460.8, Max: 17204, Diff: 17204, Sum: 49843, Workers: 4
[6746.227s][debug][gc,phases      ] GC(189)   ResolvedMethodTable Weak       Min:  0.0, Avg:  0.0, Max:  0.0, Diff:  0.0, Sum:  0.1, Workers: 4
[6746.227s][debug][gc,phases      ] GC(189)     Dead                           Min: 0, Avg:  0.0, Max: 0, Diff: 0, Sum: 0, Workers: 4
[6746.227s][debug][gc,phases      ] GC(189)     Total                          Min: 0, Avg: 3582.0, Max: 5114, Diff: 5114, Sum: 14328, Workers: 4
[6746.227s][debug][gc,phases      ] GC(189)   JNI Weak                       Min:  0.0, Avg:  0.0, Max:  0.0, Diff:  0.0, Sum:  0.0, Workers: 4
[6746.227s][debug][gc,phases      ] GC(189)     Dead                           Min: 0, Avg:  0.0, Max: 0, Diff: 0, Sum: 0, Workers: 4
[6746.227s][debug][gc,phases      ] GC(189)     Total                          Min: 0, Avg: 12.0, Max: 48, Diff: 48, Sum: 48, Workers: 4
[6746.227s][debug][gc,phases      ] GC(189)   StringDedup Table Weak         Min:  0.0, Avg:  0.0, Max:  0.0, Diff:  0.0, Sum:  0.0, Workers: 4
[6746.227s][debug][gc,phases      ] GC(189)     Dead                           Min: 0, Avg:  0.0, Max: 0, Diff: 0, Sum: 0, Workers: 4
[6746.227s][debug][gc,phases      ] GC(189)     Total                          Min: 0, Avg:  0.0, Max: 0, Diff: 0, Sum: 0, Workers: 4
[6746.227s][debug][gc,phases      ] GC(189)   StringDedup Requests0 Weak     Min:  0.0, Avg:  0.0, Max:  0.0, Diff:  0.0, Sum:  0.0, Workers: 4
[6746.227s][debug][gc,phases      ] GC(189)     Dead                           Min: 0, Avg:  0.0, Max: 0, Diff: 0, Sum: 0, Workers: 4
[6746.227s][debug][gc,phases      ] GC(189)     Total                          Min: 0, Avg:  0.0, Max: 0, Diff: 0, Sum: 0, Workers: 4
[6746.227s][debug][gc,phases      ] GC(189)   StringDedup Requests1 Weak     Min:  0.0, Avg:  0.0, Max:  0.0, Diff:  0.0, Sum:  0.0, Workers: 4
[6746.227s][debug][gc,phases      ] GC(189)     Dead                           Min: 0, Avg:  0.0, Max: 0, Diff: 0, Sum: 0, Workers: 4
[6746.227s][debug][gc,phases      ] GC(189)     Total                          Min: 0, Avg:  0.0, Max: 0, Diff: 0, Sum: 0, Workers: 4
[6746.227s][debug][gc,phases      ] GC(189)   Weak JFR Old Object Samples    Min:  0.0, Avg:  0.0, Max:  0.0, Diff:  0.0, Sum:  0.0, Workers: 4
[6746.227s][debug][gc,phases      ] GC(189)     Dead                           Min: 0, Avg:  0.0, Max: 0, Diff: 0, Sum: 0, Workers: 4
[6746.227s][debug][gc,phases      ] GC(189)     Total                          Min: 0, Avg:  0.0, Max: 0, Diff: 0, Sum: 0, Workers: 4
[6746.227s][debug][gc,phases      ] GC(189) Weak Processing 0.452ms
[6746.227s][debug][gc,age         ] GC(189) Desired survivor size 200802304 bytes, new threshold 15 (max threshold 15)
[6746.227s][info ][gc,heap        ] GC(189) PSYoungGen: 1870855K(1871360K)->31511K(1896448K) Eden: 1727488K(1727488K)->0K(1704960K) From: 143367K(143872K)->31511K(191488K)
[6746.227s][info ][gc,heap        ] GC(189) ParOldGen: 506440K(538112K)->558005K(558080K)
[6746.227s][info ][gc,metaspace   ] GC(189) Metaspace: 100177K(101312K)->100177K(101312K) NonClass: 85779K(86400K)->85779K(86400K) Class: 14398K(14912K)->14398K(14912K)
[6746.227s][info ][gc             ] GC(189) Pause Young (Allocation Failure) 2321M->575M(2397M) 42.707ms
[6746.227s][info ][gc,cpu         ] GC(189) User=0.10s Sys=0.02s Real=0.05s
[6746.227s][debug][gc,phases      ] GC(190) Pre Compact 0.011ms
[6746.227s][info ][gc,start       ] GC(190) Pause Full (Ergonomics)
[6746.227s][info ][gc,phases,start] GC(190) Marking Phase
[6746.356s][debug][gc,phases      ] GC(190) Par Mark 128.747ms
[6746.357s][debug][gc,ref         ] GC(190) ReferenceProcessor::execute queues: 4, RefProcThreadModel::Multi, marks_oops_alive: false
[6746.357s][debug][gc,ref         ] GC(190) ReferenceProcessor::execute queues: 4, RefProcThreadModel::Multi, marks_oops_alive: true
[6746.357s][debug][gc,ref         ] GC(190) ReferenceProcessor::execute queues: 1, RefProcThreadModel::Single, marks_oops_alive: false
[6746.357s][debug][gc,phases      ] GC(190) Reference Processing 0.776ms
[6746.357s][debug][gc,phases      ] GC(190)   VM Weak                        Min:  0.0, Avg:  0.0, Max:  0.0, Diff:  0.0, Sum:  0.0, Workers: 4
[6746.357s][debug][gc,phases      ] GC(190)     Dead                           Min: 4, Avg:  6.8, Max: 9, Diff: 5, Sum: 27, Workers: 4
[6746.357s][debug][gc,phases      ] GC(190)     Total                          Min: 123, Avg: 217.2, Max: 328, Diff: 205, Sum: 869, Workers: 4
[6746.357s][debug][gc,phases      ] GC(190)   ObjectSynchronizer Weak        Min:  0.0, Avg:  0.0, Max:  0.0, Diff:  0.0, Sum:  0.0, Workers: 4
[6746.357s][debug][gc,phases      ] GC(190)     Dead                           Min: 0, Avg:  0.0, Max: 0, Diff: 0, Sum: 0, Workers: 4
[6746.357s][debug][gc,phases      ] GC(190)     Total                          Min: 0, Avg:  1.0, Max: 4, Diff: 4, Sum: 4, Workers: 4
[6746.357s][debug][gc,phases      ] GC(190)   JVMTI Tag Weak OopStorage      Min:  0.0, Avg:  0.0, Max:  0.0, Diff:  0.0, Sum:  0.0, Workers: 4
[6746.357s][debug][gc,phases      ] GC(190)     Dead                           Min: 0, Avg:  0.0, Max: 0, Diff: 0, Sum: 0, Workers: 4
[6746.357s][debug][gc,phases      ] GC(190)     Total                          Min: 0, Avg:  0.0, Max: 0, Diff: 0, Sum: 0, Workers: 4
[6746.357s][debug][gc,phases      ] GC(190)   StringTable Weak               Min:  0.2, Avg:  0.2, Max:  0.2, Diff:  0.0, Sum:  0.8, Workers: 4
[6746.357s][debug][gc,phases      ] GC(190)     Dead                           Min: 0, Avg:  0.0, Max: 0, Diff: 0, Sum: 0, Workers: 4
[6746.357s][debug][gc,phases      ] GC(190)     Total                          Min: 10611, Avg: 12460.8, Max: 13376, Diff: 2765, Sum: 49843, Workers: 4
[6746.357s][debug][gc,phases      ] GC(190)   ResolvedMethodTable Weak       Min:  0.0, Avg:  0.0, Max:  0.0, Diff:  0.0, Sum:  0.2, Workers: 4
[6746.357s][debug][gc,phases      ] GC(190)     Dead                           Min: 1, Avg:  8.2, Max: 23, Diff: 22, Sum: 33, Workers: 4
[6746.357s][debug][gc,phases      ] GC(190)     Total                          Min: 3456, Avg: 3582.0, Max: 3775, Diff: 319, Sum: 14328, Workers: 4
[6746.357s][debug][gc,phases      ] GC(190)   JNI Weak                       Min:  0.0, Avg:  0.0, Max:  0.0, Diff:  0.0, Sum:  0.0, Workers: 4
[6746.357s][debug][gc,phases      ] GC(190)     Dead                           Min: 0, Avg:  0.0, Max: 0, Diff: 0, Sum: 0, Workers: 4
[6746.357s][debug][gc,phases      ] GC(190)     Total                          Min: 0, Avg: 12.0, Max: 48, Diff: 48, Sum: 48, Workers: 4
[6746.357s][debug][gc,phases      ] GC(190)   StringDedup Table Weak         Min:  0.0, Avg:  0.0, Max:  0.0, Diff:  0.0, Sum:  0.0, Workers: 4
[6746.357s][debug][gc,phases      ] GC(190)     Dead                           Min: 0, Avg:  0.0, Max: 0, Diff: 0, Sum: 0, Workers: 4
[6746.357s][debug][gc,phases      ] GC(190)     Total                          Min: 0, Avg:  0.0, Max: 0, Diff: 0, Sum: 0, Workers: 4
[6746.357s][debug][gc,phases      ] GC(190)   StringDedup Requests0 Weak     Min:  0.0, Avg:  0.0, Max:  0.0, Diff:  0.0, Sum:  0.0, Workers: 4
[6746.357s][debug][gc,phases      ] GC(190)     Dead                           Min: 0, Avg:  0.0, Max: 0, Diff: 0, Sum: 0, Workers: 4
[6746.357s][debug][gc,phases      ] GC(190)     Total                          Min: 0, Avg:  0.0, Max: 0, Diff: 0, Sum: 0, Workers: 4
[6746.357s][debug][gc,phases      ] GC(190)   StringDedup Requests1 Weak     Min:  0.0, Avg:  0.0, Max:  0.0, Diff:  0.0, Sum:  0.0, Workers: 4
[6746.357s][debug][gc,phases      ] GC(190)     Dead                           Min: 0, Avg:  0.0, Max: 0, Diff: 0, Sum: 0, Workers: 4
[6746.357s][debug][gc,phases      ] GC(190)     Total                          Min: 0, Avg:  0.0, Max: 0, Diff: 0, Sum: 0, Workers: 4
[6746.357s][debug][gc,phases      ] GC(190)   Weak JFR Old Object Samples    Min:  0.0, Avg:  0.0, Max:  0.0, Diff:  0.0, Sum:  0.0, Workers: 4
[6746.357s][debug][gc,phases      ] GC(190)     Dead                           Min: 0, Avg:  0.0, Max: 0, Diff: 0, Sum: 0, Workers: 4
[6746.357s][debug][gc,phases      ] GC(190)     Total                          Min: 0, Avg:  0.0, Max: 0, Diff: 0, Sum: 0, Workers: 4
[6746.357s][debug][gc,phases      ] GC(190) Weak Processing 0.475ms
[6746.358s][debug][gc,phases      ] GC(190) ClassLoaderData 0.214ms
[6746.358s][debug][gc,phases      ] GC(190) Trigger cleanups 0.006ms
[6746.408s][debug][gc,phases      ] GC(190) Class Unloading 50.212ms
[6746.408s][debug][gc,phases      ] GC(190) Report Object Count 0.001ms
[6746.408s][info ][gc,phases      ] GC(190) Marking Phase 180.331ms
[6746.408s][info ][gc,phases,start] GC(190) Summary Phase
[6746.408s][info ][gc,phases      ] GC(190) Summary Phase 0.033ms
[6746.408s][info ][gc,phases,start] GC(190) Adjust Roots
[6746.426s][info ][gc,phases      ] GC(190) Adjust Roots 17.975ms
[6746.426s][info ][gc,phases,start] GC(190) Compaction Phase
[6746.581s][info ][gc,phases      ] GC(190) Compaction Phase 155.514ms
[6746.581s][info ][gc,phases,start] GC(190) Post Compact
[6746.584s][info ][gc,phases      ] GC(190) Post Compact 2.537ms
[6746.584s][info ][gc,heap        ] GC(190) PSYoungGen: 31511K(1896448K)->0K(1901056K) Eden: 0K(1704960K)->0K(1704960K) From: 31511K(191488K)->0K(196096K)
[6746.584s][info ][gc,heap        ] GC(190) ParOldGen: 558005K(558080K)->440561K(564736K)
[6746.584s][info ][gc,metaspace   ] GC(190) Metaspace: 100177K(101312K)->100127K(101312K) NonClass: 85779K(86400K)->85743K(86400K) Class: 14398K(14912K)->14384K(14912K)
[6746.584s][info ][gc             ] GC(190) Pause Full (Ergonomics) 575M->430M(2408M) 356.654ms
[6746.584s][info ][gc,cpu         ] GC(190) User=1.12s Sys=0.00s Real=0.35s
[6746.584s][info ][safepoint      ] Safepoint "ParallelGCFailedAllocation", Time since last: 7241314697 ns, Reaching safepoint: 86003 ns, Cleanup: 3900 ns, At safepoint: 399571275 ns, Total: 399661178 ns
[6751.585s][info ][safepoint      ] Safepoint "Cleanup", Time since last: 5000427785 ns, Reaching safepoint: 82302 ns, Cleanup: 32201 ns, At safepoint: 5500 ns, Total: 120003 ns
[6753.585s][info ][safepoint      ] Safepoint "Cleanup", Time since last: 2000189114 ns, Reaching safepoint: 84703 ns, Cleanup: 12400 ns, At safepoint: 6000 ns, Total: 103103 ns
[6755.585s][info ][safepoint      ] Safepoint "Cleanup", Time since last: 2000174513 ns, Reaching safepoint: 81103 ns, Cleanup: 9800 ns, At safepoint: 5900 ns, Total: 96803 ns
[6766.586s][info ][safepoint      ] Safepoint "Cleanup", Time since last: 11000858979 ns, Reaching safepoint: 85003 ns, Cleanup: 15800 ns, At safepoint: 9501 ns, Total: 110304 ns
[6767.055s][info ][gc,start       ] GC(191) Pause Young (Allocation Failure)
[6767.084s][debug][gc,phases      ] GC(191) Scavenge 28.356ms
[6767.084s][debug][gc,ref         ] GC(191) ReferenceProcessor::execute queues: 1, RefProcThreadModel::Single, marks_oops_alive: false
[6767.084s][debug][gc,ref         ] GC(191) Skipped KeepAliveFinalRefsPhase of Reference Processing: no references
[6767.084s][debug][gc,ref         ] GC(191) ReferenceProcessor::execute queues: 1, RefProcThreadModel::Single, marks_oops_alive: false
[6767.084s][debug][gc,phases      ] GC(191) Reference Processing 0.124ms
[6767.084s][debug][gc,phases      ] GC(191)   VM Weak                        Min:  0.0, Avg:  0.0, Max:  0.0, Diff:  0.0, Sum:  0.0, Workers: 4
[6767.084s][debug][gc,phases      ] GC(191)     Dead                           Min: 0, Avg:  0.0, Max: 0, Diff: 0, Sum: 0, Workers: 4
[6767.084s][debug][gc,phases      ] GC(191)     Total                          Min: 0, Avg: 210.5, Max: 416, Diff: 416, Sum: 842, Workers: 4
[6767.084s][debug][gc,phases      ] GC(191)   ObjectSynchronizer Weak        Min:  0.0, Avg:  0.0, Max:  0.0, Diff:  0.0, Sum:  0.0, Workers: 4
[6767.084s][debug][gc,phases      ] GC(191)     Dead                           Min: 0, Avg:  0.0, Max: 0, Diff: 0, Sum: 0, Workers: 4
[6767.084s][debug][gc,phases      ] GC(191)     Total                          Min: 0, Avg:  1.2, Max: 5, Diff: 5, Sum: 5, Workers: 4
[6767.084s][debug][gc,phases      ] GC(191)   JVMTI Tag Weak OopStorage      Min:  0.0, Avg:  0.0, Max:  0.0, Diff:  0.0, Sum:  0.0, Workers: 4
[6767.084s][debug][gc,phases      ] GC(191)     Dead                           Min: 0, Avg:  0.0, Max: 0, Diff: 0, Sum: 0, Workers: 4
[6767.084s][debug][gc,phases      ] GC(191)     Total                          Min: 0, Avg:  0.0, Max: 0, Diff: 0, Sum: 0, Workers: 4
[6767.084s][debug][gc,phases      ] GC(191)   StringTable Weak               Min:  0.0, Avg:  0.1, Max:  0.2, Diff:  0.2, Sum:  0.5, Workers: 4
[6767.084s][debug][gc,phases      ] GC(191)     Dead                           Min: 0, Avg:  0.0, Max: 0, Diff: 0, Sum: 0, Workers: 4
[6767.084s][debug][gc,phases      ] GC(191)     Total                          Min: 1856, Avg: 12462.0, Max: 19128, Diff: 17272, Sum: 49848, Workers: 4
[6767.084s][debug][gc,phases      ] GC(191)   ResolvedMethodTable Weak       Min:  0.0, Avg:  0.0, Max:  0.0, Diff:  0.0, Sum:  0.1, Workers: 4
[6767.084s][debug][gc,phases      ] GC(191)     Dead                           Min: 0, Avg:  0.0, Max: 0, Diff: 0, Sum: 0, Workers: 4
[6767.084s][debug][gc,phases      ] GC(191)     Total                          Min: 0, Avg: 3582.0, Max: 5369, Diff: 5369, Sum: 14328, Workers: 4
[6767.084s][debug][gc,phases      ] GC(191)   JNI Weak                       Min:  0.0, Avg:  0.0, Max:  0.0, Diff:  0.0, Sum:  0.0, Workers: 4
[6767.084s][debug][gc,phases      ] GC(191)     Dead                           Min: 0, Avg:  0.0, Max: 0, Diff: 0, Sum: 0, Workers: 4
[6767.084s][debug][gc,phases      ] GC(191)     Total                          Min: 0, Avg: 12.0, Max: 48, Diff: 48, Sum: 48, Workers: 4
[6767.084s][debug][gc,phases      ] GC(191)   StringDedup Table Weak         Min:  0.0, Avg:  0.0, Max:  0.0, Diff:  0.0, Sum:  0.0, Workers: 4
[6767.084s][debug][gc,phases      ] GC(191)     Dead                           Min: 0, Avg:  0.0, Max: 0, Diff: 0, Sum: 0, Workers: 4
[6767.084s][debug][gc,phases      ] GC(191)     Total                          Min: 0, Avg:  0.0, Max: 0, Diff: 0, Sum: 0, Workers: 4
[6767.084s][debug][gc,phases      ] GC(191)   StringDedup Requests0 Weak     Min:  0.0, Avg:  0.0, Max:  0.0, Diff:  0.0, Sum:  0.0, Workers: 4
[6767.084s][debug][gc,phases      ] GC(191)     Dead                           Min: 0, Avg:  0.0, Max: 0, Diff: 0, Sum: 0, Workers: 4
[6767.084s][debug][gc,phases      ] GC(191)     Total                          Min: 0, Avg:  0.0, Max: 0, Diff: 0, Sum: 0, Workers: 4
[6767.084s][debug][gc,phases      ] GC(191)   StringDedup Requests1 Weak     Min:  0.0, Avg:  0.0, Max:  0.0, Diff:  0.0, Sum:  0.0, Workers: 4
[6767.084s][debug][gc,phases      ] GC(191)     Dead                           Min: 0, Avg:  0.0, Max: 0, Diff: 0, Sum: 0, Workers: 4
[6767.084s][debug][gc,phases      ] GC(191)     Total                          Min: 0, Avg:  0.0, Max: 0, Diff: 0, Sum: 0, Workers: 4
[6767.084s][debug][gc,phases      ] GC(191)   Weak JFR Old Object Samples    Min:  0.0, Avg:  0.0, Max:  0.0, Diff:  0.0, Sum:  0.0, Workers: 4
[6767.084s][debug][gc,phases      ] GC(191)     Dead                           Min: 0, Avg:  0.0, Max: 0, Diff: 0, Sum: 0, Workers: 4
[6767.084s][debug][gc,phases      ] GC(191)     Total                          Min: 0, Avg:  0.0, Max: 0, Diff: 0, Sum: 0, Workers: 4
[6767.084s][debug][gc,phases      ] GC(191) Weak Processing 0.450ms
[6767.084s][debug][gc,age         ] GC(191) Desired survivor size 196608000 bytes, new threshold 15 (max threshold 15)
[6767.084s][info ][gc,heap        ] GC(191) PSYoungGen: 1704960K(1901056K)->66195K(1905152K) Eden: 1704960K(1704960K)->0K(1709056K) From: 0K(196096K)->66195K(196096K)
[6767.084s][info ][gc,heap        ] GC(191) ParOldGen: 440561K(564736K)->440561K(564736K)
[6767.084s][info ][gc,metaspace   ] GC(191) Metaspace: 100128K(101312K)->100128K(101312K) NonClass: 85743K(86400K)->85743K(86400K) Class: 14384K(14912K)->14384K(14912K)
[6767.084s][info ][gc             ] GC(191) Pause Young (Allocation Failure) 2095M->494M(2412M) 29.076ms
[6767.085s][info ][gc,cpu         ] GC(191) User=0.09s Sys=0.00s Real=0.03s
[6767.085s][info ][safepoint      ] Safepoint "ParallelGCFailedAllocation", Time since last: 469040667 ns, Reaching safepoint: 93003 ns, Cleanup: 14300 ns, At safepoint: 29162775 ns, Total: 29270078 ns
[6768.085s][info ][safepoint      ] Safepoint "Cleanup", Time since last: 1000094293 ns, Reaching safepoint: 79303 ns, Cleanup: 13800 ns, At safepoint: 5800 ns, Total: 98903 ns
[6769.085s][info ][safepoint      ] Safepoint "Cleanup", Time since last: 1000114595 ns, Reaching safepoint: 84602 ns, Cleanup: 10001 ns, At safepoint: 7100 ns, Total: 101703 ns
[6772.085s][info ][safepoint      ] Safepoint "Cleanup", Time since last: 3000255593 ns, Reaching safepoint: 84303 ns, Cleanup: 9400 ns, At safepoint: 7000 ns, Total: 100703 ns
[6778.086s][info ][safepoint      ] Safepoint "Cleanup", Time since last: 6000472152 ns, Reaching safepoint: 80302 ns, Cleanup: 9901 ns, At safepoint: 5500 ns, Total: 95703 ns
[6780.086s][info ][safepoint      ] Safepoint "Cleanup", Time since last: 2000197712 ns, Reaching safepoint: 89803 ns, Cleanup: 13201 ns, At safepoint: 9300 ns, Total: 112304 ns
[6782.957s][info ][safepoint      ] Safepoint "Cleanup", Time since last: 2871186081 ns, Reaching safepoint: 78803 ns, Cleanup: 9600 ns, At safepoint: 5700 ns, Total: 94103 ns
[6784.958s][info ][safepoint      ] Safepoint "Cleanup", Time since last: 2000183856 ns, Reaching safepoint: 7800 ns, Cleanup: 13100 ns, At safepoint: 2600 ns, Total: 23500 ns
[6785.295s][info ][gc,start       ] GC(192) Pause Young (Allocation Failure)
[6785.321s][debug][gc,phases      ] GC(192) Scavenge 26.021ms
[6785.321s][debug][gc,ref         ] GC(192) ReferenceProcessor::execute queues: 1, RefProcThreadModel::Single, marks_oops_alive: false
[6785.321s][debug][gc,ref         ] GC(192) Skipped KeepAliveFinalRefsPhase of Reference Processing: no references
[6785.321s][debug][gc,ref         ] GC(192) ReferenceProcessor::execute queues: 1, RefProcThreadModel::Single, marks_oops_alive: false
[6785.321s][debug][gc,phases      ] GC(192) Reference Processing 0.126ms
[6785.321s][debug][gc,phases      ] GC(192)   VM Weak                        Min:  0.0, Avg:  0.0, Max:  0.0, Diff:  0.0, Sum:  0.0, Workers: 4
[6785.321s][debug][gc,phases      ] GC(192)     Dead                           Min: 0, Avg:  0.0, Max: 0, Diff: 0, Sum: 0, Workers: 4
[6785.321s][debug][gc,phases      ] GC(192)     Total                          Min: 0, Avg: 210.5, Max: 416, Diff: 416, Sum: 842, Workers: 4
[6785.321s][debug][gc,phases      ] GC(192)   ObjectSynchronizer Weak        Min:  0.0, Avg:  0.0, Max:  0.0, Diff:  0.0, Sum:  0.0, Workers: 4
[6785.321s][debug][gc,phases      ] GC(192)     Dead                           Min: 0, Avg:  0.0, Max: 0, Diff: 0, Sum: 0, Workers: 4
[6785.321s][debug][gc,phases      ] GC(192)     Total                          Min: 0, Avg:  1.2, Max: 5, Diff: 5, Sum: 5, Workers: 4
[6785.321s][debug][gc,phases      ] GC(192)   JVMTI Tag Weak OopStorage      Min:  0.0, Avg:  0.0, Max:  0.0, Diff:  0.0, Sum:  0.0, Workers: 4
[6785.321s][debug][gc,phases      ] GC(192)     Dead                           Min: 0, Avg:  0.0, Max: 0, Diff: 0, Sum: 0, Workers: 4
[6785.322s][debug][gc,phases      ] GC(192)     Total                          Min: 0, Avg:  0.0, Max: 0, Diff: 0, Sum: 0, Workers: 4
[6785.322s][debug][gc,phases      ] GC(192)   StringTable Weak               Min:  0.0, Avg:  0.1, Max:  0.2, Diff:  0.2, Sum:  0.5, Workers: 4
[6785.322s][debug][gc,phases      ] GC(192)     Dead                           Min: 0, Avg:  0.5, Max: 2, Diff: 2, Sum: 2, Workers: 4
[6785.322s][debug][gc,phases      ] GC(192)     Total                          Min: 0, Avg: 12462.2, Max: 17786, Diff: 17786, Sum: 49849, Workers: 4
[6785.322s][debug][gc,phases      ] GC(192)   ResolvedMethodTable Weak       Min:  0.0, Avg:  0.0, Max:  0.0, Diff:  0.0, Sum:  0.1, Workers: 4
[6785.322s][debug][gc,phases      ] GC(192)     Dead                           Min: 0, Avg:  0.0, Max: 0, Diff: 0, Sum: 0, Workers: 4
[6785.322s][debug][gc,phases      ] GC(192)     Total                          Min: 0, Avg: 3582.5, Max: 4988, Diff: 4988, Sum: 14330, Workers: 4
[6785.322s][debug][gc,phases      ] GC(192)   JNI Weak                       Min:  0.0, Avg:  0.0, Max:  0.0, Diff:  0.0, Sum:  0.0, Workers: 4
[6785.322s][debug][gc,phases      ] GC(192)     Dead                           Min: 0, Avg:  0.0, Max: 0, Diff: 0, Sum: 0, Workers: 4
[6785.322s][debug][gc,phases      ] GC(192)     Total                          Min: 0, Avg: 12.0, Max: 48, Diff: 48, Sum: 48, Workers: 4
[6785.322s][debug][gc,phases      ] GC(192)   StringDedup Table Weak         Min:  0.0, Avg:  0.0, Max:  0.0, Diff:  0.0, Sum:  0.0, Workers: 4
[6785.322s][debug][gc,phases      ] GC(192)     Dead                           Min: 0, Avg:  0.0, Max: 0, Diff: 0, Sum: 0, Workers: 4
[6785.322s][debug][gc,phases      ] GC(192)     Total                          Min: 0, Avg:  0.0, Max: 0, Diff: 0, Sum: 0, Workers: 4
[6785.322s][debug][gc,phases      ] GC(192)   StringDedup Requests0 Weak     Min:  0.0, Avg:  0.0, Max:  0.0, Diff:  0.0, Sum:  0.0, Workers: 4
[6785.322s][debug][gc,phases      ] GC(192)     Dead                           Min: 0, Avg:  0.0, Max: 0, Diff: 0, Sum: 0, Workers: 4
[6785.322s][debug][gc,phases      ] GC(192)     Total                          Min: 0, Avg:  0.0, Max: 0, Diff: 0, Sum: 0, Workers: 4
[6785.322s][debug][gc,phases      ] GC(192)   StringDedup Requests1 Weak     Min:  0.0, Avg:  0.0, Max:  0.0, Diff:  0.0, Sum:  0.0, Workers: 4
[6785.322s][debug][gc,phases      ] GC(192)     Dead                           Min: 0, Avg:  0.0, Max: 0, Diff: 0, Sum: 0, Workers: 4
[6785.322s][debug][gc,phases      ] GC(192)     Total                          Min: 0, Avg:  0.0, Max: 0, Diff: 0, Sum: 0, Workers: 4
[6785.322s][debug][gc,phases      ] GC(192)   Weak JFR Old Object Samples    Min:  0.0, Avg:  0.0, Max:  0.0, Diff:  0.0, Sum:  0.0, Workers: 4
[6785.322s][debug][gc,phases      ] GC(192)     Dead                           Min: 0, Avg:  0.0, Max: 0, Diff: 0, Sum: 0, Workers: 4
[6785.322s][debug][gc,phases      ] GC(192)     Total                          Min: 0, Avg:  0.0, Max: 0, Diff: 0, Sum: 0, Workers: 4
[6785.322s][debug][gc,phases      ] GC(192) Weak Processing 0.453ms
[6785.322s][debug][gc,age         ] GC(192) Desired survivor size 189267968 bytes, new threshold 15 (max threshold 15)
[6785.322s][info ][gc,heap        ] GC(192) PSYoungGen: 1775251K(1905152K)->80289K(1901056K) Eden: 1709056K(1709056K)->0K(1709056K) From: 66195K(196096K)->80289K(192000K)
[6785.322s][info ][gc,heap        ] GC(192) ParOldGen: 440561K(564736K)->440561K(564736K)
[6785.322s][info ][gc,metaspace   ] GC(192) Metaspace: 100130K(101312K)->100130K(101312K) NonClass: 85744K(86400K)->85744K(86400K) Class: 14385K(14912K)->14385K(14912K)
[6785.322s][info ][gc             ] GC(192) Pause Young (Allocation Failure) 2163M->508M(2408M) 26.755ms
[6785.322s][info ][gc,cpu         ] GC(192) User=0.08s Sys=0.00s Real=0.03s
[6785.322s][info ][safepoint      ] Safepoint "ParallelGCFailedAllocation", Time since last: 337240093 ns, Reaching safepoint: 9301 ns, Cleanup: 3700 ns, At safepoint: 26848911 ns, Total: 26861912 ns
[6788.322s][info ][safepoint      ] Safepoint "Cleanup", Time since last: 3000239111 ns, Reaching safepoint: 8800 ns, Cleanup: 11301 ns, At safepoint: 2300 ns, Total: 22401 ns
[6789.322s][info ][safepoint      ] Safepoint "Cleanup", Time since last: 1000116174 ns, Reaching safepoint: 8100 ns, Cleanup: 14701 ns, At safepoint: 2900 ns, Total: 25701 ns
[6790.322s][info ][safepoint      ] Safepoint "Cleanup", Time since last: 1000122775 ns, Reaching safepoint: 9600 ns, Cleanup: 10300 ns, At safepoint: 2700 ns, Total: 22600 ns
[6791.322s][info ][safepoint      ] Safepoint "Cleanup", Time since last: 1000124475 ns, Reaching safepoint: 8700 ns, Cleanup: 13801 ns, At safepoint: 2900 ns, Total: 25401 ns
[6792.323s][info ][safepoint      ] Safepoint "Cleanup", Time since last: 1000134651 ns, Reaching safepoint: 8400 ns, Cleanup: 13301 ns, At safepoint: 2500 ns, Total: 24201 ns
[6793.323s][info ][safepoint      ] Safepoint "Cleanup", Time since last: 1000122468 ns, Reaching safepoint: 8900 ns, Cleanup: 10700 ns, At safepoint: 2200 ns, Total: 21800 ns
[6804.134s][info ][gc,start       ] GC(193) Pause Young (Allocation Failure)
[6804.162s][debug][gc,phases      ] GC(193) Scavenge 27.730ms
[6804.162s][debug][gc,ref         ] GC(193) ReferenceProcessor::execute queues: 1, RefProcThreadModel::Single, marks_oops_alive: false
[6804.162s][debug][gc,ref         ] GC(193) Skipped KeepAliveFinalRefsPhase of Reference Processing: no references
[6804.162s][debug][gc,ref         ] GC(193) ReferenceProcessor::execute queues: 1, RefProcThreadModel::Single, marks_oops_alive: false
[6804.162s][debug][gc,phases      ] GC(193) Reference Processing 0.131ms
[6804.162s][debug][gc,phases      ] GC(193)   VM Weak                        Min:  0.0, Avg:  0.0, Max:  0.0, Diff:  0.0, Sum:  0.0, Workers: 4
[6804.162s][debug][gc,phases      ] GC(193)     Dead                           Min: 0, Avg:  0.0, Max: 0, Diff: 0, Sum: 0, Workers: 4
[6804.162s][debug][gc,phases      ] GC(193)     Total                          Min: 0, Avg: 210.5, Max: 374, Diff: 374, Sum: 842, Workers: 4
[6804.162s][debug][gc,phases      ] GC(193)   ObjectSynchronizer Weak        Min:  0.0, Avg:  0.0, Max:  0.0, Diff:  0.0, Sum:  0.0, Workers: 4
[6804.162s][debug][gc,phases      ] GC(193)     Dead                           Min: 0, Avg:  0.0, Max: 0, Diff: 0, Sum: 0, Workers: 4
[6804.162s][debug][gc,phases      ] GC(193)     Total                          Min: 0, Avg:  1.2, Max: 5, Diff: 5, Sum: 5, Workers: 4
[6804.162s][debug][gc,phases      ] GC(193)   JVMTI Tag Weak OopStorage      Min:  0.0, Avg:  0.0, Max:  0.0, Diff:  0.0, Sum:  0.0, Workers: 4
[6804.162s][debug][gc,phases      ] GC(193)     Dead                           Min: 0, Avg:  0.0, Max: 0, Diff: 0, Sum: 0, Workers: 4
[6804.162s][debug][gc,phases      ] GC(193)     Total                          Min: 0, Avg:  0.0, Max: 0, Diff: 0, Sum: 0, Workers: 4
[6804.162s][debug][gc,phases      ] GC(193)   StringTable Weak               Min:  0.0, Avg:  0.1, Max:  0.2, Diff:  0.2, Sum:  0.5, Workers: 4
[6804.162s][debug][gc,phases      ] GC(193)     Dead                           Min: 0, Avg:  0.2, Max: 1, Diff: 1, Sum: 1, Workers: 4
[6804.162s][debug][gc,phases      ] GC(193)     Total                          Min: 0, Avg: 12464.5, Max: 16898, Diff: 16898, Sum: 49858, Workers: 4
[6804.162s][debug][gc,phases      ] GC(193)   ResolvedMethodTable Weak       Min:  0.0, Avg:  0.0, Max:  0.0, Diff:  0.0, Sum:  0.1, Workers: 4
[6804.162s][debug][gc,phases      ] GC(193)     Dead                           Min: 0, Avg:  0.2, Max: 1, Diff: 1, Sum: 1, Workers: 4
[6804.162s][debug][gc,phases      ] GC(193)     Total                          Min: 0, Avg: 3584.0, Max: 4992, Diff: 4992, Sum: 14336, Workers: 4
[6804.162s][debug][gc,phases      ] GC(193)   JNI Weak                       Min:  0.0, Avg:  0.0, Max:  0.0, Diff:  0.0, Sum:  0.0, Workers: 4
[6804.162s][debug][gc,phases      ] GC(193)     Dead                           Min: 0, Avg:  0.0, Max: 0, Diff: 0, Sum: 0, Workers: 4
[6804.163s][debug][gc,phases      ] GC(193)     Total                          Min: 0, Avg: 12.0, Max: 48, Diff: 48, Sum: 48, Workers: 4
[6804.163s][debug][gc,phases      ] GC(193)   StringDedup Table Weak         Min:  0.0, Avg:  0.0, Max:  0.0, Diff:  0.0, Sum:  0.0, Workers: 4
[6804.163s][debug][gc,phases      ] GC(193)     Dead                           Min: 0, Avg:  0.0, Max: 0, Diff: 0, Sum: 0, Workers: 4
[6804.163s][debug][gc,phases      ] GC(193)     Total                          Min: 0, Avg:  0.0, Max: 0, Diff: 0, Sum: 0, Workers: 4
[6804.163s][debug][gc,phases      ] GC(193)   StringDedup Requests0 Weak     Min:  0.0, Avg:  0.0, Max:  0.0, Diff:  0.0, Sum:  0.0, Workers: 4
[6804.163s][debug][gc,phases      ] GC(193)     Dead                           Min: 0, Avg:  0.0, Max: 0, Diff: 0, Sum: 0, Workers: 4
[6804.163s][debug][gc,phases      ] GC(193)     Total                          Min: 0, Avg:  0.0, Max: 0, Diff: 0, Sum: 0, Workers: 4
[6804.163s][debug][gc,phases      ] GC(193)   StringDedup Requests1 Weak     Min:  0.0, Avg:  0.0, Max:  0.0, Diff:  0.0, Sum:  0.0, Workers: 4
[6804.163s][debug][gc,phases      ] GC(193)     Dead                           Min: 0, Avg:  0.0, Max: 0, Diff: 0, Sum: 0, Workers: 4
[6804.163s][debug][gc,phases      ] GC(193)     Total                          Min: 0, Avg:  0.0, Max: 0, Diff: 0, Sum: 0, Workers: 4
[6804.163s][debug][gc,phases      ] GC(193)   Weak JFR Old Object Samples    Min:  0.0, Avg:  0.0, Max:  0.0, Diff:  0.0, Sum:  0.0, Workers: 4
[6804.163s][debug][gc,phases      ] GC(193)     Dead                           Min: 0, Avg:  0.0, Max: 0, Diff: 0, Sum: 0, Workers: 4
[6804.163s][debug][gc,phases      ] GC(193)     Total                          Min: 0, Avg:  0.0, Max: 0, Diff: 0, Sum: 0, Workers: 4
[6804.163s][debug][gc,phases      ] GC(193) Weak Processing 0.459ms
[6804.163s][debug][gc,age         ] GC(193) Desired survivor size 182452224 bytes, new threshold 15 (max threshold 15)
[6804.163s][info ][gc,heap        ] GC(193) PSYoungGen: 1789345K(1901056K)->100673K(1918976K) Eden: 1709056K(1709056K)->0K(1734144K) From: 80289K(192000K)->100673K(184832K)
[6804.163s][info ][gc,heap        ] GC(193) ParOldGen: 440561K(564736K)->440561K(564736K)
[6804.163s][info ][gc,metaspace   ] GC(193) Metaspace: 100142K(101312K)->100142K(101312K) NonClass: 85754K(86400K)->85754K(86400K) Class: 14388K(14912K)->14388K(14912K)
[6804.163s][info ][gc             ] GC(193) Pause Young (Allocation Failure) 2177M->528M(2425M) 28.464ms
[6804.163s][info ][gc,cpu         ] GC(193) User=0.10s Sys=0.00s Real=0.03s
[6804.163s][info ][safepoint      ] Safepoint "ParallelGCFailedAllocation", Time since last: 10811256578 ns, Reaching safepoint: 85602 ns, Cleanup: 3900 ns, At safepoint: 28573419 ns, Total: 28662921 ns
[6805.163s][info ][safepoint      ] Safepoint "Cleanup", Time since last: 1000093069 ns, Reaching safepoint: 7500 ns, Cleanup: 12400 ns, At safepoint: 2801 ns, Total: 22701 ns
[6806.163s][info ][safepoint      ] Safepoint "Cleanup", Time since last: 1000112569 ns, Reaching safepoint: 8400 ns, Cleanup: 10100 ns, At safepoint: 5701 ns, Total: 24201 ns
[6808.163s][info ][safepoint      ] Safepoint "Cleanup", Time since last: 2000155936 ns, Reaching safepoint: 8800 ns, Cleanup: 10301 ns, At safepoint: 2800 ns, Total: 21901 ns
[6810.163s][info ][safepoint      ] Safepoint "Cleanup", Time since last: 2000233639 ns, Reaching safepoint: 82802 ns, Cleanup: 20601 ns, At safepoint: 15600 ns, Total: 119003 ns
[6810.509s][info ][safepoint      ] Safepoint "ParallelGCFailedAllocation", Time since last: 345981218 ns, Reaching safepoint: 8800 ns, Cleanup: 10500 ns, At safepoint: 7701 ns, Total: 27001 ns
[6810.510s][info ][gc,start       ] GC(194) Pause Young (GCLocker Initiated GC)
[6810.541s][debug][gc,phases      ] GC(194) Scavenge 31.514ms
[6810.541s][debug][gc,ref         ] GC(194) ReferenceProcessor::execute queues: 1, RefProcThreadModel::Single, marks_oops_alive: false
[6810.541s][debug][gc,ref         ] GC(194) Skipped KeepAliveFinalRefsPhase of Reference Processing: no references
[6810.541s][debug][gc,ref         ] GC(194) ReferenceProcessor::execute queues: 1, RefProcThreadModel::Single, marks_oops_alive: false
[6810.541s][debug][gc,phases      ] GC(194) Reference Processing 0.133ms
[6810.542s][debug][gc,phases      ] GC(194)   VM Weak                        Min:  0.0, Avg:  0.0, Max:  0.0, Diff:  0.0, Sum:  0.0, Workers: 4
[6810.542s][debug][gc,phases      ] GC(194)     Dead                           Min: 0, Avg:  0.0, Max: 0, Diff: 0, Sum: 0, Workers: 4
[6810.542s][debug][gc,phases      ] GC(194)     Total                          Min: 0, Avg: 210.5, Max: 458, Diff: 458, Sum: 842, Workers: 4
[6810.542s][debug][gc,phases      ] GC(194)   ObjectSynchronizer Weak        Min:  0.0, Avg:  0.0, Max:  0.0, Diff:  0.0, Sum:  0.0, Workers: 4
[6810.542s][debug][gc,phases      ] GC(194)     Dead                           Min: 0, Avg:  0.0, Max: 0, Diff: 0, Sum: 0, Workers: 4
[6810.542s][debug][gc,phases      ] GC(194)     Total                          Min: 0, Avg:  1.2, Max: 5, Diff: 5, Sum: 5, Workers: 4
[6810.542s][debug][gc,phases      ] GC(194)   JVMTI Tag Weak OopStorage      Min:  0.0, Avg:  0.0, Max:  0.0, Diff:  0.0, Sum:  0.0, Workers: 4
[6810.542s][debug][gc,phases      ] GC(194)     Dead                           Min: 0, Avg:  0.0, Max: 0, Diff: 0, Sum: 0, Workers: 4
[6810.542s][debug][gc,phases      ] GC(194)     Total                          Min: 0, Avg:  0.0, Max: 0, Diff: 0, Sum: 0, Workers: 4
[6810.542s][debug][gc,phases      ] GC(194)   StringTable Weak               Min:  0.1, Avg:  0.1, Max:  0.1, Diff:  0.0, Sum:  0.5, Workers: 4
[6810.542s][debug][gc,phases      ] GC(194)     Dead                           Min: 0, Avg:  0.0, Max: 0, Diff: 0, Sum: 0, Workers: 4
[6810.542s][debug][gc,phases      ] GC(194)     Total                          Min: 10944, Avg: 12464.5, Max: 13696, Diff: 2752, Sum: 49858, Workers: 4
[6810.542s][debug][gc,phases      ] GC(194)   ResolvedMethodTable Weak       Min:  0.0, Avg:  0.0, Max:  0.0, Diff:  0.0, Sum:  0.1, Workers: 4
[6810.542s][debug][gc,phases      ] GC(194)     Dead                           Min: 0, Avg:  0.0, Max: 0, Diff: 0, Sum: 0, Workers: 4
[6810.542s][debug][gc,phases      ] GC(194)     Total                          Min: 3328, Avg: 3584.0, Max: 4032, Diff: 704, Sum: 14336, Workers: 4
[6810.542s][debug][gc,phases      ] GC(194)   JNI Weak                       Min:  0.0, Avg:  0.0, Max:  0.0, Diff:  0.0, Sum:  0.0, Workers: 4
[6810.542s][debug][gc,phases      ] GC(194)     Dead                           Min: 0, Avg:  0.0, Max: 0, Diff: 0, Sum: 0, Workers: 4
[6810.542s][debug][gc,phases      ] GC(194)     Total                          Min: 0, Avg: 12.0, Max: 48, Diff: 48, Sum: 48, Workers: 4
[6810.542s][debug][gc,phases      ] GC(194)   StringDedup Table Weak         Min:  0.0, Avg:  0.0, Max:  0.0, Diff:  0.0, Sum:  0.0, Workers: 4
[6810.542s][debug][gc,phases      ] GC(194)     Dead                           Min: 0, Avg:  0.0, Max: 0, Diff: 0, Sum: 0, Workers: 4
[6810.542s][debug][gc,phases      ] GC(194)     Total                          Min: 0, Avg:  0.0, Max: 0, Diff: 0, Sum: 0, Workers: 4
[6810.542s][debug][gc,phases      ] GC(194)   StringDedup Requests0 Weak     Min:  0.0, Avg:  0.0, Max:  0.0, Diff:  0.0, Sum:  0.0, Workers: 4
[6810.542s][debug][gc,phases      ] GC(194)     Dead                           Min: 0, Avg:  0.0, Max: 0, Diff: 0, Sum: 0, Workers: 4
[6810.542s][debug][gc,phases      ] GC(194)     Total                          Min: 0, Avg:  0.0, Max: 0, Diff: 0, Sum: 0, Workers: 4
[6810.542s][debug][gc,phases      ] GC(194)   StringDedup Requests1 Weak     Min:  0.0, Avg:  0.0, Max:  0.0, Diff:  0.0, Sum:  0.0, Workers: 4
[6810.542s][debug][gc,phases      ] GC(194)     Dead                           Min: 0, Avg:  0.0, Max: 0, Diff: 0, Sum: 0, Workers: 4
[6810.542s][debug][gc,phases      ] GC(194)     Total                          Min: 0, Avg:  0.0, Max: 0, Diff: 0, Sum: 0, Workers: 4
[6810.542s][debug][gc,phases      ] GC(194)   Weak JFR Old Object Samples    Min:  0.0, Avg:  0.0, Max:  0.0, Diff:  0.0, Sum:  0.0, Workers: 4
[6810.542s][debug][gc,phases      ] GC(194)     Dead                           Min: 0, Avg:  0.0, Max: 0, Diff: 0, Sum: 0, Workers: 4
[6810.542s][debug][gc,phases      ] GC(194)     Total                          Min: 0, Avg:  0.0, Max: 0, Diff: 0, Sum: 0, Workers: 4
[6810.542s][debug][gc,phases      ] GC(194) Weak Processing 0.406ms
[6810.542s][debug][gc,age         ] GC(194) Desired survivor size 175636480 bytes, new threshold 15 (max threshold 15)
[6810.542s][info ][gc,heap        ] GC(194) PSYoungGen: 1834817K(1918976K)->86518K(1912320K) Eden: 1734144K(1734144K)->0K(1734144K) From: 100673K(184832K)->86518K(178176K)
[6810.542s][info ][gc,heap        ] GC(194) ParOldGen: 440567K(564736K)->440567K(564736K)
[6810.542s][info ][gc,metaspace   ] GC(194) Metaspace: 100146K(101312K)->100146K(101312K) NonClass: 85758K(86400K)->85758K(86400K) Class: 14388K(14912K)->14388K(14912K)
[6810.542s][info ][gc             ] GC(194) Pause Young (GCLocker Initiated GC) 2222M->514M(2419M) 32.249ms
[6810.542s][info ][gc,cpu         ] GC(194) User=0.11s Sys=0.00s Real=0.03s
[6810.542s][info ][safepoint      ] Safepoint "ParallelGCSystemGC", Time since last: 100903 ns, Reaching safepoint: 76602 ns, Cleanup: 800 ns, At safepoint: 32326926 ns, Total: 32404328 ns
[6811.532s][info ][gc,start       ] GC(195) Pause Young (Allocation Failure)
[6811.578s][debug][gc,phases      ] GC(195) Scavenge 45.427ms
[6811.578s][debug][gc,ref         ] GC(195) ReferenceProcessor::execute queues: 1, RefProcThreadModel::Single, marks_oops_alive: false
[6811.578s][debug][gc,ref         ] GC(195) Skipped KeepAliveFinalRefsPhase of Reference Processing: no references
[6811.578s][debug][gc,ref         ] GC(195) ReferenceProcessor::execute queues: 1, RefProcThreadModel::Single, marks_oops_alive: false
[6811.578s][debug][gc,phases      ] GC(195) Reference Processing 0.149ms
[6811.578s][debug][gc,phases      ] GC(195)   VM Weak                        Min:  0.0, Avg:  0.0, Max:  0.0, Diff:  0.0, Sum:  0.0, Workers: 4
[6811.578s][debug][gc,phases      ] GC(195)     Dead                           Min: 0, Avg:  0.0, Max: 0, Diff: 0, Sum: 0, Workers: 4
[6811.578s][debug][gc,phases      ] GC(195)     Total                          Min: 0, Avg: 210.5, Max: 609, Diff: 609, Sum: 842, Workers: 4
[6811.578s][debug][gc,phases      ] GC(195)   ObjectSynchronizer Weak        Min:  0.0, Avg:  0.0, Max:  0.0, Diff:  0.0, Sum:  0.0, Workers: 4
[6811.578s][debug][gc,phases      ] GC(195)     Dead                           Min: 0, Avg:  0.0, Max: 0, Diff: 0, Sum: 0, Workers: 4
[6811.578s][debug][gc,phases      ] GC(195)     Total                          Min: 0, Avg:  1.2, Max: 5, Diff: 5, Sum: 5, Workers: 4
[6811.578s][debug][gc,phases      ] GC(195)   JVMTI Tag Weak OopStorage      Min:  0.0, Avg:  0.0, Max:  0.0, Diff:  0.0, Sum:  0.0, Workers: 4
[6811.578s][debug][gc,phases      ] GC(195)     Dead                           Min: 0, Avg:  0.0, Max: 0, Diff: 0, Sum: 0, Workers: 4
[6811.578s][debug][gc,phases      ] GC(195)     Total                          Min: 0, Avg:  0.0, Max: 0, Diff: 0, Sum: 0, Workers: 4
[6811.578s][debug][gc,phases      ] GC(195)   StringTable Weak               Min:  0.0, Avg:  0.1, Max:  0.2, Diff:  0.2, Sum:  0.5, Workers: 4
[6811.578s][debug][gc,phases      ] GC(195)     Dead                           Min: 0, Avg:  0.0, Max: 0, Diff: 0, Sum: 0, Workers: 4
[6811.578s][debug][gc,phases      ] GC(195)     Total                          Min: 0, Avg: 12465.2, Max: 17344, Diff: 17344, Sum: 49861, Workers: 4
[6811.578s][debug][gc,phases      ] GC(195)   ResolvedMethodTable Weak       Min:  0.0, Avg:  0.0, Max:  0.0, Diff:  0.0, Sum:  0.1, Workers: 4
[6811.578s][debug][gc,phases      ] GC(195)     Dead                           Min: 0, Avg:  0.0, Max: 0, Diff: 0, Sum: 0, Workers: 4
[6811.578s][debug][gc,phases      ] GC(195)     Total                          Min: 0, Avg: 3584.0, Max: 5568, Diff: 5568, Sum: 14336, Workers: 4
[6811.578s][debug][gc,phases      ] GC(195)   JNI Weak                       Min:  0.0, Avg:  0.0, Max:  0.0, Diff:  0.0, Sum:  0.0, Workers: 4
[6811.578s][debug][gc,phases      ] GC(195)     Dead                           Min: 0, Avg:  0.0, Max: 0, Diff: 0, Sum: 0, Workers: 4
[6811.578s][debug][gc,phases      ] GC(195)     Total                          Min: 0, Avg: 12.0, Max: 48, Diff: 48, Sum: 48, Workers: 4
[6811.578s][debug][gc,phases      ] GC(195)   StringDedup Table Weak         Min:  0.0, Avg:  0.0, Max:  0.0, Diff:  0.0, Sum:  0.0, Workers: 4
[6811.578s][debug][gc,phases      ] GC(195)     Dead                           Min: 0, Avg:  0.0, Max: 0, Diff: 0, Sum: 0, Workers: 4
[6811.578s][debug][gc,phases      ] GC(195)     Total                          Min: 0, Avg:  0.0, Max: 0, Diff: 0, Sum: 0, Workers: 4
[6811.578s][debug][gc,phases      ] GC(195)   StringDedup Requests0 Weak     Min:  0.0, Avg:  0.0, Max:  0.0, Diff:  0.0, Sum:  0.0, Workers: 4
[6811.578s][debug][gc,phases      ] GC(195)     Dead                           Min: 0, Avg:  0.0, Max: 0, Diff: 0, Sum: 0, Workers: 4
[6811.578s][debug][gc,phases      ] GC(195)     Total                          Min: 0, Avg:  0.0, Max: 0, Diff: 0, Sum: 0, Workers: 4
[6811.578s][debug][gc,phases      ] GC(195)   StringDedup Requests1 Weak     Min:  0.0, Avg:  0.0, Max:  0.0, Diff:  0.0, Sum:  0.0, Workers: 4
[6811.578s][debug][gc,phases      ] GC(195)     Dead                           Min: 0, Avg:  0.0, Max: 0, Diff: 0, Sum: 0, Workers: 4
[6811.578s][debug][gc,phases      ] GC(195)     Total                          Min: 0, Avg:  0.0, Max: 0, Diff: 0, Sum: 0, Workers: 4
[6811.578s][debug][gc,phases      ] GC(195)   Weak JFR Old Object Samples    Min:  0.0, Avg:  0.0, Max:  0.0, Diff:  0.0, Sum:  0.0, Workers: 4
[6811.578s][debug][gc,phases      ] GC(195)     Dead                           Min: 0, Avg:  0.0, Max: 0, Diff: 0, Sum: 0, Workers: 4
[6811.578s][debug][gc,phases      ] GC(195)     Total                          Min: 0, Avg:  0.0, Max: 0, Diff: 0, Sum: 0, Workers: 4
[6811.578s][debug][gc,phases      ] GC(195) Weak Processing 0.491ms
[6811.578s][debug][gc,age         ] GC(195) Desired survivor size 178257920 bytes, new threshold 14 (max threshold 15)
[6811.578s][info ][gc,heap        ] GC(195) PSYoungGen: 1820662K(1912320K)->121936K(1920512K) Eden: 1734144K(1734144K)->0K(1748992K) From: 86518K(178176K)->121936K(171520K)
[6811.578s][info ][gc,heap        ] GC(195) ParOldGen: 451865K(564736K)->451865K(564736K)
[6811.578s][info ][gc,metaspace   ] GC(195) Metaspace: 100147K(101312K)->100147K(101312K) NonClass: 85759K(86400K)->85759K(86400K) Class: 14388K(14912K)->14388K(14912K)
[6811.578s][info ][gc             ] GC(195) Pause Young (Allocation Failure) 2219M->560M(2427M) 46.221ms
[6811.578s][info ][gc,cpu         ] GC(195) User=0.14s Sys=0.00s Real=0.04s
[6811.579s][info ][safepoint      ] Safepoint "ParallelGCFailedAllocation", Time since last: 990036995 ns, Reaching safepoint: 76703 ns, Cleanup: 51701 ns, At safepoint: 46721298 ns, Total: 46849702 ns
[6812.579s][info ][safepoint      ] Safepoint "Cleanup", Time since last: 1000091011 ns, Reaching safepoint: 7700 ns, Cleanup: 33201 ns, At safepoint: 2601 ns, Total: 43502 ns
[6813.579s][info ][safepoint      ] Safepoint "Cleanup", Time since last: 1000102745 ns, Reaching safepoint: 9000 ns, Cleanup: 12101 ns, At safepoint: 2400 ns, Total: 23501 ns
[6815.579s][info ][safepoint      ] Safepoint "Cleanup", Time since last: 2000298794 ns, Reaching safepoint: 7200 ns, Cleanup: 12401 ns, At safepoint: 5900 ns, Total: 25501 ns
[6816.580s][info ][safepoint      ] Safepoint "Cleanup", Time since last: 1000075645 ns, Reaching safepoint: 8400 ns, Cleanup: 15700 ns, At safepoint: 3100 ns, Total: 27200 ns
[6816.746s][info ][gc,start       ] GC(196) Pause Young (Allocation Failure)
[6816.803s][debug][gc,phases      ] GC(196) Scavenge 56.565ms
[6816.803s][debug][gc,ref         ] GC(196) ReferenceProcessor::execute queues: 1, RefProcThreadModel::Single, marks_oops_alive: false
[6816.803s][debug][gc,ref         ] GC(196) Skipped KeepAliveFinalRefsPhase of Reference Processing: no references
[6816.803s][debug][gc,ref         ] GC(196) ReferenceProcessor::execute queues: 1, RefProcThreadModel::Single, marks_oops_alive: false
[6816.803s][debug][gc,phases      ] GC(196) Reference Processing 0.124ms
[6816.803s][debug][gc,phases      ] GC(196)   VM Weak                        Min:  0.0, Avg:  0.0, Max:  0.0, Diff:  0.0, Sum:  0.0, Workers: 4
[6816.803s][debug][gc,phases      ] GC(196)     Dead                           Min: 0, Avg:  0.0, Max: 0, Diff: 0, Sum: 0, Workers: 4
[6816.803s][debug][gc,phases      ] GC(196)     Total                          Min: 0, Avg: 210.5, Max: 664, Diff: 664, Sum: 842, Workers: 4
[6816.803s][debug][gc,phases      ] GC(196)   ObjectSynchronizer Weak        Min:  0.0, Avg:  0.0, Max:  0.0, Diff:  0.0, Sum:  0.0, Workers: 4
[6816.803s][debug][gc,phases      ] GC(196)     Dead                           Min: 0, Avg:  0.0, Max: 0, Diff: 0, Sum: 0, Workers: 4
[6816.803s][debug][gc,phases      ] GC(196)     Total                          Min: 0, Avg:  1.5, Max: 6, Diff: 6, Sum: 6, Workers: 4
[6816.803s][debug][gc,phases      ] GC(196)   JVMTI Tag Weak OopStorage      Min:  0.0, Avg:  0.0, Max:  0.0, Diff:  0.0, Sum:  0.0, Workers: 4
[6816.803s][debug][gc,phases      ] GC(196)     Dead                           Min: 0, Avg:  0.0, Max: 0, Diff: 0, Sum: 0, Workers: 4
[6816.804s][debug][gc,phases      ] GC(196)     Total                          Min: 0, Avg:  0.0, Max: 0, Diff: 0, Sum: 0, Workers: 4
[6816.804s][debug][gc,phases      ] GC(196)   StringTable Weak               Min:  0.1, Avg:  0.1, Max:  0.1, Diff:  0.0, Sum:  0.6, Workers: 4
[6816.804s][debug][gc,phases      ] GC(196)     Dead                           Min: 0, Avg:  0.0, Max: 0, Diff: 0, Sum: 0, Workers: 4
[6816.804s][debug][gc,phases      ] GC(196)     Total                          Min: 11328, Avg: 12465.2, Max: 14341, Diff: 3013, Sum: 49861, Workers: 4
[6816.804s][debug][gc,phases      ] GC(196)   ResolvedMethodTable Weak       Min:  0.0, Avg:  0.0, Max:  0.0, Diff:  0.0, Sum:  0.2, Workers: 4
[6816.804s][debug][gc,phases      ] GC(196)     Dead                           Min: 0, Avg:  0.0, Max: 0, Diff: 0, Sum: 0, Workers: 4
[6816.804s][debug][gc,phases      ] GC(196)     Total                          Min: 1920, Avg: 3584.0, Max: 4544, Diff: 2624, Sum: 14336, Workers: 4
[6816.804s][debug][gc,phases      ] GC(196)   JNI Weak                       Min:  0.0, Avg:  0.0, Max:  0.0, Diff:  0.0, Sum:  0.0, Workers: 4
[6816.804s][debug][gc,phases      ] GC(196)     Dead                           Min: 0, Avg:  0.0, Max: 0, Diff: 0, Sum: 0, Workers: 4
[6816.804s][debug][gc,phases      ] GC(196)     Total                          Min: 0, Avg: 12.0, Max: 48, Diff: 48, Sum: 48, Workers: 4
[6816.804s][debug][gc,phases      ] GC(196)   StringDedup Table Weak         Min:  0.0, Avg:  0.0, Max:  0.0, Diff:  0.0, Sum:  0.0, Workers: 4
[6816.804s][debug][gc,phases      ] GC(196)     Dead                           Min: 0, Avg:  0.0, Max: 0, Diff: 0, Sum: 0, Workers: 4
[6816.804s][debug][gc,phases      ] GC(196)     Total                          Min: 0, Avg:  0.0, Max: 0, Diff: 0, Sum: 0, Workers: 4
[6816.804s][debug][gc,phases      ] GC(196)   StringDedup Requests0 Weak     Min:  0.0, Avg:  0.0, Max:  0.0, Diff:  0.0, Sum:  0.0, Workers: 4
[6816.804s][debug][gc,phases      ] GC(196)     Dead                           Min: 0, Avg:  0.0, Max: 0, Diff: 0, Sum: 0, Workers: 4
[6816.804s][debug][gc,phases      ] GC(196)     Total                          Min: 0, Avg:  0.0, Max: 0, Diff: 0, Sum: 0, Workers: 4
[6816.804s][debug][gc,phases      ] GC(196)   StringDedup Requests1 Weak     Min:  0.0, Avg:  0.0, Max:  0.0, Diff:  0.0, Sum:  0.0, Workers: 4
[6816.804s][debug][gc,phases      ] GC(196)     Dead                           Min: 0, Avg:  0.0, Max: 0, Diff: 0, Sum: 0, Workers: 4
[6816.804s][debug][gc,phases      ] GC(196)     Total                          Min: 0, Avg:  0.0, Max: 0, Diff: 0, Sum: 0, Workers: 4
[6816.804s][debug][gc,phases      ] GC(196)   Weak JFR Old Object Samples    Min:  0.0, Avg:  0.0, Max:  0.0, Diff:  0.0, Sum:  0.0, Workers: 4
[6816.804s][debug][gc,phases      ] GC(196)     Dead                           Min: 0, Avg:  0.0, Max: 0, Diff: 0, Sum: 0, Workers: 4
[6816.804s][debug][gc,phases      ] GC(196)     Total                          Min: 0, Avg:  0.0, Max: 0, Diff: 0, Sum: 0, Workers: 4
[6816.804s][debug][gc,phases      ] GC(196) Weak Processing 0.437ms
[6816.804s][debug][gc,age         ] GC(196) Desired survivor size 196083712 bytes, new threshold 13 (max threshold 15)
[6816.804s][info ][gc,heap        ] GC(196) PSYoungGen: 1870928K(1920512K)->164481K(1913856K) Eden: 1748992K(1748992K)->0K(1748992K) From: 121936K(171520K)->164481K(164864K)
[6816.804s][info ][gc,heap        ] GC(196) ParOldGen: 451865K(564736K)->451873K(564736K)
[6816.804s][info ][gc,metaspace   ] GC(196) Metaspace: 100147K(101312K)->100147K(101312K) NonClass: 85759K(86400K)->85759K(86400K) Class: 14388K(14912K)->14388K(14912K)
[6816.804s][info ][gc             ] GC(196) Pause Young (Allocation Failure) 2268M->601M(2420M) 57.266ms
[6816.804s][info ][gc,cpu         ] GC(196) User=0.20s Sys=0.00s Real=0.06s
[6816.804s][info ][safepoint      ] Safepoint "ParallelGCFailedAllocation", Time since last: 166796761 ns, Reaching safepoint: 7301 ns, Cleanup: 3600 ns, At safepoint: 57372806 ns, Total: 57383707 ns
[6819.804s][info ][safepoint      ] Safepoint "Cleanup", Time since last: 3000234835 ns, Reaching safepoint: 8200 ns, Cleanup: 13101 ns, At safepoint: 2700 ns, Total: 24001 ns
[6823.804s][info ][safepoint      ] Safepoint "Cleanup", Time since last: 4000193728 ns, Reaching safepoint: 7801 ns, Cleanup: 10000 ns, At safepoint: 2900 ns, Total: 20701 ns
[6826.804s][info ][safepoint      ] Safepoint "Cleanup", Time since last: 3000249976 ns, Reaching safepoint: 7801 ns, Cleanup: 14200 ns, At safepoint: 2300 ns, Total: 24301 ns
[6830.805s][info ][safepoint      ] Safepoint "Cleanup", Time since last: 4000310325 ns, Reaching safepoint: 8200 ns, Cleanup: 10300 ns, At safepoint: 2400 ns, Total: 20900 ns
[6849.535s][info ][gc,start       ] GC(197) Pause Young (Allocation Failure)
[6849.592s][debug][gc,phases      ] GC(197) Scavenge 56.761ms
[6849.592s][debug][gc,ref         ] GC(197) ReferenceProcessor::execute queues: 1, RefProcThreadModel::Single, marks_oops_alive: false
[6849.592s][debug][gc,ref         ] GC(197) Skipped KeepAliveFinalRefsPhase of Reference Processing: no references
[6849.592s][debug][gc,ref         ] GC(197) ReferenceProcessor::execute queues: 1, RefProcThreadModel::Single, marks_oops_alive: false
[6849.592s][debug][gc,phases      ] GC(197) Reference Processing 0.124ms
[6849.592s][debug][gc,phases      ] GC(197)   VM Weak                        Min:  0.0, Avg:  0.0, Max:  0.0, Diff:  0.0, Sum:  0.0, Workers: 4
[6849.592s][debug][gc,phases      ] GC(197)     Dead                           Min: 0, Avg:  0.0, Max: 0, Diff: 0, Sum: 0, Workers: 4
[6849.592s][debug][gc,phases      ] GC(197)     Total                          Min: 0, Avg: 210.5, Max: 567, Diff: 567, Sum: 842, Workers: 4
[6849.592s][debug][gc,phases      ] GC(197)   ObjectSynchronizer Weak        Min:  0.0, Avg:  0.0, Max:  0.0, Diff:  0.0, Sum:  0.0, Workers: 4
[6849.592s][debug][gc,phases      ] GC(197)     Dead                           Min: 0, Avg:  0.0, Max: 0, Diff: 0, Sum: 0, Workers: 4
[6849.592s][debug][gc,phases      ] GC(197)     Total                          Min: 0, Avg:  1.2, Max: 5, Diff: 5, Sum: 5, Workers: 4
[6849.592s][debug][gc,phases      ] GC(197)   JVMTI Tag Weak OopStorage      Min:  0.0, Avg:  0.0, Max:  0.0, Diff:  0.0, Sum:  0.0, Workers: 4
[6849.592s][debug][gc,phases      ] GC(197)     Dead                           Min: 0, Avg:  0.0, Max: 0, Diff: 0, Sum: 0, Workers: 4
[6849.592s][debug][gc,phases      ] GC(197)     Total                          Min: 0, Avg:  0.0, Max: 0, Diff: 0, Sum: 0, Workers: 4
[6849.592s][debug][gc,phases      ] GC(197)   StringTable Weak               Min:  0.0, Avg:  0.1, Max:  0.2, Diff:  0.2, Sum:  0.5, Workers: 4
[6849.592s][debug][gc,phases      ] GC(197)     Dead                           Min: 0, Avg:  0.0, Max: 0, Diff: 0, Sum: 0, Workers: 4
[6849.592s][debug][gc,phases      ] GC(197)     Total                          Min: 0, Avg: 12465.2, Max: 17024, Diff: 17024, Sum: 49861, Workers: 4
[6849.592s][debug][gc,phases      ] GC(197)   ResolvedMethodTable Weak       Min:  0.0, Avg:  0.0, Max:  0.0, Diff:  0.0, Sum:  0.1, Workers: 4
[6849.592s][debug][gc,phases      ] GC(197)     Dead                           Min: 0, Avg:  0.0, Max: 0, Diff: 0, Sum: 0, Workers: 4
[6849.592s][debug][gc,phases      ] GC(197)     Total                          Min: 0, Avg: 3584.0, Max: 5248, Diff: 5248, Sum: 14336, Workers: 4
[6849.592s][debug][gc,phases      ] GC(197)   JNI Weak                       Min:  0.0, Avg:  0.0, Max:  0.0, Diff:  0.0, Sum:  0.0, Workers: 4
[6849.592s][debug][gc,phases      ] GC(197)     Dead                           Min: 0, Avg:  0.0, Max: 0, Diff: 0, Sum: 0, Workers: 4
[6849.592s][debug][gc,phases      ] GC(197)     Total                          Min: 0, Avg: 12.0, Max: 48, Diff: 48, Sum: 48, Workers: 4
[6849.592s][debug][gc,phases      ] GC(197)   StringDedup Table Weak         Min:  0.0, Avg:  0.0, Max:  0.0, Diff:  0.0, Sum:  0.0, Workers: 4
[6849.592s][debug][gc,phases      ] GC(197)     Dead                           Min: 0, Avg:  0.0, Max: 0, Diff: 0, Sum: 0, Workers: 4
[6849.592s][debug][gc,phases      ] GC(197)     Total                          Min: 0, Avg:  0.0, Max: 0, Diff: 0, Sum: 0, Workers: 4
[6849.592s][debug][gc,phases      ] GC(197)   StringDedup Requests0 Weak     Min:  0.0, Avg:  0.0, Max:  0.0, Diff:  0.0, Sum:  0.0, Workers: 4
[6849.592s][debug][gc,phases      ] GC(197)     Dead                           Min: 0, Avg:  0.0, Max: 0, Diff: 0, Sum: 0, Workers: 4
[6849.592s][debug][gc,phases      ] GC(197)     Total                          Min: 0, Avg:  0.0, Max: 0, Diff: 0, Sum: 0, Workers: 4
[6849.592s][debug][gc,phases      ] GC(197)   StringDedup Requests1 Weak     Min:  0.0, Avg:  0.0, Max:  0.0, Diff:  0.0, Sum:  0.0, Workers: 4
[6849.592s][debug][gc,phases      ] GC(197)     Dead                           Min: 0, Avg:  0.0, Max: 0, Diff: 0, Sum: 0, Workers: 4
[6849.592s][debug][gc,phases      ] GC(197)     Total                          Min: 0, Avg:  0.0, Max: 0, Diff: 0, Sum: 0, Workers: 4
[6849.592s][debug][gc,phases      ] GC(197)   Weak JFR Old Object Samples    Min:  0.0, Avg:  0.0, Max:  0.0, Diff:  0.0, Sum:  0.0, Workers: 4
[6849.592s][debug][gc,phases      ] GC(197)     Dead                           Min: 0, Avg:  0.0, Max: 0, Diff: 0, Sum: 0, Workers: 4
[6849.592s][debug][gc,phases      ] GC(197)     Total                          Min: 0, Avg:  0.0, Max: 0, Diff: 0, Sum: 0, Workers: 4
[6849.592s][debug][gc,phases      ] GC(197) Weak Processing 0.462ms
[6849.592s][debug][gc,age         ] GC(197) Desired survivor size 212336640 bytes, new threshold 12 (max threshold 15)
[6849.592s][info ][gc,heap        ] GC(197) PSYoungGen: 1913473K(1913856K)->170801K(1865728K) Eden: 1748992K(1748992K)->0K(1682432K) From: 164481K(164864K)->170801K(183296K)
[6849.592s][info ][gc,heap        ] GC(197) ParOldGen: 451873K(564736K)->451873K(564736K)
[6849.592s][info ][gc,metaspace   ] GC(197) Metaspace: 100150K(101312K)->100150K(101312K) NonClass: 85762K(86400K)->85762K(86400K) Class: 14388K(14912K)->14388K(14912K)
[6849.592s][info ][gc             ] GC(197) Pause Young (Allocation Failure) 2309M->608M(2373M) 57.482ms
[6849.592s][info ][gc,cpu         ] GC(197) User=0.19s Sys=0.01s Real=0.06s
[6849.592s][info ][safepoint      ] Safepoint "ParallelGCFailedAllocation", Time since last: 18729799949 ns, Reaching safepoint: 80902 ns, Cleanup: 11401 ns, At safepoint: 57595848 ns, Total: 57688151 ns
[6852.593s][info ][safepoint      ] Safepoint "Cleanup", Time since last: 3000192482 ns, Reaching safepoint: 19804 ns, Cleanup: 7202 ns, At safepoint: 4701 ns, Total: 31707 ns
[6855.593s][info ][safepoint      ] Safepoint "Cleanup", Time since last: 3000248892 ns, Reaching safepoint: 79604 ns, Cleanup: 8500 ns, At safepoint: 6000 ns, Total: 94104 ns
[6857.593s][info ][safepoint      ] Safepoint "Cleanup", Time since last: 2000178343 ns, Reaching safepoint: 80703 ns, Cleanup: 8101 ns, At safepoint: 6300 ns, Total: 95104 ns
[6860.594s][info ][safepoint      ] Safepoint "Cleanup", Time since last: 3000251568 ns, Reaching safepoint: 86404 ns, Cleanup: 11301 ns, At safepoint: 6500 ns, Total: 104205 ns
[6862.594s][info ][safepoint      ] Safepoint "Cleanup", Time since last: 2000182351 ns, Reaching safepoint: 82704 ns, Cleanup: 12301 ns, At safepoint: 7200 ns, Total: 102205 ns
[6863.594s][info ][safepoint      ] Safepoint "Cleanup", Time since last: 1000097826 ns, Reaching safepoint: 83904 ns, Cleanup: 7501 ns, At safepoint: 7000 ns, Total: 98405 ns
[6870.595s][info ][safepoint      ] Safepoint "Cleanup", Time since last: 7000446430 ns, Reaching safepoint: 81604 ns, Cleanup: 12901 ns, At safepoint: 6800 ns, Total: 101305 ns
[6875.891s][info ][gc,start       ] GC(198) Pause Young (Allocation Failure)
[6875.946s][debug][gc,phases      ] GC(198) Scavenge 55.486ms
[6875.946s][debug][gc,ref         ] GC(198) ReferenceProcessor::execute queues: 1, RefProcThreadModel::Single, marks_oops_alive: false
[6875.946s][debug][gc,ref         ] GC(198) Skipped KeepAliveFinalRefsPhase of Reference Processing: no references
[6875.946s][debug][gc,ref         ] GC(198) ReferenceProcessor::execute queues: 1, RefProcThreadModel::Single, marks_oops_alive: false
[6875.947s][debug][gc,phases      ] GC(198) Reference Processing 0.166ms
[6875.947s][debug][gc,phases      ] GC(198)   VM Weak                        Min:  0.0, Avg:  0.0, Max:  0.0, Diff:  0.0, Sum:  0.0, Workers: 4
[6875.947s][debug][gc,phases      ] GC(198)     Dead                           Min: 0, Avg:  0.0, Max: 0, Diff: 0, Sum: 0, Workers: 4
[6875.947s][debug][gc,phases      ] GC(198)     Total                          Min: 0, Avg: 210.5, Max: 363, Diff: 363, Sum: 842, Workers: 4
[6875.947s][debug][gc,phases      ] GC(198)   ObjectSynchronizer Weak        Min:  0.0, Avg:  0.0, Max:  0.0, Diff:  0.0, Sum:  0.0, Workers: 4
[6875.947s][debug][gc,phases      ] GC(198)     Dead                           Min: 0, Avg:  0.0, Max: 0, Diff: 0, Sum: 0, Workers: 4
[6875.947s][debug][gc,phases      ] GC(198)     Total                          Min: 0, Avg:  1.2, Max: 5, Diff: 5, Sum: 5, Workers: 4
[6875.947s][debug][gc,phases      ] GC(198)   JVMTI Tag Weak OopStorage      Min:  0.0, Avg:  0.0, Max:  0.0, Diff:  0.0, Sum:  0.0, Workers: 4
[6875.947s][debug][gc,phases      ] GC(198)     Dead                           Min: 0, Avg:  0.0, Max: 0, Diff: 0, Sum: 0, Workers: 4
[6875.947s][debug][gc,phases      ] GC(198)     Total                          Min: 0, Avg:  0.0, Max: 0, Diff: 0, Sum: 0, Workers: 4
[6875.947s][debug][gc,phases      ] GC(198)   StringTable Weak               Min:  0.1, Avg:  0.1, Max:  0.1, Diff:  0.0, Sum:  0.5, Workers: 4
[6875.947s][debug][gc,phases      ] GC(198)     Dead                           Min: 0, Avg:  0.0, Max: 0, Diff: 0, Sum: 0, Workers: 4
[6875.947s][debug][gc,phases      ] GC(198)     Total                          Min: 11392, Avg: 12465.2, Max: 13573, Diff: 2181, Sum: 49861, Workers: 4
[6875.947s][debug][gc,phases      ] GC(198)   ResolvedMethodTable Weak       Min:  0.0, Avg:  0.0, Max:  0.0, Diff:  0.0, Sum:  0.1, Workers: 4
[6875.947s][debug][gc,phases      ] GC(198)     Dead                           Min: 0, Avg:  0.0, Max: 0, Diff: 0, Sum: 0, Workers: 4
[6875.947s][debug][gc,phases      ] GC(198)     Total                          Min: 3200, Avg: 3584.0, Max: 4032, Diff: 832, Sum: 14336, Workers: 4
[6875.947s][debug][gc,phases      ] GC(198)   JNI Weak                       Min:  0.0, Avg:  0.0, Max:  0.0, Diff:  0.0, Sum:  0.0, Workers: 4
[6875.947s][debug][gc,phases      ] GC(198)     Dead                           Min: 0, Avg:  0.0, Max: 0, Diff: 0, Sum: 0, Workers: 4
[6875.947s][debug][gc,phases      ] GC(198)     Total                          Min: 0, Avg: 12.0, Max: 48, Diff: 48, Sum: 48, Workers: 4
[6875.947s][debug][gc,phases      ] GC(198)   StringDedup Table Weak         Min:  0.0, Avg:  0.0, Max:  0.0, Diff:  0.0, Sum:  0.0, Workers: 4
[6875.947s][debug][gc,phases      ] GC(198)     Dead                           Min: 0, Avg:  0.0, Max: 0, Diff: 0, Sum: 0, Workers: 4
[6875.947s][debug][gc,phases      ] GC(198)     Total                          Min: 0, Avg:  0.0, Max: 0, Diff: 0, Sum: 0, Workers: 4
[6875.947s][debug][gc,phases      ] GC(198)   StringDedup Requests0 Weak     Min:  0.0, Avg:  0.0, Max:  0.0, Diff:  0.0, Sum:  0.0, Workers: 4
[6875.947s][debug][gc,phases      ] GC(198)     Dead                           Min: 0, Avg:  0.0, Max: 0, Diff: 0, Sum: 0, Workers: 4
[6875.947s][debug][gc,phases      ] GC(198)     Total                          Min: 0, Avg:  0.0, Max: 0, Diff: 0, Sum: 0, Workers: 4
[6875.947s][debug][gc,phases      ] GC(198)   StringDedup Requests1 Weak     Min:  0.0, Avg:  0.0, Max:  0.0, Diff:  0.0, Sum:  0.0, Workers: 4
[6875.947s][debug][gc,phases      ] GC(198)     Dead                           Min: 0, Avg:  0.0, Max: 0, Diff: 0, Sum: 0, Workers: 4
[6875.947s][debug][gc,phases      ] GC(198)     Total                          Min: 0, Avg:  0.0, Max: 0, Diff: 0, Sum: 0, Workers: 4
[6875.947s][debug][gc,phases      ] GC(198)   Weak JFR Old Object Samples    Min:  0.0, Avg:  0.0, Max:  0.0, Diff:  0.0, Sum:  0.0, Workers: 4
[6875.947s][debug][gc,phases      ] GC(198)     Dead                           Min: 0, Avg:  0.0, Max: 0, Diff: 0, Sum: 0, Workers: 4
[6875.947s][debug][gc,phases      ] GC(198)     Total                          Min: 0, Avg:  0.0, Max: 0, Diff: 0, Sum: 0, Workers: 4
[6875.947s][debug][gc,phases      ] GC(198) Weak Processing 0.391ms
[6875.947s][debug][gc,age         ] GC(198) Desired survivor size 231735296 bytes, new threshold 11 (max threshold 15)
[6875.947s][info ][gc,heap        ] GC(198) PSYoungGen: 1853233K(1865728K)->186900K(1869824K) Eden: 1682432K(1682432K)->0K(1682432K) From: 170801K(183296K)->186900K(187392K)
[6875.947s][info ][gc,heap        ] GC(198) ParOldGen: 451873K(564736K)->451873K(564736K)
[6875.947s][info ][gc,metaspace   ] GC(198) Metaspace: 100154K(101312K)->100154K(101312K) NonClass: 85766K(86400K)->85766K(86400K) Class: 14388K(14912K)->14388K(14912K)
[6875.947s][info ][gc             ] GC(198) Pause Young (Allocation Failure) 2251M->623M(2377M) 56.208ms
[6875.947s][info ][gc,cpu         ] GC(198) User=0.21s Sys=0.00s Real=0.05s
[6875.947s][info ][safepoint      ] Safepoint "ParallelGCFailedAllocation", Time since last: 5296108665 ns, Reaching safepoint: 81204 ns, Cleanup: 3901 ns, At safepoint: 56297345 ns, Total: 56382450 ns
[6876.947s][info ][safepoint      ] Safepoint "Cleanup", Time since last: 1000055779 ns, Reaching safepoint: 80104 ns, Cleanup: 7401 ns, At safepoint: 6200 ns, Total: 93705 ns
[6880.948s][info ][safepoint      ] Safepoint "Cleanup", Time since last: 4000312606 ns, Reaching safepoint: 8401 ns, Cleanup: 9900 ns, At safepoint: 2100 ns, Total: 20401 ns
[6881.948s][info ][safepoint      ] Safepoint "Cleanup", Time since last: 1000113154 ns, Reaching safepoint: 7300 ns, Cleanup: 12001 ns, At safepoint: 2300 ns, Total: 21601 ns
[6885.948s][info ][safepoint      ] Safepoint "Cleanup", Time since last: 4000313855 ns, Reaching safepoint: 8301 ns, Cleanup: 11400 ns, At safepoint: 29202 ns, Total: 48903 ns
[6888.948s][info ][safepoint      ] Safepoint "Cleanup", Time since last: 3000172401 ns, Reaching safepoint: 8100 ns, Cleanup: 11501 ns, At safepoint: 2600 ns, Total: 22201 ns
[6892.949s][info ][safepoint      ] Safepoint "Cleanup", Time since last: 4000294817 ns, Reaching safepoint: 7500 ns, Cleanup: 14801 ns, At safepoint: 3200 ns, Total: 25501 ns
[6899.949s][info ][safepoint      ] Safepoint "Cleanup", Time since last: 7000498730 ns, Reaching safepoint: 8201 ns, Cleanup: 10900 ns, At safepoint: 2900 ns, Total: 22001 ns
[6903.840s][info ][gc,start       ] GC(199) Pause Young (Allocation Failure)
[6903.901s][debug][gc,phases      ] GC(199) Scavenge 60.790ms
[6903.901s][debug][gc,ref         ] GC(199) ReferenceProcessor::execute queues: 1, RefProcThreadModel::Single, marks_oops_alive: false
[6903.901s][debug][gc,ref         ] GC(199) Skipped KeepAliveFinalRefsPhase of Reference Processing: no references
[6903.901s][debug][gc,ref         ] GC(199) ReferenceProcessor::execute queues: 1, RefProcThreadModel::Single, marks_oops_alive: false
[6903.901s][debug][gc,phases      ] GC(199) Reference Processing 0.130ms
[6903.901s][debug][gc,phases      ] GC(199)   VM Weak                        Min:  0.0, Avg:  0.0, Max:  0.0, Diff:  0.0, Sum:  0.0, Workers: 4
[6903.901s][debug][gc,phases      ] GC(199)     Dead                           Min: 0, Avg:  0.0, Max: 0, Diff: 0, Sum: 0, Workers: 4
[6903.901s][debug][gc,phases      ] GC(199)     Total                          Min: 0, Avg: 210.5, Max: 664, Diff: 664, Sum: 842, Workers: 4
[6903.901s][debug][gc,phases      ] GC(199)   ObjectSynchronizer Weak        Min:  0.0, Avg:  0.0, Max:  0.0, Diff:  0.0, Sum:  0.0, Workers: 4
[6903.901s][debug][gc,phases      ] GC(199)     Dead                           Min: 0, Avg:  0.0, Max: 0, Diff: 0, Sum: 0, Workers: 4
[6903.901s][debug][gc,phases      ] GC(199)     Total                          Min: 0, Avg:  0.8, Max: 3, Diff: 3, Sum: 3, Workers: 4
[6903.901s][debug][gc,phases      ] GC(199)   JVMTI Tag Weak OopStorage      Min:  0.0, Avg:  0.0, Max:  0.0, Diff:  0.0, Sum:  0.0, Workers: 4
[6903.901s][debug][gc,phases      ] GC(199)     Dead                           Min: 0, Avg:  0.0, Max: 0, Diff: 0, Sum: 0, Workers: 4
[6903.902s][debug][gc,phases      ] GC(199)     Total                          Min: 0, Avg:  0.0, Max: 0, Diff: 0, Sum: 0, Workers: 4
[6903.902s][debug][gc,phases      ] GC(199)   StringTable Weak               Min:  0.0, Avg:  0.1, Max:  0.2, Diff:  0.2, Sum:  0.5, Workers: 4
[6903.902s][debug][gc,phases      ] GC(199)     Dead                           Min: 0, Avg:  0.0, Max: 0, Diff: 0, Sum: 0, Workers: 4
[6903.902s][debug][gc,phases      ] GC(199)     Total                          Min: 0, Avg: 12465.2, Max: 17216, Diff: 17216, Sum: 49861, Workers: 4
[6903.902s][debug][gc,phases      ] GC(199)   ResolvedMethodTable Weak       Min:  0.0, Avg:  0.0, Max:  0.0, Diff:  0.0, Sum:  0.1, Workers: 4
[6903.902s][debug][gc,phases      ] GC(199)     Dead                           Min: 0, Avg:  0.0, Max: 0, Diff: 0, Sum: 0, Workers: 4
[6903.902s][debug][gc,phases      ] GC(199)     Total                          Min: 0, Avg: 3584.0, Max: 4992, Diff: 4992, Sum: 14336, Workers: 4
[6903.902s][debug][gc,phases      ] GC(199)   JNI Weak                       Min:  0.0, Avg:  0.0, Max:  0.0, Diff:  0.0, Sum:  0.0, Workers: 4
[6903.902s][debug][gc,phases      ] GC(199)     Dead                           Min: 0, Avg:  0.0, Max: 0, Diff: 0, Sum: 0, Workers: 4
[6903.902s][debug][gc,phases      ] GC(199)     Total                          Min: 0, Avg: 12.0, Max: 48, Diff: 48, Sum: 48, Workers: 4
[6903.902s][debug][gc,phases      ] GC(199)   StringDedup Table Weak         Min:  0.0, Avg:  0.0, Max:  0.0, Diff:  0.0, Sum:  0.0, Workers: 4
[6903.902s][debug][gc,phases      ] GC(199)     Dead                           Min: 0, Avg:  0.0, Max: 0, Diff: 0, Sum: 0, Workers: 4
[6903.902s][debug][gc,phases      ] GC(199)     Total                          Min: 0, Avg:  0.0, Max: 0, Diff: 0, Sum: 0, Workers: 4
[6903.902s][debug][gc,phases      ] GC(199)   StringDedup Requests0 Weak     Min:  0.0, Avg:  0.0, Max:  0.0, Diff:  0.0, Sum:  0.0, Workers: 4
[6903.902s][debug][gc,phases      ] GC(199)     Dead                           Min: 0, Avg:  0.0, Max: 0, Diff: 0, Sum: 0, Workers: 4
[6903.902s][debug][gc,phases      ] GC(199)     Total                          Min: 0, Avg:  0.0, Max: 0, Diff: 0, Sum: 0, Workers: 4
[6903.902s][debug][gc,phases      ] GC(199)   StringDedup Requests1 Weak     Min:  0.0, Avg:  0.0, Max:  0.0, Diff:  0.0, Sum:  0.0, Workers: 4
[6903.902s][debug][gc,phases      ] GC(199)     Dead                           Min: 0, Avg:  0.0, Max: 0, Diff: 0, Sum: 0, Workers: 4
[6903.902s][debug][gc,phases      ] GC(199)     Total                          Min: 0, Avg:  0.0, Max: 0, Diff: 0, Sum: 0, Workers: 4
[6903.902s][debug][gc,phases      ] GC(199)   Weak JFR Old Object Samples    Min:  0.0, Avg:  0.0, Max:  0.0, Diff:  0.0, Sum:  0.0, Workers: 4
[6903.902s][debug][gc,phases      ] GC(199)     Dead                           Min: 0, Avg:  0.0, Max: 0, Diff: 0, Sum: 0, Workers: 4
[6903.902s][debug][gc,phases      ] GC(199)     Total                          Min: 0, Avg:  0.0, Max: 0, Diff: 0, Sum: 0, Workers: 4
[6903.902s][debug][gc,phases      ] GC(199) Weak Processing 0.474ms
[6903.902s][debug][gc,age         ] GC(199) Desired survivor size 246939648 bytes, new threshold 10 (max threshold 15)
[6903.902s][info ][gc,heap        ] GC(199) PSYoungGen: 1869332K(1869824K)->187603K(1841152K) Eden: 1682432K(1682432K)->0K(1614848K) From: 186900K(187392K)->187603K(226304K)
[6903.902s][info ][gc,heap        ] GC(199) ParOldGen: 451873K(564736K)->451873K(564736K)
[6903.902s][info ][gc,metaspace   ] GC(199) Metaspace: 100158K(101312K)->100158K(101312K) NonClass: 85770K(86400K)->85770K(86400K) Class: 14388K(14912K)->14388K(14912K)
[6903.902s][info ][gc             ] GC(199) Pause Young (Allocation Failure) 2266M->624M(2349M) 61.552ms
[6903.902s][info ][gc,cpu         ] GC(199) User=0.21s Sys=0.01s Real=0.06s
[6903.902s][info ][safepoint      ] Safepoint "ParallelGCFailedAllocation", Time since last: 3890979432 ns, Reaching safepoint: 79904 ns, Cleanup: 4000 ns, At safepoint: 61642408 ns, Total: 61726312 ns
[6923.903s][info ][safepoint      ] Safepoint "Cleanup", Time since last: 20001371071 ns, Reaching safepoint: 12201 ns, Cleanup: 11900 ns, At safepoint: 3001 ns, Total: 27102 ns
[6929.290s][info ][gc,start       ] GC(200) Pause Young (Allocation Failure)
[6929.347s][debug][gc,phases      ] GC(200) Scavenge 56.530ms
[6929.347s][debug][gc,ref         ] GC(200) ReferenceProcessor::execute queues: 1, RefProcThreadModel::Single, marks_oops_alive: false
[6929.347s][debug][gc,ref         ] GC(200) Skipped KeepAliveFinalRefsPhase of Reference Processing: no references
[6929.347s][debug][gc,ref         ] GC(200) ReferenceProcessor::execute queues: 1, RefProcThreadModel::Single, marks_oops_alive: false
[6929.347s][debug][gc,phases      ] GC(200) Reference Processing 0.131ms
[6929.347s][debug][gc,phases      ] GC(200)   VM Weak                        Min:  0.0, Avg:  0.0, Max:  0.0, Diff:  0.0, Sum:  0.0, Workers: 4
[6929.347s][debug][gc,phases      ] GC(200)     Dead                           Min: 0, Avg:  0.0, Max: 0, Diff: 0, Sum: 0, Workers: 4
[6929.347s][debug][gc,phases      ] GC(200)     Total                          Min: 0, Avg: 210.5, Max: 425, Diff: 425, Sum: 842, Workers: 4
[6929.347s][debug][gc,phases      ] GC(200)   ObjectSynchronizer Weak        Min:  0.0, Avg:  0.0, Max:  0.0, Diff:  0.0, Sum:  0.0, Workers: 4
[6929.347s][debug][gc,phases      ] GC(200)     Dead                           Min: 0, Avg:  0.0, Max: 0, Diff: 0, Sum: 0, Workers: 4
[6929.347s][debug][gc,phases      ] GC(200)     Total                          Min: 0, Avg:  1.0, Max: 4, Diff: 4, Sum: 4, Workers: 4
[6929.347s][debug][gc,phases      ] GC(200)   JVMTI Tag Weak OopStorage      Min:  0.0, Avg:  0.0, Max:  0.0, Diff:  0.0, Sum:  0.0, Workers: 4
[6929.347s][debug][gc,phases      ] GC(200)     Dead                           Min: 0, Avg:  0.0, Max: 0, Diff: 0, Sum: 0, Workers: 4
[6929.347s][debug][gc,phases      ] GC(200)     Total                          Min: 0, Avg:  0.0, Max: 0, Diff: 0, Sum: 0, Workers: 4
[6929.347s][debug][gc,phases      ] GC(200)   StringTable Weak               Min:  0.1, Avg:  0.1, Max:  0.1, Diff:  0.0, Sum:  0.6, Workers: 4
[6929.347s][debug][gc,phases      ] GC(200)     Dead                           Min: 0, Avg:  0.0, Max: 0, Diff: 0, Sum: 0, Workers: 4
[6929.347s][debug][gc,phases      ] GC(200)     Total                          Min: 11264, Avg: 12466.5, Max: 13567, Diff: 2303, Sum: 49866, Workers: 4
[6929.348s][debug][gc,phases      ] GC(200)   ResolvedMethodTable Weak       Min:  0.0, Avg:  0.0, Max:  0.0, Diff:  0.0, Sum:  0.1, Workers: 4
[6929.348s][debug][gc,phases      ] GC(200)     Dead                           Min: 0, Avg:  0.0, Max: 0, Diff: 0, Sum: 0, Workers: 4
[6929.348s][debug][gc,phases      ] GC(200)     Total                          Min: 3328, Avg: 3584.0, Max: 4032, Diff: 704, Sum: 14336, Workers: 4
[6929.348s][debug][gc,phases      ] GC(200)   JNI Weak                       Min:  0.0, Avg:  0.0, Max:  0.0, Diff:  0.0, Sum:  0.0, Workers: 4
[6929.348s][debug][gc,phases      ] GC(200)     Dead                           Min: 0, Avg:  0.0, Max: 0, Diff: 0, Sum: 0, Workers: 4
[6929.348s][debug][gc,phases      ] GC(200)     Total                          Min: 0, Avg: 12.0, Max: 48, Diff: 48, Sum: 48, Workers: 4
[6929.348s][debug][gc,phases      ] GC(200)   StringDedup Table Weak         Min:  0.0, Avg:  0.0, Max:  0.0, Diff:  0.0, Sum:  0.0, Workers: 4
[6929.348s][debug][gc,phases      ] GC(200)     Dead                           Min: 0, Avg:  0.0, Max: 0, Diff: 0, Sum: 0, Workers: 4
[6929.348s][debug][gc,phases      ] GC(200)     Total                          Min: 0, Avg:  0.0, Max: 0, Diff: 0, Sum: 0, Workers: 4
[6929.348s][debug][gc,phases      ] GC(200)   StringDedup Requests0 Weak     Min:  0.0, Avg:  0.0, Max:  0.0, Diff:  0.0, Sum:  0.0, Workers: 4
[6929.348s][debug][gc,phases      ] GC(200)     Dead                           Min: 0, Avg:  0.0, Max: 0, Diff: 0, Sum: 0, Workers: 4
[6929.348s][debug][gc,phases      ] GC(200)     Total                          Min: 0, Avg:  0.0, Max: 0, Diff: 0, Sum: 0, Workers: 4
[6929.348s][debug][gc,phases      ] GC(200)   StringDedup Requests1 Weak     Min:  0.0, Avg:  0.0, Max:  0.0, Diff:  0.0, Sum:  0.0, Workers: 4
[6929.348s][debug][gc,phases      ] GC(200)     Dead                           Min: 0, Avg:  0.0, Max: 0, Diff: 0, Sum: 0, Workers: 4
[6929.348s][debug][gc,phases      ] GC(200)     Total                          Min: 0, Avg:  0.0, Max: 0, Diff: 0, Sum: 0, Workers: 4
[6929.348s][debug][gc,phases      ] GC(200)   Weak JFR Old Object Samples    Min:  0.0, Avg:  0.0, Max:  0.0, Diff:  0.0, Sum:  0.0, Workers: 4
[6929.348s][debug][gc,phases      ] GC(200)     Dead                           Min: 0, Avg:  0.0, Max: 0, Diff: 0, Sum: 0, Workers: 4
[6929.348s][debug][gc,phases      ] GC(200)     Total                          Min: 0, Avg:  0.0, Max: 0, Diff: 0, Sum: 0, Workers: 4
[6929.348s][debug][gc,phases      ] GC(200) Weak Processing 0.433ms
[6929.348s][debug][gc,age         ] GC(200) Desired survivor size 257949696 bytes, new threshold 9 (max threshold 15)
[6929.348s][info ][gc,heap        ] GC(200) PSYoungGen: 1802451K(1841152K)->185107K(1800192K) Eden: 1614848K(1614848K)->0K(1614848K) From: 187603K(226304K)->185107K(185344K)
[6929.348s][info ][gc,heap        ] GC(200) ParOldGen: 451873K(564736K)->451873K(564736K)
[6929.348s][info ][gc,metaspace   ] GC(200) Metaspace: 100161K(101312K)->100161K(101312K) NonClass: 85773K(86400K)->85773K(86400K) Class: 14388K(14912K)->14388K(14912K)
[6929.348s][info ][gc             ] GC(200) Pause Young (Allocation Failure) 2201M->622M(2309M) 57.254ms
[6929.348s][info ][gc,cpu         ] GC(200) User=0.21s Sys=0.00s Real=0.06s
[6929.348s][info ][safepoint      ] Safepoint "ParallelGCFailedAllocation", Time since last: 5387144362 ns, Reaching safepoint: 89604 ns, Cleanup: 3800 ns, At safepoint: 57350236 ns, Total: 57443640 ns
[6946.349s][info ][safepoint      ] Safepoint "Cleanup", Time since last: 17001160159 ns, Reaching safepoint: 9300 ns, Cleanup: 15101 ns, At safepoint: 2600 ns, Total: 27001 ns
[6950.349s][info ][safepoint      ] Safepoint "Cleanup", Time since last: 4000293233 ns, Reaching safepoint: 8101 ns, Cleanup: 12400 ns, At safepoint: 2100 ns, Total: 22601 ns
[6953.285s][info ][gc,start       ] GC(201) Pause Young (Allocation Failure)
[6953.359s][debug][gc,phases      ] GC(201) Scavenge 73.945ms
[6953.359s][debug][gc,ref         ] GC(201) ReferenceProcessor::execute queues: 1, RefProcThreadModel::Single, marks_oops_alive: false
[6953.359s][debug][gc,ref         ] GC(201) Skipped KeepAliveFinalRefsPhase of Reference Processing: no references
[6953.359s][debug][gc,ref         ] GC(201) ReferenceProcessor::execute queues: 1, RefProcThreadModel::Single, marks_oops_alive: false
[6953.359s][debug][gc,phases      ] GC(201) Reference Processing 0.117ms
[6953.360s][debug][gc,phases      ] GC(201)   VM Weak                        Min:  0.0, Avg:  0.0, Max:  0.0, Diff:  0.0, Sum:  0.0, Workers: 4
[6953.360s][debug][gc,phases      ] GC(201)     Dead                           Min: 0, Avg:  0.0, Max: 0, Diff: 0, Sum: 0, Workers: 4
[6953.360s][debug][gc,phases      ] GC(201)     Total                          Min: 0, Avg: 210.5, Max: 567, Diff: 567, Sum: 842, Workers: 4
[6953.360s][debug][gc,phases      ] GC(201)   ObjectSynchronizer Weak        Min:  0.0, Avg:  0.0, Max:  0.0, Diff:  0.0, Sum:  0.0, Workers: 4
[6953.360s][debug][gc,phases      ] GC(201)     Dead                           Min: 0, Avg:  0.0, Max: 0, Diff: 0, Sum: 0, Workers: 4
[6953.360s][debug][gc,phases      ] GC(201)     Total                          Min: 0, Avg:  1.0, Max: 4, Diff: 4, Sum: 4, Workers: 4
[6953.360s][debug][gc,phases      ] GC(201)   JVMTI Tag Weak OopStorage      Min:  0.0, Avg:  0.0, Max:  0.0, Diff:  0.0, Sum:  0.0, Workers: 4
[6953.360s][debug][gc,phases      ] GC(201)     Dead                           Min: 0, Avg:  0.0, Max: 0, Diff: 0, Sum: 0, Workers: 4
[6953.360s][debug][gc,phases      ] GC(201)     Total                          Min: 0, Avg:  0.0, Max: 0, Diff: 0, Sum: 0, Workers: 4
[6953.360s][debug][gc,phases      ] GC(201)   StringTable Weak               Min:  0.0, Avg:  0.1, Max:  0.2, Diff:  0.2, Sum:  0.5, Workers: 4
[6953.360s][debug][gc,phases      ] GC(201)     Dead                           Min: 0, Avg:  0.0, Max: 0, Diff: 0, Sum: 0, Workers: 4
[6953.360s][debug][gc,phases      ] GC(201)     Total                          Min: 0, Avg: 12466.8, Max: 26751, Diff: 26751, Sum: 49867, Workers: 4
[6953.360s][debug][gc,phases      ] GC(201)   ResolvedMethodTable Weak       Min:  0.0, Avg:  0.0, Max:  0.1, Diff:  0.1, Sum:  0.1, Workers: 4
[6953.360s][debug][gc,phases      ] GC(201)     Dead                           Min: 0, Avg:  0.0, Max: 0, Diff: 0, Sum: 0, Workers: 4
[6953.360s][debug][gc,phases      ] GC(201)     Total                          Min: 0, Avg: 3584.0, Max: 7552, Diff: 7552, Sum: 14336, Workers: 4
[6953.360s][debug][gc,phases      ] GC(201)   JNI Weak                       Min:  0.0, Avg:  0.0, Max:  0.0, Diff:  0.0, Sum:  0.0, Workers: 4
[6953.360s][debug][gc,phases      ] GC(201)     Dead                           Min: 0, Avg:  0.0, Max: 0, Diff: 0, Sum: 0, Workers: 4
[6953.360s][debug][gc,phases      ] GC(201)     Total                          Min: 0, Avg: 12.0, Max: 48, Diff: 48, Sum: 48, Workers: 4
[6953.360s][debug][gc,phases      ] GC(201)   StringDedup Table Weak         Min:  0.0, Avg:  0.0, Max:  0.0, Diff:  0.0, Sum:  0.0, Workers: 4
[6953.360s][debug][gc,phases      ] GC(201)     Dead                           Min: 0, Avg:  0.0, Max: 0, Diff: 0, Sum: 0, Workers: 4
[6953.360s][debug][gc,phases      ] GC(201)     Total                          Min: 0, Avg:  0.0, Max: 0, Diff: 0, Sum: 0, Workers: 4
[6953.360s][debug][gc,phases      ] GC(201)   StringDedup Requests0 Weak     Min:  0.0, Avg:  0.0, Max:  0.0, Diff:  0.0, Sum:  0.0, Workers: 4
[6953.360s][debug][gc,phases      ] GC(201)     Dead                           Min: 0, Avg:  0.0, Max: 0, Diff: 0, Sum: 0, Workers: 4
[6953.360s][debug][gc,phases      ] GC(201)     Total                          Min: 0, Avg:  0.0, Max: 0, Diff: 0, Sum: 0, Workers: 4
[6953.360s][debug][gc,phases      ] GC(201)   StringDedup Requests1 Weak     Min:  0.0, Avg:  0.0, Max:  0.0, Diff:  0.0, Sum:  0.0, Workers: 4
[6953.360s][debug][gc,phases      ] GC(201)     Dead                           Min: 0, Avg:  0.0, Max: 0, Diff: 0, Sum: 0, Workers: 4
[6953.360s][debug][gc,phases      ] GC(201)     Total                          Min: 0, Avg:  0.0, Max: 0, Diff: 0, Sum: 0, Workers: 4
[6953.360s][debug][gc,phases      ] GC(201)   Weak JFR Old Object Samples    Min:  0.0, Avg:  0.0, Max:  0.0, Diff:  0.0, Sum:  0.0, Workers: 4
[6953.360s][debug][gc,phases      ] GC(201)     Dead                           Min: 0, Avg:  0.0, Max: 0, Diff: 0, Sum: 0, Workers: 4
[6953.360s][debug][gc,phases      ] GC(201)     Total                          Min: 0, Avg:  0.0, Max: 0, Diff: 0, Sum: 0, Workers: 4
[6953.360s][debug][gc,phases      ] GC(201) Weak Processing 0.587ms
[6953.360s][debug][gc,age         ] GC(201) Desired survivor size 250085376 bytes, new threshold 8 (max threshold 15)
[6953.360s][info ][gc,heap        ] GC(201) PSYoungGen: 1799955K(1800192K)->143394K(1852928K) Eden: 1614848K(1614848K)->0K(1601024K) From: 185107K(185344K)->143394K(251904K)
[6953.360s][info ][gc,heap        ] GC(201) ParOldGen: 451873K(564736K)->492869K(564736K)
[6953.360s][info ][gc,metaspace   ] GC(201) Metaspace: 100161K(101312K)->100161K(101312K) NonClass: 85773K(86400K)->85773K(86400K) Class: 14388K(14912K)->14388K(14912K)
[6953.360s][info ][gc             ] GC(201) Pause Young (Allocation Failure) 2199M->621M(2361M) 74.803ms
[6953.360s][info ][gc,cpu         ] GC(201) User=0.20s Sys=0.00s Real=0.08s
[6953.360s][info ][safepoint      ] Safepoint "ParallelGCFailedAllocation", Time since last: 2935663411 ns, Reaching safepoint: 80904 ns, Cleanup: 4000 ns, At safepoint: 74893368 ns, Total: 74978272 ns
[6955.360s][info ][safepoint      ] Safepoint "Cleanup", Time since last: 2000157343 ns, Reaching safepoint: 7100 ns, Cleanup: 10701 ns, At safepoint: 27901 ns, Total: 45702 ns
[6970.013s][info ][safepoint      ] Safepoint "Cleanup", Time since last: 14652530446 ns, Reaching safepoint: 8100 ns, Cleanup: 11700 ns, At safepoint: 3201 ns, Total: 23001 ns
[6971.013s][info ][safepoint      ] Safepoint "Cleanup", Time since last: 1000152051 ns, Reaching safepoint: 10300 ns, Cleanup: 12701 ns, At safepoint: 3600 ns, Total: 26601 ns
[6974.013s][info ][safepoint      ] Safepoint "Cleanup", Time since last: 3000269202 ns, Reaching safepoint: 10900 ns, Cleanup: 19201 ns, At safepoint: 3100 ns, Total: 33201 ns
[6976.013s][info ][safepoint      ] Safepoint "Cleanup", Time since last: 2000200116 ns, Reaching safepoint: 80304 ns, Cleanup: 9100 ns, At safepoint: 5901 ns, Total: 95305 ns
[6977.014s][info ][safepoint      ] Safepoint "Cleanup", Time since last: 1000126198 ns, Reaching safepoint: 9800 ns, Cleanup: 20001 ns, At safepoint: 3200 ns, Total: 33001 ns
[6978.944s][info ][gc,start       ] GC(202) Pause Young (Allocation Failure)
[6978.995s][debug][gc,phases      ] GC(202) Scavenge 50.648ms
[6978.995s][debug][gc,ref         ] GC(202) ReferenceProcessor::execute queues: 1, RefProcThreadModel::Single, marks_oops_alive: false
[6978.995s][debug][gc,ref         ] GC(202) Skipped KeepAliveFinalRefsPhase of Reference Processing: no references
[6978.995s][debug][gc,ref         ] GC(202) ReferenceProcessor::execute queues: 1, RefProcThreadModel::Single, marks_oops_alive: false
[6978.995s][debug][gc,phases      ] GC(202) Reference Processing 0.106ms
[6978.995s][debug][gc,phases      ] GC(202)   VM Weak                        Min:  0.0, Avg:  0.0, Max:  0.0, Diff:  0.0, Sum:  0.0, Workers: 4
[6978.995s][debug][gc,phases      ] GC(202)     Dead                           Min: 0, Avg:  0.0, Max: 0, Diff: 0, Sum: 0, Workers: 4
[6978.995s][debug][gc,phases      ] GC(202)     Total                          Min: 0, Avg: 210.5, Max: 716, Diff: 716, Sum: 842, Workers: 4
[6978.995s][debug][gc,phases      ] GC(202)   ObjectSynchronizer Weak        Min:  0.0, Avg:  0.0, Max:  0.0, Diff:  0.0, Sum:  0.0, Workers: 4
[6978.995s][debug][gc,phases      ] GC(202)     Dead                           Min: 0, Avg:  0.0, Max: 0, Diff: 0, Sum: 0, Workers: 4
[6978.995s][debug][gc,phases      ] GC(202)     Total                          Min: 0, Avg:  1.0, Max: 4, Diff: 4, Sum: 4, Workers: 4
[6978.995s][debug][gc,phases      ] GC(202)   JVMTI Tag Weak OopStorage      Min:  0.0, Avg:  0.0, Max:  0.0, Diff:  0.0, Sum:  0.0, Workers: 4
[6978.995s][debug][gc,phases      ] GC(202)     Dead                           Min: 0, Avg:  0.0, Max: 0, Diff: 0, Sum: 0, Workers: 4
[6978.995s][debug][gc,phases      ] GC(202)     Total                          Min: 0, Avg:  0.0, Max: 0, Diff: 0, Sum: 0, Workers: 4
[6978.995s][debug][gc,phases      ] GC(202)   StringTable Weak               Min:  0.0, Avg:  0.1, Max:  0.1, Diff:  0.1, Sum:  0.4, Workers: 4
[6978.995s][debug][gc,phases      ] GC(202)     Dead                           Min: 0, Avg:  0.0, Max: 0, Diff: 0, Sum: 0, Workers: 4
[6978.995s][debug][gc,phases      ] GC(202)     Total                          Min: 0, Avg: 12466.8, Max: 18380, Diff: 18380, Sum: 49867, Workers: 4
[6978.995s][debug][gc,phases      ] GC(202)   ResolvedMethodTable Weak       Min:  0.0, Avg:  0.0, Max:  0.0, Diff:  0.0, Sum:  0.1, Workers: 4
[6978.995s][debug][gc,phases      ] GC(202)     Dead                           Min: 0, Avg:  0.0, Max: 0, Diff: 0, Sum: 0, Workers: 4
[6978.995s][debug][gc,phases      ] GC(202)     Total                          Min: 0, Avg: 3584.0, Max: 5184, Diff: 5184, Sum: 14336, Workers: 4
[6978.995s][debug][gc,phases      ] GC(202)   JNI Weak                       Min:  0.0, Avg:  0.0, Max:  0.0, Diff:  0.0, Sum:  0.0, Workers: 4
[6978.995s][debug][gc,phases      ] GC(202)     Dead                           Min: 0, Avg:  0.0, Max: 0, Diff: 0, Sum: 0, Workers: 4
[6978.995s][debug][gc,phases      ] GC(202)     Total                          Min: 0, Avg: 12.0, Max: 48, Diff: 48, Sum: 48, Workers: 4
[6978.995s][debug][gc,phases      ] GC(202)   StringDedup Table Weak         Min:  0.0, Avg:  0.0, Max:  0.0, Diff:  0.0, Sum:  0.0, Workers: 4
[6978.995s][debug][gc,phases      ] GC(202)     Dead                           Min: 0, Avg:  0.0, Max: 0, Diff: 0, Sum: 0, Workers: 4
[6978.995s][debug][gc,phases      ] GC(202)     Total                          Min: 0, Avg:  0.0, Max: 0, Diff: 0, Sum: 0, Workers: 4
[6978.995s][debug][gc,phases      ] GC(202)   StringDedup Requests0 Weak     Min:  0.0, Avg:  0.0, Max:  0.0, Diff:  0.0, Sum:  0.0, Workers: 4
[6978.995s][debug][gc,phases      ] GC(202)     Dead                           Min: 0, Avg:  0.0, Max: 0, Diff: 0, Sum: 0, Workers: 4
[6978.995s][debug][gc,phases      ] GC(202)     Total                          Min: 0, Avg:  0.0, Max: 0, Diff: 0, Sum: 0, Workers: 4
[6978.995s][debug][gc,phases      ] GC(202)   StringDedup Requests1 Weak     Min:  0.0, Avg:  0.0, Max:  0.0, Diff:  0.0, Sum:  0.0, Workers: 4
[6978.995s][debug][gc,phases      ] GC(202)     Dead                           Min: 0, Avg:  0.0, Max: 0, Diff: 0, Sum: 0, Workers: 4
[6978.995s][debug][gc,phases      ] GC(202)     Total                          Min: 0, Avg:  0.0, Max: 0, Diff: 0, Sum: 0, Workers: 4
[6978.995s][debug][gc,phases      ] GC(202)   Weak JFR Old Object Samples    Min:  0.0, Avg:  0.0, Max:  0.0, Diff:  0.0, Sum:  0.0, Workers: 4
[6978.995s][debug][gc,phases      ] GC(202)     Dead                           Min: 0, Avg:  0.0, Max: 0, Diff: 0, Sum: 0, Workers: 4
[6978.995s][debug][gc,phases      ] GC(202)     Total                          Min: 0, Avg:  0.0, Max: 0, Diff: 0, Sum: 0, Workers: 4
[6978.995s][debug][gc,phases      ] GC(202) Weak Processing 0.437ms
[6978.995s][debug][gc,age         ] GC(202) Desired survivor size 243269632 bytes, new threshold 7 (max threshold 15)
[6978.995s][info ][gc,heap        ] GC(202) PSYoungGen: 1744418K(1852928K)->104563K(1845248K) Eden: 1601024K(1601024K)->0K(1601024K) From: 143394K(251904K)->104563K(244224K)
[6978.995s][info ][gc,heap        ] GC(202) ParOldGen: 492869K(564736K)->538275K(564736K)
[6978.995s][info ][gc,metaspace   ] GC(202) Metaspace: 100164K(101312K)->100164K(101312K) NonClass: 85776K(86400K)->85776K(86400K) Class: 14388K(14912K)->14388K(14912K)
[6978.995s][info ][gc             ] GC(202) Pause Young (Allocation Failure) 2184M->627M(2353M) 51.332ms
[6978.995s][info ][gc,cpu         ] GC(202) User=0.17s Sys=0.00s Real=0.05s
[6978.995s][debug][gc,phases      ] GC(203) Pre Compact 0.010ms
[6978.995s][info ][gc,start       ] GC(203) Pause Full (Ergonomics)
[6978.995s][info ][gc,phases,start] GC(203) Marking Phase
[6979.141s][debug][gc,phases      ] GC(203) Par Mark 145.125ms
[6979.141s][debug][gc,ref         ] GC(203) ReferenceProcessor::execute queues: 4, RefProcThreadModel::Multi, marks_oops_alive: false
[6979.142s][debug][gc,ref         ] GC(203) ReferenceProcessor::execute queues: 4, RefProcThreadModel::Multi, marks_oops_alive: true
[6979.142s][debug][gc,ref         ] GC(203) ReferenceProcessor::execute queues: 1, RefProcThreadModel::Single, marks_oops_alive: false
[6979.142s][debug][gc,phases      ] GC(203) Reference Processing 1.116ms
[6979.142s][debug][gc,phases      ] GC(203)   VM Weak                        Min:  0.0, Avg:  0.0, Max:  0.0, Diff:  0.0, Sum:  0.0, Workers: 4
[6979.142s][debug][gc,phases      ] GC(203)     Dead                           Min: 0, Avg:  1.5, Max: 5, Diff: 5, Sum: 6, Workers: 4
[6979.142s][debug][gc,phases      ] GC(203)     Total                          Min: 62, Avg: 210.5, Max: 353, Diff: 291, Sum: 842, Workers: 4
[6979.142s][debug][gc,phases      ] GC(203)   ObjectSynchronizer Weak        Min:  0.0, Avg:  0.0, Max:  0.0, Diff:  0.0, Sum:  0.0, Workers: 4
[6979.142s][debug][gc,phases      ] GC(203)     Dead                           Min: 0, Avg:  0.0, Max: 0, Diff: 0, Sum: 0, Workers: 4
[6979.142s][debug][gc,phases      ] GC(203)     Total                          Min: 0, Avg:  1.0, Max: 4, Diff: 4, Sum: 4, Workers: 4
[6979.142s][debug][gc,phases      ] GC(203)   JVMTI Tag Weak OopStorage      Min:  0.0, Avg:  0.0, Max:  0.0, Diff:  0.0, Sum:  0.0, Workers: 4
[6979.142s][debug][gc,phases      ] GC(203)     Dead                           Min: 0, Avg:  0.0, Max: 0, Diff: 0, Sum: 0, Workers: 4
[6979.142s][debug][gc,phases      ] GC(203)     Total                          Min: 0, Avg:  0.0, Max: 0, Diff: 0, Sum: 0, Workers: 4
[6979.142s][debug][gc,phases      ] GC(203)   StringTable Weak               Min:  0.2, Avg:  0.2, Max:  0.2, Diff:  0.0, Sum:  0.8, Workers: 4
[6979.142s][debug][gc,phases      ] GC(203)     Dead                           Min: 0, Avg:  1.0, Max: 4, Diff: 4, Sum: 4, Workers: 4
[6979.142s][debug][gc,phases      ] GC(203)     Total                          Min: 11648, Avg: 12466.8, Max: 12940, Diff: 1292, Sum: 49867, Workers: 4
[6979.142s][debug][gc,phases      ] GC(203)   ResolvedMethodTable Weak       Min:  0.1, Avg:  0.1, Max:  0.1, Diff:  0.0, Sum:  0.2, Workers: 4
[6979.142s][debug][gc,phases      ] GC(203)     Dead                           Min: 0, Avg:  1.8, Max: 5, Diff: 5, Sum: 7, Workers: 4
[6979.142s][debug][gc,phases      ] GC(203)     Total                          Min: 2304, Avg: 3584.0, Max: 4352, Diff: 2048, Sum: 14336, Workers: 4
[6979.142s][debug][gc,phases      ] GC(203)   JNI Weak                       Min:  0.0, Avg:  0.0, Max:  0.0, Diff:  0.0, Sum:  0.0, Workers: 4
[6979.142s][debug][gc,phases      ] GC(203)     Dead                           Min: 0, Avg:  0.0, Max: 0, Diff: 0, Sum: 0, Workers: 4
[6979.142s][debug][gc,phases      ] GC(203)     Total                          Min: 0, Avg: 12.0, Max: 48, Diff: 48, Sum: 48, Workers: 4
[6979.142s][debug][gc,phases      ] GC(203)   StringDedup Table Weak         Min:  0.0, Avg:  0.0, Max:  0.0, Diff:  0.0, Sum:  0.0, Workers: 4
[6979.142s][debug][gc,phases      ] GC(203)     Dead                           Min: 0, Avg:  0.0, Max: 0, Diff: 0, Sum: 0, Workers: 4
[6979.142s][debug][gc,phases      ] GC(203)     Total                          Min: 0, Avg:  0.0, Max: 0, Diff: 0, Sum: 0, Workers: 4
[6979.142s][debug][gc,phases      ] GC(203)   StringDedup Requests0 Weak     Min:  0.0, Avg:  0.0, Max:  0.0, Diff:  0.0, Sum:  0.0, Workers: 4
[6979.142s][debug][gc,phases      ] GC(203)     Dead                           Min: 0, Avg:  0.0, Max: 0, Diff: 0, Sum: 0, Workers: 4
[6979.142s][debug][gc,phases      ] GC(203)     Total                          Min: 0, Avg:  0.0, Max: 0, Diff: 0, Sum: 0, Workers: 4
[6979.142s][debug][gc,phases      ] GC(203)   StringDedup Requests1 Weak     Min:  0.0, Avg:  0.0, Max:  0.0, Diff:  0.0, Sum:  0.0, Workers: 4
[6979.142s][debug][gc,phases      ] GC(203)     Dead                           Min: 0, Avg:  0.0, Max: 0, Diff: 0, Sum: 0, Workers: 4
[6979.142s][debug][gc,phases      ] GC(203)     Total                          Min: 0, Avg:  0.0, Max: 0, Diff: 0, Sum: 0, Workers: 4
[6979.142s][debug][gc,phases      ] GC(203)   Weak JFR Old Object Samples    Min:  0.0, Avg:  0.0, Max:  0.0, Diff:  0.0, Sum:  0.0, Workers: 4
[6979.142s][debug][gc,phases      ] GC(203)     Dead                           Min: 0, Avg:  0.0, Max: 0, Diff: 0, Sum: 0, Workers: 4
[6979.142s][debug][gc,phases      ] GC(203)     Total                          Min: 0, Avg:  0.0, Max: 0, Diff: 0, Sum: 0, Workers: 4
[6979.142s][debug][gc,phases      ] GC(203) Weak Processing 0.490ms
[6979.142s][debug][gc,phases      ] GC(203) ClassLoaderData 0.191ms
[6979.142s][debug][gc,phases      ] GC(203) Trigger cleanups 0.007ms
[6979.190s][debug][gc,phases      ] GC(203) Class Unloading 47.618ms
[6979.190s][debug][gc,phases      ] GC(203) Report Object Count 0.002ms
[6979.190s][info ][gc,phases      ] GC(203) Marking Phase 194.468ms
[6979.190s][info ][gc,phases,start] GC(203) Summary Phase
[6979.190s][info ][gc,phases      ] GC(203) Summary Phase 0.023ms
[6979.190s][info ][gc,phases,start] GC(203) Adjust Roots
[6979.203s][info ][gc,phases      ] GC(203) Adjust Roots 13.525ms
[6979.203s][info ][gc,phases,start] GC(203) Compaction Phase
[6979.332s][info ][gc,phases      ] GC(203) Compaction Phase 128.329ms
[6979.332s][info ][gc,phases,start] GC(203) Post Compact
[6979.334s][info ][gc,phases      ] GC(203) Post Compact 2.563ms
[6979.335s][info ][gc,heap        ] GC(203) PSYoungGen: 104563K(1845248K)->0K(1859584K) Eden: 0K(1601024K)->0K(1622016K) From: 104563K(244224K)->0K(237568K)
[6979.335s][info ][gc,heap        ] GC(203) ParOldGen: 538275K(564736K)->482944K(622592K)
[6979.335s][info ][gc,metaspace   ] GC(203) Metaspace: 100164K(101312K)->100154K(101312K) NonClass: 85776K(86400K)->85768K(86400K) Class: 14388K(14912K)->14385K(14912K)
[6979.335s][info ][gc             ] GC(203) Pause Full (Ergonomics) 627M->471M(2424M) 339.331ms
[6979.335s][info ][gc,cpu         ] GC(203) User=1.05s Sys=0.00s Real=0.34s
[6979.335s][info ][safepoint      ] Safepoint "ParallelGCFailedAllocation", Time since last: 1930301358 ns, Reaching safepoint: 11801 ns, Cleanup: 5200 ns, At safepoint: 390856894 ns, Total: 390873895 ns
[7002.187s][info ][gc,start       ] GC(204) Pause Young (Allocation Failure)
[7002.194s][debug][gc,phases      ] GC(204) Scavenge 6.792ms
[7002.194s][debug][gc,ref         ] GC(204) ReferenceProcessor::execute queues: 1, RefProcThreadModel::Single, marks_oops_alive: false
[7002.194s][debug][gc,ref         ] GC(204) Skipped KeepAliveFinalRefsPhase of Reference Processing: no references
[7002.194s][debug][gc,ref         ] GC(204) Skipped PhantomRefsPhase of Reference Processing: no references
[7002.194s][debug][gc,phases      ] GC(204) Reference Processing 0.119ms
[7002.194s][debug][gc,phases      ] GC(204)   VM Weak                        Min:  0.0, Avg:  0.0, Max:  0.0, Diff:  0.0, Sum:  0.0, Workers: 4
[7002.194s][debug][gc,phases      ] GC(204)     Dead                           Min: 0, Avg:  0.0, Max: 0, Diff: 0, Sum: 0, Workers: 4
[7002.194s][debug][gc,phases      ] GC(204)     Total                          Min: 0, Avg: 209.0, Max: 783, Diff: 783, Sum: 836, Workers: 4
[7002.194s][debug][gc,phases      ] GC(204)   ObjectSynchronizer Weak        Min:  0.0, Avg:  0.0, Max:  0.0, Diff:  0.0, Sum:  0.0, Workers: 4
[7002.194s][debug][gc,phases      ] GC(204)     Dead                           Min: 0, Avg:  0.0, Max: 0, Diff: 0, Sum: 0, Workers: 4
[7002.194s][debug][gc,phases      ] GC(204)     Total                          Min: 0, Avg:  1.0, Max: 4, Diff: 4, Sum: 4, Workers: 4
[7002.194s][debug][gc,phases      ] GC(204)   JVMTI Tag Weak OopStorage      Min:  0.0, Avg:  0.0, Max:  0.0, Diff:  0.0, Sum:  0.0, Workers: 4
[7002.194s][debug][gc,phases      ] GC(204)     Dead                           Min: 0, Avg:  0.0, Max: 0, Diff: 0, Sum: 0, Workers: 4
[7002.194s][debug][gc,phases      ] GC(204)     Total                          Min: 0, Avg:  0.0, Max: 0, Diff: 0, Sum: 0, Workers: 4
[7002.194s][debug][gc,phases      ] GC(204)   StringTable Weak               Min:  0.0, Avg:  0.1, Max:  0.1, Diff:  0.1, Sum:  0.4, Workers: 4
[7002.194s][debug][gc,phases      ] GC(204)     Dead                           Min: 0, Avg:  0.0, Max: 0, Diff: 0, Sum: 0, Workers: 4
[7002.194s][debug][gc,phases      ] GC(204)     Total                          Min: 0, Avg: 12466.8, Max: 17547, Diff: 17547, Sum: 49867, Workers: 4
[7002.194s][debug][gc,phases      ] GC(204)   ResolvedMethodTable Weak       Min:  0.0, Avg:  0.0, Max:  0.0, Diff:  0.0, Sum:  0.1, Workers: 4
[7002.194s][debug][gc,phases      ] GC(204)     Dead                           Min: 0, Avg:  0.0, Max: 0, Diff: 0, Sum: 0, Workers: 4
[7002.194s][debug][gc,phases      ] GC(204)     Total                          Min: 0, Avg: 3584.0, Max: 5056, Diff: 5056, Sum: 14336, Workers: 4
[7002.194s][debug][gc,phases      ] GC(204)   JNI Weak                       Min:  0.0, Avg:  0.0, Max:  0.0, Diff:  0.0, Sum:  0.0, Workers: 4
[7002.194s][debug][gc,phases      ] GC(204)     Dead                           Min: 0, Avg:  0.0, Max: 0, Diff: 0, Sum: 0, Workers: 4
[7002.194s][debug][gc,phases      ] GC(204)     Total                          Min: 0, Avg: 12.0, Max: 48, Diff: 48, Sum: 48, Workers: 4
[7002.194s][debug][gc,phases      ] GC(204)   StringDedup Table Weak         Min:  0.0, Avg:  0.0, Max:  0.0, Diff:  0.0, Sum:  0.0, Workers: 4
[7002.194s][debug][gc,phases      ] GC(204)     Dead                           Min: 0, Avg:  0.0, Max: 0, Diff: 0, Sum: 0, Workers: 4
[7002.194s][debug][gc,phases      ] GC(204)     Total                          Min: 0, Avg:  0.0, Max: 0, Diff: 0, Sum: 0, Workers: 4
[7002.194s][debug][gc,phases      ] GC(204)   StringDedup Requests0 Weak     Min:  0.0, Avg:  0.0, Max:  0.0, Diff:  0.0, Sum:  0.0, Workers: 4
[7002.194s][debug][gc,phases      ] GC(204)     Dead                           Min: 0, Avg:  0.0, Max: 0, Diff: 0, Sum: 0, Workers: 4
[7002.194s][debug][gc,phases      ] GC(204)     Total                          Min: 0, Avg:  0.0, Max: 0, Diff: 0, Sum: 0, Workers: 4
[7002.194s][debug][gc,phases      ] GC(204)   StringDedup Requests1 Weak     Min:  0.0, Avg:  0.0, Max:  0.0, Diff:  0.0, Sum:  0.0, Workers: 4
[7002.194s][debug][gc,phases      ] GC(204)     Dead                           Min: 0, Avg:  0.0, Max: 0, Diff: 0, Sum: 0, Workers: 4
[7002.195s][debug][gc,phases      ] GC(204)     Total                          Min: 0, Avg:  0.0, Max: 0, Diff: 0, Sum: 0, Workers: 4
[7002.195s][debug][gc,phases      ] GC(204)   Weak JFR Old Object Samples    Min:  0.0, Avg:  0.0, Max:  0.0, Diff:  0.0, Sum:  0.0, Workers: 4
[7002.195s][debug][gc,phases      ] GC(204)     Dead                           Min: 0, Avg:  0.0, Max: 0, Diff: 0, Sum: 0, Workers: 4
[7002.195s][debug][gc,phases      ] GC(204)     Total                          Min: 0, Avg:  0.0, Max: 0, Diff: 0, Sum: 0, Workers: 4
[7002.195s][debug][gc,phases      ] GC(204) Weak Processing 0.430ms
[7002.195s][debug][gc,age         ] GC(204) Desired survivor size 252706816 bytes, new threshold 6 (max threshold 15)
[7002.195s][info ][gc,heap        ] GC(204) PSYoungGen: 1622016K(1859584K)->11426K(1633792K) Eden: 1622016K(1622016K)->0K(1622016K) From: 0K(237568K)->11426K(11776K)
[7002.195s][info ][gc,heap        ] GC(204) ParOldGen: 482944K(622592K)->482944K(622592K)
[7002.195s][info ][gc,metaspace   ] GC(204) Metaspace: 100154K(101312K)->100154K(101312K) NonClass: 85768K(86400K)->85768K(86400K) Class: 14385K(14912K)->14385K(14912K)
[7002.195s][info ][gc             ] GC(204) Pause Young (Allocation Failure) 2055M->482M(2203M) 7.491ms
[7002.195s][info ][gc,cpu         ] GC(204) User=0.02s Sys=0.00s Real=0.01s
[7002.195s][info ][safepoint      ] Safepoint "ParallelGCFailedAllocation", Time since last: 22852258122 ns, Reaching safepoint: 7200 ns, Cleanup: 26201 ns, At safepoint: 7568826 ns, Total: 7602227 ns
[7024.541s][info ][gc,start       ] GC(205) Pause Young (Allocation Failure)
[7024.549s][debug][gc,phases      ] GC(205) Scavenge 8.426ms
[7024.550s][debug][gc,ref         ] GC(205) ReferenceProcessor::execute queues: 1, RefProcThreadModel::Single, marks_oops_alive: false
[7024.550s][debug][gc,ref         ] GC(205) Skipped KeepAliveFinalRefsPhase of Reference Processing: no references
[7024.550s][debug][gc,ref         ] GC(205) Skipped PhantomRefsPhase of Reference Processing: no references
[7024.550s][debug][gc,phases      ] GC(205) Reference Processing 0.119ms
[7024.550s][debug][gc,phases      ] GC(205)   VM Weak                        Min:  0.0, Avg:  0.0, Max:  0.0, Diff:  0.0, Sum:  0.0, Workers: 4
[7024.550s][debug][gc,phases      ] GC(205)     Dead                           Min: 0, Avg:  0.0, Max: 0, Diff: 0, Sum: 0, Workers: 4
[7024.550s][debug][gc,phases      ] GC(205)     Total                          Min: 0, Avg: 209.0, Max: 530, Diff: 530, Sum: 836, Workers: 4
[7024.550s][debug][gc,phases      ] GC(205)   ObjectSynchronizer Weak        Min:  0.0, Avg:  0.0, Max:  0.0, Diff:  0.0, Sum:  0.0, Workers: 4
[7024.550s][debug][gc,phases      ] GC(205)     Dead                           Min: 0, Avg:  0.0, Max: 0, Diff: 0, Sum: 0, Workers: 4
[7024.550s][debug][gc,phases      ] GC(205)     Total                          Min: 0, Avg:  0.8, Max: 3, Diff: 3, Sum: 3, Workers: 4
[7024.550s][debug][gc,phases      ] GC(205)   JVMTI Tag Weak OopStorage      Min:  0.0, Avg:  0.0, Max:  0.0, Diff:  0.0, Sum:  0.0, Workers: 4
[7024.550s][debug][gc,phases      ] GC(205)     Dead                           Min: 0, Avg:  0.0, Max: 0, Diff: 0, Sum: 0, Workers: 4
[7024.550s][debug][gc,phases      ] GC(205)     Total                          Min: 0, Avg:  0.0, Max: 0, Diff: 0, Sum: 0, Workers: 4
[7024.550s][debug][gc,phases      ] GC(205)   StringTable Weak               Min:  0.0, Avg:  0.1, Max:  0.1, Diff:  0.1, Sum:  0.4, Workers: 4
[7024.550s][debug][gc,phases      ] GC(205)     Dead                           Min: 0, Avg:  0.0, Max: 0, Diff: 0, Sum: 0, Workers: 4
[7024.550s][debug][gc,phases      ] GC(205)     Total                          Min: 0, Avg: 12467.0, Max: 17151, Diff: 17151, Sum: 49868, Workers: 4
[7024.550s][debug][gc,phases      ] GC(205)   ResolvedMethodTable Weak       Min:  0.0, Avg:  0.0, Max:  0.0, Diff:  0.0, Sum:  0.1, Workers: 4
[7024.550s][debug][gc,phases      ] GC(205)     Dead                           Min: 0, Avg:  0.0, Max: 0, Diff: 0, Sum: 0, Workers: 4
[7024.550s][debug][gc,phases      ] GC(205)     Total                          Min: 0, Avg: 3584.0, Max: 5120, Diff: 5120, Sum: 14336, Workers: 4
[7024.550s][debug][gc,phases      ] GC(205)   JNI Weak                       Min:  0.0, Avg:  0.0, Max:  0.0, Diff:  0.0, Sum:  0.0, Workers: 4
[7024.550s][debug][gc,phases      ] GC(205)     Dead                           Min: 0, Avg:  0.0, Max: 0, Diff: 0, Sum: 0, Workers: 4
[7024.550s][debug][gc,phases      ] GC(205)     Total                          Min: 0, Avg: 12.0, Max: 48, Diff: 48, Sum: 48, Workers: 4
[7024.550s][debug][gc,phases      ] GC(205)   StringDedup Table Weak         Min:  0.0, Avg:  0.0, Max:  0.0, Diff:  0.0, Sum:  0.0, Workers: 4
[7024.550s][debug][gc,phases      ] GC(205)     Dead                           Min: 0, Avg:  0.0, Max: 0, Diff: 0, Sum: 0, Workers: 4
[7024.550s][debug][gc,phases      ] GC(205)     Total                          Min: 0, Avg:  0.0, Max: 0, Diff: 0, Sum: 0, Workers: 4
[7024.550s][debug][gc,phases      ] GC(205)   StringDedup Requests0 Weak     Min:  0.0, Avg:  0.0, Max:  0.0, Diff:  0.0, Sum:  0.0, Workers: 4
[7024.550s][debug][gc,phases      ] GC(205)     Dead                           Min: 0, Avg:  0.0, Max: 0, Diff: 0, Sum: 0, Workers: 4
[7024.550s][debug][gc,phases      ] GC(205)     Total                          Min: 0, Avg:  0.0, Max: 0, Diff: 0, Sum: 0, Workers: 4
[7024.550s][debug][gc,phases      ] GC(205)   StringDedup Requests1 Weak     Min:  0.0, Avg:  0.0, Max:  0.0, Diff:  0.0, Sum:  0.0, Workers: 4
[7024.550s][debug][gc,phases      ] GC(205)     Dead                           Min: 0, Avg:  0.0, Max: 0, Diff: 0, Sum: 0, Workers: 4
[7024.550s][debug][gc,phases      ] GC(205)     Total                          Min: 0, Avg:  0.0, Max: 0, Diff: 0, Sum: 0, Workers: 4
[7024.550s][debug][gc,phases      ] GC(205)   Weak JFR Old Object Samples    Min:  0.0, Avg:  0.0, Max:  0.0, Diff:  0.0, Sum:  0.0, Workers: 4
[7024.550s][debug][gc,phases      ] GC(205)     Dead                           Min: 0, Avg:  0.0, Max: 0, Diff: 0, Sum: 0, Workers: 4
[7024.550s][debug][gc,phases      ] GC(205)     Total                          Min: 0, Avg:  0.0, Max: 0, Diff: 0, Sum: 0, Workers: 4
[7024.550s][debug][gc,phases      ] GC(205) Weak Processing 0.439ms
[7024.550s][debug][gc,age         ] GC(205) Desired survivor size 256901120 bytes, new threshold 6 (max threshold 15)
[7024.550s][info ][gc,heap        ] GC(205) PSYoungGen: 1633442K(1633792K)->18771K(1842176K) Eden: 1622016K(1622016K)->0K(1595392K) From: 11426K(11776K)->18771K(246784K)
[7024.550s][info ][gc,heap        ] GC(205) ParOldGen: 482944K(622592K)->482944K(622592K)
[7024.550s][info ][gc,metaspace   ] GC(205) Metaspace: 100157K(101312K)->100157K(101312K) NonClass: 85772K(86400K)->85772K(86400K) Class: 14385K(14912K)->14385K(14912K)
[7024.550s][info ][gc             ] GC(205) Pause Young (Allocation Failure) 2066M->489M(2407M) 9.134ms
[7024.550s][info ][gc,cpu         ] GC(205) User=0.04s Sys=0.00s Real=0.01s
[7024.550s][info ][safepoint      ] Safepoint "ParallelGCFailedAllocation", Time since last: 22346227357 ns, Reaching safepoint: 87704 ns, Cleanup: 5800 ns, At safepoint: 9215090 ns, Total: 9308594 ns
[7028.550s][info ][safepoint      ] Safepoint "Cleanup", Time since last: 4000250851 ns, Reaching safepoint: 8300 ns, Cleanup: 17601 ns, At safepoint: 2700 ns, Total: 28601 ns
[7030.551s][info ][safepoint      ] Safepoint "Cleanup", Time since last: 2000207035 ns, Reaching safepoint: 11300 ns, Cleanup: 38002 ns, At safepoint: 2600 ns, Total: 51902 ns
[7031.551s][info ][safepoint      ] Safepoint "Cleanup", Time since last: 1000120768 ns, Reaching safepoint: 7400 ns, Cleanup: 24801 ns, At safepoint: 2600 ns, Total: 34801 ns
[7033.551s][info ][safepoint      ] Safepoint "Cleanup", Time since last: 2000179934 ns, Reaching safepoint: 8001 ns, Cleanup: 10300 ns, At safepoint: 3200 ns, Total: 21501 ns
[7034.551s][info ][safepoint      ] Safepoint "Cleanup", Time since last: 1000126880 ns, Reaching safepoint: 11000 ns, Cleanup: 12201 ns, At safepoint: 6900 ns, Total: 30101 ns
[7040.552s][info ][safepoint      ] Safepoint "Cleanup", Time since last: 6000457572 ns, Reaching safepoint: 81103 ns, Cleanup: 9901 ns, At safepoint: 6900 ns, Total: 97904 ns
[7047.495s][info ][gc,start       ] GC(206) Pause Young (Allocation Failure)
[7047.501s][debug][gc,phases      ] GC(206) Scavenge 6.130ms
[7047.501s][debug][gc,ref         ] GC(206) Skipped SoftWeakFinalRefsPhase of Reference Processing: no references
[7047.501s][debug][gc,ref         ] GC(206) Skipped KeepAliveFinalRefsPhase of Reference Processing: no references
[7047.502s][debug][gc,ref         ] GC(206) ReferenceProcessor::execute queues: 1, RefProcThreadModel::Single, marks_oops_alive: false
[7047.502s][debug][gc,phases      ] GC(206) Reference Processing 0.132ms
[7047.502s][debug][gc,phases      ] GC(206)   VM Weak                        Min:  0.0, Avg:  0.0, Max:  0.0, Diff:  0.0, Sum:  0.0, Workers: 4
[7047.502s][debug][gc,phases      ] GC(206)     Dead                           Min: 0, Avg:  0.0, Max: 0, Diff: 0, Sum: 0, Workers: 4
[7047.502s][debug][gc,phases      ] GC(206)     Total                          Min: 0, Avg: 209.0, Max: 710, Diff: 710, Sum: 836, Workers: 4
[7047.502s][debug][gc,phases      ] GC(206)   ObjectSynchronizer Weak        Min:  0.0, Avg:  0.0, Max:  0.0, Diff:  0.0, Sum:  0.0, Workers: 4
[7047.502s][debug][gc,phases      ] GC(206)     Dead                           Min: 0, Avg:  0.0, Max: 0, Diff: 0, Sum: 0, Workers: 4
[7047.502s][debug][gc,phases      ] GC(206)     Total                          Min: 0, Avg:  1.0, Max: 4, Diff: 4, Sum: 4, Workers: 4
[7047.502s][debug][gc,phases      ] GC(206)   JVMTI Tag Weak OopStorage      Min:  0.0, Avg:  0.0, Max:  0.0, Diff:  0.0, Sum:  0.0, Workers: 4
[7047.502s][debug][gc,phases      ] GC(206)     Dead                           Min: 0, Avg:  0.0, Max: 0, Diff: 0, Sum: 0, Workers: 4
[7047.502s][debug][gc,phases      ] GC(206)     Total                          Min: 0, Avg:  0.0, Max: 0, Diff: 0, Sum: 0, Workers: 4
[7047.502s][debug][gc,phases      ] GC(206)   StringTable Weak               Min:  0.0, Avg:  0.1, Max:  0.2, Diff:  0.2, Sum:  0.4, Workers: 4
[7047.502s][debug][gc,phases      ] GC(206)     Dead                           Min: 0, Avg:  0.0, Max: 0, Diff: 0, Sum: 0, Workers: 4
[7047.502s][debug][gc,phases      ] GC(206)     Total                          Min: 0, Avg: 12467.0, Max: 17229, Diff: 17229, Sum: 49868, Workers: 4
[7047.502s][debug][gc,phases      ] GC(206)   ResolvedMethodTable Weak       Min:  0.0, Avg:  0.0, Max:  0.0, Diff:  0.0, Sum:  0.1, Workers: 4
[7047.502s][debug][gc,phases      ] GC(206)     Dead                           Min: 0, Avg:  0.0, Max: 0, Diff: 0, Sum: 0, Workers: 4
[7047.502s][debug][gc,phases      ] GC(206)     Total                          Min: 0, Avg: 3584.0, Max: 4928, Diff: 4928, Sum: 14336, Workers: 4
[7047.502s][debug][gc,phases      ] GC(206)   JNI Weak                       Min:  0.0, Avg:  0.0, Max:  0.0, Diff:  0.0, Sum:  0.0, Workers: 4
[7047.502s][debug][gc,phases      ] GC(206)     Dead                           Min: 0, Avg:  0.0, Max: 0, Diff: 0, Sum: 0, Workers: 4
[7047.502s][debug][gc,phases      ] GC(206)     Total                          Min: 0, Avg: 12.0, Max: 48, Diff: 48, Sum: 48, Workers: 4
[7047.502s][debug][gc,phases      ] GC(206)   StringDedup Table Weak         Min:  0.0, Avg:  0.0, Max:  0.0, Diff:  0.0, Sum:  0.0, Workers: 4
[7047.502s][debug][gc,phases      ] GC(206)     Dead                           Min: 0, Avg:  0.0, Max: 0, Diff: 0, Sum: 0, Workers: 4
[7047.502s][debug][gc,phases      ] GC(206)     Total                          Min: 0, Avg:  0.0, Max: 0, Diff: 0, Sum: 0, Workers: 4
[7047.502s][debug][gc,phases      ] GC(206)   StringDedup Requests0 Weak     Min:  0.0, Avg:  0.0, Max:  0.0, Diff:  0.0, Sum:  0.0, Workers: 4
[7047.502s][debug][gc,phases      ] GC(206)     Dead                           Min: 0, Avg:  0.0, Max: 0, Diff: 0, Sum: 0, Workers: 4
[7047.502s][debug][gc,phases      ] GC(206)     Total                          Min: 0, Avg:  0.0, Max: 0, Diff: 0, Sum: 0, Workers: 4
[7047.502s][debug][gc,phases      ] GC(206)   StringDedup Requests1 Weak     Min:  0.0, Avg:  0.0, Max:  0.0, Diff:  0.0, Sum:  0.0, Workers: 4
[7047.502s][debug][gc,phases      ] GC(206)     Dead                           Min: 0, Avg:  0.0, Max: 0, Diff: 0, Sum: 0, Workers: 4
[7047.502s][debug][gc,phases      ] GC(206)     Total                          Min: 0, Avg:  0.0, Max: 0, Diff: 0, Sum: 0, Workers: 4
[7047.502s][debug][gc,phases      ] GC(206)   Weak JFR Old Object Samples    Min:  0.0, Avg:  0.0, Max:  0.0, Diff:  0.0, Sum:  0.0, Workers: 4
[7047.502s][debug][gc,phases      ] GC(206)     Dead                           Min: 0, Avg:  0.0, Max: 0, Diff: 0, Sum: 0, Workers: 4
[7047.502s][debug][gc,phases      ] GC(206)     Total                          Min: 0, Avg:  0.0, Max: 0, Diff: 0, Sum: 0, Workers: 4
[7047.502s][debug][gc,phases      ] GC(206) Weak Processing 0.460ms
[7047.502s][debug][gc,age         ] GC(206) Desired survivor size 258473984 bytes, new threshold 7 (max threshold 15)
[7047.502s][info ][gc,heap        ] GC(206) PSYoungGen: 1614163K(1842176K)->14002K(1609728K) Eden: 1595392K(1595392K)->0K(1595392K) From: 18771K(246784K)->14002K(14336K)
[7047.502s][info ][gc,heap        ] GC(206) ParOldGen: 482944K(622592K)->482944K(622592K)
[7047.502s][info ][gc,metaspace   ] GC(206) Metaspace: 100159K(101312K)->100159K(101312K) NonClass: 85774K(86400K)->85774K(86400K) Class: 14385K(14912K)->14385K(14912K)
[7047.502s][info ][gc             ] GC(206) Pause Young (Allocation Failure) 2047M->485M(2180M) 6.874ms
[7047.502s][info ][gc,cpu         ] GC(206) User=0.03s Sys=0.00s Real=0.01s
[7047.502s][info ][safepoint      ] Safepoint "ParallelGCFailedAllocation", Time since last: 6943341207 ns, Reaching safepoint: 7001 ns, Cleanup: 4300 ns, At safepoint: 6977857 ns, Total: 6989158 ns
[7048.502s][info ][safepoint      ] Safepoint "Cleanup", Time since last: 1000094131 ns, Reaching safepoint: 8500 ns, Cleanup: 9600 ns, At safepoint: 2800 ns, Total: 20900 ns
[7054.503s][info ][safepoint      ] Safepoint "Cleanup", Time since last: 6000469866 ns, Reaching safepoint: 8000 ns, Cleanup: 7100 ns, At safepoint: 5600 ns, Total: 20700 ns
[7057.503s][info ][safepoint      ] Safepoint "Cleanup", Time since last: 3000251877 ns, Reaching safepoint: 11200 ns, Cleanup: 11500 ns, At safepoint: 30702 ns, Total: 53402 ns
[7058.503s][info ][safepoint      ] Safepoint "Cleanup", Time since last: 1000111226 ns, Reaching safepoint: 6800 ns, Cleanup: 12001 ns, At safepoint: 2700 ns, Total: 21501 ns
[7063.941s][info ][gc,start       ] GC(207) Pause Young (Allocation Failure)
[7063.968s][debug][gc,phases      ] GC(207) Scavenge 26.912ms
[7063.968s][debug][gc,ref         ] GC(207) ReferenceProcessor::execute queues: 1, RefProcThreadModel::Single, marks_oops_alive: false
[7063.968s][debug][gc,ref         ] GC(207) Skipped KeepAliveFinalRefsPhase of Reference Processing: no references
[7063.968s][debug][gc,ref         ] GC(207) ReferenceProcessor::execute queues: 1, RefProcThreadModel::Single, marks_oops_alive: false
[7063.968s][debug][gc,phases      ] GC(207) Reference Processing 0.145ms
[7063.968s][debug][gc,phases      ] GC(207)   VM Weak                        Min:  0.0, Avg:  0.0, Max:  0.0, Diff:  0.0, Sum:  0.0, Workers: 4
[7063.968s][debug][gc,phases      ] GC(207)     Dead                           Min: 0, Avg:  0.0, Max: 0, Diff: 0, Sum: 0, Workers: 4
[7063.968s][debug][gc,phases      ] GC(207)     Total                          Min: 0, Avg: 209.0, Max: 362, Diff: 362, Sum: 836, Workers: 4
[7063.968s][debug][gc,phases      ] GC(207)   ObjectSynchronizer Weak        Min:  0.0, Avg:  0.0, Max:  0.0, Diff:  0.0, Sum:  0.0, Workers: 4
[7063.968s][debug][gc,phases      ] GC(207)     Dead                           Min: 0, Avg:  0.0, Max: 0, Diff: 0, Sum: 0, Workers: 4
[7063.968s][debug][gc,phases      ] GC(207)     Total                          Min: 0, Avg:  1.2, Max: 5, Diff: 5, Sum: 5, Workers: 4
[7063.968s][debug][gc,phases      ] GC(207)   JVMTI Tag Weak OopStorage      Min:  0.0, Avg:  0.0, Max:  0.0, Diff:  0.0, Sum:  0.0, Workers: 4
[7063.968s][debug][gc,phases      ] GC(207)     Dead                           Min: 0, Avg:  0.0, Max: 0, Diff: 0, Sum: 0, Workers: 4
[7063.968s][debug][gc,phases      ] GC(207)     Total                          Min: 0, Avg:  0.0, Max: 0, Diff: 0, Sum: 0, Workers: 4
[7063.968s][debug][gc,phases      ] GC(207)   StringTable Weak               Min:  0.0, Avg:  0.1, Max:  0.2, Diff:  0.2, Sum:  0.5, Workers: 4
[7063.968s][debug][gc,phases      ] GC(207)     Dead                           Min: 0, Avg:  0.0, Max: 0, Diff: 0, Sum: 0, Workers: 4
[7063.968s][debug][gc,phases      ] GC(207)     Total                          Min: 0, Avg: 12467.0, Max: 17280, Diff: 17280, Sum: 49868, Workers: 4
[7063.968s][debug][gc,phases      ] GC(207)   ResolvedMethodTable Weak       Min:  0.0, Avg:  0.0, Max:  0.0, Diff:  0.0, Sum:  0.1, Workers: 4
[7063.968s][debug][gc,phases      ] GC(207)     Dead                           Min: 0, Avg:  0.0, Max: 0, Diff: 0, Sum: 0, Workers: 4
[7063.968s][debug][gc,phases      ] GC(207)     Total                          Min: 0, Avg: 3584.0, Max: 5056, Diff: 5056, Sum: 14336, Workers: 4
[7063.968s][debug][gc,phases      ] GC(207)   JNI Weak                       Min:  0.0, Avg:  0.0, Max:  0.0, Diff:  0.0, Sum:  0.0, Workers: 4
[7063.968s][debug][gc,phases      ] GC(207)     Dead                           Min: 0, Avg:  0.0, Max: 0, Diff: 0, Sum: 0, Workers: 4
[7063.968s][debug][gc,phases      ] GC(207)     Total                          Min: 0, Avg: 12.0, Max: 48, Diff: 48, Sum: 48, Workers: 4
[7063.968s][debug][gc,phases      ] GC(207)   StringDedup Table Weak         Min:  0.0, Avg:  0.0, Max:  0.0, Diff:  0.0, Sum:  0.0, Workers: 4
[7063.968s][debug][gc,phases      ] GC(207)     Dead                           Min: 0, Avg:  0.0, Max: 0, Diff: 0, Sum: 0, Workers: 4
[7063.968s][debug][gc,phases      ] GC(207)     Total                          Min: 0, Avg:  0.0, Max: 0, Diff: 0, Sum: 0, Workers: 4
[7063.968s][debug][gc,phases      ] GC(207)   StringDedup Requests0 Weak     Min:  0.0, Avg:  0.0, Max:  0.0, Diff:  0.0, Sum:  0.0, Workers: 4
[7063.968s][debug][gc,phases      ] GC(207)     Dead                           Min: 0, Avg:  0.0, Max: 0, Diff: 0, Sum: 0, Workers: 4
[7063.968s][debug][gc,phases      ] GC(207)     Total                          Min: 0, Avg:  0.0, Max: 0, Diff: 0, Sum: 0, Workers: 4
[7063.968s][debug][gc,phases      ] GC(207)   StringDedup Requests1 Weak     Min:  0.0, Avg:  0.0, Max:  0.0, Diff:  0.0, Sum:  0.0, Workers: 4
[7063.968s][debug][gc,phases      ] GC(207)     Dead                           Min: 0, Avg:  0.0, Max: 0, Diff: 0, Sum: 0, Workers: 4
[7063.968s][debug][gc,phases      ] GC(207)     Total                          Min: 0, Avg:  0.0, Max: 0, Diff: 0, Sum: 0, Workers: 4
[7063.968s][debug][gc,phases      ] GC(207)   Weak JFR Old Object Samples    Min:  0.0, Avg:  0.0, Max:  0.0, Diff:  0.0, Sum:  0.0, Workers: 4
[7063.968s][debug][gc,phases      ] GC(207)     Dead                           Min: 0, Avg:  0.0, Max: 0, Diff: 0, Sum: 0, Workers: 4
[7063.968s][debug][gc,phases      ] GC(207)     Total                          Min: 0, Avg:  0.0, Max: 0, Diff: 0, Sum: 0, Workers: 4
[7063.968s][debug][gc,phases      ] GC(207) Weak Processing 0.449ms
[7063.968s][debug][gc,age         ] GC(207) Desired survivor size 247988224 bytes, new threshold 8 (max threshold 15)
[7063.968s][info ][gc,heap        ] GC(207) PSYoungGen: 1609394K(1609728K)->67971K(1854976K) Eden: 1595392K(1595392K)->0K(1602560K) From: 14002K(14336K)->67971K(252416K)
[7063.968s][info ][gc,heap        ] GC(207) ParOldGen: 482944K(622592K)->482944K(622592K)
[7063.968s][info ][gc,metaspace   ] GC(207) Metaspace: 100164K(101312K)->100164K(101312K) NonClass: 85779K(86400K)->85779K(86400K) Class: 14385K(14912K)->14385K(14912K)
[7063.968s][info ][gc             ] GC(207) Pause Young (Allocation Failure) 2043M->538M(2419M) 27.672ms
[7063.968s][info ][gc,cpu         ] GC(207) User=0.09s Sys=0.00s Real=0.03s
[7063.968s][info ][safepoint      ] Safepoint "ParallelGCFailedAllocation", Time since last: 5437395581 ns, Reaching safepoint: 47102 ns, Cleanup: 3700 ns, At safepoint: 27767619 ns, Total: 27818421 ns
[7064.968s][info ][safepoint      ] Safepoint "Cleanup", Time since last: 1000092094 ns, Reaching safepoint: 7100 ns, Cleanup: 9800 ns, At safepoint: 2400 ns, Total: 19300 ns
[7065.969s][info ][safepoint      ] Safepoint "Cleanup", Time since last: 1000099291 ns, Reaching safepoint: 8701 ns, Cleanup: 12400 ns, At safepoint: 2300 ns, Total: 23401 ns
[7072.969s][info ][safepoint      ] Safepoint "Cleanup", Time since last: 7000548423 ns, Reaching safepoint: 11801 ns, Cleanup: 15100 ns, At safepoint: 3101 ns, Total: 30002 ns
[7075.184s][info ][gc,start       ] GC(208) Pause Young (Allocation Failure)
[7075.210s][debug][gc,phases      ] GC(208) Scavenge 25.470ms
[7075.210s][debug][gc,ref         ] GC(208) Skipped SoftWeakFinalRefsPhase of Reference Processing: no references
[7075.210s][debug][gc,ref         ] GC(208) Skipped KeepAliveFinalRefsPhase of Reference Processing: no references
[7075.210s][debug][gc,ref         ] GC(208) ReferenceProcessor::execute queues: 1, RefProcThreadModel::Single, marks_oops_alive: false
[7075.210s][debug][gc,phases      ] GC(208) Reference Processing 0.129ms
[7075.210s][debug][gc,phases      ] GC(208)   VM Weak                        Min:  0.0, Avg:  0.0, Max:  0.0, Diff:  0.0, Sum:  0.0, Workers: 4
[7075.210s][debug][gc,phases      ] GC(208)     Dead                           Min: 0, Avg:  0.0, Max: 0, Diff: 0, Sum: 0, Workers: 4
[7075.210s][debug][gc,phases      ] GC(208)     Total                          Min: 0, Avg: 209.0, Max: 719, Diff: 719, Sum: 836, Workers: 4
[7075.210s][debug][gc,phases      ] GC(208)   ObjectSynchronizer Weak        Min:  0.0, Avg:  0.0, Max:  0.0, Diff:  0.0, Sum:  0.0, Workers: 4
[7075.210s][debug][gc,phases      ] GC(208)     Dead                           Min: 0, Avg:  0.0, Max: 0, Diff: 0, Sum: 0, Workers: 4
[7075.210s][debug][gc,phases      ] GC(208)     Total                          Min: 0, Avg:  1.2, Max: 5, Diff: 5, Sum: 5, Workers: 4
[7075.210s][debug][gc,phases      ] GC(208)   JVMTI Tag Weak OopStorage      Min:  0.0, Avg:  0.0, Max:  0.0, Diff:  0.0, Sum:  0.0, Workers: 4
[7075.210s][debug][gc,phases      ] GC(208)     Dead                           Min: 0, Avg:  0.0, Max: 0, Diff: 0, Sum: 0, Workers: 4
[7075.210s][debug][gc,phases      ] GC(208)     Total                          Min: 0, Avg:  0.0, Max: 0, Diff: 0, Sum: 0, Workers: 4
[7075.210s][debug][gc,phases      ] GC(208)   StringTable Weak               Min:  0.0, Avg:  0.1, Max:  0.2, Diff:  0.2, Sum:  0.5, Workers: 4
[7075.210s][debug][gc,phases      ] GC(208)     Dead                           Min: 0, Avg:  0.0, Max: 0, Diff: 0, Sum: 0, Workers: 4
[7075.210s][debug][gc,phases      ] GC(208)     Total                          Min: 0, Avg: 12467.0, Max: 19008, Diff: 19008, Sum: 49868, Workers: 4
[7075.210s][debug][gc,phases      ] GC(208)   ResolvedMethodTable Weak       Min:  0.0, Avg:  0.0, Max:  0.0, Diff:  0.0, Sum:  0.1, Workers: 4
[7075.210s][debug][gc,phases      ] GC(208)     Dead                           Min: 0, Avg:  0.0, Max: 0, Diff: 0, Sum: 0, Workers: 4
[7075.210s][debug][gc,phases      ] GC(208)     Total                          Min: 0, Avg: 3584.0, Max: 5184, Diff: 5184, Sum: 14336, Workers: 4
[7075.210s][debug][gc,phases      ] GC(208)   JNI Weak                       Min:  0.0, Avg:  0.0, Max:  0.0, Diff:  0.0, Sum:  0.0, Workers: 4
[7075.210s][debug][gc,phases      ] GC(208)     Dead                           Min: 0, Avg:  0.0, Max: 0, Diff: 0, Sum: 0, Workers: 4
[7075.210s][debug][gc,phases      ] GC(208)     Total                          Min: 0, Avg: 12.0, Max: 48, Diff: 48, Sum: 48, Workers: 4
[7075.210s][debug][gc,phases      ] GC(208)   StringDedup Table Weak         Min:  0.0, Avg:  0.0, Max:  0.0, Diff:  0.0, Sum:  0.0, Workers: 4
[7075.210s][debug][gc,phases      ] GC(208)     Dead                           Min: 0, Avg:  0.0, Max: 0, Diff: 0, Sum: 0, Workers: 4
[7075.210s][debug][gc,phases      ] GC(208)     Total                          Min: 0, Avg:  0.0, Max: 0, Diff: 0, Sum: 0, Workers: 4
[7075.210s][debug][gc,phases      ] GC(208)   StringDedup Requests0 Weak     Min:  0.0, Avg:  0.0, Max:  0.0, Diff:  0.0, Sum:  0.0, Workers: 4
[7075.210s][debug][gc,phases      ] GC(208)     Dead                           Min: 0, Avg:  0.0, Max: 0, Diff: 0, Sum: 0, Workers: 4
[7075.210s][debug][gc,phases      ] GC(208)     Total                          Min: 0, Avg:  0.0, Max: 0, Diff: 0, Sum: 0, Workers: 4
[7075.210s][debug][gc,phases      ] GC(208)   StringDedup Requests1 Weak     Min:  0.0, Avg:  0.0, Max:  0.0, Diff:  0.0, Sum:  0.0, Workers: 4
[7075.210s][debug][gc,phases      ] GC(208)     Dead                           Min: 0, Avg:  0.0, Max: 0, Diff: 0, Sum: 0, Workers: 4
[7075.210s][debug][gc,phases      ] GC(208)     Total                          Min: 0, Avg:  0.0, Max: 0, Diff: 0, Sum: 0, Workers: 4
[7075.210s][debug][gc,phases      ] GC(208)   Weak JFR Old Object Samples    Min:  0.0, Avg:  0.0, Max:  0.0, Diff:  0.0, Sum:  0.0, Workers: 4
[7075.210s][debug][gc,phases      ] GC(208)     Dead                           Min: 0, Avg:  0.0, Max: 0, Diff: 0, Sum: 0, Workers: 4
[7075.210s][debug][gc,phases      ] GC(208)     Total                          Min: 0, Avg:  0.0, Max: 0, Diff: 0, Sum: 0, Workers: 4
[7075.210s][debug][gc,phases      ] GC(208) Weak Processing 0.467ms
[7075.210s][debug][gc,age         ] GC(208) Desired survivor size 234881024 bytes, new threshold 9 (max threshold 15)
[7075.210s][info ][gc,heap        ] GC(208) PSYoungGen: 1670531K(1854976K)->85380K(1844736K) Eden: 1602560K(1602560K)->0K(1602560K) From: 67971K(252416K)->85380K(242176K)
[7075.210s][info ][gc,heap        ] GC(208) ParOldGen: 482944K(622592K)->482944K(622592K)
[7075.210s][info ][gc,metaspace   ] GC(208) Metaspace: 100164K(101312K)->100164K(101312K) NonClass: 85779K(86400K)->85779K(86400K) Class: 14385K(14912K)->14385K(14912K)
[7075.210s][info ][gc             ] GC(208) Pause Young (Allocation Failure) 2103M->555M(2409M) 26.217ms
[7075.210s][info ][gc,cpu         ] GC(208) User=0.09s Sys=0.00s Real=0.03s
[7075.210s][info ][safepoint      ] Safepoint "ParallelGCFailedAllocation", Time since last: 2214950899 ns, Reaching safepoint: 80503 ns, Cleanup: 4200 ns, At safepoint: 26302739 ns, Total: 26387442 ns
[7091.834s][info ][gc,start       ] GC(209) Pause Young (Allocation Failure)
[7091.859s][debug][gc,phases      ] GC(209) Scavenge 24.247ms
[7091.859s][debug][gc,ref         ] GC(209) ReferenceProcessor::execute queues: 1, RefProcThreadModel::Single, marks_oops_alive: false
[7091.859s][debug][gc,ref         ] GC(209) Skipped KeepAliveFinalRefsPhase of Reference Processing: no references
[7091.859s][debug][gc,ref         ] GC(209) ReferenceProcessor::execute queues: 1, RefProcThreadModel::Single, marks_oops_alive: false
[7091.859s][debug][gc,phases      ] GC(209) Reference Processing 0.135ms
[7091.859s][debug][gc,phases      ] GC(209)   VM Weak                        Min:  0.0, Avg:  0.0, Max:  0.0, Diff:  0.0, Sum:  0.0, Workers: 4
[7091.859s][debug][gc,phases      ] GC(209)     Dead                           Min: 0, Avg:  0.0, Max: 0, Diff: 0, Sum: 0, Workers: 4
[7091.859s][debug][gc,phases      ] GC(209)     Total                          Min: 0, Avg: 209.0, Max: 426, Diff: 426, Sum: 836, Workers: 4
[7091.859s][debug][gc,phases      ] GC(209)   ObjectSynchronizer Weak        Min:  0.0, Avg:  0.0, Max:  0.0, Diff:  0.0, Sum:  0.0, Workers: 4
[7091.859s][debug][gc,phases      ] GC(209)     Dead                           Min: 0, Avg:  0.0, Max: 0, Diff: 0, Sum: 0, Workers: 4
[7091.859s][debug][gc,phases      ] GC(209)     Total                          Min: 0, Avg:  1.0, Max: 4, Diff: 4, Sum: 4, Workers: 4
[7091.859s][debug][gc,phases      ] GC(209)   JVMTI Tag Weak OopStorage      Min:  0.0, Avg:  0.0, Max:  0.0, Diff:  0.0, Sum:  0.0, Workers: 4
[7091.859s][debug][gc,phases      ] GC(209)     Dead                           Min: 0, Avg:  0.0, Max: 0, Diff: 0, Sum: 0, Workers: 4
[7091.859s][debug][gc,phases      ] GC(209)     Total                          Min: 0, Avg:  0.0, Max: 0, Diff: 0, Sum: 0, Workers: 4
[7091.859s][debug][gc,phases      ] GC(209)   StringTable Weak               Min:  0.0, Avg:  0.1, Max:  0.1, Diff:  0.1, Sum:  0.4, Workers: 4
[7091.859s][debug][gc,phases      ] GC(209)     Dead                           Min: 0, Avg:  0.0, Max: 0, Diff: 0, Sum: 0, Workers: 4
[7091.859s][debug][gc,phases      ] GC(209)     Total                          Min: 0, Avg: 12467.0, Max: 18048, Diff: 18048, Sum: 49868, Workers: 4
[7091.859s][debug][gc,phases      ] GC(209)   ResolvedMethodTable Weak       Min:  0.0, Avg:  0.0, Max:  0.0, Diff:  0.0, Sum:  0.1, Workers: 4
[7091.859s][debug][gc,phases      ] GC(209)     Dead                           Min: 0, Avg:  0.0, Max: 0, Diff: 0, Sum: 0, Workers: 4
[7091.859s][debug][gc,phases      ] GC(209)     Total                          Min: 0, Avg: 3584.0, Max: 5248, Diff: 5248, Sum: 14336, Workers: 4
[7091.859s][debug][gc,phases      ] GC(209)   JNI Weak                       Min:  0.0, Avg:  0.0, Max:  0.0, Diff:  0.0, Sum:  0.0, Workers: 4
[7091.859s][debug][gc,phases      ] GC(209)     Dead                           Min: 0, Avg:  0.0, Max: 0, Diff: 0, Sum: 0, Workers: 4
[7091.859s][debug][gc,phases      ] GC(209)     Total                          Min: 0, Avg: 12.0, Max: 48, Diff: 48, Sum: 48, Workers: 4
[7091.859s][debug][gc,phases      ] GC(209)   StringDedup Table Weak         Min:  0.0, Avg:  0.0, Max:  0.0, Diff:  0.0, Sum:  0.0, Workers: 4
[7091.859s][debug][gc,phases      ] GC(209)     Dead                           Min: 0, Avg:  0.0, Max: 0, Diff: 0, Sum: 0, Workers: 4
[7091.859s][debug][gc,phases      ] GC(209)     Total                          Min: 0, Avg:  0.0, Max: 0, Diff: 0, Sum: 0, Workers: 4
[7091.859s][debug][gc,phases      ] GC(209)   StringDedup Requests0 Weak     Min:  0.0, Avg:  0.0, Max:  0.0, Diff:  0.0, Sum:  0.0, Workers: 4
[7091.859s][debug][gc,phases      ] GC(209)     Dead                           Min: 0, Avg:  0.0, Max: 0, Diff: 0, Sum: 0, Workers: 4
[7091.859s][debug][gc,phases      ] GC(209)     Total                          Min: 0, Avg:  0.0, Max: 0, Diff: 0, Sum: 0, Workers: 4
[7091.859s][debug][gc,phases      ] GC(209)   StringDedup Requests1 Weak     Min:  0.0, Avg:  0.0, Max:  0.0, Diff:  0.0, Sum:  0.0, Workers: 4
[7091.859s][debug][gc,phases      ] GC(209)     Dead                           Min: 0, Avg:  0.0, Max: 0, Diff: 0, Sum: 0, Workers: 4
[7091.859s][debug][gc,phases      ] GC(209)     Total                          Min: 0, Avg:  0.0, Max: 0, Diff: 0, Sum: 0, Workers: 4
[7091.859s][debug][gc,phases      ] GC(209)   Weak JFR Old Object Samples    Min:  0.0, Avg:  0.0, Max:  0.0, Diff:  0.0, Sum:  0.0, Workers: 4
[7091.859s][debug][gc,phases      ] GC(209)     Dead                           Min: 0, Avg:  0.0, Max: 0, Diff: 0, Sum: 0, Workers: 4
[7091.859s][debug][gc,phases      ] GC(209)     Total                          Min: 0, Avg:  0.0, Max: 0, Diff: 0, Sum: 0, Workers: 4
[7091.859s][debug][gc,phases      ] GC(209) Weak Processing 0.446ms
[7091.859s][debug][gc,age         ] GC(209) Desired survivor size 222822400 bytes, new threshold 10 (max threshold 15)
[7091.859s][info ][gc,heap        ] GC(209) PSYoungGen: 1687940K(1844736K)->83956K(1879552K) Eden: 1602560K(1602560K)->0K(1650176K) From: 85380K(242176K)->83956K(229376K)
[7091.859s][info ][gc,heap        ] GC(209) ParOldGen: 482944K(622592K)->482944K(622592K)
[7091.859s][info ][gc,metaspace   ] GC(209) Metaspace: 100166K(101312K)->100166K(101312K) NonClass: 85781K(86400K)->85781K(86400K) Class: 14385K(14912K)->14385K(14912K)
[7091.859s][info ][gc             ] GC(209) Pause Young (Allocation Failure) 2120M->553M(2443M) 24.979ms
[7091.859s][info ][gc,cpu         ] GC(209) User=0.09s Sys=0.00s Real=0.02s
[7091.859s][info ][safepoint      ] Safepoint "ParallelGCFailedAllocation", Time since last: 16623622249 ns, Reaching safepoint: 84203 ns, Cleanup: 3600 ns, At safepoint: 25089073 ns, Total: 25176876 ns
[7096.860s][info ][safepoint      ] Safepoint "Cleanup", Time since last: 5000360923 ns, Reaching safepoint: 7600 ns, Cleanup: 9701 ns, At safepoint: 2400 ns, Total: 19701 ns
[7097.860s][info ][safepoint      ] Safepoint "Cleanup", Time since last: 1000090976 ns, Reaching safepoint: 6900 ns, Cleanup: 10600 ns, At safepoint: 2300 ns, Total: 19800 ns
[7098.860s][info ][safepoint      ] Safepoint "Cleanup", Time since last: 1000119559 ns, Reaching safepoint: 80903 ns, Cleanup: 9700 ns, At safepoint: 5801 ns, Total: 96404 ns
[7101.860s][info ][safepoint      ] Safepoint "Cleanup", Time since last: 3000251165 ns, Reaching safepoint: 7700 ns, Cleanup: 9300 ns, At safepoint: 2300 ns, Total: 19300 ns
[7103.860s][info ][safepoint      ] Safepoint "Cleanup", Time since last: 2000138734 ns, Reaching safepoint: 8600 ns, Cleanup: 10400 ns, At safepoint: 2700 ns, Total: 21700 ns
[7106.861s][info ][safepoint      ] Safepoint "Cleanup", Time since last: 3000199550 ns, Reaching safepoint: 12101 ns, Cleanup: 11700 ns, At safepoint: 2800 ns, Total: 26601 ns
[7109.558s][info ][gc,start       ] GC(210) Pause Young (Allocation Failure)
[7109.583s][debug][gc,phases      ] GC(210) Scavenge 24.722ms
[7109.583s][debug][gc,ref         ] GC(210) Skipped SoftWeakFinalRefsPhase of Reference Processing: no references
[7109.583s][debug][gc,ref         ] GC(210) Skipped KeepAliveFinalRefsPhase of Reference Processing: no references
[7109.583s][debug][gc,ref         ] GC(210) ReferenceProcessor::execute queues: 1, RefProcThreadModel::Single, marks_oops_alive: false
[7109.583s][debug][gc,phases      ] GC(210) Reference Processing 0.141ms
[7109.583s][debug][gc,phases      ] GC(210)   VM Weak                        Min:  0.0, Avg:  0.0, Max:  0.0, Diff:  0.0, Sum:  0.0, Workers: 4
[7109.584s][debug][gc,phases      ] GC(210)     Dead                           Min: 0, Avg:  0.0, Max: 0, Diff: 0, Sum: 0, Workers: 4
[7109.584s][debug][gc,phases      ] GC(210)     Total                          Min: 0, Avg: 209.0, Max: 521, Diff: 521, Sum: 836, Workers: 4
[7109.584s][debug][gc,phases      ] GC(210)   ObjectSynchronizer Weak        Min:  0.0, Avg:  0.0, Max:  0.0, Diff:  0.0, Sum:  0.0, Workers: 4
[7109.584s][debug][gc,phases      ] GC(210)     Dead                           Min: 0, Avg:  0.0, Max: 0, Diff: 0, Sum: 0, Workers: 4
[7109.584s][debug][gc,phases      ] GC(210)     Total                          Min: 0, Avg:  1.0, Max: 4, Diff: 4, Sum: 4, Workers: 4
[7109.584s][debug][gc,phases      ] GC(210)   JVMTI Tag Weak OopStorage      Min:  0.0, Avg:  0.0, Max:  0.0, Diff:  0.0, Sum:  0.0, Workers: 4
[7109.584s][debug][gc,phases      ] GC(210)     Dead                           Min: 0, Avg:  0.0, Max: 0, Diff: 0, Sum: 0, Workers: 4
[7109.584s][debug][gc,phases      ] GC(210)     Total                          Min: 0, Avg:  0.0, Max: 0, Diff: 0, Sum: 0, Workers: 4
[7109.584s][debug][gc,phases      ] GC(210)   StringTable Weak               Min:  0.0, Avg:  0.1, Max:  0.2, Diff:  0.2, Sum:  0.5, Workers: 4
[7109.584s][debug][gc,phases      ] GC(210)     Dead                           Min: 0, Avg:  0.0, Max: 0, Diff: 0, Sum: 0, Workers: 4
[7109.584s][debug][gc,phases      ] GC(210)     Total                          Min: 0, Avg: 12468.2, Max: 24191, Diff: 24191, Sum: 49873, Workers: 4
[7109.584s][debug][gc,phases      ] GC(210)   ResolvedMethodTable Weak       Min:  0.0, Avg:  0.0, Max:  0.0, Diff:  0.0, Sum:  0.1, Workers: 4
[7109.584s][debug][gc,phases      ] GC(210)     Dead                           Min: 0, Avg:  0.0, Max: 0, Diff: 0, Sum: 0, Workers: 4
[7109.584s][debug][gc,phases      ] GC(210)     Total                          Min: 0, Avg: 3584.0, Max: 4992, Diff: 4992, Sum: 14336, Workers: 4
[7109.584s][debug][gc,phases      ] GC(210)   JNI Weak                       Min:  0.0, Avg:  0.0, Max:  0.0, Diff:  0.0, Sum:  0.0, Workers: 4
[7109.584s][debug][gc,phases      ] GC(210)     Dead                           Min: 0, Avg:  0.0, Max: 0, Diff: 0, Sum: 0, Workers: 4
[7109.584s][debug][gc,phases      ] GC(210)     Total                          Min: 0, Avg: 12.0, Max: 48, Diff: 48, Sum: 48, Workers: 4
[7109.584s][debug][gc,phases      ] GC(210)   StringDedup Table Weak         Min:  0.0, Avg:  0.0, Max:  0.0, Diff:  0.0, Sum:  0.0, Workers: 4
[7109.584s][debug][gc,phases      ] GC(210)     Dead                           Min: 0, Avg:  0.0, Max: 0, Diff: 0, Sum: 0, Workers: 4
[7109.584s][debug][gc,phases      ] GC(210)     Total                          Min: 0, Avg:  0.0, Max: 0, Diff: 0, Sum: 0, Workers: 4
[7109.584s][debug][gc,phases      ] GC(210)   StringDedup Requests0 Weak     Min:  0.0, Avg:  0.0, Max:  0.0, Diff:  0.0, Sum:  0.0, Workers: 4
[7109.584s][debug][gc,phases      ] GC(210)     Dead                           Min: 0, Avg:  0.0, Max: 0, Diff: 0, Sum: 0, Workers: 4
[7109.584s][debug][gc,phases      ] GC(210)     Total                          Min: 0, Avg:  0.0, Max: 0, Diff: 0, Sum: 0, Workers: 4
[7109.584s][debug][gc,phases      ] GC(210)   StringDedup Requests1 Weak     Min:  0.0, Avg:  0.0, Max:  0.0, Diff:  0.0, Sum:  0.0, Workers: 4
[7109.584s][debug][gc,phases      ] GC(210)     Dead                           Min: 0, Avg:  0.0, Max: 0, Diff: 0, Sum: 0, Workers: 4
[7109.584s][debug][gc,phases      ] GC(210)     Total                          Min: 0, Avg:  0.0, Max: 0, Diff: 0, Sum: 0, Workers: 4
[7109.584s][debug][gc,phases      ] GC(210)   Weak JFR Old Object Samples    Min:  0.0, Avg:  0.0, Max:  0.0, Diff:  0.0, Sum:  0.0, Workers: 4
[7109.584s][debug][gc,phases      ] GC(210)     Dead                           Min: 0, Avg:  0.0, Max: 0, Diff: 0, Sum: 0, Workers: 4
[7109.584s][debug][gc,phases      ] GC(210)     Total                          Min: 0, Avg:  0.0, Max: 0, Diff: 0, Sum: 0, Workers: 4
[7109.584s][debug][gc,phases      ] GC(210) Weak Processing 0.577ms
[7109.584s][debug][gc,age         ] GC(210) Desired survivor size 210763776 bytes, new threshold 11 (max threshold 15)
[7109.584s][info ][gc,heap        ] GC(210) PSYoungGen: 1734132K(1879552K)->89685K(1867776K) Eden: 1650176K(1650176K)->0K(1650176K) From: 83956K(229376K)->89685K(217600K)
[7109.584s][info ][gc,heap        ] GC(210) ParOldGen: 482944K(622592K)->482944K(622592K)
[7109.584s][info ][gc,metaspace   ] GC(210) Metaspace: 100170K(101312K)->100170K(101312K) NonClass: 85785K(86400K)->85785K(86400K) Class: 14385K(14912K)->14385K(14912K)
[7109.584s][info ][gc             ] GC(210) Pause Young (Allocation Failure) 2165M->559M(2432M) 25.601ms
[7109.584s][info ][gc,cpu         ] GC(210) User=0.08s Sys=0.00s Real=0.03s
[7109.584s][info ][safepoint      ] Safepoint "ParallelGCFailedAllocation", Time since last: 2697398307 ns, Reaching safepoint: 85203 ns, Cleanup: 3900 ns, At safepoint: 25695223 ns, Total: 25784326 ns
[7113.584s][info ][safepoint      ] Safepoint "Cleanup", Time since last: 4000303896 ns, Reaching safepoint: 79704 ns, Cleanup: 9600 ns, At safepoint: 7300 ns, Total: 96604 ns
[7115.585s][info ][safepoint      ] Safepoint "Cleanup", Time since last: 2000190272 ns, Reaching safepoint: 67503 ns, Cleanup: 17001 ns, At safepoint: 6300 ns, Total: 90804 ns
[7120.585s][info ][safepoint      ] Safepoint "Cleanup", Time since last: 5000600123 ns, Reaching safepoint: 87003 ns, Cleanup: 9501 ns, At safepoint: 8100 ns, Total: 104604 ns
[7121.585s][info ][safepoint      ] Safepoint "Cleanup", Time since last: 1000135770 ns, Reaching safepoint: 88203 ns, Cleanup: 9700 ns, At safepoint: 6601 ns, Total: 104504 ns
[7125.586s][info ][safepoint      ] Safepoint "Cleanup", Time since last: 4000343390 ns, Reaching safepoint: 84403 ns, Cleanup: 10500 ns, At safepoint: 6401 ns, Total: 101304 ns
[7125.667s][info ][gc,start       ] GC(211) Pause Young (Allocation Failure)
[7125.698s][debug][gc,phases      ] GC(211) Scavenge 30.560ms
[7125.698s][debug][gc,ref         ] GC(211) ReferenceProcessor::execute queues: 1, RefProcThreadModel::Single, marks_oops_alive: false
[7125.698s][debug][gc,ref         ] GC(211) Skipped KeepAliveFinalRefsPhase of Reference Processing: no references
[7125.698s][debug][gc,ref         ] GC(211) ReferenceProcessor::execute queues: 1, RefProcThreadModel::Single, marks_oops_alive: false
[7125.698s][debug][gc,phases      ] GC(211) Reference Processing 0.129ms
[7125.698s][debug][gc,phases      ] GC(211)   VM Weak                        Min:  0.0, Avg:  0.0, Max:  0.0, Diff:  0.0, Sum:  0.0, Workers: 4
[7125.698s][debug][gc,phases      ] GC(211)     Dead                           Min: 0, Avg:  0.0, Max: 0, Diff: 0, Sum: 0, Workers: 4
[7125.698s][debug][gc,phases      ] GC(211)     Total                          Min: 0, Avg: 209.0, Max: 836, Diff: 836, Sum: 836, Workers: 4
[7125.698s][debug][gc,phases      ] GC(211)   ObjectSynchronizer Weak        Min:  0.0, Avg:  0.0, Max:  0.0, Diff:  0.0, Sum:  0.0, Workers: 4
[7125.698s][debug][gc,phases      ] GC(211)     Dead                           Min: 0, Avg:  0.0, Max: 0, Diff: 0, Sum: 0, Workers: 4
[7125.698s][debug][gc,phases      ] GC(211)     Total                          Min: 0, Avg:  1.0, Max: 4, Diff: 4, Sum: 4, Workers: 4
[7125.698s][debug][gc,phases      ] GC(211)   JVMTI Tag Weak OopStorage      Min:  0.0, Avg:  0.0, Max:  0.0, Diff:  0.0, Sum:  0.0, Workers: 4
[7125.698s][debug][gc,phases      ] GC(211)     Dead                           Min: 0, Avg:  0.0, Max: 0, Diff: 0, Sum: 0, Workers: 4
[7125.698s][debug][gc,phases      ] GC(211)     Total                          Min: 0, Avg:  0.0, Max: 0, Diff: 0, Sum: 0, Workers: 4
[7125.698s][debug][gc,phases      ] GC(211)   StringTable Weak               Min:  0.0, Avg:  0.1, Max:  0.1, Diff:  0.1, Sum:  0.4, Workers: 4
[7125.698s][debug][gc,phases      ] GC(211)     Dead                           Min: 0, Avg:  0.0, Max: 0, Diff: 0, Sum: 0, Workers: 4
[7125.698s][debug][gc,phases      ] GC(211)     Total                          Min: 0, Avg: 12470.8, Max: 17216, Diff: 17216, Sum: 49883, Workers: 4
[7125.698s][debug][gc,phases      ] GC(211)   ResolvedMethodTable Weak       Min:  0.0, Avg:  0.0, Max:  0.0, Diff:  0.0, Sum:  0.1, Workers: 4
[7125.698s][debug][gc,phases      ] GC(211)     Dead                           Min: 0, Avg:  0.0, Max: 0, Diff: 0, Sum: 0, Workers: 4
[7125.698s][debug][gc,phases      ] GC(211)     Total                          Min: 0, Avg: 3584.0, Max: 4864, Diff: 4864, Sum: 14336, Workers: 4
[7125.698s][debug][gc,phases      ] GC(211)   JNI Weak                       Min:  0.0, Avg:  0.0, Max:  0.0, Diff:  0.0, Sum:  0.0, Workers: 4
[7125.698s][debug][gc,phases      ] GC(211)     Dead                           Min: 0, Avg:  0.0, Max: 0, Diff: 0, Sum: 0, Workers: 4
[7125.698s][debug][gc,phases      ] GC(211)     Total                          Min: 0, Avg: 12.0, Max: 48, Diff: 48, Sum: 48, Workers: 4
[7125.698s][debug][gc,phases      ] GC(211)   StringDedup Table Weak         Min:  0.0, Avg:  0.0, Max:  0.0, Diff:  0.0, Sum:  0.0, Workers: 4
[7125.698s][debug][gc,phases      ] GC(211)     Dead                           Min: 0, Avg:  0.0, Max: 0, Diff: 0, Sum: 0, Workers: 4
[7125.698s][debug][gc,phases      ] GC(211)     Total                          Min: 0, Avg:  0.0, Max: 0, Diff: 0, Sum: 0, Workers: 4
[7125.698s][debug][gc,phases      ] GC(211)   StringDedup Requests0 Weak     Min:  0.0, Avg:  0.0, Max:  0.0, Diff:  0.0, Sum:  0.0, Workers: 4
[7125.698s][debug][gc,phases      ] GC(211)     Dead                           Min: 0, Avg:  0.0, Max: 0, Diff: 0, Sum: 0, Workers: 4
[7125.698s][debug][gc,phases      ] GC(211)     Total                          Min: 0, Avg:  0.0, Max: 0, Diff: 0, Sum: 0, Workers: 4
[7125.698s][debug][gc,phases      ] GC(211)   StringDedup Requests1 Weak     Min:  0.0, Avg:  0.0, Max:  0.0, Diff:  0.0, Sum:  0.0, Workers: 4
[7125.698s][debug][gc,phases      ] GC(211)     Dead                           Min: 0, Avg:  0.0, Max: 0, Diff: 0, Sum: 0, Workers: 4
[7125.698s][debug][gc,phases      ] GC(211)     Total                          Min: 0, Avg:  0.0, Max: 0, Diff: 0, Sum: 0, Workers: 4
[7125.698s][debug][gc,phases      ] GC(211)   Weak JFR Old Object Samples    Min:  0.0, Avg:  0.0, Max:  0.0, Diff:  0.0, Sum:  0.0, Workers: 4
[7125.698s][debug][gc,phases      ] GC(211)     Dead                           Min: 0, Avg:  0.0, Max: 0, Diff: 0, Sum: 0, Workers: 4
[7125.698s][debug][gc,phases      ] GC(211)     Total                          Min: 0, Avg:  0.0, Max: 0, Diff: 0, Sum: 0, Workers: 4
[7125.698s][debug][gc,phases      ] GC(211) Weak Processing 0.449ms
[7125.698s][debug][gc,age         ] GC(211) Desired survivor size 199753728 bytes, new threshold 12 (max threshold 15)
[7125.698s][info ][gc,heap        ] GC(211) PSYoungGen: 1739861K(1867776K)->91317K(1902080K) Eden: 1650176K(1650176K)->0K(1696256K) From: 89685K(217600K)->91317K(205824K)
[7125.698s][info ][gc,heap        ] GC(211) ParOldGen: 482944K(622592K)->482952K(622592K)
[7125.698s][info ][gc,metaspace   ] GC(211) Metaspace: 100217K(101376K)->100217K(101376K) NonClass: 85832K(86464K)->85832K(86464K) Class: 14385K(14912K)->14385K(14912K)
[7125.698s][info ][gc             ] GC(211) Pause Young (Allocation Failure) 2170M->560M(2465M) 31.283ms
[7125.698s][info ][gc,cpu         ] GC(211) User=0.10s Sys=0.00s Real=0.03s
[7125.698s][info ][safepoint      ] Safepoint "ParallelGCFailedAllocation", Time since last: 80958366 ns, Reaching safepoint: 7700 ns, Cleanup: 16301 ns, At safepoint: 31375888 ns, Total: 31399889 ns
[7130.699s][info ][safepoint      ] Safepoint "Cleanup", Time since last: 5000349600 ns, Reaching safepoint: 86303 ns, Cleanup: 17701 ns, At safepoint: 8300 ns, Total: 112304 ns
[7133.699s][info ][safepoint      ] Safepoint "Cleanup", Time since last: 3000263141 ns, Reaching safepoint: 82903 ns, Cleanup: 40001 ns, At safepoint: 6101 ns, Total: 129005 ns
[7134.699s][info ][safepoint      ] Safepoint "Cleanup", Time since last: 1000130830 ns, Reaching safepoint: 94803 ns, Cleanup: 29301 ns, At safepoint: 7101 ns, Total: 131205 ns
[7142.077s][info ][safepoint      ] Safepoint "Cleanup", Time since last: 7377128453 ns, Reaching safepoint: 3500 ns, Cleanup: 12501 ns, At safepoint: 4400 ns, Total: 20401 ns
[7143.077s][info ][safepoint      ] Safepoint "Cleanup", Time since last: 1000134490 ns, Reaching safepoint: 11401 ns, Cleanup: 11000 ns, At safepoint: 2700 ns, Total: 25101 ns
[7143.300s][info ][gc,start       ] GC(212) Pause Young (Allocation Failure)
[7143.329s][debug][gc,phases      ] GC(212) Scavenge 28.612ms
[7143.329s][debug][gc,ref         ] GC(212) ReferenceProcessor::execute queues: 1, RefProcThreadModel::Single, marks_oops_alive: false
[7143.329s][debug][gc,ref         ] GC(212) Skipped KeepAliveFinalRefsPhase of Reference Processing: no references
[7143.329s][debug][gc,ref         ] GC(212) ReferenceProcessor::execute queues: 1, RefProcThreadModel::Single, marks_oops_alive: false
[7143.329s][debug][gc,phases      ] GC(212) Reference Processing 0.127ms
[7143.329s][debug][gc,phases      ] GC(212)   VM Weak                        Min:  0.0, Avg:  0.0, Max:  0.0, Diff:  0.0, Sum:  0.0, Workers: 4
[7143.329s][debug][gc,phases      ] GC(212)     Dead                           Min: 0, Avg:  0.0, Max: 0, Diff: 0, Sum: 0, Workers: 4
[7143.329s][debug][gc,phases      ] GC(212)     Total                          Min: 0, Avg: 209.0, Max: 466, Diff: 466, Sum: 836, Workers: 4
[7143.329s][debug][gc,phases      ] GC(212)   ObjectSynchronizer Weak        Min:  0.0, Avg:  0.0, Max:  0.0, Diff:  0.0, Sum:  0.0, Workers: 4
[7143.329s][debug][gc,phases      ] GC(212)     Dead                           Min: 0, Avg:  0.0, Max: 0, Diff: 0, Sum: 0, Workers: 4
[7143.329s][debug][gc,phases      ] GC(212)     Total                          Min: 0, Avg:  1.0, Max: 4, Diff: 4, Sum: 4, Workers: 4
[7143.329s][debug][gc,phases      ] GC(212)   JVMTI Tag Weak OopStorage      Min:  0.0, Avg:  0.0, Max:  0.0, Diff:  0.0, Sum:  0.0, Workers: 4
[7143.329s][debug][gc,phases      ] GC(212)     Dead                           Min: 0, Avg:  0.0, Max: 0, Diff: 0, Sum: 0, Workers: 4
[7143.329s][debug][gc,phases      ] GC(212)     Total                          Min: 0, Avg:  0.0, Max: 0, Diff: 0, Sum: 0, Workers: 4
[7143.329s][debug][gc,phases      ] GC(212)   StringTable Weak               Min:  0.0, Avg:  0.1, Max:  0.2, Diff:  0.2, Sum:  0.6, Workers: 4
[7143.329s][debug][gc,phases      ] GC(212)     Dead                           Min: 0, Avg:  0.0, Max: 0, Diff: 0, Sum: 0, Workers: 4
[7143.329s][debug][gc,phases      ] GC(212)     Total                          Min: 0, Avg: 12470.8, Max: 20800, Diff: 20800, Sum: 49883, Workers: 4
[7143.329s][debug][gc,phases      ] GC(212)   ResolvedMethodTable Weak       Min:  0.0, Avg:  0.0, Max:  0.0, Diff:  0.0, Sum:  0.1, Workers: 4
[7143.329s][debug][gc,phases      ] GC(212)     Dead                           Min: 0, Avg:  0.0, Max: 0, Diff: 0, Sum: 0, Workers: 4
[7143.329s][debug][gc,phases      ] GC(212)     Total                          Min: 0, Avg: 3584.0, Max: 4864, Diff: 4864, Sum: 14336, Workers: 4
[7143.329s][debug][gc,phases      ] GC(212)   JNI Weak                       Min:  0.0, Avg:  0.0, Max:  0.0, Diff:  0.0, Sum:  0.0, Workers: 4
[7143.329s][debug][gc,phases      ] GC(212)     Dead                           Min: 0, Avg:  0.0, Max: 0, Diff: 0, Sum: 0, Workers: 4
[7143.329s][debug][gc,phases      ] GC(212)     Total                          Min: 0, Avg: 12.0, Max: 48, Diff: 48, Sum: 48, Workers: 4
[7143.329s][debug][gc,phases      ] GC(212)   StringDedup Table Weak         Min:  0.0, Avg:  0.0, Max:  0.0, Diff:  0.0, Sum:  0.0, Workers: 4
[7143.329s][debug][gc,phases      ] GC(212)     Dead                           Min: 0, Avg:  0.0, Max: 0, Diff: 0, Sum: 0, Workers: 4
[7143.329s][debug][gc,phases      ] GC(212)     Total                          Min: 0, Avg:  0.0, Max: 0, Diff: 0, Sum: 0, Workers: 4
[7143.329s][debug][gc,phases      ] GC(212)   StringDedup Requests0 Weak     Min:  0.0, Avg:  0.0, Max:  0.0, Diff:  0.0, Sum:  0.0, Workers: 4
[7143.329s][debug][gc,phases      ] GC(212)     Dead                           Min: 0, Avg:  0.0, Max: 0, Diff: 0, Sum: 0, Workers: 4
[7143.329s][debug][gc,phases      ] GC(212)     Total                          Min: 0, Avg:  0.0, Max: 0, Diff: 0, Sum: 0, Workers: 4
[7143.329s][debug][gc,phases      ] GC(212)   StringDedup Requests1 Weak     Min:  0.0, Avg:  0.0, Max:  0.0, Diff:  0.0, Sum:  0.0, Workers: 4
[7143.329s][debug][gc,phases      ] GC(212)     Dead                           Min: 0, Avg:  0.0, Max: 0, Diff: 0, Sum: 0, Workers: 4
[7143.329s][debug][gc,phases      ] GC(212)     Total                          Min: 0, Avg:  0.0, Max: 0, Diff: 0, Sum: 0, Workers: 4
[7143.329s][debug][gc,phases      ] GC(212)   Weak JFR Old Object Samples    Min:  0.0, Avg:  0.0, Max:  0.0, Diff:  0.0, Sum:  0.0, Workers: 4
[7143.329s][debug][gc,phases      ] GC(212)     Dead                           Min: 0, Avg:  0.0, Max: 0, Diff: 0, Sum: 0, Workers: 4
[7143.329s][debug][gc,phases      ] GC(212)     Total                          Min: 0, Avg:  0.0, Max: 0, Diff: 0, Sum: 0, Workers: 4
[7143.329s][debug][gc,phases      ] GC(212) Weak Processing 0.496ms
[7143.329s][debug][gc,age         ] GC(212) Desired survivor size 189267968 bytes, new threshold 13 (max threshold 15)
[7143.329s][info ][gc,heap        ] GC(212) PSYoungGen: 1787573K(1902080K)->93349K(1891328K) Eden: 1696256K(1696256K)->0K(1696256K) From: 91317K(205824K)->93349K(195072K)
[7143.329s][info ][gc,heap        ] GC(212) ParOldGen: 482952K(622592K)->482952K(622592K)
[7143.329s][info ][gc,metaspace   ] GC(212) Metaspace: 100228K(101376K)->100228K(101376K) NonClass: 85843K(86464K)->85843K(86464K) Class: 14385K(14912K)->14385K(14912K)
[7143.329s][info ][gc             ] GC(212) Pause Young (Allocation Failure) 2217M->562M(2455M) 29.413ms
[7143.329s][info ][gc,cpu         ] GC(212) User=0.09s Sys=0.00s Real=0.03s
[7143.329s][info ][safepoint      ] Safepoint "ParallelGCFailedAllocation", Time since last: 223178899 ns, Reaching safepoint: 7100 ns, Cleanup: 3501 ns, At safepoint: 29505997 ns, Total: 29516598 ns
[7145.330s][info ][safepoint      ] Safepoint "Cleanup", Time since last: 2000168277 ns, Reaching safepoint: 10800 ns, Cleanup: 17901 ns, At safepoint: 3300 ns, Total: 32001 ns
[7151.330s][info ][safepoint      ] Safepoint "Cleanup", Time since last: 6000359179 ns, Reaching safepoint: 8800 ns, Cleanup: 25101 ns, At safepoint: 2300 ns, Total: 36201 ns
[7154.330s][info ][safepoint      ] Safepoint "Cleanup", Time since last: 3000231804 ns, Reaching safepoint: 7900 ns, Cleanup: 22501 ns, At safepoint: 2800 ns, Total: 33201 ns
[7155.330s][info ][safepoint      ] Safepoint "Cleanup", Time since last: 1000118255 ns, Reaching safepoint: 7601 ns, Cleanup: 12300 ns, At safepoint: 2600 ns, Total: 22501 ns
[7156.331s][info ][safepoint      ] Safepoint "Cleanup", Time since last: 1000117695 ns, Reaching safepoint: 8600 ns, Cleanup: 12900 ns, At safepoint: 2900 ns, Total: 24400 ns
[7157.331s][info ][safepoint      ] Safepoint "Cleanup", Time since last: 1000113021 ns, Reaching safepoint: 11901 ns, Cleanup: 29301 ns, At safepoint: 3200 ns, Total: 44402 ns
[7158.331s][info ][safepoint      ] Safepoint "Cleanup", Time since last: 1000122821 ns, Reaching safepoint: 9001 ns, Cleanup: 11900 ns, At safepoint: 2800 ns, Total: 23701 ns
[7160.331s][info ][safepoint      ] Safepoint "Cleanup", Time since last: 2000215142 ns, Reaching safepoint: 8100 ns, Cleanup: 12201 ns, At safepoint: 5400 ns, Total: 25701 ns
[7162.331s][info ][safepoint      ] Safepoint "Cleanup", Time since last: 2000187341 ns, Reaching safepoint: 8200 ns, Cleanup: 27001 ns, At safepoint: 3000 ns, Total: 38201 ns
[7162.339s][info ][gc,start       ] GC(213) Pause Young (Allocation Failure)
[7162.369s][debug][gc,phases      ] GC(213) Scavenge 30.397ms
[7162.369s][debug][gc,ref         ] GC(213) ReferenceProcessor::execute queues: 1, RefProcThreadModel::Single, marks_oops_alive: false
[7162.369s][debug][gc,ref         ] GC(213) Skipped KeepAliveFinalRefsPhase of Reference Processing: no references
[7162.369s][debug][gc,ref         ] GC(213) ReferenceProcessor::execute queues: 1, RefProcThreadModel::Single, marks_oops_alive: false
[7162.369s][debug][gc,phases      ] GC(213) Reference Processing 0.163ms
[7162.370s][debug][gc,phases      ] GC(213)   VM Weak                        Min:  0.0, Avg:  0.0, Max:  0.0, Diff:  0.0, Sum:  0.0, Workers: 4
[7162.370s][debug][gc,phases      ] GC(213)     Dead                           Min: 0, Avg:  0.0, Max: 0, Diff: 0, Sum: 0, Workers: 4
[7162.370s][debug][gc,phases      ] GC(213)     Total                          Min: 0, Avg: 216.0, Max: 315, Diff: 315, Sum: 864, Workers: 4
[7162.370s][debug][gc,phases      ] GC(213)   ObjectSynchronizer Weak        Min:  0.0, Avg:  0.0, Max:  0.0, Diff:  0.0, Sum:  0.0, Workers: 4
[7162.370s][debug][gc,phases      ] GC(213)     Dead                           Min: 0, Avg:  0.0, Max: 0, Diff: 0, Sum: 0, Workers: 4
[7162.370s][debug][gc,phases      ] GC(213)     Total                          Min: 0, Avg:  1.0, Max: 4, Diff: 4, Sum: 4, Workers: 4
[7162.370s][debug][gc,phases      ] GC(213)   JVMTI Tag Weak OopStorage      Min:  0.0, Avg:  0.0, Max:  0.0, Diff:  0.0, Sum:  0.0, Workers: 4
[7162.370s][debug][gc,phases      ] GC(213)     Dead                           Min: 0, Avg:  0.0, Max: 0, Diff: 0, Sum: 0, Workers: 4
[7162.370s][debug][gc,phases      ] GC(213)     Total                          Min: 0, Avg:  0.0, Max: 0, Diff: 0, Sum: 0, Workers: 4
[7162.370s][debug][gc,phases      ] GC(213)   StringTable Weak               Min:  0.0, Avg:  0.1, Max:  0.1, Diff:  0.1, Sum:  0.4, Workers: 4
[7162.370s][debug][gc,phases      ] GC(213)     Dead                           Min: 0, Avg:  0.8, Max: 3, Diff: 3, Sum: 3, Workers: 4
[7162.370s][debug][gc,phases      ] GC(213)     Total                          Min: 0, Avg: 12480.0, Max: 17088, Diff: 17088, Sum: 49920, Workers: 4
[7162.370s][debug][gc,phases      ] GC(213)   ResolvedMethodTable Weak       Min:  0.0, Avg:  0.0, Max:  0.0, Diff:  0.0, Sum:  0.1, Workers: 4
[7162.370s][debug][gc,phases      ] GC(213)     Dead                           Min: 0, Avg:  2.0, Max: 8, Diff: 8, Sum: 8, Workers: 4
[7162.370s][debug][gc,phases      ] GC(213)     Total                          Min: 0, Avg: 3602.2, Max: 5131, Diff: 5131, Sum: 14409, Workers: 4
[7162.370s][debug][gc,phases      ] GC(213)   JNI Weak                       Min:  0.0, Avg:  0.0, Max:  0.0, Diff:  0.0, Sum:  0.0, Workers: 4
[7162.370s][debug][gc,phases      ] GC(213)     Dead                           Min: 0, Avg:  0.0, Max: 0, Diff: 0, Sum: 0, Workers: 4
[7162.370s][debug][gc,phases      ] GC(213)     Total                          Min: 0, Avg: 12.0, Max: 48, Diff: 48, Sum: 48, Workers: 4
[7162.370s][debug][gc,phases      ] GC(213)   StringDedup Table Weak         Min:  0.0, Avg:  0.0, Max:  0.0, Diff:  0.0, Sum:  0.0, Workers: 4
[7162.370s][debug][gc,phases      ] GC(213)     Dead                           Min: 0, Avg:  0.0, Max: 0, Diff: 0, Sum: 0, Workers: 4
[7162.370s][debug][gc,phases      ] GC(213)     Total                          Min: 0, Avg:  0.0, Max: 0, Diff: 0, Sum: 0, Workers: 4
[7162.370s][debug][gc,phases      ] GC(213)   StringDedup Requests0 Weak     Min:  0.0, Avg:  0.0, Max:  0.0, Diff:  0.0, Sum:  0.0, Workers: 4
[7162.370s][debug][gc,phases      ] GC(213)     Dead                           Min: 0, Avg:  0.0, Max: 0, Diff: 0, Sum: 0, Workers: 4
[7162.370s][debug][gc,phases      ] GC(213)     Total                          Min: 0, Avg:  0.0, Max: 0, Diff: 0, Sum: 0, Workers: 4
[7162.370s][debug][gc,phases      ] GC(213)   StringDedup Requests1 Weak     Min:  0.0, Avg:  0.0, Max:  0.0, Diff:  0.0, Sum:  0.0, Workers: 4
[7162.370s][debug][gc,phases      ] GC(213)     Dead                           Min: 0, Avg:  0.0, Max: 0, Diff: 0, Sum: 0, Workers: 4
[7162.370s][debug][gc,phases      ] GC(213)     Total                          Min: 0, Avg:  0.0, Max: 0, Diff: 0, Sum: 0, Workers: 4
[7162.370s][debug][gc,phases      ] GC(213)   Weak JFR Old Object Samples    Min:  0.0, Avg:  0.0, Max:  0.0, Diff:  0.0, Sum:  0.0, Workers: 4
[7162.370s][debug][gc,phases      ] GC(213)     Dead                           Min: 0, Avg:  0.0, Max: 0, Diff: 0, Sum: 0, Workers: 4
[7162.370s][debug][gc,phases      ] GC(213)     Total                          Min: 0, Avg:  0.0, Max: 0, Diff: 0, Sum: 0, Workers: 4
[7162.370s][debug][gc,phases      ] GC(213) Weak Processing 0.465ms
[7162.370s][debug][gc,age         ] GC(213) Desired survivor size 180355072 bytes, new threshold 14 (max threshold 15)
[7162.370s][info ][gc,heap        ] GC(213) PSYoungGen: 1789605K(1891328K)->94197K(1921024K) Eden: 1696256K(1696256K)->0K(1736192K) From: 93349K(195072K)->94197K(184832K)
[7162.370s][info ][gc,heap        ] GC(213) ParOldGen: 482952K(622592K)->482960K(622592K)
[7162.370s][info ][gc,metaspace   ] GC(213) Metaspace: 100351K(101504K)->100351K(101504K) NonClass: 85928K(86592K)->85928K(86592K) Class: 14423K(14912K)->14423K(14912K)
[7162.370s][info ][gc             ] GC(213) Pause Young (Allocation Failure) 2219M->563M(2484M) 31.178ms
[7162.370s][info ][gc,cpu         ] GC(213) User=0.08s Sys=0.00s Real=0.04s
[7162.370s][info ][safepoint      ] Safepoint "ParallelGCFailedAllocation", Time since last: 7291571 ns, Reaching safepoint: 78802 ns, Cleanup: 2901 ns, At safepoint: 31275360 ns, Total: 31357063 ns
[7163.370s][info ][safepoint      ] Safepoint "Cleanup", Time since last: 1000096121 ns, Reaching safepoint: 7200 ns, Cleanup: 14001 ns, At safepoint: 2400 ns, Total: 23601 ns
[7165.370s][info ][safepoint      ] Safepoint "Cleanup", Time since last: 2000208349 ns, Reaching safepoint: 11001 ns, Cleanup: 20900 ns, At safepoint: 3001 ns, Total: 34902 ns
[7166.371s][info ][safepoint      ] Safepoint "Cleanup", Time since last: 1000203475 ns, Reaching safepoint: 10700 ns, Cleanup: 31502 ns, At safepoint: 5500 ns, Total: 47702 ns
[7170.371s][info ][safepoint      ] Safepoint "Cleanup", Time since last: 4000294583 ns, Reaching safepoint: 7300 ns, Cleanup: 10301 ns, At safepoint: 2600 ns, Total: 20201 ns
[7171.371s][info ][safepoint      ] Safepoint "Cleanup", Time since last: 1000120072 ns, Reaching safepoint: 8901 ns, Cleanup: 12700 ns, At safepoint: 3500 ns, Total: 25101 ns
[7173.371s][info ][safepoint      ] Safepoint "Cleanup", Time since last: 2000203324 ns, Reaching safepoint: 8901 ns, Cleanup: 25600 ns, At safepoint: 6701 ns, Total: 41202 ns
[7174.184s][info ][gc,start       ] GC(214) Pause Young (Allocation Failure)
[7174.219s][debug][gc,phases      ] GC(214) Scavenge 34.899ms
[7174.219s][debug][gc,ref         ] GC(214) ReferenceProcessor::execute queues: 1, RefProcThreadModel::Single, marks_oops_alive: false
[7174.219s][debug][gc,ref         ] GC(214) Skipped KeepAliveFinalRefsPhase of Reference Processing: no references
[7174.219s][debug][gc,ref         ] GC(214) ReferenceProcessor::execute queues: 1, RefProcThreadModel::Single, marks_oops_alive: false
[7174.219s][debug][gc,phases      ] GC(214) Reference Processing 0.153ms
[7174.220s][debug][gc,phases      ] GC(214)   VM Weak                        Min:  0.0, Avg:  0.0, Max:  0.0, Diff:  0.0, Sum:  0.0, Workers: 4
[7174.220s][debug][gc,phases      ] GC(214)     Dead                           Min: 0, Avg:  0.0, Max: 0, Diff: 0, Sum: 0, Workers: 4
[7174.220s][debug][gc,phases      ] GC(214)     Total                          Min: 0, Avg: 216.0, Max: 443, Diff: 443, Sum: 864, Workers: 4
[7174.220s][debug][gc,phases      ] GC(214)   ObjectSynchronizer Weak        Min:  0.0, Avg:  0.0, Max:  0.0, Diff:  0.0, Sum:  0.0, Workers: 4
[7174.220s][debug][gc,phases      ] GC(214)     Dead                           Min: 0, Avg:  0.0, Max: 0, Diff: 0, Sum: 0, Workers: 4
[7174.220s][debug][gc,phases      ] GC(214)     Total                          Min: 0, Avg:  1.2, Max: 5, Diff: 5, Sum: 5, Workers: 4
[7174.220s][debug][gc,phases      ] GC(214)   JVMTI Tag Weak OopStorage      Min:  0.0, Avg:  0.0, Max:  0.0, Diff:  0.0, Sum:  0.0, Workers: 4
[7174.220s][debug][gc,phases      ] GC(214)     Dead                           Min: 0, Avg:  0.0, Max: 0, Diff: 0, Sum: 0, Workers: 4
[7174.220s][debug][gc,phases      ] GC(214)     Total                          Min: 0, Avg:  0.0, Max: 0, Diff: 0, Sum: 0, Workers: 4
[7174.220s][debug][gc,phases      ] GC(214)   StringTable Weak               Min:  0.0, Avg:  0.1, Max:  0.2, Diff:  0.2, Sum:  0.4, Workers: 4
[7174.220s][debug][gc,phases      ] GC(214)     Dead                           Min: 0, Avg:  0.0, Max: 0, Diff: 0, Sum: 0, Workers: 4
[7174.220s][debug][gc,phases      ] GC(214)     Total                          Min: 0, Avg: 12480.2, Max: 17728, Diff: 17728, Sum: 49921, Workers: 4
[7174.220s][debug][gc,phases      ] GC(214)   ResolvedMethodTable Weak       Min:  0.0, Avg:  0.0, Max:  0.0, Diff:  0.0, Sum:  0.1, Workers: 4
[7174.220s][debug][gc,phases      ] GC(214)     Dead                           Min: 0, Avg:  0.0, Max: 0, Diff: 0, Sum: 0, Workers: 4
[7174.220s][debug][gc,phases      ] GC(214)     Total                          Min: 0, Avg: 3602.5, Max: 5183, Diff: 5183, Sum: 14410, Workers: 4
[7174.220s][debug][gc,phases      ] GC(214)   JNI Weak                       Min:  0.0, Avg:  0.0, Max:  0.0, Diff:  0.0, Sum:  0.0, Workers: 4
[7174.220s][debug][gc,phases      ] GC(214)     Dead                           Min: 0, Avg:  0.0, Max: 0, Diff: 0, Sum: 0, Workers: 4
[7174.220s][debug][gc,phases      ] GC(214)     Total                          Min: 0, Avg: 12.0, Max: 48, Diff: 48, Sum: 48, Workers: 4
[7174.220s][debug][gc,phases      ] GC(214)   StringDedup Table Weak         Min:  0.0, Avg:  0.0, Max:  0.0, Diff:  0.0, Sum:  0.0, Workers: 4
[7174.220s][debug][gc,phases      ] GC(214)     Dead                           Min: 0, Avg:  0.0, Max: 0, Diff: 0, Sum: 0, Workers: 4
[7174.220s][debug][gc,phases      ] GC(214)     Total                          Min: 0, Avg:  0.0, Max: 0, Diff: 0, Sum: 0, Workers: 4
[7174.220s][debug][gc,phases      ] GC(214)   StringDedup Requests0 Weak     Min:  0.0, Avg:  0.0, Max:  0.0, Diff:  0.0, Sum:  0.0, Workers: 4
[7174.220s][debug][gc,phases      ] GC(214)     Dead                           Min: 0, Avg:  0.0, Max: 0, Diff: 0, Sum: 0, Workers: 4
[7174.220s][debug][gc,phases      ] GC(214)     Total                          Min: 0, Avg:  0.0, Max: 0, Diff: 0, Sum: 0, Workers: 4
[7174.220s][debug][gc,phases      ] GC(214)   StringDedup Requests1 Weak     Min:  0.0, Avg:  0.0, Max:  0.0, Diff:  0.0, Sum:  0.0, Workers: 4
[7174.220s][debug][gc,phases      ] GC(214)     Dead                           Min: 0, Avg:  0.0, Max: 0, Diff: 0, Sum: 0, Workers: 4
[7174.220s][debug][gc,phases      ] GC(214)     Total                          Min: 0, Avg:  0.0, Max: 0, Diff: 0, Sum: 0, Workers: 4
[7174.220s][debug][gc,phases      ] GC(214)   Weak JFR Old Object Samples    Min:  0.0, Avg:  0.0, Max:  0.0, Diff:  0.0, Sum:  0.0, Workers: 4
[7174.220s][debug][gc,phases      ] GC(214)     Dead                           Min: 0, Avg:  0.0, Max: 0, Diff: 0, Sum: 0, Workers: 4
[7174.220s][debug][gc,phases      ] GC(214)     Total                          Min: 0, Avg:  0.0, Max: 0, Diff: 0, Sum: 0, Workers: 4
[7174.220s][debug][gc,phases      ] GC(214) Weak Processing 0.551ms
[7174.220s][debug][gc,age         ] GC(214) Desired survivor size 182976512 bytes, new threshold 15 (max threshold 15)
[7174.220s][info ][gc,heap        ] GC(214) PSYoungGen: 1830389K(1921024K)->121849K(1912320K) Eden: 1736192K(1736192K)->0K(1736192K) From: 94197K(184832K)->121849K(176128K)
[7174.220s][info ][gc,heap        ] GC(214) ParOldGen: 482960K(622592K)->482960K(622592K)
[7174.220s][info ][gc,metaspace   ] GC(214) Metaspace: 100365K(101504K)->100365K(101504K) NonClass: 85941K(86592K)->85941K(86592K) Class: 14424K(14912K)->14424K(14912K)
[7174.220s][info ][gc             ] GC(214) Pause Young (Allocation Failure) 2259M->590M(2475M) 35.775ms
[7174.220s][info ][gc,cpu         ] GC(214) User=0.13s Sys=0.00s Real=0.04s
[7174.220s][info ][safepoint      ] Safepoint "ParallelGCFailedAllocation", Time since last: 812723309 ns, Reaching safepoint: 81302 ns, Cleanup: 53302 ns, At safepoint: 35881831 ns, Total: 36016435 ns
[7177.220s][info ][safepoint      ] Safepoint "Cleanup", Time since last: 3000194736 ns, Reaching safepoint: 8400 ns, Cleanup: 34501 ns, At safepoint: 3001 ns, Total: 45902 ns
[7178.220s][info ][safepoint      ] Safepoint "Cleanup", Time since last: 1000130556 ns, Reaching safepoint: 8300 ns, Cleanup: 16301 ns, At safepoint: 6000 ns, Total: 30601 ns
[7179.221s][info ][safepoint      ] Safepoint "Cleanup", Time since last: 1000129927 ns, Reaching safepoint: 7700 ns, Cleanup: 18001 ns, At safepoint: 3100 ns, Total: 28801 ns
[7186.221s][info ][safepoint      ] Safepoint "Cleanup", Time since last: 7000539947 ns, Reaching safepoint: 10401 ns, Cleanup: 23600 ns, At safepoint: 7001 ns, Total: 41002 ns
[7187.221s][info ][safepoint      ] Safepoint "Cleanup", Time since last: 1000101848 ns, Reaching safepoint: 9401 ns, Cleanup: 16100 ns, At safepoint: 3000 ns, Total: 28501 ns
[7187.253s][info ][gc,start       ] GC(215) Pause Young (Allocation Failure)
[7187.296s][debug][gc,phases      ] GC(215) Scavenge 42.150ms
[7187.296s][debug][gc,ref         ] GC(215) ReferenceProcessor::execute queues: 1, RefProcThreadModel::Single, marks_oops_alive: false
[7187.296s][debug][gc,ref         ] GC(215) Skipped KeepAliveFinalRefsPhase of Reference Processing: no references
[7187.296s][debug][gc,ref         ] GC(215) ReferenceProcessor::execute queues: 1, RefProcThreadModel::Single, marks_oops_alive: false
[7187.296s][debug][gc,phases      ] GC(215) Reference Processing 0.130ms
[7187.296s][debug][gc,phases      ] GC(215)   VM Weak                        Min:  0.0, Avg:  0.0, Max:  0.0, Diff:  0.0, Sum:  0.0, Workers: 4
[7187.296s][debug][gc,phases      ] GC(215)     Dead                           Min: 0, Avg:  0.0, Max: 0, Diff: 0, Sum: 0, Workers: 4
[7187.296s][debug][gc,phases      ] GC(215)     Total                          Min: 0, Avg: 216.0, Max: 738, Diff: 738, Sum: 864, Workers: 4
[7187.296s][debug][gc,phases      ] GC(215)   ObjectSynchronizer Weak        Min:  0.0, Avg:  0.0, Max:  0.0, Diff:  0.0, Sum:  0.0, Workers: 4
[7187.296s][debug][gc,phases      ] GC(215)     Dead                           Min: 0, Avg:  0.0, Max: 0, Diff: 0, Sum: 0, Workers: 4
[7187.296s][debug][gc,phases      ] GC(215)     Total                          Min: 0, Avg:  1.2, Max: 5, Diff: 5, Sum: 5, Workers: 4
[7187.296s][debug][gc,phases      ] GC(215)   JVMTI Tag Weak OopStorage      Min:  0.0, Avg:  0.0, Max:  0.0, Diff:  0.0, Sum:  0.0, Workers: 4
[7187.296s][debug][gc,phases      ] GC(215)     Dead                           Min: 0, Avg:  0.0, Max: 0, Diff: 0, Sum: 0, Workers: 4
[7187.296s][debug][gc,phases      ] GC(215)     Total                          Min: 0, Avg:  0.0, Max: 0, Diff: 0, Sum: 0, Workers: 4
[7187.296s][debug][gc,phases      ] GC(215)   StringTable Weak               Min:  0.0, Avg:  0.1, Max:  0.1, Diff:  0.1, Sum:  0.4, Workers: 4
[7187.296s][debug][gc,phases      ] GC(215)     Dead                           Min: 0, Avg:  0.5, Max: 2, Diff: 2, Sum: 2, Workers: 4
[7187.296s][debug][gc,phases      ] GC(215)     Total                          Min: 0, Avg: 12484.5, Max: 17748, Diff: 17748, Sum: 49938, Workers: 4
[7187.296s][debug][gc,phases      ] GC(215)   ResolvedMethodTable Weak       Min:  0.0, Avg:  0.0, Max:  0.0, Diff:  0.0, Sum:  0.1, Workers: 4
[7187.296s][debug][gc,phases      ] GC(215)     Dead                           Min: 0, Avg:  0.5, Max: 2, Diff: 2, Sum: 2, Workers: 4
[7187.296s][debug][gc,phases      ] GC(215)     Total                          Min: 0, Avg: 3604.0, Max: 4992, Diff: 4992, Sum: 14416, Workers: 4
[7187.296s][debug][gc,phases      ] GC(215)   JNI Weak                       Min:  0.0, Avg:  0.0, Max:  0.0, Diff:  0.0, Sum:  0.0, Workers: 4
[7187.296s][debug][gc,phases      ] GC(215)     Dead                           Min: 0, Avg:  0.0, Max: 0, Diff: 0, Sum: 0, Workers: 4
[7187.296s][debug][gc,phases      ] GC(215)     Total                          Min: 0, Avg: 12.0, Max: 48, Diff: 48, Sum: 48, Workers: 4
[7187.296s][debug][gc,phases      ] GC(215)   StringDedup Table Weak         Min:  0.0, Avg:  0.0, Max:  0.0, Diff:  0.0, Sum:  0.0, Workers: 4
[7187.296s][debug][gc,phases      ] GC(215)     Dead                           Min: 0, Avg:  0.0, Max: 0, Diff: 0, Sum: 0, Workers: 4
[7187.296s][debug][gc,phases      ] GC(215)     Total                          Min: 0, Avg:  0.0, Max: 0, Diff: 0, Sum: 0, Workers: 4
[7187.296s][debug][gc,phases      ] GC(215)   StringDedup Requests0 Weak     Min:  0.0, Avg:  0.0, Max:  0.0, Diff:  0.0, Sum:  0.0, Workers: 4
[7187.296s][debug][gc,phases      ] GC(215)     Dead                           Min: 0, Avg:  0.0, Max: 0, Diff: 0, Sum: 0, Workers: 4
[7187.296s][debug][gc,phases      ] GC(215)     Total                          Min: 0, Avg:  0.0, Max: 0, Diff: 0, Sum: 0, Workers: 4
[7187.296s][debug][gc,phases      ] GC(215)   StringDedup Requests1 Weak     Min:  0.0, Avg:  0.0, Max:  0.0, Diff:  0.0, Sum:  0.0, Workers: 4
[7187.296s][debug][gc,phases      ] GC(215)     Dead                           Min: 0, Avg:  0.0, Max: 0, Diff: 0, Sum: 0, Workers: 4
[7187.296s][debug][gc,phases      ] GC(215)     Total                          Min: 0, Avg:  0.0, Max: 0, Diff: 0, Sum: 0, Workers: 4
[7187.296s][debug][gc,phases      ] GC(215)   Weak JFR Old Object Samples    Min:  0.0, Avg:  0.0, Max:  0.0, Diff:  0.0, Sum:  0.0, Workers: 4
[7187.296s][debug][gc,phases      ] GC(215)     Dead                           Min: 0, Avg:  0.0, Max: 0, Diff: 0, Sum: 0, Workers: 4
[7187.296s][debug][gc,phases      ] GC(215)     Total                          Min: 0, Avg:  0.0, Max: 0, Diff: 0, Sum: 0, Workers: 4
[7187.296s][debug][gc,phases      ] GC(215) Weak Processing 0.446ms
[7187.296s][debug][gc,age         ] GC(215) Desired survivor size 191365120 bytes, new threshold 15 (max threshold 15)
[7187.296s][info ][gc,heap        ] GC(215) PSYoungGen: 1858041K(1912320K)->140218K(1902080K) Eden: 1736192K(1736192K)->0K(1723392K) From: 121849K(176128K)->140218K(178688K)
[7187.296s][info ][gc,heap        ] GC(215) ParOldGen: 482960K(622592K)->482960K(622592K)
[7187.296s][info ][gc,metaspace   ] GC(215) Metaspace: 100391K(101504K)->100391K(101504K) NonClass: 85962K(86592K)->85962K(86592K) Class: 14429K(14912K)->14429K(14912K)
[7187.296s][info ][gc             ] GC(215) Pause Young (Allocation Failure) 2286M->608M(2465M) 42.892ms
[7187.296s][info ][gc,cpu         ] GC(215) User=0.15s Sys=0.00s Real=0.04s
[7187.296s][info ][safepoint      ] Safepoint "ParallelGCFailedAllocation", Time since last: 32150724 ns, Reaching safepoint: 8300 ns, Cleanup: 4200 ns, At safepoint: 42976102 ns, Total: 42988602 ns
[7189.297s][info ][safepoint      ] Safepoint "Cleanup", Time since last: 2000159140 ns, Reaching safepoint: 79502 ns, Cleanup: 10100 ns, At safepoint: 7000 ns, Total: 96602 ns
[7190.297s][info ][safepoint      ] Safepoint "Cleanup", Time since last: 1000126865 ns, Reaching safepoint: 84002 ns, Cleanup: 15701 ns, At safepoint: 6200 ns, Total: 105903 ns
[7191.297s][info ][safepoint      ] Safepoint "Cleanup", Time since last: 1000127764 ns, Reaching safepoint: 85103 ns, Cleanup: 25800 ns, At safepoint: 11201 ns, Total: 122104 ns
[7192.297s][info ][safepoint      ] Safepoint "Cleanup", Time since last: 1000124064 ns, Reaching safepoint: 83402 ns, Cleanup: 12501 ns, At safepoint: 6600 ns, Total: 102503 ns
[7194.298s][info ][safepoint      ] Safepoint "Cleanup", Time since last: 2000199418 ns, Reaching safepoint: 85503 ns, Cleanup: 37501 ns, At safepoint: 7900 ns, Total: 130904 ns
[7195.298s][info ][safepoint      ] Safepoint "Cleanup", Time since last: 1000102774 ns, Reaching safepoint: 81403 ns, Cleanup: 10601 ns, At safepoint: 6400 ns, Total: 98404 ns
[7196.298s][info ][safepoint      ] Safepoint "Cleanup", Time since last: 1000117975 ns, Reaching safepoint: 80902 ns, Cleanup: 11401 ns, At safepoint: 6500 ns, Total: 98803 ns
[7197.298s][info ][safepoint      ] Safepoint "Cleanup", Time since last: 1000130936 ns, Reaching safepoint: 82003 ns, Cleanup: 43402 ns, At safepoint: 8400 ns, Total: 133805 ns
[7198.299s][info ][safepoint      ] Safepoint "Cleanup", Time since last: 1000122464 ns, Reaching safepoint: 81903 ns, Cleanup: 10400 ns, At safepoint: 7401 ns, Total: 99704 ns
[7199.299s][info ][safepoint      ] Safepoint "Cleanup", Time since last: 1000133464 ns, Reaching safepoint: 87803 ns, Cleanup: 10601 ns, At safepoint: 7200 ns, Total: 105604 ns
[7201.299s][info ][safepoint      ] Safepoint "Cleanup", Time since last: 2000209627 ns, Reaching safepoint: 84503 ns, Cleanup: 9000 ns, At safepoint: 8700 ns, Total: 102203 ns
[7203.093s][info ][safepoint      ] Safepoint "Cleanup", Time since last: 1793781139 ns, Reaching safepoint: 85303 ns, Cleanup: 16501 ns, At safepoint: 7000 ns, Total: 108804 ns
[7204.949s][info ][gc,start       ] GC(216) Pause Young (Allocation Failure)
[7204.989s][debug][gc,phases      ] GC(216) Scavenge 40.428ms
[7204.989s][debug][gc,ref         ] GC(216) ReferenceProcessor::execute queues: 1, RefProcThreadModel::Single, marks_oops_alive: false
[7204.989s][debug][gc,ref         ] GC(216) Skipped KeepAliveFinalRefsPhase of Reference Processing: no references
[7204.989s][debug][gc,ref         ] GC(216) ReferenceProcessor::execute queues: 1, RefProcThreadModel::Single, marks_oops_alive: false
[7204.989s][debug][gc,phases      ] GC(216) Reference Processing 0.128ms
[7204.990s][debug][gc,phases      ] GC(216)   VM Weak                        Min:  0.0, Avg:  0.0, Max:  0.0, Diff:  0.0, Sum:  0.0, Workers: 4
[7204.990s][debug][gc,phases      ] GC(216)     Dead                           Min: 0, Avg:  0.0, Max: 0, Diff: 0, Sum: 0, Workers: 4
[7204.990s][debug][gc,phases      ] GC(216)     Total                          Min: 0, Avg: 216.0, Max: 473, Diff: 473, Sum: 864, Workers: 4
[7204.990s][debug][gc,phases      ] GC(216)   ObjectSynchronizer Weak        Min:  0.0, Avg:  0.0, Max:  0.0, Diff:  0.0, Sum:  0.0, Workers: 4
[7204.990s][debug][gc,phases      ] GC(216)     Dead                           Min: 0, Avg:  0.0, Max: 0, Diff: 0, Sum: 0, Workers: 4
[7204.990s][debug][gc,phases      ] GC(216)     Total                          Min: 0, Avg:  1.0, Max: 4, Diff: 4, Sum: 4, Workers: 4
[7204.990s][debug][gc,phases      ] GC(216)   JVMTI Tag Weak OopStorage      Min:  0.0, Avg:  0.0, Max:  0.0, Diff:  0.0, Sum:  0.0, Workers: 4
[7204.990s][debug][gc,phases      ] GC(216)     Dead                           Min: 0, Avg:  0.0, Max: 0, Diff: 0, Sum: 0, Workers: 4
[7204.990s][debug][gc,phases      ] GC(216)     Total                          Min: 0, Avg:  0.0, Max: 0, Diff: 0, Sum: 0, Workers: 4
[7204.990s][debug][gc,phases      ] GC(216)   StringTable Weak               Min:  0.0, Avg:  0.1, Max:  0.2, Diff:  0.2, Sum:  0.5, Workers: 4
[7204.990s][debug][gc,phases      ] GC(216)     Dead                           Min: 0, Avg:  0.0, Max: 0, Diff: 0, Sum: 0, Workers: 4
[7204.990s][debug][gc,phases      ] GC(216)     Total                          Min: 0, Avg: 12485.0, Max: 17216, Diff: 17216, Sum: 49940, Workers: 4
[7204.990s][debug][gc,phases      ] GC(216)   ResolvedMethodTable Weak       Min:  0.0, Avg:  0.0, Max:  0.0, Diff:  0.0, Sum:  0.1, Workers: 4
[7204.990s][debug][gc,phases      ] GC(216)     Dead                           Min: 0, Avg:  0.0, Max: 0, Diff: 0, Sum: 0, Workers: 4
[7204.990s][debug][gc,phases      ] GC(216)     Total                          Min: 0, Avg: 3604.5, Max: 5119, Diff: 5119, Sum: 14418, Workers: 4
[7204.990s][debug][gc,phases      ] GC(216)   JNI Weak                       Min:  0.0, Avg:  0.0, Max:  0.0, Diff:  0.0, Sum:  0.0, Workers: 4
[7204.990s][debug][gc,phases      ] GC(216)     Dead                           Min: 0, Avg:  0.0, Max: 0, Diff: 0, Sum: 0, Workers: 4
[7204.990s][debug][gc,phases      ] GC(216)     Total                          Min: 0, Avg: 12.0, Max: 48, Diff: 48, Sum: 48, Workers: 4
[7204.990s][debug][gc,phases      ] GC(216)   StringDedup Table Weak         Min:  0.0, Avg:  0.0, Max:  0.0, Diff:  0.0, Sum:  0.0, Workers: 4
[7204.990s][debug][gc,phases      ] GC(216)     Dead                           Min: 0, Avg:  0.0, Max: 0, Diff: 0, Sum: 0, Workers: 4
[7204.990s][debug][gc,phases      ] GC(216)     Total                          Min: 0, Avg:  0.0, Max: 0, Diff: 0, Sum: 0, Workers: 4
[7204.990s][debug][gc,phases      ] GC(216)   StringDedup Requests0 Weak     Min:  0.0, Avg:  0.0, Max:  0.0, Diff:  0.0, Sum:  0.0, Workers: 4
[7204.990s][debug][gc,phases      ] GC(216)     Dead                           Min: 0, Avg:  0.0, Max: 0, Diff: 0, Sum: 0, Workers: 4
[7204.990s][debug][gc,phases      ] GC(216)     Total                          Min: 0, Avg:  0.0, Max: 0, Diff: 0, Sum: 0, Workers: 4
[7204.990s][debug][gc,phases      ] GC(216)   StringDedup Requests1 Weak     Min:  0.0, Avg:  0.0, Max:  0.0, Diff:  0.0, Sum:  0.0, Workers: 4
[7204.990s][debug][gc,phases      ] GC(216)     Dead                           Min: 0, Avg:  0.0, Max: 0, Diff: 0, Sum: 0, Workers: 4
[7204.990s][debug][gc,phases      ] GC(216)     Total                          Min: 0, Avg:  0.0, Max: 0, Diff: 0, Sum: 0, Workers: 4
[7204.990s][debug][gc,phases      ] GC(216)   Weak JFR Old Object Samples    Min:  0.0, Avg:  0.0, Max:  0.0, Diff:  0.0, Sum:  0.0, Workers: 4
[7204.990s][debug][gc,phases      ] GC(216)     Dead                           Min: 0, Avg:  0.0, Max: 0, Diff: 0, Sum: 0, Workers: 4
[7204.990s][debug][gc,phases      ] GC(216)     Total                          Min: 0, Avg:  0.0, Max: 0, Diff: 0, Sum: 0, Workers: 4
[7204.990s][debug][gc,phases      ] GC(216) Weak Processing 0.463ms
[7204.990s][debug][gc,age         ] GC(216) Desired survivor size 201850880 bytes, new threshold 15 (max threshold 15)
[7204.990s][info ][gc,heap        ] GC(216) PSYoungGen: 1863610K(1902080K)->150875K(1874432K) Eden: 1723392K(1723392K)->0K(1723392K) From: 140218K(178688K)->150875K(151040K)
[7204.990s][info ][gc,heap        ] GC(216) ParOldGen: 482960K(622592K)->482960K(622592K)
[7204.990s][info ][gc,metaspace   ] GC(216) Metaspace: 100406K(101504K)->100406K(101504K) NonClass: 85976K(86592K)->85976K(86592K) Class: 14430K(14912K)->14430K(14912K)
[7204.990s][info ][gc             ] GC(216) Pause Young (Allocation Failure) 2291M->618M(2438M) 41.182ms
[7204.990s][info ][gc,cpu         ] GC(216) User=0.14s Sys=0.00s Real=0.04s
[7204.990s][info ][safepoint      ] Safepoint "ParallelGCFailedAllocation", Time since last: 1855637611 ns, Reaching safepoint: 81203 ns, Cleanup: 3900 ns, At safepoint: 41275758 ns, Total: 41360861 ns
[7206.990s][info ][safepoint      ] Safepoint "Cleanup", Time since last: 2000177018 ns, Reaching safepoint: 80803 ns, Cleanup: 10001 ns, At safepoint: 6000 ns, Total: 96804 ns
[7212.991s][info ][safepoint      ] Safepoint "Cleanup", Time since last: 6000485826 ns, Reaching safepoint: 83203 ns, Cleanup: 14800 ns, At safepoint: 6800 ns, Total: 104803 ns
[7213.991s][info ][safepoint      ] Safepoint "Cleanup", Time since last: 1000122380 ns, Reaching safepoint: 81803 ns, Cleanup: 29201 ns, At safepoint: 7700 ns, Total: 118704 ns
[7214.991s][info ][safepoint      ] Safepoint "Cleanup", Time since last: 1000127880 ns, Reaching safepoint: 82803 ns, Cleanup: 39401 ns, At safepoint: 6901 ns, Total: 129105 ns
[7215.992s][info ][safepoint      ] Safepoint "Cleanup", Time since last: 1000116879 ns, Reaching safepoint: 80403 ns, Cleanup: 16401 ns, At safepoint: 6300 ns, Total: 103104 ns
[7216.992s][info ][safepoint      ] Safepoint "Cleanup", Time since last: 1000104279 ns, Reaching safepoint: 90603 ns, Cleanup: 10801 ns, At safepoint: 6300 ns, Total: 107704 ns
[7217.992s][info ][safepoint      ] Safepoint "Cleanup", Time since last: 1000122380 ns, Reaching safepoint: 80402 ns, Cleanup: 20101 ns, At safepoint: 6700 ns, Total: 107203 ns
[7218.992s][info ][safepoint      ] Safepoint "Cleanup", Time since last: 1000120380 ns, Reaching safepoint: 85303 ns, Cleanup: 10300 ns, At safepoint: 7301 ns, Total: 102904 ns
[7219.993s][info ][safepoint      ] Safepoint "Cleanup", Time since last: 1000121780 ns, Reaching safepoint: 79302 ns, Cleanup: 8700 ns, At safepoint: 6301 ns, Total: 94303 ns
[7220.993s][info ][safepoint      ] Safepoint "Cleanup", Time since last: 1000119417 ns, Reaching safepoint: 82002 ns, Cleanup: 9901 ns, At safepoint: 6000 ns, Total: 97903 ns
[7222.993s][info ][safepoint      ] Safepoint "Cleanup", Time since last: 2000181254 ns, Reaching safepoint: 80603 ns, Cleanup: 18400 ns, At safepoint: 8000 ns, Total: 107003 ns
[7224.005s][info ][gc,start       ] GC(217) Pause Young (Allocation Failure)
[7224.046s][debug][gc,phases      ] GC(217) Scavenge 41.256ms
[7224.046s][debug][gc,ref         ] GC(217) ReferenceProcessor::execute queues: 1, RefProcThreadModel::Single, marks_oops_alive: false
[7224.046s][debug][gc,ref         ] GC(217) Skipped KeepAliveFinalRefsPhase of Reference Processing: no references
[7224.046s][debug][gc,ref         ] GC(217) ReferenceProcessor::execute queues: 1, RefProcThreadModel::Single, marks_oops_alive: false
[7224.046s][debug][gc,phases      ] GC(217) Reference Processing 0.151ms
[7224.047s][debug][gc,phases      ] GC(217)   VM Weak                        Min:  0.0, Avg:  0.0, Max:  0.0, Diff:  0.0, Sum:  0.0, Workers: 4
[7224.047s][debug][gc,phases      ] GC(217)     Dead                           Min: 0, Avg:  0.0, Max: 0, Diff: 0, Sum: 0, Workers: 4
[7224.047s][debug][gc,phases      ] GC(217)     Total                          Min: 0, Avg: 216.0, Max: 747, Diff: 747, Sum: 864, Workers: 4
[7224.047s][debug][gc,phases      ] GC(217)   ObjectSynchronizer Weak        Min:  0.0, Avg:  0.0, Max:  0.0, Diff:  0.0, Sum:  0.0, Workers: 4
[7224.047s][debug][gc,phases      ] GC(217)     Dead                           Min: 0, Avg:  0.0, Max: 0, Diff: 0, Sum: 0, Workers: 4
[7224.047s][debug][gc,phases      ] GC(217)     Total                          Min: 0, Avg:  1.0, Max: 4, Diff: 4, Sum: 4, Workers: 4
[7224.047s][debug][gc,phases      ] GC(217)   JVMTI Tag Weak OopStorage      Min:  0.0, Avg:  0.0, Max:  0.0, Diff:  0.0, Sum:  0.0, Workers: 4
[7224.047s][debug][gc,phases      ] GC(217)     Dead                           Min: 0, Avg:  0.0, Max: 0, Diff: 0, Sum: 0, Workers: 4
[7224.047s][debug][gc,phases      ] GC(217)     Total                          Min: 0, Avg:  0.0, Max: 0, Diff: 0, Sum: 0, Workers: 4
[7224.047s][debug][gc,phases      ] GC(217)   StringTable Weak               Min:  0.0, Avg:  0.1, Max:  0.2, Diff:  0.2, Sum:  0.5, Workers: 4
[7224.047s][debug][gc,phases      ] GC(217)     Dead                           Min: 0, Avg:  0.0, Max: 0, Diff: 0, Sum: 0, Workers: 4
[7224.047s][debug][gc,phases      ] GC(217)     Total                          Min: 0, Avg: 12485.0, Max: 19392, Diff: 19392, Sum: 49940, Workers: 4
[7224.047s][debug][gc,phases      ] GC(217)   ResolvedMethodTable Weak       Min:  0.0, Avg:  0.0, Max:  0.0, Diff:  0.0, Sum:  0.1, Workers: 4
[7224.047s][debug][gc,phases      ] GC(217)     Dead                           Min: 0, Avg:  0.0, Max: 0, Diff: 0, Sum: 0, Workers: 4
[7224.047s][debug][gc,phases      ] GC(217)     Total                          Min: 0, Avg: 3604.5, Max: 5076, Diff: 5076, Sum: 14418, Workers: 4
[7224.047s][debug][gc,phases      ] GC(217)   JNI Weak                       Min:  0.0, Avg:  0.0, Max:  0.0, Diff:  0.0, Sum:  0.0, Workers: 4
[7224.047s][debug][gc,phases      ] GC(217)     Dead                           Min: 0, Avg:  0.0, Max: 0, Diff: 0, Sum: 0, Workers: 4
[7224.047s][debug][gc,phases      ] GC(217)     Total                          Min: 0, Avg: 12.0, Max: 48, Diff: 48, Sum: 48, Workers: 4
[7224.047s][debug][gc,phases      ] GC(217)   StringDedup Table Weak         Min:  0.0, Avg:  0.0, Max:  0.0, Diff:  0.0, Sum:  0.0, Workers: 4
[7224.047s][debug][gc,phases      ] GC(217)     Dead                           Min: 0, Avg:  0.0, Max: 0, Diff: 0, Sum: 0, Workers: 4
[7224.047s][debug][gc,phases      ] GC(217)     Total                          Min: 0, Avg:  0.0, Max: 0, Diff: 0, Sum: 0, Workers: 4
[7224.047s][debug][gc,phases      ] GC(217)   StringDedup Requests0 Weak     Min:  0.0, Avg:  0.0, Max:  0.0, Diff:  0.0, Sum:  0.0, Workers: 4
[7224.047s][debug][gc,phases      ] GC(217)     Dead                           Min: 0, Avg:  0.0, Max: 0, Diff: 0, Sum: 0, Workers: 4
[7224.047s][debug][gc,phases      ] GC(217)     Total                          Min: 0, Avg:  0.0, Max: 0, Diff: 0, Sum: 0, Workers: 4
[7224.047s][debug][gc,phases      ] GC(217)   StringDedup Requests1 Weak     Min:  0.0, Avg:  0.0, Max:  0.0, Diff:  0.0, Sum:  0.0, Workers: 4
[7224.047s][debug][gc,phases      ] GC(217)     Dead                           Min: 0, Avg:  0.0, Max: 0, Diff: 0, Sum: 0, Workers: 4
[7224.047s][debug][gc,phases      ] GC(217)     Total                          Min: 0, Avg:  0.0, Max: 0, Diff: 0, Sum: 0, Workers: 4
[7224.047s][debug][gc,phases      ] GC(217)   Weak JFR Old Object Samples    Min:  0.0, Avg:  0.0, Max:  0.0, Diff:  0.0, Sum:  0.0, Workers: 4
[7224.047s][debug][gc,phases      ] GC(217)     Dead                           Min: 0, Avg:  0.0, Max: 0, Diff: 0, Sum: 0, Workers: 4
[7224.047s][debug][gc,phases      ] GC(217)     Total                          Min: 0, Avg:  0.0, Max: 0, Diff: 0, Sum: 0, Workers: 4
[7224.047s][debug][gc,phases      ] GC(217) Weak Processing 0.501ms
[7224.047s][debug][gc,age         ] GC(217) Desired survivor size 208666624 bytes, new threshold 15 (max threshold 15)
[7224.047s][info ][gc,heap        ] GC(217) PSYoungGen: 1874267K(1874432K)->149125K(1886720K) Eden: 1723392K(1723392K)->0K(1689600K) From: 150875K(151040K)->149125K(197120K)
[7224.047s][info ][gc,heap        ] GC(217) ParOldGen: 482960K(622592K)->482960K(622592K)
[7224.047s][info ][gc,metaspace   ] GC(217) Metaspace: 100416K(101504K)->100416K(101504K) NonClass: 85985K(86592K)->85985K(86592K) Class: 14430K(14912K)->14430K(14912K)
[7224.047s][info ][gc             ] GC(217) Pause Young (Allocation Failure) 2301M->617M(2450M) 42.077ms
[7224.047s][info ][gc,cpu         ] GC(217) User=0.15s Sys=0.00s Real=0.04s
[7224.047s][info ][safepoint      ] Safepoint "ParallelGCFailedAllocation", Time since last: 1011699482 ns, Reaching safepoint: 82103 ns, Cleanup: 3900 ns, At safepoint: 42171171 ns, Total: 42257174 ns
[7227.047s][info ][safepoint      ] Safepoint "Cleanup", Time since last: 3000197928 ns, Reaching safepoint: 82003 ns, Cleanup: 10100 ns, At safepoint: 6200 ns, Total: 98303 ns
[7231.048s][info ][safepoint      ] Safepoint "Cleanup", Time since last: 4000308059 ns, Reaching safepoint: 87403 ns, Cleanup: 10700 ns, At safepoint: 7200 ns, Total: 105303 ns
[7233.048s][info ][safepoint      ] Safepoint "Cleanup", Time since last: 2000228956 ns, Reaching safepoint: 87803 ns, Cleanup: 10701 ns, At safepoint: 8100 ns, Total: 106604 ns
[7236.048s][info ][safepoint      ] Safepoint "Cleanup", Time since last: 3000281582 ns, Reaching safepoint: 84203 ns, Cleanup: 12200 ns, At safepoint: 7400 ns, Total: 103803 ns
[7241.049s][info ][safepoint      ] Safepoint "Cleanup", Time since last: 5000368005 ns, Reaching safepoint: 81803 ns, Cleanup: 9700 ns, At safepoint: 6100 ns, Total: 97603 ns
[7243.590s][info ][gc,start       ] GC(218) Pause Young (Allocation Failure)
[7243.630s][debug][gc,phases      ] GC(218) Scavenge 40.552ms
[7243.630s][debug][gc,ref         ] GC(218) ReferenceProcessor::execute queues: 1, RefProcThreadModel::Single, marks_oops_alive: false
[7243.630s][debug][gc,ref         ] GC(218) Skipped KeepAliveFinalRefsPhase of Reference Processing: no references
[7243.630s][debug][gc,ref         ] GC(218) ReferenceProcessor::execute queues: 1, RefProcThreadModel::Single, marks_oops_alive: false
[7243.630s][debug][gc,phases      ] GC(218) Reference Processing 0.133ms
[7243.631s][debug][gc,phases      ] GC(218)   VM Weak                        Min:  0.0, Avg:  0.0, Max:  0.0, Diff:  0.0, Sum:  0.0, Workers: 4
[7243.631s][debug][gc,phases      ] GC(218)     Dead                           Min: 0, Avg:  0.0, Max: 0, Diff: 0, Sum: 0, Workers: 4
[7243.631s][debug][gc,phases      ] GC(218)     Total                          Min: 0, Avg: 216.0, Max: 494, Diff: 494, Sum: 864, Workers: 4
[7243.631s][debug][gc,phases      ] GC(218)   ObjectSynchronizer Weak        Min:  0.0, Avg:  0.0, Max:  0.0, Diff:  0.0, Sum:  0.0, Workers: 4
[7243.631s][debug][gc,phases      ] GC(218)     Dead                           Min: 0, Avg:  0.0, Max: 0, Diff: 0, Sum: 0, Workers: 4
[7243.631s][debug][gc,phases      ] GC(218)     Total                          Min: 0, Avg:  1.0, Max: 4, Diff: 4, Sum: 4, Workers: 4
[7243.631s][debug][gc,phases      ] GC(218)   JVMTI Tag Weak OopStorage      Min:  0.0, Avg:  0.0, Max:  0.0, Diff:  0.0, Sum:  0.0, Workers: 4
[7243.631s][debug][gc,phases      ] GC(218)     Dead                           Min: 0, Avg:  0.0, Max: 0, Diff: 0, Sum: 0, Workers: 4
[7243.631s][debug][gc,phases      ] GC(218)     Total                          Min: 0, Avg:  0.0, Max: 0, Diff: 0, Sum: 0, Workers: 4
[7243.631s][debug][gc,phases      ] GC(218)   StringTable Weak               Min:  0.0, Avg:  0.1, Max:  0.1, Diff:  0.1, Sum:  0.4, Workers: 4
[7243.631s][debug][gc,phases      ] GC(218)     Dead                           Min: 0, Avg:  0.0, Max: 0, Diff: 0, Sum: 0, Workers: 4
[7243.631s][debug][gc,phases      ] GC(218)     Total                          Min: 0, Avg: 12485.0, Max: 17622, Diff: 17622, Sum: 49940, Workers: 4
[7243.631s][debug][gc,phases      ] GC(218)   ResolvedMethodTable Weak       Min:  0.0, Avg:  0.0, Max:  0.0, Diff:  0.0, Sum:  0.1, Workers: 4
[7243.631s][debug][gc,phases      ] GC(218)     Dead                           Min: 0, Avg:  0.0, Max: 0, Diff: 0, Sum: 0, Workers: 4
[7243.631s][debug][gc,phases      ] GC(218)     Total                          Min: 0, Avg: 3604.5, Max: 5182, Diff: 5182, Sum: 14418, Workers: 4
[7243.631s][debug][gc,phases      ] GC(218)   JNI Weak                       Min:  0.0, Avg:  0.0, Max:  0.0, Diff:  0.0, Sum:  0.0, Workers: 4
[7243.631s][debug][gc,phases      ] GC(218)     Dead                           Min: 0, Avg:  0.0, Max: 0, Diff: 0, Sum: 0, Workers: 4
[7243.631s][debug][gc,phases      ] GC(218)     Total                          Min: 0, Avg: 12.0, Max: 48, Diff: 48, Sum: 48, Workers: 4
[7243.631s][debug][gc,phases      ] GC(218)   StringDedup Table Weak         Min:  0.0, Avg:  0.0, Max:  0.0, Diff:  0.0, Sum:  0.0, Workers: 4
[7243.631s][debug][gc,phases      ] GC(218)     Dead                           Min: 0, Avg:  0.0, Max: 0, Diff: 0, Sum: 0, Workers: 4
[7243.631s][debug][gc,phases      ] GC(218)     Total                          Min: 0, Avg:  0.0, Max: 0, Diff: 0, Sum: 0, Workers: 4
[7243.631s][debug][gc,phases      ] GC(218)   StringDedup Requests0 Weak     Min:  0.0, Avg:  0.0, Max:  0.0, Diff:  0.0, Sum:  0.0, Workers: 4
[7243.631s][debug][gc,phases      ] GC(218)     Dead                           Min: 0, Avg:  0.0, Max: 0, Diff: 0, Sum: 0, Workers: 4
[7243.631s][debug][gc,phases      ] GC(218)     Total                          Min: 0, Avg:  0.0, Max: 0, Diff: 0, Sum: 0, Workers: 4
[7243.631s][debug][gc,phases      ] GC(218)   StringDedup Requests1 Weak     Min:  0.0, Avg:  0.0, Max:  0.0, Diff:  0.0, Sum:  0.0, Workers: 4
[7243.631s][debug][gc,phases      ] GC(218)     Dead                           Min: 0, Avg:  0.0, Max: 0, Diff: 0, Sum: 0, Workers: 4
[7243.631s][debug][gc,phases      ] GC(218)     Total                          Min: 0, Avg:  0.0, Max: 0, Diff: 0, Sum: 0, Workers: 4
[7243.631s][debug][gc,phases      ] GC(218)   Weak JFR Old Object Samples    Min:  0.0, Avg:  0.0, Max:  0.0, Diff:  0.0, Sum:  0.0, Workers: 4
[7243.631s][debug][gc,phases      ] GC(218)     Dead                           Min: 0, Avg:  0.0, Max: 0, Diff: 0, Sum: 0, Workers: 4
[7243.631s][debug][gc,phases      ] GC(218)     Total                          Min: 0, Avg:  0.0, Max: 0, Diff: 0, Sum: 0, Workers: 4
[7243.631s][debug][gc,phases      ] GC(218) Weak Processing 0.444ms
[7243.631s][debug][gc,age         ] GC(218) Desired survivor size 214958080 bytes, new threshold 15 (max threshold 15)
[7243.631s][info ][gc,heap        ] GC(218) PSYoungGen: 1838725K(1886720K)->151309K(1841152K) Eden: 1689600K(1689600K)->0K(1689600K) From: 149125K(197120K)->151309K(151552K)
[7243.631s][info ][gc,heap        ] GC(218) ParOldGen: 482960K(622592K)->482960K(622592K)
[7243.631s][info ][gc,metaspace   ] GC(218) Metaspace: 100417K(101504K)->100417K(101504K) NonClass: 85987K(86592K)->85987K(86592K) Class: 14430K(14912K)->14430K(14912K)
[7243.631s][info ][gc             ] GC(218) Pause Young (Allocation Failure) 2267M->619M(2406M) 41.288ms
[7243.631s][info ][gc,cpu         ] GC(218) User=0.14s Sys=0.00s Real=0.04s
[7243.631s][info ][safepoint      ] Safepoint "ParallelGCFailedAllocation", Time since last: 2540576835 ns, Reaching safepoint: 83003 ns, Cleanup: 4200 ns, At safepoint: 41378026 ns, Total: 41465229 ns
[7245.631s][info ][safepoint      ] Safepoint "Cleanup", Time since last: 2000168089 ns, Reaching safepoint: 11401 ns, Cleanup: 11800 ns, At safepoint: 6800 ns, Total: 30001 ns
[7250.631s][info ][safepoint      ] Safepoint "Cleanup", Time since last: 5000340518 ns, Reaching safepoint: 7800 ns, Cleanup: 11701 ns, At safepoint: 2800 ns, Total: 22301 ns
[7263.109s][info ][safepoint      ] Safepoint "Cleanup", Time since last: 12477900413 ns, Reaching safepoint: 9900 ns, Cleanup: 12000 ns, At safepoint: 26901 ns, Total: 48801 ns
[7263.649s][info ][gc,start       ] GC(219) Pause Young (Allocation Failure)
[7263.692s][debug][gc,phases      ] GC(219) Scavenge 43.326ms
[7263.693s][debug][gc,ref         ] GC(219) ReferenceProcessor::execute queues: 1, RefProcThreadModel::Single, marks_oops_alive: false
[7263.693s][debug][gc,ref         ] GC(219) Skipped KeepAliveFinalRefsPhase of Reference Processing: no references
[7263.693s][debug][gc,ref         ] GC(219) ReferenceProcessor::execute queues: 1, RefProcThreadModel::Single, marks_oops_alive: false
[7263.693s][debug][gc,phases      ] GC(219) Reference Processing 0.128ms
[7263.693s][debug][gc,phases      ] GC(219)   VM Weak                        Min:  0.0, Avg:  0.0, Max:  0.0, Diff:  0.0, Sum:  0.0, Workers: 4
[7263.693s][debug][gc,phases      ] GC(219)     Dead                           Min: 0, Avg:  0.0, Max: 0, Diff: 0, Sum: 0, Workers: 4
[7263.693s][debug][gc,phases      ] GC(219)     Total                          Min: 0, Avg: 216.0, Max: 864, Diff: 864, Sum: 864, Workers: 4
[7263.693s][debug][gc,phases      ] GC(219)   ObjectSynchronizer Weak        Min:  0.0, Avg:  0.0, Max:  0.0, Diff:  0.0, Sum:  0.0, Workers: 4
[7263.693s][debug][gc,phases      ] GC(219)     Dead                           Min: 0, Avg:  0.0, Max: 0, Diff: 0, Sum: 0, Workers: 4
[7263.693s][debug][gc,phases      ] GC(219)     Total                          Min: 0, Avg:  0.8, Max: 3, Diff: 3, Sum: 3, Workers: 4
[7263.693s][debug][gc,phases      ] GC(219)   JVMTI Tag Weak OopStorage      Min:  0.0, Avg:  0.0, Max:  0.0, Diff:  0.0, Sum:  0.0, Workers: 4
[7263.693s][debug][gc,phases      ] GC(219)     Dead                           Min: 0, Avg:  0.0, Max: 0, Diff: 0, Sum: 0, Workers: 4
[7263.693s][debug][gc,phases      ] GC(219)     Total                          Min: 0, Avg:  0.0, Max: 0, Diff: 0, Sum: 0, Workers: 4
[7263.693s][debug][gc,phases      ] GC(219)   StringTable Weak               Min:  0.0, Avg:  0.1, Max:  0.1, Diff:  0.1, Sum:  0.4, Workers: 4
[7263.693s][debug][gc,phases      ] GC(219)     Dead                           Min: 0, Avg:  0.0, Max: 0, Diff: 0, Sum: 0, Workers: 4
[7263.693s][debug][gc,phases      ] GC(219)     Total                          Min: 0, Avg: 12485.0, Max: 17790, Diff: 17790, Sum: 49940, Workers: 4
[7263.693s][debug][gc,phases      ] GC(219)   ResolvedMethodTable Weak       Min:  0.0, Avg:  0.0, Max:  0.1, Diff:  0.1, Sum:  0.2, Workers: 4
[7263.693s][debug][gc,phases      ] GC(219)     Dead                           Min: 0, Avg:  0.0, Max: 0, Diff: 0, Sum: 0, Workers: 4
[7263.693s][debug][gc,phases      ] GC(219)     Total                          Min: 0, Avg: 3604.5, Max: 4991, Diff: 4991, Sum: 14418, Workers: 4
[7263.693s][debug][gc,phases      ] GC(219)   JNI Weak                       Min:  0.0, Avg:  0.0, Max:  0.0, Diff:  0.0, Sum:  0.0, Workers: 4
[7263.693s][debug][gc,phases      ] GC(219)     Dead                           Min: 0, Avg:  0.0, Max: 0, Diff: 0, Sum: 0, Workers: 4
[7263.693s][debug][gc,phases      ] GC(219)     Total                          Min: 0, Avg: 12.0, Max: 48, Diff: 48, Sum: 48, Workers: 4
[7263.693s][debug][gc,phases      ] GC(219)   StringDedup Table Weak         Min:  0.0, Avg:  0.0, Max:  0.0, Diff:  0.0, Sum:  0.0, Workers: 4
[7263.693s][debug][gc,phases      ] GC(219)     Dead                           Min: 0, Avg:  0.0, Max: 0, Diff: 0, Sum: 0, Workers: 4
[7263.693s][debug][gc,phases      ] GC(219)     Total                          Min: 0, Avg:  0.0, Max: 0, Diff: 0, Sum: 0, Workers: 4
[7263.693s][debug][gc,phases      ] GC(219)   StringDedup Requests0 Weak     Min:  0.0, Avg:  0.0, Max:  0.0, Diff:  0.0, Sum:  0.0, Workers: 4
[7263.693s][debug][gc,phases      ] GC(219)     Dead                           Min: 0, Avg:  0.0, Max: 0, Diff: 0, Sum: 0, Workers: 4
[7263.693s][debug][gc,phases      ] GC(219)     Total                          Min: 0, Avg:  0.0, Max: 0, Diff: 0, Sum: 0, Workers: 4
[7263.693s][debug][gc,phases      ] GC(219)   StringDedup Requests1 Weak     Min:  0.0, Avg:  0.0, Max:  0.0, Diff:  0.0, Sum:  0.0, Workers: 4
[7263.693s][debug][gc,phases      ] GC(219)     Dead                           Min: 0, Avg:  0.0, Max: 0, Diff: 0, Sum: 0, Workers: 4
[7263.693s][debug][gc,phases      ] GC(219)     Total                          Min: 0, Avg:  0.0, Max: 0, Diff: 0, Sum: 0, Workers: 4
[7263.693s][debug][gc,phases      ] GC(219)   Weak JFR Old Object Samples    Min:  0.0, Avg:  0.0, Max:  0.0, Diff:  0.0, Sum:  0.0, Workers: 4
[7263.693s][debug][gc,phases      ] GC(219)     Dead                           Min: 0, Avg:  0.0, Max: 0, Diff: 0, Sum: 0, Workers: 4
[7263.693s][debug][gc,phases      ] GC(219)     Total                          Min: 0, Avg:  0.0, Max: 0, Diff: 0, Sum: 0, Workers: 4
[7263.693s][debug][gc,phases      ] GC(219) Weak Processing 0.532ms
[7263.693s][debug][gc,age         ] GC(219) Desired survivor size 220200960 bytes, new threshold 15 (max threshold 15)
[7263.693s][info ][gc,heap        ] GC(219) PSYoungGen: 1840909K(1841152K)->154214K(1876992K) Eden: 1689600K(1689600K)->0K(1667072K) From: 151309K(151552K)->154214K(209920K)
[7263.693s][info ][gc,heap        ] GC(219) ParOldGen: 482960K(622592K)->484068K(622592K)
[7263.693s][info ][gc,metaspace   ] GC(219) Metaspace: 100422K(101568K)->100422K(101568K) NonClass: 85992K(86656K)->85992K(86656K) Class: 14430K(14912K)->14430K(14912K)
[7263.693s][info ][gc             ] GC(219) Pause Young (Allocation Failure) 2269M->623M(2441M) 44.139ms
[7263.693s][info ][gc,cpu         ] GC(219) User=0.16s Sys=0.00s Real=0.04s
[7263.693s][info ][safepoint      ] Safepoint "ParallelGCFailedAllocation", Time since last: 539570440 ns, Reaching safepoint: 6900 ns, Cleanup: 9900 ns, At safepoint: 44218695 ns, Total: 44235495 ns
[7273.694s][info ][safepoint      ] Safepoint "Cleanup", Time since last: 10000670409 ns, Reaching safepoint: 81003 ns, Cleanup: 12400 ns, At safepoint: 8300 ns, Total: 101703 ns
[7275.694s][info ][safepoint      ] Safepoint "Cleanup", Time since last: 2000197380 ns, Reaching safepoint: 82003 ns, Cleanup: 26401 ns, At safepoint: 6900 ns, Total: 115304 ns
[7278.695s][info ][safepoint      ] Safepoint "Cleanup", Time since last: 3000274321 ns, Reaching safepoint: 90303 ns, Cleanup: 30301 ns, At safepoint: 6100 ns, Total: 126704 ns
[7282.726s][info ][gc,start       ] GC(220) Pause Young (Allocation Failure)
[7282.820s][debug][gc,phases      ] GC(220) Scavenge 93.179ms
[7282.820s][debug][gc,ref         ] GC(220) ReferenceProcessor::execute queues: 1, RefProcThreadModel::Single, marks_oops_alive: false
[7282.820s][debug][gc,ref         ] GC(220) Skipped KeepAliveFinalRefsPhase of Reference Processing: no references
[7282.820s][debug][gc,ref         ] GC(220) ReferenceProcessor::execute queues: 1, RefProcThreadModel::Single, marks_oops_alive: false
[7282.820s][debug][gc,phases      ] GC(220) Reference Processing 0.140ms
[7282.821s][debug][gc,phases      ] GC(220)   VM Weak                        Min:  0.0, Avg:  0.0, Max:  0.0, Diff:  0.0, Sum:  0.0, Workers: 4
[7282.821s][debug][gc,phases      ] GC(220)     Dead                           Min: 0, Avg:  0.0, Max: 0, Diff: 0, Sum: 0, Workers: 4
[7282.821s][debug][gc,phases      ] GC(220)     Total                          Min: 0, Avg: 216.0, Max: 443, Diff: 443, Sum: 864, Workers: 4
[7282.821s][debug][gc,phases      ] GC(220)   ObjectSynchronizer Weak        Min:  0.0, Avg:  0.0, Max:  0.0, Diff:  0.0, Sum:  0.0, Workers: 4
[7282.821s][debug][gc,phases      ] GC(220)     Dead                           Min: 0, Avg:  0.0, Max: 0, Diff: 0, Sum: 0, Workers: 4
[7282.821s][debug][gc,phases      ] GC(220)     Total                          Min: 0, Avg:  1.0, Max: 4, Diff: 4, Sum: 4, Workers: 4
[7282.821s][debug][gc,phases      ] GC(220)   JVMTI Tag Weak OopStorage      Min:  0.0, Avg:  0.0, Max:  0.0, Diff:  0.0, Sum:  0.0, Workers: 4
[7282.821s][debug][gc,phases      ] GC(220)     Dead                           Min: 0, Avg:  0.0, Max: 0, Diff: 0, Sum: 0, Workers: 4
[7282.821s][debug][gc,phases      ] GC(220)     Total                          Min: 0, Avg:  0.0, Max: 0, Diff: 0, Sum: 0, Workers: 4
[7282.821s][debug][gc,phases      ] GC(220)   StringTable Weak               Min:  0.0, Avg:  0.1, Max:  0.2, Diff:  0.2, Sum:  0.5, Workers: 4
[7282.821s][debug][gc,phases      ] GC(220)     Dead                           Min: 0, Avg:  0.0, Max: 0, Diff: 0, Sum: 0, Workers: 4
[7282.821s][debug][gc,phases      ] GC(220)     Total                          Min: 0, Avg: 12485.0, Max: 25815, Diff: 25815, Sum: 49940, Workers: 4
[7282.821s][debug][gc,phases      ] GC(220)   ResolvedMethodTable Weak       Min:  0.0, Avg:  0.2, Max:  0.6, Diff:  0.6, Sum:  0.7, Workers: 4
[7282.821s][debug][gc,phases      ] GC(220)     Dead                           Min: 0, Avg:  0.0, Max: 0, Diff: 0, Sum: 0, Workers: 4
[7282.821s][debug][gc,phases      ] GC(220)     Total                          Min: 0, Avg: 3604.5, Max: 10580, Diff: 10580, Sum: 14418, Workers: 4
[7282.821s][debug][gc,phases      ] GC(220)   JNI Weak                       Min:  0.0, Avg:  0.0, Max:  0.0, Diff:  0.0, Sum:  0.0, Workers: 4
[7282.821s][debug][gc,phases      ] GC(220)     Dead                           Min: 0, Avg:  0.0, Max: 0, Diff: 0, Sum: 0, Workers: 4
[7282.821s][debug][gc,phases      ] GC(220)     Total                          Min: 0, Avg: 12.0, Max: 48, Diff: 48, Sum: 48, Workers: 4
[7282.821s][debug][gc,phases      ] GC(220)   StringDedup Table Weak         Min:  0.0, Avg:  0.0, Max:  0.0, Diff:  0.0, Sum:  0.0, Workers: 4
[7282.821s][debug][gc,phases      ] GC(220)     Dead                           Min: 0, Avg:  0.0, Max: 0, Diff: 0, Sum: 0, Workers: 4
[7282.821s][debug][gc,phases      ] GC(220)     Total                          Min: 0, Avg:  0.0, Max: 0, Diff: 0, Sum: 0, Workers: 4
[7282.821s][debug][gc,phases      ] GC(220)   StringDedup Requests0 Weak     Min:  0.0, Avg:  0.0, Max:  0.0, Diff:  0.0, Sum:  0.0, Workers: 4
[7282.821s][debug][gc,phases      ] GC(220)     Dead                           Min: 0, Avg:  0.0, Max: 0, Diff: 0, Sum: 0, Workers: 4
[7282.821s][debug][gc,phases      ] GC(220)     Total                          Min: 0, Avg:  0.0, Max: 0, Diff: 0, Sum: 0, Workers: 4
[7282.821s][debug][gc,phases      ] GC(220)   StringDedup Requests1 Weak     Min:  0.0, Avg:  0.0, Max:  0.0, Diff:  0.0, Sum:  0.0, Workers: 4
[7282.821s][debug][gc,phases      ] GC(220)     Dead                           Min: 0, Avg:  0.0, Max: 0, Diff: 0, Sum: 0, Workers: 4
[7282.821s][debug][gc,phases      ] GC(220)     Total                          Min: 0, Avg:  0.0, Max: 0, Diff: 0, Sum: 0, Workers: 4
[7282.821s][debug][gc,phases      ] GC(220)   Weak JFR Old Object Samples    Min:  0.0, Avg:  0.0, Max:  0.0, Diff:  0.0, Sum:  0.0, Workers: 4
[7282.821s][debug][gc,phases      ] GC(220)     Dead                           Min: 0, Avg:  0.0, Max: 0, Diff: 0, Sum: 0, Workers: 4
[7282.821s][debug][gc,phases      ] GC(220)     Total                          Min: 0, Avg:  0.0, Max: 0, Diff: 0, Sum: 0, Workers: 4
[7282.821s][debug][gc,phases      ] GC(220) Weak Processing 1.119ms
[7282.821s][debug][gc,age         ] GC(220) Desired survivor size 220725248 bytes, new threshold 14 (max threshold 15)
[7282.821s][info ][gc,heap        ] GC(220) PSYoungGen: 1821286K(1876992K)->145082K(1812480K) Eden: 1667072K(1667072K)->0K(1667072K) From: 154214K(209920K)->145082K(145408K)
[7282.821s][info ][gc,heap        ] GC(220) ParOldGen: 484068K(622592K)->487810K(622592K)
[7282.821s][info ][gc,metaspace   ] GC(220) Metaspace: 100432K(101568K)->100432K(101568K) NonClass: 86002K(86656K)->86002K(86656K) Class: 14430K(14912K)->14430K(14912K)
[7282.821s][info ][gc             ] GC(220) Pause Young (Allocation Failure) 2251M->618M(2378M) 94.629ms
[7282.821s][info ][gc,cpu         ] GC(220) User=0.15s Sys=0.02s Real=0.10s
[7282.821s][info ][safepoint      ] Safepoint "ParallelGCFailedAllocation", Time since last: 4031535426 ns, Reaching safepoint: 13000 ns, Cleanup: 5700 ns, At safepoint: 94816517 ns, Total: 94835217 ns
[7285.821s][info ][safepoint      ] Safepoint "Cleanup", Time since last: 3000236620 ns, Reaching safepoint: 8600 ns, Cleanup: 15801 ns, At safepoint: 8200 ns, Total: 32601 ns
[7288.822s][info ][safepoint      ] Safepoint "Cleanup", Time since last: 3000256747 ns, Reaching safepoint: 8601 ns, Cleanup: 13600 ns, At safepoint: 2400 ns, Total: 24601 ns
[7291.822s][info ][safepoint      ] Safepoint "Cleanup", Time since last: 3000216346 ns, Reaching safepoint: 8800 ns, Cleanup: 12001 ns, At safepoint: 3100 ns, Total: 23901 ns
[7292.822s][info ][safepoint      ] Safepoint "Cleanup", Time since last: 1000122354 ns, Reaching safepoint: 8500 ns, Cleanup: 11201 ns, At safepoint: 2900 ns, Total: 22601 ns
[7299.823s][info ][safepoint      ] Safepoint "Cleanup", Time since last: 7000485350 ns, Reaching safepoint: 8600 ns, Cleanup: 11900 ns, At safepoint: 2800 ns, Total: 23300 ns
[7302.702s][info ][gc,start       ] GC(221) Pause Young (Allocation Failure)
[7302.743s][debug][gc,phases      ] GC(221) Scavenge 40.825ms
[7302.743s][debug][gc,ref         ] GC(221) ReferenceProcessor::execute queues: 1, RefProcThreadModel::Single, marks_oops_alive: false
[7302.743s][debug][gc,ref         ] GC(221) Skipped KeepAliveFinalRefsPhase of Reference Processing: no references
[7302.743s][debug][gc,ref         ] GC(221) ReferenceProcessor::execute queues: 1, RefProcThreadModel::Single, marks_oops_alive: false
[7302.743s][debug][gc,phases      ] GC(221) Reference Processing 0.133ms
[7302.743s][debug][gc,phases      ] GC(221)   VM Weak                        Min:  0.0, Avg:  0.0, Max:  0.0, Diff:  0.0, Sum:  0.0, Workers: 4
[7302.743s][debug][gc,phases      ] GC(221)     Dead                           Min: 0, Avg:  0.0, Max: 0, Diff: 0, Sum: 0, Workers: 4
[7302.743s][debug][gc,phases      ] GC(221)     Total                          Min: 0, Avg: 216.0, Max: 747, Diff: 747, Sum: 864, Workers: 4
[7302.743s][debug][gc,phases      ] GC(221)   ObjectSynchronizer Weak        Min:  0.0, Avg:  0.0, Max:  0.0, Diff:  0.0, Sum:  0.0, Workers: 4
[7302.743s][debug][gc,phases      ] GC(221)     Dead                           Min: 0, Avg:  0.0, Max: 0, Diff: 0, Sum: 0, Workers: 4
[7302.743s][debug][gc,phases      ] GC(221)     Total                          Min: 0, Avg:  1.0, Max: 4, Diff: 4, Sum: 4, Workers: 4
[7302.743s][debug][gc,phases      ] GC(221)   JVMTI Tag Weak OopStorage      Min:  0.0, Avg:  0.0, Max:  0.0, Diff:  0.0, Sum:  0.0, Workers: 4
[7302.743s][debug][gc,phases      ] GC(221)     Dead                           Min: 0, Avg:  0.0, Max: 0, Diff: 0, Sum: 0, Workers: 4
[7302.743s][debug][gc,phases      ] GC(221)     Total                          Min: 0, Avg:  0.0, Max: 0, Diff: 0, Sum: 0, Workers: 4
[7302.743s][debug][gc,phases      ] GC(221)   StringTable Weak               Min:  0.0, Avg:  0.1, Max:  0.2, Diff:  0.2, Sum:  0.5, Workers: 4
[7302.743s][debug][gc,phases      ] GC(221)     Dead                           Min: 0, Avg:  0.0, Max: 0, Diff: 0, Sum: 0, Workers: 4
[7302.743s][debug][gc,phases      ] GC(221)     Total                          Min: 0, Avg: 12485.0, Max: 17469, Diff: 17469, Sum: 49940, Workers: 4
[7302.743s][debug][gc,phases      ] GC(221)   ResolvedMethodTable Weak       Min:  0.0, Avg:  0.0, Max:  0.0, Diff:  0.0, Sum:  0.1, Workers: 4
[7302.743s][debug][gc,phases      ] GC(221)     Dead                           Min: 0, Avg:  0.0, Max: 0, Diff: 0, Sum: 0, Workers: 4
[7302.743s][debug][gc,phases      ] GC(221)     Total                          Min: 0, Avg: 3604.5, Max: 4992, Diff: 4992, Sum: 14418, Workers: 4
[7302.743s][debug][gc,phases      ] GC(221)   JNI Weak                       Min:  0.0, Avg:  0.0, Max:  0.0, Diff:  0.0, Sum:  0.0, Workers: 4
[7302.743s][debug][gc,phases      ] GC(221)     Dead                           Min: 0, Avg:  0.0, Max: 0, Diff: 0, Sum: 0, Workers: 4
[7302.743s][debug][gc,phases      ] GC(221)     Total                          Min: 0, Avg: 12.0, Max: 48, Diff: 48, Sum: 48, Workers: 4
[7302.743s][debug][gc,phases      ] GC(221)   StringDedup Table Weak         Min:  0.0, Avg:  0.0, Max:  0.0, Diff:  0.0, Sum:  0.0, Workers: 4
[7302.743s][debug][gc,phases      ] GC(221)     Dead                           Min: 0, Avg:  0.0, Max: 0, Diff: 0, Sum: 0, Workers: 4
[7302.743s][debug][gc,phases      ] GC(221)     Total                          Min: 0, Avg:  0.0, Max: 0, Diff: 0, Sum: 0, Workers: 4
[7302.743s][debug][gc,phases      ] GC(221)   StringDedup Requests0 Weak     Min:  0.0, Avg:  0.0, Max:  0.0, Diff:  0.0, Sum:  0.0, Workers: 4
[7302.743s][debug][gc,phases      ] GC(221)     Dead                           Min: 0, Avg:  0.0, Max: 0, Diff: 0, Sum: 0, Workers: 4
[7302.743s][debug][gc,phases      ] GC(221)     Total                          Min: 0, Avg:  0.0, Max: 0, Diff: 0, Sum: 0, Workers: 4
[7302.743s][debug][gc,phases      ] GC(221)   StringDedup Requests1 Weak     Min:  0.0, Avg:  0.0, Max:  0.0, Diff:  0.0, Sum:  0.0, Workers: 4
[7302.743s][debug][gc,phases      ] GC(221)     Dead                           Min: 0, Avg:  0.0, Max: 0, Diff: 0, Sum: 0, Workers: 4
[7302.743s][debug][gc,phases      ] GC(221)     Total                          Min: 0, Avg:  0.0, Max: 0, Diff: 0, Sum: 0, Workers: 4
[7302.743s][debug][gc,phases      ] GC(221)   Weak JFR Old Object Samples    Min:  0.0, Avg:  0.0, Max:  0.0, Diff:  0.0, Sum:  0.0, Workers: 4
[7302.743s][debug][gc,phases      ] GC(221)     Dead                           Min: 0, Avg:  0.0, Max: 0, Diff: 0, Sum: 0, Workers: 4
[7302.743s][debug][gc,phases      ] GC(221)     Total                          Min: 0, Avg:  0.0, Max: 0, Diff: 0, Sum: 0, Workers: 4
[7302.743s][debug][gc,phases      ] GC(221) Weak Processing 0.474ms
[7302.743s][debug][gc,age         ] GC(221) Desired survivor size 213909504 bytes, new threshold 14 (max threshold 15)
[7302.743s][info ][gc,heap        ] GC(221) PSYoungGen: 1812154K(1812480K)->102858K(1888256K) Eden: 1667072K(1667072K)->0K(1672704K) From: 145082K(145408K)->102858K(215552K)
[7302.743s][info ][gc,heap        ] GC(221) ParOldGen: 487810K(622592K)->533355K(622592K)
[7302.743s][info ][gc,metaspace   ] GC(221) Metaspace: 100433K(101568K)->100433K(101568K) NonClass: 86003K(86656K)->86003K(86656K) Class: 14430K(14912K)->14430K(14912K)
[7302.743s][info ][gc             ] GC(221) Pause Young (Allocation Failure) 2246M->621M(2452M) 41.620ms
[7302.743s][info ][gc,cpu         ] GC(221) User=0.15s Sys=0.00s Real=0.04s
[7302.743s][info ][safepoint      ] Safepoint "ParallelGCFailedAllocation", Time since last: 2879078062 ns, Reaching safepoint: 83803 ns, Cleanup: 12600 ns, At safepoint: 41703788 ns, Total: 41800191 ns
[7303.744s][info ][safepoint      ] Safepoint "Cleanup", Time since last: 1000097875 ns, Reaching safepoint: 84003 ns, Cleanup: 11600 ns, At safepoint: 6500 ns, Total: 102103 ns
[7305.744s][info ][safepoint      ] Safepoint "Cleanup", Time since last: 2000196150 ns, Reaching safepoint: 80703 ns, Cleanup: 11000 ns, At safepoint: 6900 ns, Total: 98603 ns
[7310.744s][info ][safepoint      ] Safepoint "Cleanup", Time since last: 5000409274 ns, Reaching safepoint: 80803 ns, Cleanup: 13700 ns, At safepoint: 7701 ns, Total: 102204 ns
[7313.745s][info ][safepoint      ] Safepoint "Cleanup", Time since last: 3000274119 ns, Reaching safepoint: 87703 ns, Cleanup: 11301 ns, At safepoint: 6800 ns, Total: 105804 ns
[7319.745s][info ][safepoint      ] Safepoint "Cleanup", Time since last: 6000471532 ns, Reaching safepoint: 80103 ns, Cleanup: 12601 ns, At safepoint: 6200 ns, Total: 98904 ns
[7322.134s][info ][gc,start       ] GC(222) Pause Young (Allocation Failure)
[7322.162s][debug][gc,phases      ] GC(222) Scavenge 27.728ms
[7322.162s][debug][gc,ref         ] GC(222) ReferenceProcessor::execute queues: 1, RefProcThreadModel::Single, marks_oops_alive: false
[7322.162s][debug][gc,ref         ] GC(222) Skipped KeepAliveFinalRefsPhase of Reference Processing: no references
[7322.162s][debug][gc,ref         ] GC(222) ReferenceProcessor::execute queues: 1, RefProcThreadModel::Single, marks_oops_alive: false
[7322.162s][debug][gc,phases      ] GC(222) Reference Processing 0.128ms
[7322.162s][debug][gc,phases      ] GC(222)   VM Weak                        Min:  0.0, Avg:  0.0, Max:  0.0, Diff:  0.0, Sum:  0.0, Workers: 4
[7322.162s][debug][gc,phases      ] GC(222)     Dead                           Min: 0, Avg:  0.0, Max: 0, Diff: 0, Sum: 0, Workers: 4
[7322.162s][debug][gc,phases      ] GC(222)     Total                          Min: 0, Avg: 216.0, Max: 738, Diff: 738, Sum: 864, Workers: 4
[7322.162s][debug][gc,phases      ] GC(222)   ObjectSynchronizer Weak        Min:  0.0, Avg:  0.0, Max:  0.0, Diff:  0.0, Sum:  0.0, Workers: 4
[7322.162s][debug][gc,phases      ] GC(222)     Dead                           Min: 0, Avg:  0.0, Max: 0, Diff: 0, Sum: 0, Workers: 4
[7322.162s][debug][gc,phases      ] GC(222)     Total                          Min: 0, Avg:  1.0, Max: 4, Diff: 4, Sum: 4, Workers: 4
[7322.162s][debug][gc,phases      ] GC(222)   JVMTI Tag Weak OopStorage      Min:  0.0, Avg:  0.0, Max:  0.0, Diff:  0.0, Sum:  0.0, Workers: 4
[7322.162s][debug][gc,phases      ] GC(222)     Dead                           Min: 0, Avg:  0.0, Max: 0, Diff: 0, Sum: 0, Workers: 4
[7322.162s][debug][gc,phases      ] GC(222)     Total                          Min: 0, Avg:  0.0, Max: 0, Diff: 0, Sum: 0, Workers: 4
[7322.162s][debug][gc,phases      ] GC(222)   StringTable Weak               Min:  0.0, Avg:  0.1, Max:  0.2, Diff:  0.2, Sum:  0.5, Workers: 4
[7322.162s][debug][gc,phases      ] GC(222)     Dead                           Min: 0, Avg:  0.0, Max: 0, Diff: 0, Sum: 0, Workers: 4
[7322.162s][debug][gc,phases      ] GC(222)     Total                          Min: 0, Avg: 12485.0, Max: 17213, Diff: 17213, Sum: 49940, Workers: 4
[7322.162s][debug][gc,phases      ] GC(222)   ResolvedMethodTable Weak       Min:  0.0, Avg:  0.0, Max:  0.0, Diff:  0.0, Sum:  0.1, Workers: 4
[7322.162s][debug][gc,phases      ] GC(222)     Dead                           Min: 0, Avg:  0.0, Max: 0, Diff: 0, Sum: 0, Workers: 4
[7322.162s][debug][gc,phases      ] GC(222)     Total                          Min: 0, Avg: 3604.5, Max: 5182, Diff: 5182, Sum: 14418, Workers: 4
[7322.162s][debug][gc,phases      ] GC(222)   JNI Weak                       Min:  0.0, Avg:  0.0, Max:  0.0, Diff:  0.0, Sum:  0.0, Workers: 4
[7322.162s][debug][gc,phases      ] GC(222)     Dead                           Min: 0, Avg:  0.0, Max: 0, Diff: 0, Sum: 0, Workers: 4
[7322.162s][debug][gc,phases      ] GC(222)     Total                          Min: 0, Avg: 12.0, Max: 48, Diff: 48, Sum: 48, Workers: 4
[7322.162s][debug][gc,phases      ] GC(222)   StringDedup Table Weak         Min:  0.0, Avg:  0.0, Max:  0.0, Diff:  0.0, Sum:  0.0, Workers: 4
[7322.162s][debug][gc,phases      ] GC(222)     Dead                           Min: 0, Avg:  0.0, Max: 0, Diff: 0, Sum: 0, Workers: 4
[7322.162s][debug][gc,phases      ] GC(222)     Total                          Min: 0, Avg:  0.0, Max: 0, Diff: 0, Sum: 0, Workers: 4
[7322.162s][debug][gc,phases      ] GC(222)   StringDedup Requests0 Weak     Min:  0.0, Avg:  0.0, Max:  0.0, Diff:  0.0, Sum:  0.0, Workers: 4
[7322.162s][debug][gc,phases      ] GC(222)     Dead                           Min: 0, Avg:  0.0, Max: 0, Diff: 0, Sum: 0, Workers: 4
[7322.162s][debug][gc,phases      ] GC(222)     Total                          Min: 0, Avg:  0.0, Max: 0, Diff: 0, Sum: 0, Workers: 4
[7322.162s][debug][gc,phases      ] GC(222)   StringDedup Requests1 Weak     Min:  0.0, Avg:  0.0, Max:  0.0, Diff:  0.0, Sum:  0.0, Workers: 4
[7322.162s][debug][gc,phases      ] GC(222)     Dead                           Min: 0, Avg:  0.0, Max: 0, Diff: 0, Sum: 0, Workers: 4
[7322.162s][debug][gc,phases      ] GC(222)     Total                          Min: 0, Avg:  0.0, Max: 0, Diff: 0, Sum: 0, Workers: 4
[7322.162s][debug][gc,phases      ] GC(222)   Weak JFR Old Object Samples    Min:  0.0, Avg:  0.0, Max:  0.0, Diff:  0.0, Sum:  0.0, Workers: 4
[7322.162s][debug][gc,phases      ] GC(222)     Dead                           Min: 0, Avg:  0.0, Max: 0, Diff: 0, Sum: 0, Workers: 4
[7322.162s][debug][gc,phases      ] GC(222)     Total                          Min: 0, Avg:  0.0, Max: 0, Diff: 0, Sum: 0, Workers: 4
[7322.162s][debug][gc,phases      ] GC(222) Weak Processing 0.458ms
[7322.162s][debug][gc,age         ] GC(222) Desired survivor size 209715200 bytes, new threshold 14 (max threshold 15)
[7322.162s][info ][gc,heap        ] GC(222) PSYoungGen: 1775562K(1888256K)->92187K(1881600K) Eden: 1672704K(1672704K)->0K(1672704K) From: 102858K(215552K)->92187K(208896K)
[7322.162s][info ][gc,heap        ] GC(222) ParOldGen: 533355K(622592K)->544332K(622592K)
[7322.162s][info ][gc,metaspace   ] GC(222) Metaspace: 100436K(101568K)->100436K(101568K) NonClass: 86005K(86656K)->86005K(86656K) Class: 14430K(14912K)->14430K(14912K)
[7322.162s][info ][gc             ] GC(222) Pause Young (Allocation Failure) 2254M->621M(2445M) 28.471ms
[7322.162s][info ][gc,cpu         ] GC(222) User=0.11s Sys=0.00s Real=0.03s
[7322.162s][info ][safepoint      ] Safepoint "ParallelGCFailedAllocation", Time since last: 2388413031 ns, Reaching safepoint: 88003 ns, Cleanup: 3600 ns, At safepoint: 28565891 ns, Total: 28657494 ns
[7324.168s][info ][safepoint      ] Safepoint "Cleanup", Time since last: 2005625555 ns, Reaching safepoint: 12801 ns, Cleanup: 13000 ns, At safepoint: 3300 ns, Total: 29101 ns
[7340.950s][info ][gc,start       ] GC(223) Pause Young (Allocation Failure)
[7340.979s][debug][gc,phases      ] GC(223) Scavenge 29.397ms
[7340.979s][debug][gc,ref         ] GC(223) ReferenceProcessor::execute queues: 1, RefProcThreadModel::Single, marks_oops_alive: false
[7340.979s][debug][gc,ref         ] GC(223) Skipped KeepAliveFinalRefsPhase of Reference Processing: no references
[7340.979s][debug][gc,ref         ] GC(223) ReferenceProcessor::execute queues: 1, RefProcThreadModel::Single, marks_oops_alive: false
[7340.979s][debug][gc,phases      ] GC(223) Reference Processing 0.192ms
[7340.980s][debug][gc,phases      ] GC(223)   VM Weak                        Min:  0.0, Avg:  0.0, Max:  0.0, Diff:  0.0, Sum:  0.0, Workers: 4
[7340.980s][debug][gc,phases      ] GC(223)     Dead                           Min: 0, Avg:  0.0, Max: 0, Diff: 0, Sum: 0, Workers: 4
[7340.980s][debug][gc,phases      ] GC(223)     Total                          Min: 0, Avg: 216.0, Max: 464, Diff: 464, Sum: 864, Workers: 4
[7340.980s][debug][gc,phases      ] GC(223)   ObjectSynchronizer Weak        Min:  0.0, Avg:  0.0, Max:  0.0, Diff:  0.0, Sum:  0.0, Workers: 4
[7340.980s][debug][gc,phases      ] GC(223)     Dead                           Min: 0, Avg:  0.0, Max: 0, Diff: 0, Sum: 0, Workers: 4
[7340.980s][debug][gc,phases      ] GC(223)     Total                          Min: 0, Avg:  0.8, Max: 3, Diff: 3, Sum: 3, Workers: 4
[7340.980s][debug][gc,phases      ] GC(223)   JVMTI Tag Weak OopStorage      Min:  0.0, Avg:  0.0, Max:  0.0, Diff:  0.0, Sum:  0.0, Workers: 4
[7340.980s][debug][gc,phases      ] GC(223)     Dead                           Min: 0, Avg:  0.0, Max: 0, Diff: 0, Sum: 0, Workers: 4
[7340.980s][debug][gc,phases      ] GC(223)     Total                          Min: 0, Avg:  0.0, Max: 0, Diff: 0, Sum: 0, Workers: 4
[7340.980s][debug][gc,phases      ] GC(223)   StringTable Weak               Min:  0.0, Avg:  0.1, Max:  0.1, Diff:  0.1, Sum:  0.4, Workers: 4
[7340.980s][debug][gc,phases      ] GC(223)     Dead                           Min: 0, Avg:  0.0, Max: 0, Diff: 0, Sum: 0, Workers: 4
[7340.980s][debug][gc,phases      ] GC(223)     Total                          Min: 0, Avg: 12485.0, Max: 17278, Diff: 17278, Sum: 49940, Workers: 4
[7340.980s][debug][gc,phases      ] GC(223)   ResolvedMethodTable Weak       Min:  0.0, Avg:  0.0, Max:  0.0, Diff:  0.0, Sum:  0.1, Workers: 4
[7340.980s][debug][gc,phases      ] GC(223)     Dead                           Min: 0, Avg:  0.0, Max: 0, Diff: 0, Sum: 0, Workers: 4
[7340.980s][debug][gc,phases      ] GC(223)     Total                          Min: 0, Avg: 3604.5, Max: 5374, Diff: 5374, Sum: 14418, Workers: 4
[7340.980s][debug][gc,phases      ] GC(223)   JNI Weak                       Min:  0.0, Avg:  0.0, Max:  0.0, Diff:  0.0, Sum:  0.0, Workers: 4
[7340.980s][debug][gc,phases      ] GC(223)     Dead                           Min: 0, Avg:  0.0, Max: 0, Diff: 0, Sum: 0, Workers: 4
[7340.980s][debug][gc,phases      ] GC(223)     Total                          Min: 0, Avg: 12.0, Max: 48, Diff: 48, Sum: 48, Workers: 4
[7340.980s][debug][gc,phases      ] GC(223)   StringDedup Table Weak         Min:  0.0, Avg:  0.0, Max:  0.0, Diff:  0.0, Sum:  0.0, Workers: 4
[7340.980s][debug][gc,phases      ] GC(223)     Dead                           Min: 0, Avg:  0.0, Max: 0, Diff: 0, Sum: 0, Workers: 4
[7340.980s][debug][gc,phases      ] GC(223)     Total                          Min: 0, Avg:  0.0, Max: 0, Diff: 0, Sum: 0, Workers: 4
[7340.980s][debug][gc,phases      ] GC(223)   StringDedup Requests0 Weak     Min:  0.0, Avg:  0.0, Max:  0.0, Diff:  0.0, Sum:  0.0, Workers: 4
[7340.980s][debug][gc,phases      ] GC(223)     Dead                           Min: 0, Avg:  0.0, Max: 0, Diff: 0, Sum: 0, Workers: 4
[7340.980s][debug][gc,phases      ] GC(223)     Total                          Min: 0, Avg:  0.0, Max: 0, Diff: 0, Sum: 0, Workers: 4
[7340.980s][debug][gc,phases      ] GC(223)   StringDedup Requests1 Weak     Min:  0.0, Avg:  0.0, Max:  0.0, Diff:  0.0, Sum:  0.0, Workers: 4
[7340.980s][debug][gc,phases      ] GC(223)     Dead                           Min: 0, Avg:  0.0, Max: 0, Diff: 0, Sum: 0, Workers: 4
[7340.980s][debug][gc,phases      ] GC(223)     Total                          Min: 0, Avg:  0.0, Max: 0, Diff: 0, Sum: 0, Workers: 4
[7340.980s][debug][gc,phases      ] GC(223)   Weak JFR Old Object Samples    Min:  0.0, Avg:  0.0, Max:  0.0, Diff:  0.0, Sum:  0.0, Workers: 4
[7340.980s][debug][gc,phases      ] GC(223)     Dead                           Min: 0, Avg:  0.0, Max: 0, Diff: 0, Sum: 0, Workers: 4
[7340.980s][debug][gc,phases      ] GC(223)     Total                          Min: 0, Avg:  0.0, Max: 0, Diff: 0, Sum: 0, Workers: 4
[7340.980s][debug][gc,phases      ] GC(223) Weak Processing 0.441ms
[7340.980s][debug][gc,age         ] GC(223) Desired survivor size 204472320 bytes, new threshold 15 (max threshold 15)
[7340.980s][info ][gc,heap        ] GC(223) PSYoungGen: 1764891K(1881600K)->94186K(1897472K) Eden: 1672704K(1672704K)->0K(1692672K) From: 92187K(208896K)->94186K(204800K)
[7340.980s][info ][gc,heap        ] GC(223) ParOldGen: 544332K(622592K)->548882K(622592K)
[7340.980s][info ][gc,metaspace   ] GC(223) Metaspace: 100438K(101568K)->100438K(101568K) NonClass: 86007K(86656K)->86007K(86656K) Class: 14430K(14912K)->14430K(14912K)
[7340.980s][info ][gc             ] GC(223) Pause Young (Allocation Failure) 2255M->627M(2461M) 30.187ms
[7340.980s][info ][gc,cpu         ] GC(223) User=0.09s Sys=0.02s Real=0.03s
[7340.980s][info ][safepoint      ] Safepoint "ParallelGCFailedAllocation", Time since last: 16781498331 ns, Reaching safepoint: 83803 ns, Cleanup: 4000 ns, At safepoint: 30297718 ns, Total: 30385521 ns
[7341.980s][info ][safepoint      ] Safepoint "Cleanup", Time since last: 1000092497 ns, Reaching safepoint: 8400 ns, Cleanup: 10300 ns, At safepoint: 2400 ns, Total: 21100 ns
[7351.981s][info ][safepoint      ] Safepoint "Cleanup", Time since last: 10000723546 ns, Reaching safepoint: 9700 ns, Cleanup: 19001 ns, At safepoint: 2600 ns, Total: 31301 ns
[7359.981s][info ][safepoint      ] Safepoint "Cleanup", Time since last: 8000606423 ns, Reaching safepoint: 9001 ns, Cleanup: 12300 ns, At safepoint: 2200 ns, Total: 23501 ns
[7362.982s][info ][safepoint      ] Safepoint "Cleanup", Time since last: 3000252632 ns, Reaching safepoint: 9201 ns, Cleanup: 11100 ns, At safepoint: 6000 ns, Total: 26301 ns
[7367.982s][info ][safepoint      ] Safepoint "Cleanup", Time since last: 5000355875 ns, Reaching safepoint: 8501 ns, Cleanup: 14100 ns, At safepoint: 26901 ns, Total: 49502 ns
[7368.140s][info ][gc,start       ] GC(224) Pause Young (Allocation Failure)
[7368.163s][debug][gc,phases      ] GC(224) Scavenge 23.117ms
[7368.164s][debug][gc,ref         ] GC(224) ReferenceProcessor::execute queues: 1, RefProcThreadModel::Single, marks_oops_alive: false
[7368.164s][debug][gc,ref         ] GC(224) Skipped KeepAliveFinalRefsPhase of Reference Processing: no references
[7368.164s][debug][gc,ref         ] GC(224) ReferenceProcessor::execute queues: 1, RefProcThreadModel::Single, marks_oops_alive: false
[7368.164s][debug][gc,phases      ] GC(224) Reference Processing 0.126ms
[7368.164s][debug][gc,phases      ] GC(224)   VM Weak                        Min:  0.0, Avg:  0.0, Max:  0.0, Diff:  0.0, Sum:  0.0, Workers: 4
[7368.164s][debug][gc,phases      ] GC(224)     Dead                           Min: 0, Avg:  0.0, Max: 0, Diff: 0, Sum: 0, Workers: 4
[7368.164s][debug][gc,phases      ] GC(224)     Total                          Min: 0, Avg: 216.0, Max: 864, Diff: 864, Sum: 864, Workers: 4
[7368.164s][debug][gc,phases      ] GC(224)   ObjectSynchronizer Weak        Min:  0.0, Avg:  0.0, Max:  0.0, Diff:  0.0, Sum:  0.0, Workers: 4
[7368.164s][debug][gc,phases      ] GC(224)     Dead                           Min: 0, Avg:  0.0, Max: 0, Diff: 0, Sum: 0, Workers: 4
[7368.164s][debug][gc,phases      ] GC(224)     Total                          Min: 0, Avg:  1.0, Max: 4, Diff: 4, Sum: 4, Workers: 4
[7368.164s][debug][gc,phases      ] GC(224)   JVMTI Tag Weak OopStorage      Min:  0.0, Avg:  0.0, Max:  0.0, Diff:  0.0, Sum:  0.0, Workers: 4
[7368.164s][debug][gc,phases      ] GC(224)     Dead                           Min: 0, Avg:  0.0, Max: 0, Diff: 0, Sum: 0, Workers: 4
[7368.164s][debug][gc,phases      ] GC(224)     Total                          Min: 0, Avg:  0.0, Max: 0, Diff: 0, Sum: 0, Workers: 4
[7368.164s][debug][gc,phases      ] GC(224)   StringTable Weak               Min:  0.0, Avg:  0.1, Max:  0.2, Diff:  0.2, Sum:  0.5, Workers: 4
[7368.164s][debug][gc,phases      ] GC(224)     Dead                           Min: 0, Avg:  0.0, Max: 0, Diff: 0, Sum: 0, Workers: 4
[7368.164s][debug][gc,phases      ] GC(224)     Total                          Min: 0, Avg: 12486.2, Max: 19292, Diff: 19292, Sum: 49945, Workers: 4
[7368.164s][debug][gc,phases      ] GC(224)   ResolvedMethodTable Weak       Min:  0.0, Avg:  0.0, Max:  0.1, Diff:  0.1, Sum:  0.1, Workers: 4
[7368.164s][debug][gc,phases      ] GC(224)     Dead                           Min: 0, Avg:  0.0, Max: 0, Diff: 0, Sum: 0, Workers: 4
[7368.164s][debug][gc,phases      ] GC(224)     Total                          Min: 0, Avg: 3604.5, Max: 4992, Diff: 4992, Sum: 14418, Workers: 4
[7368.164s][debug][gc,phases      ] GC(224)   JNI Weak                       Min:  0.0, Avg:  0.0, Max:  0.0, Diff:  0.0, Sum:  0.0, Workers: 4
[7368.164s][debug][gc,phases      ] GC(224)     Dead                           Min: 0, Avg:  0.0, Max: 0, Diff: 0, Sum: 0, Workers: 4
[7368.164s][debug][gc,phases      ] GC(224)     Total                          Min: 0, Avg: 12.0, Max: 48, Diff: 48, Sum: 48, Workers: 4
[7368.164s][debug][gc,phases      ] GC(224)   StringDedup Table Weak         Min:  0.0, Avg:  0.0, Max:  0.0, Diff:  0.0, Sum:  0.0, Workers: 4
[7368.164s][debug][gc,phases      ] GC(224)     Dead                           Min: 0, Avg:  0.0, Max: 0, Diff: 0, Sum: 0, Workers: 4
[7368.164s][debug][gc,phases      ] GC(224)     Total                          Min: 0, Avg:  0.0, Max: 0, Diff: 0, Sum: 0, Workers: 4
[7368.164s][debug][gc,phases      ] GC(224)   StringDedup Requests0 Weak     Min:  0.0, Avg:  0.0, Max:  0.0, Diff:  0.0, Sum:  0.0, Workers: 4
[7368.164s][debug][gc,phases      ] GC(224)     Dead                           Min: 0, Avg:  0.0, Max: 0, Diff: 0, Sum: 0, Workers: 4
[7368.164s][debug][gc,phases      ] GC(224)     Total                          Min: 0, Avg:  0.0, Max: 0, Diff: 0, Sum: 0, Workers: 4
[7368.164s][debug][gc,phases      ] GC(224)   StringDedup Requests1 Weak     Min:  0.0, Avg:  0.0, Max:  0.0, Diff:  0.0, Sum:  0.0, Workers: 4
[7368.164s][debug][gc,phases      ] GC(224)     Dead                           Min: 0, Avg:  0.0, Max: 0, Diff: 0, Sum: 0, Workers: 4
[7368.164s][debug][gc,phases      ] GC(224)     Total                          Min: 0, Avg:  0.0, Max: 0, Diff: 0, Sum: 0, Workers: 4
[7368.164s][debug][gc,phases      ] GC(224)   Weak JFR Old Object Samples    Min:  0.0, Avg:  0.0, Max:  0.0, Diff:  0.0, Sum:  0.0, Workers: 4
[7368.164s][debug][gc,phases      ] GC(224)     Dead                           Min: 0, Avg:  0.0, Max: 0, Diff: 0, Sum: 0, Workers: 4
[7368.164s][debug][gc,phases      ] GC(224)     Total                          Min: 0, Avg:  0.0, Max: 0, Diff: 0, Sum: 0, Workers: 4
[7368.164s][debug][gc,phases      ] GC(224) Weak Processing 0.496ms
[7368.164s][debug][gc,age         ] GC(224) Desired survivor size 202899456 bytes, new threshold 15 (max threshold 15)
[7368.164s][info ][gc,heap        ] GC(224) PSYoungGen: 1786858K(1897472K)->73772K(1892352K) Eden: 1692672K(1692672K)->0K(1692672K) From: 94186K(204800K)->73772K(199680K)
[7368.164s][info ][gc,heap        ] GC(224) ParOldGen: 548882K(622592K)->548882K(622592K)
[7368.164s][info ][gc,metaspace   ] GC(224) Metaspace: 100441K(101568K)->100441K(101568K) NonClass: 86011K(86656K)->86011K(86656K) Class: 14430K(14912K)->14430K(14912K)
[7368.164s][info ][gc             ] GC(224) Pause Young (Allocation Failure) 2280M->608M(2456M) 23.895ms
[7368.164s][info ][gc,cpu         ] GC(224) User=0.08s Sys=0.00s Real=0.02s
[7368.164s][info ][safepoint      ] Safepoint "ParallelGCFailedAllocation", Time since last: 157965810 ns, Reaching safepoint: 95904 ns, Cleanup: 4800 ns, At safepoint: 23991283 ns, Total: 24091987 ns
[7375.165s][info ][safepoint      ] Safepoint "Cleanup", Time since last: 7000572414 ns, Reaching safepoint: 8000 ns, Cleanup: 31801 ns, At safepoint: 5600 ns, Total: 45401 ns
[7392.185s][info ][safepoint      ] Safepoint "Cleanup", Time since last: 17019597327 ns, Reaching safepoint: 80902 ns, Cleanup: 8101 ns, At safepoint: 28501 ns, Total: 117504 ns
[7399.939s][info ][gc,start       ] GC(225) Pause Young (Allocation Failure)
[7399.959s][debug][gc,phases      ] GC(225) Scavenge 19.576ms
[7399.959s][debug][gc,ref         ] GC(225) ReferenceProcessor::execute queues: 1, RefProcThreadModel::Single, marks_oops_alive: false
[7399.959s][debug][gc,ref         ] GC(225) Skipped KeepAliveFinalRefsPhase of Reference Processing: no references
[7399.959s][debug][gc,ref         ] GC(225) ReferenceProcessor::execute queues: 1, RefProcThreadModel::Single, marks_oops_alive: false
[7399.959s][debug][gc,phases      ] GC(225) Reference Processing 0.131ms
[7399.959s][debug][gc,phases      ] GC(225)   VM Weak                        Min:  0.0, Avg:  0.0, Max:  0.0, Diff:  0.0, Sum:  0.0, Workers: 4
[7399.959s][debug][gc,phases      ] GC(225)     Dead                           Min: 0, Avg:  0.0, Max: 0, Diff: 0, Sum: 0, Workers: 4
[7399.959s][debug][gc,phases      ] GC(225)     Total                          Min: 0, Avg: 216.0, Max: 747, Diff: 747, Sum: 864, Workers: 4
[7399.959s][debug][gc,phases      ] GC(225)   ObjectSynchronizer Weak        Min:  0.0, Avg:  0.0, Max:  0.0, Diff:  0.0, Sum:  0.0, Workers: 4
[7399.959s][debug][gc,phases      ] GC(225)     Dead                           Min: 0, Avg:  0.0, Max: 0, Diff: 0, Sum: 0, Workers: 4
[7399.959s][debug][gc,phases      ] GC(225)     Total                          Min: 0, Avg:  0.8, Max: 3, Diff: 3, Sum: 3, Workers: 4
[7399.959s][debug][gc,phases      ] GC(225)   JVMTI Tag Weak OopStorage      Min:  0.0, Avg:  0.0, Max:  0.0, Diff:  0.0, Sum:  0.0, Workers: 4
[7399.959s][debug][gc,phases      ] GC(225)     Dead                           Min: 0, Avg:  0.0, Max: 0, Diff: 0, Sum: 0, Workers: 4
[7399.959s][debug][gc,phases      ] GC(225)     Total                          Min: 0, Avg:  0.0, Max: 0, Diff: 0, Sum: 0, Workers: 4
[7399.959s][debug][gc,phases      ] GC(225)   StringTable Weak               Min:  0.0, Avg:  0.1, Max:  0.2, Diff:  0.2, Sum:  0.4, Workers: 4
[7399.959s][debug][gc,phases      ] GC(225)     Dead                           Min: 0, Avg:  0.0, Max: 0, Diff: 0, Sum: 0, Workers: 4
[7399.959s][debug][gc,phases      ] GC(225)     Total                          Min: 0, Avg: 12486.2, Max: 17692, Diff: 17692, Sum: 49945, Workers: 4
[7399.959s][debug][gc,phases      ] GC(225)   ResolvedMethodTable Weak       Min:  0.0, Avg:  0.0, Max:  0.0, Diff:  0.0, Sum:  0.1, Workers: 4
[7399.959s][debug][gc,phases      ] GC(225)     Dead                           Min: 0, Avg:  0.0, Max: 0, Diff: 0, Sum: 0, Workers: 4
[7399.959s][debug][gc,phases      ] GC(225)     Total                          Min: 0, Avg: 3604.5, Max: 5183, Diff: 5183, Sum: 14418, Workers: 4
[7399.959s][debug][gc,phases      ] GC(225)   JNI Weak                       Min:  0.0, Avg:  0.0, Max:  0.0, Diff:  0.0, Sum:  0.0, Workers: 4
[7399.959s][debug][gc,phases      ] GC(225)     Dead                           Min: 0, Avg:  0.0, Max: 0, Diff: 0, Sum: 0, Workers: 4
[7399.959s][debug][gc,phases      ] GC(225)     Total                          Min: 0, Avg: 12.0, Max: 48, Diff: 48, Sum: 48, Workers: 4
[7399.959s][debug][gc,phases      ] GC(225)   StringDedup Table Weak         Min:  0.0, Avg:  0.0, Max:  0.0, Diff:  0.0, Sum:  0.0, Workers: 4
[7399.959s][debug][gc,phases      ] GC(225)     Dead                           Min: 0, Avg:  0.0, Max: 0, Diff: 0, Sum: 0, Workers: 4
[7399.959s][debug][gc,phases      ] GC(225)     Total                          Min: 0, Avg:  0.0, Max: 0, Diff: 0, Sum: 0, Workers: 4
[7399.959s][debug][gc,phases      ] GC(225)   StringDedup Requests0 Weak     Min:  0.0, Avg:  0.0, Max:  0.0, Diff:  0.0, Sum:  0.0, Workers: 4
[7399.959s][debug][gc,phases      ] GC(225)     Dead                           Min: 0, Avg:  0.0, Max: 0, Diff: 0, Sum: 0, Workers: 4
[7399.959s][debug][gc,phases      ] GC(225)     Total                          Min: 0, Avg:  0.0, Max: 0, Diff: 0, Sum: 0, Workers: 4
[7399.959s][debug][gc,phases      ] GC(225)   StringDedup Requests1 Weak     Min:  0.0, Avg:  0.0, Max:  0.0, Diff:  0.0, Sum:  0.0, Workers: 4
[7399.959s][debug][gc,phases      ] GC(225)     Dead                           Min: 0, Avg:  0.0, Max: 0, Diff: 0, Sum: 0, Workers: 4
[7399.959s][debug][gc,phases      ] GC(225)     Total                          Min: 0, Avg:  0.0, Max: 0, Diff: 0, Sum: 0, Workers: 4
[7399.959s][debug][gc,phases      ] GC(225)   Weak JFR Old Object Samples    Min:  0.0, Avg:  0.0, Max:  0.0, Diff:  0.0, Sum:  0.0, Workers: 4
[7399.959s][debug][gc,phases      ] GC(225)     Dead                           Min: 0, Avg:  0.0, Max: 0, Diff: 0, Sum: 0, Workers: 4
[7399.959s][debug][gc,phases      ] GC(225)     Total                          Min: 0, Avg:  0.0, Max: 0, Diff: 0, Sum: 0, Workers: 4
[7399.959s][debug][gc,phases      ] GC(225) Weak Processing 0.452ms
[7399.959s][debug][gc,age         ] GC(225) Desired survivor size 200278016 bytes, new threshold 15 (max threshold 15)
[7399.959s][info ][gc,heap        ] GC(225) PSYoungGen: 1766444K(1892352K)->73516K(1901568K) Eden: 1692672K(1692672K)->0K(1703424K) From: 73772K(199680K)->73516K(198144K)
[7399.959s][info ][gc,heap        ] GC(225) ParOldGen: 548882K(622592K)->549375K(622592K)
[7399.959s][info ][gc,metaspace   ] GC(225) Metaspace: 100446K(101568K)->100446K(101568K) NonClass: 86016K(86656K)->86016K(86656K) Class: 14430K(14912K)->14430K(14912K)
[7399.959s][info ][gc             ] GC(225) Pause Young (Allocation Failure) 2261M->608M(2465M) 20.338ms
[7399.959s][info ][gc,cpu         ] GC(225) User=0.07s Sys=0.00s Real=0.03s
[7399.959s][info ][safepoint      ] Safepoint "ParallelGCFailedAllocation", Time since last: 7754370493 ns, Reaching safepoint: 45901 ns, Cleanup: 5101 ns, At safepoint: 20436640 ns, Total: 20487642 ns
[7404.960s][info ][safepoint      ] Safepoint "Cleanup", Time since last: 5000340574 ns, Reaching safepoint: 7500 ns, Cleanup: 10300 ns, At safepoint: 2601 ns, Total: 20401 ns
[7420.961s][info ][safepoint      ] Safepoint "Cleanup", Time since last: 16001034988 ns, Reaching safepoint: 8300 ns, Cleanup: 11701 ns, At safepoint: 27801 ns, Total: 47802 ns
[7431.840s][info ][gc,start       ] GC(226) Pause Young (Allocation Failure)
[7431.860s][debug][gc,phases      ] GC(226) Scavenge 20.516ms
[7431.860s][debug][gc,ref         ] GC(226) ReferenceProcessor::execute queues: 1, RefProcThreadModel::Single, marks_oops_alive: false
[7431.860s][debug][gc,ref         ] GC(226) Skipped KeepAliveFinalRefsPhase of Reference Processing: no references
[7431.860s][debug][gc,ref         ] GC(226) ReferenceProcessor::execute queues: 1, RefProcThreadModel::Single, marks_oops_alive: false
[7431.860s][debug][gc,phases      ] GC(226) Reference Processing 0.136ms
[7431.861s][debug][gc,phases      ] GC(226)   VM Weak                        Min:  0.0, Avg:  0.0, Max:  0.0, Diff:  0.0, Sum:  0.0, Workers: 4
[7431.861s][debug][gc,phases      ] GC(226)     Dead                           Min: 0, Avg:  0.0, Max: 0, Diff: 0, Sum: 0, Workers: 4
[7431.861s][debug][gc,phases      ] GC(226)     Total                          Min: 0, Avg: 216.0, Max: 558, Diff: 558, Sum: 864, Workers: 4
[7431.861s][debug][gc,phases      ] GC(226)   ObjectSynchronizer Weak        Min:  0.0, Avg:  0.0, Max:  0.0, Diff:  0.0, Sum:  0.0, Workers: 4
[7431.861s][debug][gc,phases      ] GC(226)     Dead                           Min: 0, Avg:  0.0, Max: 0, Diff: 0, Sum: 0, Workers: 4
[7431.861s][debug][gc,phases      ] GC(226)     Total                          Min: 0, Avg:  0.8, Max: 3, Diff: 3, Sum: 3, Workers: 4
[7431.861s][debug][gc,phases      ] GC(226)   JVMTI Tag Weak OopStorage      Min:  0.0, Avg:  0.0, Max:  0.0, Diff:  0.0, Sum:  0.0, Workers: 4
[7431.861s][debug][gc,phases      ] GC(226)     Dead                           Min: 0, Avg:  0.0, Max: 0, Diff: 0, Sum: 0, Workers: 4
[7431.861s][debug][gc,phases      ] GC(226)     Total                          Min: 0, Avg:  0.0, Max: 0, Diff: 0, Sum: 0, Workers: 4
[7431.861s][debug][gc,phases      ] GC(226)   StringTable Weak               Min:  0.0, Avg:  0.1, Max:  0.2, Diff:  0.2, Sum:  0.5, Workers: 4
[7431.861s][debug][gc,phases      ] GC(226)     Dead                           Min: 0, Avg:  0.0, Max: 0, Diff: 0, Sum: 0, Workers: 4
[7431.861s][debug][gc,phases      ] GC(226)     Total                          Min: 0, Avg: 12486.5, Max: 17728, Diff: 17728, Sum: 49946, Workers: 4
[7431.861s][debug][gc,phases      ] GC(226)   ResolvedMethodTable Weak       Min:  0.0, Avg:  0.0, Max:  0.0, Diff:  0.0, Sum:  0.1, Workers: 4
[7431.861s][debug][gc,phases      ] GC(226)     Dead                           Min: 0, Avg:  0.0, Max: 0, Diff: 0, Sum: 0, Workers: 4
[7431.861s][debug][gc,phases      ] GC(226)     Total                          Min: 0, Avg: 3604.5, Max: 4948, Diff: 4948, Sum: 14418, Workers: 4
[7431.861s][debug][gc,phases      ] GC(226)   JNI Weak                       Min:  0.0, Avg:  0.0, Max:  0.0, Diff:  0.0, Sum:  0.0, Workers: 4
[7431.861s][debug][gc,phases      ] GC(226)     Dead                           Min: 0, Avg:  0.0, Max: 0, Diff: 0, Sum: 0, Workers: 4
[7431.861s][debug][gc,phases      ] GC(226)     Total                          Min: 0, Avg: 12.0, Max: 48, Diff: 48, Sum: 48, Workers: 4
[7431.861s][debug][gc,phases      ] GC(226)   StringDedup Table Weak         Min:  0.0, Avg:  0.0, Max:  0.0, Diff:  0.0, Sum:  0.0, Workers: 4
[7431.861s][debug][gc,phases      ] GC(226)     Dead                           Min: 0, Avg:  0.0, Max: 0, Diff: 0, Sum: 0, Workers: 4
[7431.861s][debug][gc,phases      ] GC(226)     Total                          Min: 0, Avg:  0.0, Max: 0, Diff: 0, Sum: 0, Workers: 4
[7431.861s][debug][gc,phases      ] GC(226)   StringDedup Requests0 Weak     Min:  0.0, Avg:  0.0, Max:  0.0, Diff:  0.0, Sum:  0.0, Workers: 4
[7431.861s][debug][gc,phases      ] GC(226)     Dead                           Min: 0, Avg:  0.0, Max: 0, Diff: 0, Sum: 0, Workers: 4
[7431.861s][debug][gc,phases      ] GC(226)     Total                          Min: 0, Avg:  0.0, Max: 0, Diff: 0, Sum: 0, Workers: 4
[7431.861s][debug][gc,phases      ] GC(226)   StringDedup Requests1 Weak     Min:  0.0, Avg:  0.0, Max:  0.0, Diff:  0.0, Sum:  0.0, Workers: 4
[7431.861s][debug][gc,phases      ] GC(226)     Dead                           Min: 0, Avg:  0.0, Max: 0, Diff: 0, Sum: 0, Workers: 4
[7431.861s][debug][gc,phases      ] GC(226)     Total                          Min: 0, Avg:  0.0, Max: 0, Diff: 0, Sum: 0, Workers: 4
[7431.861s][debug][gc,phases      ] GC(226)   Weak JFR Old Object Samples    Min:  0.0, Avg:  0.0, Max:  0.0, Diff:  0.0, Sum:  0.0, Workers: 4
[7431.861s][debug][gc,phases      ] GC(226)     Dead                           Min: 0, Avg:  0.0, Max: 0, Diff: 0, Sum: 0, Workers: 4
[7431.861s][debug][gc,phases      ] GC(226)     Total                          Min: 0, Avg:  0.0, Max: 0, Diff: 0, Sum: 0, Workers: 4
[7431.861s][debug][gc,phases      ] GC(226) Weak Processing 0.482ms
[7431.861s][debug][gc,age         ] GC(226) Desired survivor size 197132288 bytes, new threshold 15 (max threshold 15)
[7431.861s][info ][gc,heap        ] GC(226) PSYoungGen: 1776940K(1901568K)->70789K(1899008K) Eden: 1703424K(1703424K)->0K(1703424K) From: 73516K(198144K)->70789K(195584K)
[7431.861s][info ][gc,heap        ] GC(226) ParOldGen: 549375K(622592K)->552223K(622592K)
[7431.861s][info ][gc,metaspace   ] GC(226) Metaspace: 100456K(101568K)->100456K(101568K) NonClass: 86026K(86656K)->86026K(86656K) Class: 14430K(14912K)->14430K(14912K)
[7431.861s][info ][gc             ] GC(226) Pause Young (Allocation Failure) 2271M->608M(2462M) 21.305ms
[7431.861s][info ][gc,cpu         ] GC(226) User=0.08s Sys=0.00s Real=0.02s
[7431.861s][info ][safepoint      ] Safepoint "ParallelGCFailedAllocation", Time since last: 10878508704 ns, Reaching safepoint: 85102 ns, Cleanup: 4400 ns, At safepoint: 21393814 ns, Total: 21483316 ns
[7433.861s][info ][safepoint      ] Safepoint "Cleanup", Time since last: 2000235563 ns, Reaching safepoint: 10400 ns, Cleanup: 14301 ns, At safepoint: 3400 ns, Total: 28101 ns
[7438.862s][info ][safepoint      ] Safepoint "Cleanup", Time since last: 5000363385 ns, Reaching safepoint: 11000 ns, Cleanup: 15001 ns, At safepoint: 3100 ns, Total: 29101 ns
[7441.862s][info ][safepoint      ] Safepoint "Cleanup", Time since last: 3000257480 ns, Reaching safepoint: 7300 ns, Cleanup: 21201 ns, At safepoint: 2400 ns, Total: 30901 ns
[7447.201s][info ][safepoint      ] Safepoint "Cleanup", Time since last: 5339236905 ns, Reaching safepoint: 7300 ns, Cleanup: 11200 ns, At safepoint: 28501 ns, Total: 47001 ns
[7456.202s][info ][safepoint      ] Safepoint "Cleanup", Time since last: 9000630682 ns, Reaching safepoint: 8200 ns, Cleanup: 10100 ns, At safepoint: 2901 ns, Total: 21201 ns
[7456.546s][info ][gc,start       ] GC(227) Pause Young (Allocation Failure)
[7456.578s][debug][gc,phases      ] GC(227) Scavenge 31.683ms
[7456.578s][debug][gc,ref         ] GC(227) ReferenceProcessor::execute queues: 1, RefProcThreadModel::Single, marks_oops_alive: false
[7456.578s][debug][gc,ref         ] GC(227) Skipped KeepAliveFinalRefsPhase of Reference Processing: no references
[7456.578s][debug][gc,ref         ] GC(227) ReferenceProcessor::execute queues: 1, RefProcThreadModel::Single, marks_oops_alive: false
[7456.578s][debug][gc,phases      ] GC(227) Reference Processing 0.125ms
[7456.578s][debug][gc,phases      ] GC(227)   VM Weak                        Min:  0.0, Avg:  0.0, Max:  0.0, Diff:  0.0, Sum:  0.0, Workers: 4
[7456.578s][debug][gc,phases      ] GC(227)     Dead                           Min: 0, Avg:  0.0, Max: 0, Diff: 0, Sum: 0, Workers: 4
[7456.578s][debug][gc,phases      ] GC(227)     Total                          Min: 0, Avg: 216.0, Max: 558, Diff: 558, Sum: 864, Workers: 4
[7456.578s][debug][gc,phases      ] GC(227)   ObjectSynchronizer Weak        Min:  0.0, Avg:  0.0, Max:  0.0, Diff:  0.0, Sum:  0.0, Workers: 4
[7456.578s][debug][gc,phases      ] GC(227)     Dead                           Min: 0, Avg:  0.0, Max: 0, Diff: 0, Sum: 0, Workers: 4
[7456.578s][debug][gc,phases      ] GC(227)     Total                          Min: 0, Avg:  1.0, Max: 4, Diff: 4, Sum: 4, Workers: 4
[7456.578s][debug][gc,phases      ] GC(227)   JVMTI Tag Weak OopStorage      Min:  0.0, Avg:  0.0, Max:  0.0, Diff:  0.0, Sum:  0.0, Workers: 4
[7456.578s][debug][gc,phases      ] GC(227)     Dead                           Min: 0, Avg:  0.0, Max: 0, Diff: 0, Sum: 0, Workers: 4
[7456.578s][debug][gc,phases      ] GC(227)     Total                          Min: 0, Avg:  0.0, Max: 0, Diff: 0, Sum: 0, Workers: 4
[7456.578s][debug][gc,phases      ] GC(227)   StringTable Weak               Min:  0.0, Avg:  0.1, Max:  0.1, Diff:  0.1, Sum:  0.4, Workers: 4
[7456.578s][debug][gc,phases      ] GC(227)     Dead                           Min: 0, Avg:  0.0, Max: 0, Diff: 0, Sum: 0, Workers: 4
[7456.578s][debug][gc,phases      ] GC(227)     Total                          Min: 0, Avg: 12486.5, Max: 17309, Diff: 17309, Sum: 49946, Workers: 4
[7456.578s][debug][gc,phases      ] GC(227)   ResolvedMethodTable Weak       Min:  0.0, Avg:  0.0, Max:  0.0, Diff:  0.0, Sum:  0.1, Workers: 4
[7456.578s][debug][gc,phases      ] GC(227)     Dead                           Min: 0, Avg:  0.0, Max: 0, Diff: 0, Sum: 0, Workers: 4
[7456.578s][debug][gc,phases      ] GC(227)     Total                          Min: 0, Avg: 3604.5, Max: 5118, Diff: 5118, Sum: 14418, Workers: 4
[7456.578s][debug][gc,phases      ] GC(227)   JNI Weak                       Min:  0.0, Avg:  0.0, Max:  0.0, Diff:  0.0, Sum:  0.0, Workers: 4
[7456.578s][debug][gc,phases      ] GC(227)     Dead                           Min: 0, Avg:  0.0, Max: 0, Diff: 0, Sum: 0, Workers: 4
[7456.578s][debug][gc,phases      ] GC(227)     Total                          Min: 0, Avg: 12.0, Max: 48, Diff: 48, Sum: 48, Workers: 4
[7456.578s][debug][gc,phases      ] GC(227)   StringDedup Table Weak         Min:  0.0, Avg:  0.0, Max:  0.0, Diff:  0.0, Sum:  0.0, Workers: 4
[7456.578s][debug][gc,phases      ] GC(227)     Dead                           Min: 0, Avg:  0.0, Max: 0, Diff: 0, Sum: 0, Workers: 4
[7456.578s][debug][gc,phases      ] GC(227)     Total                          Min: 0, Avg:  0.0, Max: 0, Diff: 0, Sum: 0, Workers: 4
[7456.578s][debug][gc,phases      ] GC(227)   StringDedup Requests0 Weak     Min:  0.0, Avg:  0.0, Max:  0.0, Diff:  0.0, Sum:  0.0, Workers: 4
[7456.578s][debug][gc,phases      ] GC(227)     Dead                           Min: 0, Avg:  0.0, Max: 0, Diff: 0, Sum: 0, Workers: 4
[7456.578s][debug][gc,phases      ] GC(227)     Total                          Min: 0, Avg:  0.0, Max: 0, Diff: 0, Sum: 0, Workers: 4
[7456.578s][debug][gc,phases      ] GC(227)   StringDedup Requests1 Weak     Min:  0.0, Avg:  0.0, Max:  0.0, Diff:  0.0, Sum:  0.0, Workers: 4
[7456.578s][debug][gc,phases      ] GC(227)     Dead                           Min: 0, Avg:  0.0, Max: 0, Diff: 0, Sum: 0, Workers: 4
[7456.578s][debug][gc,phases      ] GC(227)     Total                          Min: 0, Avg:  0.0, Max: 0, Diff: 0, Sum: 0, Workers: 4
[7456.578s][debug][gc,phases      ] GC(227)   Weak JFR Old Object Samples    Min:  0.0, Avg:  0.0, Max:  0.0, Diff:  0.0, Sum:  0.0, Workers: 4
[7456.578s][debug][gc,phases      ] GC(227)     Dead                           Min: 0, Avg:  0.0, Max: 0, Diff: 0, Sum: 0, Workers: 4
[7456.578s][debug][gc,phases      ] GC(227)     Total                          Min: 0, Avg:  0.0, Max: 0, Diff: 0, Sum: 0, Workers: 4
[7456.578s][debug][gc,phases      ] GC(227) Weak Processing 0.439ms
[7456.578s][debug][gc,age         ] GC(227) Desired survivor size 191889408 bytes, new threshold 15 (max threshold 15)
[7456.578s][info ][gc,heap        ] GC(227) PSYoungGen: 1774213K(1899008K)->81037K(1909760K) Eden: 1703424K(1703424K)->0K(1717248K) From: 70789K(195584K)->81037K(192512K)
[7456.578s][info ][gc,heap        ] GC(227) ParOldGen: 552223K(622592K)->554576K(622592K)
[7456.579s][info ][gc,metaspace   ] GC(227) Metaspace: 100457K(101568K)->100457K(101568K) NonClass: 86026K(86656K)->86026K(86656K) Class: 14430K(14912K)->14430K(14912K)
[7456.579s][info ][gc             ] GC(227) Pause Young (Allocation Failure) 2271M->620M(2473M) 32.393ms
[7456.579s][info ][gc,cpu         ] GC(227) User=0.11s Sys=0.00s Real=0.03s
[7456.579s][info ][safepoint      ] Safepoint "ParallelGCFailedAllocation", Time since last: 344260847 ns, Reaching safepoint: 84102 ns, Cleanup: 4001 ns, At safepoint: 32481161 ns, Total: 32569264 ns
[7465.579s][info ][safepoint      ] Safepoint "Cleanup", Time since last: 9000590563 ns, Reaching safepoint: 8501 ns, Cleanup: 14000 ns, At safepoint: 3300 ns, Total: 25801 ns
[7466.579s][info ][safepoint      ] Safepoint "Cleanup", Time since last: 1000110724 ns, Reaching safepoint: 9300 ns, Cleanup: 12601 ns, At safepoint: 2500 ns, Total: 24401 ns
[7471.580s][info ][safepoint      ] Safepoint "Cleanup", Time since last: 5000412608 ns, Reaching safepoint: 9000 ns, Cleanup: 10801 ns, At safepoint: 2300 ns, Total: 22101 ns
[7475.580s][info ][safepoint      ] Safepoint "Cleanup", Time since last: 4000299184 ns, Reaching safepoint: 9000 ns, Cleanup: 11600 ns, At safepoint: 2400 ns, Total: 23000 ns
[7476.580s][info ][safepoint      ] Safepoint "Cleanup", Time since last: 1000120673 ns, Reaching safepoint: 12200 ns, Cleanup: 22901 ns, At safepoint: 2800 ns, Total: 37901 ns
[7477.580s][info ][safepoint      ] Safepoint "Cleanup", Time since last: 1000118822 ns, Reaching safepoint: 12200 ns, Cleanup: 10300 ns, At safepoint: 33402 ns, Total: 55902 ns
[7479.736s][info ][gc,start       ] GC(228) Pause Young (Allocation Failure)
[7479.764s][debug][gc,phases      ] GC(228) Scavenge 28.122ms
[7479.764s][debug][gc,ref         ] GC(228) ReferenceProcessor::execute queues: 1, RefProcThreadModel::Single, marks_oops_alive: false
[7479.764s][debug][gc,ref         ] GC(228) Skipped KeepAliveFinalRefsPhase of Reference Processing: no references
[7479.764s][debug][gc,ref         ] GC(228) ReferenceProcessor::execute queues: 1, RefProcThreadModel::Single, marks_oops_alive: false
[7479.764s][debug][gc,phases      ] GC(228) Reference Processing 0.141ms
[7479.764s][debug][gc,phases      ] GC(228)   VM Weak                        Min:  0.0, Avg:  0.0, Max:  0.0, Diff:  0.0, Sum:  0.0, Workers: 4
[7479.764s][debug][gc,phases      ] GC(228)     Dead                           Min: 0, Avg:  0.0, Max: 0, Diff: 0, Sum: 0, Workers: 4
[7479.764s][debug][gc,phases      ] GC(228)     Total                          Min: 0, Avg: 216.0, Max: 864, Diff: 864, Sum: 864, Workers: 4
[7479.764s][debug][gc,phases      ] GC(228)   ObjectSynchronizer Weak        Min:  0.0, Avg:  0.0, Max:  0.0, Diff:  0.0, Sum:  0.0, Workers: 4
[7479.764s][debug][gc,phases      ] GC(228)     Dead                           Min: 0, Avg:  0.0, Max: 0, Diff: 0, Sum: 0, Workers: 4
[7479.764s][debug][gc,phases      ] GC(228)     Total                          Min: 0, Avg:  1.2, Max: 5, Diff: 5, Sum: 5, Workers: 4
[7479.764s][debug][gc,phases      ] GC(228)   JVMTI Tag Weak OopStorage      Min:  0.0, Avg:  0.0, Max:  0.0, Diff:  0.0, Sum:  0.0, Workers: 4
[7479.764s][debug][gc,phases      ] GC(228)     Dead                           Min: 0, Avg:  0.0, Max: 0, Diff: 0, Sum: 0, Workers: 4
[7479.764s][debug][gc,phases      ] GC(228)     Total                          Min: 0, Avg:  0.0, Max: 0, Diff: 0, Sum: 0, Workers: 4
[7479.764s][debug][gc,phases      ] GC(228)   StringTable Weak               Min:  0.0, Avg:  0.1, Max:  0.2, Diff:  0.2, Sum:  0.5, Workers: 4
[7479.764s][debug][gc,phases      ] GC(228)     Dead                           Min: 0, Avg:  0.0, Max: 0, Diff: 0, Sum: 0, Workers: 4
[7479.764s][debug][gc,phases      ] GC(228)     Total                          Min: 0, Avg: 12486.5, Max: 19165, Diff: 19165, Sum: 49946, Workers: 4
[7479.764s][debug][gc,phases      ] GC(228)   ResolvedMethodTable Weak       Min:  0.0, Avg:  0.0, Max:  0.0, Diff:  0.0, Sum:  0.1, Workers: 4
[7479.764s][debug][gc,phases      ] GC(228)     Dead                           Min: 0, Avg:  0.0, Max: 0, Diff: 0, Sum: 0, Workers: 4
[7479.764s][debug][gc,phases      ] GC(228)     Total                          Min: 0, Avg: 3604.5, Max: 4948, Diff: 4948, Sum: 14418, Workers: 4
[7479.764s][debug][gc,phases      ] GC(228)   JNI Weak                       Min:  0.0, Avg:  0.0, Max:  0.0, Diff:  0.0, Sum:  0.0, Workers: 4
[7479.764s][debug][gc,phases      ] GC(228)     Dead                           Min: 0, Avg:  0.0, Max: 0, Diff: 0, Sum: 0, Workers: 4
[7479.764s][debug][gc,phases      ] GC(228)     Total                          Min: 0, Avg: 12.0, Max: 48, Diff: 48, Sum: 48, Workers: 4
[7479.764s][debug][gc,phases      ] GC(228)   StringDedup Table Weak         Min:  0.0, Avg:  0.0, Max:  0.0, Diff:  0.0, Sum:  0.0, Workers: 4
[7479.764s][debug][gc,phases      ] GC(228)     Dead                           Min: 0, Avg:  0.0, Max: 0, Diff: 0, Sum: 0, Workers: 4
[7479.764s][debug][gc,phases      ] GC(228)     Total                          Min: 0, Avg:  0.0, Max: 0, Diff: 0, Sum: 0, Workers: 4
[7479.764s][debug][gc,phases      ] GC(228)   StringDedup Requests0 Weak     Min:  0.0, Avg:  0.0, Max:  0.0, Diff:  0.0, Sum:  0.0, Workers: 4
[7479.764s][debug][gc,phases      ] GC(228)     Dead                           Min: 0, Avg:  0.0, Max: 0, Diff: 0, Sum: 0, Workers: 4
[7479.764s][debug][gc,phases      ] GC(228)     Total                          Min: 0, Avg:  0.0, Max: 0, Diff: 0, Sum: 0, Workers: 4
[7479.764s][debug][gc,phases      ] GC(228)   StringDedup Requests1 Weak     Min:  0.0, Avg:  0.0, Max:  0.0, Diff:  0.0, Sum:  0.0, Workers: 4
[7479.764s][debug][gc,phases      ] GC(228)     Dead                           Min: 0, Avg:  0.0, Max: 0, Diff: 0, Sum: 0, Workers: 4
[7479.765s][debug][gc,phases      ] GC(228)     Total                          Min: 0, Avg:  0.0, Max: 0, Diff: 0, Sum: 0, Workers: 4
[7479.765s][debug][gc,phases      ] GC(228)   Weak JFR Old Object Samples    Min:  0.0, Avg:  0.0, Max:  0.0, Diff:  0.0, Sum:  0.0, Workers: 4
[7479.765s][debug][gc,phases      ] GC(228)     Dead                           Min: 0, Avg:  0.0, Max: 0, Diff: 0, Sum: 0, Workers: 4
[7479.765s][debug][gc,phases      ] GC(228)     Total                          Min: 0, Avg:  0.0, Max: 0, Diff: 0, Sum: 0, Workers: 4
[7479.765s][debug][gc,phases      ] GC(228) Weak Processing 0.505ms
[7479.765s][debug][gc,age         ] GC(228) Desired survivor size 186122240 bytes, new threshold 15 (max threshold 15)
[7479.765s][info ][gc,heap        ] GC(228) PSYoungGen: 1798285K(1909760K)->80853K(1904640K) Eden: 1717248K(1717248K)->0K(1717248K) From: 81037K(192512K)->80853K(187392K)
[7479.765s][info ][gc,heap        ] GC(228) ParOldGen: 554576K(622592K)->555756K(622592K)
[7479.765s][info ][gc,metaspace   ] GC(228) Metaspace: 100461K(101568K)->100461K(101568K) NonClass: 86031K(86656K)->86031K(86656K) Class: 14430K(14912K)->14430K(14912K)
[7479.765s][info ][gc             ] GC(228) Pause Young (Allocation Failure) 2297M->621M(2468M) 28.935ms
[7479.765s][info ][gc,cpu         ] GC(228) User=0.11s Sys=0.00s Real=0.03s
[7479.765s][info ][safepoint      ] Safepoint "ParallelGCFailedAllocation", Time since last: 2155199161 ns, Reaching safepoint: 8300 ns, Cleanup: 3900 ns, At safepoint: 29031997 ns, Total: 29044197 ns
[7501.767s][info ][safepoint      ] Safepoint "Cleanup", Time since last: 22001970982 ns, Reaching safepoint: 9600 ns, Cleanup: 19001 ns, At safepoint: 2600 ns, Total: 31201 ns
[7504.217s][info ][safepoint      ] Safepoint "Cleanup", Time since last: 2450472309 ns, Reaching safepoint: 12901 ns, Cleanup: 13800 ns, At safepoint: 3500 ns, Total: 30201 ns
[7505.771s][info ][gc,start       ] GC(229) Pause Young (Allocation Failure)
[7505.799s][debug][gc,phases      ] GC(229) Scavenge 28.250ms
[7505.799s][debug][gc,ref         ] GC(229) ReferenceProcessor::execute queues: 1, RefProcThreadModel::Single, marks_oops_alive: false
[7505.799s][debug][gc,ref         ] GC(229) Skipped KeepAliveFinalRefsPhase of Reference Processing: no references
[7505.799s][debug][gc,ref         ] GC(229) ReferenceProcessor::execute queues: 1, RefProcThreadModel::Single, marks_oops_alive: false
[7505.799s][debug][gc,phases      ] GC(229) Reference Processing 0.125ms
[7505.800s][debug][gc,phases      ] GC(229)   VM Weak                        Min:  0.0, Avg:  0.0, Max:  0.0, Diff:  0.0, Sum:  0.0, Workers: 4
[7505.800s][debug][gc,phases      ] GC(229)     Dead                           Min: 0, Avg:  0.0, Max: 0, Diff: 0, Sum: 0, Workers: 4
[7505.800s][debug][gc,phases      ] GC(229)     Total                          Min: 0, Avg: 216.0, Max: 549, Diff: 549, Sum: 864, Workers: 4
[7505.800s][debug][gc,phases      ] GC(229)   ObjectSynchronizer Weak        Min:  0.0, Avg:  0.0, Max:  0.0, Diff:  0.0, Sum:  0.0, Workers: 4
[7505.800s][debug][gc,phases      ] GC(229)     Dead                           Min: 0, Avg:  0.0, Max: 0, Diff: 0, Sum: 0, Workers: 4
[7505.800s][debug][gc,phases      ] GC(229)     Total                          Min: 0, Avg:  1.0, Max: 4, Diff: 4, Sum: 4, Workers: 4
[7505.800s][debug][gc,phases      ] GC(229)   JVMTI Tag Weak OopStorage      Min:  0.0, Avg:  0.0, Max:  0.0, Diff:  0.0, Sum:  0.0, Workers: 4
[7505.800s][debug][gc,phases      ] GC(229)     Dead                           Min: 0, Avg:  0.0, Max: 0, Diff: 0, Sum: 0, Workers: 4
[7505.800s][debug][gc,phases      ] GC(229)     Total                          Min: 0, Avg:  0.0, Max: 0, Diff: 0, Sum: 0, Workers: 4
[7505.800s][debug][gc,phases      ] GC(229)   StringTable Weak               Min:  0.2, Avg:  0.2, Max:  0.2, Diff:  0.0, Sum:  0.7, Workers: 4
[7505.800s][debug][gc,phases      ] GC(229)     Dead                           Min: 0, Avg:  0.0, Max: 0, Diff: 0, Sum: 0, Workers: 4
[7505.800s][debug][gc,phases      ] GC(229)     Total                          Min: 7040, Avg: 12486.5, Max: 15872, Diff: 8832, Sum: 49946, Workers: 4
[7505.800s][debug][gc,phases      ] GC(229)   ResolvedMethodTable Weak       Min:  0.0, Avg:  0.0, Max:  0.0, Diff:  0.0, Sum:  0.2, Workers: 4
[7505.800s][debug][gc,phases      ] GC(229)     Dead                           Min: 0, Avg:  0.0, Max: 0, Diff: 0, Sum: 0, Workers: 4
[7505.800s][debug][gc,phases      ] GC(229)     Total                          Min: 3134, Avg: 3604.5, Max: 4116, Diff: 982, Sum: 14418, Workers: 4
[7505.800s][debug][gc,phases      ] GC(229)   JNI Weak                       Min:  0.0, Avg:  0.0, Max:  0.0, Diff:  0.0, Sum:  0.0, Workers: 4
[7505.800s][debug][gc,phases      ] GC(229)     Dead                           Min: 0, Avg:  0.0, Max: 0, Diff: 0, Sum: 0, Workers: 4
[7505.800s][debug][gc,phases      ] GC(229)     Total                          Min: 0, Avg: 12.0, Max: 48, Diff: 48, Sum: 48, Workers: 4
[7505.800s][debug][gc,phases      ] GC(229)   StringDedup Table Weak         Min:  0.0, Avg:  0.0, Max:  0.0, Diff:  0.0, Sum:  0.0, Workers: 4
[7505.800s][debug][gc,phases      ] GC(229)     Dead                           Min: 0, Avg:  0.0, Max: 0, Diff: 0, Sum: 0, Workers: 4
[7505.800s][debug][gc,phases      ] GC(229)     Total                          Min: 0, Avg:  0.0, Max: 0, Diff: 0, Sum: 0, Workers: 4
[7505.800s][debug][gc,phases      ] GC(229)   StringDedup Requests0 Weak     Min:  0.0, Avg:  0.0, Max:  0.0, Diff:  0.0, Sum:  0.0, Workers: 4
[7505.800s][debug][gc,phases      ] GC(229)     Dead                           Min: 0, Avg:  0.0, Max: 0, Diff: 0, Sum: 0, Workers: 4
[7505.800s][debug][gc,phases      ] GC(229)     Total                          Min: 0, Avg:  0.0, Max: 0, Diff: 0, Sum: 0, Workers: 4
[7505.800s][debug][gc,phases      ] GC(229)   StringDedup Requests1 Weak     Min:  0.0, Avg:  0.0, Max:  0.0, Diff:  0.0, Sum:  0.0, Workers: 4
[7505.800s][debug][gc,phases      ] GC(229)     Dead                           Min: 0, Avg:  0.0, Max: 0, Diff: 0, Sum: 0, Workers: 4
[7505.800s][debug][gc,phases      ] GC(229)     Total                          Min: 0, Avg:  0.0, Max: 0, Diff: 0, Sum: 0, Workers: 4
[7505.800s][debug][gc,phases      ] GC(229)   Weak JFR Old Object Samples    Min:  0.0, Avg:  0.0, Max:  0.0, Diff:  0.0, Sum:  0.0, Workers: 4
[7505.800s][debug][gc,phases      ] GC(229)     Dead                           Min: 0, Avg:  0.0, Max: 0, Diff: 0, Sum: 0, Workers: 4
[7505.800s][debug][gc,phases      ] GC(229)     Total                          Min: 0, Avg:  0.0, Max: 0, Diff: 0, Sum: 0, Workers: 4
[7505.800s][debug][gc,phases      ] GC(229) Weak Processing 0.478ms
[7505.800s][debug][gc,age         ] GC(229) Desired survivor size 182976512 bytes, new threshold 15 (max threshold 15)
[7505.800s][info ][gc,heap        ] GC(229) PSYoungGen: 1798101K(1904640K)->69289K(1918464K) Eden: 1717248K(1717248K)->0K(1736704K) From: 80853K(187392K)->69289K(181760K)
[7505.800s][info ][gc,heap        ] GC(229) ParOldGen: 555756K(622592K)->572920K(622592K)
[7505.800s][info ][gc,metaspace   ] GC(229) Metaspace: 100462K(101568K)->100462K(101568K) NonClass: 86032K(86656K)->86032K(86656K) Class: 14430K(14912K)->14430K(14912K)
[7505.800s][info ][gc             ] GC(229) Pause Young (Allocation Failure) 2298M->627M(2481M) 29.002ms
[7505.800s][info ][gc,cpu         ] GC(229) User=0.11s Sys=0.00s Real=0.03s
[7505.800s][info ][safepoint      ] Safepoint "ParallelGCFailedAllocation", Time since last: 1553550532 ns, Reaching safepoint: 8500 ns, Cleanup: 4300 ns, At safepoint: 29100160 ns, Total: 29112960 ns
[7506.800s][info ][safepoint      ] Safepoint "Cleanup", Time since last: 1000093880 ns, Reaching safepoint: 84103 ns, Cleanup: 48102 ns, At safepoint: 16900 ns, Total: 149105 ns
[7507.800s][info ][safepoint      ] Safepoint "Cleanup", Time since last: 1000116281 ns, Reaching safepoint: 82803 ns, Cleanup: 10900 ns, At safepoint: 12201 ns, Total: 105904 ns
[7508.800s][info ][safepoint      ] Safepoint "Cleanup", Time since last: 1000112854 ns, Reaching safepoint: 80202 ns, Cleanup: 13300 ns, At safepoint: 6800 ns, Total: 100302 ns
[7511.801s][info ][safepoint      ] Safepoint "Cleanup", Time since last: 3000256439 ns, Reaching safepoint: 78302 ns, Cleanup: 9101 ns, At safepoint: 9000 ns, Total: 96403 ns
[7512.507s][info ][gc,start       ] GC(230) Pause Young (Allocation Failure)
[7512.555s][debug][gc,phases      ] GC(230) Scavenge 47.881ms
[7512.555s][debug][gc,ref         ] GC(230) ReferenceProcessor::execute queues: 1, RefProcThreadModel::Single, marks_oops_alive: false
[7512.555s][debug][gc,ref         ] GC(230) Skipped KeepAliveFinalRefsPhase of Reference Processing: no references
[7512.555s][debug][gc,ref         ] GC(230) ReferenceProcessor::execute queues: 1, RefProcThreadModel::Single, marks_oops_alive: false
[7512.555s][debug][gc,phases      ] GC(230) Reference Processing 0.230ms
[7512.555s][debug][gc,phases      ] GC(230)   VM Weak                        Min:  0.0, Avg:  0.0, Max:  0.0, Diff:  0.0, Sum:  0.0, Workers: 4
[7512.555s][debug][gc,phases      ] GC(230)     Dead                           Min: 0, Avg:  0.0, Max: 0, Diff: 0, Sum: 0, Workers: 4
[7512.555s][debug][gc,phases      ] GC(230)     Total                          Min: 116, Avg: 216.0, Max: 464, Diff: 348, Sum: 864, Workers: 4
[7512.555s][debug][gc,phases      ] GC(230)   ObjectSynchronizer Weak        Min:  0.0, Avg:  0.0, Max:  0.0, Diff:  0.0, Sum:  0.0, Workers: 4
[7512.555s][debug][gc,phases      ] GC(230)     Dead                           Min: 0, Avg:  0.0, Max: 0, Diff: 0, Sum: 0, Workers: 4
[7512.555s][debug][gc,phases      ] GC(230)     Total                          Min: 0, Avg:  1.2, Max: 5, Diff: 5, Sum: 5, Workers: 4
[7512.555s][debug][gc,phases      ] GC(230)   JVMTI Tag Weak OopStorage      Min:  0.0, Avg:  0.0, Max:  0.0, Diff:  0.0, Sum:  0.0, Workers: 4
[7512.555s][debug][gc,phases      ] GC(230)     Dead                           Min: 0, Avg:  0.0, Max: 0, Diff: 0, Sum: 0, Workers: 4
[7512.555s][debug][gc,phases      ] GC(230)     Total                          Min: 0, Avg:  0.0, Max: 0, Diff: 0, Sum: 0, Workers: 4
[7512.555s][debug][gc,phases      ] GC(230)   StringTable Weak               Min:  0.1, Avg:  0.1, Max:  0.1, Diff:  0.0, Sum:  0.5, Workers: 4
[7512.555s][debug][gc,phases      ] GC(230)     Dead                           Min: 0, Avg:  0.0, Max: 0, Diff: 0, Sum: 0, Workers: 4
[7512.555s][debug][gc,phases      ] GC(230)     Total                          Min: 11294, Avg: 12486.8, Max: 13504, Diff: 2210, Sum: 49947, Workers: 4
[7512.555s][debug][gc,phases      ] GC(230)   ResolvedMethodTable Weak       Min:  0.0, Avg:  0.0, Max:  0.0, Diff:  0.0, Sum:  0.2, Workers: 4
[7512.555s][debug][gc,phases      ] GC(230)     Dead                           Min: 0, Avg:  0.0, Max: 0, Diff: 0, Sum: 0, Workers: 4
[7512.555s][debug][gc,phases      ] GC(230)     Total                          Min: 3456, Avg: 3605.0, Max: 3775, Diff: 319, Sum: 14420, Workers: 4
[7512.555s][debug][gc,phases      ] GC(230)   JNI Weak                       Min:  0.0, Avg:  0.0, Max:  0.0, Diff:  0.0, Sum:  0.0, Workers: 4
[7512.555s][debug][gc,phases      ] GC(230)     Dead                           Min: 0, Avg:  0.0, Max: 0, Diff: 0, Sum: 0, Workers: 4
[7512.555s][debug][gc,phases      ] GC(230)     Total                          Min: 0, Avg: 12.0, Max: 48, Diff: 48, Sum: 48, Workers: 4
[7512.555s][debug][gc,phases      ] GC(230)   StringDedup Table Weak         Min:  0.0, Avg:  0.0, Max:  0.0, Diff:  0.0, Sum:  0.0, Workers: 4
[7512.555s][debug][gc,phases      ] GC(230)     Dead                           Min: 0, Avg:  0.0, Max: 0, Diff: 0, Sum: 0, Workers: 4
[7512.555s][debug][gc,phases      ] GC(230)     Total                          Min: 0, Avg:  0.0, Max: 0, Diff: 0, Sum: 0, Workers: 4
[7512.556s][debug][gc,phases      ] GC(230)   StringDedup Requests0 Weak     Min:  0.0, Avg:  0.0, Max:  0.0, Diff:  0.0, Sum:  0.0, Workers: 4
[7512.556s][debug][gc,phases      ] GC(230)     Dead                           Min: 0, Avg:  0.0, Max: 0, Diff: 0, Sum: 0, Workers: 4
[7512.556s][debug][gc,phases      ] GC(230)     Total                          Min: 0, Avg:  0.0, Max: 0, Diff: 0, Sum: 0, Workers: 4
[7512.556s][debug][gc,phases      ] GC(230)   StringDedup Requests1 Weak     Min:  0.0, Avg:  0.0, Max:  0.0, Diff:  0.0, Sum:  0.0, Workers: 4
[7512.556s][debug][gc,phases      ] GC(230)     Dead                           Min: 0, Avg:  0.0, Max: 0, Diff: 0, Sum: 0, Workers: 4
[7512.556s][debug][gc,phases      ] GC(230)     Total                          Min: 0, Avg:  0.0, Max: 0, Diff: 0, Sum: 0, Workers: 4
[7512.556s][debug][gc,phases      ] GC(230)   Weak JFR Old Object Samples    Min:  0.0, Avg:  0.0, Max:  0.0, Diff:  0.0, Sum:  0.0, Workers: 4
[7512.556s][debug][gc,phases      ] GC(230)     Dead                           Min: 0, Avg:  0.0, Max: 0, Diff: 0, Sum: 0, Workers: 4
[7512.556s][debug][gc,phases      ] GC(230)     Total                          Min: 0, Avg:  0.0, Max: 0, Diff: 0, Sum: 0, Workers: 4
[7512.556s][debug][gc,phases      ] GC(230) Weak Processing 0.444ms
[7512.556s][debug][gc,age         ] GC(230) Desired survivor size 186122240 bytes, new threshold 14 (max threshold 15)
[7512.556s][info ][gc,heap        ] GC(230) PSYoungGen: 1805993K(1918464K)->126328K(1915392K) Eden: 1736704K(1736704K)->0K(1736704K) From: 69289K(181760K)->126328K(178688K)
[7512.556s][info ][gc,heap        ] GC(230) ParOldGen: 572920K(622592K)->588063K(622592K)
[7512.556s][info ][gc,metaspace   ] GC(230) Metaspace: 100476K(101568K)->100476K(101568K) NonClass: 86044K(86656K)->86044K(86656K) Class: 14431K(14912K)->14431K(14912K)
[7512.556s][info ][gc             ] GC(230) Pause Young (Allocation Failure) 2323M->697M(2478M) 48.703ms
[7512.556s][info ][gc,cpu         ] GC(230) User=0.17s Sys=0.00s Real=0.05s
[7512.556s][info ][safepoint      ] Safepoint "ParallelGCFailedAllocation", Time since last: 705930209 ns, Reaching safepoint: 80502 ns, Cleanup: 11600 ns, At safepoint: 48794656 ns, Total: 48886758 ns
[7514.556s][info ][safepoint      ] Safepoint "Cleanup", Time since last: 2000149288 ns, Reaching safepoint: 67902 ns, Cleanup: 7001 ns, At safepoint: 12400 ns, Total: 87303 ns
[7517.556s][info ][safepoint      ] Safepoint "Cleanup", Time since last: 3000237092 ns, Reaching safepoint: 8300 ns, Cleanup: 16801 ns, At safepoint: 2500 ns, Total: 27601 ns
[7522.557s][info ][safepoint      ] Safepoint "Cleanup", Time since last: 5000404771 ns, Reaching safepoint: 23901 ns, Cleanup: 10000 ns, At safepoint: 17700 ns, Total: 51601 ns
[7522.637s][info ][gc,start       ] GC(231) Pause Young (Allocation Failure)
[7522.685s][debug][gc,phases      ] GC(231) Scavenge 47.529ms
[7522.685s][debug][gc,ref         ] GC(231) Skipped SoftWeakFinalRefsPhase of Reference Processing: no references
[7522.685s][debug][gc,ref         ] GC(231) Skipped KeepAliveFinalRefsPhase of Reference Processing: no references
[7522.685s][debug][gc,ref         ] GC(231) ReferenceProcessor::execute queues: 1, RefProcThreadModel::Single, marks_oops_alive: false
[7522.685s][debug][gc,phases      ] GC(231) Reference Processing 0.128ms
[7522.685s][debug][gc,phases      ] GC(231)   VM Weak                        Min:  0.0, Avg:  0.0, Max:  0.0, Diff:  0.0, Sum:  0.0, Workers: 4
[7522.685s][debug][gc,phases      ] GC(231)     Dead                           Min: 0, Avg:  0.0, Max: 0, Diff: 0, Sum: 0, Workers: 4
[7522.685s][debug][gc,phases      ] GC(231)     Total                          Min: 0, Avg: 216.0, Max: 610, Diff: 610, Sum: 864, Workers: 4
[7522.685s][debug][gc,phases      ] GC(231)   ObjectSynchronizer Weak        Min:  0.0, Avg:  0.0, Max:  0.0, Diff:  0.0, Sum:  0.0, Workers: 4
[7522.685s][debug][gc,phases      ] GC(231)     Dead                           Min: 0, Avg:  0.0, Max: 0, Diff: 0, Sum: 0, Workers: 4
[7522.685s][debug][gc,phases      ] GC(231)     Total                          Min: 0, Avg:  1.2, Max: 5, Diff: 5, Sum: 5, Workers: 4
[7522.685s][debug][gc,phases      ] GC(231)   JVMTI Tag Weak OopStorage      Min:  0.0, Avg:  0.0, Max:  0.0, Diff:  0.0, Sum:  0.0, Workers: 4
[7522.685s][debug][gc,phases      ] GC(231)     Dead                           Min: 0, Avg:  0.0, Max: 0, Diff: 0, Sum: 0, Workers: 4
[7522.685s][debug][gc,phases      ] GC(231)     Total                          Min: 0, Avg:  0.0, Max: 0, Diff: 0, Sum: 0, Workers: 4
[7522.685s][debug][gc,phases      ] GC(231)   StringTable Weak               Min:  0.0, Avg:  0.1, Max:  0.2, Diff:  0.2, Sum:  0.5, Workers: 4
[7522.685s][debug][gc,phases      ] GC(231)     Dead                           Min: 0, Avg:  0.0, Max: 0, Diff: 0, Sum: 0, Workers: 4
[7522.685s][debug][gc,phases      ] GC(231)     Total                          Min: 0, Avg: 12487.0, Max: 17088, Diff: 17088, Sum: 49948, Workers: 4
[7522.685s][debug][gc,phases      ] GC(231)   ResolvedMethodTable Weak       Min:  0.0, Avg:  0.0, Max:  0.1, Diff:  0.1, Sum:  0.2, Workers: 4
[7522.685s][debug][gc,phases      ] GC(231)     Dead                           Min: 0, Avg:  0.0, Max: 0, Diff: 0, Sum: 0, Workers: 4
[7522.685s][debug][gc,phases      ] GC(231)     Total                          Min: 0, Avg: 3605.0, Max: 5119, Diff: 5119, Sum: 14420, Workers: 4
[7522.685s][debug][gc,phases      ] GC(231)   JNI Weak                       Min:  0.0, Avg:  0.0, Max:  0.0, Diff:  0.0, Sum:  0.0, Workers: 4
[7522.685s][debug][gc,phases      ] GC(231)     Dead                           Min: 0, Avg:  0.0, Max: 0, Diff: 0, Sum: 0, Workers: 4
[7522.686s][debug][gc,phases      ] GC(231)     Total                          Min: 0, Avg: 12.0, Max: 48, Diff: 48, Sum: 48, Workers: 4
[7522.686s][debug][gc,phases      ] GC(231)   StringDedup Table Weak         Min:  0.0, Avg:  0.0, Max:  0.0, Diff:  0.0, Sum:  0.0, Workers: 4
[7522.686s][debug][gc,phases      ] GC(231)     Dead                           Min: 0, Avg:  0.0, Max: 0, Diff: 0, Sum: 0, Workers: 4
[7522.686s][debug][gc,phases      ] GC(231)     Total                          Min: 0, Avg:  0.0, Max: 0, Diff: 0, Sum: 0, Workers: 4
[7522.686s][debug][gc,phases      ] GC(231)   StringDedup Requests0 Weak     Min:  0.0, Avg:  0.0, Max:  0.0, Diff:  0.0, Sum:  0.0, Workers: 4
[7522.686s][debug][gc,phases      ] GC(231)     Dead                           Min: 0, Avg:  0.0, Max: 0, Diff: 0, Sum: 0, Workers: 4
[7522.686s][debug][gc,phases      ] GC(231)     Total                          Min: 0, Avg:  0.0, Max: 0, Diff: 0, Sum: 0, Workers: 4
[7522.686s][debug][gc,phases      ] GC(231)   StringDedup Requests1 Weak     Min:  0.0, Avg:  0.0, Max:  0.0, Diff:  0.0, Sum:  0.0, Workers: 4
[7522.686s][debug][gc,phases      ] GC(231)     Dead                           Min: 0, Avg:  0.0, Max: 0, Diff: 0, Sum: 0, Workers: 4
[7522.686s][debug][gc,phases      ] GC(231)     Total                          Min: 0, Avg:  0.0, Max: 0, Diff: 0, Sum: 0, Workers: 4
[7522.686s][debug][gc,phases      ] GC(231)   Weak JFR Old Object Samples    Min:  0.0, Avg:  0.0, Max:  0.0, Diff:  0.0, Sum:  0.0, Workers: 4
[7522.686s][debug][gc,phases      ] GC(231)     Dead                           Min: 0, Avg:  0.0, Max: 0, Diff: 0, Sum: 0, Workers: 4
[7522.686s][debug][gc,phases      ] GC(231)     Total                          Min: 0, Avg:  0.0, Max: 0, Diff: 0, Sum: 0, Workers: 4
[7522.686s][debug][gc,phases      ] GC(231) Weak Processing 0.474ms
[7522.686s][debug][gc,age         ] GC(231) Desired survivor size 195559424 bytes, new threshold 13 (max threshold 15)
[7522.686s][info ][gc,heap        ] GC(231) PSYoungGen: 1862560K(1915392K)->146726K(1896960K) Eden: 1736231K(1736704K)->0K(1715200K) From: 126328K(178688K)->146726K(181760K)
[7522.686s][info ][gc,heap        ] GC(231) ParOldGen: 588063K(622592K)->593925K(622592K)
[7522.686s][info ][gc,metaspace   ] GC(231) Metaspace: 100500K(101632K)->100500K(101632K) NonClass: 86069K(86720K)->86069K(86720K) Class: 14431K(14912K)->14431K(14912K)
[7522.686s][info ][gc             ] GC(231) Pause Young (Allocation Failure) 2393M->723M(2460M) 48.295ms
[7522.686s][info ][gc,cpu         ] GC(231) User=0.16s Sys=0.00s Real=0.05s
[7522.686s][debug][gc,phases      ] GC(232) Pre Compact 0.011ms
[7522.686s][info ][gc,start       ] GC(232) Pause Full (Ergonomics)
[7522.686s][info ][gc,phases,start] GC(232) Marking Phase
[7522.846s][debug][gc,phases      ] GC(232) Par Mark 160.668ms
[7522.847s][debug][gc,ref         ] GC(232) ReferenceProcessor::execute queues: 4, RefProcThreadModel::Multi, marks_oops_alive: false
[7522.847s][debug][gc,ref         ] GC(232) ReferenceProcessor::execute queues: 4, RefProcThreadModel::Multi, marks_oops_alive: true
[7522.847s][debug][gc,ref         ] GC(232) ReferenceProcessor::execute queues: 1, RefProcThreadModel::Single, marks_oops_alive: false
[7522.847s][debug][gc,phases      ] GC(232) Reference Processing 0.847ms
[7522.848s][debug][gc,phases      ] GC(232)   VM Weak                        Min:  0.0, Avg:  0.0, Max:  0.0, Diff:  0.0, Sum:  0.0, Workers: 4
[7522.848s][debug][gc,phases      ] GC(232)     Dead                           Min: 0, Avg:  1.0, Max: 4, Diff: 4, Sum: 4, Workers: 4
[7522.848s][debug][gc,phases      ] GC(232)     Total                          Min: 0, Avg: 216.0, Max: 390, Diff: 390, Sum: 864, Workers: 4
[7522.848s][debug][gc,phases      ] GC(232)   ObjectSynchronizer Weak        Min:  0.0, Avg:  0.0, Max:  0.0, Diff:  0.0, Sum:  0.0, Workers: 4
[7522.848s][debug][gc,phases      ] GC(232)     Dead                           Min: 0, Avg:  0.0, Max: 0, Diff: 0, Sum: 0, Workers: 4
[7522.848s][debug][gc,phases      ] GC(232)     Total                          Min: 0, Avg:  1.2, Max: 5, Diff: 5, Sum: 5, Workers: 4
[7522.848s][debug][gc,phases      ] GC(232)   JVMTI Tag Weak OopStorage      Min:  0.0, Avg:  0.0, Max:  0.0, Diff:  0.0, Sum:  0.0, Workers: 4
[7522.848s][debug][gc,phases      ] GC(232)     Dead                           Min: 0, Avg:  0.0, Max: 0, Diff: 0, Sum: 0, Workers: 4
[7522.848s][debug][gc,phases      ] GC(232)     Total                          Min: 0, Avg:  0.0, Max: 0, Diff: 0, Sum: 0, Workers: 4
[7522.848s][debug][gc,phases      ] GC(232)   StringTable Weak               Min:  0.2, Avg:  0.2, Max:  0.2, Diff:  0.0, Sum:  0.8, Workers: 4
[7522.848s][debug][gc,phases      ] GC(232)     Dead                           Min: 0, Avg:  0.0, Max: 0, Diff: 0, Sum: 0, Workers: 4
[7522.848s][debug][gc,phases      ] GC(232)     Total                          Min: 11456, Avg: 12487.0, Max: 13599, Diff: 2143, Sum: 49948, Workers: 4
[7522.848s][debug][gc,phases      ] GC(232)   ResolvedMethodTable Weak       Min:  0.1, Avg:  0.1, Max:  0.1, Diff:  0.0, Sum:  0.2, Workers: 4
[7522.848s][debug][gc,phases      ] GC(232)     Dead                           Min: 0, Avg:  1.0, Max: 2, Diff: 2, Sum: 4, Workers: 4
[7522.848s][debug][gc,phases      ] GC(232)     Total                          Min: 3519, Avg: 3605.0, Max: 3711, Diff: 192, Sum: 14420, Workers: 4
[7522.848s][debug][gc,phases      ] GC(232)   JNI Weak                       Min:  0.0, Avg:  0.0, Max:  0.0, Diff:  0.0, Sum:  0.0, Workers: 4
[7522.848s][debug][gc,phases      ] GC(232)     Dead                           Min: 0, Avg:  0.0, Max: 0, Diff: 0, Sum: 0, Workers: 4
[7522.848s][debug][gc,phases      ] GC(232)     Total                          Min: 0, Avg: 12.0, Max: 48, Diff: 48, Sum: 48, Workers: 4
[7522.848s][debug][gc,phases      ] GC(232)   StringDedup Table Weak         Min:  0.0, Avg:  0.0, Max:  0.0, Diff:  0.0, Sum:  0.0, Workers: 4
[7522.848s][debug][gc,phases      ] GC(232)     Dead                           Min: 0, Avg:  0.0, Max: 0, Diff: 0, Sum: 0, Workers: 4
[7522.848s][debug][gc,phases      ] GC(232)     Total                          Min: 0, Avg:  0.0, Max: 0, Diff: 0, Sum: 0, Workers: 4
[7522.848s][debug][gc,phases      ] GC(232)   StringDedup Requests0 Weak     Min:  0.0, Avg:  0.0, Max:  0.0, Diff:  0.0, Sum:  0.0, Workers: 4
[7522.848s][debug][gc,phases      ] GC(232)     Dead                           Min: 0, Avg:  0.0, Max: 0, Diff: 0, Sum: 0, Workers: 4
[7522.848s][debug][gc,phases      ] GC(232)     Total                          Min: 0, Avg:  0.0, Max: 0, Diff: 0, Sum: 0, Workers: 4
[7522.848s][debug][gc,phases      ] GC(232)   StringDedup Requests1 Weak     Min:  0.0, Avg:  0.0, Max:  0.0, Diff:  0.0, Sum:  0.0, Workers: 4
[7522.848s][debug][gc,phases      ] GC(232)     Dead                           Min: 0, Avg:  0.0, Max: 0, Diff: 0, Sum: 0, Workers: 4
[7522.848s][debug][gc,phases      ] GC(232)     Total                          Min: 0, Avg:  0.0, Max: 0, Diff: 0, Sum: 0, Workers: 4
[7522.848s][debug][gc,phases      ] GC(232)   Weak JFR Old Object Samples    Min:  0.0, Avg:  0.0, Max:  0.0, Diff:  0.0, Sum:  0.0, Workers: 4
[7522.848s][debug][gc,phases      ] GC(232)     Dead                           Min: 0, Avg:  0.0, Max: 0, Diff: 0, Sum: 0, Workers: 4
[7522.848s][debug][gc,phases      ] GC(232)     Total                          Min: 0, Avg:  0.0, Max: 0, Diff: 0, Sum: 0, Workers: 4
[7522.848s][debug][gc,phases      ] GC(232) Weak Processing 0.515ms
[7522.848s][debug][gc,phases      ] GC(232) ClassLoaderData 0.197ms
[7522.848s][debug][gc,phases      ] GC(232) Trigger cleanups 0.007ms
[7522.891s][debug][gc,phases      ] GC(232) Class Unloading 43.069ms
[7522.891s][debug][gc,phases      ] GC(232) Report Object Count 0.002ms
[7522.891s][info ][gc,phases      ] GC(232) Marking Phase 205.237ms
[7522.891s][info ][gc,phases,start] GC(232) Summary Phase
[7522.891s][info ][gc,phases      ] GC(232) Summary Phase 0.026ms
[7522.891s][info ][gc,phases,start] GC(232) Adjust Roots
[7522.906s][info ][gc,phases      ] GC(232) Adjust Roots 14.889ms
[7522.906s][info ][gc,phases,start] GC(232) Compaction Phase
[7523.107s][info ][gc,phases      ] GC(232) Compaction Phase 201.017ms
[7523.107s][info ][gc,phases,start] GC(232) Post Compact
[7523.109s][info ][gc,phases      ] GC(232) Post Compact 2.237ms
[7523.109s][info ][gc,heap        ] GC(232) PSYoungGen: 146726K(1896960K)->0K(1906176K) Eden: 0K(1715200K)->0K(1715200K) From: 146726K(181760K)->0K(190976K)
[7523.109s][info ][gc,heap        ] GC(232) ParOldGen: 593925K(622592K)->540551K(659456K)
[7523.109s][info ][gc,metaspace   ] GC(232) Metaspace: 100500K(101632K)->100493K(101632K) NonClass: 86069K(86720K)->86064K(86720K) Class: 14431K(14912K)->14429K(14912K)
[7523.109s][info ][gc             ] GC(232) Pause Full (Ergonomics) 723M->527M(2505M) 423.728ms
[7523.109s][info ][gc,cpu         ] GC(232) User=1.34s Sys=0.00s Real=0.43s
[7523.109s][info ][safepoint      ] Safepoint "ParallelGCFailedAllocation", Time since last: 80573014 ns, Reaching safepoint: 88402 ns, Cleanup: 10401 ns, At safepoint: 472199500 ns, Total: 472298303 ns
[7524.110s][info ][safepoint      ] Safepoint "Cleanup", Time since last: 1000095574 ns, Reaching safepoint: 55602 ns, Cleanup: 20401 ns, At safepoint: 10700 ns, Total: 86703 ns
[7524.169s][info ][safepoint      ] Safepoint "ParallelGCFailedAllocation", Time since last: 59283196 ns, Reaching safepoint: 88803 ns, Cleanup: 4600 ns, At safepoint: 13601 ns, Total: 107004 ns
[7524.170s][info ][gc,start       ] GC(233) Pause Young (GCLocker Initiated GC)
[7524.186s][debug][gc,phases      ] GC(233) Scavenge 15.909ms
[7524.186s][debug][gc,ref         ] GC(233) ReferenceProcessor::execute queues: 1, RefProcThreadModel::Single, marks_oops_alive: false
[7524.186s][debug][gc,ref         ] GC(233) Skipped KeepAliveFinalRefsPhase of Reference Processing: no references
[7524.186s][debug][gc,ref         ] GC(233) ReferenceProcessor::execute queues: 1, RefProcThreadModel::Single, marks_oops_alive: false
[7524.186s][debug][gc,phases      ] GC(233) Reference Processing 0.122ms
[7524.186s][debug][gc,phases      ] GC(233)   VM Weak                        Min:  0.0, Avg:  0.0, Max:  0.0, Diff:  0.0, Sum:  0.0, Workers: 4
[7524.186s][debug][gc,phases      ] GC(233)     Dead                           Min: 0, Avg:  0.0, Max: 0, Diff: 0, Sum: 0, Workers: 4
[7524.186s][debug][gc,phases      ] GC(233)     Total                          Min: 0, Avg: 215.0, Max: 327, Diff: 327, Sum: 860, Workers: 4
[7524.186s][debug][gc,phases      ] GC(233)   ObjectSynchronizer Weak        Min:  0.0, Avg:  0.0, Max:  0.0, Diff:  0.0, Sum:  0.0, Workers: 4
[7524.186s][debug][gc,phases      ] GC(233)     Dead                           Min: 0, Avg:  0.0, Max: 0, Diff: 0, Sum: 0, Workers: 4
[7524.186s][debug][gc,phases      ] GC(233)     Total                          Min: 0, Avg:  1.5, Max: 6, Diff: 6, Sum: 6, Workers: 4
[7524.186s][debug][gc,phases      ] GC(233)   JVMTI Tag Weak OopStorage      Min:  0.0, Avg:  0.0, Max:  0.0, Diff:  0.0, Sum:  0.0, Workers: 4
[7524.186s][debug][gc,phases      ] GC(233)     Dead                           Min: 0, Avg:  0.0, Max: 0, Diff: 0, Sum: 0, Workers: 4
[7524.186s][debug][gc,phases      ] GC(233)     Total                          Min: 0, Avg:  0.0, Max: 0, Diff: 0, Sum: 0, Workers: 4
[7524.186s][debug][gc,phases      ] GC(233)   StringTable Weak               Min:  0.1, Avg:  0.1, Max:  0.1, Diff:  0.0, Sum:  0.5, Workers: 4
[7524.186s][debug][gc,phases      ] GC(233)     Dead                           Min: 0, Avg:  0.0, Max: 0, Diff: 0, Sum: 0, Workers: 4
[7524.186s][debug][gc,phases      ] GC(233)     Total                          Min: 11392, Avg: 12487.0, Max: 13119, Diff: 1727, Sum: 49948, Workers: 4
[7524.186s][debug][gc,phases      ] GC(233)   ResolvedMethodTable Weak       Min:  0.0, Avg:  0.0, Max:  0.0, Diff:  0.0, Sum:  0.1, Workers: 4
[7524.186s][debug][gc,phases      ] GC(233)     Dead                           Min: 0, Avg:  0.0, Max: 0, Diff: 0, Sum: 0, Workers: 4
[7524.186s][debug][gc,phases      ] GC(233)     Total                          Min: 3199, Avg: 3605.0, Max: 3967, Diff: 768, Sum: 14420, Workers: 4
[7524.186s][debug][gc,phases      ] GC(233)   JNI Weak                       Min:  0.0, Avg:  0.0, Max:  0.0, Diff:  0.0, Sum:  0.0, Workers: 4
[7524.186s][debug][gc,phases      ] GC(233)     Dead                           Min: 0, Avg:  0.0, Max: 0, Diff: 0, Sum: 0, Workers: 4
[7524.186s][debug][gc,phases      ] GC(233)     Total                          Min: 0, Avg: 12.0, Max: 48, Diff: 48, Sum: 48, Workers: 4
[7524.186s][debug][gc,phases      ] GC(233)   StringDedup Table Weak         Min:  0.0, Avg:  0.0, Max:  0.0, Diff:  0.0, Sum:  0.0, Workers: 4
[7524.186s][debug][gc,phases      ] GC(233)     Dead                           Min: 0, Avg:  0.0, Max: 0, Diff: 0, Sum: 0, Workers: 4
[7524.186s][debug][gc,phases      ] GC(233)     Total                          Min: 0, Avg:  0.0, Max: 0, Diff: 0, Sum: 0, Workers: 4
[7524.186s][debug][gc,phases      ] GC(233)   StringDedup Requests0 Weak     Min:  0.0, Avg:  0.0, Max:  0.0, Diff:  0.0, Sum:  0.0, Workers: 4
[7524.186s][debug][gc,phases      ] GC(233)     Dead                           Min: 0, Avg:  0.0, Max: 0, Diff: 0, Sum: 0, Workers: 4
[7524.186s][debug][gc,phases      ] GC(233)     Total                          Min: 0, Avg:  0.0, Max: 0, Diff: 0, Sum: 0, Workers: 4
[7524.186s][debug][gc,phases      ] GC(233)   StringDedup Requests1 Weak     Min:  0.0, Avg:  0.0, Max:  0.0, Diff:  0.0, Sum:  0.0, Workers: 4
[7524.186s][debug][gc,phases      ] GC(233)     Dead                           Min: 0, Avg:  0.0, Max: 0, Diff: 0, Sum: 0, Workers: 4
[7524.186s][debug][gc,phases      ] GC(233)     Total                          Min: 0, Avg:  0.0, Max: 0, Diff: 0, Sum: 0, Workers: 4
[7524.186s][debug][gc,phases      ] GC(233)   Weak JFR Old Object Samples    Min:  0.0, Avg:  0.0, Max:  0.0, Diff:  0.0, Sum:  0.0, Workers: 4
[7524.186s][debug][gc,phases      ] GC(233)     Dead                           Min: 0, Avg:  0.0, Max: 0, Diff: 0, Sum: 0, Workers: 4
[7524.186s][debug][gc,phases      ] GC(233)     Total                          Min: 0, Avg:  0.0, Max: 0, Diff: 0, Sum: 0, Workers: 4
[7524.186s][debug][gc,phases      ] GC(233) Weak Processing 0.404ms
[7524.186s][debug][gc,age         ] GC(233) Desired survivor size 198705152 bytes, new threshold 12 (max threshold 15)
[7524.186s][info ][gc,heap        ] GC(233) PSYoungGen: 1715200K(1906176K)->34247K(1900032K) Eden: 1715200K(1715200K)->0K(1709056K) From: 0K(190976K)->34247K(190976K)
[7524.186s][info ][gc,heap        ] GC(233) ParOldGen: 543625K(659456K)->543625K(659456K)
[7524.186s][info ][gc,metaspace   ] GC(233) Metaspace: 100495K(101632K)->100495K(101632K) NonClass: 86065K(86720K)->86065K(86720K) Class: 14429K(14912K)->14429K(14912K)
[7524.186s][info ][gc             ] GC(233) Pause Young (GCLocker Initiated GC) 2205M->564M(2499M) 16.565ms
[7524.186s][info ][gc,cpu         ] GC(233) User=0.06s Sys=0.00s Real=0.01s
[7524.186s][info ][safepoint      ] Safepoint "ParallelGCSystemGC", Time since last: 601220 ns, Reaching safepoint: 82103 ns, Cleanup: 1500 ns, At safepoint: 16649961 ns, Total: 16733564 ns
[7525.155s][info ][safepoint      ] Safepoint "ParallelGCFailedAllocation", Time since last: 968679438 ns, Reaching safepoint: 80002 ns, Cleanup: 3400 ns, At safepoint: 10401 ns, Total: 93803 ns
[7525.155s][info ][gc,start       ] GC(234) Pause Young (GCLocker Initiated GC)
[7525.179s][debug][gc,phases      ] GC(234) Scavenge 23.595ms
[7525.179s][debug][gc,ref         ] GC(234) ReferenceProcessor::execute queues: 1, RefProcThreadModel::Single, marks_oops_alive: false
[7525.179s][debug][gc,ref         ] GC(234) Skipped KeepAliveFinalRefsPhase of Reference Processing: no references
[7525.179s][debug][gc,ref         ] GC(234) ReferenceProcessor::execute queues: 1, RefProcThreadModel::Single, marks_oops_alive: false
[7525.179s][debug][gc,phases      ] GC(234) Reference Processing 0.154ms
[7525.180s][debug][gc,phases      ] GC(234)   VM Weak                        Min:  0.0, Avg:  0.0, Max:  0.0, Diff:  0.0, Sum:  0.0, Workers: 4
[7525.180s][debug][gc,phases      ] GC(234)     Dead                           Min: 0, Avg:  0.0, Max: 0, Diff: 0, Sum: 0, Workers: 4
[7525.180s][debug][gc,phases      ] GC(234)     Total                          Min: 0, Avg: 215.0, Max: 493, Diff: 493, Sum: 860, Workers: 4
[7525.180s][debug][gc,phases      ] GC(234)   ObjectSynchronizer Weak        Min:  0.0, Avg:  0.0, Max:  0.0, Diff:  0.0, Sum:  0.0, Workers: 4
[7525.180s][debug][gc,phases      ] GC(234)     Dead                           Min: 0, Avg:  0.0, Max: 0, Diff: 0, Sum: 0, Workers: 4
[7525.180s][debug][gc,phases      ] GC(234)     Total                          Min: 0, Avg:  1.5, Max: 6, Diff: 6, Sum: 6, Workers: 4
[7525.180s][debug][gc,phases      ] GC(234)   JVMTI Tag Weak OopStorage      Min:  0.0, Avg:  0.0, Max:  0.0, Diff:  0.0, Sum:  0.0, Workers: 4
[7525.180s][debug][gc,phases      ] GC(234)     Dead                           Min: 0, Avg:  0.0, Max: 0, Diff: 0, Sum: 0, Workers: 4
[7525.180s][debug][gc,phases      ] GC(234)     Total                          Min: 0, Avg:  0.0, Max: 0, Diff: 0, Sum: 0, Workers: 4
[7525.180s][debug][gc,phases      ] GC(234)   StringTable Weak               Min:  0.0, Avg:  0.1, Max:  0.2, Diff:  0.2, Sum:  0.5, Workers: 4
[7525.180s][debug][gc,phases      ] GC(234)     Dead                           Min: 0, Avg:  0.0, Max: 0, Diff: 0, Sum: 0, Workers: 4
[7525.180s][debug][gc,phases      ] GC(234)     Total                          Min: 0, Avg: 12487.0, Max: 17471, Diff: 17471, Sum: 49948, Workers: 4
[7525.180s][debug][gc,phases      ] GC(234)   ResolvedMethodTable Weak       Min:  0.0, Avg:  0.0, Max:  0.0, Diff:  0.0, Sum:  0.1, Workers: 4
[7525.180s][debug][gc,phases      ] GC(234)     Dead                           Min: 0, Avg:  0.0, Max: 0, Diff: 0, Sum: 0, Workers: 4
[7525.180s][debug][gc,phases      ] GC(234)     Total                          Min: 0, Avg: 3605.0, Max: 5054, Diff: 5054, Sum: 14420, Workers: 4
[7525.180s][debug][gc,phases      ] GC(234)   JNI Weak                       Min:  0.0, Avg:  0.0, Max:  0.0, Diff:  0.0, Sum:  0.0, Workers: 4
[7525.180s][debug][gc,phases      ] GC(234)     Dead                           Min: 0, Avg:  0.0, Max: 0, Diff: 0, Sum: 0, Workers: 4
[7525.180s][debug][gc,phases      ] GC(234)     Total                          Min: 0, Avg: 12.0, Max: 48, Diff: 48, Sum: 48, Workers: 4
[7525.180s][debug][gc,phases      ] GC(234)   StringDedup Table Weak         Min:  0.0, Avg:  0.0, Max:  0.0, Diff:  0.0, Sum:  0.0, Workers: 4
[7525.180s][debug][gc,phases      ] GC(234)     Dead                           Min: 0, Avg:  0.0, Max: 0, Diff: 0, Sum: 0, Workers: 4
[7525.180s][debug][gc,phases      ] GC(234)     Total                          Min: 0, Avg:  0.0, Max: 0, Diff: 0, Sum: 0, Workers: 4
[7525.180s][debug][gc,phases      ] GC(234)   StringDedup Requests0 Weak     Min:  0.0, Avg:  0.0, Max:  0.0, Diff:  0.0, Sum:  0.0, Workers: 4
[7525.180s][debug][gc,phases      ] GC(234)     Dead                           Min: 0, Avg:  0.0, Max: 0, Diff: 0, Sum: 0, Workers: 4
[7525.180s][debug][gc,phases      ] GC(234)     Total                          Min: 0, Avg:  0.0, Max: 0, Diff: 0, Sum: 0, Workers: 4
[7525.180s][debug][gc,phases      ] GC(234)   StringDedup Requests1 Weak     Min:  0.0, Avg:  0.0, Max:  0.0, Diff:  0.0, Sum:  0.0, Workers: 4
[7525.180s][debug][gc,phases      ] GC(234)     Dead                           Min: 0, Avg:  0.0, Max: 0, Diff: 0, Sum: 0, Workers: 4
[7525.180s][debug][gc,phases      ] GC(234)     Total                          Min: 0, Avg:  0.0, Max: 0, Diff: 0, Sum: 0, Workers: 4
[7525.180s][debug][gc,phases      ] GC(234)   Weak JFR Old Object Samples    Min:  0.0, Avg:  0.0, Max:  0.0, Diff:  0.0, Sum:  0.0, Workers: 4
[7525.180s][debug][gc,phases      ] GC(234)     Dead                           Min: 0, Avg:  0.0, Max: 0, Diff: 0, Sum: 0, Workers: 4
[7525.180s][debug][gc,phases      ] GC(234)     Total                          Min: 0, Avg:  0.0, Max: 0, Diff: 0, Sum: 0, Workers: 4
[7525.180s][debug][gc,phases      ] GC(234) Weak Processing 0.530ms
[7525.180s][debug][gc,age         ] GC(234) Desired survivor size 194510848 bytes, new threshold 11 (max threshold 15)
[7525.180s][info ][gc,heap        ] GC(234) PSYoungGen: 1743303K(1900032K)->63233K(1903104K) Eden: 1709056K(1709056K)->0K(1709056K) From: 34247K(190976K)->63233K(194048K)
[7525.180s][info ][gc,heap        ] GC(234) ParOldGen: 543637K(659456K)->543637K(659456K)
[7525.180s][info ][gc,metaspace   ] GC(234) Metaspace: 100495K(101632K)->100495K(101632K) NonClass: 86066K(86720K)->86066K(86720K) Class: 14429K(14912K)->14429K(14912K)
[7525.180s][info ][gc             ] GC(234) Pause Young (GCLocker Initiated GC) 2233M->592M(2502M) 24.411ms
[7525.180s][info ][gc,cpu         ] GC(234) User=0.07s Sys=0.01s Real=0.03s
[7525.180s][info ][safepoint      ] Safepoint "ParallelGCSystemGC", Time since last: 205106 ns, Reaching safepoint: 72403 ns, Cleanup: 1300 ns, At safepoint: 24491907 ns, Total: 24565610 ns
[7526.760s][info ][gc,start       ] GC(235) Pause Young (Allocation Failure)
[7526.791s][debug][gc,phases      ] GC(235) Scavenge 31.101ms
[7526.791s][debug][gc,ref         ] GC(235) ReferenceProcessor::execute queues: 1, RefProcThreadModel::Single, marks_oops_alive: false
[7526.791s][debug][gc,ref         ] GC(235) Skipped KeepAliveFinalRefsPhase of Reference Processing: no references
[7526.791s][debug][gc,ref         ] GC(235) ReferenceProcessor::execute queues: 1, RefProcThreadModel::Single, marks_oops_alive: false
[7526.791s][debug][gc,phases      ] GC(235) Reference Processing 0.119ms
[7526.792s][debug][gc,phases      ] GC(235)   VM Weak                        Min:  0.0, Avg:  0.0, Max:  0.0, Diff:  0.0, Sum:  0.0, Workers: 4
[7526.792s][debug][gc,phases      ] GC(235)     Dead                           Min: 0, Avg:  0.0, Max: 0, Diff: 0, Sum: 0, Workers: 4
[7526.792s][debug][gc,phases      ] GC(235)     Total                          Min: 0, Avg: 215.0, Max: 452, Diff: 452, Sum: 860, Workers: 4
[7526.792s][debug][gc,phases      ] GC(235)   ObjectSynchronizer Weak        Min:  0.0, Avg:  0.0, Max:  0.0, Diff:  0.0, Sum:  0.0, Workers: 4
[7526.792s][debug][gc,phases      ] GC(235)     Dead                           Min: 0, Avg:  0.0, Max: 0, Diff: 0, Sum: 0, Workers: 4
[7526.792s][debug][gc,phases      ] GC(235)     Total                          Min: 0, Avg:  1.5, Max: 6, Diff: 6, Sum: 6, Workers: 4
[7526.792s][debug][gc,phases      ] GC(235)   JVMTI Tag Weak OopStorage      Min:  0.0, Avg:  0.0, Max:  0.0, Diff:  0.0, Sum:  0.0, Workers: 4
[7526.792s][debug][gc,phases      ] GC(235)     Dead                           Min: 0, Avg:  0.0, Max: 0, Diff: 0, Sum: 0, Workers: 4
[7526.792s][debug][gc,phases      ] GC(235)     Total                          Min: 0, Avg:  0.0, Max: 0, Diff: 0, Sum: 0, Workers: 4
[7526.792s][debug][gc,phases      ] GC(235)   StringTable Weak               Min:  0.0, Avg:  0.1, Max:  0.2, Diff:  0.2, Sum:  0.5, Workers: 4
[7526.792s][debug][gc,phases      ] GC(235)     Dead                           Min: 0, Avg:  0.0, Max: 0, Diff: 0, Sum: 0, Workers: 4
[7526.792s][debug][gc,phases      ] GC(235)     Total                          Min: 0, Avg: 12487.0, Max: 18078, Diff: 18078, Sum: 49948, Workers: 4
[7526.792s][debug][gc,phases      ] GC(235)   ResolvedMethodTable Weak       Min:  0.0, Avg:  0.0, Max:  0.0, Diff:  0.0, Sum:  0.1, Workers: 4
[7526.792s][debug][gc,phases      ] GC(235)     Dead                           Min: 0, Avg:  0.0, Max: 0, Diff: 0, Sum: 0, Workers: 4
[7526.792s][debug][gc,phases      ] GC(235)     Total                          Min: 0, Avg: 3605.0, Max: 5310, Diff: 5310, Sum: 14420, Workers: 4
[7526.792s][debug][gc,phases      ] GC(235)   JNI Weak                       Min:  0.0, Avg:  0.0, Max:  0.0, Diff:  0.0, Sum:  0.0, Workers: 4
[7526.792s][debug][gc,phases      ] GC(235)     Dead                           Min: 0, Avg:  0.0, Max: 0, Diff: 0, Sum: 0, Workers: 4
[7526.792s][debug][gc,phases      ] GC(235)     Total                          Min: 0, Avg: 12.0, Max: 48, Diff: 48, Sum: 48, Workers: 4
[7526.792s][debug][gc,phases      ] GC(235)   StringDedup Table Weak         Min:  0.0, Avg:  0.0, Max:  0.0, Diff:  0.0, Sum:  0.0, Workers: 4
[7526.792s][debug][gc,phases      ] GC(235)     Dead                           Min: 0, Avg:  0.0, Max: 0, Diff: 0, Sum: 0, Workers: 4
[7526.792s][debug][gc,phases      ] GC(235)     Total                          Min: 0, Avg:  0.0, Max: 0, Diff: 0, Sum: 0, Workers: 4
[7526.792s][debug][gc,phases      ] GC(235)   StringDedup Requests0 Weak     Min:  0.0, Avg:  0.0, Max:  0.0, Diff:  0.0, Sum:  0.0, Workers: 4
[7526.792s][debug][gc,phases      ] GC(235)     Dead                           Min: 0, Avg:  0.0, Max: 0, Diff: 0, Sum: 0, Workers: 4
[7526.792s][debug][gc,phases      ] GC(235)     Total                          Min: 0, Avg:  0.0, Max: 0, Diff: 0, Sum: 0, Workers: 4
[7526.792s][debug][gc,phases      ] GC(235)   StringDedup Requests1 Weak     Min:  0.0, Avg:  0.0, Max:  0.0, Diff:  0.0, Sum:  0.0, Workers: 4
[7526.792s][debug][gc,phases      ] GC(235)     Dead                           Min: 0, Avg:  0.0, Max: 0, Diff: 0, Sum: 0, Workers: 4
[7526.792s][debug][gc,phases      ] GC(235)     Total                          Min: 0, Avg:  0.0, Max: 0, Diff: 0, Sum: 0, Workers: 4
[7526.792s][debug][gc,phases      ] GC(235)   Weak JFR Old Object Samples    Min:  0.0, Avg:  0.0, Max:  0.0, Diff:  0.0, Sum:  0.0, Workers: 4
[7526.792s][debug][gc,phases      ] GC(235)     Dead                           Min: 0, Avg:  0.0, Max: 0, Diff: 0, Sum: 0, Workers: 4
[7526.792s][debug][gc,phases      ] GC(235)     Total                          Min: 0, Avg:  0.0, Max: 0, Diff: 0, Sum: 0, Workers: 4
[7526.792s][debug][gc,phases      ] GC(235) Weak Processing 0.456ms
[7526.792s][debug][gc,age         ] GC(235) Desired survivor size 185597952 bytes, new threshold 10 (max threshold 15)
[7526.792s][info ][gc,heap        ] GC(235) PSYoungGen: 1772289K(1903104K)->88893K(1915904K) Eden: 1709056K(1709056K)->0K(1725952K) From: 63233K(194048K)->88893K(189952K)
[7526.792s][info ][gc,heap        ] GC(235) ParOldGen: 543638K(659456K)->543638K(659456K)
[7526.792s][info ][gc,metaspace   ] GC(235) Metaspace: 100497K(101632K)->100497K(101632K) NonClass: 86068K(86720K)->86068K(86720K) Class: 14429K(14912K)->14429K(14912K)
[7526.792s][info ][gc             ] GC(235) Pause Young (Allocation Failure) 2261M->617M(2515M) 31.847ms
[7526.792s][info ][gc,cpu         ] GC(235) User=0.09s Sys=0.00s Real=0.03s
[7526.792s][info ][safepoint      ] Safepoint "ParallelGCFailedAllocation", Time since last: 1579942685 ns, Reaching safepoint: 222907 ns, Cleanup: 9801 ns, At safepoint: 31942453 ns, Total: 32175161 ns
[7546.361s][info ][gc,start       ] GC(236) Pause Young (Allocation Failure)
[7546.421s][debug][gc,phases      ] GC(236) Scavenge 59.394ms
[7546.421s][debug][gc,ref         ] GC(236) ReferenceProcessor::execute queues: 1, RefProcThreadModel::Single, marks_oops_alive: false
[7546.421s][debug][gc,ref         ] GC(236) Skipped KeepAliveFinalRefsPhase of Reference Processing: no references
[7546.421s][debug][gc,ref         ] GC(236) ReferenceProcessor::execute queues: 1, RefProcThreadModel::Single, marks_oops_alive: false
[7546.421s][debug][gc,phases      ] GC(236) Reference Processing 0.138ms
[7546.422s][debug][gc,phases      ] GC(236)   VM Weak                        Min:  0.0, Avg:  0.0, Max:  0.0, Diff:  0.0, Sum:  0.0, Workers: 4
[7546.422s][debug][gc,phases      ] GC(236)     Dead                           Min: 0, Avg:  0.0, Max: 0, Diff: 0, Sum: 0, Workers: 4
[7546.422s][debug][gc,phases      ] GC(236)     Total                          Min: 0, Avg: 215.0, Max: 860, Diff: 860, Sum: 860, Workers: 4
[7546.422s][debug][gc,phases      ] GC(236)   ObjectSynchronizer Weak        Min:  0.0, Avg:  0.0, Max:  0.0, Diff:  0.0, Sum:  0.0, Workers: 4
[7546.422s][debug][gc,phases      ] GC(236)     Dead                           Min: 0, Avg:  0.0, Max: 0, Diff: 0, Sum: 0, Workers: 4
[7546.422s][debug][gc,phases      ] GC(236)     Total                          Min: 0, Avg:  1.8, Max: 7, Diff: 7, Sum: 7, Workers: 4
[7546.422s][debug][gc,phases      ] GC(236)   JVMTI Tag Weak OopStorage      Min:  0.0, Avg:  0.0, Max:  0.0, Diff:  0.0, Sum:  0.0, Workers: 4
[7546.422s][debug][gc,phases      ] GC(236)     Dead                           Min: 0, Avg:  0.0, Max: 0, Diff: 0, Sum: 0, Workers: 4
[7546.422s][debug][gc,phases      ] GC(236)     Total                          Min: 0, Avg:  0.0, Max: 0, Diff: 0, Sum: 0, Workers: 4
[7546.422s][debug][gc,phases      ] GC(236)   StringTable Weak               Min:  0.0, Avg:  0.1, Max:  0.4, Diff:  0.4, Sum:  0.4, Workers: 4
[7546.422s][debug][gc,phases      ] GC(236)     Dead                           Min: 0, Avg:  0.0, Max: 0, Diff: 0, Sum: 0, Workers: 4
[7546.422s][debug][gc,phases      ] GC(236)     Total                          Min: 0, Avg: 12487.0, Max: 49948, Diff: 49948, Sum: 49948, Workers: 4
[7546.422s][debug][gc,phases      ] GC(236)   ResolvedMethodTable Weak       Min:  0.0, Avg:  0.0, Max:  0.1, Diff:  0.1, Sum:  0.1, Workers: 4
[7546.422s][debug][gc,phases      ] GC(236)     Dead                           Min: 0, Avg:  0.0, Max: 0, Diff: 0, Sum: 0, Workers: 4
[7546.422s][debug][gc,phases      ] GC(236)     Total                          Min: 0, Avg: 3605.0, Max: 14420, Diff: 14420, Sum: 14420, Workers: 4
[7546.422s][debug][gc,phases      ] GC(236)   JNI Weak                       Min:  0.0, Avg:  0.0, Max:  0.0, Diff:  0.0, Sum:  0.0, Workers: 4
[7546.422s][debug][gc,phases      ] GC(236)     Dead                           Min: 0, Avg:  0.0, Max: 0, Diff: 0, Sum: 0, Workers: 4
[7546.422s][debug][gc,phases      ] GC(236)     Total                          Min: 0, Avg: 12.0, Max: 48, Diff: 48, Sum: 48, Workers: 4
[7546.422s][debug][gc,phases      ] GC(236)   StringDedup Table Weak         Min:  0.0, Avg:  0.0, Max:  0.0, Diff:  0.0, Sum:  0.0, Workers: 4
[7546.422s][debug][gc,phases      ] GC(236)     Dead                           Min: 0, Avg:  0.0, Max: 0, Diff: 0, Sum: 0, Workers: 4
[7546.422s][debug][gc,phases      ] GC(236)     Total                          Min: 0, Avg:  0.0, Max: 0, Diff: 0, Sum: 0, Workers: 4
[7546.422s][debug][gc,phases      ] GC(236)   StringDedup Requests0 Weak     Min:  0.0, Avg:  0.0, Max:  0.0, Diff:  0.0, Sum:  0.0, Workers: 4
[7546.422s][debug][gc,phases      ] GC(236)     Dead                           Min: 0, Avg:  0.0, Max: 0, Diff: 0, Sum: 0, Workers: 4
[7546.422s][debug][gc,phases      ] GC(236)     Total                          Min: 0, Avg:  0.0, Max: 0, Diff: 0, Sum: 0, Workers: 4
[7546.422s][debug][gc,phases      ] GC(236)   StringDedup Requests1 Weak     Min:  0.0, Avg:  0.0, Max:  0.0, Diff:  0.0, Sum:  0.0, Workers: 4
[7546.422s][debug][gc,phases      ] GC(236)     Dead                           Min: 0, Avg:  0.0, Max: 0, Diff: 0, Sum: 0, Workers: 4
[7546.422s][debug][gc,phases      ] GC(236)     Total                          Min: 0, Avg:  0.0, Max: 0, Diff: 0, Sum: 0, Workers: 4
[7546.422s][debug][gc,phases      ] GC(236)   Weak JFR Old Object Samples    Min:  0.0, Avg:  0.0, Max:  0.0, Diff:  0.0, Sum:  0.0, Workers: 4
[7546.422s][debug][gc,phases      ] GC(236)     Dead                           Min: 0, Avg:  0.0, Max: 0, Diff: 0, Sum: 0, Workers: 4
[7546.422s][debug][gc,phases      ] GC(236)     Total                          Min: 0, Avg:  0.0, Max: 0, Diff: 0, Sum: 0, Workers: 4
[7546.422s][debug][gc,phases      ] GC(236) Weak Processing 0.809ms
[7546.422s][debug][gc,age         ] GC(236) Desired survivor size 176685056 bytes, new threshold 9 (max threshold 15)
[7546.422s][info ][gc,heap        ] GC(236) PSYoungGen: 1814845K(1915904K)->91365K(1907200K) Eden: 1725952K(1725952K)->0K(1725952K) From: 88893K(189952K)->91365K(181248K)
[7546.422s][info ][gc,heap        ] GC(236) ParOldGen: 543638K(659456K)->543638K(659456K)
[7546.422s][info ][gc,metaspace   ] GC(236) Metaspace: 100506K(101632K)->100506K(101632K) NonClass: 86076K(86720K)->86076K(86720K) Class: 14429K(14912K)->14429K(14912K)
[7546.422s][info ][gc             ] GC(236) Pause Young (Allocation Failure) 2303M->620M(2506M) 60.491ms
[7546.422s][info ][gc,cpu         ] GC(236) User=0.11s Sys=0.00s Real=0.06s
[7546.422s][info ][safepoint      ] Safepoint "ParallelGCFailedAllocation", Time since last: 19569305566 ns, Reaching safepoint: 10900 ns, Cleanup: 4100 ns, At safepoint: 60621081 ns, Total: 60636081 ns
[7558.423s][info ][safepoint      ] Safepoint "Cleanup", Time since last: 12000787614 ns, Reaching safepoint: 9200 ns, Cleanup: 12101 ns, At safepoint: 11800 ns, Total: 33101 ns
[7568.240s][info ][safepoint      ] Safepoint "Cleanup", Time since last: 9817244408 ns, Reaching safepoint: 93903 ns, Cleanup: 23900 ns, At safepoint: 7001 ns, Total: 124804 ns
[7572.784s][info ][gc,start       ] GC(237) Pause Young (Allocation Failure)
[7572.811s][debug][gc,phases      ] GC(237) Scavenge 26.599ms
[7572.811s][debug][gc,ref         ] GC(237) ReferenceProcessor::execute queues: 1, RefProcThreadModel::Single, marks_oops_alive: false
[7572.811s][debug][gc,ref         ] GC(237) Skipped KeepAliveFinalRefsPhase of Reference Processing: no references
[7572.811s][debug][gc,ref         ] GC(237) ReferenceProcessor::execute queues: 1, RefProcThreadModel::Single, marks_oops_alive: false
[7572.811s][debug][gc,phases      ] GC(237) Reference Processing 0.143ms
[7572.812s][debug][gc,phases      ] GC(237)   VM Weak                        Min:  0.0, Avg:  0.0, Max:  0.0, Diff:  0.0, Sum:  0.0, Workers: 4
[7572.812s][debug][gc,phases      ] GC(237)     Dead                           Min: 0, Avg:  0.0, Max: 0, Diff: 0, Sum: 0, Workers: 4
[7572.812s][debug][gc,phases      ] GC(237)     Total                          Min: 0, Avg: 215.0, Max: 734, Diff: 734, Sum: 860, Workers: 4
[7572.812s][debug][gc,phases      ] GC(237)   ObjectSynchronizer Weak        Min:  0.0, Avg:  0.0, Max:  0.0, Diff:  0.0, Sum:  0.0, Workers: 4
[7572.812s][debug][gc,phases      ] GC(237)     Dead                           Min: 0, Avg:  0.0, Max: 0, Diff: 0, Sum: 0, Workers: 4
[7572.812s][debug][gc,phases      ] GC(237)     Total                          Min: 0, Avg:  0.8, Max: 3, Diff: 3, Sum: 3, Workers: 4
[7572.812s][debug][gc,phases      ] GC(237)   JVMTI Tag Weak OopStorage      Min:  0.0, Avg:  0.0, Max:  0.0, Diff:  0.0, Sum:  0.0, Workers: 4
[7572.812s][debug][gc,phases      ] GC(237)     Dead                           Min: 0, Avg:  0.0, Max: 0, Diff: 0, Sum: 0, Workers: 4
[7572.812s][debug][gc,phases      ] GC(237)     Total                          Min: 0, Avg:  0.0, Max: 0, Diff: 0, Sum: 0, Workers: 4
[7572.812s][debug][gc,phases      ] GC(237)   StringTable Weak               Min:  0.0, Avg:  0.1, Max:  0.2, Diff:  0.2, Sum:  0.5, Workers: 4
[7572.812s][debug][gc,phases      ] GC(237)     Dead                           Min: 0, Avg:  0.0, Max: 0, Diff: 0, Sum: 0, Workers: 4
[7572.812s][debug][gc,phases      ] GC(237)     Total                          Min: 0, Avg: 12488.8, Max: 18559, Diff: 18559, Sum: 49955, Workers: 4
[7572.812s][debug][gc,phases      ] GC(237)   ResolvedMethodTable Weak       Min:  0.0, Avg:  0.0, Max:  0.0, Diff:  0.0, Sum:  0.1, Workers: 4
[7572.812s][debug][gc,phases      ] GC(237)     Dead                           Min: 0, Avg:  0.5, Max: 2, Diff: 2, Sum: 2, Workers: 4
[7572.812s][debug][gc,phases      ] GC(237)     Total                          Min: 0, Avg: 3606.0, Max: 4992, Diff: 4992, Sum: 14424, Workers: 4
[7572.812s][debug][gc,phases      ] GC(237)   JNI Weak                       Min:  0.0, Avg:  0.0, Max:  0.0, Diff:  0.0, Sum:  0.0, Workers: 4
[7572.812s][debug][gc,phases      ] GC(237)     Dead                           Min: 0, Avg:  0.0, Max: 0, Diff: 0, Sum: 0, Workers: 4
[7572.812s][debug][gc,phases      ] GC(237)     Total                          Min: 0, Avg: 12.0, Max: 48, Diff: 48, Sum: 48, Workers: 4
[7572.812s][debug][gc,phases      ] GC(237)   StringDedup Table Weak         Min:  0.0, Avg:  0.0, Max:  0.0, Diff:  0.0, Sum:  0.0, Workers: 4
[7572.812s][debug][gc,phases      ] GC(237)     Dead                           Min: 0, Avg:  0.0, Max: 0, Diff: 0, Sum: 0, Workers: 4
[7572.812s][debug][gc,phases      ] GC(237)     Total                          Min: 0, Avg:  0.0, Max: 0, Diff: 0, Sum: 0, Workers: 4
[7572.812s][debug][gc,phases      ] GC(237)   StringDedup Requests0 Weak     Min:  0.0, Avg:  0.0, Max:  0.0, Diff:  0.0, Sum:  0.0, Workers: 4
[7572.812s][debug][gc,phases      ] GC(237)     Dead                           Min: 0, Avg:  0.0, Max: 0, Diff: 0, Sum: 0, Workers: 4
[7572.812s][debug][gc,phases      ] GC(237)     Total                          Min: 0, Avg:  0.0, Max: 0, Diff: 0, Sum: 0, Workers: 4
[7572.812s][debug][gc,phases      ] GC(237)   StringDedup Requests1 Weak     Min:  0.0, Avg:  0.0, Max:  0.0, Diff:  0.0, Sum:  0.0, Workers: 4
[7572.812s][debug][gc,phases      ] GC(237)     Dead                           Min: 0, Avg:  0.0, Max: 0, Diff: 0, Sum: 0, Workers: 4
[7572.812s][debug][gc,phases      ] GC(237)     Total                          Min: 0, Avg:  0.0, Max: 0, Diff: 0, Sum: 0, Workers: 4
[7572.812s][debug][gc,phases      ] GC(237)   Weak JFR Old Object Samples    Min:  0.0, Avg:  0.0, Max:  0.0, Diff:  0.0, Sum:  0.0, Workers: 4
[7572.812s][debug][gc,phases      ] GC(237)     Dead                           Min: 0, Avg:  0.0, Max: 0, Diff: 0, Sum: 0, Workers: 4
[7572.812s][debug][gc,phases      ] GC(237)     Total                          Min: 0, Avg:  0.0, Max: 0, Diff: 0, Sum: 0, Workers: 4
[7572.812s][debug][gc,phases      ] GC(237) Weak Processing 0.506ms
[7572.812s][debug][gc,age         ] GC(237) Desired survivor size 169345024 bytes, new threshold 8 (max threshold 15)
[7572.812s][info ][gc,heap        ] GC(237) PSYoungGen: 1817317K(1907200K)->94262K(1931776K) Eden: 1725952K(1725952K)->0K(1759232K) From: 91365K(181248K)->94262K(172544K)
[7572.812s][info ][gc,heap        ] GC(237) ParOldGen: 543638K(659456K)->543638K(659456K)
[7572.812s][info ][gc,metaspace   ] GC(237) Metaspace: 100517K(101632K)->100517K(101632K) NonClass: 86086K(86720K)->86086K(86720K) Class: 14431K(14912K)->14431K(14912K)
[7572.812s][info ][gc             ] GC(237) Pause Young (Allocation Failure) 2305M->622M(2530M) 27.407ms
[7572.812s][info ][gc,cpu         ] GC(237) User=0.11s Sys=0.00s Real=0.03s
[7572.812s][info ][safepoint      ] Safepoint "ParallelGCFailedAllocation", Time since last: 4544204394 ns, Reaching safepoint: 8300 ns, Cleanup: 4000 ns, At safepoint: 27495778 ns, Total: 27508078 ns
[7595.814s][info ][safepoint      ] Safepoint "Cleanup", Time since last: 23001627164 ns, Reaching safepoint: 7300 ns, Cleanup: 11000 ns, At safepoint: 28301 ns, Total: 46601 ns
[7597.814s][info ][safepoint      ] Safepoint "Cleanup", Time since last: 2000186169 ns, Reaching safepoint: 8700 ns, Cleanup: 16201 ns, At safepoint: 2600 ns, Total: 27501 ns
[7599.897s][info ][gc,start       ] GC(238) Pause Young (Allocation Failure)
[7599.929s][debug][gc,phases      ] GC(238) Scavenge 31.374ms
[7599.929s][debug][gc,ref         ] GC(238) ReferenceProcessor::execute queues: 1, RefProcThreadModel::Single, marks_oops_alive: false
[7599.929s][debug][gc,ref         ] GC(238) Skipped KeepAliveFinalRefsPhase of Reference Processing: no references
[7599.929s][debug][gc,ref         ] GC(238) ReferenceProcessor::execute queues: 1, RefProcThreadModel::Single, marks_oops_alive: false
[7599.929s][debug][gc,phases      ] GC(238) Reference Processing 0.121ms
[7599.929s][debug][gc,phases      ] GC(238)   VM Weak                        Min:  0.0, Avg:  0.0, Max:  0.0, Diff:  0.0, Sum:  0.0, Workers: 4
[7599.929s][debug][gc,phases      ] GC(238)     Dead                           Min: 0, Avg:  0.0, Max: 0, Diff: 0, Sum: 0, Workers: 4
[7599.929s][debug][gc,phases      ] GC(238)     Total                          Min: 0, Avg: 215.0, Max: 493, Diff: 493, Sum: 860, Workers: 4
[7599.929s][debug][gc,phases      ] GC(238)   ObjectSynchronizer Weak        Min:  0.0, Avg:  0.0, Max:  0.0, Diff:  0.0, Sum:  0.0, Workers: 4
[7599.929s][debug][gc,phases      ] GC(238)     Dead                           Min: 0, Avg:  0.0, Max: 0, Diff: 0, Sum: 0, Workers: 4
[7599.929s][debug][gc,phases      ] GC(238)     Total                          Min: 0, Avg:  0.8, Max: 3, Diff: 3, Sum: 3, Workers: 4
[7599.929s][debug][gc,phases      ] GC(238)   JVMTI Tag Weak OopStorage      Min:  0.0, Avg:  0.0, Max:  0.0, Diff:  0.0, Sum:  0.0, Workers: 4
[7599.929s][debug][gc,phases      ] GC(238)     Dead                           Min: 0, Avg:  0.0, Max: 0, Diff: 0, Sum: 0, Workers: 4
[7599.929s][debug][gc,phases      ] GC(238)     Total                          Min: 0, Avg:  0.0, Max: 0, Diff: 0, Sum: 0, Workers: 4
[7599.929s][debug][gc,phases      ] GC(238)   StringTable Weak               Min:  0.0, Avg:  0.1, Max:  0.1, Diff:  0.1, Sum:  0.4, Workers: 4
[7599.929s][debug][gc,phases      ] GC(238)     Dead                           Min: 0, Avg:  0.0, Max: 0, Diff: 0, Sum: 0, Workers: 4
[7599.929s][debug][gc,phases      ] GC(238)     Total                          Min: 0, Avg: 12489.0, Max: 17511, Diff: 17511, Sum: 49956, Workers: 4
[7599.929s][debug][gc,phases      ] GC(238)   ResolvedMethodTable Weak       Min:  0.0, Avg:  0.0, Max:  0.0, Diff:  0.0, Sum:  0.1, Workers: 4
[7599.929s][debug][gc,phases      ] GC(238)     Dead                           Min: 0, Avg:  0.0, Max: 0, Diff: 0, Sum: 0, Workers: 4
[7599.929s][debug][gc,phases      ] GC(238)     Total                          Min: 0, Avg: 3606.0, Max: 4955, Diff: 4955, Sum: 14424, Workers: 4
[7599.929s][debug][gc,phases      ] GC(238)   JNI Weak                       Min:  0.0, Avg:  0.0, Max:  0.0, Diff:  0.0, Sum:  0.0, Workers: 4
[7599.929s][debug][gc,phases      ] GC(238)     Dead                           Min: 0, Avg:  0.0, Max: 0, Diff: 0, Sum: 0, Workers: 4
[7599.929s][debug][gc,phases      ] GC(238)     Total                          Min: 0, Avg: 12.0, Max: 48, Diff: 48, Sum: 48, Workers: 4
[7599.929s][debug][gc,phases      ] GC(238)   StringDedup Table Weak         Min:  0.0, Avg:  0.0, Max:  0.0, Diff:  0.0, Sum:  0.0, Workers: 4
[7599.929s][debug][gc,phases      ] GC(238)     Dead                           Min: 0, Avg:  0.0, Max: 0, Diff: 0, Sum: 0, Workers: 4
[7599.929s][debug][gc,phases      ] GC(238)     Total                          Min: 0, Avg:  0.0, Max: 0, Diff: 0, Sum: 0, Workers: 4
[7599.929s][debug][gc,phases      ] GC(238)   StringDedup Requests0 Weak     Min:  0.0, Avg:  0.0, Max:  0.0, Diff:  0.0, Sum:  0.0, Workers: 4
[7599.929s][debug][gc,phases      ] GC(238)     Dead                           Min: 0, Avg:  0.0, Max: 0, Diff: 0, Sum: 0, Workers: 4
[7599.929s][debug][gc,phases      ] GC(238)     Total                          Min: 0, Avg:  0.0, Max: 0, Diff: 0, Sum: 0, Workers: 4
[7599.929s][debug][gc,phases      ] GC(238)   StringDedup Requests1 Weak     Min:  0.0, Avg:  0.0, Max:  0.0, Diff:  0.0, Sum:  0.0, Workers: 4
[7599.929s][debug][gc,phases      ] GC(238)     Dead                           Min: 0, Avg:  0.0, Max: 0, Diff: 0, Sum: 0, Workers: 4
[7599.929s][debug][gc,phases      ] GC(238)     Total                          Min: 0, Avg:  0.0, Max: 0, Diff: 0, Sum: 0, Workers: 4
[7599.929s][debug][gc,phases      ] GC(238)   Weak JFR Old Object Samples    Min:  0.0, Avg:  0.0, Max:  0.0, Diff:  0.0, Sum:  0.0, Workers: 4
[7599.929s][debug][gc,phases      ] GC(238)     Dead                           Min: 0, Avg:  0.0, Max: 0, Diff: 0, Sum: 0, Workers: 4
[7599.929s][debug][gc,phases      ] GC(238)     Total                          Min: 0, Avg:  0.0, Max: 0, Diff: 0, Sum: 0, Workers: 4
[7599.929s][debug][gc,phases      ] GC(238) Weak Processing 0.473ms
[7599.929s][debug][gc,age         ] GC(238) Desired survivor size 163053568 bytes, new threshold 7 (max threshold 15)
[7599.929s][info ][gc,heap        ] GC(238) PSYoungGen: 1853494K(1931776K)->96486K(1924608K) Eden: 1759232K(1759232K)->0K(1759232K) From: 94262K(172544K)->96486K(165376K)
[7599.929s][info ][gc,heap        ] GC(238) ParOldGen: 543638K(659456K)->543638K(659456K)
[7599.929s][info ][gc,metaspace   ] GC(238) Metaspace: 100526K(101696K)->100526K(101696K) NonClass: 86095K(86784K)->86095K(86784K) Class: 14431K(14912K)->14431K(14912K)
[7599.929s][info ][gc             ] GC(238) Pause Young (Allocation Failure) 2340M->625M(2523M) 32.116ms
[7599.929s][info ][gc,cpu         ] GC(238) User=0.10s Sys=0.00s Real=0.04s
[7599.929s][info ][safepoint      ] Safepoint "ParallelGCFailedAllocation", Time since last: 2083435683 ns, Reaching safepoint: 8700 ns, Cleanup: 4301 ns, At safepoint: 32210241 ns, Total: 32223242 ns
[7611.930s][info ][safepoint      ] Safepoint "Cleanup", Time since last: 12000794416 ns, Reaching safepoint: 8401 ns, Cleanup: 11900 ns, At safepoint: 2900 ns, Total: 23201 ns
[7615.931s][info ][safepoint      ] Safepoint "Cleanup", Time since last: 4000317021 ns, Reaching safepoint: 7900 ns, Cleanup: 11400 ns, At safepoint: 2301 ns, Total: 21601 ns
[7616.931s][info ][safepoint      ] Safepoint "Cleanup", Time since last: 1000118222 ns, Reaching safepoint: 9600 ns, Cleanup: 12201 ns, At safepoint: 2300 ns, Total: 24101 ns
[7619.931s][info ][safepoint      ] Safepoint "Cleanup", Time since last: 3000214163 ns, Reaching safepoint: 7900 ns, Cleanup: 12300 ns, At safepoint: 2501 ns, Total: 22701 ns
[7626.132s][info ][gc,start       ] GC(239) Pause Young (Allocation Failure)
[7626.159s][debug][gc,phases      ] GC(239) Scavenge 27.734ms
[7626.160s][debug][gc,ref         ] GC(239) ReferenceProcessor::execute queues: 1, RefProcThreadModel::Single, marks_oops_alive: false
[7626.160s][debug][gc,ref         ] GC(239) Skipped KeepAliveFinalRefsPhase of Reference Processing: no references
[7626.160s][debug][gc,ref         ] GC(239) ReferenceProcessor::execute queues: 1, RefProcThreadModel::Single, marks_oops_alive: false
[7626.160s][debug][gc,phases      ] GC(239) Reference Processing 0.124ms
[7626.160s][debug][gc,phases      ] GC(239)   VM Weak                        Min:  0.0, Avg:  0.0, Max:  0.0, Diff:  0.0, Sum:  0.0, Workers: 4
[7626.160s][debug][gc,phases      ] GC(239)     Dead                           Min: 0, Avg:  0.0, Max: 0, Diff: 0, Sum: 0, Workers: 4
[7626.160s][debug][gc,phases      ] GC(239)     Total                          Min: 0, Avg: 215.0, Max: 860, Diff: 860, Sum: 860, Workers: 4
[7626.160s][debug][gc,phases      ] GC(239)   ObjectSynchronizer Weak        Min:  0.0, Avg:  0.0, Max:  0.0, Diff:  0.0, Sum:  0.0, Workers: 4
[7626.160s][debug][gc,phases      ] GC(239)     Dead                           Min: 0, Avg:  0.0, Max: 0, Diff: 0, Sum: 0, Workers: 4
[7626.160s][debug][gc,phases      ] GC(239)     Total                          Min: 0, Avg:  0.8, Max: 3, Diff: 3, Sum: 3, Workers: 4
[7626.160s][debug][gc,phases      ] GC(239)   JVMTI Tag Weak OopStorage      Min:  0.0, Avg:  0.0, Max:  0.0, Diff:  0.0, Sum:  0.0, Workers: 4
[7626.160s][debug][gc,phases      ] GC(239)     Dead                           Min: 0, Avg:  0.0, Max: 0, Diff: 0, Sum: 0, Workers: 4
[7626.160s][debug][gc,phases      ] GC(239)     Total                          Min: 0, Avg:  0.0, Max: 0, Diff: 0, Sum: 0, Workers: 4
[7626.160s][debug][gc,phases      ] GC(239)   StringTable Weak               Min:  0.0, Avg:  0.1, Max:  0.1, Diff:  0.1, Sum:  0.4, Workers: 4
[7626.160s][debug][gc,phases      ] GC(239)     Dead                           Min: 0, Avg:  0.5, Max: 2, Diff: 2, Sum: 2, Workers: 4
[7626.160s][debug][gc,phases      ] GC(239)     Total                          Min: 0, Avg: 12493.8, Max: 18618, Diff: 18618, Sum: 49975, Workers: 4
[7626.160s][debug][gc,phases      ] GC(239)   ResolvedMethodTable Weak       Min:  0.0, Avg:  0.0, Max:  0.0, Diff:  0.0, Sum:  0.1, Workers: 4
[7626.160s][debug][gc,phases      ] GC(239)     Dead                           Min: 0, Avg:  2.0, Max: 8, Diff: 8, Sum: 8, Workers: 4
[7626.160s][debug][gc,phases      ] GC(239)     Total                          Min: 0, Avg: 3609.2, Max: 4990, Diff: 4990, Sum: 14437, Workers: 4
[7626.160s][debug][gc,phases      ] GC(239)   JNI Weak                       Min:  0.0, Avg:  0.0, Max:  0.0, Diff:  0.0, Sum:  0.0, Workers: 4
[7626.160s][debug][gc,phases      ] GC(239)     Dead                           Min: 0, Avg:  0.0, Max: 0, Diff: 0, Sum: 0, Workers: 4
[7626.160s][debug][gc,phases      ] GC(239)     Total                          Min: 0, Avg: 12.0, Max: 48, Diff: 48, Sum: 48, Workers: 4
[7626.160s][debug][gc,phases      ] GC(239)   StringDedup Table Weak         Min:  0.0, Avg:  0.0, Max:  0.0, Diff:  0.0, Sum:  0.0, Workers: 4
[7626.160s][debug][gc,phases      ] GC(239)     Dead                           Min: 0, Avg:  0.0, Max: 0, Diff: 0, Sum: 0, Workers: 4
[7626.160s][debug][gc,phases      ] GC(239)     Total                          Min: 0, Avg:  0.0, Max: 0, Diff: 0, Sum: 0, Workers: 4
[7626.160s][debug][gc,phases      ] GC(239)   StringDedup Requests0 Weak     Min:  0.0, Avg:  0.0, Max:  0.0, Diff:  0.0, Sum:  0.0, Workers: 4
[7626.160s][debug][gc,phases      ] GC(239)     Dead                           Min: 0, Avg:  0.0, Max: 0, Diff: 0, Sum: 0, Workers: 4
[7626.160s][debug][gc,phases      ] GC(239)     Total                          Min: 0, Avg:  0.0, Max: 0, Diff: 0, Sum: 0, Workers: 4
[7626.160s][debug][gc,phases      ] GC(239)   StringDedup Requests1 Weak     Min:  0.0, Avg:  0.0, Max:  0.0, Diff:  0.0, Sum:  0.0, Workers: 4
[7626.160s][debug][gc,phases      ] GC(239)     Dead                           Min: 0, Avg:  0.0, Max: 0, Diff: 0, Sum: 0, Workers: 4
[7626.160s][debug][gc,phases      ] GC(239)     Total                          Min: 0, Avg:  0.0, Max: 0, Diff: 0, Sum: 0, Workers: 4
[7626.160s][debug][gc,phases      ] GC(239)   Weak JFR Old Object Samples    Min:  0.0, Avg:  0.0, Max:  0.0, Diff:  0.0, Sum:  0.0, Workers: 4
[7626.160s][debug][gc,phases      ] GC(239)     Dead                           Min: 0, Avg:  0.0, Max: 0, Diff: 0, Sum: 0, Workers: 4
[7626.160s][debug][gc,phases      ] GC(239)     Total                          Min: 0, Avg:  0.0, Max: 0, Diff: 0, Sum: 0, Workers: 4
[7626.160s][debug][gc,phases      ] GC(239) Weak Processing 0.454ms
[7626.160s][debug][gc,age         ] GC(239) Desired survivor size 156762112 bytes, new threshold 6 (max threshold 15)
[7626.160s][info ][gc,heap        ] GC(239) PSYoungGen: 1855718K(1924608K)->94149K(1944064K) Eden: 1759232K(1759232K)->0K(1784832K) From: 96486K(165376K)->94149K(159232K)
[7626.160s][info ][gc,heap        ] GC(239) ParOldGen: 543638K(659456K)->543638K(659456K)
[7626.160s][info ][gc,metaspace   ] GC(239) Metaspace: 100574K(101696K)->100574K(101696K) NonClass: 86129K(86784K)->86129K(86784K) Class: 14444K(14912K)->14444K(14912K)
[7626.160s][info ][gc             ] GC(239) Pause Young (Allocation Failure) 2343M->622M(2542M) 28.455ms
[7626.160s][info ][gc,cpu         ] GC(239) User=0.10s Sys=0.00s Real=0.03s
[7626.160s][info ][safepoint      ] Safepoint "ParallelGCFailedAllocation", Time since last: 6200539681 ns, Reaching safepoint: 7800 ns, Cleanup: 4001 ns, At safepoint: 28558712 ns, Total: 28570513 ns
[7628.160s][info ][safepoint      ] Safepoint "Cleanup", Time since last: 2000155088 ns, Reaching safepoint: 11000 ns, Cleanup: 26401 ns, At safepoint: 3100 ns, Total: 40501 ns
[7629.160s][info ][safepoint      ] Safepoint "Cleanup", Time since last: 1000120529 ns, Reaching safepoint: 7600 ns, Cleanup: 25401 ns, At safepoint: 2500 ns, Total: 35501 ns
[7630.161s][info ][safepoint      ] Safepoint "Cleanup", Time since last: 1000124427 ns, Reaching safepoint: 7300 ns, Cleanup: 23101 ns, At safepoint: 2700 ns, Total: 33101 ns
[7631.161s][info ][safepoint      ] Safepoint "Cleanup", Time since last: 1000107027 ns, Reaching safepoint: 7500 ns, Cleanup: 12200 ns, At safepoint: 4900 ns, Total: 24600 ns
[7633.161s][info ][safepoint      ] Safepoint "Cleanup", Time since last: 2000180352 ns, Reaching safepoint: 87903 ns, Cleanup: 12700 ns, At safepoint: 6301 ns, Total: 106904 ns
[7635.161s][info ][safepoint      ] Safepoint "Cleanup", Time since last: 2000196932 ns, Reaching safepoint: 10800 ns, Cleanup: 16201 ns, At safepoint: 2700 ns, Total: 29701 ns
[7638.162s][info ][safepoint      ] Safepoint "Cleanup", Time since last: 3000258311 ns, Reaching safepoint: 10900 ns, Cleanup: 11800 ns, At safepoint: 3401 ns, Total: 26101 ns
[7639.162s][info ][safepoint      ] Safepoint "Cleanup", Time since last: 1000117775 ns, Reaching safepoint: 10100 ns, Cleanup: 7900 ns, At safepoint: 2600 ns, Total: 20600 ns
[7640.162s][info ][safepoint      ] Safepoint "Cleanup", Time since last: 1000136376 ns, Reaching safepoint: 8000 ns, Cleanup: 11901 ns, At safepoint: 2700 ns, Total: 22601 ns
[7641.162s][info ][safepoint      ] Safepoint "Cleanup", Time since last: 1000126975 ns, Reaching safepoint: 10601 ns, Cleanup: 23001 ns, At safepoint: 2900 ns, Total: 36502 ns
[7642.162s][info ][safepoint      ] Safepoint "Cleanup", Time since last: 1000119175 ns, Reaching safepoint: 7800 ns, Cleanup: 9300 ns, At safepoint: 2700 ns, Total: 19800 ns
[7643.162s][info ][safepoint      ] Safepoint "Cleanup", Time since last: 1000102275 ns, Reaching safepoint: 7400 ns, Cleanup: 26501 ns, At safepoint: 3000 ns, Total: 36901 ns
[7644.162s][info ][safepoint      ] Safepoint "Cleanup", Time since last: 1000084974 ns, Reaching safepoint: 7401 ns, Cleanup: 11400 ns, At safepoint: 3200 ns, Total: 22001 ns
[7645.163s][info ][safepoint      ] Safepoint "Cleanup", Time since last: 1000119974 ns, Reaching safepoint: 7400 ns, Cleanup: 14101 ns, At safepoint: 2500 ns, Total: 24001 ns
[7646.163s][info ][safepoint      ] Safepoint "Cleanup", Time since last: 1000118712 ns, Reaching safepoint: 8200 ns, Cleanup: 15001 ns, At safepoint: 5700 ns, Total: 28901 ns
[7651.896s][info ][gc,start       ] GC(240) Pause Young (Allocation Failure)
[7651.928s][debug][gc,phases      ] GC(240) Scavenge 31.694ms
[7651.928s][debug][gc,ref         ] GC(240) ReferenceProcessor::execute queues: 1, RefProcThreadModel::Single, marks_oops_alive: false
[7651.928s][debug][gc,ref         ] GC(240) Skipped KeepAliveFinalRefsPhase of Reference Processing: no references
[7651.928s][debug][gc,ref         ] GC(240) ReferenceProcessor::execute queues: 1, RefProcThreadModel::Single, marks_oops_alive: false
[7651.928s][debug][gc,phases      ] GC(240) Reference Processing 0.129ms
[7651.929s][debug][gc,phases      ] GC(240)   VM Weak                        Min:  0.0, Avg:  0.0, Max:  0.0, Diff:  0.0, Sum:  0.0, Workers: 4
[7651.929s][debug][gc,phases      ] GC(240)     Dead                           Min: 0, Avg:  0.0, Max: 0, Diff: 0, Sum: 0, Workers: 4
[7651.929s][debug][gc,phases      ] GC(240)     Total                          Min: 0, Avg: 215.0, Max: 682, Diff: 682, Sum: 860, Workers: 4
[7651.929s][debug][gc,phases      ] GC(240)   ObjectSynchronizer Weak        Min:  0.0, Avg:  0.0, Max:  0.0, Diff:  0.0, Sum:  0.0, Workers: 4
[7651.929s][debug][gc,phases      ] GC(240)     Dead                           Min: 0, Avg:  0.0, Max: 0, Diff: 0, Sum: 0, Workers: 4
[7651.929s][debug][gc,phases      ] GC(240)     Total                          Min: 0, Avg:  1.0, Max: 4, Diff: 4, Sum: 4, Workers: 4
[7651.929s][debug][gc,phases      ] GC(240)   JVMTI Tag Weak OopStorage      Min:  0.0, Avg:  0.0, Max:  0.0, Diff:  0.0, Sum:  0.0, Workers: 4
[7651.929s][debug][gc,phases      ] GC(240)     Dead                           Min: 0, Avg:  0.0, Max: 0, Diff: 0, Sum: 0, Workers: 4
[7651.929s][debug][gc,phases      ] GC(240)     Total                          Min: 0, Avg:  0.0, Max: 0, Diff: 0, Sum: 0, Workers: 4
[7651.929s][debug][gc,phases      ] GC(240)   StringTable Weak               Min:  0.0, Avg:  0.1, Max:  0.2, Diff:  0.2, Sum:  0.5, Workers: 4
[7651.929s][debug][gc,phases      ] GC(240)     Dead                           Min: 0, Avg:  0.0, Max: 0, Diff: 0, Sum: 0, Workers: 4
[7651.929s][debug][gc,phases      ] GC(240)     Total                          Min: 0, Avg: 12495.8, Max: 17216, Diff: 17216, Sum: 49983, Workers: 4
[7651.929s][debug][gc,phases      ] GC(240)   ResolvedMethodTable Weak       Min:  0.0, Avg:  0.0, Max:  0.0, Diff:  0.0, Sum:  0.1, Workers: 4
[7651.929s][debug][gc,phases      ] GC(240)     Dead                           Min: 0, Avg:  0.0, Max: 0, Diff: 0, Sum: 0, Workers: 4
[7651.929s][debug][gc,phases      ] GC(240)     Total                          Min: 0, Avg: 3609.8, Max: 5867, Diff: 5867, Sum: 14439, Workers: 4
[7651.929s][debug][gc,phases      ] GC(240)   JNI Weak                       Min:  0.0, Avg:  0.0, Max:  0.0, Diff:  0.0, Sum:  0.0, Workers: 4
[7651.929s][debug][gc,phases      ] GC(240)     Dead                           Min: 0, Avg:  0.0, Max: 0, Diff: 0, Sum: 0, Workers: 4
[7651.929s][debug][gc,phases      ] GC(240)     Total                          Min: 0, Avg: 12.0, Max: 48, Diff: 48, Sum: 48, Workers: 4
[7651.929s][debug][gc,phases      ] GC(240)   StringDedup Table Weak         Min:  0.0, Avg:  0.0, Max:  0.0, Diff:  0.0, Sum:  0.0, Workers: 4
[7651.929s][debug][gc,phases      ] GC(240)     Dead                           Min: 0, Avg:  0.0, Max: 0, Diff: 0, Sum: 0, Workers: 4
[7651.929s][debug][gc,phases      ] GC(240)     Total                          Min: 0, Avg:  0.0, Max: 0, Diff: 0, Sum: 0, Workers: 4
[7651.929s][debug][gc,phases      ] GC(240)   StringDedup Requests0 Weak     Min:  0.0, Avg:  0.0, Max:  0.0, Diff:  0.0, Sum:  0.0, Workers: 4
[7651.929s][debug][gc,phases      ] GC(240)     Dead                           Min: 0, Avg:  0.0, Max: 0, Diff: 0, Sum: 0, Workers: 4
[7651.929s][debug][gc,phases      ] GC(240)     Total                          Min: 0, Avg:  0.0, Max: 0, Diff: 0, Sum: 0, Workers: 4
[7651.929s][debug][gc,phases      ] GC(240)   StringDedup Requests1 Weak     Min:  0.0, Avg:  0.0, Max:  0.0, Diff:  0.0, Sum:  0.0, Workers: 4
[7651.929s][debug][gc,phases      ] GC(240)     Dead                           Min: 0, Avg:  0.0, Max: 0, Diff: 0, Sum: 0, Workers: 4
[7651.929s][debug][gc,phases      ] GC(240)     Total                          Min: 0, Avg:  0.0, Max: 0, Diff: 0, Sum: 0, Workers: 4
[7651.929s][debug][gc,phases      ] GC(240)   Weak JFR Old Object Samples    Min:  0.0, Avg:  0.0, Max:  0.0, Diff:  0.0, Sum:  0.0, Workers: 4
[7651.929s][debug][gc,phases      ] GC(240)     Dead                           Min: 0, Avg:  0.0, Max: 0, Diff: 0, Sum: 0, Workers: 4
[7651.929s][debug][gc,phases      ] GC(240)     Total                          Min: 0, Avg:  0.0, Max: 0, Diff: 0, Sum: 0, Workers: 4
[7651.929s][debug][gc,phases      ] GC(240) Weak Processing 0.453ms
[7651.929s][debug][gc,age         ] GC(240) Desired survivor size 158859264 bytes, new threshold 5 (max threshold 15)
[7651.929s][info ][gc,heap        ] GC(240) PSYoungGen: 1878981K(1944064K)->45684K(1937920K) Eden: 1784832K(1784832K)->0K(1784832K) From: 94149K(159232K)->45684K(153088K)
[7651.929s][info ][gc,heap        ] GC(240) ParOldGen: 543638K(659456K)->594893K(659456K)
[7651.929s][info ][gc,metaspace   ] GC(240) Metaspace: 100617K(101760K)->100617K(101760K) NonClass: 86171K(86848K)->86171K(86848K) Class: 14445K(14912K)->14445K(14912K)
[7651.929s][info ][gc             ] GC(240) Pause Young (Allocation Failure) 2365M->625M(2536M) 32.443ms
[7651.929s][info ][gc,cpu         ] GC(240) User=0.11s Sys=0.00s Real=0.04s
[7651.929s][info ][safepoint      ] Safepoint "ParallelGCFailedAllocation", Time since last: 5733642420 ns, Reaching safepoint: 8400 ns, Cleanup: 4100 ns, At safepoint: 32530636 ns, Total: 32543136 ns
[7656.929s][info ][safepoint      ] Safepoint "Cleanup", Time since last: 5000361499 ns, Reaching safepoint: 8500 ns, Cleanup: 11201 ns, At safepoint: 2800 ns, Total: 22501 ns
[7657.929s][info ][safepoint      ] Safepoint "Cleanup", Time since last: 1000122256 ns, Reaching safepoint: 8800 ns, Cleanup: 12300 ns, At safepoint: 3000 ns, Total: 24100 ns
[7659.930s][info ][safepoint      ] Safepoint "Cleanup", Time since last: 2000181610 ns, Reaching safepoint: 9100 ns, Cleanup: 13001 ns, At safepoint: 2700 ns, Total: 24801 ns
[7663.930s][info ][safepoint      ] Safepoint "Cleanup", Time since last: 4000288811 ns, Reaching safepoint: 7900 ns, Cleanup: 11701 ns, At safepoint: 2300 ns, Total: 21901 ns
[7664.930s][info ][safepoint      ] Safepoint "Cleanup", Time since last: 1000115265 ns, Reaching safepoint: 8701 ns, Cleanup: 11700 ns, At safepoint: 2400 ns, Total: 22801 ns
[7668.930s][info ][safepoint      ] Safepoint "Cleanup", Time since last: 4000326385 ns, Reaching safepoint: 8900 ns, Cleanup: 14400 ns, At safepoint: 2700 ns, Total: 26000 ns
[7675.931s][info ][safepoint      ] Safepoint "Cleanup", Time since last: 7000541080 ns, Reaching safepoint: 7901 ns, Cleanup: 17600 ns, At safepoint: 6300 ns, Total: 31801 ns
[7677.841s][info ][gc,start       ] GC(241) Pause Young (Allocation Failure)
[7677.862s][debug][gc,phases      ] GC(241) Scavenge 21.072ms
[7677.862s][debug][gc,ref         ] GC(241) ReferenceProcessor::execute queues: 1, RefProcThreadModel::Single, marks_oops_alive: false
[7677.862s][debug][gc,ref         ] GC(241) Skipped KeepAliveFinalRefsPhase of Reference Processing: no references
[7677.862s][debug][gc,ref         ] GC(241) ReferenceProcessor::execute queues: 1, RefProcThreadModel::Single, marks_oops_alive: false
[7677.862s][debug][gc,phases      ] GC(241) Reference Processing 0.122ms
[7677.862s][debug][gc,phases      ] GC(241)   VM Weak                        Min:  0.0, Avg:  0.0, Max:  0.0, Diff:  0.0, Sum:  0.0, Workers: 4
[7677.862s][debug][gc,phases      ] GC(241)     Dead                           Min: 0, Avg:  0.0, Max: 0, Diff: 0, Sum: 0, Workers: 4
[7677.862s][debug][gc,phases      ] GC(241)     Total                          Min: 0, Avg: 215.0, Max: 493, Diff: 493, Sum: 860, Workers: 4
[7677.862s][debug][gc,phases      ] GC(241)   ObjectSynchronizer Weak        Min:  0.0, Avg:  0.0, Max:  0.0, Diff:  0.0, Sum:  0.0, Workers: 4
[7677.862s][debug][gc,phases      ] GC(241)     Dead                           Min: 0, Avg:  0.0, Max: 0, Diff: 0, Sum: 0, Workers: 4
[7677.862s][debug][gc,phases      ] GC(241)     Total                          Min: 0, Avg:  1.0, Max: 4, Diff: 4, Sum: 4, Workers: 4
[7677.862s][debug][gc,phases      ] GC(241)   JVMTI Tag Weak OopStorage      Min:  0.0, Avg:  0.0, Max:  0.0, Diff:  0.0, Sum:  0.0, Workers: 4
[7677.862s][debug][gc,phases      ] GC(241)     Dead                           Min: 0, Avg:  0.0, Max: 0, Diff: 0, Sum: 0, Workers: 4
[7677.862s][debug][gc,phases      ] GC(241)     Total                          Min: 0, Avg:  0.0, Max: 0, Diff: 0, Sum: 0, Workers: 4
[7677.862s][debug][gc,phases      ] GC(241)   StringTable Weak               Min:  0.0, Avg:  0.1, Max:  0.2, Diff:  0.2, Sum:  0.5, Workers: 4
[7677.862s][debug][gc,phases      ] GC(241)     Dead                           Min: 0, Avg:  0.0, Max: 0, Diff: 0, Sum: 0, Workers: 4
[7677.862s][debug][gc,phases      ] GC(241)     Total                          Min: 0, Avg: 12496.2, Max: 17728, Diff: 17728, Sum: 49985, Workers: 4
[7677.862s][debug][gc,phases      ] GC(241)   ResolvedMethodTable Weak       Min:  0.0, Avg:  0.0, Max:  0.0, Diff:  0.0, Sum:  0.1, Workers: 4
[7677.862s][debug][gc,phases      ] GC(241)     Dead                           Min: 0, Avg:  0.0, Max: 0, Diff: 0, Sum: 0, Workers: 4
[7677.862s][debug][gc,phases      ] GC(241)     Total                          Min: 0, Avg: 3609.8, Max: 4973, Diff: 4973, Sum: 14439, Workers: 4
[7677.862s][debug][gc,phases      ] GC(241)   JNI Weak                       Min:  0.0, Avg:  0.0, Max:  0.0, Diff:  0.0, Sum:  0.0, Workers: 4
[7677.862s][debug][gc,phases      ] GC(241)     Dead                           Min: 0, Avg:  0.0, Max: 0, Diff: 0, Sum: 0, Workers: 4
[7677.862s][debug][gc,phases      ] GC(241)     Total                          Min: 0, Avg: 12.0, Max: 48, Diff: 48, Sum: 48, Workers: 4
[7677.862s][debug][gc,phases      ] GC(241)   StringDedup Table Weak         Min:  0.0, Avg:  0.0, Max:  0.0, Diff:  0.0, Sum:  0.0, Workers: 4
[7677.862s][debug][gc,phases      ] GC(241)     Dead                           Min: 0, Avg:  0.0, Max: 0, Diff: 0, Sum: 0, Workers: 4
[7677.862s][debug][gc,phases      ] GC(241)     Total                          Min: 0, Avg:  0.0, Max: 0, Diff: 0, Sum: 0, Workers: 4
[7677.862s][debug][gc,phases      ] GC(241)   StringDedup Requests0 Weak     Min:  0.0, Avg:  0.0, Max:  0.0, Diff:  0.0, Sum:  0.0, Workers: 4
[7677.863s][debug][gc,phases      ] GC(241)     Dead                           Min: 0, Avg:  0.0, Max: 0, Diff: 0, Sum: 0, Workers: 4
[7677.863s][debug][gc,phases      ] GC(241)     Total                          Min: 0, Avg:  0.0, Max: 0, Diff: 0, Sum: 0, Workers: 4
[7677.863s][debug][gc,phases      ] GC(241)   StringDedup Requests1 Weak     Min:  0.0, Avg:  0.0, Max:  0.0, Diff:  0.0, Sum:  0.0, Workers: 4
[7677.863s][debug][gc,phases      ] GC(241)     Dead                           Min: 0, Avg:  0.0, Max: 0, Diff: 0, Sum: 0, Workers: 4
[7677.863s][debug][gc,phases      ] GC(241)     Total                          Min: 0, Avg:  0.0, Max: 0, Diff: 0, Sum: 0, Workers: 4
[7677.863s][debug][gc,phases      ] GC(241)   Weak JFR Old Object Samples    Min:  0.0, Avg:  0.0, Max:  0.0, Diff:  0.0, Sum:  0.0, Workers: 4
[7677.863s][debug][gc,phases      ] GC(241)     Dead                           Min: 0, Avg:  0.0, Max: 0, Diff: 0, Sum: 0, Workers: 4
[7677.863s][debug][gc,phases      ] GC(241)     Total                          Min: 0, Avg:  0.0, Max: 0, Diff: 0, Sum: 0, Workers: 4
[7677.863s][debug][gc,phases      ] GC(241) Weak Processing 0.459ms
[7677.863s][debug][gc,age         ] GC(241) Desired survivor size 164626432 bytes, new threshold 4 (max threshold 15)
[7677.863s][info ][gc,heap        ] GC(241) PSYoungGen: 1830516K(1937920K)->18675K(1930752K) Eden: 1784832K(1784832K)->0K(1775616K) From: 45684K(153088K)->18675K(155136K)
[7677.863s][info ][gc,heap        ] GC(241) ParOldGen: 594893K(659456K)->624020K(659456K)
[7677.863s][info ][gc,metaspace   ] GC(241) Metaspace: 100626K(101760K)->100626K(101760K) NonClass: 86181K(86848K)->86181K(86848K) Class: 14445K(14912K)->14445K(14912K)
[7677.863s][info ][gc             ] GC(241) Pause Young (Allocation Failure) 2368M->627M(2529M) 21.804ms
[7677.863s][info ][gc,cpu         ] GC(241) User=0.06s Sys=0.02s Real=0.02s
[7677.863s][debug][gc,phases      ] GC(242) Pre Compact 0.010ms
[7677.863s][info ][gc,start       ] GC(242) Pause Full (Ergonomics)
[7677.863s][info ][gc,phases,start] GC(242) Marking Phase
[7678.010s][debug][gc,phases      ] GC(242) Par Mark 147.053ms
[7678.010s][debug][gc,ref         ] GC(242) ReferenceProcessor::execute queues: 1, RefProcThreadModel::Single, marks_oops_alive: false
[7678.010s][debug][gc,ref         ] GC(242) Skipped KeepAliveFinalRefsPhase of Reference Processing: no references
[7678.010s][debug][gc,ref         ] GC(242) ReferenceProcessor::execute queues: 1, RefProcThreadModel::Single, marks_oops_alive: false
[7678.010s][debug][gc,phases      ] GC(242) Reference Processing 0.260ms
[7678.010s][debug][gc,phases      ] GC(242)   VM Weak                        Min:  0.0, Avg:  0.0, Max:  0.0, Diff:  0.0, Sum:  0.0, Workers: 4
[7678.010s][debug][gc,phases      ] GC(242)     Dead                           Min: 0, Avg:  0.0, Max: 0, Diff: 0, Sum: 0, Workers: 4
[7678.010s][debug][gc,phases      ] GC(242)     Total                          Min: 0, Avg: 215.0, Max: 417, Diff: 417, Sum: 860, Workers: 4
[7678.010s][debug][gc,phases      ] GC(242)   ObjectSynchronizer Weak        Min:  0.0, Avg:  0.0, Max:  0.0, Diff:  0.0, Sum:  0.0, Workers: 4
[7678.010s][debug][gc,phases      ] GC(242)     Dead                           Min: 0, Avg:  0.0, Max: 0, Diff: 0, Sum: 0, Workers: 4
[7678.010s][debug][gc,phases      ] GC(242)     Total                          Min: 0, Avg:  1.0, Max: 4, Diff: 4, Sum: 4, Workers: 4
[7678.010s][debug][gc,phases      ] GC(242)   JVMTI Tag Weak OopStorage      Min:  0.0, Avg:  0.0, Max:  0.0, Diff:  0.0, Sum:  0.0, Workers: 4
[7678.010s][debug][gc,phases      ] GC(242)     Dead                           Min: 0, Avg:  0.0, Max: 0, Diff: 0, Sum: 0, Workers: 4
[7678.010s][debug][gc,phases      ] GC(242)     Total                          Min: 0, Avg:  0.0, Max: 0, Diff: 0, Sum: 0, Workers: 4
[7678.010s][debug][gc,phases      ] GC(242)   StringTable Weak               Min:  0.0, Avg:  0.2, Max:  0.2, Diff:  0.2, Sum:  0.7, Workers: 4
[7678.010s][debug][gc,phases      ] GC(242)     Dead                           Min: 0, Avg:  0.0, Max: 0, Diff: 0, Sum: 0, Workers: 4
[7678.010s][debug][gc,phases      ] GC(242)     Total                          Min: 0, Avg: 12496.2, Max: 19392, Diff: 19392, Sum: 49985, Workers: 4
[7678.010s][debug][gc,phases      ] GC(242)   ResolvedMethodTable Weak       Min:  0.0, Avg:  0.0, Max:  0.1, Diff:  0.1, Sum:  0.2, Workers: 4
[7678.010s][debug][gc,phases      ] GC(242)     Dead                           Min: 0, Avg:  0.0, Max: 0, Diff: 0, Sum: 0, Workers: 4
[7678.011s][debug][gc,phases      ] GC(242)     Total                          Min: 0, Avg: 3609.8, Max: 5438, Diff: 5438, Sum: 14439, Workers: 4
[7678.011s][debug][gc,phases      ] GC(242)   JNI Weak                       Min:  0.0, Avg:  0.0, Max:  0.0, Diff:  0.0, Sum:  0.0, Workers: 4
[7678.011s][debug][gc,phases      ] GC(242)     Dead                           Min: 0, Avg:  0.0, Max: 0, Diff: 0, Sum: 0, Workers: 4
[7678.011s][debug][gc,phases      ] GC(242)     Total                          Min: 0, Avg: 12.0, Max: 48, Diff: 48, Sum: 48, Workers: 4
[7678.011s][debug][gc,phases      ] GC(242)   StringDedup Table Weak         Min:  0.0, Avg:  0.0, Max:  0.0, Diff:  0.0, Sum:  0.0, Workers: 4
[7678.011s][debug][gc,phases      ] GC(242)     Dead                           Min: 0, Avg:  0.0, Max: 0, Diff: 0, Sum: 0, Workers: 4
[7678.011s][debug][gc,phases      ] GC(242)     Total                          Min: 0, Avg:  0.0, Max: 0, Diff: 0, Sum: 0, Workers: 4
[7678.011s][debug][gc,phases      ] GC(242)   StringDedup Requests0 Weak     Min:  0.0, Avg:  0.0, Max:  0.0, Diff:  0.0, Sum:  0.0, Workers: 4
[7678.011s][debug][gc,phases      ] GC(242)     Dead                           Min: 0, Avg:  0.0, Max: 0, Diff: 0, Sum: 0, Workers: 4
[7678.011s][debug][gc,phases      ] GC(242)     Total                          Min: 0, Avg:  0.0, Max: 0, Diff: 0, Sum: 0, Workers: 4
[7678.011s][debug][gc,phases      ] GC(242)   StringDedup Requests1 Weak     Min:  0.0, Avg:  0.0, Max:  0.0, Diff:  0.0, Sum:  0.0, Workers: 4
[7678.011s][debug][gc,phases      ] GC(242)     Dead                           Min: 0, Avg:  0.0, Max: 0, Diff: 0, Sum: 0, Workers: 4
[7678.011s][debug][gc,phases      ] GC(242)     Total                          Min: 0, Avg:  0.0, Max: 0, Diff: 0, Sum: 0, Workers: 4
[7678.011s][debug][gc,phases      ] GC(242)   Weak JFR Old Object Samples    Min:  0.0, Avg:  0.0, Max:  0.0, Diff:  0.0, Sum:  0.0, Workers: 4
[7678.011s][debug][gc,phases      ] GC(242)     Dead                           Min: 0, Avg:  0.0, Max: 0, Diff: 0, Sum: 0, Workers: 4
[7678.011s][debug][gc,phases      ] GC(242)     Total                          Min: 0, Avg:  0.0, Max: 0, Diff: 0, Sum: 0, Workers: 4
[7678.011s][debug][gc,phases      ] GC(242) Weak Processing 0.545ms
[7678.011s][debug][gc,phases      ] GC(242) ClassLoaderData 0.108ms
[7678.011s][debug][gc,phases      ] GC(242) Trigger cleanups 0.000ms
[7678.045s][debug][gc,phases      ] GC(242) Class Unloading 34.733ms
[7678.045s][debug][gc,phases      ] GC(242) Report Object Count 0.002ms
[7678.045s][info ][gc,phases      ] GC(242) Marking Phase 182.708ms
[7678.045s][info ][gc,phases,start] GC(242) Summary Phase
[7678.045s][info ][gc,phases      ] GC(242) Summary Phase 0.021ms
[7678.045s][info ][gc,phases,start] GC(242) Adjust Roots
[7678.057s][info ][gc,phases      ] GC(242) Adjust Roots 11.825ms
[7678.057s][info ][gc,phases,start] GC(242) Compaction Phase
[7678.169s][info ][gc,phases      ] GC(242) Compaction Phase 111.321ms
[7678.169s][info ][gc,phases,start] GC(242) Post Compact
[7678.171s][info ][gc,phases      ] GC(242) Post Compact 2.243ms
[7678.171s][info ][gc,heap        ] GC(242) PSYoungGen: 18675K(1930752K)->0K(1936384K) Eden: 0K(1775616K)->0K(1775616K) From: 18675K(155136K)->0K(160768K)
[7678.171s][info ][gc,heap        ] GC(242) ParOldGen: 624020K(659456K)->458609K(593920K)
[7678.171s][info ][gc,metaspace   ] GC(242) Metaspace: 100626K(101760K)->100626K(101760K) NonClass: 86181K(86848K)->86181K(86848K) Class: 14445K(14912K)->14445K(14912K)
[7678.171s][info ][gc             ] GC(242) Pause Full (Ergonomics) 627M->447M(2471M) 308.736ms
[7678.171s][info ][gc,cpu         ] GC(242) User=0.95s Sys=0.00s Real=0.31s
[7678.171s][info ][safepoint      ] Safepoint "ParallelGCFailedAllocation", Time since last: 1909767934 ns, Reaching safepoint: 22500 ns, Cleanup: 4300 ns, At safepoint: 330709566 ns, Total: 330736366 ns
[7679.172s][info ][safepoint      ] Safepoint "Cleanup", Time since last: 1000090647 ns, Reaching safepoint: 7900 ns, Cleanup: 49402 ns, At safepoint: 3200 ns, Total: 60502 ns
[7680.172s][info ][safepoint      ] Safepoint "Cleanup", Time since last: 1000144049 ns, Reaching safepoint: 8800 ns, Cleanup: 12200 ns, At safepoint: 2500 ns, Total: 23500 ns
[7683.273s][info ][safepoint      ] Safepoint "Cleanup", Time since last: 3101188035 ns, Reaching safepoint: 7401 ns, Cleanup: 12600 ns, At safepoint: 2400 ns, Total: 22401 ns
[7689.273s][info ][safepoint      ] Safepoint "Cleanup", Time since last: 6000463547 ns, Reaching safepoint: 7401 ns, Cleanup: 14700 ns, At safepoint: 2400 ns, Total: 24501 ns
[7694.274s][info ][safepoint      ] Safepoint "Cleanup", Time since last: 5000392804 ns, Reaching safepoint: 7000 ns, Cleanup: 11801 ns, At safepoint: 2400 ns, Total: 21201 ns
[7695.274s][info ][safepoint      ] Safepoint "Cleanup", Time since last: 1000117691 ns, Reaching safepoint: 7401 ns, Cleanup: 16600 ns, At safepoint: 2800 ns, Total: 26801 ns
[7696.274s][info ][safepoint      ] Safepoint "Cleanup", Time since last: 1000127592 ns, Reaching safepoint: 8501 ns, Cleanup: 13700 ns, At safepoint: 2700 ns, Total: 24901 ns
[7699.274s][info ][safepoint      ] Safepoint "Cleanup", Time since last: 3000253773 ns, Reaching safepoint: 11400 ns, Cleanup: 16400 ns, At safepoint: 6601 ns, Total: 34401 ns
[7702.177s][info ][gc,start       ] GC(243) Pause Young (Allocation Failure)
[7702.185s][debug][gc,phases      ] GC(243) Scavenge 8.063ms
[7702.185s][debug][gc,ref         ] GC(243) ReferenceProcessor::execute queues: 1, RefProcThreadModel::Single, marks_oops_alive: false
[7702.185s][debug][gc,ref         ] GC(243) Skipped KeepAliveFinalRefsPhase of Reference Processing: no references
[7702.185s][debug][gc,ref         ] GC(243) ReferenceProcessor::execute queues: 1, RefProcThreadModel::Single, marks_oops_alive: false
[7702.185s][debug][gc,phases      ] GC(243) Reference Processing 0.135ms
[7702.186s][debug][gc,phases      ] GC(243)   VM Weak                        Min:  0.0, Avg:  0.0, Max:  0.0, Diff:  0.0, Sum:  0.0, Workers: 4
[7702.186s][debug][gc,phases      ] GC(243)     Dead                           Min: 0, Avg:  0.0, Max: 0, Diff: 0, Sum: 0, Workers: 4
[7702.186s][debug][gc,phases      ] GC(243)     Total                          Min: 0, Avg: 215.0, Max: 860, Diff: 860, Sum: 860, Workers: 4
[7702.186s][debug][gc,phases      ] GC(243)   ObjectSynchronizer Weak        Min:  0.0, Avg:  0.0, Max:  0.0, Diff:  0.0, Sum:  0.0, Workers: 4
[7702.186s][debug][gc,phases      ] GC(243)     Dead                           Min: 0, Avg:  0.0, Max: 0, Diff: 0, Sum: 0, Workers: 4
[7702.186s][debug][gc,phases      ] GC(243)     Total                          Min: 0, Avg:  1.2, Max: 5, Diff: 5, Sum: 5, Workers: 4
[7702.186s][debug][gc,phases      ] GC(243)   JVMTI Tag Weak OopStorage      Min:  0.0, Avg:  0.0, Max:  0.0, Diff:  0.0, Sum:  0.0, Workers: 4
[7702.186s][debug][gc,phases      ] GC(243)     Dead                           Min: 0, Avg:  0.0, Max: 0, Diff: 0, Sum: 0, Workers: 4
[7702.186s][debug][gc,phases      ] GC(243)     Total                          Min: 0, Avg:  0.0, Max: 0, Diff: 0, Sum: 0, Workers: 4
[7702.186s][debug][gc,phases      ] GC(243)   StringTable Weak               Min:  0.1, Avg:  0.1, Max:  0.1, Diff:  0.0, Sum:  0.4, Workers: 4
[7702.186s][debug][gc,phases      ] GC(243)     Dead                           Min: 0, Avg:  0.2, Max: 1, Diff: 1, Sum: 1, Workers: 4
[7702.186s][debug][gc,phases      ] GC(243)     Total                          Min: 9349, Avg: 12497.0, Max: 13824, Diff: 4475, Sum: 49988, Workers: 4
[7702.186s][debug][gc,phases      ] GC(243)   ResolvedMethodTable Weak       Min:  0.0, Avg:  0.0, Max:  0.0, Diff:  0.0, Sum:  0.1, Workers: 4
[7702.186s][debug][gc,phases      ] GC(243)     Dead                           Min: 0, Avg:  0.0, Max: 0, Diff: 0, Sum: 0, Workers: 4
[7702.186s][debug][gc,phases      ] GC(243)     Total                          Min: 3263, Avg: 3610.5, Max: 3902, Diff: 639, Sum: 14442, Workers: 4
[7702.186s][debug][gc,phases      ] GC(243)   JNI Weak                       Min:  0.0, Avg:  0.0, Max:  0.0, Diff:  0.0, Sum:  0.0, Workers: 4
[7702.186s][debug][gc,phases      ] GC(243)     Dead                           Min: 0, Avg:  0.0, Max: 0, Diff: 0, Sum: 0, Workers: 4
[7702.186s][debug][gc,phases      ] GC(243)     Total                          Min: 0, Avg: 12.0, Max: 48, Diff: 48, Sum: 48, Workers: 4
[7702.186s][debug][gc,phases      ] GC(243)   StringDedup Table Weak         Min:  0.0, Avg:  0.0, Max:  0.0, Diff:  0.0, Sum:  0.0, Workers: 4
[7702.186s][debug][gc,phases      ] GC(243)     Dead                           Min: 0, Avg:  0.0, Max: 0, Diff: 0, Sum: 0, Workers: 4
[7702.186s][debug][gc,phases      ] GC(243)     Total                          Min: 0, Avg:  0.0, Max: 0, Diff: 0, Sum: 0, Workers: 4
[7702.186s][debug][gc,phases      ] GC(243)   StringDedup Requests0 Weak     Min:  0.0, Avg:  0.0, Max:  0.0, Diff:  0.0, Sum:  0.0, Workers: 4
[7702.186s][debug][gc,phases      ] GC(243)     Dead                           Min: 0, Avg:  0.0, Max: 0, Diff: 0, Sum: 0, Workers: 4
[7702.186s][debug][gc,phases      ] GC(243)     Total                          Min: 0, Avg:  0.0, Max: 0, Diff: 0, Sum: 0, Workers: 4
[7702.186s][debug][gc,phases      ] GC(243)   StringDedup Requests1 Weak     Min:  0.0, Avg:  0.0, Max:  0.0, Diff:  0.0, Sum:  0.0, Workers: 4
[7702.186s][debug][gc,phases      ] GC(243)     Dead                           Min: 0, Avg:  0.0, Max: 0, Diff: 0, Sum: 0, Workers: 4
[7702.186s][debug][gc,phases      ] GC(243)     Total                          Min: 0, Avg:  0.0, Max: 0, Diff: 0, Sum: 0, Workers: 4
[7702.186s][debug][gc,phases      ] GC(243)   Weak JFR Old Object Samples    Min:  0.0, Avg:  0.0, Max:  0.0, Diff:  0.0, Sum:  0.0, Workers: 4
[7702.186s][debug][gc,phases      ] GC(243)     Dead                           Min: 0, Avg:  0.0, Max: 0, Diff: 0, Sum: 0, Workers: 4
[7702.186s][debug][gc,phases      ] GC(243)     Total                          Min: 0, Avg:  0.0, Max: 0, Diff: 0, Sum: 0, Workers: 4
[7702.186s][debug][gc,phases      ] GC(243) Weak Processing 0.408ms
[7702.186s][debug][gc,age         ] GC(243) Desired survivor size 167247872 bytes, new threshold 3 (max threshold 15)
[7702.186s][info ][gc,heap        ] GC(243) PSYoungGen: 1775616K(1936384K)->18787K(1931264K) Eden: 1775616K(1775616K)->0K(1770496K) From: 0K(160768K)->18787K(160768K)
[7702.186s][info ][gc,heap        ] GC(243) ParOldGen: 458609K(593920K)->458609K(593920K)
[7702.186s][info ][gc,metaspace   ] GC(243) Metaspace: 100634K(101760K)->100634K(101760K) NonClass: 86188K(86848K)->86188K(86848K) Class: 14446K(14912K)->14446K(14912K)
[7702.186s][info ][gc             ] GC(243) Pause Young (Allocation Failure) 2181M->466M(2466M) 8.756ms
[7702.186s][info ][gc,cpu         ] GC(243) User=0.03s Sys=0.00s Real=0.01s
[7702.186s][info ][safepoint      ] Safepoint "ParallelGCFailedAllocation", Time since last: 2902538215 ns, Reaching safepoint: 7300 ns, Cleanup: 4100 ns, At safepoint: 8836172 ns, Total: 8847572 ns
[7704.186s][info ][safepoint      ] Safepoint "Cleanup", Time since last: 2000161063 ns, Reaching safepoint: 79002 ns, Cleanup: 10401 ns, At safepoint: 8200 ns, Total: 97603 ns
[7705.186s][info ][safepoint      ] Safepoint "Cleanup", Time since last: 1000117932 ns, Reaching safepoint: 82503 ns, Cleanup: 11500 ns, At safepoint: 6800 ns, Total: 100803 ns
[7706.187s][info ][safepoint      ] Safepoint "Cleanup", Time since last: 1000080432 ns, Reaching safepoint: 93802 ns, Cleanup: 11401 ns, At safepoint: 7300 ns, Total: 112503 ns
[7708.187s][info ][safepoint      ] Safepoint "Cleanup", Time since last: 2000209864 ns, Reaching safepoint: 83803 ns, Cleanup: 12600 ns, At safepoint: 7100 ns, Total: 103503 ns
[7726.235s][info ][gc,start       ] GC(244) Pause Young (Allocation Failure)
[7726.244s][debug][gc,phases      ] GC(244) Scavenge 9.417ms
[7726.244s][debug][gc,ref         ] GC(244) ReferenceProcessor::execute queues: 1, RefProcThreadModel::Single, marks_oops_alive: false
[7726.244s][debug][gc,ref         ] GC(244) Skipped KeepAliveFinalRefsPhase of Reference Processing: no references
[7726.244s][debug][gc,ref         ] GC(244) ReferenceProcessor::execute queues: 1, RefProcThreadModel::Single, marks_oops_alive: false
[7726.244s][debug][gc,phases      ] GC(244) Reference Processing 0.136ms
[7726.245s][debug][gc,phases      ] GC(244)   VM Weak                        Min:  0.0, Avg:  0.0, Max:  0.0, Diff:  0.0, Sum:  0.0, Workers: 4
[7726.245s][debug][gc,phases      ] GC(244)     Dead                           Min: 0, Avg:  0.0, Max: 0, Diff: 0, Sum: 0, Workers: 4
[7726.245s][debug][gc,phases      ] GC(244)     Total                          Min: 0, Avg: 215.0, Max: 557, Diff: 557, Sum: 860, Workers: 4
[7726.245s][debug][gc,phases      ] GC(244)   ObjectSynchronizer Weak        Min:  0.0, Avg:  0.0, Max:  0.0, Diff:  0.0, Sum:  0.0, Workers: 4
[7726.245s][debug][gc,phases      ] GC(244)     Dead                           Min: 0, Avg:  0.0, Max: 0, Diff: 0, Sum: 0, Workers: 4
[7726.245s][debug][gc,phases      ] GC(244)     Total                          Min: 0, Avg:  1.2, Max: 5, Diff: 5, Sum: 5, Workers: 4
[7726.245s][debug][gc,phases      ] GC(244)   JVMTI Tag Weak OopStorage      Min:  0.0, Avg:  0.0, Max:  0.0, Diff:  0.0, Sum:  0.0, Workers: 4
[7726.245s][debug][gc,phases      ] GC(244)     Dead                           Min: 0, Avg:  0.0, Max: 0, Diff: 0, Sum: 0, Workers: 4
[7726.245s][debug][gc,phases      ] GC(244)     Total                          Min: 0, Avg:  0.0, Max: 0, Diff: 0, Sum: 0, Workers: 4
[7726.245s][debug][gc,phases      ] GC(244)   StringTable Weak               Min:  0.0, Avg:  0.1, Max:  0.1, Diff:  0.1, Sum:  0.4, Workers: 4
[7726.245s][debug][gc,phases      ] GC(244)     Dead                           Min: 0, Avg:  0.0, Max: 0, Diff: 0, Sum: 0, Workers: 4
[7726.245s][debug][gc,phases      ] GC(244)     Total                          Min: 0, Avg: 12497.0, Max: 18368, Diff: 18368, Sum: 49988, Workers: 4
[7726.245s][debug][gc,phases      ] GC(244)   ResolvedMethodTable Weak       Min:  0.0, Avg:  0.0, Max:  0.0, Diff:  0.0, Sum:  0.1, Workers: 4
[7726.245s][debug][gc,phases      ] GC(244)     Dead                           Min: 0, Avg:  0.0, Max: 0, Diff: 0, Sum: 0, Workers: 4
[7726.245s][debug][gc,phases      ] GC(244)     Total                          Min: 0, Avg: 3610.5, Max: 5117, Diff: 5117, Sum: 14442, Workers: 4
[7726.245s][debug][gc,phases      ] GC(244)   JNI Weak                       Min:  0.0, Avg:  0.0, Max:  0.0, Diff:  0.0, Sum:  0.0, Workers: 4
[7726.245s][debug][gc,phases      ] GC(244)     Dead                           Min: 0, Avg:  0.0, Max: 0, Diff: 0, Sum: 0, Workers: 4
[7726.245s][debug][gc,phases      ] GC(244)     Total                          Min: 0, Avg: 12.0, Max: 48, Diff: 48, Sum: 48, Workers: 4
[7726.245s][debug][gc,phases      ] GC(244)   StringDedup Table Weak         Min:  0.0, Avg:  0.0, Max:  0.0, Diff:  0.0, Sum:  0.0, Workers: 4
[7726.245s][debug][gc,phases      ] GC(244)     Dead                           Min: 0, Avg:  0.0, Max: 0, Diff: 0, Sum: 0, Workers: 4
[7726.245s][debug][gc,phases      ] GC(244)     Total                          Min: 0, Avg:  0.0, Max: 0, Diff: 0, Sum: 0, Workers: 4
[7726.245s][debug][gc,phases      ] GC(244)   StringDedup Requests0 Weak     Min:  0.0, Avg:  0.0, Max:  0.0, Diff:  0.0, Sum:  0.0, Workers: 4
[7726.245s][debug][gc,phases      ] GC(244)     Dead                           Min: 0, Avg:  0.0, Max: 0, Diff: 0, Sum: 0, Workers: 4
[7726.245s][debug][gc,phases      ] GC(244)     Total                          Min: 0, Avg:  0.0, Max: 0, Diff: 0, Sum: 0, Workers: 4
[7726.245s][debug][gc,phases      ] GC(244)   StringDedup Requests1 Weak     Min:  0.0, Avg:  0.0, Max:  0.0, Diff:  0.0, Sum:  0.0, Workers: 4
[7726.245s][debug][gc,phases      ] GC(244)     Dead                           Min: 0, Avg:  0.0, Max: 0, Diff: 0, Sum: 0, Workers: 4
[7726.245s][debug][gc,phases      ] GC(244)     Total                          Min: 0, Avg:  0.0, Max: 0, Diff: 0, Sum: 0, Workers: 4
[7726.245s][debug][gc,phases      ] GC(244)   Weak JFR Old Object Samples    Min:  0.0, Avg:  0.0, Max:  0.0, Diff:  0.0, Sum:  0.0, Workers: 4
[7726.245s][debug][gc,phases      ] GC(244)     Dead                           Min: 0, Avg:  0.0, Max: 0, Diff: 0, Sum: 0, Workers: 4
[7726.245s][debug][gc,phases      ] GC(244)     Total                          Min: 0, Avg:  0.0, Max: 0, Diff: 0, Sum: 0, Workers: 4
[7726.245s][debug][gc,phases      ] GC(244) Weak Processing 0.429ms
[7726.245s][debug][gc,age         ] GC(244) Desired survivor size 167247872 bytes, new threshold 3 (max threshold 15)
[7726.245s][info ][gc,heap        ] GC(244) PSYoungGen: 1789283K(1931264K)->22421K(1933824K) Eden: 1770496K(1770496K)->0K(1770496K) From: 18787K(160768K)->22421K(163328K)
[7726.245s][info ][gc,heap        ] GC(244) ParOldGen: 458609K(593920K)->458609K(593920K)
[7726.245s][info ][gc,metaspace   ] GC(244) Metaspace: 100636K(101760K)->100636K(101760K) NonClass: 86190K(86848K)->86190K(86848K) Class: 14446K(14912K)->14446K(14912K)
[7726.245s][info ][gc             ] GC(244) Pause Young (Allocation Failure) 2195M->469M(2468M) 10.139ms
[7726.245s][info ][gc,cpu         ] GC(244) User=0.04s Sys=0.00s Real=0.01s
[7726.245s][info ][safepoint      ] Safepoint "ParallelGCFailedAllocation", Time since last: 18047662989 ns, Reaching safepoint: 87403 ns, Cleanup: 3900 ns, At safepoint: 10228811 ns, Total: 10320114 ns
[7739.246s][info ][safepoint      ] Safepoint "Cleanup", Time since last: 13000969260 ns, Reaching safepoint: 81402 ns, Cleanup: 10900 ns, At safepoint: 30701 ns, Total: 123003 ns
[7752.540s][info ][gc,start       ] GC(245) Pause Young (Allocation Failure)
[7752.548s][debug][gc,phases      ] GC(245) Scavenge 8.417ms
[7752.548s][debug][gc,ref         ] GC(245) ReferenceProcessor::execute queues: 1, RefProcThreadModel::Single, marks_oops_alive: false
[7752.548s][debug][gc,ref         ] GC(245) Skipped KeepAliveFinalRefsPhase of Reference Processing: no references
[7752.548s][debug][gc,ref         ] GC(245) ReferenceProcessor::execute queues: 1, RefProcThreadModel::Single, marks_oops_alive: false
[7752.548s][debug][gc,phases      ] GC(245) Reference Processing 0.125ms
[7752.549s][debug][gc,phases      ] GC(245)   VM Weak                        Min:  0.0, Avg:  0.0, Max:  0.0, Diff:  0.0, Sum:  0.0, Workers: 4
[7752.549s][debug][gc,phases      ] GC(245)     Dead                           Min: 0, Avg:  0.0, Max: 0, Diff: 0, Sum: 0, Workers: 4
[7752.549s][debug][gc,phases      ] GC(245)     Total                          Min: 0, Avg: 215.0, Max: 807, Diff: 807, Sum: 860, Workers: 4
[7752.549s][debug][gc,phases      ] GC(245)   ObjectSynchronizer Weak        Min:  0.0, Avg:  0.0, Max:  0.0, Diff:  0.0, Sum:  0.0, Workers: 4
[7752.549s][debug][gc,phases      ] GC(245)     Dead                           Min: 0, Avg:  0.0, Max: 0, Diff: 0, Sum: 0, Workers: 4
[7752.549s][debug][gc,phases      ] GC(245)     Total                          Min: 0, Avg:  0.8, Max: 3, Diff: 3, Sum: 3, Workers: 4
[7752.549s][debug][gc,phases      ] GC(245)   JVMTI Tag Weak OopStorage      Min:  0.0, Avg:  0.0, Max:  0.0, Diff:  0.0, Sum:  0.0, Workers: 4
[7752.549s][debug][gc,phases      ] GC(245)     Dead                           Min: 0, Avg:  0.0, Max: 0, Diff: 0, Sum: 0, Workers: 4
[7752.549s][debug][gc,phases      ] GC(245)     Total                          Min: 0, Avg:  0.0, Max: 0, Diff: 0, Sum: 0, Workers: 4
[7752.549s][debug][gc,phases      ] GC(245)   StringTable Weak               Min:  0.0, Avg:  0.1, Max:  0.2, Diff:  0.2, Sum:  0.5, Workers: 4
[7752.549s][debug][gc,phases      ] GC(245)     Dead                           Min: 0, Avg:  0.0, Max: 0, Diff: 0, Sum: 0, Workers: 4
[7752.549s][debug][gc,phases      ] GC(245)     Total                          Min: 0, Avg: 12497.0, Max: 17664, Diff: 17664, Sum: 49988, Workers: 4
[7752.549s][debug][gc,phases      ] GC(245)   ResolvedMethodTable Weak       Min:  0.0, Avg:  0.0, Max:  0.0, Diff:  0.0, Sum:  0.1, Workers: 4
[7752.549s][debug][gc,phases      ] GC(245)     Dead                           Min: 0, Avg:  0.0, Max: 0, Diff: 0, Sum: 0, Workers: 4
[7752.549s][debug][gc,phases      ] GC(245)     Total                          Min: 0, Avg: 3610.5, Max: 4911, Diff: 4911, Sum: 14442, Workers: 4
[7752.549s][debug][gc,phases      ] GC(245)   JNI Weak                       Min:  0.0, Avg:  0.0, Max:  0.0, Diff:  0.0, Sum:  0.0, Workers: 4
[7752.549s][debug][gc,phases      ] GC(245)     Dead                           Min: 0, Avg:  0.0, Max: 0, Diff: 0, Sum: 0, Workers: 4
[7752.549s][debug][gc,phases      ] GC(245)     Total                          Min: 0, Avg: 12.0, Max: 48, Diff: 48, Sum: 48, Workers: 4
[7752.549s][debug][gc,phases      ] GC(245)   StringDedup Table Weak         Min:  0.0, Avg:  0.0, Max:  0.0, Diff:  0.0, Sum:  0.0, Workers: 4
[7752.549s][debug][gc,phases      ] GC(245)     Dead                           Min: 0, Avg:  0.0, Max: 0, Diff: 0, Sum: 0, Workers: 4
[7752.549s][debug][gc,phases      ] GC(245)     Total                          Min: 0, Avg:  0.0, Max: 0, Diff: 0, Sum: 0, Workers: 4
[7752.549s][debug][gc,phases      ] GC(245)   StringDedup Requests0 Weak     Min:  0.0, Avg:  0.0, Max:  0.0, Diff:  0.0, Sum:  0.0, Workers: 4
[7752.549s][debug][gc,phases      ] GC(245)     Dead                           Min: 0, Avg:  0.0, Max: 0, Diff: 0, Sum: 0, Workers: 4
[7752.549s][debug][gc,phases      ] GC(245)     Total                          Min: 0, Avg:  0.0, Max: 0, Diff: 0, Sum: 0, Workers: 4
[7752.549s][debug][gc,phases      ] GC(245)   StringDedup Requests1 Weak     Min:  0.0, Avg:  0.0, Max:  0.0, Diff:  0.0, Sum:  0.0, Workers: 4
[7752.549s][debug][gc,phases      ] GC(245)     Dead                           Min: 0, Avg:  0.0, Max: 0, Diff: 0, Sum: 0, Workers: 4
[7752.549s][debug][gc,phases      ] GC(245)     Total                          Min: 0, Avg:  0.0, Max: 0, Diff: 0, Sum: 0, Workers: 4
[7752.549s][debug][gc,phases      ] GC(245)   Weak JFR Old Object Samples    Min:  0.0, Avg:  0.0, Max:  0.0, Diff:  0.0, Sum:  0.0, Workers: 4
[7752.549s][debug][gc,phases      ] GC(245)     Dead                           Min: 0, Avg:  0.0, Max: 0, Diff: 0, Sum: 0, Workers: 4
[7752.549s][debug][gc,phases      ] GC(245)     Total                          Min: 0, Avg:  0.0, Max: 0, Diff: 0, Sum: 0, Workers: 4
[7752.549s][debug][gc,phases      ] GC(245) Weak Processing 0.462ms
[7752.549s][debug][gc,age         ] GC(245) Desired survivor size 165675008 bytes, new threshold 4 (max threshold 15)
[7752.549s][info ][gc,heap        ] GC(245) PSYoungGen: 1792917K(1933824K)->24709K(1935360K) Eden: 1770496K(1770496K)->0K(1772032K) From: 22421K(163328K)->24709K(163328K)
[7752.549s][info ][gc,heap        ] GC(245) ParOldGen: 458609K(593920K)->458609K(593920K)
[7752.549s][info ][gc,metaspace   ] GC(245) Metaspace: 100636K(101760K)->100636K(101760K) NonClass: 86190K(86848K)->86190K(86848K) Class: 14446K(14912K)->14446K(14912K)
[7752.549s][info ][gc             ] GC(245) Pause Young (Allocation Failure) 2198M->471M(2470M) 9.162ms
[7752.549s][info ][gc,cpu         ] GC(245) User=0.04s Sys=0.00s Real=0.01s
[7752.549s][info ][safepoint      ] Safepoint "ParallelGCFailedAllocation", Time since last: 13293657802 ns, Reaching safepoint: 80302 ns, Cleanup: 4000 ns, At safepoint: 9245374 ns, Total: 9329676 ns
[7766.714s][info ][safepoint      ] Safepoint "ParallelGCFailedAllocation", Time since last: 14165510834 ns, Reaching safepoint: 11701 ns, Cleanup: 12900 ns, At safepoint: 9501 ns, Total: 34102 ns
[7766.716s][info ][gc,start       ] GC(246) Pause Young (GCLocker Initiated GC)
[7766.736s][debug][gc,phases      ] GC(246) Scavenge 19.377ms
[7766.736s][debug][gc,ref         ] GC(246) ReferenceProcessor::execute queues: 1, RefProcThreadModel::Single, marks_oops_alive: false
[7766.736s][debug][gc,ref         ] GC(246) Skipped KeepAliveFinalRefsPhase of Reference Processing: no references
[7766.736s][debug][gc,ref         ] GC(246) ReferenceProcessor::execute queues: 1, RefProcThreadModel::Single, marks_oops_alive: false
[7766.736s][debug][gc,phases      ] GC(246) Reference Processing 0.133ms
[7766.736s][debug][gc,phases      ] GC(246)   VM Weak                        Min:  0.0, Avg:  0.0, Max:  0.0, Diff:  0.0, Sum:  0.0, Workers: 4
[7766.736s][debug][gc,phases      ] GC(246)     Dead                           Min: 0, Avg:  0.0, Max: 0, Diff: 0, Sum: 0, Workers: 4
[7766.736s][debug][gc,phases      ] GC(246)     Total                          Min: 0, Avg: 215.0, Max: 743, Diff: 743, Sum: 860, Workers: 4
[7766.736s][debug][gc,phases      ] GC(246)   ObjectSynchronizer Weak        Min:  0.0, Avg:  0.0, Max:  0.0, Diff:  0.0, Sum:  0.0, Workers: 4
[7766.736s][debug][gc,phases      ] GC(246)     Dead                           Min: 0, Avg:  0.0, Max: 0, Diff: 0, Sum: 0, Workers: 4
[7766.736s][debug][gc,phases      ] GC(246)     Total                          Min: 0, Avg:  1.0, Max: 4, Diff: 4, Sum: 4, Workers: 4
[7766.736s][debug][gc,phases      ] GC(246)   JVMTI Tag Weak OopStorage      Min:  0.0, Avg:  0.0, Max:  0.0, Diff:  0.0, Sum:  0.0, Workers: 4
[7766.736s][debug][gc,phases      ] GC(246)     Dead                           Min: 0, Avg:  0.0, Max: 0, Diff: 0, Sum: 0, Workers: 4
[7766.736s][debug][gc,phases      ] GC(246)     Total                          Min: 0, Avg:  0.0, Max: 0, Diff: 0, Sum: 0, Workers: 4
[7766.736s][debug][gc,phases      ] GC(246)   StringTable Weak               Min:  0.1, Avg:  0.1, Max:  0.1, Diff:  0.0, Sum:  0.5, Workers: 4
[7766.736s][debug][gc,phases      ] GC(246)     Dead                           Min: 0, Avg:  0.0, Max: 0, Diff: 0, Sum: 0, Workers: 4
[7766.736s][debug][gc,phases      ] GC(246)     Total                          Min: 12095, Avg: 12497.0, Max: 12869, Diff: 774, Sum: 49988, Workers: 4
[7766.736s][debug][gc,phases      ] GC(246)   ResolvedMethodTable Weak       Min:  0.0, Avg:  0.0, Max:  0.0, Diff:  0.0, Sum:  0.1, Workers: 4
[7766.736s][debug][gc,phases      ] GC(246)     Dead                           Min: 0, Avg:  0.0, Max: 0, Diff: 0, Sum: 0, Workers: 4
[7766.736s][debug][gc,phases      ] GC(246)     Total                          Min: 3327, Avg: 3610.5, Max: 3759, Diff: 432, Sum: 14442, Workers: 4
[7766.736s][debug][gc,phases      ] GC(246)   JNI Weak                       Min:  0.0, Avg:  0.0, Max:  0.0, Diff:  0.0, Sum:  0.0, Workers: 4
[7766.736s][debug][gc,phases      ] GC(246)     Dead                           Min: 0, Avg:  0.0, Max: 0, Diff: 0, Sum: 0, Workers: 4
[7766.736s][debug][gc,phases      ] GC(246)     Total                          Min: 0, Avg: 12.0, Max: 48, Diff: 48, Sum: 48, Workers: 4
[7766.736s][debug][gc,phases      ] GC(246)   StringDedup Table Weak         Min:  0.0, Avg:  0.0, Max:  0.0, Diff:  0.0, Sum:  0.0, Workers: 4
[7766.736s][debug][gc,phases      ] GC(246)     Dead                           Min: 0, Avg:  0.0, Max: 0, Diff: 0, Sum: 0, Workers: 4
[7766.736s][debug][gc,phases      ] GC(246)     Total                          Min: 0, Avg:  0.0, Max: 0, Diff: 0, Sum: 0, Workers: 4
[7766.736s][debug][gc,phases      ] GC(246)   StringDedup Requests0 Weak     Min:  0.0, Avg:  0.0, Max:  0.0, Diff:  0.0, Sum:  0.0, Workers: 4
[7766.736s][debug][gc,phases      ] GC(246)     Dead                           Min: 0, Avg:  0.0, Max: 0, Diff: 0, Sum: 0, Workers: 4
[7766.736s][debug][gc,phases      ] GC(246)     Total                          Min: 0, Avg:  0.0, Max: 0, Diff: 0, Sum: 0, Workers: 4
[7766.736s][debug][gc,phases      ] GC(246)   StringDedup Requests1 Weak     Min:  0.0, Avg:  0.0, Max:  0.0, Diff:  0.0, Sum:  0.0, Workers: 4
[7766.736s][debug][gc,phases      ] GC(246)     Dead                           Min: 0, Avg:  0.0, Max: 0, Diff: 0, Sum: 0, Workers: 4
[7766.736s][debug][gc,phases      ] GC(246)     Total                          Min: 0, Avg:  0.0, Max: 0, Diff: 0, Sum: 0, Workers: 4
[7766.736s][debug][gc,phases      ] GC(246)   Weak JFR Old Object Samples    Min:  0.0, Avg:  0.0, Max:  0.0, Diff:  0.0, Sum:  0.0, Workers: 4
[7766.736s][debug][gc,phases      ] GC(246)     Dead                           Min: 0, Avg:  0.0, Max: 0, Diff: 0, Sum: 0, Workers: 4
[7766.736s][debug][gc,phases      ] GC(246)     Total                          Min: 0, Avg:  0.0, Max: 0, Diff: 0, Sum: 0, Workers: 4
[7766.736s][debug][gc,phases      ] GC(246) Weak Processing 0.401ms
[7766.736s][debug][gc,age         ] GC(246) Desired survivor size 159907840 bytes, new threshold 5 (max threshold 15)
[7766.736s][info ][gc,heap        ] GC(246) PSYoungGen: 1796741K(1935360K)->43400K(1933824K) Eden: 1772032K(1772032K)->0K(1772032K) From: 24709K(163328K)->43400K(161792K)
[7766.736s][info ][gc,heap        ] GC(246) ParOldGen: 459633K(593920K)->459633K(593920K)
[7766.736s][info ][gc,metaspace   ] GC(246) Metaspace: 100636K(101760K)->100636K(101760K) NonClass: 86190K(86848K)->86190K(86848K) Class: 14446K(14912K)->14446K(14912K)
[7766.736s][info ][gc             ] GC(246) Pause Young (GCLocker Initiated GC) 2203M->491M(2468M) 20.055ms
[7766.736s][info ][gc,cpu         ] GC(246) User=0.05s Sys=0.00s Real=0.02s
[7766.736s][info ][safepoint      ] Safepoint "ParallelGCSystemGC", Time since last: 1418343 ns, Reaching safepoint: 157904 ns, Cleanup: 1701 ns, At safepoint: 20154913 ns, Total: 20314518 ns
[7767.736s][info ][safepoint      ] Safepoint "Cleanup", Time since last: 1000094630 ns, Reaching safepoint: 85102 ns, Cleanup: 8901 ns, At safepoint: 9500 ns, Total: 103503 ns
[7769.737s][info ][safepoint      ] Safepoint "Cleanup", Time since last: 2000201061 ns, Reaching safepoint: 85302 ns, Cleanup: 11501 ns, At safepoint: 30200 ns, Total: 127003 ns
[7771.100s][info ][gc,start       ] GC(247) Pause Young (Allocation Failure)
[7771.125s][debug][gc,phases      ] GC(247) Scavenge 24.236ms
[7771.125s][debug][gc,ref         ] GC(247) ReferenceProcessor::execute queues: 1, RefProcThreadModel::Single, marks_oops_alive: false
[7771.125s][debug][gc,ref         ] GC(247) Skipped KeepAliveFinalRefsPhase of Reference Processing: no references
[7771.125s][debug][gc,ref         ] GC(247) ReferenceProcessor::execute queues: 1, RefProcThreadModel::Single, marks_oops_alive: false
[7771.125s][debug][gc,phases      ] GC(247) Reference Processing 0.142ms
[7771.125s][debug][gc,phases      ] GC(247)   VM Weak                        Min:  0.0, Avg:  0.0, Max:  0.0, Diff:  0.0, Sum:  0.0, Workers: 4
[7771.125s][debug][gc,phases      ] GC(247)     Dead                           Min: 0, Avg:  0.0, Max: 0, Diff: 0, Sum: 0, Workers: 4
[7771.125s][debug][gc,phases      ] GC(247)     Total                          Min: 0, Avg: 215.0, Max: 452, Diff: 452, Sum: 860, Workers: 4
[7771.125s][debug][gc,phases      ] GC(247)   ObjectSynchronizer Weak        Min:  0.0, Avg:  0.0, Max:  0.0, Diff:  0.0, Sum:  0.0, Workers: 4
[7771.125s][debug][gc,phases      ] GC(247)     Dead                           Min: 0, Avg:  0.0, Max: 0, Diff: 0, Sum: 0, Workers: 4
[7771.125s][debug][gc,phases      ] GC(247)     Total                          Min: 0, Avg:  1.0, Max: 4, Diff: 4, Sum: 4, Workers: 4
[7771.125s][debug][gc,phases      ] GC(247)   JVMTI Tag Weak OopStorage      Min:  0.0, Avg:  0.0, Max:  0.0, Diff:  0.0, Sum:  0.0, Workers: 4
[7771.125s][debug][gc,phases      ] GC(247)     Dead                           Min: 0, Avg:  0.0, Max: 0, Diff: 0, Sum: 0, Workers: 4
[7771.125s][debug][gc,phases      ] GC(247)     Total                          Min: 0, Avg:  0.0, Max: 0, Diff: 0, Sum: 0, Workers: 4
[7771.125s][debug][gc,phases      ] GC(247)   StringTable Weak               Min:  0.0, Avg:  0.1, Max:  0.2, Diff:  0.2, Sum:  0.5, Workers: 4
[7771.125s][debug][gc,phases      ] GC(247)     Dead                           Min: 0, Avg:  0.0, Max: 0, Diff: 0, Sum: 0, Workers: 4
[7771.125s][debug][gc,phases      ] GC(247)     Total                          Min: 0, Avg: 12497.2, Max: 18310, Diff: 18310, Sum: 49989, Workers: 4
[7771.125s][debug][gc,phases      ] GC(247)   ResolvedMethodTable Weak       Min:  0.0, Avg:  0.0, Max:  0.0, Diff:  0.0, Sum:  0.1, Workers: 4
[7771.125s][debug][gc,phases      ] GC(247)     Dead                           Min: 0, Avg:  0.0, Max: 0, Diff: 0, Sum: 0, Workers: 4
[7771.125s][debug][gc,phases      ] GC(247)     Total                          Min: 0, Avg: 3610.5, Max: 4990, Diff: 4990, Sum: 14442, Workers: 4
[7771.125s][debug][gc,phases      ] GC(247)   JNI Weak                       Min:  0.0, Avg:  0.0, Max:  0.0, Diff:  0.0, Sum:  0.0, Workers: 4
[7771.125s][debug][gc,phases      ] GC(247)     Dead                           Min: 0, Avg:  0.0, Max: 0, Diff: 0, Sum: 0, Workers: 4
[7771.125s][debug][gc,phases      ] GC(247)     Total                          Min: 0, Avg: 12.0, Max: 48, Diff: 48, Sum: 48, Workers: 4
[7771.125s][debug][gc,phases      ] GC(247)   StringDedup Table Weak         Min:  0.0, Avg:  0.0, Max:  0.0, Diff:  0.0, Sum:  0.0, Workers: 4
[7771.125s][debug][gc,phases      ] GC(247)     Dead                           Min: 0, Avg:  0.0, Max: 0, Diff: 0, Sum: 0, Workers: 4
[7771.125s][debug][gc,phases      ] GC(247)     Total                          Min: 0, Avg:  0.0, Max: 0, Diff: 0, Sum: 0, Workers: 4
[7771.125s][debug][gc,phases      ] GC(247)   StringDedup Requests0 Weak     Min:  0.0, Avg:  0.0, Max:  0.0, Diff:  0.0, Sum:  0.0, Workers: 4
[7771.125s][debug][gc,phases      ] GC(247)     Dead                           Min: 0, Avg:  0.0, Max: 0, Diff: 0, Sum: 0, Workers: 4
[7771.125s][debug][gc,phases      ] GC(247)     Total                          Min: 0, Avg:  0.0, Max: 0, Diff: 0, Sum: 0, Workers: 4
[7771.125s][debug][gc,phases      ] GC(247)   StringDedup Requests1 Weak     Min:  0.0, Avg:  0.0, Max:  0.0, Diff:  0.0, Sum:  0.0, Workers: 4
[7771.125s][debug][gc,phases      ] GC(247)     Dead                           Min: 0, Avg:  0.0, Max: 0, Diff: 0, Sum: 0, Workers: 4
[7771.125s][debug][gc,phases      ] GC(247)     Total                          Min: 0, Avg:  0.0, Max: 0, Diff: 0, Sum: 0, Workers: 4
[7771.125s][debug][gc,phases      ] GC(247)   Weak JFR Old Object Samples    Min:  0.0, Avg:  0.0, Max:  0.0, Diff:  0.0, Sum:  0.0, Workers: 4
[7771.125s][debug][gc,phases      ] GC(247)     Dead                           Min: 0, Avg:  0.0, Max: 0, Diff: 0, Sum: 0, Workers: 4
[7771.125s][debug][gc,phases      ] GC(247)     Total                          Min: 0, Avg:  0.0, Max: 0, Diff: 0, Sum: 0, Workers: 4
[7771.125s][debug][gc,phases      ] GC(247) Weak Processing 0.452ms
[7771.125s][debug][gc,age         ] GC(247) Desired survivor size 150994944 bytes, new threshold 4 (max threshold 15)
[7771.125s][info ][gc,heap        ] GC(247) PSYoungGen: 1815432K(1933824K)->65383K(1949696K) Eden: 1772032K(1772032K)->0K(1793536K) From: 43400K(161792K)->65383K(156160K)
[7771.125s][info ][gc,heap        ] GC(247) ParOldGen: 459667K(593920K)->459667K(593920K)
[7771.125s][info ][gc,metaspace   ] GC(247) Metaspace: 100638K(101760K)->100638K(101760K) NonClass: 86191K(86848K)->86191K(86848K) Class: 14446K(14912K)->14446K(14912K)
[7771.125s][info ][gc             ] GC(247) Pause Young (Allocation Failure) 2221M->512M(2484M) 24.969ms
[7771.125s][info ][gc,cpu         ] GC(247) User=0.06s Sys=0.00s Real=0.02s
[7771.126s][info ][safepoint      ] Safepoint "ParallelGCFailedAllocation", Time since last: 1363629692 ns, Reaching safepoint: 84302 ns, Cleanup: 3301 ns, At safepoint: 25052862 ns, Total: 25140465 ns
[7775.126s][info ][safepoint      ] Safepoint "Cleanup", Time since last: 4000271471 ns, Reaching safepoint: 8200 ns, Cleanup: 16501 ns, At safepoint: 3000 ns, Total: 27701 ns
[7776.126s][info ][safepoint      ] Safepoint "Cleanup", Time since last: 1000084971 ns, Reaching safepoint: 9200 ns, Cleanup: 11100 ns, At safepoint: 3300 ns, Total: 23600 ns
[7778.126s][info ][safepoint      ] Safepoint "Cleanup", Time since last: 2000181543 ns, Reaching safepoint: 9200 ns, Cleanup: 11400 ns, At safepoint: 2900 ns, Total: 23500 ns
[7780.126s][info ][safepoint      ] Safepoint "Cleanup", Time since last: 2000191943 ns, Reaching safepoint: 7800 ns, Cleanup: 10401 ns, At safepoint: 27801 ns, Total: 46002 ns
[7787.114s][info ][gc,start       ] GC(248) Pause Young (Allocation Failure)
[7787.136s][debug][gc,phases      ] GC(248) Scavenge 22.347ms
[7787.137s][debug][gc,ref         ] GC(248) ReferenceProcessor::execute queues: 1, RefProcThreadModel::Single, marks_oops_alive: false
[7787.137s][debug][gc,ref         ] GC(248) Skipped KeepAliveFinalRefsPhase of Reference Processing: no references
[7787.137s][debug][gc,ref         ] GC(248) ReferenceProcessor::execute queues: 1, RefProcThreadModel::Single, marks_oops_alive: false
[7787.137s][debug][gc,phases      ] GC(248) Reference Processing 0.129ms
[7787.137s][debug][gc,phases      ] GC(248)   VM Weak                        Min:  0.0, Avg:  0.0, Max:  0.0, Diff:  0.0, Sum:  0.0, Workers: 4
[7787.137s][debug][gc,phases      ] GC(248)     Dead                           Min: 0, Avg:  0.0, Max: 0, Diff: 0, Sum: 0, Workers: 4
[7787.137s][debug][gc,phases      ] GC(248)     Total                          Min: 0, Avg: 215.0, Max: 798, Diff: 798, Sum: 860, Workers: 4
[7787.137s][debug][gc,phases      ] GC(248)   ObjectSynchronizer Weak        Min:  0.0, Avg:  0.0, Max:  0.0, Diff:  0.0, Sum:  0.0, Workers: 4
[7787.137s][debug][gc,phases      ] GC(248)     Dead                           Min: 0, Avg:  0.0, Max: 0, Diff: 0, Sum: 0, Workers: 4
[7787.137s][debug][gc,phases      ] GC(248)     Total                          Min: 0, Avg:  1.0, Max: 4, Diff: 4, Sum: 4, Workers: 4
[7787.137s][debug][gc,phases      ] GC(248)   JVMTI Tag Weak OopStorage      Min:  0.0, Avg:  0.0, Max:  0.0, Diff:  0.0, Sum:  0.0, Workers: 4
[7787.137s][debug][gc,phases      ] GC(248)     Dead                           Min: 0, Avg:  0.0, Max: 0, Diff: 0, Sum: 0, Workers: 4
[7787.137s][debug][gc,phases      ] GC(248)     Total                          Min: 0, Avg:  0.0, Max: 0, Diff: 0, Sum: 0, Workers: 4
[7787.137s][debug][gc,phases      ] GC(248)   StringTable Weak               Min:  0.0, Avg:  0.1, Max:  0.2, Diff:  0.2, Sum:  0.5, Workers: 4
[7787.137s][debug][gc,phases      ] GC(248)     Dead                           Min: 0, Avg:  0.0, Max: 0, Diff: 0, Sum: 0, Workers: 4
[7787.137s][debug][gc,phases      ] GC(248)     Total                          Min: 0, Avg: 12498.0, Max: 18368, Diff: 18368, Sum: 49992, Workers: 4
[7787.137s][debug][gc,phases      ] GC(248)   ResolvedMethodTable Weak       Min:  0.0, Avg:  0.0, Max:  0.0, Diff:  0.0, Sum:  0.1, Workers: 4
[7787.137s][debug][gc,phases      ] GC(248)     Dead                           Min: 0, Avg:  0.0, Max: 0, Diff: 0, Sum: 0, Workers: 4
[7787.137s][debug][gc,phases      ] GC(248)     Total                          Min: 0, Avg: 3610.5, Max: 5056, Diff: 5056, Sum: 14442, Workers: 4
[7787.137s][debug][gc,phases      ] GC(248)   JNI Weak                       Min:  0.0, Avg:  0.0, Max:  0.0, Diff:  0.0, Sum:  0.0, Workers: 4
[7787.137s][debug][gc,phases      ] GC(248)     Dead                           Min: 0, Avg:  0.0, Max: 0, Diff: 0, Sum: 0, Workers: 4
[7787.137s][debug][gc,phases      ] GC(248)     Total                          Min: 0, Avg: 12.0, Max: 48, Diff: 48, Sum: 48, Workers: 4
[7787.137s][debug][gc,phases      ] GC(248)   StringDedup Table Weak         Min:  0.0, Avg:  0.0, Max:  0.0, Diff:  0.0, Sum:  0.0, Workers: 4
[7787.137s][debug][gc,phases      ] GC(248)     Dead                           Min: 0, Avg:  0.0, Max: 0, Diff: 0, Sum: 0, Workers: 4
[7787.137s][debug][gc,phases      ] GC(248)     Total                          Min: 0, Avg:  0.0, Max: 0, Diff: 0, Sum: 0, Workers: 4
[7787.137s][debug][gc,phases      ] GC(248)   StringDedup Requests0 Weak     Min:  0.0, Avg:  0.0, Max:  0.0, Diff:  0.0, Sum:  0.0, Workers: 4
[7787.137s][debug][gc,phases      ] GC(248)     Dead                           Min: 0, Avg:  0.0, Max: 0, Diff: 0, Sum: 0, Workers: 4
[7787.137s][debug][gc,phases      ] GC(248)     Total                          Min: 0, Avg:  0.0, Max: 0, Diff: 0, Sum: 0, Workers: 4
[7787.137s][debug][gc,phases      ] GC(248)   StringDedup Requests1 Weak     Min:  0.0, Avg:  0.0, Max:  0.0, Diff:  0.0, Sum:  0.0, Workers: 4
[7787.137s][debug][gc,phases      ] GC(248)     Dead                           Min: 0, Avg:  0.0, Max: 0, Diff: 0, Sum: 0, Workers: 4
[7787.137s][debug][gc,phases      ] GC(248)     Total                          Min: 0, Avg:  0.0, Max: 0, Diff: 0, Sum: 0, Workers: 4
[7787.137s][debug][gc,phases      ] GC(248)   Weak JFR Old Object Samples    Min:  0.0, Avg:  0.0, Max:  0.0, Diff:  0.0, Sum:  0.0, Workers: 4
[7787.137s][debug][gc,phases      ] GC(248)     Dead                           Min: 0, Avg:  0.0, Max: 0, Diff: 0, Sum: 0, Workers: 4
[7787.137s][debug][gc,phases      ] GC(248)     Total                          Min: 0, Avg:  0.0, Max: 0, Diff: 0, Sum: 0, Workers: 4
[7787.137s][debug][gc,phases      ] GC(248) Weak Processing 0.460ms
[7787.137s][debug][gc,age         ] GC(248) Desired survivor size 144179200 bytes, new threshold 3 (max threshold 15)
[7787.137s][info ][gc,heap        ] GC(248) PSYoungGen: 1858919K(1949696K)->55282K(1940992K) Eden: 1793536K(1793536K)->0K(1793536K) From: 65383K(156160K)->55282K(147456K)
[7787.137s][info ][gc,heap        ] GC(248) ParOldGen: 459667K(593920K)->472531K(593920K)
[7787.137s][info ][gc,metaspace   ] GC(248) Metaspace: 100660K(101760K)->100660K(101760K) NonClass: 86214K(86848K)->86214K(86848K) Class: 14446K(14912K)->14446K(14912K)
[7787.137s][info ][gc             ] GC(248) Pause Young (Allocation Failure) 2264M->515M(2475M) 23.121ms
[7787.137s][info ][gc,cpu         ] GC(248) User=0.08s Sys=0.00s Real=0.02s
[7787.137s][info ][safepoint      ] Safepoint "ParallelGCFailedAllocation", Time since last: 6987484108 ns, Reaching safepoint: 85303 ns, Cleanup: 4300 ns, At safepoint: 23210501 ns, Total: 23300104 ns
[7791.138s][info ][safepoint      ] Safepoint "Cleanup", Time since last: 4000308470 ns, Reaching safepoint: 65402 ns, Cleanup: 10300 ns, At safepoint: 33501 ns, Total: 109203 ns
[7794.138s][info ][safepoint      ] Safepoint "Cleanup", Time since last: 3000259231 ns, Reaching safepoint: 80802 ns, Cleanup: 9900 ns, At safepoint: 7800 ns, Total: 98502 ns
[7796.138s][info ][safepoint      ] Safepoint "Cleanup", Time since last: 2000202422 ns, Reaching safepoint: 91802 ns, Cleanup: 15701 ns, At safepoint: 6700 ns, Total: 114203 ns
[7797.138s][info ][safepoint      ] Safepoint "Cleanup", Time since last: 1000134186 ns, Reaching safepoint: 82402 ns, Cleanup: 12301 ns, At safepoint: 6300 ns, Total: 101003 ns
[7800.139s][info ][safepoint      ] Safepoint "Cleanup", Time since last: 3000237101 ns, Reaching safepoint: 87503 ns, Cleanup: 21900 ns, At safepoint: 7301 ns, Total: 116704 ns
[7801.139s][info ][safepoint      ] Safepoint "Cleanup", Time since last: 1000134235 ns, Reaching safepoint: 80803 ns, Cleanup: 23900 ns, At safepoint: 6700 ns, Total: 111403 ns
[7802.139s][info ][safepoint      ] Safepoint "Cleanup", Time since last: 1000127136 ns, Reaching safepoint: 89002 ns, Cleanup: 19601 ns, At safepoint: 7600 ns, Total: 116203 ns
[7803.311s][info ][safepoint      ] Safepoint "Cleanup", Time since last: 1171194507 ns, Reaching safepoint: 7600 ns, Cleanup: 10901 ns, At safepoint: 2400 ns, Total: 20901 ns
[7810.311s][info ][safepoint      ] Safepoint "Cleanup", Time since last: 7000527374 ns, Reaching safepoint: 8700 ns, Cleanup: 19600 ns, At safepoint: 2500 ns, Total: 30800 ns
[7811.634s][info ][gc,start       ] GC(249) Pause Young (Allocation Failure)
[7811.651s][debug][gc,phases      ] GC(249) Scavenge 17.163ms
[7811.651s][debug][gc,ref         ] GC(249) ReferenceProcessor::execute queues: 1, RefProcThreadModel::Single, marks_oops_alive: false
[7811.651s][debug][gc,ref         ] GC(249) Skipped KeepAliveFinalRefsPhase of Reference Processing: no references
[7811.651s][debug][gc,ref         ] GC(249) ReferenceProcessor::execute queues: 1, RefProcThreadModel::Single, marks_oops_alive: false
[7811.651s][debug][gc,phases      ] GC(249) Reference Processing 0.162ms
[7811.652s][debug][gc,phases      ] GC(249)   VM Weak                        Min:  0.0, Avg:  0.0, Max:  0.0, Diff:  0.0, Sum:  0.0, Workers: 4
[7811.652s][debug][gc,phases      ] GC(249)     Dead                           Min: 0, Avg:  0.0, Max: 0, Diff: 0, Sum: 0, Workers: 4
[7811.652s][debug][gc,phases      ] GC(249)     Total                          Min: 0, Avg: 215.0, Max: 454, Diff: 454, Sum: 860, Workers: 4
[7811.652s][debug][gc,phases      ] GC(249)   ObjectSynchronizer Weak        Min:  0.0, Avg:  0.0, Max:  0.0, Diff:  0.0, Sum:  0.0, Workers: 4
[7811.652s][debug][gc,phases      ] GC(249)     Dead                           Min: 0, Avg:  0.0, Max: 0, Diff: 0, Sum: 0, Workers: 4
[7811.652s][debug][gc,phases      ] GC(249)     Total                          Min: 0, Avg:  1.0, Max: 4, Diff: 4, Sum: 4, Workers: 4
[7811.652s][debug][gc,phases      ] GC(249)   JVMTI Tag Weak OopStorage      Min:  0.0, Avg:  0.0, Max:  0.0, Diff:  0.0, Sum:  0.0, Workers: 4
[7811.652s][debug][gc,phases      ] GC(249)     Dead                           Min: 0, Avg:  0.0, Max: 0, Diff: 0, Sum: 0, Workers: 4
[7811.652s][debug][gc,phases      ] GC(249)     Total                          Min: 0, Avg:  0.0, Max: 0, Diff: 0, Sum: 0, Workers: 4
[7811.652s][debug][gc,phases      ] GC(249)   StringTable Weak               Min:  0.0, Avg:  0.1, Max:  0.1, Diff:  0.1, Sum:  0.5, Workers: 4
[7811.652s][debug][gc,phases      ] GC(249)     Dead                           Min: 0, Avg:  0.0, Max: 0, Diff: 0, Sum: 0, Workers: 4
[7811.652s][debug][gc,phases      ] GC(249)     Total                          Min: 3327, Avg: 12498.0, Max: 16649, Diff: 13322, Sum: 49992, Workers: 4
[7811.652s][debug][gc,phases      ] GC(249)   ResolvedMethodTable Weak       Min:  0.0, Avg:  0.0, Max:  0.0, Diff:  0.0, Sum:  0.1, Workers: 4
[7811.652s][debug][gc,phases      ] GC(249)     Dead                           Min: 0, Avg:  0.0, Max: 0, Diff: 0, Sum: 0, Workers: 4
[7811.652s][debug][gc,phases      ] GC(249)     Total                          Min: 3440, Avg: 3610.5, Max: 3837, Diff: 397, Sum: 14442, Workers: 4
[7811.652s][debug][gc,phases      ] GC(249)   JNI Weak                       Min:  0.0, Avg:  0.0, Max:  0.0, Diff:  0.0, Sum:  0.0, Workers: 4
[7811.652s][debug][gc,phases      ] GC(249)     Dead                           Min: 0, Avg:  0.0, Max: 0, Diff: 0, Sum: 0, Workers: 4
[7811.652s][debug][gc,phases      ] GC(249)     Total                          Min: 0, Avg: 12.0, Max: 48, Diff: 48, Sum: 48, Workers: 4
[7811.652s][debug][gc,phases      ] GC(249)   StringDedup Table Weak         Min:  0.0, Avg:  0.0, Max:  0.0, Diff:  0.0, Sum:  0.0, Workers: 4
[7811.652s][debug][gc,phases      ] GC(249)     Dead                           Min: 0, Avg:  0.0, Max: 0, Diff: 0, Sum: 0, Workers: 4
[7811.652s][debug][gc,phases      ] GC(249)     Total                          Min: 0, Avg:  0.0, Max: 0, Diff: 0, Sum: 0, Workers: 4
[7811.652s][debug][gc,phases      ] GC(249)   StringDedup Requests0 Weak     Min:  0.0, Avg:  0.0, Max:  0.0, Diff:  0.0, Sum:  0.0, Workers: 4
[7811.652s][debug][gc,phases      ] GC(249)     Dead                           Min: 0, Avg:  0.0, Max: 0, Diff: 0, Sum: 0, Workers: 4
[7811.652s][debug][gc,phases      ] GC(249)     Total                          Min: 0, Avg:  0.0, Max: 0, Diff: 0, Sum: 0, Workers: 4
[7811.652s][debug][gc,phases      ] GC(249)   StringDedup Requests1 Weak     Min:  0.0, Avg:  0.0, Max:  0.0, Diff:  0.0, Sum:  0.0, Workers: 4
[7811.652s][debug][gc,phases      ] GC(249)     Dead                           Min: 0, Avg:  0.0, Max: 0, Diff: 0, Sum: 0, Workers: 4
[7811.652s][debug][gc,phases      ] GC(249)     Total                          Min: 0, Avg:  0.0, Max: 0, Diff: 0, Sum: 0, Workers: 4
[7811.652s][debug][gc,phases      ] GC(249)   Weak JFR Old Object Samples    Min:  0.0, Avg:  0.0, Max:  0.0, Diff:  0.0, Sum:  0.0, Workers: 4
[7811.652s][debug][gc,phases      ] GC(249)     Dead                           Min: 0, Avg:  0.0, Max: 0, Diff: 0, Sum: 0, Workers: 4
[7811.652s][debug][gc,phases      ] GC(249)     Total                          Min: 0, Avg:  0.0, Max: 0, Diff: 0, Sum: 0, Workers: 4
[7811.652s][debug][gc,phases      ] GC(249) Weak Processing 0.433ms
[7811.652s][debug][gc,age         ] GC(249) Desired survivor size 139460608 bytes, new threshold 3 (max threshold 15)
[7811.652s][info ][gc,heap        ] GC(249) PSYoungGen: 1848818K(1940992K)->42418K(1960960K) Eden: 1793536K(1793536K)->0K(1820160K) From: 55282K(147456K)->42418K(140800K)
[7811.652s][info ][gc,heap        ] GC(249) ParOldGen: 472531K(593920K)->486892K(593920K)
[7811.652s][info ][gc,metaspace   ] GC(249) Metaspace: 100662K(101760K)->100662K(101760K) NonClass: 86216K(86848K)->86216K(86848K) Class: 14446K(14912K)->14446K(14912K)
[7811.652s][info ][gc             ] GC(249) Pause Young (Allocation Failure) 2266M->516M(2495M) 17.919ms
[7811.652s][info ][gc,cpu         ] GC(249) User=0.07s Sys=0.00s Real=0.02s
[7811.652s][info ][safepoint      ] Safepoint "ParallelGCFailedAllocation", Time since last: 1322796351 ns, Reaching safepoint: 73802 ns, Cleanup: 4400 ns, At safepoint: 18017545 ns, Total: 18095747 ns
[7812.652s][info ][safepoint      ] Safepoint "Cleanup", Time since last: 1000089304 ns, Reaching safepoint: 7900 ns, Cleanup: 16201 ns, At safepoint: 3100 ns, Total: 27201 ns
[7813.652s][info ][safepoint      ] Safepoint "Cleanup", Time since last: 1000115805 ns, Reaching safepoint: 8300 ns, Cleanup: 12601 ns, At safepoint: 2600 ns, Total: 23501 ns
[7818.653s][info ][safepoint      ] Safepoint "Cleanup", Time since last: 5000396223 ns, Reaching safepoint: 7600 ns, Cleanup: 11601 ns, At safepoint: 2600 ns, Total: 21801 ns
[7824.653s][info ][safepoint      ] Safepoint "Cleanup", Time since last: 6000397336 ns, Reaching safepoint: 7800 ns, Cleanup: 11801 ns, At safepoint: 2600 ns, Total: 22201 ns
[7825.653s][info ][safepoint      ] Safepoint "Cleanup", Time since last: 1000110070 ns, Reaching safepoint: 7601 ns, Cleanup: 11200 ns, At safepoint: 2600 ns, Total: 21401 ns
[7832.654s][info ][safepoint      ] Safepoint "Cleanup", Time since last: 7000498050 ns, Reaching safepoint: 7601 ns, Cleanup: 13700 ns, At safepoint: 6400 ns, Total: 27701 ns
[7838.654s][info ][safepoint      ] Safepoint "Cleanup", Time since last: 6000455749 ns, Reaching safepoint: 8401 ns, Cleanup: 11300 ns, At safepoint: 2200 ns, Total: 21901 ns
[7838.753s][info ][gc,start       ] GC(250) Pause Young (Allocation Failure)
[7838.773s][debug][gc,phases      ] GC(250) Scavenge 19.537ms
[7838.773s][debug][gc,ref         ] GC(250) ReferenceProcessor::execute queues: 1, RefProcThreadModel::Single, marks_oops_alive: false
[7838.773s][debug][gc,ref         ] GC(250) Skipped KeepAliveFinalRefsPhase of Reference Processing: no references
[7838.773s][debug][gc,ref         ] GC(250) Skipped PhantomRefsPhase of Reference Processing: no references
[7838.773s][debug][gc,phases      ] GC(250) Reference Processing 0.121ms
[7838.773s][debug][gc,phases      ] GC(250)   VM Weak                        Min:  0.0, Avg:  0.0, Max:  0.0, Diff:  0.0, Sum:  0.0, Workers: 4
[7838.773s][debug][gc,phases      ] GC(250)     Dead                           Min: 0, Avg:  0.0, Max: 0, Diff: 0, Sum: 0, Workers: 4
[7838.773s][debug][gc,phases      ] GC(250)     Total                          Min: 0, Avg: 215.0, Max: 493, Diff: 493, Sum: 860, Workers: 4
[7838.773s][debug][gc,phases      ] GC(250)   ObjectSynchronizer Weak        Min:  0.0, Avg:  0.0, Max:  0.0, Diff:  0.0, Sum:  0.0, Workers: 4
[7838.773s][debug][gc,phases      ] GC(250)     Dead                           Min: 0, Avg:  0.0, Max: 0, Diff: 0, Sum: 0, Workers: 4
[7838.773s][debug][gc,phases      ] GC(250)     Total                          Min: 0, Avg:  1.0, Max: 4, Diff: 4, Sum: 4, Workers: 4
[7838.773s][debug][gc,phases      ] GC(250)   JVMTI Tag Weak OopStorage      Min:  0.0, Avg:  0.0, Max:  0.0, Diff:  0.0, Sum:  0.0, Workers: 4
[7838.773s][debug][gc,phases      ] GC(250)     Dead                           Min: 0, Avg:  0.0, Max: 0, Diff: 0, Sum: 0, Workers: 4
[7838.773s][debug][gc,phases      ] GC(250)     Total                          Min: 0, Avg:  0.0, Max: 0, Diff: 0, Sum: 0, Workers: 4
[7838.773s][debug][gc,phases      ] GC(250)   StringTable Weak               Min:  0.0, Avg:  0.1, Max:  0.2, Diff:  0.2, Sum:  0.5, Workers: 4
[7838.773s][debug][gc,phases      ] GC(250)     Dead                           Min: 0, Avg:  0.0, Max: 0, Diff: 0, Sum: 0, Workers: 4
[7838.773s][debug][gc,phases      ] GC(250)     Total                          Min: 0, Avg: 12498.2, Max: 25162, Diff: 25162, Sum: 49993, Workers: 4
[7838.773s][debug][gc,phases      ] GC(250)   ResolvedMethodTable Weak       Min:  0.0, Avg:  0.0, Max:  0.1, Diff:  0.1, Sum:  0.1, Workers: 4
[7838.773s][debug][gc,phases      ] GC(250)     Dead                           Min: 0, Avg:  0.0, Max: 0, Diff: 0, Sum: 0, Workers: 4
[7838.773s][debug][gc,phases      ] GC(250)     Total                          Min: 0, Avg: 3610.5, Max: 7549, Diff: 7549, Sum: 14442, Workers: 4
[7838.773s][debug][gc,phases      ] GC(250)   JNI Weak                       Min:  0.0, Avg:  0.0, Max:  0.0, Diff:  0.0, Sum:  0.0, Workers: 4
[7838.773s][debug][gc,phases      ] GC(250)     Dead                           Min: 0, Avg:  0.0, Max: 0, Diff: 0, Sum: 0, Workers: 4
[7838.773s][debug][gc,phases      ] GC(250)     Total                          Min: 0, Avg: 12.0, Max: 48, Diff: 48, Sum: 48, Workers: 4
[7838.773s][debug][gc,phases      ] GC(250)   StringDedup Table Weak         Min:  0.0, Avg:  0.0, Max:  0.0, Diff:  0.0, Sum:  0.0, Workers: 4
[7838.773s][debug][gc,phases      ] GC(250)     Dead                           Min: 0, Avg:  0.0, Max: 0, Diff: 0, Sum: 0, Workers: 4
[7838.773s][debug][gc,phases      ] GC(250)     Total                          Min: 0, Avg:  0.0, Max: 0, Diff: 0, Sum: 0, Workers: 4
[7838.773s][debug][gc,phases      ] GC(250)   StringDedup Requests0 Weak     Min:  0.0, Avg:  0.0, Max:  0.0, Diff:  0.0, Sum:  0.0, Workers: 4
[7838.773s][debug][gc,phases      ] GC(250)     Dead                           Min: 0, Avg:  0.0, Max: 0, Diff: 0, Sum: 0, Workers: 4
[7838.773s][debug][gc,phases      ] GC(250)     Total                          Min: 0, Avg:  0.0, Max: 0, Diff: 0, Sum: 0, Workers: 4
[7838.773s][debug][gc,phases      ] GC(250)   StringDedup Requests1 Weak     Min:  0.0, Avg:  0.0, Max:  0.0, Diff:  0.0, Sum:  0.0, Workers: 4
[7838.774s][debug][gc,phases      ] GC(250)     Dead                           Min: 0, Avg:  0.0, Max: 0, Diff: 0, Sum: 0, Workers: 4
[7838.774s][debug][gc,phases      ] GC(250)     Total                          Min: 0, Avg:  0.0, Max: 0, Diff: 0, Sum: 0, Workers: 4
[7838.774s][debug][gc,phases      ] GC(250)   Weak JFR Old Object Samples    Min:  0.0, Avg:  0.0, Max:  0.0, Diff:  0.0, Sum:  0.0, Workers: 4
[7838.774s][debug][gc,phases      ] GC(250)     Dead                           Min: 0, Avg:  0.0, Max: 0, Diff: 0, Sum: 0, Workers: 4
[7838.774s][debug][gc,phases      ] GC(250)     Total                          Min: 0, Avg:  0.0, Max: 0, Diff: 0, Sum: 0, Workers: 4
[7838.774s][debug][gc,phases      ] GC(250) Weak Processing 0.819ms
[7838.774s][debug][gc,age         ] GC(250) Desired survivor size 138412032 bytes, new threshold 4 (max threshold 15)
[7838.774s][info ][gc,heap        ] GC(250) PSYoungGen: 1862578K(1960960K)->21969K(1956352K) Eden: 1820160K(1820160K)->0K(1820160K) From: 42418K(140800K)->21969K(136192K)
[7838.774s][info ][gc,heap        ] GC(250) ParOldGen: 486892K(593920K)->509892K(593920K)
[7838.774s][info ][gc,metaspace   ] GC(250) Metaspace: 100671K(101760K)->100671K(101760K) NonClass: 86225K(86848K)->86225K(86848K) Class: 14446K(14912K)->14446K(14912K)
[7838.774s][info ][gc             ] GC(250) Pause Young (Allocation Failure) 2294M->519M(2490M) 20.624ms
[7838.774s][info ][gc,cpu         ] GC(250) User=0.05s Sys=0.00s Real=0.02s
[7838.774s][info ][safepoint      ] Safepoint "ParallelGCFailedAllocation", Time since last: 98706867 ns, Reaching safepoint: 8601 ns, Cleanup: 4400 ns, At safepoint: 20716222 ns, Total: 20729223 ns
[7839.774s][info ][safepoint      ] Safepoint "Cleanup", Time since last: 1000087764 ns, Reaching safepoint: 7200 ns, Cleanup: 14101 ns, At safepoint: 2600 ns, Total: 23901 ns
[7841.774s][info ][safepoint      ] Safepoint "Cleanup", Time since last: 2000197728 ns, Reaching safepoint: 8600 ns, Cleanup: 13200 ns, At safepoint: 3300 ns, Total: 25100 ns
[7842.774s][info ][safepoint      ] Safepoint "Cleanup", Time since last: 1000116265 ns, Reaching safepoint: 8200 ns, Cleanup: 16601 ns, At safepoint: 3100 ns, Total: 27901 ns
[7849.775s][info ][safepoint      ] Safepoint "Cleanup", Time since last: 7000525744 ns, Reaching safepoint: 9600 ns, Cleanup: 10701 ns, At safepoint: 3000 ns, Total: 23301 ns
[7849.844s][info ][gc,start       ] GC(251) Pause Young (Allocation Failure)
[7849.858s][debug][gc,phases      ] GC(251) Scavenge 14.359ms
[7849.858s][debug][gc,ref         ] GC(251) Skipped SoftWeakFinalRefsPhase of Reference Processing: no references
[7849.858s][debug][gc,ref         ] GC(251) Skipped KeepAliveFinalRefsPhase of Reference Processing: no references
[7849.858s][debug][gc,ref         ] GC(251) Skipped PhantomRefsPhase of Reference Processing: no references
[7849.858s][debug][gc,phases      ] GC(251) Reference Processing 0.052ms
[7849.858s][debug][gc,phases      ] GC(251)   VM Weak                        Min:  0.0, Avg:  0.0, Max:  0.0, Diff:  0.0, Sum:  0.0, Workers: 4
[7849.858s][debug][gc,phases      ] GC(251)     Dead                           Min: 0, Avg:  0.0, Max: 0, Diff: 0, Sum: 0, Workers: 4
[7849.858s][debug][gc,phases      ] GC(251)     Total                          Min: 0, Avg: 215.0, Max: 548, Diff: 548, Sum: 860, Workers: 4
[7849.858s][debug][gc,phases      ] GC(251)   ObjectSynchronizer Weak        Min:  0.0, Avg:  0.0, Max:  0.0, Diff:  0.0, Sum:  0.0, Workers: 4
[7849.858s][debug][gc,phases      ] GC(251)     Dead                           Min: 0, Avg:  0.0, Max: 0, Diff: 0, Sum: 0, Workers: 4
[7849.858s][debug][gc,phases      ] GC(251)     Total                          Min: 0, Avg:  1.0, Max: 4, Diff: 4, Sum: 4, Workers: 4
[7849.858s][debug][gc,phases      ] GC(251)   JVMTI Tag Weak OopStorage      Min:  0.0, Avg:  0.0, Max:  0.0, Diff:  0.0, Sum:  0.0, Workers: 4
[7849.858s][debug][gc,phases      ] GC(251)     Dead                           Min: 0, Avg:  0.0, Max: 0, Diff: 0, Sum: 0, Workers: 4
[7849.858s][debug][gc,phases      ] GC(251)     Total                          Min: 0, Avg:  0.0, Max: 0, Diff: 0, Sum: 0, Workers: 4
[7849.858s][debug][gc,phases      ] GC(251)   StringTable Weak               Min:  0.0, Avg:  0.1, Max:  0.2, Diff:  0.2, Sum:  0.5, Workers: 4
[7849.858s][debug][gc,phases      ] GC(251)     Dead                           Min: 0, Avg:  0.0, Max: 0, Diff: 0, Sum: 0, Workers: 4
[7849.858s][debug][gc,phases      ] GC(251)     Total                          Min: 0, Avg: 12498.2, Max: 19135, Diff: 19135, Sum: 49993, Workers: 4
[7849.858s][debug][gc,phases      ] GC(251)   ResolvedMethodTable Weak       Min:  0.0, Avg:  0.0, Max:  0.1, Diff:  0.1, Sum:  0.1, Workers: 4
[7849.858s][debug][gc,phases      ] GC(251)     Dead                           Min: 0, Avg:  0.0, Max: 0, Diff: 0, Sum: 0, Workers: 4
[7849.859s][debug][gc,phases      ] GC(251)     Total                          Min: 0, Avg: 3610.5, Max: 6204, Diff: 6204, Sum: 14442, Workers: 4
[7849.859s][debug][gc,phases      ] GC(251)   JNI Weak                       Min:  0.0, Avg:  0.0, Max:  0.0, Diff:  0.0, Sum:  0.0, Workers: 4
[7849.859s][debug][gc,phases      ] GC(251)     Dead                           Min: 0, Avg:  0.0, Max: 0, Diff: 0, Sum: 0, Workers: 4
[7849.859s][debug][gc,phases      ] GC(251)     Total                          Min: 0, Avg: 12.0, Max: 48, Diff: 48, Sum: 48, Workers: 4
[7849.859s][debug][gc,phases      ] GC(251)   StringDedup Table Weak         Min:  0.0, Avg:  0.0, Max:  0.0, Diff:  0.0, Sum:  0.0, Workers: 4
[7849.859s][debug][gc,phases      ] GC(251)     Dead                           Min: 0, Avg:  0.0, Max: 0, Diff: 0, Sum: 0, Workers: 4
[7849.859s][debug][gc,phases      ] GC(251)     Total                          Min: 0, Avg:  0.0, Max: 0, Diff: 0, Sum: 0, Workers: 4
[7849.859s][debug][gc,phases      ] GC(251)   StringDedup Requests0 Weak     Min:  0.0, Avg:  0.0, Max:  0.0, Diff:  0.0, Sum:  0.0, Workers: 4
[7849.859s][debug][gc,phases      ] GC(251)     Dead                           Min: 0, Avg:  0.0, Max: 0, Diff: 0, Sum: 0, Workers: 4
[7849.859s][debug][gc,phases      ] GC(251)     Total                          Min: 0, Avg:  0.0, Max: 0, Diff: 0, Sum: 0, Workers: 4
[7849.859s][debug][gc,phases      ] GC(251)   StringDedup Requests1 Weak     Min:  0.0, Avg:  0.0, Max:  0.0, Diff:  0.0, Sum:  0.0, Workers: 4
[7849.859s][debug][gc,phases      ] GC(251)     Dead                           Min: 0, Avg:  0.0, Max: 0, Diff: 0, Sum: 0, Workers: 4
[7849.859s][debug][gc,phases      ] GC(251)     Total                          Min: 0, Avg:  0.0, Max: 0, Diff: 0, Sum: 0, Workers: 4
[7849.859s][debug][gc,phases      ] GC(251)   Weak JFR Old Object Samples    Min:  0.0, Avg:  0.0, Max:  0.0, Diff:  0.0, Sum:  0.0, Workers: 4
[7849.859s][debug][gc,phases      ] GC(251)     Dead                           Min: 0, Avg:  0.0, Max: 0, Diff: 0, Sum: 0, Workers: 4
[7849.859s][debug][gc,phases      ] GC(251)     Total                          Min: 0, Avg:  0.0, Max: 0, Diff: 0, Sum: 0, Workers: 4
[7849.859s][debug][gc,phases      ] GC(251) Weak Processing 0.467ms
[7849.859s][debug][gc,age         ] GC(251) Desired survivor size 133169152 bytes, new threshold 5 (max threshold 15)
[7849.859s][info ][gc,heap        ] GC(251) PSYoungGen: 1842129K(1956352K)->40307K(1967104K) Eden: 1820160K(1820160K)->0K(1831936K) From: 21969K(136192K)->40307K(135168K)
[7849.859s][info ][gc,heap        ] GC(251) ParOldGen: 509892K(593920K)->509892K(593920K)
[7849.859s][info ][gc,metaspace   ] GC(251) Metaspace: 100671K(101760K)->100671K(101760K) NonClass: 86225K(86848K)->86225K(86848K) Class: 14446K(14912K)->14446K(14912K)
[7849.859s][info ][gc             ] GC(251) Pause Young (Allocation Failure) 2296M->537M(2501M) 15.030ms
[7849.859s][info ][gc,cpu         ] GC(251) User=0.05s Sys=0.00s Real=0.01s
[7849.859s][info ][safepoint      ] Safepoint "ParallelGCFailedAllocation", Time since last: 68833070 ns, Reaching safepoint: 83703 ns, Cleanup: 4000 ns, At safepoint: 15118555 ns, Total: 15206258 ns
[7863.404s][info ][gc,start       ] GC(252) Pause Young (Allocation Failure)
[7863.426s][debug][gc,phases      ] GC(252) Scavenge 21.833ms
[7863.426s][debug][gc,ref         ] GC(252) ReferenceProcessor::execute queues: 1, RefProcThreadModel::Single, marks_oops_alive: false
[7863.426s][debug][gc,ref         ] GC(252) Skipped KeepAliveFinalRefsPhase of Reference Processing: no references
[7863.426s][debug][gc,ref         ] GC(252) Skipped PhantomRefsPhase of Reference Processing: no references
[7863.426s][debug][gc,phases      ] GC(252) Reference Processing 0.117ms
[7863.427s][debug][gc,phases      ] GC(252)   VM Weak                        Min:  0.0, Avg:  0.0, Max:  0.0, Diff:  0.0, Sum:  0.0, Workers: 4
[7863.427s][debug][gc,phases      ] GC(252)     Dead                           Min: 0, Avg:  0.0, Max: 0, Diff: 0, Sum: 0, Workers: 4
[7863.427s][debug][gc,phases      ] GC(252)     Total                          Min: 0, Avg: 215.0, Max: 493, Diff: 493, Sum: 860, Workers: 4
[7863.427s][debug][gc,phases      ] GC(252)   ObjectSynchronizer Weak        Min:  0.0, Avg:  0.0, Max:  0.0, Diff:  0.0, Sum:  0.0, Workers: 4
[7863.427s][debug][gc,phases      ] GC(252)     Dead                           Min: 0, Avg:  0.0, Max: 0, Diff: 0, Sum: 0, Workers: 4
[7863.427s][debug][gc,phases      ] GC(252)     Total                          Min: 0, Avg:  1.0, Max: 4, Diff: 4, Sum: 4, Workers: 4
[7863.427s][debug][gc,phases      ] GC(252)   JVMTI Tag Weak OopStorage      Min:  0.0, Avg:  0.0, Max:  0.0, Diff:  0.0, Sum:  0.0, Workers: 4
[7863.427s][debug][gc,phases      ] GC(252)     Dead                           Min: 0, Avg:  0.0, Max: 0, Diff: 0, Sum: 0, Workers: 4
[7863.427s][debug][gc,phases      ] GC(252)     Total                          Min: 0, Avg:  0.0, Max: 0, Diff: 0, Sum: 0, Workers: 4
[7863.427s][debug][gc,phases      ] GC(252)   StringTable Weak               Min:  0.0, Avg:  0.1, Max:  0.2, Diff:  0.2, Sum:  0.4, Workers: 4
[7863.427s][debug][gc,phases      ] GC(252)     Dead                           Min: 0, Avg:  0.0, Max: 0, Diff: 0, Sum: 0, Workers: 4
[7863.427s][debug][gc,phases      ] GC(252)     Total                          Min: 0, Avg: 12498.2, Max: 27018, Diff: 27018, Sum: 49993, Workers: 4
[7863.427s][debug][gc,phases      ] GC(252)   ResolvedMethodTable Weak       Min:  0.0, Avg:  0.0, Max:  0.1, Diff:  0.1, Sum:  0.1, Workers: 4
[7863.427s][debug][gc,phases      ] GC(252)     Dead                           Min: 0, Avg:  0.0, Max: 0, Diff: 0, Sum: 0, Workers: 4
[7863.427s][debug][gc,phases      ] GC(252)     Total                          Min: 0, Avg: 3610.5, Max: 7342, Diff: 7342, Sum: 14442, Workers: 4
[7863.427s][debug][gc,phases      ] GC(252)   JNI Weak                       Min:  0.0, Avg:  0.0, Max:  0.0, Diff:  0.0, Sum:  0.0, Workers: 4
[7863.427s][debug][gc,phases      ] GC(252)     Dead                           Min: 0, Avg:  0.0, Max: 0, Diff: 0, Sum: 0, Workers: 4
[7863.427s][debug][gc,phases      ] GC(252)     Total                          Min: 0, Avg: 12.0, Max: 48, Diff: 48, Sum: 48, Workers: 4
[7863.427s][debug][gc,phases      ] GC(252)   StringDedup Table Weak         Min:  0.0, Avg:  0.0, Max:  0.0, Diff:  0.0, Sum:  0.0, Workers: 4
[7863.427s][debug][gc,phases      ] GC(252)     Dead                           Min: 0, Avg:  0.0, Max: 0, Diff: 0, Sum: 0, Workers: 4
[7863.427s][debug][gc,phases      ] GC(252)     Total                          Min: 0, Avg:  0.0, Max: 0, Diff: 0, Sum: 0, Workers: 4
[7863.427s][debug][gc,phases      ] GC(252)   StringDedup Requests0 Weak     Min:  0.0, Avg:  0.0, Max:  0.0, Diff:  0.0, Sum:  0.0, Workers: 4
[7863.427s][debug][gc,phases      ] GC(252)     Dead                           Min: 0, Avg:  0.0, Max: 0, Diff: 0, Sum: 0, Workers: 4
[7863.427s][debug][gc,phases      ] GC(252)     Total                          Min: 0, Avg:  0.0, Max: 0, Diff: 0, Sum: 0, Workers: 4
[7863.427s][debug][gc,phases      ] GC(252)   StringDedup Requests1 Weak     Min:  0.0, Avg:  0.0, Max:  0.0, Diff:  0.0, Sum:  0.0, Workers: 4
[7863.427s][debug][gc,phases      ] GC(252)     Dead                           Min: 0, Avg:  0.0, Max: 0, Diff: 0, Sum: 0, Workers: 4
[7863.427s][debug][gc,phases      ] GC(252)     Total                          Min: 0, Avg:  0.0, Max: 0, Diff: 0, Sum: 0, Workers: 4
[7863.427s][debug][gc,phases      ] GC(252)   Weak JFR Old Object Samples    Min:  0.0, Avg:  0.0, Max:  0.0, Diff:  0.0, Sum:  0.0, Workers: 4
[7863.427s][debug][gc,phases      ] GC(252)     Dead                           Min: 0, Avg:  0.0, Max: 0, Diff: 0, Sum: 0, Workers: 4
[7863.427s][debug][gc,phases      ] GC(252)     Total                          Min: 0, Avg:  0.0, Max: 0, Diff: 0, Sum: 0, Workers: 4
[7863.427s][debug][gc,phases      ] GC(252) Weak Processing 0.514ms
[7863.427s][debug][gc,age         ] GC(252) Desired survivor size 126877696 bytes, new threshold 6 (max threshold 15)
[7863.427s][info ][gc,heap        ] GC(252) PSYoungGen: 1872243K(1967104K)->49704K(1961984K) Eden: 1831936K(1831936K)->0K(1831936K) From: 40307K(135168K)->49704K(130048K)
[7863.427s][info ][gc,heap        ] GC(252) ParOldGen: 509892K(593920K)->509892K(593920K)
[7863.427s][info ][gc,metaspace   ] GC(252) Metaspace: 100673K(101760K)->100673K(101760K) NonClass: 86226K(86848K)->86226K(86848K) Class: 14446K(14912K)->14446K(14912K)
[7863.427s][info ][gc             ] GC(252) Pause Young (Allocation Failure) 2326M->546M(2496M) 22.614ms
[7863.427s][info ][gc,cpu         ] GC(252) User=0.06s Sys=0.01s Real=0.02s
[7863.427s][info ][safepoint      ] Safepoint "ParallelGCFailedAllocation", Time since last: 13545414378 ns, Reaching safepoint: 59002 ns, Cleanup: 5100 ns, At safepoint: 22702992 ns, Total: 22767094 ns
[7865.427s][info ][safepoint      ] Safepoint "Cleanup", Time since last: 2000163930 ns, Reaching safepoint: 10700 ns, Cleanup: 14701 ns, At safepoint: 3700 ns, Total: 29101 ns
[7867.427s][info ][safepoint      ] Safepoint "Cleanup", Time since last: 2000205031 ns, Reaching safepoint: 8500 ns, Cleanup: 13801 ns, At safepoint: 3100 ns, Total: 25401 ns
[7873.428s][info ][safepoint      ] Safepoint "Cleanup", Time since last: 6000480254 ns, Reaching safepoint: 7600 ns, Cleanup: 9600 ns, At safepoint: 2800 ns, Total: 20000 ns
[7877.428s][info ][safepoint      ] Safepoint "Cleanup", Time since last: 4000285140 ns, Reaching safepoint: 9103 ns, Cleanup: 10602 ns, At safepoint: 2901 ns, Total: 22606 ns
[7880.428s][info ][safepoint      ] Safepoint "Cleanup", Time since last: 3000267547 ns, Reaching safepoint: 8200 ns, Cleanup: 12100 ns, At safepoint: 2200 ns, Total: 22500 ns
[7883.635s][info ][gc,start       ] GC(253) Pause Young (Allocation Failure)
[7883.653s][debug][gc,phases      ] GC(253) Scavenge 18.782ms
[7883.653s][debug][gc,ref         ] GC(253) Skipped SoftWeakFinalRefsPhase of Reference Processing: no references
[7883.654s][debug][gc,ref         ] GC(253) Skipped KeepAliveFinalRefsPhase of Reference Processing: no references
[7883.654s][debug][gc,ref         ] GC(253) ReferenceProcessor::execute queues: 1, RefProcThreadModel::Single, marks_oops_alive: false
[7883.654s][debug][gc,phases      ] GC(253) Reference Processing 0.139ms
[7883.654s][debug][gc,phases      ] GC(253)   VM Weak                        Min:  0.0, Avg:  0.0, Max:  0.0, Diff:  0.0, Sum:  0.0, Workers: 4
[7883.654s][debug][gc,phases      ] GC(253)     Dead                           Min: 0, Avg:  0.0, Max: 0, Diff: 0, Sum: 0, Workers: 4
[7883.654s][debug][gc,phases      ] GC(253)     Total                          Min: 0, Avg: 215.0, Max: 452, Diff: 452, Sum: 860, Workers: 4
[7883.654s][debug][gc,phases      ] GC(253)   ObjectSynchronizer Weak        Min:  0.0, Avg:  0.0, Max:  0.0, Diff:  0.0, Sum:  0.0, Workers: 4
[7883.654s][debug][gc,phases      ] GC(253)     Dead                           Min: 0, Avg:  0.0, Max: 0, Diff: 0, Sum: 0, Workers: 4
[7883.654s][debug][gc,phases      ] GC(253)     Total                          Min: 0, Avg:  1.0, Max: 4, Diff: 4, Sum: 4, Workers: 4
[7883.654s][debug][gc,phases      ] GC(253)   JVMTI Tag Weak OopStorage      Min:  0.0, Avg:  0.0, Max:  0.0, Diff:  0.0, Sum:  0.0, Workers: 4
[7883.654s][debug][gc,phases      ] GC(253)     Dead                           Min: 0, Avg:  0.0, Max: 0, Diff: 0, Sum: 0, Workers: 4
[7883.654s][debug][gc,phases      ] GC(253)     Total                          Min: 0, Avg:  0.0, Max: 0, Diff: 0, Sum: 0, Workers: 4
[7883.654s][debug][gc,phases      ] GC(253)   StringTable Weak               Min:  0.0, Avg:  0.1, Max:  0.1, Diff:  0.1, Sum:  0.4, Workers: 4
[7883.654s][debug][gc,phases      ] GC(253)     Dead                           Min: 0, Avg:  0.0, Max: 0, Diff: 0, Sum: 0, Workers: 4
[7883.654s][debug][gc,phases      ] GC(253)     Total                          Min: 0, Avg: 12498.2, Max: 17216, Diff: 17216, Sum: 49993, Workers: 4
[7883.654s][debug][gc,phases      ] GC(253)   ResolvedMethodTable Weak       Min:  0.0, Avg:  0.0, Max:  0.0, Diff:  0.0, Sum:  0.1, Workers: 4
[7883.654s][debug][gc,phases      ] GC(253)     Dead                           Min: 0, Avg:  0.0, Max: 0, Diff: 0, Sum: 0, Workers: 4
[7883.654s][debug][gc,phases      ] GC(253)     Total                          Min: 0, Avg: 3610.5, Max: 5120, Diff: 5120, Sum: 14442, Workers: 4
[7883.654s][debug][gc,phases      ] GC(253)   JNI Weak                       Min:  0.0, Avg:  0.0, Max:  0.0, Diff:  0.0, Sum:  0.0, Workers: 4
[7883.654s][debug][gc,phases      ] GC(253)     Dead                           Min: 0, Avg:  0.0, Max: 0, Diff: 0, Sum: 0, Workers: 4
[7883.654s][debug][gc,phases      ] GC(253)     Total                          Min: 0, Avg: 12.0, Max: 48, Diff: 48, Sum: 48, Workers: 4
[7883.654s][debug][gc,phases      ] GC(253)   StringDedup Table Weak         Min:  0.0, Avg:  0.0, Max:  0.0, Diff:  0.0, Sum:  0.0, Workers: 4
[7883.654s][debug][gc,phases      ] GC(253)     Dead                           Min: 0, Avg:  0.0, Max: 0, Diff: 0, Sum: 0, Workers: 4
[7883.654s][debug][gc,phases      ] GC(253)     Total                          Min: 0, Avg:  0.0, Max: 0, Diff: 0, Sum: 0, Workers: 4
[7883.654s][debug][gc,phases      ] GC(253)   StringDedup Requests0 Weak     Min:  0.0, Avg:  0.0, Max:  0.0, Diff:  0.0, Sum:  0.0, Workers: 4
[7883.654s][debug][gc,phases      ] GC(253)     Dead                           Min: 0, Avg:  0.0, Max: 0, Diff: 0, Sum: 0, Workers: 4
[7883.654s][debug][gc,phases      ] GC(253)     Total                          Min: 0, Avg:  0.0, Max: 0, Diff: 0, Sum: 0, Workers: 4
[7883.654s][debug][gc,phases      ] GC(253)   StringDedup Requests1 Weak     Min:  0.0, Avg:  0.0, Max:  0.0, Diff:  0.0, Sum:  0.0, Workers: 4
[7883.654s][debug][gc,phases      ] GC(253)     Dead                           Min: 0, Avg:  0.0, Max: 0, Diff: 0, Sum: 0, Workers: 4
[7883.654s][debug][gc,phases      ] GC(253)     Total                          Min: 0, Avg:  0.0, Max: 0, Diff: 0, Sum: 0, Workers: 4
[7883.654s][debug][gc,phases      ] GC(253)   Weak JFR Old Object Samples    Min:  0.0, Avg:  0.0, Max:  0.0, Diff:  0.0, Sum:  0.0, Workers: 4
[7883.654s][debug][gc,phases      ] GC(253)     Dead                           Min: 0, Avg:  0.0, Max: 0, Diff: 0, Sum: 0, Workers: 4
[7883.654s][debug][gc,phases      ] GC(253)     Total                          Min: 0, Avg:  0.0, Max: 0, Diff: 0, Sum: 0, Workers: 4
[7883.654s][debug][gc,phases      ] GC(253) Weak Processing 0.436ms
[7883.654s][debug][gc,age         ] GC(253) Desired survivor size 121110528 bytes, new threshold 7 (max threshold 15)
[7883.654s][info ][gc,heap        ] GC(253) PSYoungGen: 1881640K(1961984K)->45730K(1978880K) Eden: 1831936K(1831936K)->0K(1854976K) From: 49704K(130048K)->45730K(123904K)
[7883.654s][info ][gc,heap        ] GC(253) ParOldGen: 509892K(593920K)->509892K(593920K)
[7883.654s][info ][gc,metaspace   ] GC(253) Metaspace: 100674K(101760K)->100674K(101760K) NonClass: 86228K(86848K)->86228K(86848K) Class: 14446K(14912K)->14446K(14912K)
[7883.654s][info ][gc             ] GC(253) Pause Young (Allocation Failure) 2335M->542M(2512M) 19.514ms
[7883.654s][info ][gc,cpu         ] GC(253) User=0.06s Sys=0.00s Real=0.02s
[7883.654s][info ][safepoint      ] Safepoint "ParallelGCFailedAllocation", Time since last: 3206058789 ns, Reaching safepoint: 89204 ns, Cleanup: 4100 ns, At safepoint: 19603281 ns, Total: 19696585 ns
[7886.654s][info ][safepoint      ] Safepoint "Cleanup", Time since last: 3000222632 ns, Reaching safepoint: 79708 ns, Cleanup: 12001 ns, At safepoint: 5801 ns, Total: 97510 ns
[7888.655s][info ][safepoint      ] Safepoint "Cleanup", Time since last: 2000188215 ns, Reaching safepoint: 8801 ns, Cleanup: 28601 ns, At safepoint: 2700 ns, Total: 40102 ns
[7905.656s][info ][safepoint      ] Safepoint "Cleanup", Time since last: 17001111708 ns, Reaching safepoint: 8700 ns, Cleanup: 19001 ns, At safepoint: 2801 ns, Total: 30502 ns
[7909.635s][info ][gc,start       ] GC(254) Pause Young (Allocation Failure)
[7909.649s][debug][gc,phases      ] GC(254) Scavenge 14.679ms
[7909.649s][debug][gc,ref         ] GC(254) ReferenceProcessor::execute queues: 1, RefProcThreadModel::Single, marks_oops_alive: false
[7909.649s][debug][gc,ref         ] GC(254) Skipped KeepAliveFinalRefsPhase of Reference Processing: no references
[7909.649s][debug][gc,ref         ] GC(254) Skipped PhantomRefsPhase of Reference Processing: no references
[7909.649s][debug][gc,phases      ] GC(254) Reference Processing 0.120ms
[7909.650s][debug][gc,phases      ] GC(254)   VM Weak                        Min:  0.0, Avg:  0.0, Max:  0.0, Diff:  0.0, Sum:  0.0, Workers: 4
[7909.650s][debug][gc,phases      ] GC(254)     Dead                           Min: 0, Avg:  0.0, Max: 0, Diff: 0, Sum: 0, Workers: 4
[7909.650s][debug][gc,phases      ] GC(254)     Total                          Min: 0, Avg: 215.0, Max: 807, Diff: 807, Sum: 860, Workers: 4
[7909.650s][debug][gc,phases      ] GC(254)   ObjectSynchronizer Weak        Min:  0.0, Avg:  0.0, Max:  0.0, Diff:  0.0, Sum:  0.0, Workers: 4
[7909.650s][debug][gc,phases      ] GC(254)     Dead                           Min: 0, Avg:  0.0, Max: 0, Diff: 0, Sum: 0, Workers: 4
[7909.650s][debug][gc,phases      ] GC(254)     Total                          Min: 0, Avg:  1.0, Max: 4, Diff: 4, Sum: 4, Workers: 4
[7909.650s][debug][gc,phases      ] GC(254)   JVMTI Tag Weak OopStorage      Min:  0.0, Avg:  0.0, Max:  0.0, Diff:  0.0, Sum:  0.0, Workers: 4
[7909.650s][debug][gc,phases      ] GC(254)     Dead                           Min: 0, Avg:  0.0, Max: 0, Diff: 0, Sum: 0, Workers: 4
[7909.650s][debug][gc,phases      ] GC(254)     Total                          Min: 0, Avg:  0.0, Max: 0, Diff: 0, Sum: 0, Workers: 4
[7909.650s][debug][gc,phases      ] GC(254)   StringTable Weak               Min:  0.0, Avg:  0.1, Max:  0.1, Diff:  0.1, Sum:  0.4, Workers: 4
[7909.650s][debug][gc,phases      ] GC(254)     Dead                           Min: 0, Avg:  0.0, Max: 0, Diff: 0, Sum: 0, Workers: 4
[7909.650s][debug][gc,phases      ] GC(254)     Total                          Min: 0, Avg: 12498.2, Max: 17152, Diff: 17152, Sum: 49993, Workers: 4
[7909.650s][debug][gc,phases      ] GC(254)   ResolvedMethodTable Weak       Min:  0.0, Avg:  0.0, Max:  0.0, Diff:  0.0, Sum:  0.1, Workers: 4
[7909.650s][debug][gc,phases      ] GC(254)     Dead                           Min: 0, Avg:  0.0, Max: 0, Diff: 0, Sum: 0, Workers: 4
[7909.650s][debug][gc,phases      ] GC(254)     Total                          Min: 0, Avg: 3610.5, Max: 5119, Diff: 5119, Sum: 14442, Workers: 4
[7909.650s][debug][gc,phases      ] GC(254)   JNI Weak                       Min:  0.0, Avg:  0.0, Max:  0.0, Diff:  0.0, Sum:  0.0, Workers: 4
[7909.650s][debug][gc,phases      ] GC(254)     Dead                           Min: 0, Avg:  0.0, Max: 0, Diff: 0, Sum: 0, Workers: 4
[7909.650s][debug][gc,phases      ] GC(254)     Total                          Min: 0, Avg: 12.0, Max: 48, Diff: 48, Sum: 48, Workers: 4
[7909.650s][debug][gc,phases      ] GC(254)   StringDedup Table Weak         Min:  0.0, Avg:  0.0, Max:  0.0, Diff:  0.0, Sum:  0.0, Workers: 4
[7909.650s][debug][gc,phases      ] GC(254)     Dead                           Min: 0, Avg:  0.0, Max: 0, Diff: 0, Sum: 0, Workers: 4
[7909.650s][debug][gc,phases      ] GC(254)     Total                          Min: 0, Avg:  0.0, Max: 0, Diff: 0, Sum: 0, Workers: 4
[7909.650s][debug][gc,phases      ] GC(254)   StringDedup Requests0 Weak     Min:  0.0, Avg:  0.0, Max:  0.0, Diff:  0.0, Sum:  0.0, Workers: 4
[7909.650s][debug][gc,phases      ] GC(254)     Dead                           Min: 0, Avg:  0.0, Max: 0, Diff: 0, Sum: 0, Workers: 4
[7909.650s][debug][gc,phases      ] GC(254)     Total                          Min: 0, Avg:  0.0, Max: 0, Diff: 0, Sum: 0, Workers: 4
[7909.650s][debug][gc,phases      ] GC(254)   StringDedup Requests1 Weak     Min:  0.0, Avg:  0.0, Max:  0.0, Diff:  0.0, Sum:  0.0, Workers: 4
[7909.650s][debug][gc,phases      ] GC(254)     Dead                           Min: 0, Avg:  0.0, Max: 0, Diff: 0, Sum: 0, Workers: 4
[7909.650s][debug][gc,phases      ] GC(254)     Total                          Min: 0, Avg:  0.0, Max: 0, Diff: 0, Sum: 0, Workers: 4
[7909.650s][debug][gc,phases      ] GC(254)   Weak JFR Old Object Samples    Min:  0.0, Avg:  0.0, Max:  0.0, Diff:  0.0, Sum:  0.0, Workers: 4
[7909.650s][debug][gc,phases      ] GC(254)     Dead                           Min: 0, Avg:  0.0, Max: 0, Diff: 0, Sum: 0, Workers: 4
[7909.650s][debug][gc,phases      ] GC(254)     Total                          Min: 0, Avg:  0.0, Max: 0, Diff: 0, Sum: 0, Workers: 4
[7909.650s][debug][gc,phases      ] GC(254) Weak Processing 0.436ms
[7909.650s][debug][gc,age         ] GC(254) Desired survivor size 116391936 bytes, new threshold 8 (max threshold 15)
[7909.650s][info ][gc,heap        ] GC(254) PSYoungGen: 1900706K(1978880K)->42275K(1973248K) Eden: 1854976K(1854976K)->0K(1854976K) From: 45730K(123904K)->42275K(118272K)
[7909.650s][info ][gc,heap        ] GC(254) ParOldGen: 509892K(593920K)->509892K(593920K)
[7909.650s][info ][gc,metaspace   ] GC(254) Metaspace: 100678K(101760K)->100678K(101760K) NonClass: 86232K(86848K)->86232K(86848K) Class: 14446K(14912K)->14446K(14912K)
[7909.650s][info ][gc             ] GC(254) Pause Young (Allocation Failure) 2354M->539M(2507M) 15.399ms
[7909.650s][info ][gc,cpu         ] GC(254) User=0.06s Sys=0.00s Real=0.02s
[7909.650s][info ][safepoint      ] Safepoint "ParallelGCFailedAllocation", Time since last: 3978565027 ns, Reaching safepoint: 88505 ns, Cleanup: 12000 ns, At safepoint: 15487158 ns, Total: 15587663 ns
[7917.651s][info ][safepoint      ] Safepoint "Cleanup", Time since last: 8000585000 ns, Reaching safepoint: 7300 ns, Cleanup: 10700 ns, At safepoint: 2701 ns, Total: 20701 ns
[7920.651s][info ][safepoint      ] Safepoint "Cleanup", Time since last: 3000273356 ns, Reaching safepoint: 10800 ns, Cleanup: 12201 ns, At safepoint: 2800 ns, Total: 25801 ns
[7930.345s][info ][safepoint      ] Safepoint "Cleanup", Time since last: 9693765443 ns, Reaching safepoint: 8000 ns, Cleanup: 10700 ns, At safepoint: 2401 ns, Total: 21101 ns
[7937.951s][info ][gc,start       ] GC(255) Pause Young (Allocation Failure)
[7937.970s][debug][gc,phases      ] GC(255) Scavenge 18.483ms
[7937.970s][debug][gc,ref         ] GC(255) ReferenceProcessor::execute queues: 1, RefProcThreadModel::Single, marks_oops_alive: false
[7937.970s][debug][gc,ref         ] GC(255) Skipped KeepAliveFinalRefsPhase of Reference Processing: no references
[7937.970s][debug][gc,ref         ] GC(255) ReferenceProcessor::execute queues: 1, RefProcThreadModel::Single, marks_oops_alive: false
[7937.970s][debug][gc,phases      ] GC(255) Reference Processing 0.121ms
[7937.970s][debug][gc,phases      ] GC(255)   VM Weak                        Min:  0.0, Avg:  0.0, Max:  0.0, Diff:  0.0, Sum:  0.0, Workers: 4
[7937.970s][debug][gc,phases      ] GC(255)     Dead                           Min: 0, Avg:  0.0, Max: 0, Diff: 0, Sum: 0, Workers: 4
[7937.970s][debug][gc,phases      ] GC(255)     Total                          Min: 0, Avg: 215.0, Max: 443, Diff: 443, Sum: 860, Workers: 4
[7937.970s][debug][gc,phases      ] GC(255)   ObjectSynchronizer Weak        Min:  0.0, Avg:  0.0, Max:  0.0, Diff:  0.0, Sum:  0.0, Workers: 4
[7937.970s][debug][gc,phases      ] GC(255)     Dead                           Min: 0, Avg:  0.0, Max: 0, Diff: 0, Sum: 0, Workers: 4
[7937.970s][debug][gc,phases      ] GC(255)     Total                          Min: 0, Avg:  1.0, Max: 4, Diff: 4, Sum: 4, Workers: 4
[7937.970s][debug][gc,phases      ] GC(255)   JVMTI Tag Weak OopStorage      Min:  0.0, Avg:  0.0, Max:  0.0, Diff:  0.0, Sum:  0.0, Workers: 4
[7937.970s][debug][gc,phases      ] GC(255)     Dead                           Min: 0, Avg:  0.0, Max: 0, Diff: 0, Sum: 0, Workers: 4
[7937.970s][debug][gc,phases      ] GC(255)     Total                          Min: 0, Avg:  0.0, Max: 0, Diff: 0, Sum: 0, Workers: 4
[7937.970s][debug][gc,phases      ] GC(255)   StringTable Weak               Min:  0.0, Avg:  0.1, Max:  0.2, Diff:  0.2, Sum:  0.5, Workers: 4
[7937.970s][debug][gc,phases      ] GC(255)     Dead                           Min: 0, Avg:  0.0, Max: 0, Diff: 0, Sum: 0, Workers: 4
[7937.970s][debug][gc,phases      ] GC(255)     Total                          Min: 0, Avg: 12498.5, Max: 18879, Diff: 18879, Sum: 49994, Workers: 4
[7937.970s][debug][gc,phases      ] GC(255)   ResolvedMethodTable Weak       Min:  0.0, Avg:  0.0, Max:  0.0, Diff:  0.0, Sum:  0.1, Workers: 4
[7937.970s][debug][gc,phases      ] GC(255)     Dead                           Min: 0, Avg:  0.0, Max: 0, Diff: 0, Sum: 0, Workers: 4
[7937.970s][debug][gc,phases      ] GC(255)     Total                          Min: 0, Avg: 3610.8, Max: 5106, Diff: 5106, Sum: 14443, Workers: 4
[7937.970s][debug][gc,phases      ] GC(255)   JNI Weak                       Min:  0.0, Avg:  0.0, Max:  0.0, Diff:  0.0, Sum:  0.0, Workers: 4
[7937.970s][debug][gc,phases      ] GC(255)     Dead                           Min: 0, Avg:  0.0, Max: 0, Diff: 0, Sum: 0, Workers: 4
[7937.970s][debug][gc,phases      ] GC(255)     Total                          Min: 0, Avg: 12.0, Max: 48, Diff: 48, Sum: 48, Workers: 4
[7937.970s][debug][gc,phases      ] GC(255)   StringDedup Table Weak         Min:  0.0, Avg:  0.0, Max:  0.0, Diff:  0.0, Sum:  0.0, Workers: 4
[7937.970s][debug][gc,phases      ] GC(255)     Dead                           Min: 0, Avg:  0.0, Max: 0, Diff: 0, Sum: 0, Workers: 4
[7937.970s][debug][gc,phases      ] GC(255)     Total                          Min: 0, Avg:  0.0, Max: 0, Diff: 0, Sum: 0, Workers: 4
[7937.970s][debug][gc,phases      ] GC(255)   StringDedup Requests0 Weak     Min:  0.0, Avg:  0.0, Max:  0.0, Diff:  0.0, Sum:  0.0, Workers: 4
[7937.970s][debug][gc,phases      ] GC(255)     Dead                           Min: 0, Avg:  0.0, Max: 0, Diff: 0, Sum: 0, Workers: 4
[7937.970s][debug][gc,phases      ] GC(255)     Total                          Min: 0, Avg:  0.0, Max: 0, Diff: 0, Sum: 0, Workers: 4
[7937.970s][debug][gc,phases      ] GC(255)   StringDedup Requests1 Weak     Min:  0.0, Avg:  0.0, Max:  0.0, Diff:  0.0, Sum:  0.0, Workers: 4
[7937.970s][debug][gc,phases      ] GC(255)     Dead                           Min: 0, Avg:  0.0, Max: 0, Diff: 0, Sum: 0, Workers: 4
[7937.970s][debug][gc,phases      ] GC(255)     Total                          Min: 0, Avg:  0.0, Max: 0, Diff: 0, Sum: 0, Workers: 4
[7937.970s][debug][gc,phases      ] GC(255)   Weak JFR Old Object Samples    Min:  0.0, Avg:  0.0, Max:  0.0, Diff:  0.0, Sum:  0.0, Workers: 4
[7937.970s][debug][gc,phases      ] GC(255)     Dead                           Min: 0, Avg:  0.0, Max: 0, Diff: 0, Sum: 0, Workers: 4
[7937.970s][debug][gc,phases      ] GC(255)     Total                          Min: 0, Avg:  0.0, Max: 0, Diff: 0, Sum: 0, Workers: 4
[7937.971s][debug][gc,phases      ] GC(255) Weak Processing 0.465ms
[7937.971s][debug][gc,age         ] GC(255) Desired survivor size 113246208 bytes, new threshold 9 (max threshold 15)
[7937.971s][info ][gc,heap        ] GC(255) PSYoungGen: 1897251K(1973248K)->34831K(1986560K) Eden: 1854976K(1854976K)->0K(1872896K) From: 42275K(118272K)->34831K(113664K)
[7937.971s][info ][gc,heap        ] GC(255) ParOldGen: 509892K(593920K)->509892K(593920K)
[7937.971s][info ][gc,metaspace   ] GC(255) Metaspace: 100681K(101760K)->100681K(101760K) NonClass: 86234K(86848K)->86234K(86848K) Class: 14447K(14912K)->14447K(14912K)
[7937.971s][info ][gc             ] GC(255) Pause Young (Allocation Failure) 2350M->531M(2520M) 19.264ms
[7937.971s][info ][gc,cpu         ] GC(255) User=0.05s Sys=0.01s Real=0.02s
[7937.971s][info ][safepoint      ] Safepoint "ParallelGCFailedAllocation", Time since last: 7606468469 ns, Reaching safepoint: 82804 ns, Cleanup: 3600 ns, At safepoint: 19351043 ns, Total: 19437447 ns
[7965.387s][info ][gc,start       ] GC(256) Pause Young (Allocation Failure)
[7965.401s][debug][gc,phases      ] GC(256) Scavenge 14.036ms
[7965.401s][debug][gc,ref         ] GC(256) ReferenceProcessor::execute queues: 1, RefProcThreadModel::Single, marks_oops_alive: false
[7965.401s][debug][gc,ref         ] GC(256) Skipped KeepAliveFinalRefsPhase of Reference Processing: no references
[7965.401s][debug][gc,ref         ] GC(256) ReferenceProcessor::execute queues: 1, RefProcThreadModel::Single, marks_oops_alive: false
[7965.401s][debug][gc,phases      ] GC(256) Reference Processing 0.138ms
[7965.401s][debug][gc,phases      ] GC(256)   VM Weak                        Min:  0.0, Avg:  0.0, Max:  0.0, Diff:  0.0, Sum:  0.0, Workers: 4
[7965.401s][debug][gc,phases      ] GC(256)     Dead                           Min: 0, Avg:  0.0, Max: 0, Diff: 0, Sum: 0, Workers: 4
[7965.401s][debug][gc,phases      ] GC(256)     Total                          Min: 0, Avg: 215.0, Max: 548, Diff: 548, Sum: 860, Workers: 4
[7965.401s][debug][gc,phases      ] GC(256)   ObjectSynchronizer Weak        Min:  0.0, Avg:  0.0, Max:  0.0, Diff:  0.0, Sum:  0.0, Workers: 4
[7965.401s][debug][gc,phases      ] GC(256)     Dead                           Min: 0, Avg:  0.0, Max: 0, Diff: 0, Sum: 0, Workers: 4
[7965.401s][debug][gc,phases      ] GC(256)     Total                          Min: 0, Avg:  1.0, Max: 4, Diff: 4, Sum: 4, Workers: 4
[7965.401s][debug][gc,phases      ] GC(256)   JVMTI Tag Weak OopStorage      Min:  0.0, Avg:  0.0, Max:  0.0, Diff:  0.0, Sum:  0.0, Workers: 4
[7965.401s][debug][gc,phases      ] GC(256)     Dead                           Min: 0, Avg:  0.0, Max: 0, Diff: 0, Sum: 0, Workers: 4
[7965.401s][debug][gc,phases      ] GC(256)     Total                          Min: 0, Avg:  0.0, Max: 0, Diff: 0, Sum: 0, Workers: 4
[7965.401s][debug][gc,phases      ] GC(256)   StringTable Weak               Min:  0.0, Avg:  0.1, Max:  0.2, Diff:  0.2, Sum:  0.5, Workers: 4
[7965.401s][debug][gc,phases      ] GC(256)     Dead                           Min: 0, Avg:  0.0, Max: 0, Diff: 0, Sum: 0, Workers: 4
[7965.401s][debug][gc,phases      ] GC(256)     Total                          Min: 0, Avg: 12498.5, Max: 17151, Diff: 17151, Sum: 49994, Workers: 4
[7965.401s][debug][gc,phases      ] GC(256)   ResolvedMethodTable Weak       Min:  0.0, Avg:  0.0, Max:  0.0, Diff:  0.0, Sum:  0.1, Workers: 4
[7965.401s][debug][gc,phases      ] GC(256)     Dead                           Min: 0, Avg:  0.0, Max: 0, Diff: 0, Sum: 0, Workers: 4
[7965.401s][debug][gc,phases      ] GC(256)     Total                          Min: 0, Avg: 3610.8, Max: 5371, Diff: 5371, Sum: 14443, Workers: 4
[7965.401s][debug][gc,phases      ] GC(256)   JNI Weak                       Min:  0.0, Avg:  0.0, Max:  0.0, Diff:  0.0, Sum:  0.0, Workers: 4
[7965.401s][debug][gc,phases      ] GC(256)     Dead                           Min: 0, Avg:  0.0, Max: 0, Diff: 0, Sum: 0, Workers: 4
[7965.401s][debug][gc,phases      ] GC(256)     Total                          Min: 0, Avg: 12.0, Max: 48, Diff: 48, Sum: 48, Workers: 4
[7965.401s][debug][gc,phases      ] GC(256)   StringDedup Table Weak         Min:  0.0, Avg:  0.0, Max:  0.0, Diff:  0.0, Sum:  0.0, Workers: 4
[7965.401s][debug][gc,phases      ] GC(256)     Dead                           Min: 0, Avg:  0.0, Max: 0, Diff: 0, Sum: 0, Workers: 4
[7965.401s][debug][gc,phases      ] GC(256)     Total                          Min: 0, Avg:  0.0, Max: 0, Diff: 0, Sum: 0, Workers: 4
[7965.401s][debug][gc,phases      ] GC(256)   StringDedup Requests0 Weak     Min:  0.0, Avg:  0.0, Max:  0.0, Diff:  0.0, Sum:  0.0, Workers: 4
[7965.401s][debug][gc,phases      ] GC(256)     Dead                           Min: 0, Avg:  0.0, Max: 0, Diff: 0, Sum: 0, Workers: 4
[7965.401s][debug][gc,phases      ] GC(256)     Total                          Min: 0, Avg:  0.0, Max: 0, Diff: 0, Sum: 0, Workers: 4
[7965.401s][debug][gc,phases      ] GC(256)   StringDedup Requests1 Weak     Min:  0.0, Avg:  0.0, Max:  0.0, Diff:  0.0, Sum:  0.0, Workers: 4
[7965.401s][debug][gc,phases      ] GC(256)     Dead                           Min: 0, Avg:  0.0, Max: 0, Diff: 0, Sum: 0, Workers: 4
[7965.401s][debug][gc,phases      ] GC(256)     Total                          Min: 0, Avg:  0.0, Max: 0, Diff: 0, Sum: 0, Workers: 4
[7965.401s][debug][gc,phases      ] GC(256)   Weak JFR Old Object Samples    Min:  0.0, Avg:  0.0, Max:  0.0, Diff:  0.0, Sum:  0.0, Workers: 4
[7965.401s][debug][gc,phases      ] GC(256)     Dead                           Min: 0, Avg:  0.0, Max: 0, Diff: 0, Sum: 0, Workers: 4
[7965.401s][debug][gc,phases      ] GC(256)     Total                          Min: 0, Avg:  0.0, Max: 0, Diff: 0, Sum: 0, Workers: 4
[7965.401s][debug][gc,phases      ] GC(256) Weak Processing 0.443ms
[7965.401s][debug][gc,age         ] GC(256) Desired survivor size 108527616 bytes, new threshold 10 (max threshold 15)
[7965.401s][info ][gc,heap        ] GC(256) PSYoungGen: 1907727K(1986560K)->44403K(1983488K) Eden: 1872896K(1872896K)->0K(1872896K) From: 34831K(113664K)->44403K(110592K)
[7965.401s][info ][gc,heap        ] GC(256) ParOldGen: 509892K(593920K)->509892K(593920K)
[7965.401s][info ][gc,metaspace   ] GC(256) Metaspace: 100681K(101760K)->100681K(101760K) NonClass: 86234K(86848K)->86234K(86848K) Class: 14447K(14912K)->14447K(14912K)
[7965.401s][info ][gc             ] GC(256) Pause Young (Allocation Failure) 2360M->541M(2517M) 14.777ms
[7965.401s][info ][gc,cpu         ] GC(256) User=0.05s Sys=0.00s Real=0.02s
[7965.401s][info ][safepoint      ] Safepoint "ParallelGCFailedAllocation", Time since last: 27415957809 ns, Reaching safepoint: 8101 ns, Cleanup: 4400 ns, At safepoint: 14856536 ns, Total: 14869037 ns
[7968.402s][info ][safepoint      ] Safepoint "Cleanup", Time since last: 3000231197 ns, Reaching safepoint: 80903 ns, Cleanup: 10701 ns, At safepoint: 6400 ns, Total: 98004 ns
[7969.402s][info ][safepoint      ] Safepoint "Cleanup", Time since last: 1000111234 ns, Reaching safepoint: 7600 ns, Cleanup: 37001 ns, At safepoint: 6401 ns, Total: 51002 ns
[7970.402s][info ][safepoint      ] Safepoint "Cleanup", Time since last: 1000114433 ns, Reaching safepoint: 8201 ns, Cleanup: 29501 ns, At safepoint: 2500 ns, Total: 40202 ns
[7988.238s][info ][gc,start       ] GC(257) Pause Young (Allocation Failure)
[7988.254s][debug][gc,phases      ] GC(257) Scavenge 16.027ms
[7988.254s][debug][gc,ref         ] GC(257) ReferenceProcessor::execute queues: 1, RefProcThreadModel::Single, marks_oops_alive: false
[7988.254s][debug][gc,ref         ] GC(257) Skipped KeepAliveFinalRefsPhase of Reference Processing: no references
[7988.254s][debug][gc,ref         ] GC(257) ReferenceProcessor::execute queues: 1, RefProcThreadModel::Single, marks_oops_alive: false
[7988.254s][debug][gc,phases      ] GC(257) Reference Processing 0.139ms
[7988.254s][debug][gc,phases      ] GC(257)   VM Weak                        Min:  0.0, Avg:  0.0, Max:  0.0, Diff:  0.0, Sum:  0.0, Workers: 4
[7988.254s][debug][gc,phases      ] GC(257)     Dead                           Min: 0, Avg:  0.0, Max: 0, Diff: 0, Sum: 0, Workers: 4
[7988.254s][debug][gc,phases      ] GC(257)     Total                          Min: 0, Avg: 215.0, Max: 452, Diff: 452, Sum: 860, Workers: 4
[7988.254s][debug][gc,phases      ] GC(257)   ObjectSynchronizer Weak        Min:  0.0, Avg:  0.0, Max:  0.0, Diff:  0.0, Sum:  0.0, Workers: 4
[7988.254s][debug][gc,phases      ] GC(257)     Dead                           Min: 0, Avg:  0.0, Max: 0, Diff: 0, Sum: 0, Workers: 4
[7988.254s][debug][gc,phases      ] GC(257)     Total                          Min: 0, Avg:  1.0, Max: 4, Diff: 4, Sum: 4, Workers: 4
[7988.254s][debug][gc,phases      ] GC(257)   JVMTI Tag Weak OopStorage      Min:  0.0, Avg:  0.0, Max:  0.0, Diff:  0.0, Sum:  0.0, Workers: 4
[7988.254s][debug][gc,phases      ] GC(257)     Dead                           Min: 0, Avg:  0.0, Max: 0, Diff: 0, Sum: 0, Workers: 4
[7988.254s][debug][gc,phases      ] GC(257)     Total                          Min: 0, Avg:  0.0, Max: 0, Diff: 0, Sum: 0, Workers: 4
[7988.254s][debug][gc,phases      ] GC(257)   StringTable Weak               Min:  0.0, Avg:  0.1, Max:  0.1, Diff:  0.1, Sum:  0.4, Workers: 4
[7988.254s][debug][gc,phases      ] GC(257)     Dead                           Min: 0, Avg:  0.0, Max: 0, Diff: 0, Sum: 0, Workers: 4
[7988.254s][debug][gc,phases      ] GC(257)     Total                          Min: 0, Avg: 12498.5, Max: 18623, Diff: 18623, Sum: 49994, Workers: 4
[7988.254s][debug][gc,phases      ] GC(257)   ResolvedMethodTable Weak       Min:  0.0, Avg:  0.0, Max:  0.0, Diff:  0.0, Sum:  0.1, Workers: 4
[7988.254s][debug][gc,phases      ] GC(257)     Dead                           Min: 0, Avg:  0.0, Max: 0, Diff: 0, Sum: 0, Workers: 4
[7988.254s][debug][gc,phases      ] GC(257)     Total                          Min: 0, Avg: 3610.8, Max: 5242, Diff: 5242, Sum: 14443, Workers: 4
[7988.254s][debug][gc,phases      ] GC(257)   JNI Weak                       Min:  0.0, Avg:  0.0, Max:  0.0, Diff:  0.0, Sum:  0.0, Workers: 4
[7988.254s][debug][gc,phases      ] GC(257)     Dead                           Min: 0, Avg:  0.0, Max: 0, Diff: 0, Sum: 0, Workers: 4
[7988.254s][debug][gc,phases      ] GC(257)     Total                          Min: 0, Avg: 12.0, Max: 48, Diff: 48, Sum: 48, Workers: 4
[7988.254s][debug][gc,phases      ] GC(257)   StringDedup Table Weak         Min:  0.0, Avg:  0.0, Max:  0.0, Diff:  0.0, Sum:  0.0, Workers: 4
[7988.254s][debug][gc,phases      ] GC(257)     Dead                           Min: 0, Avg:  0.0, Max: 0, Diff: 0, Sum: 0, Workers: 4
[7988.254s][debug][gc,phases      ] GC(257)     Total                          Min: 0, Avg:  0.0, Max: 0, Diff: 0, Sum: 0, Workers: 4
[7988.254s][debug][gc,phases      ] GC(257)   StringDedup Requests0 Weak     Min:  0.0, Avg:  0.0, Max:  0.0, Diff:  0.0, Sum:  0.0, Workers: 4
[7988.254s][debug][gc,phases      ] GC(257)     Dead                           Min: 0, Avg:  0.0, Max: 0, Diff: 0, Sum: 0, Workers: 4
[7988.254s][debug][gc,phases      ] GC(257)     Total                          Min: 0, Avg:  0.0, Max: 0, Diff: 0, Sum: 0, Workers: 4
[7988.254s][debug][gc,phases      ] GC(257)   StringDedup Requests1 Weak     Min:  0.0, Avg:  0.0, Max:  0.0, Diff:  0.0, Sum:  0.0, Workers: 4
[7988.254s][debug][gc,phases      ] GC(257)     Dead                           Min: 0, Avg:  0.0, Max: 0, Diff: 0, Sum: 0, Workers: 4
[7988.254s][debug][gc,phases      ] GC(257)     Total                          Min: 0, Avg:  0.0, Max: 0, Diff: 0, Sum: 0, Workers: 4
[7988.254s][debug][gc,phases      ] GC(257)   Weak JFR Old Object Samples    Min:  0.0, Avg:  0.0, Max:  0.0, Diff:  0.0, Sum:  0.0, Workers: 4
[7988.254s][debug][gc,phases      ] GC(257)     Dead                           Min: 0, Avg:  0.0, Max: 0, Diff: 0, Sum: 0, Workers: 4
[7988.254s][debug][gc,phases      ] GC(257)     Total                          Min: 0, Avg:  0.0, Max: 0, Diff: 0, Sum: 0, Workers: 4
[7988.254s][debug][gc,phases      ] GC(257) Weak Processing 0.451ms
[7988.254s][debug][gc,age         ] GC(257) Desired survivor size 103809024 bytes, new threshold 11 (max threshold 15)
[7988.254s][info ][gc,heap        ] GC(257) PSYoungGen: 1917299K(1983488K)->44418K(1995776K) Eden: 1872896K(1872896K)->0K(1889792K) From: 44403K(110592K)->44418K(105984K)
[7988.254s][info ][gc,heap        ] GC(257) ParOldGen: 509892K(593920K)->509892K(593920K)
[7988.254s][info ][gc,metaspace   ] GC(257) Metaspace: 100681K(101760K)->100681K(101760K) NonClass: 86234K(86848K)->86234K(86848K) Class: 14447K(14912K)->14447K(14912K)
[7988.254s][info ][gc             ] GC(257) Pause Young (Allocation Failure) 2370M->541M(2529M) 16.765ms
[7988.254s][info ][gc,cpu         ] GC(257) User=0.06s Sys=0.00s Real=0.02s
[7988.254s][info ][safepoint      ] Safepoint "ParallelGCFailedAllocation", Time since last: 17835452327 ns, Reaching safepoint: 80004 ns, Cleanup: 3300 ns, At safepoint: 16850151 ns, Total: 16933455 ns
[7990.255s][info ][safepoint      ] Safepoint "Cleanup", Time since last: 2000159968 ns, Reaching safepoint: 8600 ns, Cleanup: 13901 ns, At safepoint: 2600 ns, Total: 25101 ns
[7993.255s][info ][safepoint      ] Safepoint "Cleanup", Time since last: 3000243374 ns, Reaching safepoint: 7900 ns, Cleanup: 12701 ns, At safepoint: 2800 ns, Total: 23401 ns
[7996.255s][info ][safepoint      ] Safepoint "Cleanup", Time since last: 3000252578 ns, Reaching safepoint: 10900 ns, Cleanup: 13301 ns, At safepoint: 2800 ns, Total: 27001 ns
[8000.290s][info ][gc,start       ] GC(258) Pause Young (Allocation Failure)
[8000.309s][debug][gc,phases      ] GC(258) Scavenge 19.419ms
[8000.309s][debug][gc,ref         ] GC(258) Skipped SoftWeakFinalRefsPhase of Reference Processing: no references
[8000.309s][debug][gc,ref         ] GC(258) Skipped KeepAliveFinalRefsPhase of Reference Processing: no references
[8000.310s][debug][gc,ref         ] GC(258) ReferenceProcessor::execute queues: 1, RefProcThreadModel::Single, marks_oops_alive: false
[8000.310s][debug][gc,phases      ] GC(258) Reference Processing 0.128ms
[8000.310s][debug][gc,phases      ] GC(258)   VM Weak                        Min:  0.0, Avg:  0.0, Max:  0.0, Diff:  0.0, Sum:  0.0, Workers: 4
[8000.310s][debug][gc,phases      ] GC(258)     Dead                           Min: 0, Avg:  0.0, Max: 0, Diff: 0, Sum: 0, Workers: 4
[8000.310s][debug][gc,phases      ] GC(258)     Total                          Min: 0, Avg: 215.0, Max: 586, Diff: 586, Sum: 860, Workers: 4
[8000.310s][debug][gc,phases      ] GC(258)   ObjectSynchronizer Weak        Min:  0.0, Avg:  0.0, Max:  0.0, Diff:  0.0, Sum:  0.0, Workers: 4
[8000.310s][debug][gc,phases      ] GC(258)     Dead                           Min: 0, Avg:  0.0, Max: 0, Diff: 0, Sum: 0, Workers: 4
[8000.310s][debug][gc,phases      ] GC(258)     Total                          Min: 0, Avg:  1.0, Max: 4, Diff: 4, Sum: 4, Workers: 4
[8000.310s][debug][gc,phases      ] GC(258)   JVMTI Tag Weak OopStorage      Min:  0.0, Avg:  0.0, Max:  0.0, Diff:  0.0, Sum:  0.0, Workers: 4
[8000.310s][debug][gc,phases      ] GC(258)     Dead                           Min: 0, Avg:  0.0, Max: 0, Diff: 0, Sum: 0, Workers: 4
[8000.310s][debug][gc,phases      ] GC(258)     Total                          Min: 0, Avg:  0.0, Max: 0, Diff: 0, Sum: 0, Workers: 4
[8000.310s][debug][gc,phases      ] GC(258)   StringTable Weak               Min:  0.0, Avg:  0.1, Max:  0.2, Diff:  0.2, Sum:  0.4, Workers: 4
[8000.310s][debug][gc,phases      ] GC(258)     Dead                           Min: 0, Avg:  0.0, Max: 0, Diff: 0, Sum: 0, Workers: 4
[8000.310s][debug][gc,phases      ] GC(258)     Total                          Min: 0, Avg: 12498.5, Max: 18059, Diff: 18059, Sum: 49994, Workers: 4
[8000.310s][debug][gc,phases      ] GC(258)   ResolvedMethodTable Weak       Min:  0.0, Avg:  0.0, Max:  0.0, Diff:  0.0, Sum:  0.1, Workers: 4
[8000.310s][debug][gc,phases      ] GC(258)     Dead                           Min: 0, Avg:  0.0, Max: 0, Diff: 0, Sum: 0, Workers: 4
[8000.310s][debug][gc,phases      ] GC(258)     Total                          Min: 0, Avg: 3610.8, Max: 5564, Diff: 5564, Sum: 14443, Workers: 4
[8000.310s][debug][gc,phases      ] GC(258)   JNI Weak                       Min:  0.0, Avg:  0.0, Max:  0.0, Diff:  0.0, Sum:  0.0, Workers: 4
[8000.310s][debug][gc,phases      ] GC(258)     Dead                           Min: 0, Avg:  0.0, Max: 0, Diff: 0, Sum: 0, Workers: 4
[8000.310s][debug][gc,phases      ] GC(258)     Total                          Min: 0, Avg: 12.0, Max: 48, Diff: 48, Sum: 48, Workers: 4
[8000.310s][debug][gc,phases      ] GC(258)   StringDedup Table Weak         Min:  0.0, Avg:  0.0, Max:  0.0, Diff:  0.0, Sum:  0.0, Workers: 4
[8000.310s][debug][gc,phases      ] GC(258)     Dead                           Min: 0, Avg:  0.0, Max: 0, Diff: 0, Sum: 0, Workers: 4
[8000.310s][debug][gc,phases      ] GC(258)     Total                          Min: 0, Avg:  0.0, Max: 0, Diff: 0, Sum: 0, Workers: 4
[8000.310s][debug][gc,phases      ] GC(258)   StringDedup Requests0 Weak     Min:  0.0, Avg:  0.0, Max:  0.0, Diff:  0.0, Sum:  0.0, Workers: 4
[8000.310s][debug][gc,phases      ] GC(258)     Dead                           Min: 0, Avg:  0.0, Max: 0, Diff: 0, Sum: 0, Workers: 4
[8000.310s][debug][gc,phases      ] GC(258)     Total                          Min: 0, Avg:  0.0, Max: 0, Diff: 0, Sum: 0, Workers: 4
[8000.310s][debug][gc,phases      ] GC(258)   StringDedup Requests1 Weak     Min:  0.0, Avg:  0.0, Max:  0.0, Diff:  0.0, Sum:  0.0, Workers: 4
[8000.310s][debug][gc,phases      ] GC(258)     Dead                           Min: 0, Avg:  0.0, Max: 0, Diff: 0, Sum: 0, Workers: 4
[8000.310s][debug][gc,phases      ] GC(258)     Total                          Min: 0, Avg:  0.0, Max: 0, Diff: 0, Sum: 0, Workers: 4
[8000.310s][debug][gc,phases      ] GC(258)   Weak JFR Old Object Samples    Min:  0.0, Avg:  0.0, Max:  0.0, Diff:  0.0, Sum:  0.0, Workers: 4
[8000.310s][debug][gc,phases      ] GC(258)     Dead                           Min: 0, Avg:  0.0, Max: 0, Diff: 0, Sum: 0, Workers: 4
[8000.310s][debug][gc,phases      ] GC(258)     Total                          Min: 0, Avg:  0.0, Max: 0, Diff: 0, Sum: 0, Workers: 4
[8000.310s][debug][gc,phases      ] GC(258) Weak Processing 0.455ms
[8000.310s][debug][gc,age         ] GC(258) Desired survivor size 100663296 bytes, new threshold 12 (max threshold 15)
[8000.310s][info ][gc,heap        ] GC(258) PSYoungGen: 1934210K(1995776K)->55282K(1991168K) Eden: 1889792K(1889792K)->0K(1889792K) From: 44418K(105984K)->55282K(101376K)
[8000.310s][info ][gc,heap        ] GC(258) ParOldGen: 509892K(593920K)->509892K(593920K)
[8000.310s][info ][gc,metaspace   ] GC(258) Metaspace: 100681K(101760K)->100681K(101760K) NonClass: 86234K(86848K)->86234K(86848K) Class: 14447K(14912K)->14447K(14912K)
[8000.310s][info ][gc             ] GC(258) Pause Young (Allocation Failure) 2386M->551M(2524M) 20.145ms
[8000.310s][info ][gc,cpu         ] GC(258) User=0.08s Sys=0.00s Real=0.02s
[8000.310s][info ][safepoint      ] Safepoint "ParallelGCFailedAllocation", Time since last: 4034666718 ns, Reaching safepoint: 81903 ns, Cleanup: 3700 ns, At safepoint: 20230875 ns, Total: 20316478 ns
[8011.790s][info ][safepoint      ] Safepoint "ParallelGCFailedAllocation", Time since last: 11479722080 ns, Reaching safepoint: 9401 ns, Cleanup: 15400 ns, At safepoint: 7701 ns, Total: 32502 ns
[8011.790s][info ][gc,start       ] GC(259) Pause Young (GCLocker Initiated GC)
[8011.816s][debug][gc,phases      ] GC(259) Scavenge 25.378ms
[8011.816s][debug][gc,ref         ] GC(259) Skipped SoftWeakFinalRefsPhase of Reference Processing: no references
[8011.816s][debug][gc,ref         ] GC(259) Skipped KeepAliveFinalRefsPhase of Reference Processing: no references
[8011.816s][debug][gc,ref         ] GC(259) ReferenceProcessor::execute queues: 1, RefProcThreadModel::Single, marks_oops_alive: false
[8011.816s][debug][gc,phases      ] GC(259) Reference Processing 0.134ms
[8011.816s][debug][gc,phases      ] GC(259)   VM Weak                        Min:  0.0, Avg:  0.0, Max:  0.0, Diff:  0.0, Sum:  0.0, Workers: 4
[8011.816s][debug][gc,phases      ] GC(259)     Dead                           Min: 0, Avg:  0.0, Max: 0, Diff: 0, Sum: 0, Workers: 4
[8011.816s][debug][gc,phases      ] GC(259)     Total                          Min: 0, Avg: 215.0, Max: 682, Diff: 682, Sum: 860, Workers: 4
[8011.816s][debug][gc,phases      ] GC(259)   ObjectSynchronizer Weak        Min:  0.0, Avg:  0.0, Max:  0.0, Diff:  0.0, Sum:  0.0, Workers: 4
[8011.816s][debug][gc,phases      ] GC(259)     Dead                           Min: 0, Avg:  0.0, Max: 0, Diff: 0, Sum: 0, Workers: 4
[8011.816s][debug][gc,phases      ] GC(259)     Total                          Min: 0, Avg:  1.0, Max: 4, Diff: 4, Sum: 4, Workers: 4
[8011.816s][debug][gc,phases      ] GC(259)   JVMTI Tag Weak OopStorage      Min:  0.0, Avg:  0.0, Max:  0.0, Diff:  0.0, Sum:  0.0, Workers: 4
[8011.816s][debug][gc,phases      ] GC(259)     Dead                           Min: 0, Avg:  0.0, Max: 0, Diff: 0, Sum: 0, Workers: 4
[8011.816s][debug][gc,phases      ] GC(259)     Total                          Min: 0, Avg:  0.0, Max: 0, Diff: 0, Sum: 0, Workers: 4
[8011.816s][debug][gc,phases      ] GC(259)   StringTable Weak               Min:  0.0, Avg:  0.1, Max:  0.2, Diff:  0.2, Sum:  0.5, Workers: 4
[8011.816s][debug][gc,phases      ] GC(259)     Dead                           Min: 0, Avg:  0.0, Max: 0, Diff: 0, Sum: 0, Workers: 4
[8011.816s][debug][gc,phases      ] GC(259)     Total                          Min: 0, Avg: 12498.5, Max: 25611, Diff: 25611, Sum: 49994, Workers: 4
[8011.816s][debug][gc,phases      ] GC(259)   ResolvedMethodTable Weak       Min:  0.0, Avg:  0.0, Max:  0.1, Diff:  0.1, Sum:  0.1, Workers: 4
[8011.816s][debug][gc,phases      ] GC(259)     Dead                           Min: 0, Avg:  0.0, Max: 0, Diff: 0, Sum: 0, Workers: 4
[8011.816s][debug][gc,phases      ] GC(259)     Total                          Min: 0, Avg: 3610.8, Max: 7792, Diff: 7792, Sum: 14443, Workers: 4
[8011.816s][debug][gc,phases      ] GC(259)   JNI Weak                       Min:  0.0, Avg:  0.0, Max:  0.0, Diff:  0.0, Sum:  0.0, Workers: 4
[8011.816s][debug][gc,phases      ] GC(259)     Dead                           Min: 0, Avg:  0.0, Max: 0, Diff: 0, Sum: 0, Workers: 4
[8011.816s][debug][gc,phases      ] GC(259)     Total                          Min: 0, Avg: 12.0, Max: 48, Diff: 48, Sum: 48, Workers: 4
[8011.816s][debug][gc,phases      ] GC(259)   StringDedup Table Weak         Min:  0.0, Avg:  0.0, Max:  0.0, Diff:  0.0, Sum:  0.0, Workers: 4
[8011.816s][debug][gc,phases      ] GC(259)     Dead                           Min: 0, Avg:  0.0, Max: 0, Diff: 0, Sum: 0, Workers: 4
[8011.816s][debug][gc,phases      ] GC(259)     Total                          Min: 0, Avg:  0.0, Max: 0, Diff: 0, Sum: 0, Workers: 4
[8011.816s][debug][gc,phases      ] GC(259)   StringDedup Requests0 Weak     Min:  0.0, Avg:  0.0, Max:  0.0, Diff:  0.0, Sum:  0.0, Workers: 4
[8011.816s][debug][gc,phases      ] GC(259)     Dead                           Min: 0, Avg:  0.0, Max: 0, Diff: 0, Sum: 0, Workers: 4
[8011.816s][debug][gc,phases      ] GC(259)     Total                          Min: 0, Avg:  0.0, Max: 0, Diff: 0, Sum: 0, Workers: 4
[8011.816s][debug][gc,phases      ] GC(259)   StringDedup Requests1 Weak     Min:  0.0, Avg:  0.0, Max:  0.0, Diff:  0.0, Sum:  0.0, Workers: 4
[8011.816s][debug][gc,phases      ] GC(259)     Dead                           Min: 0, Avg:  0.0, Max: 0, Diff: 0, Sum: 0, Workers: 4
[8011.816s][debug][gc,phases      ] GC(259)     Total                          Min: 0, Avg:  0.0, Max: 0, Diff: 0, Sum: 0, Workers: 4
[8011.816s][debug][gc,phases      ] GC(259)   Weak JFR Old Object Samples    Min:  0.0, Avg:  0.0, Max:  0.0, Diff:  0.0, Sum:  0.0, Workers: 4
[8011.816s][debug][gc,phases      ] GC(259)     Dead                           Min: 0, Avg:  0.0, Max: 0, Diff: 0, Sum: 0, Workers: 4
[8011.816s][debug][gc,phases      ] GC(259)     Total                          Min: 0, Avg:  0.0, Max: 0, Diff: 0, Sum: 0, Workers: 4
[8011.816s][debug][gc,phases      ] GC(259) Weak Processing 0.537ms
[8011.816s][debug][gc,age         ] GC(259) Desired survivor size 103284736 bytes, new threshold 13 (max threshold 15)
[8011.816s][info ][gc,heap        ] GC(259) PSYoungGen: 1945074K(1991168K)->69586K(1993728K) Eden: 1889792K(1889792K)->0K(1895424K) From: 55282K(101376K)->69586K(98304K)
[8011.816s][info ][gc,heap        ] GC(259) ParOldGen: 509941K(593920K)->509941K(593920K)
[8011.816s][info ][gc,metaspace   ] GC(259) Metaspace: 100682K(101760K)->100682K(101760K) NonClass: 86235K(86848K)->86235K(86848K) Class: 14447K(14912K)->14447K(14912K)
[8011.816s][info ][gc             ] GC(259) Pause Young (GCLocker Initiated GC) 2397M->565M(2527M) 26.172ms
[8011.816s][info ][gc,cpu         ] GC(259) User=0.09s Sys=0.00s Real=0.02s
[8011.816s][info ][safepoint      ] Safepoint "ParallelGCSystemGC", Time since last: 174107 ns, Reaching safepoint: 1700 ns, Cleanup: 500 ns, At safepoint: 26247765 ns, Total: 26249965 ns
[8013.817s][info ][safepoint      ] Safepoint "Cleanup", Time since last: 2000169163 ns, Reaching safepoint: 11201 ns, Cleanup: 12400 ns, At safepoint: 6801 ns, Total: 30402 ns
[8016.817s][info ][safepoint      ] Safepoint "Cleanup", Time since last: 3000280890 ns, Reaching safepoint: 80603 ns, Cleanup: 6900 ns, At safepoint: 6200 ns, Total: 93703 ns
[8017.817s][info ][safepoint      ] Safepoint "Cleanup", Time since last: 1000116664 ns, Reaching safepoint: 8601 ns, Cleanup: 10600 ns, At safepoint: 2700 ns, Total: 21901 ns
[8021.817s][info ][safepoint      ] Safepoint "Cleanup", Time since last: 4000321940 ns, Reaching safepoint: 8001 ns, Cleanup: 10100 ns, At safepoint: 2700 ns, Total: 20801 ns
[8022.818s][info ][safepoint      ] Safepoint "Cleanup", Time since last: 1000123072 ns, Reaching safepoint: 7400 ns, Cleanup: 10801 ns, At safepoint: 2200 ns, Total: 20401 ns
[8031.696s][info ][gc,start       ] GC(260) Pause Young (Allocation Failure)
[8031.719s][debug][gc,phases      ] GC(260) Scavenge 23.030ms
[8031.719s][debug][gc,ref         ] GC(260) ReferenceProcessor::execute queues: 1, RefProcThreadModel::Single, marks_oops_alive: false
[8031.719s][debug][gc,ref         ] GC(260) Skipped KeepAliveFinalRefsPhase of Reference Processing: no references
[8031.719s][debug][gc,ref         ] GC(260) ReferenceProcessor::execute queues: 1, RefProcThreadModel::Single, marks_oops_alive: false
[8031.719s][debug][gc,phases      ] GC(260) Reference Processing 0.160ms
[8031.720s][debug][gc,phases      ] GC(260)   VM Weak                        Min:  0.0, Avg:  0.0, Max:  0.0, Diff:  0.0, Sum:  0.0, Workers: 4
[8031.720s][debug][gc,phases      ] GC(260)     Dead                           Min: 0, Avg:  0.0, Max: 0, Diff: 0, Sum: 0, Workers: 4
[8031.720s][debug][gc,phases      ] GC(260)     Total                          Min: 0, Avg: 215.0, Max: 524, Diff: 524, Sum: 860, Workers: 4
[8031.720s][debug][gc,phases      ] GC(260)   ObjectSynchronizer Weak        Min:  0.0, Avg:  0.0, Max:  0.0, Diff:  0.0, Sum:  0.0, Workers: 4
[8031.720s][debug][gc,phases      ] GC(260)     Dead                           Min: 0, Avg:  0.0, Max: 0, Diff: 0, Sum: 0, Workers: 4
[8031.720s][debug][gc,phases      ] GC(260)     Total                          Min: 0, Avg:  1.0, Max: 4, Diff: 4, Sum: 4, Workers: 4
[8031.720s][debug][gc,phases      ] GC(260)   JVMTI Tag Weak OopStorage      Min:  0.0, Avg:  0.0, Max:  0.0, Diff:  0.0, Sum:  0.0, Workers: 4
[8031.720s][debug][gc,phases      ] GC(260)     Dead                           Min: 0, Avg:  0.0, Max: 0, Diff: 0, Sum: 0, Workers: 4
[8031.720s][debug][gc,phases      ] GC(260)     Total                          Min: 0, Avg:  0.0, Max: 0, Diff: 0, Sum: 0, Workers: 4
[8031.720s][debug][gc,phases      ] GC(260)   StringTable Weak               Min:  0.0, Avg:  0.1, Max:  0.2, Diff:  0.2, Sum:  0.5, Workers: 4
[8031.720s][debug][gc,phases      ] GC(260)     Dead                           Min: 0, Avg:  0.0, Max: 0, Diff: 0, Sum: 0, Workers: 4
[8031.720s][debug][gc,phases      ] GC(260)     Total                          Min: 0, Avg: 12499.5, Max: 17152, Diff: 17152, Sum: 49998, Workers: 4
[8031.720s][debug][gc,phases      ] GC(260)   ResolvedMethodTable Weak       Min:  0.0, Avg:  0.0, Max:  0.1, Diff:  0.1, Sum:  0.2, Workers: 4
[8031.720s][debug][gc,phases      ] GC(260)     Dead                           Min: 0, Avg:  0.0, Max: 0, Diff: 0, Sum: 0, Workers: 4
[8031.720s][debug][gc,phases      ] GC(260)     Total                          Min: 0, Avg: 3610.8, Max: 4978, Diff: 4978, Sum: 14443, Workers: 4
[8031.720s][debug][gc,phases      ] GC(260)   JNI Weak                       Min:  0.0, Avg:  0.0, Max:  0.0, Diff:  0.0, Sum:  0.0, Workers: 4
[8031.720s][debug][gc,phases      ] GC(260)     Dead                           Min: 0, Avg:  0.0, Max: 0, Diff: 0, Sum: 0, Workers: 4
[8031.720s][debug][gc,phases      ] GC(260)     Total                          Min: 0, Avg: 12.0, Max: 48, Diff: 48, Sum: 48, Workers: 4
[8031.720s][debug][gc,phases      ] GC(260)   StringDedup Table Weak         Min:  0.0, Avg:  0.0, Max:  0.0, Diff:  0.0, Sum:  0.0, Workers: 4
[8031.720s][debug][gc,phases      ] GC(260)     Dead                           Min: 0, Avg:  0.0, Max: 0, Diff: 0, Sum: 0, Workers: 4
[8031.720s][debug][gc,phases      ] GC(260)     Total                          Min: 0, Avg:  0.0, Max: 0, Diff: 0, Sum: 0, Workers: 4
[8031.720s][debug][gc,phases      ] GC(260)   StringDedup Requests0 Weak     Min:  0.0, Avg:  0.0, Max:  0.0, Diff:  0.0, Sum:  0.0, Workers: 4
[8031.720s][debug][gc,phases      ] GC(260)     Dead                           Min: 0, Avg:  0.0, Max: 0, Diff: 0, Sum: 0, Workers: 4
[8031.720s][debug][gc,phases      ] GC(260)     Total                          Min: 0, Avg:  0.0, Max: 0, Diff: 0, Sum: 0, Workers: 4
[8031.720s][debug][gc,phases      ] GC(260)   StringDedup Requests1 Weak     Min:  0.0, Avg:  0.0, Max:  0.0, Diff:  0.0, Sum:  0.0, Workers: 4
[8031.720s][debug][gc,phases      ] GC(260)     Dead                           Min: 0, Avg:  0.0, Max: 0, Diff: 0, Sum: 0, Workers: 4
[8031.720s][debug][gc,phases      ] GC(260)     Total                          Min: 0, Avg:  0.0, Max: 0, Diff: 0, Sum: 0, Workers: 4
[8031.720s][debug][gc,phases      ] GC(260)   Weak JFR Old Object Samples    Min:  0.0, Avg:  0.0, Max:  0.0, Diff:  0.0, Sum:  0.0, Workers: 4
[8031.720s][debug][gc,phases      ] GC(260)     Dead                           Min: 0, Avg:  0.0, Max: 0, Diff: 0, Sum: 0, Workers: 4
[8031.720s][debug][gc,phases      ] GC(260)     Total                          Min: 0, Avg:  0.0, Max: 0, Diff: 0, Sum: 0, Workers: 4
[8031.720s][debug][gc,phases      ] GC(260) Weak Processing 0.479ms
[8031.720s][debug][gc,age         ] GC(260) Desired survivor size 105906176 bytes, new threshold 14 (max threshold 15)
[8031.720s][info ][gc,heap        ] GC(260) PSYoungGen: 1965010K(1993728K)->72466K(1968128K) Eden: 1895424K(1895424K)->0K(1895424K) From: 69586K(98304K)->72466K(72704K)
[8031.720s][info ][gc,heap        ] GC(260) ParOldGen: 509943K(593920K)->509951K(593920K)
[8031.720s][info ][gc,metaspace   ] GC(260) Metaspace: 100687K(101760K)->100687K(101760K) NonClass: 86240K(86848K)->86240K(86848K) Class: 14447K(14912K)->14447K(14912K)
[8031.720s][info ][gc             ] GC(260) Pause Young (Allocation Failure) 2416M->568M(2502M) 23.841ms
[8031.720s][info ][gc,cpu         ] GC(260) User=0.08s Sys=0.01s Real=0.03s
[8031.720s][info ][safepoint      ] Safepoint "ParallelGCFailedAllocation", Time since last: 8878525448 ns, Reaching safepoint: 8301 ns, Cleanup: 3300 ns, At safepoint: 23919943 ns, Total: 23931544 ns
[8036.720s][info ][safepoint      ] Safepoint "Cleanup", Time since last: 5000317844 ns, Reaching safepoint: 87104 ns, Cleanup: 10100 ns, At safepoint: 6401 ns, Total: 103605 ns
[8057.449s][info ][gc,start       ] GC(261) Pause Young (Allocation Failure)
[8057.473s][debug][gc,phases      ] GC(261) Scavenge 24.776ms
[8057.474s][debug][gc,ref         ] GC(261) ReferenceProcessor::execute queues: 1, RefProcThreadModel::Single, marks_oops_alive: false
[8057.474s][debug][gc,ref         ] GC(261) Skipped KeepAliveFinalRefsPhase of Reference Processing: no references
[8057.474s][debug][gc,ref         ] GC(261) ReferenceProcessor::execute queues: 1, RefProcThreadModel::Single, marks_oops_alive: false
[8057.474s][debug][gc,phases      ] GC(261) Reference Processing 0.118ms
[8057.474s][debug][gc,phases      ] GC(261)   VM Weak                        Min:  0.0, Avg:  0.0, Max:  0.0, Diff:  0.0, Sum:  0.0, Workers: 4
[8057.474s][debug][gc,phases      ] GC(261)     Dead                           Min: 0, Avg:  0.0, Max: 0, Diff: 0, Sum: 0, Workers: 4
[8057.474s][debug][gc,phases      ] GC(261)     Total                          Min: 0, Avg: 215.0, Max: 682, Diff: 682, Sum: 860, Workers: 4
[8057.474s][debug][gc,phases      ] GC(261)   ObjectSynchronizer Weak        Min:  0.0, Avg:  0.0, Max:  0.0, Diff:  0.0, Sum:  0.0, Workers: 4
[8057.474s][debug][gc,phases      ] GC(261)     Dead                           Min: 0, Avg:  0.0, Max: 0, Diff: 0, Sum: 0, Workers: 4
[8057.474s][debug][gc,phases      ] GC(261)     Total                          Min: 0, Avg:  1.0, Max: 4, Diff: 4, Sum: 4, Workers: 4
[8057.474s][debug][gc,phases      ] GC(261)   JVMTI Tag Weak OopStorage      Min:  0.0, Avg:  0.0, Max:  0.0, Diff:  0.0, Sum:  0.0, Workers: 4
[8057.474s][debug][gc,phases      ] GC(261)     Dead                           Min: 0, Avg:  0.0, Max: 0, Diff: 0, Sum: 0, Workers: 4
[8057.474s][debug][gc,phases      ] GC(261)     Total                          Min: 0, Avg:  0.0, Max: 0, Diff: 0, Sum: 0, Workers: 4
[8057.474s][debug][gc,phases      ] GC(261)   StringTable Weak               Min:  0.0, Avg:  0.1, Max:  0.2, Diff:  0.2, Sum:  0.5, Workers: 4
[8057.474s][debug][gc,phases      ] GC(261)     Dead                           Min: 0, Avg:  0.0, Max: 0, Diff: 0, Sum: 0, Workers: 4
[8057.474s][debug][gc,phases      ] GC(261)     Total                          Min: 0, Avg: 12499.5, Max: 17231, Diff: 17231, Sum: 49998, Workers: 4
[8057.474s][debug][gc,phases      ] GC(261)   ResolvedMethodTable Weak       Min:  0.0, Avg:  0.0, Max:  0.0, Diff:  0.0, Sum:  0.1, Workers: 4
[8057.474s][debug][gc,phases      ] GC(261)     Dead                           Min: 0, Avg:  0.0, Max: 0, Diff: 0, Sum: 0, Workers: 4
[8057.474s][debug][gc,phases      ] GC(261)     Total                          Min: 0, Avg: 3610.8, Max: 4849, Diff: 4849, Sum: 14443, Workers: 4
[8057.474s][debug][gc,phases      ] GC(261)   JNI Weak                       Min:  0.0, Avg:  0.0, Max:  0.0, Diff:  0.0, Sum:  0.0, Workers: 4
[8057.474s][debug][gc,phases      ] GC(261)     Dead                           Min: 0, Avg:  0.0, Max: 0, Diff: 0, Sum: 0, Workers: 4
[8057.474s][debug][gc,phases      ] GC(261)     Total                          Min: 0, Avg: 12.0, Max: 48, Diff: 48, Sum: 48, Workers: 4
[8057.474s][debug][gc,phases      ] GC(261)   StringDedup Table Weak         Min:  0.0, Avg:  0.0, Max:  0.0, Diff:  0.0, Sum:  0.0, Workers: 4
[8057.474s][debug][gc,phases      ] GC(261)     Dead                           Min: 0, Avg:  0.0, Max: 0, Diff: 0, Sum: 0, Workers: 4
[8057.474s][debug][gc,phases      ] GC(261)     Total                          Min: 0, Avg:  0.0, Max: 0, Diff: 0, Sum: 0, Workers: 4
[8057.474s][debug][gc,phases      ] GC(261)   StringDedup Requests0 Weak     Min:  0.0, Avg:  0.0, Max:  0.0, Diff:  0.0, Sum:  0.0, Workers: 4
[8057.474s][debug][gc,phases      ] GC(261)     Dead                           Min: 0, Avg:  0.0, Max: 0, Diff: 0, Sum: 0, Workers: 4
[8057.474s][debug][gc,phases      ] GC(261)     Total                          Min: 0, Avg:  0.0, Max: 0, Diff: 0, Sum: 0, Workers: 4
[8057.474s][debug][gc,phases      ] GC(261)   StringDedup Requests1 Weak     Min:  0.0, Avg:  0.0, Max:  0.0, Diff:  0.0, Sum:  0.0, Workers: 4
[8057.474s][debug][gc,phases      ] GC(261)     Dead                           Min: 0, Avg:  0.0, Max: 0, Diff: 0, Sum: 0, Workers: 4
[8057.474s][debug][gc,phases      ] GC(261)     Total                          Min: 0, Avg:  0.0, Max: 0, Diff: 0, Sum: 0, Workers: 4
[8057.474s][debug][gc,phases      ] GC(261)   Weak JFR Old Object Samples    Min:  0.0, Avg:  0.0, Max:  0.0, Diff:  0.0, Sum:  0.0, Workers: 4
[8057.474s][debug][gc,phases      ] GC(261)     Dead                           Min: 0, Avg:  0.0, Max: 0, Diff: 0, Sum: 0, Workers: 4
[8057.474s][debug][gc,phases      ] GC(261)     Total                          Min: 0, Avg:  0.0, Max: 0, Diff: 0, Sum: 0, Workers: 4
[8057.474s][debug][gc,phases      ] GC(261) Weak Processing 0.453ms
[8057.474s][debug][gc,age         ] GC(261) Desired survivor size 109051904 bytes, new threshold 15 (max threshold 15)
[8057.474s][info ][gc,heap        ] GC(261) PSYoungGen: 1967890K(1968128K)->76003K(1987584K) Eden: 1895424K(1895424K)->0K(1884160K) From: 72466K(72704K)->76003K(103424K)
[8057.474s][info ][gc,heap        ] GC(261) ParOldGen: 509951K(593920K)->509951K(593920K)
[8057.474s][info ][gc,metaspace   ] GC(261) Metaspace: 100687K(101760K)->100687K(101760K) NonClass: 86240K(86848K)->86240K(86848K) Class: 14447K(14912K)->14447K(14912K)
[8057.474s][info ][gc             ] GC(261) Pause Young (Allocation Failure) 2419M->572M(2521M) 25.516ms
[8057.474s][info ][gc,cpu         ] GC(261) User=0.08s Sys=0.00s Real=0.02s
[8057.474s][info ][safepoint      ] Safepoint "ParallelGCFailedAllocation", Time since last: 20728046322 ns, Reaching safepoint: 91103 ns, Cleanup: 4200 ns, At safepoint: 25633819 ns, Total: 25729122 ns
[8069.475s][info ][safepoint      ] Safepoint "Cleanup", Time since last: 12000811527 ns, Reaching safepoint: 8500 ns, Cleanup: 10101 ns, At safepoint: 28200 ns, Total: 46801 ns
[8071.475s][info ][safepoint      ] Safepoint "Cleanup", Time since last: 2000158033 ns, Reaching safepoint: 8000 ns, Cleanup: 10201 ns, At safepoint: 2700 ns, Total: 20901 ns
[8072.475s][info ][safepoint      ] Safepoint "Cleanup", Time since last: 1000115288 ns, Reaching safepoint: 8300 ns, Cleanup: 10001 ns, At safepoint: 2900 ns, Total: 21201 ns
[8078.476s][info ][safepoint      ] Safepoint "Cleanup", Time since last: 6000460322 ns, Reaching safepoint: 8100 ns, Cleanup: 10300 ns, At safepoint: 2800 ns, Total: 21200 ns
[8081.476s][info ][safepoint      ] Safepoint "Cleanup", Time since last: 3000243632 ns, Reaching safepoint: 8000 ns, Cleanup: 9701 ns, At safepoint: 2700 ns, Total: 20401 ns
[8082.476s][info ][safepoint      ] Safepoint "Cleanup", Time since last: 1000118812 ns, Reaching safepoint: 7400 ns, Cleanup: 11001 ns, At safepoint: 2500 ns, Total: 20901 ns
[8083.740s][info ][gc,start       ] GC(262) Pause Young (Allocation Failure)
[8083.764s][debug][gc,phases      ] GC(262) Scavenge 23.635ms
[8083.764s][debug][gc,ref         ] GC(262) ReferenceProcessor::execute queues: 1, RefProcThreadModel::Single, marks_oops_alive: false
[8083.764s][debug][gc,ref         ] GC(262) Skipped KeepAliveFinalRefsPhase of Reference Processing: no references
[8083.764s][debug][gc,ref         ] GC(262) ReferenceProcessor::execute queues: 1, RefProcThreadModel::Single, marks_oops_alive: false
[8083.764s][debug][gc,phases      ] GC(262) Reference Processing 0.129ms
[8083.764s][debug][gc,phases      ] GC(262)   VM Weak                        Min:  0.0, Avg:  0.0, Max:  0.0, Diff:  0.0, Sum:  0.0, Workers: 4
[8083.764s][debug][gc,phases      ] GC(262)     Dead                           Min: 0, Avg:  0.0, Max: 0, Diff: 0, Sum: 0, Workers: 4
[8083.764s][debug][gc,phases      ] GC(262)     Total                          Min: 0, Avg: 215.0, Max: 743, Diff: 743, Sum: 860, Workers: 4
[8083.764s][debug][gc,phases      ] GC(262)   ObjectSynchronizer Weak        Min:  0.0, Avg:  0.0, Max:  0.0, Diff:  0.0, Sum:  0.0, Workers: 4
[8083.764s][debug][gc,phases      ] GC(262)     Dead                           Min: 0, Avg:  0.0, Max: 0, Diff: 0, Sum: 0, Workers: 4
[8083.764s][debug][gc,phases      ] GC(262)     Total                          Min: 0, Avg:  1.0, Max: 4, Diff: 4, Sum: 4, Workers: 4
[8083.764s][debug][gc,phases      ] GC(262)   JVMTI Tag Weak OopStorage      Min:  0.0, Avg:  0.0, Max:  0.0, Diff:  0.0, Sum:  0.0, Workers: 4
[8083.764s][debug][gc,phases      ] GC(262)     Dead                           Min: 0, Avg:  0.0, Max: 0, Diff: 0, Sum: 0, Workers: 4
[8083.764s][debug][gc,phases      ] GC(262)     Total                          Min: 0, Avg:  0.0, Max: 0, Diff: 0, Sum: 0, Workers: 4
[8083.764s][debug][gc,phases      ] GC(262)   StringTable Weak               Min:  0.0, Avg:  0.1, Max:  0.2, Diff:  0.2, Sum:  0.4, Workers: 4
[8083.764s][debug][gc,phases      ] GC(262)     Dead                           Min: 0, Avg:  0.0, Max: 0, Diff: 0, Sum: 0, Workers: 4
[8083.764s][debug][gc,phases      ] GC(262)     Total                          Min: 0, Avg: 12499.5, Max: 25615, Diff: 25615, Sum: 49998, Workers: 4
[8083.764s][debug][gc,phases      ] GC(262)   ResolvedMethodTable Weak       Min:  0.0, Avg:  0.0, Max:  0.1, Diff:  0.1, Sum:  0.1, Workers: 4
[8083.764s][debug][gc,phases      ] GC(262)     Dead                           Min: 0, Avg:  0.0, Max: 0, Diff: 0, Sum: 0, Workers: 4
[8083.764s][debug][gc,phases      ] GC(262)     Total                          Min: 0, Avg: 3610.8, Max: 7612, Diff: 7612, Sum: 14443, Workers: 4
[8083.764s][debug][gc,phases      ] GC(262)   JNI Weak                       Min:  0.0, Avg:  0.0, Max:  0.0, Diff:  0.0, Sum:  0.0, Workers: 4
[8083.764s][debug][gc,phases      ] GC(262)     Dead                           Min: 0, Avg:  0.0, Max: 0, Diff: 0, Sum: 0, Workers: 4
[8083.764s][debug][gc,phases      ] GC(262)     Total                          Min: 0, Avg: 12.0, Max: 48, Diff: 48, Sum: 48, Workers: 4
[8083.764s][debug][gc,phases      ] GC(262)   StringDedup Table Weak         Min:  0.0, Avg:  0.0, Max:  0.0, Diff:  0.0, Sum:  0.0, Workers: 4
[8083.764s][debug][gc,phases      ] GC(262)     Dead                           Min: 0, Avg:  0.0, Max: 0, Diff: 0, Sum: 0, Workers: 4
[8083.764s][debug][gc,phases      ] GC(262)     Total                          Min: 0, Avg:  0.0, Max: 0, Diff: 0, Sum: 0, Workers: 4
[8083.764s][debug][gc,phases      ] GC(262)   StringDedup Requests0 Weak     Min:  0.0, Avg:  0.0, Max:  0.0, Diff:  0.0, Sum:  0.0, Workers: 4
[8083.764s][debug][gc,phases      ] GC(262)     Dead                           Min: 0, Avg:  0.0, Max: 0, Diff: 0, Sum: 0, Workers: 4
[8083.764s][debug][gc,phases      ] GC(262)     Total                          Min: 0, Avg:  0.0, Max: 0, Diff: 0, Sum: 0, Workers: 4
[8083.764s][debug][gc,phases      ] GC(262)   StringDedup Requests1 Weak     Min:  0.0, Avg:  0.0, Max:  0.0, Diff:  0.0, Sum:  0.0, Workers: 4
[8083.764s][debug][gc,phases      ] GC(262)     Dead                           Min: 0, Avg:  0.0, Max: 0, Diff: 0, Sum: 0, Workers: 4
[8083.764s][debug][gc,phases      ] GC(262)     Total                          Min: 0, Avg:  0.0, Max: 0, Diff: 0, Sum: 0, Workers: 4
[8083.764s][debug][gc,phases      ] GC(262)   Weak JFR Old Object Samples    Min:  0.0, Avg:  0.0, Max:  0.0, Diff:  0.0, Sum:  0.0, Workers: 4
[8083.764s][debug][gc,phases      ] GC(262)     Dead                           Min: 0, Avg:  0.0, Max: 0, Diff: 0, Sum: 0, Workers: 4
[8083.764s][debug][gc,phases      ] GC(262)     Total                          Min: 0, Avg:  0.0, Max: 0, Diff: 0, Sum: 0, Workers: 4
[8083.764s][debug][gc,phases      ] GC(262) Weak Processing 0.555ms
[8083.764s][debug][gc,age         ] GC(262) Desired survivor size 111149056 bytes, new threshold 15 (max threshold 15)
[8083.764s][info ][gc,heap        ] GC(262) PSYoungGen: 1960163K(1987584K)->75571K(1959936K) Eden: 1884160K(1884160K)->0K(1884160K) From: 76003K(103424K)->75571K(75776K)
[8083.764s][info ][gc,heap        ] GC(262) ParOldGen: 509951K(593920K)->509951K(593920K)
[8083.764s][info ][gc,metaspace   ] GC(262) Metaspace: 100693K(101824K)->100693K(101824K) NonClass: 86246K(86912K)->86246K(86912K) Class: 14447K(14912K)->14447K(14912K)
[8083.764s][info ][gc             ] GC(262) Pause Young (Allocation Failure) 2412M->571M(2494M) 24.474ms
[8083.764s][info ][gc,cpu         ] GC(262) User=0.08s Sys=0.00s Real=0.02s
[8083.764s][info ][safepoint      ] Safepoint "ParallelGCFailedAllocation", Time since last: 1263461405 ns, Reaching safepoint: 73803 ns, Cleanup: 4100 ns, At safepoint: 24564798 ns, Total: 24642701 ns
[8087.765s][info ][safepoint      ] Safepoint "Cleanup", Time since last: 4000291100 ns, Reaching safepoint: 11101 ns, Cleanup: 12800 ns, At safepoint: 3501 ns, Total: 27402 ns
[8093.765s][info ][safepoint      ] Safepoint "Cleanup", Time since last: 6000486201 ns, Reaching safepoint: 9000 ns, Cleanup: 13001 ns, At safepoint: 3000 ns, Total: 25001 ns
[8096.766s][info ][safepoint      ] Safepoint "Cleanup", Time since last: 3000263629 ns, Reaching safepoint: 7900 ns, Cleanup: 13800 ns, At safepoint: 26401 ns, Total: 48101 ns
[8097.766s][info ][safepoint      ] Safepoint "Cleanup", Time since last: 1000103911 ns, Reaching safepoint: 7600 ns, Cleanup: 11300 ns, At safepoint: 2500 ns, Total: 21400 ns
[8108.571s][info ][gc,start       ] GC(263) Pause Young (Allocation Failure)
[8108.594s][debug][gc,phases      ] GC(263) Scavenge 23.066ms
[8108.594s][debug][gc,ref         ] GC(263) ReferenceProcessor::execute queues: 1, RefProcThreadModel::Single, marks_oops_alive: false
[8108.594s][debug][gc,ref         ] GC(263) Skipped KeepAliveFinalRefsPhase of Reference Processing: no references
[8108.594s][debug][gc,ref         ] GC(263) ReferenceProcessor::execute queues: 1, RefProcThreadModel::Single, marks_oops_alive: false
[8108.594s][debug][gc,phases      ] GC(263) Reference Processing 0.126ms
[8108.595s][debug][gc,phases      ] GC(263)   VM Weak                        Min:  0.0, Avg:  0.0, Max:  0.0, Diff:  0.0, Sum:  0.0, Workers: 4
[8108.595s][debug][gc,phases      ] GC(263)     Dead                           Min: 0, Avg:  0.0, Max: 0, Diff: 0, Sum: 0, Workers: 4
[8108.595s][debug][gc,phases      ] GC(263)     Total                          Min: 0, Avg: 215.0, Max: 493, Diff: 493, Sum: 860, Workers: 4
[8108.595s][debug][gc,phases      ] GC(263)   ObjectSynchronizer Weak        Min:  0.0, Avg:  0.0, Max:  0.0, Diff:  0.0, Sum:  0.0, Workers: 4
[8108.595s][debug][gc,phases      ] GC(263)     Dead                           Min: 0, Avg:  0.0, Max: 0, Diff: 0, Sum: 0, Workers: 4
[8108.595s][debug][gc,phases      ] GC(263)     Total                          Min: 0, Avg:  1.0, Max: 4, Diff: 4, Sum: 4, Workers: 4
[8108.595s][debug][gc,phases      ] GC(263)   JVMTI Tag Weak OopStorage      Min:  0.0, Avg:  0.0, Max:  0.0, Diff:  0.0, Sum:  0.0, Workers: 4
[8108.595s][debug][gc,phases      ] GC(263)     Dead                           Min: 0, Avg:  0.0, Max: 0, Diff: 0, Sum: 0, Workers: 4
[8108.595s][debug][gc,phases      ] GC(263)     Total                          Min: 0, Avg:  0.0, Max: 0, Diff: 0, Sum: 0, Workers: 4
[8108.595s][debug][gc,phases      ] GC(263)   StringTable Weak               Min:  0.1, Avg:  0.1, Max:  0.1, Diff:  0.0, Sum:  0.5, Workers: 4
[8108.595s][debug][gc,phases      ] GC(263)     Dead                           Min: 0, Avg:  0.0, Max: 0, Diff: 0, Sum: 0, Workers: 4
[8108.595s][debug][gc,phases      ] GC(263)     Total                          Min: 10639, Avg: 12499.5, Max: 14079, Diff: 3440, Sum: 49998, Workers: 4
[8108.595s][debug][gc,phases      ] GC(263)   ResolvedMethodTable Weak       Min:  0.0, Avg:  0.0, Max:  0.0, Diff:  0.0, Sum:  0.1, Workers: 4
[8108.595s][debug][gc,phases      ] GC(263)     Dead                           Min: 0, Avg:  0.0, Max: 0, Diff: 0, Sum: 0, Workers: 4
[8108.595s][debug][gc,phases      ] GC(263)     Total                          Min: 3389, Avg: 3610.8, Max: 3966, Diff: 577, Sum: 14443, Workers: 4
[8108.595s][debug][gc,phases      ] GC(263)   JNI Weak                       Min:  0.0, Avg:  0.0, Max:  0.0, Diff:  0.0, Sum:  0.0, Workers: 4
[8108.595s][debug][gc,phases      ] GC(263)     Dead                           Min: 0, Avg:  0.0, Max: 0, Diff: 0, Sum: 0, Workers: 4
[8108.595s][debug][gc,phases      ] GC(263)     Total                          Min: 0, Avg: 12.0, Max: 48, Diff: 48, Sum: 48, Workers: 4
[8108.595s][debug][gc,phases      ] GC(263)   StringDedup Table Weak         Min:  0.0, Avg:  0.0, Max:  0.0, Diff:  0.0, Sum:  0.0, Workers: 4
[8108.595s][debug][gc,phases      ] GC(263)     Dead                           Min: 0, Avg:  0.0, Max: 0, Diff: 0, Sum: 0, Workers: 4
[8108.595s][debug][gc,phases      ] GC(263)     Total                          Min: 0, Avg:  0.0, Max: 0, Diff: 0, Sum: 0, Workers: 4
[8108.595s][debug][gc,phases      ] GC(263)   StringDedup Requests0 Weak     Min:  0.0, Avg:  0.0, Max:  0.0, Diff:  0.0, Sum:  0.0, Workers: 4
[8108.595s][debug][gc,phases      ] GC(263)     Dead                           Min: 0, Avg:  0.0, Max: 0, Diff: 0, Sum: 0, Workers: 4
[8108.595s][debug][gc,phases      ] GC(263)     Total                          Min: 0, Avg:  0.0, Max: 0, Diff: 0, Sum: 0, Workers: 4
[8108.595s][debug][gc,phases      ] GC(263)   StringDedup Requests1 Weak     Min:  0.0, Avg:  0.0, Max:  0.0, Diff:  0.0, Sum:  0.0, Workers: 4
[8108.595s][debug][gc,phases      ] GC(263)     Dead                           Min: 0, Avg:  0.0, Max: 0, Diff: 0, Sum: 0, Workers: 4
[8108.595s][debug][gc,phases      ] GC(263)     Total                          Min: 0, Avg:  0.0, Max: 0, Diff: 0, Sum: 0, Workers: 4
[8108.595s][debug][gc,phases      ] GC(263)   Weak JFR Old Object Samples    Min:  0.0, Avg:  0.0, Max:  0.0, Diff:  0.0, Sum:  0.0, Workers: 4
[8108.595s][debug][gc,phases      ] GC(263)     Dead                           Min: 0, Avg:  0.0, Max: 0, Diff: 0, Sum: 0, Workers: 4
[8108.595s][debug][gc,phases      ] GC(263)     Total                          Min: 0, Avg:  0.0, Max: 0, Diff: 0, Sum: 0, Workers: 4
[8108.595s][debug][gc,phases      ] GC(263) Weak Processing 0.429ms
[8108.595s][debug][gc,age         ] GC(263) Desired survivor size 109576192 bytes, new threshold 15 (max threshold 15)
[8108.595s][info ][gc,heap        ] GC(263) PSYoungGen: 1959731K(1959936K)->66625K(1990144K) Eden: 1884160K(1884160K)->0K(1881600K) From: 75571K(75776K)->66625K(108544K)
[8108.595s][info ][gc,heap        ] GC(263) ParOldGen: 509951K(593920K)->515191K(593920K)
[8108.595s][info ][gc,metaspace   ] GC(263) Metaspace: 100693K(101824K)->100693K(101824K) NonClass: 86246K(86912K)->86246K(86912K) Class: 14447K(14912K)->14447K(14912K)
[8108.595s][info ][gc             ] GC(263) Pause Young (Allocation Failure) 2411M->568M(2523M) 23.782ms
[8108.595s][info ][gc,cpu         ] GC(263) User=0.08s Sys=0.00s Real=0.02s
[8108.595s][info ][safepoint      ] Safepoint "ParallelGCFailedAllocation", Time since last: 10805327794 ns, Reaching safepoint: 84503 ns, Cleanup: 4200 ns, At safepoint: 23870036 ns, Total: 23958739 ns
[8110.595s][info ][safepoint      ] Safepoint "Cleanup", Time since last: 2000157749 ns, Reaching safepoint: 80203 ns, Cleanup: 10100 ns, At safepoint: 7300 ns, Total: 97603 ns
[8112.595s][info ][safepoint      ] Safepoint "Cleanup", Time since last: 2000186528 ns, Reaching safepoint: 82102 ns, Cleanup: 12901 ns, At safepoint: 9100 ns, Total: 104103 ns
[8114.596s][info ][safepoint      ] Safepoint "Cleanup", Time since last: 2000180227 ns, Reaching safepoint: 83703 ns, Cleanup: 10800 ns, At safepoint: 8200 ns, Total: 102703 ns
[8115.596s][info ][safepoint      ] Safepoint "Cleanup", Time since last: 1000132043 ns, Reaching safepoint: 85003 ns, Cleanup: 13601 ns, At safepoint: 8300 ns, Total: 106904 ns
[8116.596s][info ][safepoint      ] Safepoint "Cleanup", Time since last: 1000130475 ns, Reaching safepoint: 80603 ns, Cleanup: 14000 ns, At safepoint: 6801 ns, Total: 101404 ns
[8117.770s][info ][safepoint      ] Safepoint "ParallelGCFailedAllocation", Time since last: 1173900590 ns, Reaching safepoint: 85004 ns, Cleanup: 9200 ns, At safepoint: 16301 ns, Total: 110505 ns
[8117.771s][info ][gc,start       ] GC(264) Pause Young (GCLocker Initiated GC)
[8117.797s][debug][gc,phases      ] GC(264) Scavenge 26.387ms
[8117.797s][debug][gc,ref         ] GC(264) ReferenceProcessor::execute queues: 1, RefProcThreadModel::Single, marks_oops_alive: false
[8117.797s][debug][gc,ref         ] GC(264) Skipped KeepAliveFinalRefsPhase of Reference Processing: no references
[8117.797s][debug][gc,ref         ] GC(264) ReferenceProcessor::execute queues: 1, RefProcThreadModel::Single, marks_oops_alive: false
[8117.797s][debug][gc,phases      ] GC(264) Reference Processing 0.151ms
[8117.797s][debug][gc,phases      ] GC(264)   VM Weak                        Min:  0.0, Avg:  0.0, Max:  0.0, Diff:  0.0, Sum:  0.0, Workers: 4
[8117.797s][debug][gc,phases      ] GC(264)     Dead                           Min: 0, Avg:  0.0, Max: 0, Diff: 0, Sum: 0, Workers: 4
[8117.797s][debug][gc,phases      ] GC(264)     Total                          Min: 0, Avg: 215.0, Max: 860, Diff: 860, Sum: 860, Workers: 4
[8117.797s][debug][gc,phases      ] GC(264)   ObjectSynchronizer Weak        Min:  0.0, Avg:  0.0, Max:  0.0, Diff:  0.0, Sum:  0.0, Workers: 4
[8117.797s][debug][gc,phases      ] GC(264)     Dead                           Min: 0, Avg:  0.0, Max: 0, Diff: 0, Sum: 0, Workers: 4
[8117.797s][debug][gc,phases      ] GC(264)     Total                          Min: 0, Avg:  1.0, Max: 4, Diff: 4, Sum: 4, Workers: 4
[8117.797s][debug][gc,phases      ] GC(264)   JVMTI Tag Weak OopStorage      Min:  0.0, Avg:  0.0, Max:  0.0, Diff:  0.0, Sum:  0.0, Workers: 4
[8117.797s][debug][gc,phases      ] GC(264)     Dead                           Min: 0, Avg:  0.0, Max: 0, Diff: 0, Sum: 0, Workers: 4
[8117.797s][debug][gc,phases      ] GC(264)     Total                          Min: 0, Avg:  0.0, Max: 0, Diff: 0, Sum: 0, Workers: 4
[8117.797s][debug][gc,phases      ] GC(264)   StringTable Weak               Min:  0.0, Avg:  0.1, Max:  0.1, Diff:  0.1, Sum:  0.4, Workers: 4
[8117.797s][debug][gc,phases      ] GC(264)     Dead                           Min: 0, Avg:  0.0, Max: 0, Diff: 0, Sum: 0, Workers: 4
[8117.797s][debug][gc,phases      ] GC(264)     Total                          Min: 0, Avg: 12500.2, Max: 17855, Diff: 17855, Sum: 50001, Workers: 4
[8117.797s][debug][gc,phases      ] GC(264)   ResolvedMethodTable Weak       Min:  0.0, Avg:  0.0, Max:  0.0, Diff:  0.0, Sum:  0.1, Workers: 4
[8117.797s][debug][gc,phases      ] GC(264)     Dead                           Min: 0, Avg:  0.0, Max: 0, Diff: 0, Sum: 0, Workers: 4
[8117.797s][debug][gc,phases      ] GC(264)     Total                          Min: 0, Avg: 3610.8, Max: 5167, Diff: 5167, Sum: 14443, Workers: 4
[8117.797s][debug][gc,phases      ] GC(264)   JNI Weak                       Min:  0.0, Avg:  0.0, Max:  0.0, Diff:  0.0, Sum:  0.0, Workers: 4
[8117.797s][debug][gc,phases      ] GC(264)     Dead                           Min: 0, Avg:  0.0, Max: 0, Diff: 0, Sum: 0, Workers: 4
[8117.797s][debug][gc,phases      ] GC(264)     Total                          Min: 0, Avg: 12.0, Max: 48, Diff: 48, Sum: 48, Workers: 4
[8117.797s][debug][gc,phases      ] GC(264)   StringDedup Table Weak         Min:  0.0, Avg:  0.0, Max:  0.0, Diff:  0.0, Sum:  0.0, Workers: 4
[8117.797s][debug][gc,phases      ] GC(264)     Dead                           Min: 0, Avg:  0.0, Max: 0, Diff: 0, Sum: 0, Workers: 4
[8117.797s][debug][gc,phases      ] GC(264)     Total                          Min: 0, Avg:  0.0, Max: 0, Diff: 0, Sum: 0, Workers: 4
[8117.798s][debug][gc,phases      ] GC(264)   StringDedup Requests0 Weak     Min:  0.0, Avg:  0.0, Max:  0.0, Diff:  0.0, Sum:  0.0, Workers: 4
[8117.798s][debug][gc,phases      ] GC(264)     Dead                           Min: 0, Avg:  0.0, Max: 0, Diff: 0, Sum: 0, Workers: 4
[8117.798s][debug][gc,phases      ] GC(264)     Total                          Min: 0, Avg:  0.0, Max: 0, Diff: 0, Sum: 0, Workers: 4
[8117.798s][debug][gc,phases      ] GC(264)   StringDedup Requests1 Weak     Min:  0.0, Avg:  0.0, Max:  0.0, Diff:  0.0, Sum:  0.0, Workers: 4
[8117.798s][debug][gc,phases      ] GC(264)     Dead                           Min: 0, Avg:  0.0, Max: 0, Diff: 0, Sum: 0, Workers: 4
[8117.798s][debug][gc,phases      ] GC(264)     Total                          Min: 0, Avg:  0.0, Max: 0, Diff: 0, Sum: 0, Workers: 4
[8117.798s][debug][gc,phases      ] GC(264)   Weak JFR Old Object Samples    Min:  0.0, Avg:  0.0, Max:  0.0, Diff:  0.0, Sum:  0.0, Workers: 4
[8117.798s][debug][gc,phases      ] GC(264)     Dead                           Min: 0, Avg:  0.0, Max: 0, Diff: 0, Sum: 0, Workers: 4
[8117.798s][debug][gc,phases      ] GC(264)     Total                          Min: 0, Avg:  0.0, Max: 0, Diff: 0, Sum: 0, Workers: 4
[8117.798s][debug][gc,phases      ] GC(264) Weak Processing 0.440ms
[8117.798s][debug][gc,age         ] GC(264) Desired survivor size 115867648 bytes, new threshold 15 (max threshold 15)
[8117.798s][info ][gc,heap        ] GC(264) PSYoungGen: 1947797K(1990144K)->88804K(1970688K) Eden: 1881171K(1881600K)->0K(1881600K) From: 66625K(108544K)->88804K(89088K)
[8117.798s][info ][gc,heap        ] GC(264) ParOldGen: 516215K(593920K)->516947K(593920K)
[8117.798s][info ][gc,metaspace   ] GC(264) Metaspace: 100706K(101824K)->100706K(101824K) NonClass: 86259K(86912K)->86259K(86912K) Class: 14447K(14912K)->14447K(14912K)
[8117.798s][info ][gc             ] GC(264) Pause Young (GCLocker Initiated GC) 2406M->591M(2504M) 27.109ms
[8117.798s][info ][gc,cpu         ] GC(264) User=0.10s Sys=0.00s Real=0.02s
[8117.798s][info ][safepoint      ] Safepoint "ParallelGCSystemGC", Time since last: 81603 ns, Reaching safepoint: 151706 ns, Cleanup: 1700 ns, At safepoint: 27188669 ns, Total: 27342075 ns
[8118.798s][info ][safepoint      ] Safepoint "Cleanup", Time since last: 1000090632 ns, Reaching safepoint: 10200 ns, Cleanup: 7901 ns, At safepoint: 3900 ns, Total: 22001 ns
[8119.856s][info ][safepoint      ] Safepoint "ParallelGCFailedAllocation", Time since last: 1058275820 ns, Reaching safepoint: 7600 ns, Cleanup: 100104 ns, At safepoint: 8501 ns, Total: 116205 ns
[8119.857s][info ][gc,start       ] GC(265) Pause Young (GCLocker Initiated GC)
[8119.892s][debug][gc,phases      ] GC(265) Scavenge 35.319ms
[8119.892s][debug][gc,ref         ] GC(265) ReferenceProcessor::execute queues: 1, RefProcThreadModel::Single, marks_oops_alive: false
[8119.892s][debug][gc,ref         ] GC(265) Skipped KeepAliveFinalRefsPhase of Reference Processing: no references
[8119.892s][debug][gc,ref         ] GC(265) ReferenceProcessor::execute queues: 1, RefProcThreadModel::Single, marks_oops_alive: false
[8119.892s][debug][gc,phases      ] GC(265) Reference Processing 0.202ms
[8119.893s][debug][gc,phases      ] GC(265)   VM Weak                        Min:  0.0, Avg:  0.0, Max:  0.0, Diff:  0.0, Sum:  0.0, Workers: 4
[8119.893s][debug][gc,phases      ] GC(265)     Dead                           Min: 0, Avg:  0.0, Max: 0, Diff: 0, Sum: 0, Workers: 4
[8119.893s][debug][gc,phases      ] GC(265)     Total                          Min: 0, Avg: 229.8, Max: 553, Diff: 553, Sum: 919, Workers: 4
[8119.893s][debug][gc,phases      ] GC(265)   ObjectSynchronizer Weak        Min:  0.0, Avg:  0.0, Max:  0.0, Diff:  0.0, Sum:  0.0, Workers: 4
[8119.893s][debug][gc,phases      ] GC(265)     Dead                           Min: 0, Avg:  0.0, Max: 0, Diff: 0, Sum: 0, Workers: 4
[8119.893s][debug][gc,phases      ] GC(265)     Total                          Min: 0, Avg:  1.2, Max: 5, Diff: 5, Sum: 5, Workers: 4
[8119.893s][debug][gc,phases      ] GC(265)   JVMTI Tag Weak OopStorage      Min:  0.0, Avg:  0.0, Max:  0.0, Diff:  0.0, Sum:  0.0, Workers: 4
[8119.893s][debug][gc,phases      ] GC(265)     Dead                           Min: 0, Avg:  0.0, Max: 0, Diff: 0, Sum: 0, Workers: 4
[8119.893s][debug][gc,phases      ] GC(265)     Total                          Min: 0, Avg:  0.0, Max: 0, Diff: 0, Sum: 0, Workers: 4
[8119.893s][debug][gc,phases      ] GC(265)   StringTable Weak               Min:  0.0, Avg:  0.1, Max:  0.2, Diff:  0.2, Sum:  0.5, Workers: 4
[8119.893s][debug][gc,phases      ] GC(265)     Dead                           Min: 0, Avg:  1.0, Max: 2, Diff: 2, Sum: 4, Workers: 4
[8119.893s][debug][gc,phases      ] GC(265)     Total                          Min: 0, Avg: 12558.0, Max: 17848, Diff: 17848, Sum: 50232, Workers: 4
[8119.893s][debug][gc,phases      ] GC(265)   ResolvedMethodTable Weak       Min:  0.0, Avg:  0.0, Max:  0.1, Diff:  0.1, Sum:  0.2, Workers: 4
[8119.893s][debug][gc,phases      ] GC(265)     Dead                           Min: 0, Avg: 23.5, Max: 40, Diff: 40, Sum: 94, Workers: 4
[8119.893s][debug][gc,phases      ] GC(265)     Total                          Min: 0, Avg: 3701.2, Max: 5245, Diff: 5245, Sum: 14805, Workers: 4
[8119.893s][debug][gc,phases      ] GC(265)   JNI Weak                       Min:  0.0, Avg:  0.0, Max:  0.0, Diff:  0.0, Sum:  0.0, Workers: 4
[8119.893s][debug][gc,phases      ] GC(265)     Dead                           Min: 0, Avg:  0.0, Max: 0, Diff: 0, Sum: 0, Workers: 4
[8119.893s][debug][gc,phases      ] GC(265)     Total                          Min: 0, Avg: 12.0, Max: 48, Diff: 48, Sum: 48, Workers: 4
[8119.893s][debug][gc,phases      ] GC(265)   StringDedup Table Weak         Min:  0.0, Avg:  0.0, Max:  0.0, Diff:  0.0, Sum:  0.0, Workers: 4
[8119.893s][debug][gc,phases      ] GC(265)     Dead                           Min: 0, Avg:  0.0, Max: 0, Diff: 0, Sum: 0, Workers: 4
[8119.893s][debug][gc,phases      ] GC(265)     Total                          Min: 0, Avg:  0.0, Max: 0, Diff: 0, Sum: 0, Workers: 4
[8119.893s][debug][gc,phases      ] GC(265)   StringDedup Requests0 Weak     Min:  0.0, Avg:  0.0, Max:  0.0, Diff:  0.0, Sum:  0.0, Workers: 4
[8119.893s][debug][gc,phases      ] GC(265)     Dead                           Min: 0, Avg:  0.0, Max: 0, Diff: 0, Sum: 0, Workers: 4
[8119.893s][debug][gc,phases      ] GC(265)     Total                          Min: 0, Avg:  0.0, Max: 0, Diff: 0, Sum: 0, Workers: 4
[8119.893s][debug][gc,phases      ] GC(265)   StringDedup Requests1 Weak     Min:  0.0, Avg:  0.0, Max:  0.0, Diff:  0.0, Sum:  0.0, Workers: 4
[8119.893s][debug][gc,phases      ] GC(265)     Dead                           Min: 0, Avg:  0.0, Max: 0, Diff: 0, Sum: 0, Workers: 4
[8119.893s][debug][gc,phases      ] GC(265)     Total                          Min: 0, Avg:  0.0, Max: 0, Diff: 0, Sum: 0, Workers: 4
[8119.893s][debug][gc,phases      ] GC(265)   Weak JFR Old Object Samples    Min:  0.0, Avg:  0.0, Max:  0.0, Diff:  0.0, Sum:  0.0, Workers: 4
[8119.893s][debug][gc,phases      ] GC(265)     Dead                           Min: 0, Avg:  0.0, Max: 0, Diff: 0, Sum: 0, Workers: 4
[8119.893s][debug][gc,phases      ] GC(265)     Total                          Min: 0, Avg:  0.0, Max: 0, Diff: 0, Sum: 0, Workers: 4
[8119.893s][debug][gc,phases      ] GC(265) Weak Processing 0.501ms
[8119.893s][debug][gc,age         ] GC(265) Desired survivor size 127926272 bytes, new threshold 14 (max threshold 15)
[8119.893s][info ][gc,heap        ] GC(265) PSYoungGen: 1970404K(1970688K)->107456K(1960448K) Eden: 1881600K(1881600K)->0K(1847296K) From: 88804K(89088K)->107456K(113152K)
[8119.893s][info ][gc,heap        ] GC(265) ParOldGen: 521589K(593920K)->522401K(593920K)
[8119.893s][info ][gc,metaspace   ] GC(265) Metaspace: 101440K(102592K)->101440K(102592K) NonClass: 86848K(87488K)->86848K(87488K) Class: 14591K(15104K)->14591K(15104K)
[8119.893s][info ][gc             ] GC(265) Pause Young (GCLocker Initiated GC) 2433M->615M(2494M) 36.188ms
[8119.893s][info ][gc,cpu         ] GC(265) User=0.13s Sys=0.00s Real=0.04s
[8119.893s][info ][safepoint      ] Safepoint "ParallelGCSystemGC", Time since last: 486619 ns, Reaching safepoint: 75703 ns, Cleanup: 1200 ns, At safepoint: 36277727 ns, Total: 36354630 ns
[8120.893s][info ][safepoint      ] Safepoint "Cleanup", Time since last: 1000097632 ns, Reaching safepoint: 82203 ns, Cleanup: 41202 ns, At safepoint: 6800 ns, Total: 130205 ns
[8121.075s][info ][safepoint      ] Safepoint "ParallelGCFailedAllocation", Time since last: 181460836 ns, Reaching safepoint: 7801 ns, Cleanup: 19100 ns, At safepoint: 9801 ns, Total: 36702 ns
[8121.075s][info ][gc,start       ] GC(266) Pause Young (GCLocker Initiated GC)
[8121.117s][debug][gc,phases      ] GC(266) Scavenge 42.173ms
[8121.117s][debug][gc,ref         ] GC(266) ReferenceProcessor::execute queues: 1, RefProcThreadModel::Single, marks_oops_alive: false
[8121.118s][debug][gc,ref         ] GC(266) Skipped KeepAliveFinalRefsPhase of Reference Processing: no references
[8121.118s][debug][gc,ref         ] GC(266) ReferenceProcessor::execute queues: 1, RefProcThreadModel::Single, marks_oops_alive: false
[8121.118s][debug][gc,phases      ] GC(266) Reference Processing 0.165ms
[8121.118s][debug][gc,phases      ] GC(266)   VM Weak                        Min:  0.0, Avg:  0.0, Max:  0.0, Diff:  0.0, Sum:  0.0, Workers: 4
[8121.118s][debug][gc,phases      ] GC(266)     Dead                           Min: 0, Avg:  0.0, Max: 0, Diff: 0, Sum: 0, Workers: 4
[8121.118s][debug][gc,phases      ] GC(266)     Total                          Min: 0, Avg: 230.0, Max: 498, Diff: 498, Sum: 920, Workers: 4
[8121.118s][debug][gc,phases      ] GC(266)   ObjectSynchronizer Weak        Min:  0.0, Avg:  0.0, Max:  0.0, Diff:  0.0, Sum:  0.0, Workers: 4
[8121.118s][debug][gc,phases      ] GC(266)     Dead                           Min: 0, Avg:  0.0, Max: 0, Diff: 0, Sum: 0, Workers: 4
[8121.118s][debug][gc,phases      ] GC(266)     Total                          Min: 0, Avg:  1.2, Max: 5, Diff: 5, Sum: 5, Workers: 4
[8121.118s][debug][gc,phases      ] GC(266)   JVMTI Tag Weak OopStorage      Min:  0.0, Avg:  0.0, Max:  0.0, Diff:  0.0, Sum:  0.0, Workers: 4
[8121.118s][debug][gc,phases      ] GC(266)     Dead                           Min: 0, Avg:  0.0, Max: 0, Diff: 0, Sum: 0, Workers: 4
[8121.118s][debug][gc,phases      ] GC(266)     Total                          Min: 0, Avg:  0.0, Max: 0, Diff: 0, Sum: 0, Workers: 4
[8121.118s][debug][gc,phases      ] GC(266)   StringTable Weak               Min:  0.0, Avg:  0.2, Max:  0.2, Diff:  0.2, Sum:  0.6, Workers: 4
[8121.118s][debug][gc,phases      ] GC(266)     Dead                           Min: 0, Avg:  0.5, Max: 2, Diff: 2, Sum: 2, Workers: 4
[8121.118s][debug][gc,phases      ] GC(266)     Total                          Min: 704, Avg: 12560.8, Max: 19203, Diff: 18499, Sum: 50243, Workers: 4
[8121.118s][debug][gc,phases      ] GC(266)   ResolvedMethodTable Weak       Min:  0.0, Avg:  0.0, Max:  0.1, Diff:  0.1, Sum:  0.2, Workers: 4
[8121.118s][debug][gc,phases      ] GC(266)     Dead                           Min: 0, Avg:  1.0, Max: 3, Diff: 3, Sum: 4, Workers: 4
[8121.118s][debug][gc,phases      ] GC(266)     Total                          Min: 0, Avg: 3705.5, Max: 5119, Diff: 5119, Sum: 14822, Workers: 4
[8121.118s][debug][gc,phases      ] GC(266)   JNI Weak                       Min:  0.0, Avg:  0.0, Max:  0.0, Diff:  0.0, Sum:  0.0, Workers: 4
[8121.118s][debug][gc,phases      ] GC(266)     Dead                           Min: 0, Avg:  0.0, Max: 0, Diff: 0, Sum: 0, Workers: 4
[8121.118s][debug][gc,phases      ] GC(266)     Total                          Min: 0, Avg: 12.0, Max: 48, Diff: 48, Sum: 48, Workers: 4
[8121.118s][debug][gc,phases      ] GC(266)   StringDedup Table Weak         Min:  0.0, Avg:  0.0, Max:  0.0, Diff:  0.0, Sum:  0.0, Workers: 4
[8121.118s][debug][gc,phases      ] GC(266)     Dead                           Min: 0, Avg:  0.0, Max: 0, Diff: 0, Sum: 0, Workers: 4
[8121.118s][debug][gc,phases      ] GC(266)     Total                          Min: 0, Avg:  0.0, Max: 0, Diff: 0, Sum: 0, Workers: 4
[8121.118s][debug][gc,phases      ] GC(266)   StringDedup Requests0 Weak     Min:  0.0, Avg:  0.0, Max:  0.0, Diff:  0.0, Sum:  0.0, Workers: 4
[8121.118s][debug][gc,phases      ] GC(266)     Dead                           Min: 0, Avg:  0.0, Max: 0, Diff: 0, Sum: 0, Workers: 4
[8121.118s][debug][gc,phases      ] GC(266)     Total                          Min: 0, Avg:  0.0, Max: 0, Diff: 0, Sum: 0, Workers: 4
[8121.118s][debug][gc,phases      ] GC(266)   StringDedup Requests1 Weak     Min:  0.0, Avg:  0.0, Max:  0.0, Diff:  0.0, Sum:  0.0, Workers: 4
[8121.118s][debug][gc,phases      ] GC(266)     Dead                           Min: 0, Avg:  0.0, Max: 0, Diff: 0, Sum: 0, Workers: 4
[8121.118s][debug][gc,phases      ] GC(266)     Total                          Min: 0, Avg:  0.0, Max: 0, Diff: 0, Sum: 0, Workers: 4
[8121.118s][debug][gc,phases      ] GC(266)   Weak JFR Old Object Samples    Min:  0.0, Avg:  0.0, Max:  0.0, Diff:  0.0, Sum:  0.0, Workers: 4
[8121.118s][debug][gc,phases      ] GC(266)     Dead                           Min: 0, Avg:  0.0, Max: 0, Diff: 0, Sum: 0, Workers: 4
[8121.118s][debug][gc,phases      ] GC(266)     Total                          Min: 0, Avg:  0.0, Max: 0, Diff: 0, Sum: 0, Workers: 4
[8121.118s][debug][gc,phases      ] GC(266) Weak Processing 0.552ms
[8121.118s][debug][gc,age         ] GC(266) Desired survivor size 142082048 bytes, new threshold 13 (max threshold 15)
[8121.118s][info ][gc,heap        ] GC(266) PSYoungGen: 1954752K(1960448K)->119755K(1967104K) Eden: 1847296K(1847296K)->0K(1847296K) From: 107456K(113152K)->119755K(119808K)
[8121.118s][info ][gc,heap        ] GC(266) ParOldGen: 529591K(593920K)->545271K(593920K)
[8121.118s][info ][gc,metaspace   ] GC(266) Metaspace: 101564K(102720K)->101564K(102720K) NonClass: 86965K(87616K)->86965K(87616K) Class: 14599K(15104K)->14599K(15104K)
[8121.118s][info ][gc             ] GC(266) Pause Young (GCLocker Initiated GC) 2426M->649M(2501M) 43.034ms
[8121.118s][info ][gc,cpu         ] GC(266) User=0.15s Sys=0.00s Real=0.04s
[8121.118s][info ][safepoint      ] Safepoint "ParallelGCSystemGC", Time since last: 317012 ns, Reaching safepoint: 77103 ns, Cleanup: 1300 ns, At safepoint: 43128197 ns, Total: 43206600 ns
[8122.118s][info ][safepoint      ] Safepoint "Cleanup", Time since last: 1000092231 ns, Reaching safepoint: 10401 ns, Cleanup: 23601 ns, At safepoint: 2900 ns, Total: 36902 ns
[8123.119s][info ][safepoint      ] Safepoint "Cleanup", Time since last: 1000102232 ns, Reaching safepoint: 8901 ns, Cleanup: 15900 ns, At safepoint: 2100 ns, Total: 26901 ns
[8124.119s][info ][safepoint      ] Safepoint "Cleanup", Time since last: 1000135734 ns, Reaching safepoint: 81003 ns, Cleanup: 17001 ns, At safepoint: 5600 ns, Total: 103604 ns
[8125.119s][info ][safepoint      ] Safepoint "Cleanup", Time since last: 1000121633 ns, Reaching safepoint: 8001 ns, Cleanup: 17400 ns, At safepoint: 3500 ns, Total: 28901 ns
[8126.793s][info ][gc,start       ] GC(267) Pause Young (Allocation Failure)
[8126.838s][debug][gc,phases      ] GC(267) Scavenge 45.329ms
[8126.838s][debug][gc,ref         ] GC(267) ReferenceProcessor::execute queues: 1, RefProcThreadModel::Single, marks_oops_alive: false
[8126.838s][debug][gc,ref         ] GC(267) Skipped KeepAliveFinalRefsPhase of Reference Processing: no references
[8126.838s][debug][gc,ref         ] GC(267) ReferenceProcessor::execute queues: 1, RefProcThreadModel::Single, marks_oops_alive: false
[8126.838s][debug][gc,phases      ] GC(267) Reference Processing 0.139ms
[8126.838s][debug][gc,phases      ] GC(267)   VM Weak                        Min:  0.0, Avg:  0.0, Max:  0.0, Diff:  0.0, Sum:  0.0, Workers: 4
[8126.838s][debug][gc,phases      ] GC(267)     Dead                           Min: 0, Avg:  0.0, Max: 0, Diff: 0, Sum: 0, Workers: 4
[8126.838s][debug][gc,phases      ] GC(267)     Total                          Min: 0, Avg: 230.0, Max: 687, Diff: 687, Sum: 920, Workers: 4
[8126.838s][debug][gc,phases      ] GC(267)   ObjectSynchronizer Weak        Min:  0.0, Avg:  0.0, Max:  0.0, Diff:  0.0, Sum:  0.0, Workers: 4
[8126.838s][debug][gc,phases      ] GC(267)     Dead                           Min: 0, Avg:  0.0, Max: 0, Diff: 0, Sum: 0, Workers: 4
[8126.839s][debug][gc,phases      ] GC(267)     Total                          Min: 0, Avg:  1.2, Max: 5, Diff: 5, Sum: 5, Workers: 4
[8126.839s][debug][gc,phases      ] GC(267)   JVMTI Tag Weak OopStorage      Min:  0.0, Avg:  0.0, Max:  0.0, Diff:  0.0, Sum:  0.0, Workers: 4
[8126.839s][debug][gc,phases      ] GC(267)     Dead                           Min: 0, Avg:  0.0, Max: 0, Diff: 0, Sum: 0, Workers: 4
[8126.839s][debug][gc,phases      ] GC(267)     Total                          Min: 0, Avg:  0.0, Max: 0, Diff: 0, Sum: 0, Workers: 4
[8126.839s][debug][gc,phases      ] GC(267)   StringTable Weak               Min:  0.0, Avg:  0.1, Max:  0.2, Diff:  0.2, Sum:  0.5, Workers: 4
[8126.839s][debug][gc,phases      ] GC(267)     Dead                           Min: 0, Avg:  0.0, Max: 0, Diff: 0, Sum: 0, Workers: 4
[8126.839s][debug][gc,phases      ] GC(267)     Total                          Min: 0, Avg: 12561.2, Max: 17605, Diff: 17605, Sum: 50245, Workers: 4
[8126.839s][debug][gc,phases      ] GC(267)   ResolvedMethodTable Weak       Min:  0.0, Avg:  0.0, Max:  0.1, Diff:  0.1, Sum:  0.2, Workers: 4
[8126.839s][debug][gc,phases      ] GC(267)     Dead                           Min: 0, Avg:  0.0, Max: 0, Diff: 0, Sum: 0, Workers: 4
[8126.839s][debug][gc,phases      ] GC(267)     Total                          Min: 0, Avg: 3705.5, Max: 6334, Diff: 6334, Sum: 14822, Workers: 4
[8126.839s][debug][gc,phases      ] GC(267)   JNI Weak                       Min:  0.0, Avg:  0.0, Max:  0.0, Diff:  0.0, Sum:  0.0, Workers: 4
[8126.839s][debug][gc,phases      ] GC(267)     Dead                           Min: 0, Avg:  0.0, Max: 0, Diff: 0, Sum: 0, Workers: 4
[8126.839s][debug][gc,phases      ] GC(267)     Total                          Min: 0, Avg: 12.0, Max: 48, Diff: 48, Sum: 48, Workers: 4
[8126.839s][debug][gc,phases      ] GC(267)   StringDedup Table Weak         Min:  0.0, Avg:  0.0, Max:  0.0, Diff:  0.0, Sum:  0.0, Workers: 4
[8126.839s][debug][gc,phases      ] GC(267)     Dead                           Min: 0, Avg:  0.0, Max: 0, Diff: 0, Sum: 0, Workers: 4
[8126.839s][debug][gc,phases      ] GC(267)     Total                          Min: 0, Avg:  0.0, Max: 0, Diff: 0, Sum: 0, Workers: 4
[8126.839s][debug][gc,phases      ] GC(267)   StringDedup Requests0 Weak     Min:  0.0, Avg:  0.0, Max:  0.0, Diff:  0.0, Sum:  0.0, Workers: 4
[8126.839s][debug][gc,phases      ] GC(267)     Dead                           Min: 0, Avg:  0.0, Max: 0, Diff: 0, Sum: 0, Workers: 4
[8126.839s][debug][gc,phases      ] GC(267)     Total                          Min: 0, Avg:  0.0, Max: 0, Diff: 0, Sum: 0, Workers: 4
[8126.839s][debug][gc,phases      ] GC(267)   StringDedup Requests1 Weak     Min:  0.0, Avg:  0.0, Max:  0.0, Diff:  0.0, Sum:  0.0, Workers: 4
[8126.839s][debug][gc,phases      ] GC(267)     Dead                           Min: 0, Avg:  0.0, Max: 0, Diff: 0, Sum: 0, Workers: 4
[8126.839s][debug][gc,phases      ] GC(267)     Total                          Min: 0, Avg:  0.0, Max: 0, Diff: 0, Sum: 0, Workers: 4
[8126.839s][debug][gc,phases      ] GC(267)   Weak JFR Old Object Samples    Min:  0.0, Avg:  0.0, Max:  0.0, Diff:  0.0, Sum:  0.0, Workers: 4
[8126.839s][debug][gc,phases      ] GC(267)     Dead                           Min: 0, Avg:  0.0, Max: 0, Diff: 0, Sum: 0, Workers: 4
[8126.839s][debug][gc,phases      ] GC(267)     Total                          Min: 0, Avg:  0.0, Max: 0, Diff: 0, Sum: 0, Workers: 4
[8126.839s][debug][gc,phases      ] GC(267) Weak Processing 0.460ms
[8126.839s][debug][gc,age         ] GC(267) Desired survivor size 157810688 bytes, new threshold 12 (max threshold 15)
[8126.839s][info ][gc,heap        ] GC(267) PSYoungGen: 1967051K(1967104K)->130026K(1918976K) Eden: 1847296K(1847296K)->0K(1788928K) From: 119755K(119808K)->130026K(130048K)
[8126.839s][info ][gc,heap        ] GC(267) ParOldGen: 545273K(593920K)->547605K(593920K)
[8126.839s][info ][gc,metaspace   ] GC(267) Metaspace: 101591K(102720K)->101591K(102720K) NonClass: 86992K(87616K)->86992K(87616K) Class: 14599K(15104K)->14599K(15104K)
[8126.839s][info ][gc             ] GC(267) Pause Young (Allocation Failure) 2453M->661M(2454M) 46.080ms
[8126.839s][info ][gc,cpu         ] GC(267) User=0.15s Sys=0.00s Real=0.04s
[8126.839s][info ][safepoint      ] Safepoint "ParallelGCFailedAllocation", Time since last: 1673684872 ns, Reaching safepoint: 7800 ns, Cleanup: 3200 ns, At safepoint: 46169102 ns, Total: 46180102 ns
[8127.839s][info ][safepoint      ] Safepoint "Cleanup", Time since last: 1000115297 ns, Reaching safepoint: 87203 ns, Cleanup: 17501 ns, At safepoint: 6300 ns, Total: 111004 ns
[8128.839s][info ][safepoint      ] Safepoint "Cleanup", Time since last: 1000127098 ns, Reaching safepoint: 80903 ns, Cleanup: 9500 ns, At safepoint: 6700 ns, Total: 97103 ns
[8129.839s][info ][safepoint      ] Safepoint "Cleanup", Time since last: 1000142099 ns, Reaching safepoint: 81603 ns, Cleanup: 12600 ns, At safepoint: 6300 ns, Total: 100503 ns
[8130.840s][info ][safepoint      ] Safepoint "Cleanup", Time since last: 1000114835 ns, Reaching safepoint: 84103 ns, Cleanup: 12101 ns, At safepoint: 17301 ns, Total: 113505 ns
[8133.840s][info ][safepoint      ] Safepoint "Cleanup", Time since last: 3000275416 ns, Reaching safepoint: 85403 ns, Cleanup: 11501 ns, At safepoint: 6300 ns, Total: 103204 ns
[8134.840s][info ][safepoint      ] Safepoint "Cleanup", Time since last: 1000143445 ns, Reaching safepoint: 81503 ns, Cleanup: 11000 ns, At safepoint: 6501 ns, Total: 99004 ns
[8135.841s][info ][safepoint      ] Safepoint "Cleanup", Time since last: 1000133345 ns, Reaching safepoint: 82003 ns, Cleanup: 10800 ns, At safepoint: 5900 ns, Total: 98703 ns
[8138.841s][info ][safepoint      ] Safepoint "Cleanup", Time since last: 3000248830 ns, Reaching safepoint: 82903 ns, Cleanup: 10901 ns, At safepoint: 7100 ns, Total: 100904 ns
[8139.841s][info ][safepoint      ] Safepoint "Cleanup", Time since last: 1000122958 ns, Reaching safepoint: 83703 ns, Cleanup: 11801 ns, At safepoint: 7600 ns, Total: 103104 ns
[8140.841s][info ][safepoint      ] Safepoint "Cleanup", Time since last: 1000123981 ns, Reaching safepoint: 86304 ns, Cleanup: 10100 ns, At safepoint: 7400 ns, Total: 103804 ns
[8142.842s][info ][safepoint      ] Safepoint "Cleanup", Time since last: 2000202445 ns, Reaching safepoint: 86003 ns, Cleanup: 12701 ns, At safepoint: 6600 ns, Total: 105304 ns
[8143.842s][info ][safepoint      ] Safepoint "Cleanup", Time since last: 1000130589 ns, Reaching safepoint: 81403 ns, Cleanup: 10601 ns, At safepoint: 5900 ns, Total: 97904 ns
[8144.465s][info ][gc,start       ] GC(268) Pause Young (Allocation Failure)
[8144.502s][debug][gc,phases      ] GC(268) Scavenge 36.756ms
[8144.502s][debug][gc,ref         ] GC(268) ReferenceProcessor::execute queues: 1, RefProcThreadModel::Single, marks_oops_alive: false
[8144.502s][debug][gc,ref         ] GC(268) Skipped KeepAliveFinalRefsPhase of Reference Processing: no references
[8144.502s][debug][gc,ref         ] GC(268) ReferenceProcessor::execute queues: 1, RefProcThreadModel::Single, marks_oops_alive: false
[8144.502s][debug][gc,phases      ] GC(268) Reference Processing 0.145ms
[8144.502s][debug][gc,phases      ] GC(268)   VM Weak                        Min:  0.0, Avg:  0.0, Max:  0.0, Diff:  0.0, Sum:  0.0, Workers: 4
[8144.502s][debug][gc,phases      ] GC(268)     Dead                           Min: 0, Avg:  0.0, Max: 0, Diff: 0, Sum: 0, Workers: 4
[8144.502s][debug][gc,phases      ] GC(268)     Total                          Min: 0, Avg: 230.2, Max: 498, Diff: 498, Sum: 921, Workers: 4
[8144.502s][debug][gc,phases      ] GC(268)   ObjectSynchronizer Weak        Min:  0.0, Avg:  0.0, Max:  0.0, Diff:  0.0, Sum:  0.0, Workers: 4
[8144.502s][debug][gc,phases      ] GC(268)     Dead                           Min: 0, Avg:  0.0, Max: 0, Diff: 0, Sum: 0, Workers: 4
[8144.502s][debug][gc,phases      ] GC(268)     Total                          Min: 0, Avg:  1.5, Max: 6, Diff: 6, Sum: 6, Workers: 4
[8144.502s][debug][gc,phases      ] GC(268)   JVMTI Tag Weak OopStorage      Min:  0.0, Avg:  0.0, Max:  0.0, Diff:  0.0, Sum:  0.0, Workers: 4
[8144.502s][debug][gc,phases      ] GC(268)     Dead                           Min: 0, Avg:  0.0, Max: 0, Diff: 0, Sum: 0, Workers: 4
[8144.502s][debug][gc,phases      ] GC(268)     Total                          Min: 0, Avg:  0.0, Max: 0, Diff: 0, Sum: 0, Workers: 4
[8144.502s][debug][gc,phases      ] GC(268)   StringTable Weak               Min:  0.0, Avg:  0.1, Max:  0.2, Diff:  0.2, Sum:  0.5, Workers: 4
[8144.502s][debug][gc,phases      ] GC(268)     Dead                           Min: 0, Avg:  0.2, Max: 1, Diff: 1, Sum: 1, Workers: 4
[8144.502s][debug][gc,phases      ] GC(268)     Total                          Min: 0, Avg: 12563.2, Max: 16974, Diff: 16974, Sum: 50253, Workers: 4
[8144.502s][debug][gc,phases      ] GC(268)   ResolvedMethodTable Weak       Min:  0.0, Avg:  0.0, Max:  0.1, Diff:  0.1, Sum:  0.1, Workers: 4
[8144.502s][debug][gc,phases      ] GC(268)     Dead                           Min: 0, Avg:  0.2, Max: 1, Diff: 1, Sum: 1, Workers: 4
[8144.502s][debug][gc,phases      ] GC(268)     Total                          Min: 0, Avg: 3708.0, Max: 5118, Diff: 5118, Sum: 14832, Workers: 4
[8144.502s][debug][gc,phases      ] GC(268)   JNI Weak                       Min:  0.0, Avg:  0.0, Max:  0.0, Diff:  0.0, Sum:  0.0, Workers: 4
[8144.502s][debug][gc,phases      ] GC(268)     Dead                           Min: 0, Avg:  0.0, Max: 0, Diff: 0, Sum: 0, Workers: 4
[8144.502s][debug][gc,phases      ] GC(268)     Total                          Min: 0, Avg: 12.0, Max: 48, Diff: 48, Sum: 48, Workers: 4
[8144.502s][debug][gc,phases      ] GC(268)   StringDedup Table Weak         Min:  0.0, Avg:  0.0, Max:  0.0, Diff:  0.0, Sum:  0.0, Workers: 4
[8144.502s][debug][gc,phases      ] GC(268)     Dead                           Min: 0, Avg:  0.0, Max: 0, Diff: 0, Sum: 0, Workers: 4
[8144.502s][debug][gc,phases      ] GC(268)     Total                          Min: 0, Avg:  0.0, Max: 0, Diff: 0, Sum: 0, Workers: 4
[8144.502s][debug][gc,phases      ] GC(268)   StringDedup Requests0 Weak     Min:  0.0, Avg:  0.0, Max:  0.0, Diff:  0.0, Sum:  0.0, Workers: 4
[8144.502s][debug][gc,phases      ] GC(268)     Dead                           Min: 0, Avg:  0.0, Max: 0, Diff: 0, Sum: 0, Workers: 4
[8144.502s][debug][gc,phases      ] GC(268)     Total                          Min: 0, Avg:  0.0, Max: 0, Diff: 0, Sum: 0, Workers: 4
[8144.502s][debug][gc,phases      ] GC(268)   StringDedup Requests1 Weak     Min:  0.0, Avg:  0.0, Max:  0.0, Diff:  0.0, Sum:  0.0, Workers: 4
[8144.502s][debug][gc,phases      ] GC(268)     Dead                           Min: 0, Avg:  0.0, Max: 0, Diff: 0, Sum: 0, Workers: 4
[8144.502s][debug][gc,phases      ] GC(268)     Total                          Min: 0, Avg:  0.0, Max: 0, Diff: 0, Sum: 0, Workers: 4
[8144.502s][debug][gc,phases      ] GC(268)   Weak JFR Old Object Samples    Min:  0.0, Avg:  0.0, Max:  0.0, Diff:  0.0, Sum:  0.0, Workers: 4
[8144.502s][debug][gc,phases      ] GC(268)     Dead                           Min: 0, Avg:  0.0, Max: 0, Diff: 0, Sum: 0, Workers: 4
[8144.502s][debug][gc,phases      ] GC(268)     Total                          Min: 0, Avg:  0.0, Max: 0, Diff: 0, Sum: 0, Workers: 4
[8144.502s][debug][gc,phases      ] GC(268) Weak Processing 0.459ms
[8144.502s][debug][gc,age         ] GC(268) Desired survivor size 164102144 bytes, new threshold 11 (max threshold 15)
[8144.502s][info ][gc,heap        ] GC(268) PSYoungGen: 1918954K(1918976K)->114683K(1903616K) Eden: 1788928K(1788928K)->0K(1788928K) From: 130026K(130048K)->114683K(114688K)
[8144.502s][info ][gc,heap        ] GC(268) ParOldGen: 547605K(593920K)->547934K(593920K)
[8144.502s][info ][gc,metaspace   ] GC(268) Metaspace: 101652K(102784K)->101652K(102784K) NonClass: 87050K(87680K)->87050K(87680K) Class: 14602K(15104K)->14602K(15104K)
[8144.502s][info ][gc             ] GC(268) Pause Young (Allocation Failure) 2408M->647M(2439M) 37.527ms
[8144.502s][info ][gc,cpu         ] GC(268) User=0.13s Sys=0.00s Real=0.04s
[8144.502s][info ][safepoint      ] Safepoint "ParallelGCFailedAllocation", Time since last: 622795436 ns, Reaching safepoint: 86603 ns, Cleanup: 4500 ns, At safepoint: 37622961 ns, Total: 37714064 ns
[8148.503s][info ][safepoint      ] Safepoint "Cleanup", Time since last: 4000356552 ns, Reaching safepoint: 8800 ns, Cleanup: 11400 ns, At safepoint: 2300 ns, Total: 22500 ns
[8149.503s][info ][safepoint      ] Safepoint "Cleanup", Time since last: 1000114359 ns, Reaching safepoint: 7900 ns, Cleanup: 7300 ns, At safepoint: 2600 ns, Total: 17800 ns
[8150.503s][info ][safepoint      ] Safepoint "Cleanup", Time since last: 1000114651 ns, Reaching safepoint: 7300 ns, Cleanup: 20201 ns, At safepoint: 2500 ns, Total: 30001 ns
[8153.503s][info ][safepoint      ] Safepoint "Cleanup", Time since last: 3000252949 ns, Reaching safepoint: 8200 ns, Cleanup: 14200 ns, At safepoint: 3000 ns, Total: 25400 ns
[8156.504s][info ][safepoint      ] Safepoint "Cleanup", Time since last: 3000267672 ns, Reaching safepoint: 84804 ns, Cleanup: 10200 ns, At safepoint: 8000 ns, Total: 103004 ns
[8159.504s][info ][safepoint      ] Safepoint "Cleanup", Time since last: 3000301049 ns, Reaching safepoint: 8100 ns, Cleanup: 11001 ns, At safepoint: 5800 ns, Total: 24901 ns
[8162.411s][info ][safepoint      ] Safepoint "Cleanup", Time since last: 2907244994 ns, Reaching safepoint: 3601 ns, Cleanup: 10800 ns, At safepoint: 5000 ns, Total: 19401 ns
[8166.412s][info ][safepoint      ] Safepoint "Cleanup", Time since last: 4000384154 ns, Reaching safepoint: 10900 ns, Cleanup: 15401 ns, At safepoint: 7200 ns, Total: 33501 ns
[8167.412s][info ][safepoint      ] Safepoint "Cleanup", Time since last: 1000122512 ns, Reaching safepoint: 7900 ns, Cleanup: 17301 ns, At safepoint: 2400 ns, Total: 27601 ns
[8168.412s][info ][safepoint      ] Safepoint "Cleanup", Time since last: 1000122211 ns, Reaching safepoint: 9901 ns, Cleanup: 12600 ns, At safepoint: 2400 ns, Total: 24901 ns
[8170.412s][info ][safepoint      ] Safepoint "Cleanup", Time since last: 2000185021 ns, Reaching safepoint: 8001 ns, Cleanup: 7500 ns, At safepoint: 2100 ns, Total: 17601 ns
[8171.412s][info ][safepoint      ] Safepoint "Cleanup", Time since last: 1000115912 ns, Reaching safepoint: 10100 ns, Cleanup: 11000 ns, At safepoint: 8001 ns, Total: 29101 ns
[8172.412s][info ][safepoint      ] Safepoint "Cleanup", Time since last: 1000120411 ns, Reaching safepoint: 10201 ns, Cleanup: 12500 ns, At safepoint: 2900 ns, Total: 25601 ns
[8173.413s][info ][safepoint      ] Safepoint "Cleanup", Time since last: 1000149692 ns, Reaching safepoint: 10400 ns, Cleanup: 14701 ns, At safepoint: 3100 ns, Total: 28201 ns
[8173.589s][info ][gc,start       ] GC(269) Pause Young (Allocation Failure)
[8173.625s][debug][gc,phases      ] GC(269) Scavenge 36.028ms
[8173.625s][debug][gc,ref         ] GC(269) ReferenceProcessor::execute queues: 1, RefProcThreadModel::Single, marks_oops_alive: false
[8173.625s][debug][gc,ref         ] GC(269) Skipped KeepAliveFinalRefsPhase of Reference Processing: no references
[8173.625s][debug][gc,ref         ] GC(269) ReferenceProcessor::execute queues: 1, RefProcThreadModel::Single, marks_oops_alive: false
[8173.625s][debug][gc,phases      ] GC(269) Reference Processing 0.146ms
[8173.625s][debug][gc,phases      ] GC(269)   VM Weak                        Min:  0.0, Avg:  0.0, Max:  0.0, Diff:  0.0, Sum:  0.0, Workers: 4
[8173.626s][debug][gc,phases      ] GC(269)     Dead                           Min: 0, Avg:  0.0, Max: 0, Diff: 0, Sum: 0, Workers: 4
[8173.626s][debug][gc,phases      ] GC(269)     Total                          Min: 126, Avg: 230.5, Max: 320, Diff: 194, Sum: 922, Workers: 4
[8173.626s][debug][gc,phases      ] GC(269)   ObjectSynchronizer Weak        Min:  0.0, Avg:  0.0, Max:  0.0, Diff:  0.0, Sum:  0.0, Workers: 4
[8173.626s][debug][gc,phases      ] GC(269)     Dead                           Min: 0, Avg:  0.0, Max: 0, Diff: 0, Sum: 0, Workers: 4
[8173.626s][debug][gc,phases      ] GC(269)     Total                          Min: 0, Avg:  0.8, Max: 3, Diff: 3, Sum: 3, Workers: 4
[8173.626s][debug][gc,phases      ] GC(269)   JVMTI Tag Weak OopStorage      Min:  0.0, Avg:  0.0, Max:  0.0, Diff:  0.0, Sum:  0.0, Workers: 4
[8173.626s][debug][gc,phases      ] GC(269)     Dead                           Min: 0, Avg:  0.0, Max: 0, Diff: 0, Sum: 0, Workers: 4
[8173.626s][debug][gc,phases      ] GC(269)     Total                          Min: 0, Avg:  0.0, Max: 0, Diff: 0, Sum: 0, Workers: 4
[8173.626s][debug][gc,phases      ] GC(269)   StringTable Weak               Min:  0.1, Avg:  0.1, Max:  0.1, Diff:  0.0, Sum:  0.5, Workers: 4
[8173.626s][debug][gc,phases      ] GC(269)     Dead                           Min: 0, Avg:  0.5, Max: 2, Diff: 2, Sum: 2, Workers: 4
[8173.626s][debug][gc,phases      ] GC(269)     Total                          Min: 11200, Avg: 12566.0, Max: 13850, Diff: 2650, Sum: 50264, Workers: 4
[8173.626s][debug][gc,phases      ] GC(269)   ResolvedMethodTable Weak       Min:  0.0, Avg:  0.0, Max:  0.0, Diff:  0.0, Sum:  0.2, Workers: 4
[8173.626s][debug][gc,phases      ] GC(269)     Dead                           Min: 0, Avg:  1.0, Max: 2, Diff: 2, Sum: 4, Workers: 4
[8173.626s][debug][gc,phases      ] GC(269)     Total                          Min: 2816, Avg: 3713.0, Max: 4223, Diff: 1407, Sum: 14852, Workers: 4
[8173.626s][debug][gc,phases      ] GC(269)   JNI Weak                       Min:  0.0, Avg:  0.0, Max:  0.0, Diff:  0.0, Sum:  0.0, Workers: 4
[8173.626s][debug][gc,phases      ] GC(269)     Dead                           Min: 0, Avg:  0.0, Max: 0, Diff: 0, Sum: 0, Workers: 4
[8173.626s][debug][gc,phases      ] GC(269)     Total                          Min: 0, Avg: 12.0, Max: 48, Diff: 48, Sum: 48, Workers: 4
[8173.626s][debug][gc,phases      ] GC(269)   StringDedup Table Weak         Min:  0.0, Avg:  0.0, Max:  0.0, Diff:  0.0, Sum:  0.0, Workers: 4
[8173.626s][debug][gc,phases      ] GC(269)     Dead                           Min: 0, Avg:  0.0, Max: 0, Diff: 0, Sum: 0, Workers: 4
[8173.626s][debug][gc,phases      ] GC(269)     Total                          Min: 0, Avg:  0.0, Max: 0, Diff: 0, Sum: 0, Workers: 4
[8173.626s][debug][gc,phases      ] GC(269)   StringDedup Requests0 Weak     Min:  0.0, Avg:  0.0, Max:  0.0, Diff:  0.0, Sum:  0.0, Workers: 4
[8173.626s][debug][gc,phases      ] GC(269)     Dead                           Min: 0, Avg:  0.0, Max: 0, Diff: 0, Sum: 0, Workers: 4
[8173.626s][debug][gc,phases      ] GC(269)     Total                          Min: 0, Avg:  0.0, Max: 0, Diff: 0, Sum: 0, Workers: 4
[8173.626s][debug][gc,phases      ] GC(269)   StringDedup Requests1 Weak     Min:  0.0, Avg:  0.0, Max:  0.0, Diff:  0.0, Sum:  0.0, Workers: 4
[8173.626s][debug][gc,phases      ] GC(269)     Dead                           Min: 0, Avg:  0.0, Max: 0, Diff: 0, Sum: 0, Workers: 4
[8173.626s][debug][gc,phases      ] GC(269)     Total                          Min: 0, Avg:  0.0, Max: 0, Diff: 0, Sum: 0, Workers: 4
[8173.626s][debug][gc,phases      ] GC(269)   Weak JFR Old Object Samples    Min:  0.0, Avg:  0.0, Max:  0.0, Diff:  0.0, Sum:  0.0, Workers: 4
[8173.626s][debug][gc,phases      ] GC(269)     Dead                           Min: 0, Avg:  0.0, Max: 0, Diff: 0, Sum: 0, Workers: 4
[8173.626s][debug][gc,phases      ] GC(269)     Total                          Min: 0, Avg:  0.0, Max: 0, Diff: 0, Sum: 0, Workers: 4
[8173.626s][debug][gc,phases      ] GC(269) Weak Processing 0.410ms
[8173.626s][debug][gc,age         ] GC(269) Desired survivor size 167247872 bytes, new threshold 10 (max threshold 15)
[8173.626s][info ][gc,heap        ] GC(269) PSYoungGen: 1903611K(1903616K)->111532K(1930752K) Eden: 1788928K(1788928K)->0K(1770496K) From: 114683K(114688K)->111532K(160256K)
[8173.626s][info ][gc,heap        ] GC(269) ParOldGen: 547934K(593920K)->556834K(593920K)
[8173.626s][info ][gc,metaspace   ] GC(269) Metaspace: 101700K(102848K)->101700K(102848K) NonClass: 87091K(87744K)->87091K(87744K) Class: 14609K(15104K)->14609K(15104K)
[8173.626s][info ][gc             ] GC(269) Pause Young (Allocation Failure) 2394M->652M(2465M) 36.747ms
[8173.626s][info ][gc,cpu         ] GC(269) User=0.13s Sys=0.00s Real=0.03s
[8173.626s][info ][safepoint      ] Safepoint "ParallelGCFailedAllocation", Time since last: 176192251 ns, Reaching safepoint: 85003 ns, Cleanup: 3700 ns, At safepoint: 36835744 ns, Total: 36924447 ns
[8176.626s][info ][safepoint      ] Safepoint "Cleanup", Time since last: 3000231735 ns, Reaching safepoint: 8401 ns, Cleanup: 10000 ns, At safepoint: 2700 ns, Total: 21101 ns
[8178.626s][info ][safepoint      ] Safepoint "Cleanup", Time since last: 2000180258 ns, Reaching safepoint: 8200 ns, Cleanup: 11201 ns, At safepoint: 2700 ns, Total: 22101 ns
[8182.627s][info ][safepoint      ] Safepoint "Cleanup", Time since last: 4000319388 ns, Reaching safepoint: 7300 ns, Cleanup: 10201 ns, At safepoint: 2900 ns, Total: 20401 ns
[8183.627s][info ][safepoint      ] Safepoint "Cleanup", Time since last: 1000088706 ns, Reaching safepoint: 7801 ns, Cleanup: 17800 ns, At safepoint: 2700 ns, Total: 28301 ns
[8184.627s][info ][safepoint      ] Safepoint "Cleanup", Time since last: 1000122708 ns, Reaching safepoint: 10001 ns, Cleanup: 9500 ns, At safepoint: 2700 ns, Total: 22201 ns
[8185.627s][info ][safepoint      ] Safepoint "Cleanup", Time since last: 1000137909 ns, Reaching safepoint: 7600 ns, Cleanup: 28401 ns, At safepoint: 2700 ns, Total: 38701 ns
[8186.627s][info ][safepoint      ] Safepoint "Cleanup", Time since last: 1000116808 ns, Reaching safepoint: 8200 ns, Cleanup: 11800 ns, At safepoint: 2500 ns, Total: 22500 ns
[8187.627s][info ][safepoint      ] Safepoint "Cleanup", Time since last: 1000117908 ns, Reaching safepoint: 7400 ns, Cleanup: 12701 ns, At safepoint: 2400 ns, Total: 22501 ns
[8188.627s][info ][safepoint      ] Safepoint "Cleanup", Time since last: 1000128408 ns, Reaching safepoint: 8000 ns, Cleanup: 12101 ns, At safepoint: 2300 ns, Total: 22401 ns
[8189.628s][info ][safepoint      ] Safepoint "Cleanup", Time since last: 1000132753 ns, Reaching safepoint: 7400 ns, Cleanup: 14000 ns, At safepoint: 2400 ns, Total: 23800 ns
[8191.628s][info ][safepoint      ] Safepoint "Cleanup", Time since last: 2000170243 ns, Reaching safepoint: 7801 ns, Cleanup: 10400 ns, At safepoint: 2600 ns, Total: 20801 ns
[8192.628s][info ][safepoint      ] Safepoint "Cleanup", Time since last: 1000109672 ns, Reaching safepoint: 7501 ns, Cleanup: 10600 ns, At safepoint: 2400 ns, Total: 20501 ns
[8193.628s][info ][safepoint      ] Safepoint "Cleanup", Time since last: 1000106172 ns, Reaching safepoint: 7600 ns, Cleanup: 59402 ns, At safepoint: 2400 ns, Total: 69402 ns
[8194.628s][info ][safepoint      ] Safepoint "Cleanup", Time since last: 1000210953 ns, Reaching safepoint: 10000 ns, Cleanup: 50202 ns, At safepoint: 3200 ns, Total: 63402 ns
[8195.629s][info ][safepoint      ] Safepoint "Cleanup", Time since last: 1000108016 ns, Reaching safepoint: 11200 ns, Cleanup: 43202 ns, At safepoint: 3100 ns, Total: 57502 ns
[8196.629s][info ][safepoint      ] Safepoint "Cleanup", Time since last: 1000121616 ns, Reaching safepoint: 8601 ns, Cleanup: 13300 ns, At safepoint: 2400 ns, Total: 24301 ns
[8197.629s][info ][safepoint      ] Safepoint "Cleanup", Time since last: 1000113194 ns, Reaching safepoint: 8200 ns, Cleanup: 18101 ns, At safepoint: 2300 ns, Total: 28601 ns
[8199.629s][info ][safepoint      ] Safepoint "Cleanup", Time since last: 2000182919 ns, Reaching safepoint: 7600 ns, Cleanup: 10900 ns, At safepoint: 2600 ns, Total: 21100 ns
[8201.629s][info ][safepoint      ] Safepoint "Cleanup", Time since last: 2000170618 ns, Reaching safepoint: 7301 ns, Cleanup: 10500 ns, At safepoint: 2600 ns, Total: 20401 ns
[8201.931s][info ][gc,start       ] GC(270) Pause Young (Allocation Failure)
[8201.967s][debug][gc,phases      ] GC(270) Scavenge 36.806ms
[8201.968s][debug][gc,ref         ] GC(270) ReferenceProcessor::execute queues: 1, RefProcThreadModel::Single, marks_oops_alive: false
[8201.968s][debug][gc,ref         ] GC(270) Skipped KeepAliveFinalRefsPhase of Reference Processing: no references
[8201.968s][debug][gc,ref         ] GC(270) ReferenceProcessor::execute queues: 1, RefProcThreadModel::Single, marks_oops_alive: false
[8201.968s][debug][gc,phases      ] GC(270) Reference Processing 0.144ms
[8201.968s][debug][gc,phases      ] GC(270)   VM Weak                        Min:  0.0, Avg:  0.0, Max:  0.0, Diff:  0.0, Sum:  0.0, Workers: 4
[8201.968s][debug][gc,phases      ] GC(270)     Dead                           Min: 0, Avg:  0.0, Max: 0, Diff: 0, Sum: 0, Workers: 4
[8201.968s][debug][gc,phases      ] GC(270)     Total                          Min: 0, Avg: 231.5, Max: 710, Diff: 710, Sum: 926, Workers: 4
[8201.968s][debug][gc,phases      ] GC(270)   ObjectSynchronizer Weak        Min:  0.0, Avg:  0.0, Max:  0.0, Diff:  0.0, Sum:  0.0, Workers: 4
[8201.968s][debug][gc,phases      ] GC(270)     Dead                           Min: 0, Avg:  0.0, Max: 0, Diff: 0, Sum: 0, Workers: 4
[8201.968s][debug][gc,phases      ] GC(270)     Total                          Min: 0, Avg:  1.0, Max: 4, Diff: 4, Sum: 4, Workers: 4
[8201.968s][debug][gc,phases      ] GC(270)   JVMTI Tag Weak OopStorage      Min:  0.0, Avg:  0.0, Max:  0.0, Diff:  0.0, Sum:  0.0, Workers: 4
[8201.968s][debug][gc,phases      ] GC(270)     Dead                           Min: 0, Avg:  0.0, Max: 0, Diff: 0, Sum: 0, Workers: 4
[8201.968s][debug][gc,phases      ] GC(270)     Total                          Min: 0, Avg:  0.0, Max: 0, Diff: 0, Sum: 0, Workers: 4
[8201.968s][debug][gc,phases      ] GC(270)   StringTable Weak               Min:  0.0, Avg:  0.1, Max:  0.2, Diff:  0.2, Sum:  0.5, Workers: 4
[8201.968s][debug][gc,phases      ] GC(270)     Dead                           Min: 0, Avg:  0.2, Max: 1, Diff: 1, Sum: 1, Workers: 4
[8201.968s][debug][gc,phases      ] GC(270)     Total                          Min: 0, Avg: 12568.8, Max: 17088, Diff: 17088, Sum: 50275, Workers: 4
[8201.968s][debug][gc,phases      ] GC(270)   ResolvedMethodTable Weak       Min:  0.0, Avg:  0.0, Max:  0.0, Diff:  0.0, Sum:  0.1, Workers: 4
[8201.968s][debug][gc,phases      ] GC(270)     Dead                           Min: 0, Avg:  0.5, Max: 2, Diff: 2, Sum: 2, Workers: 4
[8201.968s][debug][gc,phases      ] GC(270)     Total                          Min: 0, Avg: 3717.8, Max: 5337, Diff: 5337, Sum: 14871, Workers: 4
[8201.968s][debug][gc,phases      ] GC(270)   JNI Weak                       Min:  0.0, Avg:  0.0, Max:  0.0, Diff:  0.0, Sum:  0.0, Workers: 4
[8201.968s][debug][gc,phases      ] GC(270)     Dead                           Min: 0, Avg:  0.0, Max: 0, Diff: 0, Sum: 0, Workers: 4
[8201.968s][debug][gc,phases      ] GC(270)     Total                          Min: 0, Avg: 12.0, Max: 48, Diff: 48, Sum: 48, Workers: 4
[8201.968s][debug][gc,phases      ] GC(270)   StringDedup Table Weak         Min:  0.0, Avg:  0.0, Max:  0.0, Diff:  0.0, Sum:  0.0, Workers: 4
[8201.968s][debug][gc,phases      ] GC(270)     Dead                           Min: 0, Avg:  0.0, Max: 0, Diff: 0, Sum: 0, Workers: 4
[8201.968s][debug][gc,phases      ] GC(270)     Total                          Min: 0, Avg:  0.0, Max: 0, Diff: 0, Sum: 0, Workers: 4
[8201.968s][debug][gc,phases      ] GC(270)   StringDedup Requests0 Weak     Min:  0.0, Avg:  0.0, Max:  0.0, Diff:  0.0, Sum:  0.0, Workers: 4
[8201.968s][debug][gc,phases      ] GC(270)     Dead                           Min: 0, Avg:  0.0, Max: 0, Diff: 0, Sum: 0, Workers: 4
[8201.968s][debug][gc,phases      ] GC(270)     Total                          Min: 0, Avg:  0.0, Max: 0, Diff: 0, Sum: 0, Workers: 4
[8201.968s][debug][gc,phases      ] GC(270)   StringDedup Requests1 Weak     Min:  0.0, Avg:  0.0, Max:  0.0, Diff:  0.0, Sum:  0.0, Workers: 4
[8201.968s][debug][gc,phases      ] GC(270)     Dead                           Min: 0, Avg:  0.0, Max: 0, Diff: 0, Sum: 0, Workers: 4
[8201.968s][debug][gc,phases      ] GC(270)     Total                          Min: 0, Avg:  0.0, Max: 0, Diff: 0, Sum: 0, Workers: 4
[8201.968s][debug][gc,phases      ] GC(270)   Weak JFR Old Object Samples    Min:  0.0, Avg:  0.0, Max:  0.0, Diff:  0.0, Sum:  0.0, Workers: 4
[8201.968s][debug][gc,phases      ] GC(270)     Dead                           Min: 0, Avg:  0.0, Max: 0, Diff: 0, Sum: 0, Workers: 4
[8201.968s][debug][gc,phases      ] GC(270)     Total                          Min: 0, Avg:  0.0, Max: 0, Diff: 0, Sum: 0, Workers: 4
[8201.968s][debug][gc,phases      ] GC(270) Weak Processing 0.460ms
[8201.968s][debug][gc,age         ] GC(270) Desired survivor size 168296448 bytes, new threshold 9 (max threshold 15)
[8201.968s][info ][gc,heap        ] GC(270) PSYoungGen: 1882028K(1930752K)->108668K(1879552K) Eden: 1770496K(1770496K)->0K(1770496K) From: 111532K(160256K)->108668K(109056K)
[8201.968s][info ][gc,heap        ] GC(270) ParOldGen: 556834K(593920K)->562306K(593920K)
[8201.968s][info ][gc,metaspace   ] GC(270) Metaspace: 101765K(102976K)->101765K(102976K) NonClass: 87148K(87872K)->87148K(87872K) Class: 14616K(15104K)->14616K(15104K)
[8201.968s][info ][gc             ] GC(270) Pause Young (Allocation Failure) 2381M->655M(2415M) 37.567ms
[8201.968s][info ][gc,cpu         ] GC(270) User=0.13s Sys=0.00s Real=0.04s
[8201.968s][info ][safepoint      ] Safepoint "ParallelGCFailedAllocation", Time since last: 301228957 ns, Reaching safepoint: 82003 ns, Cleanup: 4300 ns, At safepoint: 37657982 ns, Total: 37744285 ns
[8202.968s][info ][safepoint      ] Safepoint "Cleanup", Time since last: 1000100410 ns, Reaching safepoint: 8400 ns, Cleanup: 38202 ns, At safepoint: 2300 ns, Total: 48902 ns
[8203.968s][info ][safepoint      ] Safepoint "Cleanup", Time since last: 1000094609 ns, Reaching safepoint: 8800 ns, Cleanup: 18901 ns, At safepoint: 2100 ns, Total: 29801 ns
[8204.969s][info ][safepoint      ] Safepoint "Cleanup", Time since last: 1000113110 ns, Reaching safepoint: 9101 ns, Cleanup: 22800 ns, At safepoint: 2800 ns, Total: 34701 ns
[8205.969s][info ][safepoint      ] Safepoint "Cleanup", Time since last: 1000111440 ns, Reaching safepoint: 8100 ns, Cleanup: 25201 ns, At safepoint: 2500 ns, Total: 35801 ns
[8206.969s][info ][safepoint      ] Safepoint "Cleanup", Time since last: 1000122922 ns, Reaching safepoint: 86703 ns, Cleanup: 15001 ns, At safepoint: 7100 ns, Total: 108804 ns
[8207.969s][info ][safepoint      ] Safepoint "Cleanup", Time since last: 1000115722 ns, Reaching safepoint: 7900 ns, Cleanup: 9900 ns, At safepoint: 2300 ns, Total: 20100 ns
[8208.969s][info ][safepoint      ] Safepoint "Cleanup", Time since last: 1000119222 ns, Reaching safepoint: 81403 ns, Cleanup: 20301 ns, At safepoint: 6900 ns, Total: 108604 ns
[8209.970s][info ][safepoint      ] Safepoint "Cleanup", Time since last: 1000118422 ns, Reaching safepoint: 10600 ns, Cleanup: 13601 ns, At safepoint: 2400 ns, Total: 26601 ns
[8211.970s][info ][safepoint      ] Safepoint "Cleanup", Time since last: 2000180241 ns, Reaching safepoint: 8501 ns, Cleanup: 12300 ns, At safepoint: 2100 ns, Total: 22901 ns
[8213.970s][info ][safepoint      ] Safepoint "Cleanup", Time since last: 2000138192 ns, Reaching safepoint: 7700 ns, Cleanup: 17300 ns, At safepoint: 3001 ns, Total: 28001 ns
[8214.970s][info ][safepoint      ] Safepoint "Cleanup", Time since last: 1000093487 ns, Reaching safepoint: 8401 ns, Cleanup: 16600 ns, At safepoint: 2700 ns, Total: 27701 ns
[8215.970s][info ][safepoint      ] Safepoint "Cleanup", Time since last: 1000121589 ns, Reaching safepoint: 7900 ns, Cleanup: 14201 ns, At safepoint: 3100 ns, Total: 25201 ns
[8216.970s][info ][safepoint      ] Safepoint "Cleanup", Time since last: 1000131789 ns, Reaching safepoint: 7700 ns, Cleanup: 11000 ns, At safepoint: 2500 ns, Total: 21200 ns
[8217.970s][info ][safepoint      ] Safepoint "Cleanup", Time since last: 1000113389 ns, Reaching safepoint: 9100 ns, Cleanup: 13000 ns, At safepoint: 2601 ns, Total: 24701 ns
[8220.971s][info ][safepoint      ] Safepoint "Cleanup", Time since last: 3000218847 ns, Reaching safepoint: 8201 ns, Cleanup: 10000 ns, At safepoint: 2500 ns, Total: 20701 ns
[8221.971s][info ][safepoint      ] Safepoint "Cleanup", Time since last: 1000125712 ns, Reaching safepoint: 8600 ns, Cleanup: 42902 ns, At safepoint: 2500 ns, Total: 54002 ns
[8223.427s][info ][safepoint      ] Safepoint "Cleanup", Time since last: 1456509491 ns, Reaching safepoint: 7900 ns, Cleanup: 38201 ns, At safepoint: 6700 ns, Total: 52801 ns
[8225.428s][info ][safepoint      ] Safepoint "Cleanup", Time since last: 2000186898 ns, Reaching safepoint: 8200 ns, Cleanup: 13401 ns, At safepoint: 3000 ns, Total: 24601 ns
[8226.428s][info ][safepoint      ] Safepoint "Cleanup", Time since last: 1000123900 ns, Reaching safepoint: 8300 ns, Cleanup: 10300 ns, At safepoint: 2700 ns, Total: 21300 ns
[8227.428s][info ][safepoint      ] Safepoint "Cleanup", Time since last: 1000113500 ns, Reaching safepoint: 8300 ns, Cleanup: 16801 ns, At safepoint: 2800 ns, Total: 27901 ns
[8228.428s][info ][safepoint      ] Safepoint "Cleanup", Time since last: 1000114599 ns, Reaching safepoint: 7301 ns, Cleanup: 18500 ns, At safepoint: 2200 ns, Total: 28001 ns
[8228.547s][info ][gc,start       ] GC(271) Pause Young (Allocation Failure)
[8228.580s][debug][gc,phases      ] GC(271) Scavenge 33.680ms
[8228.580s][debug][gc,ref         ] GC(271) ReferenceProcessor::execute queues: 1, RefProcThreadModel::Single, marks_oops_alive: false
[8228.580s][debug][gc,ref         ] GC(271) Skipped KeepAliveFinalRefsPhase of Reference Processing: no references
[8228.581s][debug][gc,ref         ] GC(271) ReferenceProcessor::execute queues: 1, RefProcThreadModel::Single, marks_oops_alive: false
[8228.581s][debug][gc,phases      ] GC(271) Reference Processing 0.164ms
[8228.581s][debug][gc,phases      ] GC(271)   VM Weak                        Min:  0.0, Avg:  0.0, Max:  0.0, Diff:  0.0, Sum:  0.0, Workers: 4
[8228.581s][debug][gc,phases      ] GC(271)     Dead                           Min: 0, Avg:  0.0, Max: 0, Diff: 0, Sum: 0, Workers: 4
[8228.581s][debug][gc,phases      ] GC(271)     Total                          Min: 0, Avg: 231.5, Max: 373, Diff: 373, Sum: 926, Workers: 4
[8228.581s][debug][gc,phases      ] GC(271)   ObjectSynchronizer Weak        Min:  0.0, Avg:  0.0, Max:  0.0, Diff:  0.0, Sum:  0.0, Workers: 4
[8228.581s][debug][gc,phases      ] GC(271)     Dead                           Min: 0, Avg:  0.0, Max: 0, Diff: 0, Sum: 0, Workers: 4
[8228.581s][debug][gc,phases      ] GC(271)     Total                          Min: 0, Avg:  0.8, Max: 3, Diff: 3, Sum: 3, Workers: 4
[8228.581s][debug][gc,phases      ] GC(271)   JVMTI Tag Weak OopStorage      Min:  0.0, Avg:  0.0, Max:  0.0, Diff:  0.0, Sum:  0.0, Workers: 4
[8228.581s][debug][gc,phases      ] GC(271)     Dead                           Min: 0, Avg:  0.0, Max: 0, Diff: 0, Sum: 0, Workers: 4
[8228.581s][debug][gc,phases      ] GC(271)     Total                          Min: 0, Avg:  0.0, Max: 0, Diff: 0, Sum: 0, Workers: 4
[8228.581s][debug][gc,phases      ] GC(271)   StringTable Weak               Min:  0.0, Avg:  0.1, Max:  0.2, Diff:  0.2, Sum:  0.5, Workers: 4
[8228.581s][debug][gc,phases      ] GC(271)     Dead                           Min: 0, Avg:  0.5, Max: 2, Diff: 2, Sum: 2, Workers: 4
[8228.581s][debug][gc,phases      ] GC(271)     Total                          Min: 0, Avg: 12574.2, Max: 18687, Diff: 18687, Sum: 50297, Workers: 4
[8228.581s][debug][gc,phases      ] GC(271)   ResolvedMethodTable Weak       Min:  0.0, Avg:  0.0, Max:  0.0, Diff:  0.0, Sum:  0.1, Workers: 4
[8228.581s][debug][gc,phases      ] GC(271)     Dead                           Min: 0, Avg:  2.0, Max: 8, Diff: 8, Sum: 8, Workers: 4
[8228.581s][debug][gc,phases      ] GC(271)     Total                          Min: 0, Avg: 3725.2, Max: 5501, Diff: 5501, Sum: 14901, Workers: 4
[8228.581s][debug][gc,phases      ] GC(271)   JNI Weak                       Min:  0.0, Avg:  0.0, Max:  0.0, Diff:  0.0, Sum:  0.0, Workers: 4
[8228.581s][debug][gc,phases      ] GC(271)     Dead                           Min: 0, Avg:  0.0, Max: 0, Diff: 0, Sum: 0, Workers: 4
[8228.581s][debug][gc,phases      ] GC(271)     Total                          Min: 0, Avg: 12.0, Max: 48, Diff: 48, Sum: 48, Workers: 4
[8228.581s][debug][gc,phases      ] GC(271)   StringDedup Table Weak         Min:  0.0, Avg:  0.0, Max:  0.0, Diff:  0.0, Sum:  0.0, Workers: 4
[8228.581s][debug][gc,phases      ] GC(271)     Dead                           Min: 0, Avg:  0.0, Max: 0, Diff: 0, Sum: 0, Workers: 4
[8228.581s][debug][gc,phases      ] GC(271)     Total                          Min: 0, Avg:  0.0, Max: 0, Diff: 0, Sum: 0, Workers: 4
[8228.581s][debug][gc,phases      ] GC(271)   StringDedup Requests0 Weak     Min:  0.0, Avg:  0.0, Max:  0.0, Diff:  0.0, Sum:  0.0, Workers: 4
[8228.581s][debug][gc,phases      ] GC(271)     Dead                           Min: 0, Avg:  0.0, Max: 0, Diff: 0, Sum: 0, Workers: 4
[8228.581s][debug][gc,phases      ] GC(271)     Total                          Min: 0, Avg:  0.0, Max: 0, Diff: 0, Sum: 0, Workers: 4
[8228.581s][debug][gc,phases      ] GC(271)   StringDedup Requests1 Weak     Min:  0.0, Avg:  0.0, Max:  0.0, Diff:  0.0, Sum:  0.0, Workers: 4
[8228.581s][debug][gc,phases      ] GC(271)     Dead                           Min: 0, Avg:  0.0, Max: 0, Diff: 0, Sum: 0, Workers: 4
[8228.581s][debug][gc,phases      ] GC(271)     Total                          Min: 0, Avg:  0.0, Max: 0, Diff: 0, Sum: 0, Workers: 4
[8228.581s][debug][gc,phases      ] GC(271)   Weak JFR Old Object Samples    Min:  0.0, Avg:  0.0, Max:  0.0, Diff:  0.0, Sum:  0.0, Workers: 4
[8228.581s][debug][gc,phases      ] GC(271)     Dead                           Min: 0, Avg:  0.0, Max: 0, Diff: 0, Sum: 0, Workers: 4
[8228.581s][debug][gc,phases      ] GC(271)     Total                          Min: 0, Avg:  0.0, Max: 0, Diff: 0, Sum: 0, Workers: 4
[8228.581s][debug][gc,phases      ] GC(271) Weak Processing 0.448ms
[8228.581s][debug][gc,age         ] GC(271) Desired survivor size 168296448 bytes, new threshold 8 (max threshold 15)
[8228.581s][info ][gc,heap        ] GC(271) PSYoungGen: 1879164K(1879552K)->107660K(1932800K) Eden: 1770496K(1770496K)->0K(1768448K) From: 108668K(109056K)->107660K(164352K)
[8228.581s][info ][gc,heap        ] GC(271) ParOldGen: 562306K(593920K)->562678K(593920K)
[8228.581s][info ][gc,metaspace   ] GC(271) Metaspace: 101823K(102976K)->101823K(102976K) NonClass: 87195K(87872K)->87195K(87872K) Class: 14628K(15104K)->14628K(15104K)
[8228.581s][info ][gc             ] GC(271) Pause Young (Allocation Failure) 2384M->654M(2467M) 34.454ms
[8228.581s][info ][gc,cpu         ] GC(271) User=0.12s Sys=0.00s Real=0.04s
[8228.581s][info ][safepoint      ] Safepoint "ParallelGCFailedAllocation", Time since last: 118373726 ns, Reaching safepoint: 82903 ns, Cleanup: 21200 ns, At safepoint: 34546634 ns, Total: 34650737 ns
[8229.581s][info ][safepoint      ] Safepoint "Cleanup", Time since last: 1000090945 ns, Reaching safepoint: 8600 ns, Cleanup: 22801 ns, At safepoint: 2200 ns, Total: 33601 ns
[8230.581s][info ][safepoint      ] Safepoint "Cleanup", Time since last: 1000118833 ns, Reaching safepoint: 10301 ns, Cleanup: 17500 ns, At safepoint: 2700 ns, Total: 30501 ns
[8231.582s][info ][safepoint      ] Safepoint "Cleanup", Time since last: 1000121934 ns, Reaching safepoint: 7900 ns, Cleanup: 26001 ns, At safepoint: 2900 ns, Total: 36801 ns
[8233.582s][info ][safepoint      ] Safepoint "Cleanup", Time since last: 2000175064 ns, Reaching safepoint: 8501 ns, Cleanup: 10000 ns, At safepoint: 2300 ns, Total: 20801 ns
[8234.582s][info ][safepoint      ] Safepoint "Cleanup", Time since last: 1000128533 ns, Reaching safepoint: 9001 ns, Cleanup: 11200 ns, At safepoint: 2400 ns, Total: 22601 ns
[8235.582s][info ][safepoint      ] Safepoint "Cleanup", Time since last: 1000114302 ns, Reaching safepoint: 8601 ns, Cleanup: 10000 ns, At safepoint: 2400 ns, Total: 21001 ns
[8236.582s][info ][safepoint      ] Safepoint "Cleanup", Time since last: 1000117920 ns, Reaching safepoint: 7900 ns, Cleanup: 10001 ns, At safepoint: 2200 ns, Total: 20101 ns
[8238.582s][info ][safepoint      ] Safepoint "Cleanup", Time since last: 2000213916 ns, Reaching safepoint: 82703 ns, Cleanup: 14301 ns, At safepoint: 6100 ns, Total: 103104 ns
[8239.583s][info ][safepoint      ] Safepoint "Cleanup", Time since last: 1000114627 ns, Reaching safepoint: 81203 ns, Cleanup: 14000 ns, At safepoint: 7401 ns, Total: 102604 ns
[8240.583s][info ][safepoint      ] Safepoint "Cleanup", Time since last: 1000119427 ns, Reaching safepoint: 82903 ns, Cleanup: 11100 ns, At safepoint: 6200 ns, Total: 100203 ns
[8241.583s][info ][safepoint      ] Safepoint "Cleanup", Time since last: 1000121728 ns, Reaching safepoint: 80302 ns, Cleanup: 22901 ns, At safepoint: 8800 ns, Total: 112003 ns
[8242.583s][info ][safepoint      ] Safepoint "Cleanup", Time since last: 1000131728 ns, Reaching safepoint: 93103 ns, Cleanup: 10201 ns, At safepoint: 6100 ns, Total: 109404 ns
[8243.584s][info ][safepoint      ] Safepoint "Cleanup", Time since last: 1000122627 ns, Reaching safepoint: 83203 ns, Cleanup: 10601 ns, At safepoint: 6300 ns, Total: 100104 ns
[8246.584s][info ][safepoint      ] Safepoint "Cleanup", Time since last: 3000265086 ns, Reaching safepoint: 23001 ns, Cleanup: 17301 ns, At safepoint: 8900 ns, Total: 49202 ns
[8248.584s][info ][safepoint      ] Safepoint "Cleanup", Time since last: 2000193893 ns, Reaching safepoint: 82103 ns, Cleanup: 15800 ns, At safepoint: 7501 ns, Total: 105404 ns
[8249.584s][info ][safepoint      ] Safepoint "Cleanup", Time since last: 1000131247 ns, Reaching safepoint: 84603 ns, Cleanup: 14400 ns, At safepoint: 7501 ns, Total: 106504 ns
[8250.585s][info ][safepoint      ] Safepoint "Cleanup", Time since last: 1000143648 ns, Reaching safepoint: 84402 ns, Cleanup: 17501 ns, At safepoint: 33601 ns, Total: 135504 ns
[8251.585s][info ][safepoint      ] Safepoint "Cleanup", Time since last: 1000113607 ns, Reaching safepoint: 84803 ns, Cleanup: 10501 ns, At safepoint: 6600 ns, Total: 101904 ns
[8252.585s][info ][safepoint      ] Safepoint "Cleanup", Time since last: 1000109818 ns, Reaching safepoint: 82203 ns, Cleanup: 14800 ns, At safepoint: 6700 ns, Total: 103703 ns
[8253.585s][info ][safepoint      ] Safepoint "Cleanup", Time since last: 1000115044 ns, Reaching safepoint: 83403 ns, Cleanup: 22501 ns, At safepoint: 7000 ns, Total: 112904 ns
[8254.586s][info ][safepoint      ] Safepoint "Cleanup", Time since last: 1000122929 ns, Reaching safepoint: 86003 ns, Cleanup: 17200 ns, At safepoint: 6601 ns, Total: 109804 ns
[8255.586s][info ][safepoint      ] Safepoint "Cleanup", Time since last: 1000127929 ns, Reaching safepoint: 86403 ns, Cleanup: 16300 ns, At safepoint: 7300 ns, Total: 110003 ns
[8256.586s][info ][safepoint      ] Safepoint "Cleanup", Time since last: 1000132830 ns, Reaching safepoint: 86803 ns, Cleanup: 9900 ns, At safepoint: 8200 ns, Total: 104903 ns
[8257.297s][info ][gc,start       ] GC(272) Pause Young (Allocation Failure)
[8257.330s][debug][gc,phases      ] GC(272) Scavenge 32.262ms
[8257.330s][debug][gc,ref         ] GC(272) ReferenceProcessor::execute queues: 1, RefProcThreadModel::Single, marks_oops_alive: false
[8257.330s][debug][gc,ref         ] GC(272) Skipped KeepAliveFinalRefsPhase of Reference Processing: no references
[8257.330s][debug][gc,ref         ] GC(272) ReferenceProcessor::execute queues: 1, RefProcThreadModel::Single, marks_oops_alive: false
[8257.330s][debug][gc,phases      ] GC(272) Reference Processing 0.152ms
[8257.330s][debug][gc,phases      ] GC(272)   VM Weak                        Min:  0.0, Avg:  0.0, Max:  0.0, Diff:  0.0, Sum:  0.0, Workers: 4
[8257.330s][debug][gc,phases      ] GC(272)     Dead                           Min: 0, Avg:  0.0, Max: 0, Diff: 0, Sum: 0, Workers: 4
[8257.330s][debug][gc,phases      ] GC(272)     Total                          Min: 0, Avg: 231.5, Max: 498, Diff: 498, Sum: 926, Workers: 4
[8257.330s][debug][gc,phases      ] GC(272)   ObjectSynchronizer Weak        Min:  0.0, Avg:  0.0, Max:  0.0, Diff:  0.0, Sum:  0.0, Workers: 4
[8257.330s][debug][gc,phases      ] GC(272)     Dead                           Min: 0, Avg:  0.0, Max: 0, Diff: 0, Sum: 0, Workers: 4
[8257.330s][debug][gc,phases      ] GC(272)     Total                          Min: 0, Avg:  1.0, Max: 4, Diff: 4, Sum: 4, Workers: 4
[8257.330s][debug][gc,phases      ] GC(272)   JVMTI Tag Weak OopStorage      Min:  0.0, Avg:  0.0, Max:  0.0, Diff:  0.0, Sum:  0.0, Workers: 4
[8257.330s][debug][gc,phases      ] GC(272)     Dead                           Min: 0, Avg:  0.0, Max: 0, Diff: 0, Sum: 0, Workers: 4
[8257.330s][debug][gc,phases      ] GC(272)     Total                          Min: 0, Avg:  0.0, Max: 0, Diff: 0, Sum: 0, Workers: 4
[8257.330s][debug][gc,phases      ] GC(272)   StringTable Weak               Min:  0.0, Avg:  0.1, Max:  0.2, Diff:  0.2, Sum:  0.5, Workers: 4
[8257.330s][debug][gc,phases      ] GC(272)     Dead                           Min: 0, Avg:  0.2, Max: 1, Diff: 1, Sum: 1, Workers: 4
[8257.330s][debug][gc,phases      ] GC(272)     Total                          Min: 0, Avg: 12578.8, Max: 18560, Diff: 18560, Sum: 50315, Workers: 4
[8257.330s][debug][gc,phases      ] GC(272)   ResolvedMethodTable Weak       Min:  0.0, Avg:  0.0, Max:  0.1, Diff:  0.1, Sum:  0.2, Workers: 4
[8257.330s][debug][gc,phases      ] GC(272)     Dead                           Min: 0, Avg:  5.0, Max: 18, Diff: 18, Sum: 20, Workers: 4
[8257.330s][debug][gc,phases      ] GC(272)     Total                          Min: 0, Avg: 3731.8, Max: 5073, Diff: 5073, Sum: 14927, Workers: 4
[8257.330s][debug][gc,phases      ] GC(272)   JNI Weak                       Min:  0.0, Avg:  0.0, Max:  0.0, Diff:  0.0, Sum:  0.0, Workers: 4
[8257.330s][debug][gc,phases      ] GC(272)     Dead                           Min: 0, Avg:  0.0, Max: 0, Diff: 0, Sum: 0, Workers: 4
[8257.330s][debug][gc,phases      ] GC(272)     Total                          Min: 0, Avg: 12.0, Max: 48, Diff: 48, Sum: 48, Workers: 4
[8257.330s][debug][gc,phases      ] GC(272)   StringDedup Table Weak         Min:  0.0, Avg:  0.0, Max:  0.0, Diff:  0.0, Sum:  0.0, Workers: 4
[8257.330s][debug][gc,phases      ] GC(272)     Dead                           Min: 0, Avg:  0.0, Max: 0, Diff: 0, Sum: 0, Workers: 4
[8257.330s][debug][gc,phases      ] GC(272)     Total                          Min: 0, Avg:  0.0, Max: 0, Diff: 0, Sum: 0, Workers: 4
[8257.330s][debug][gc,phases      ] GC(272)   StringDedup Requests0 Weak     Min:  0.0, Avg:  0.0, Max:  0.0, Diff:  0.0, Sum:  0.0, Workers: 4
[8257.330s][debug][gc,phases      ] GC(272)     Dead                           Min: 0, Avg:  0.0, Max: 0, Diff: 0, Sum: 0, Workers: 4
[8257.330s][debug][gc,phases      ] GC(272)     Total                          Min: 0, Avg:  0.0, Max: 0, Diff: 0, Sum: 0, Workers: 4
[8257.330s][debug][gc,phases      ] GC(272)   StringDedup Requests1 Weak     Min:  0.0, Avg:  0.0, Max:  0.0, Diff:  0.0, Sum:  0.0, Workers: 4
[8257.330s][debug][gc,phases      ] GC(272)     Dead                           Min: 0, Avg:  0.0, Max: 0, Diff: 0, Sum: 0, Workers: 4
[8257.330s][debug][gc,phases      ] GC(272)     Total                          Min: 0, Avg:  0.0, Max: 0, Diff: 0, Sum: 0, Workers: 4
[8257.330s][debug][gc,phases      ] GC(272)   Weak JFR Old Object Samples    Min:  0.0, Avg:  0.0, Max:  0.0, Diff:  0.0, Sum:  0.0, Workers: 4
[8257.330s][debug][gc,phases      ] GC(272)     Dead                           Min: 0, Avg:  0.0, Max: 0, Diff: 0, Sum: 0, Workers: 4
[8257.330s][debug][gc,phases      ] GC(272)     Total                          Min: 0, Avg:  0.0, Max: 0, Diff: 0, Sum: 0, Workers: 4
[8257.330s][debug][gc,phases      ] GC(272) Weak Processing 0.455ms
[8257.330s][debug][gc,age         ] GC(272) Desired survivor size 166723584 bytes, new threshold 7 (max threshold 15)
[8257.330s][info ][gc,heap        ] GC(272) PSYoungGen: 1876108K(1932800K)->104620K(1932800K) Eden: 1768448K(1768448K)->0K(1768448K) From: 107660K(164352K)->104620K(164352K)
[8257.330s][info ][gc,heap        ] GC(272) ParOldGen: 562678K(593920K)->568946K(593920K)
[8257.330s][info ][gc,metaspace   ] GC(272) Metaspace: 101877K(103104K)->101877K(103104K) NonClass: 87237K(87936K)->87237K(87936K) Class: 14639K(15168K)->14639K(15168K)
[8257.330s][info ][gc             ] GC(272) Pause Young (Allocation Failure) 2381M->657M(2467M) 33.009ms
[8257.330s][info ][gc,cpu         ] GC(272) User=0.12s Sys=0.00s Real=0.04s
[8257.331s][info ][safepoint      ] Safepoint "ParallelGCFailedAllocation", Time since last: 711224846 ns, Reaching safepoint: 84503 ns, Cleanup: 4200 ns, At safepoint: 33103487 ns, Total: 33192190 ns
[8259.331s][info ][safepoint      ] Safepoint "Cleanup", Time since last: 2000157355 ns, Reaching safepoint: 8100 ns, Cleanup: 19501 ns, At safepoint: 2800 ns, Total: 30401 ns
[8260.331s][info ][safepoint      ] Safepoint "Cleanup", Time since last: 1000121029 ns, Reaching safepoint: 8500 ns, Cleanup: 13600 ns, At safepoint: 2700 ns, Total: 24800 ns
[8261.331s][info ][safepoint      ] Safepoint "Cleanup", Time since last: 1000106573 ns, Reaching safepoint: 8100 ns, Cleanup: 31302 ns, At safepoint: 2200 ns, Total: 41602 ns
[8262.331s][info ][safepoint      ] Safepoint "Cleanup", Time since last: 1000114536 ns, Reaching safepoint: 7900 ns, Cleanup: 10400 ns, At safepoint: 2500 ns, Total: 20800 ns
[8263.331s][info ][safepoint      ] Safepoint "Cleanup", Time since last: 1000090836 ns, Reaching safepoint: 6900 ns, Cleanup: 27501 ns, At safepoint: 2700 ns, Total: 37101 ns
[8264.331s][info ][safepoint      ] Safepoint "Cleanup", Time since last: 1000116336 ns, Reaching safepoint: 7500 ns, Cleanup: 13201 ns, At safepoint: 2800 ns, Total: 23501 ns
[8266.332s][info ][safepoint      ] Safepoint "Cleanup", Time since last: 2000177170 ns, Reaching safepoint: 7900 ns, Cleanup: 12701 ns, At safepoint: 2500 ns, Total: 23101 ns
[8267.332s][info ][safepoint      ] Safepoint "Cleanup", Time since last: 1000133736 ns, Reaching safepoint: 7701 ns, Cleanup: 15400 ns, At safepoint: 2300 ns, Total: 25401 ns
[8268.332s][info ][safepoint      ] Safepoint "Cleanup", Time since last: 1000118836 ns, Reaching safepoint: 7201 ns, Cleanup: 18900 ns, At safepoint: 2600 ns, Total: 28701 ns
[8269.332s][info ][safepoint      ] Safepoint "Cleanup", Time since last: 1000115413 ns, Reaching safepoint: 6900 ns, Cleanup: 14001 ns, At safepoint: 2500 ns, Total: 23401 ns
[8270.332s][info ][safepoint      ] Safepoint "Cleanup", Time since last: 1000111210 ns, Reaching safepoint: 7701 ns, Cleanup: 11400 ns, At safepoint: 2100 ns, Total: 21201 ns
[8274.334s][info ][safepoint      ] Safepoint "Cleanup", Time since last: 4001814184 ns, Reaching safepoint: 82203 ns, Cleanup: 9900 ns, At safepoint: 6601 ns, Total: 98704 ns
[8276.334s][info ][safepoint      ] Safepoint "Cleanup", Time since last: 2000192592 ns, Reaching safepoint: 83403 ns, Cleanup: 11600 ns, At safepoint: 32401 ns, Total: 127404 ns
[8280.335s][info ][safepoint      ] Safepoint "Cleanup", Time since last: 4000325056 ns, Reaching safepoint: 82703 ns, Cleanup: 9600 ns, At safepoint: 9800 ns, Total: 102103 ns
[8281.335s][info ][safepoint      ] Safepoint "Cleanup", Time since last: 1000129954 ns, Reaching safepoint: 83703 ns, Cleanup: 9400 ns, At safepoint: 6700 ns, Total: 99803 ns
[8284.434s][info ][gc,start       ] GC(273) Pause Young (Allocation Failure)
[8284.475s][debug][gc,phases      ] GC(273) Scavenge 41.400ms
[8284.475s][debug][gc,ref         ] GC(273) ReferenceProcessor::execute queues: 1, RefProcThreadModel::Single, marks_oops_alive: false
[8284.476s][debug][gc,ref         ] GC(273) Skipped KeepAliveFinalRefsPhase of Reference Processing: no references
[8284.476s][debug][gc,ref         ] GC(273) ReferenceProcessor::execute queues: 1, RefProcThreadModel::Single, marks_oops_alive: false
[8284.476s][debug][gc,phases      ] GC(273) Reference Processing 0.118ms
[8284.476s][debug][gc,phases      ] GC(273)   VM Weak                        Min:  0.0, Avg:  0.0, Max:  0.0, Diff:  0.0, Sum:  0.0, Workers: 4
[8284.476s][debug][gc,phases      ] GC(273)     Dead                           Min: 0, Avg:  0.0, Max: 0, Diff: 0, Sum: 0, Workers: 4
[8284.476s][debug][gc,phases      ] GC(273)     Total                          Min: 0, Avg: 231.5, Max: 693, Diff: 693, Sum: 926, Workers: 4
[8284.476s][debug][gc,phases      ] GC(273)   ObjectSynchronizer Weak        Min:  0.0, Avg:  0.0, Max:  0.0, Diff:  0.0, Sum:  0.0, Workers: 4
[8284.476s][debug][gc,phases      ] GC(273)     Dead                           Min: 0, Avg:  0.0, Max: 0, Diff: 0, Sum: 0, Workers: 4
[8284.476s][debug][gc,phases      ] GC(273)     Total                          Min: 0, Avg:  1.0, Max: 4, Diff: 4, Sum: 4, Workers: 4
[8284.476s][debug][gc,phases      ] GC(273)   JVMTI Tag Weak OopStorage      Min:  0.0, Avg:  0.0, Max:  0.0, Diff:  0.0, Sum:  0.0, Workers: 4
[8284.476s][debug][gc,phases      ] GC(273)     Dead                           Min: 0, Avg:  0.0, Max: 0, Diff: 0, Sum: 0, Workers: 4
[8284.476s][debug][gc,phases      ] GC(273)     Total                          Min: 0, Avg:  0.0, Max: 0, Diff: 0, Sum: 0, Workers: 4
[8284.476s][debug][gc,phases      ] GC(273)   StringTable Weak               Min:  0.0, Avg:  0.1, Max:  0.2, Diff:  0.2, Sum:  0.5, Workers: 4
[8284.476s][debug][gc,phases      ] GC(273)     Dead                           Min: 0, Avg:  0.0, Max: 0, Diff: 0, Sum: 0, Workers: 4
[8284.476s][debug][gc,phases      ] GC(273)     Total                          Min: 0, Avg: 12578.8, Max: 18240, Diff: 18240, Sum: 50315, Workers: 4
[8284.476s][debug][gc,phases      ] GC(273)   ResolvedMethodTable Weak       Min:  0.0, Avg:  0.0, Max:  0.1, Diff:  0.1, Sum:  0.1, Workers: 4
[8284.476s][debug][gc,phases      ] GC(273)     Dead                           Min: 0, Avg:  0.0, Max: 0, Diff: 0, Sum: 0, Workers: 4
[8284.476s][debug][gc,phases      ] GC(273)     Total                          Min: 0, Avg: 3731.8, Max: 5180, Diff: 5180, Sum: 14927, Workers: 4
[8284.476s][debug][gc,phases      ] GC(273)   JNI Weak                       Min:  0.0, Avg:  0.0, Max:  0.0, Diff:  0.0, Sum:  0.0, Workers: 4
[8284.476s][debug][gc,phases      ] GC(273)     Dead                           Min: 0, Avg:  0.0, Max: 0, Diff: 0, Sum: 0, Workers: 4
[8284.476s][debug][gc,phases      ] GC(273)     Total                          Min: 0, Avg: 12.0, Max: 48, Diff: 48, Sum: 48, Workers: 4
[8284.476s][debug][gc,phases      ] GC(273)   StringDedup Table Weak         Min:  0.0, Avg:  0.0, Max:  0.0, Diff:  0.0, Sum:  0.0, Workers: 4
[8284.476s][debug][gc,phases      ] GC(273)     Dead                           Min: 0, Avg:  0.0, Max: 0, Diff: 0, Sum: 0, Workers: 4
[8284.476s][debug][gc,phases      ] GC(273)     Total                          Min: 0, Avg:  0.0, Max: 0, Diff: 0, Sum: 0, Workers: 4
[8284.476s][debug][gc,phases      ] GC(273)   StringDedup Requests0 Weak     Min:  0.0, Avg:  0.0, Max:  0.0, Diff:  0.0, Sum:  0.0, Workers: 4
[8284.476s][debug][gc,phases      ] GC(273)     Dead                           Min: 0, Avg:  0.0, Max: 0, Diff: 0, Sum: 0, Workers: 4
[8284.476s][debug][gc,phases      ] GC(273)     Total                          Min: 0, Avg:  0.0, Max: 0, Diff: 0, Sum: 0, Workers: 4
[8284.476s][debug][gc,phases      ] GC(273)   StringDedup Requests1 Weak     Min:  0.0, Avg:  0.0, Max:  0.0, Diff:  0.0, Sum:  0.0, Workers: 4
[8284.476s][debug][gc,phases      ] GC(273)     Dead                           Min: 0, Avg:  0.0, Max: 0, Diff: 0, Sum: 0, Workers: 4
[8284.476s][debug][gc,phases      ] GC(273)     Total                          Min: 0, Avg:  0.0, Max: 0, Diff: 0, Sum: 0, Workers: 4
[8284.476s][debug][gc,phases      ] GC(273)   Weak JFR Old Object Samples    Min:  0.0, Avg:  0.0, Max:  0.0, Diff:  0.0, Sum:  0.0, Workers: 4
[8284.476s][debug][gc,phases      ] GC(273)     Dead                           Min: 0, Avg:  0.0, Max: 0, Diff: 0, Sum: 0, Workers: 4
[8284.476s][debug][gc,phases      ] GC(273)     Total                          Min: 0, Avg:  0.0, Max: 0, Diff: 0, Sum: 0, Workers: 4
[8284.476s][debug][gc,phases      ] GC(273) Weak Processing 0.476ms
[8284.476s][debug][gc,age         ] GC(273) Desired survivor size 168296448 bytes, new threshold 6 (max threshold 15)
[8284.476s][info ][gc,heap        ] GC(273) PSYoungGen: 1873068K(1932800K)->40194K(1931264K) Eden: 1768448K(1768448K)->0K(1768448K) From: 104620K(164352K)->40194K(162816K)
[8284.476s][info ][gc,heap        ] GC(273) ParOldGen: 568946K(593920K)->633534K(633856K)
[8284.476s][info ][gc,metaspace   ] GC(273) Metaspace: 101913K(103168K)->101913K(103168K) NonClass: 87274K(88000K)->87274K(88000K) Class: 14639K(15168K)->14639K(15168K)
[8284.476s][info ][gc             ] GC(273) Pause Young (Allocation Failure) 2384M->657M(2505M) 42.145ms
[8284.476s][info ][gc,cpu         ] GC(273) User=0.12s Sys=0.03s Real=0.04s
[8284.476s][debug][gc,phases      ] GC(274) Pre Compact 0.010ms
[8284.476s][info ][gc,start       ] GC(274) Pause Full (Ergonomics)
[8284.476s][info ][gc,phases,start] GC(274) Marking Phase
[8284.602s][debug][gc,phases      ] GC(274) Par Mark 125.930ms
[8284.603s][debug][gc,ref         ] GC(274) ReferenceProcessor::execute queues: 4, RefProcThreadModel::Multi, marks_oops_alive: false
[8284.603s][debug][gc,ref         ] GC(274) ReferenceProcessor::execute queues: 4, RefProcThreadModel::Multi, marks_oops_alive: true
[8284.603s][debug][gc,ref         ] GC(274) ReferenceProcessor::execute queues: 1, RefProcThreadModel::Single, marks_oops_alive: false
[8284.603s][debug][gc,phases      ] GC(274) Reference Processing 0.963ms
[8284.603s][debug][gc,phases      ] GC(274)   VM Weak                        Min:  0.0, Avg:  0.0, Max:  0.0, Diff:  0.0, Sum:  0.0, Workers: 4
[8284.603s][debug][gc,phases      ] GC(274)     Dead                           Min: 0, Avg:  0.5, Max: 2, Diff: 2, Sum: 2, Workers: 4
[8284.603s][debug][gc,phases      ] GC(274)     Total                          Min: 0, Avg: 231.5, Max: 436, Diff: 436, Sum: 926, Workers: 4
[8284.603s][debug][gc,phases      ] GC(274)   ObjectSynchronizer Weak        Min:  0.0, Avg:  0.0, Max:  0.0, Diff:  0.0, Sum:  0.0, Workers: 4
[8284.603s][debug][gc,phases      ] GC(274)     Dead                           Min: 0, Avg:  0.0, Max: 0, Diff: 0, Sum: 0, Workers: 4
[8284.603s][debug][gc,phases      ] GC(274)     Total                          Min: 0, Avg:  1.0, Max: 4, Diff: 4, Sum: 4, Workers: 4
[8284.603s][debug][gc,phases      ] GC(274)   JVMTI Tag Weak OopStorage      Min:  0.0, Avg:  0.0, Max:  0.0, Diff:  0.0, Sum:  0.0, Workers: 4
[8284.603s][debug][gc,phases      ] GC(274)     Dead                           Min: 0, Avg:  0.0, Max: 0, Diff: 0, Sum: 0, Workers: 4
[8284.603s][debug][gc,phases      ] GC(274)     Total                          Min: 0, Avg:  0.0, Max: 0, Diff: 0, Sum: 0, Workers: 4
[8284.603s][debug][gc,phases      ] GC(274)   StringTable Weak               Min:  0.2, Avg:  0.2, Max:  0.2, Diff:  0.0, Sum:  0.9, Workers: 4
[8284.603s][debug][gc,phases      ] GC(274)     Dead                           Min: 0, Avg:  0.5, Max: 2, Diff: 2, Sum: 2, Workers: 4
[8284.603s][debug][gc,phases      ] GC(274)     Total                          Min: 8896, Avg: 12578.8, Max: 14976, Diff: 6080, Sum: 50315, Workers: 4
[8284.604s][debug][gc,phases      ] GC(274)   ResolvedMethodTable Weak       Min:  0.1, Avg:  0.1, Max:  0.1, Diff:  0.0, Sum:  0.3, Workers: 4
[8284.604s][debug][gc,phases      ] GC(274)     Dead                           Min: 0, Avg:  0.5, Max: 2, Diff: 2, Sum: 2, Workers: 4
[8284.604s][debug][gc,phases      ] GC(274)     Total                          Min: 3127, Avg: 3731.8, Max: 4286, Diff: 1159, Sum: 14927, Workers: 4
[8284.604s][debug][gc,phases      ] GC(274)   JNI Weak                       Min:  0.0, Avg:  0.0, Max:  0.0, Diff:  0.0, Sum:  0.0, Workers: 4
[8284.604s][debug][gc,phases      ] GC(274)     Dead                           Min: 0, Avg:  0.0, Max: 0, Diff: 0, Sum: 0, Workers: 4
[8284.604s][debug][gc,phases      ] GC(274)     Total                          Min: 0, Avg: 12.0, Max: 48, Diff: 48, Sum: 48, Workers: 4
[8284.604s][debug][gc,phases      ] GC(274)   StringDedup Table Weak         Min:  0.0, Avg:  0.0, Max:  0.0, Diff:  0.0, Sum:  0.0, Workers: 4
[8284.604s][debug][gc,phases      ] GC(274)     Dead                           Min: 0, Avg:  0.0, Max: 0, Diff: 0, Sum: 0, Workers: 4
[8284.604s][debug][gc,phases      ] GC(274)     Total                          Min: 0, Avg:  0.0, Max: 0, Diff: 0, Sum: 0, Workers: 4
[8284.604s][debug][gc,phases      ] GC(274)   StringDedup Requests0 Weak     Min:  0.0, Avg:  0.0, Max:  0.0, Diff:  0.0, Sum:  0.0, Workers: 4
[8284.604s][debug][gc,phases      ] GC(274)     Dead                           Min: 0, Avg:  0.0, Max: 0, Diff: 0, Sum: 0, Workers: 4
[8284.604s][debug][gc,phases      ] GC(274)     Total                          Min: 0, Avg:  0.0, Max: 0, Diff: 0, Sum: 0, Workers: 4
[8284.604s][debug][gc,phases      ] GC(274)   StringDedup Requests1 Weak     Min:  0.0, Avg:  0.0, Max:  0.0, Diff:  0.0, Sum:  0.0, Workers: 4
[8284.604s][debug][gc,phases      ] GC(274)     Dead                           Min: 0, Avg:  0.0, Max: 0, Diff: 0, Sum: 0, Workers: 4
[8284.604s][debug][gc,phases      ] GC(274)     Total                          Min: 0, Avg:  0.0, Max: 0, Diff: 0, Sum: 0, Workers: 4
[8284.604s][debug][gc,phases      ] GC(274)   Weak JFR Old Object Samples    Min:  0.0, Avg:  0.0, Max:  0.0, Diff:  0.0, Sum:  0.0, Workers: 4
[8284.604s][debug][gc,phases      ] GC(274)     Dead                           Min: 0, Avg:  0.0, Max: 0, Diff: 0, Sum: 0, Workers: 4
[8284.604s][debug][gc,phases      ] GC(274)     Total                          Min: 0, Avg:  0.0, Max: 0, Diff: 0, Sum: 0, Workers: 4
[8284.604s][debug][gc,phases      ] GC(274) Weak Processing 0.534ms
[8284.604s][debug][gc,phases      ] GC(274) ClassLoaderData 0.200ms
[8284.604s][debug][gc,phases      ] GC(274) Trigger cleanups 0.008ms
[8284.645s][debug][gc,phases      ] GC(274) Class Unloading 41.732ms
[8284.645s][debug][gc,phases      ] GC(274) Report Object Count 0.001ms
[8284.645s][info ][gc,phases      ] GC(274) Marking Phase 169.299ms
[8284.645s][info ][gc,phases,start] GC(274) Summary Phase
[8284.645s][info ][gc,phases      ] GC(274) Summary Phase 0.022ms
[8284.645s][info ][gc,phases,start] GC(274) Adjust Roots
[8284.660s][info ][gc,phases      ] GC(274) Adjust Roots 14.175ms
[8284.660s][info ][gc,phases,start] GC(274) Compaction Phase
[8284.797s][info ][gc,phases      ] GC(274) Compaction Phase 137.659ms
[8284.797s][info ][gc,phases,start] GC(274) Post Compact
[8284.799s][info ][gc,phases      ] GC(274) Post Compact 2.024ms
[8284.807s][info ][gc,heap        ] GC(274) PSYoungGen: 40194K(1931264K)->0K(1932800K) Eden: 0K(1768448K)->0K(1768448K) From: 40194K(162816K)->0K(164352K)
[8284.807s][info ][gc,heap        ] GC(274) ParOldGen: 633534K(633856K)->403400K(534528K)
[8284.807s][info ][gc,metaspace   ] GC(274) Metaspace: 101913K(103168K)->101910K(103168K) NonClass: 87274K(88000K)->87271K(88000K) Class: 14639K(15168K)->14638K(15168K)
[8284.807s][info ][gc             ] GC(274) Pause Full (Ergonomics) 657M->393M(2409M) 330.579ms
[8284.807s][info ][gc,cpu         ] GC(274) User=1.04s Sys=0.01s Real=0.33s
[8284.807s][info ][safepoint      ] Safepoint "ParallelGCFailedAllocation", Time since last: 3098729258 ns, Reaching safepoint: 83303 ns, Cleanup: 3500 ns, At safepoint: 372874482 ns, Total: 372961285 ns
[8286.807s][info ][safepoint      ] Safepoint "Cleanup", Time since last: 2000119002 ns, Reaching safepoint: 7600 ns, Cleanup: 14001 ns, At safepoint: 27300 ns, Total: 48901 ns
[8289.807s][info ][safepoint      ] Safepoint "Cleanup", Time since last: 3000248158 ns, Reaching safepoint: 7601 ns, Cleanup: 9800 ns, At safepoint: 2300 ns, Total: 19701 ns
[8290.807s][info ][safepoint      ] Safepoint "Cleanup", Time since last: 1000111120 ns, Reaching safepoint: 7101 ns, Cleanup: 13300 ns, At safepoint: 2300 ns, Total: 22701 ns
[8292.808s][info ][safepoint      ] Safepoint "Cleanup", Time since last: 2000201340 ns, Reaching safepoint: 7800 ns, Cleanup: 16601 ns, At safepoint: 3200 ns, Total: 27601 ns
[8294.808s][info ][safepoint      ] Safepoint "Cleanup", Time since last: 2000185679 ns, Reaching safepoint: 7500 ns, Cleanup: 10501 ns, At safepoint: 2900 ns, Total: 20901 ns
[8297.808s][info ][safepoint      ] Safepoint "Cleanup", Time since last: 3000232954 ns, Reaching safepoint: 7001 ns, Cleanup: 13100 ns, At safepoint: 2600 ns, Total: 22701 ns
[8298.808s][info ][safepoint      ] Safepoint "Cleanup", Time since last: 1000122720 ns, Reaching safepoint: 7200 ns, Cleanup: 10501 ns, At safepoint: 2600 ns, Total: 20301 ns
[8299.808s][info ][safepoint      ] Safepoint "Cleanup", Time since last: 1000114519 ns, Reaching safepoint: 7200 ns, Cleanup: 13601 ns, At safepoint: 2900 ns, Total: 23701 ns
[8308.809s][info ][safepoint      ] Safepoint "Cleanup", Time since last: 9000602648 ns, Reaching safepoint: 6700 ns, Cleanup: 9400 ns, At safepoint: 2300 ns, Total: 18400 ns
[8309.809s][info ][safepoint      ] Safepoint "Cleanup", Time since last: 1000123105 ns, Reaching safepoint: 8401 ns, Cleanup: 13000 ns, At safepoint: 2200 ns, Total: 23601 ns
[8309.959s][info ][gc,start       ] GC(275) Pause Young (Allocation Failure)
[8309.970s][debug][gc,phases      ] GC(275) Scavenge 11.367ms
[8309.970s][debug][gc,ref         ] GC(275) ReferenceProcessor::execute queues: 1, RefProcThreadModel::Single, marks_oops_alive: false
[8309.970s][debug][gc,ref         ] GC(275) Skipped KeepAliveFinalRefsPhase of Reference Processing: no references
[8309.970s][debug][gc,ref         ] GC(275) ReferenceProcessor::execute queues: 1, RefProcThreadModel::Single, marks_oops_alive: false
[8309.970s][debug][gc,phases      ] GC(275) Reference Processing 0.146ms
[8309.971s][debug][gc,phases      ] GC(275)   VM Weak                        Min:  0.0, Avg:  0.0, Max:  0.0, Diff:  0.0, Sum:  0.0, Workers: 4
[8309.971s][debug][gc,phases      ] GC(275)     Dead                           Min: 0, Avg:  0.0, Max: 0, Diff: 0, Sum: 0, Workers: 4
[8309.971s][debug][gc,phases      ] GC(275)     Total                          Min: 0, Avg: 232.0, Max: 750, Diff: 750, Sum: 928, Workers: 4
[8309.971s][debug][gc,phases      ] GC(275)   ObjectSynchronizer Weak        Min:  0.0, Avg:  0.0, Max:  0.0, Diff:  0.0, Sum:  0.0, Workers: 4
[8309.971s][debug][gc,phases      ] GC(275)     Dead                           Min: 0, Avg:  0.0, Max: 0, Diff: 0, Sum: 0, Workers: 4
[8309.971s][debug][gc,phases      ] GC(275)     Total                          Min: 0, Avg:  1.0, Max: 4, Diff: 4, Sum: 4, Workers: 4
[8309.971s][debug][gc,phases      ] GC(275)   JVMTI Tag Weak OopStorage      Min:  0.0, Avg:  0.0, Max:  0.0, Diff:  0.0, Sum:  0.0, Workers: 4
[8309.971s][debug][gc,phases      ] GC(275)     Dead                           Min: 0, Avg:  0.0, Max: 0, Diff: 0, Sum: 0, Workers: 4
[8309.971s][debug][gc,phases      ] GC(275)     Total                          Min: 0, Avg:  0.0, Max: 0, Diff: 0, Sum: 0, Workers: 4
[8309.971s][debug][gc,phases      ] GC(275)   StringTable Weak               Min:  0.0, Avg:  0.1, Max:  0.2, Diff:  0.2, Sum:  0.6, Workers: 4
[8309.971s][debug][gc,phases      ] GC(275)     Dead                           Min: 0, Avg:  0.0, Max: 0, Diff: 0, Sum: 0, Workers: 4
[8309.971s][debug][gc,phases      ] GC(275)     Total                          Min: 0, Avg: 12579.5, Max: 22528, Diff: 22528, Sum: 50318, Workers: 4
[8309.971s][debug][gc,phases      ] GC(275)   ResolvedMethodTable Weak       Min:  0.0, Avg:  0.0, Max:  0.0, Diff:  0.0, Sum:  0.1, Workers: 4
[8309.971s][debug][gc,phases      ] GC(275)     Dead                           Min: 0, Avg:  0.2, Max: 1, Diff: 1, Sum: 1, Workers: 4
[8309.971s][debug][gc,phases      ] GC(275)     Total                          Min: 0, Avg: 3735.0, Max: 5089, Diff: 5089, Sum: 14940, Workers: 4
[8309.971s][debug][gc,phases      ] GC(275)   JNI Weak                       Min:  0.0, Avg:  0.0, Max:  0.0, Diff:  0.0, Sum:  0.0, Workers: 4
[8309.971s][debug][gc,phases      ] GC(275)     Dead                           Min: 0, Avg:  0.0, Max: 0, Diff: 0, Sum: 0, Workers: 4
[8309.971s][debug][gc,phases      ] GC(275)     Total                          Min: 0, Avg: 12.0, Max: 48, Diff: 48, Sum: 48, Workers: 4
[8309.971s][debug][gc,phases      ] GC(275)   StringDedup Table Weak         Min:  0.0, Avg:  0.0, Max:  0.0, Diff:  0.0, Sum:  0.0, Workers: 4
[8309.971s][debug][gc,phases      ] GC(275)     Dead                           Min: 0, Avg:  0.0, Max: 0, Diff: 0, Sum: 0, Workers: 4
[8309.971s][debug][gc,phases      ] GC(275)     Total                          Min: 0, Avg:  0.0, Max: 0, Diff: 0, Sum: 0, Workers: 4
[8309.971s][debug][gc,phases      ] GC(275)   StringDedup Requests0 Weak     Min:  0.0, Avg:  0.0, Max:  0.0, Diff:  0.0, Sum:  0.0, Workers: 4
[8309.971s][debug][gc,phases      ] GC(275)     Dead                           Min: 0, Avg:  0.0, Max: 0, Diff: 0, Sum: 0, Workers: 4
[8309.971s][debug][gc,phases      ] GC(275)     Total                          Min: 0, Avg:  0.0, Max: 0, Diff: 0, Sum: 0, Workers: 4
[8309.971s][debug][gc,phases      ] GC(275)   StringDedup Requests1 Weak     Min:  0.0, Avg:  0.0, Max:  0.0, Diff:  0.0, Sum:  0.0, Workers: 4
[8309.971s][debug][gc,phases      ] GC(275)     Dead                           Min: 0, Avg:  0.0, Max: 0, Diff: 0, Sum: 0, Workers: 4
[8309.971s][debug][gc,phases      ] GC(275)     Total                          Min: 0, Avg:  0.0, Max: 0, Diff: 0, Sum: 0, Workers: 4
[8309.971s][debug][gc,phases      ] GC(275)   Weak JFR Old Object Samples    Min:  0.0, Avg:  0.0, Max:  0.0, Diff:  0.0, Sum:  0.0, Workers: 4
[8309.971s][debug][gc,phases      ] GC(275)     Dead                           Min: 0, Avg:  0.0, Max: 0, Diff: 0, Sum: 0, Workers: 4
[8309.971s][debug][gc,phases      ] GC(275)     Total                          Min: 0, Avg:  0.0, Max: 0, Diff: 0, Sum: 0, Workers: 4
[8309.971s][debug][gc,phases      ] GC(275) Weak Processing 0.550ms
[8309.971s][debug][gc,age         ] GC(275) Desired survivor size 170917888 bytes, new threshold 5 (max threshold 15)
[8309.971s][info ][gc,heap        ] GC(275) PSYoungGen: 1768448K(1932800K)->23176K(1927680K) Eden: 1768448K(1768448K)->0K(1763328K) From: 0K(164352K)->23176K(164352K)
[8309.971s][info ][gc,heap        ] GC(275) ParOldGen: 403400K(534528K)->403400K(534528K)
[8309.971s][info ][gc,metaspace   ] GC(275) Metaspace: 101951K(103168K)->101951K(103168K) NonClass: 87308K(88000K)->87308K(88000K) Class: 14642K(15168K)->14642K(15168K)
[8309.971s][info ][gc             ] GC(275) Pause Young (Allocation Failure) 2120M->416M(2404M) 12.219ms
[8309.971s][info ][gc,cpu         ] GC(275) User=0.03s Sys=0.00s Real=0.02s
[8309.971s][info ][safepoint      ] Safepoint "ParallelGCFailedAllocation", Time since last: 149469588 ns, Reaching safepoint: 7900 ns, Cleanup: 3800 ns, At safepoint: 12299894 ns, Total: 12311594 ns
[8312.971s][info ][safepoint      ] Safepoint "Cleanup", Time since last: 3000231403 ns, Reaching safepoint: 7900 ns, Cleanup: 12101 ns, At safepoint: 3000 ns, Total: 23001 ns
[8319.972s][info ][safepoint      ] Safepoint "Cleanup", Time since last: 7000503930 ns, Reaching safepoint: 8400 ns, Cleanup: 12300 ns, At safepoint: 3001 ns, Total: 23701 ns
